
running 1 test
── 随机历史大档 ──
种子 [0, 96)，每段 20 步，比重：各类操作都抽（快档、大档）
历史 96 段：跑完 74、以已知红收尾 {0: 10, 1: 12}、新发现 0；根环转过一圈的 13 段；最高 txg 28
  操作 PublishFirstFile：Ok 24、Err 49、前提不满足没调 37
  操作 PublishOverwrite：Ok 478、Err 69、前提不满足没调 300
  操作 PublishWithoutUnits：Ok 7、Err 0、前提不满足没调 42
  操作 CloseAndMountWritable：Ok 245、Err 63、前提不满足没调 0
  操作 CloseAndMountRollback：Ok 82、Err 144、前提不满足没调 0
  操作 RaiseRollbackFloor：Ok 22、Err 132、前提不满足没调 83
  操作 ColdStartRecover：Ok 77、Err 0、前提不满足没调 0
  内容长度 0 字节：入口被调 64 次、发成 64 次
  内容长度 [1, 载荷容量 − 2]：入口被调 367 次、发成 338 次
  内容长度 数据单元整宽 32768（装不下）：入口被调 30 次、发成 0 次
  内容长度 载荷容量：入口被调 53 次、发成 50 次
  内容长度 载荷容量 + 1（装不下）：入口被调 50 次、发成 0 次
  内容长度 载荷容量 − 1：入口被调 56 次、发成 50 次
  Err 成员 MountError::InstanceRowsOnVersionWithoutFileUnsupported：63 次
  Err 成员 MountError::RaiseNeedsRewrittenInstanceTableUnitInCurrentVersion：34 次
  Err 成员 MountError::RollbackFloorAboveCeiling：98 次
  Err 成员 MountError::RollbackTargetNotACandidate（实例表里那个实例的行 T 更小：这是被抛弃时间线的根）：4 次
  Err 成员 MountError::RollbackTargetNotInRing：42 次
  Err 成员 MountError::RollbackToVersionWithoutFileUnsupported：98 次
  Err 成员 PublishError::ContentExceedsDataUnit：73 次
  Err 成员 PublishError::FirstFileVersionNotRightAfterTheSecondWarmUp：45 次
  前提不满足（没有可写会话）：420 次
  前提不满足（现行版本带文件）：19 次
  前提不满足（现行版本树表 0 条）：23 次
  冷启动结局 FileRead：62 次
  冷启动结局 NoFile：15 次
  一次挂载里最多写出 13 条根；一段历史里最多挂载成功 8 次、最多试挂载 11 次
  抬 F 回收到落点 12 次、共回收 298 个落点；复用已释放的记录 0 条（其中跨度变了 0 条）；已释放的记录被罩住起点 0 条、被删 0 条
  挂载写出的发布比过分配记录 681 次；挂载之前生效根的分配记录读不出、没比的挂载 0 次
  checker 跑了 954 次；一个写都没发、沿用上一次结论的 996 步
  I-1.1：判绿 954 次、不适用 0 次
  I-1.3：判绿 954 次、不适用 0 次
  I-1.4：判绿 954 次、不适用 0 次
  I-1.6：判绿 954 次、不适用 0 次
  I-1.7：判绿 954 次、不适用 0 次
  I-2.1：判绿 954 次、不适用 0 次
  I-2.3：判绿 954 次、不适用 0 次
  I-2.4：判绿 954 次、不适用 0 次
  I-2.5：判绿 954 次、不适用 0 次
  I-3.1：判绿 830 次、不适用 102 次
  I-3.8：判绿 954 次、不适用 0 次
  I-3.9：判绿 852 次、不适用 102 次
  I-4.8：判绿 954 次、不适用 0 次
  I-5.1：判绿 954 次、不适用 0 次
  I-5.2：判绿 852 次、不适用 102 次
  I-5.4：判绿 852 次、不适用 102 次
  I-7.1：判绿 954 次、不适用 0 次
  I-7.2：判绿 954 次、不适用 0 次
  I-7.4：判绿 954 次、不适用 0 次
  I-7.6：判绿 954 次、不适用 0 次
  I-7.7：判绿 954 次、不适用 0 次
  I-7.8：判绿 954 次、不适用 0 次
  I-9.1：判绿 852 次、不适用 102 次
  I-9.2：判绿 852 次、不适用 102 次
  I-9.4：判绿 852 次、不适用 102 次
  I-9.7：判绿 852 次、不适用 102 次
  I-9.10：判绿 852 次、不适用 102 次
  I-9.13：判绿 852 次、不适用 102 次
  I-9.14：判绿 780 次、不适用 174 次
已知红第 0 条（增补 2 收口表第 ② 行（一次挂载转过一整圈根环时 checker 在合法状态上判 I-3.1 红））：10 段；前几个种子 [(12, Operation(18)), (16, Operation(18)), (17, Operation(19)), (21, Operation(16)), (37, Operation(15)), (44, Operation(19)), (61, Operation(18)), (64, Operation(19))]
已知红第 1 条（增补 2 收口表第 43 行）：12 段；前几个种子 [(7, Operation(15)), (15, Operation(15)), (20, Operation(16)), (26, Operation(15)), (46, Operation(11)), (54, Operation(15)), (56, Operation(13)), (62, Operation(18))]
每个新发现的种子：[]
用时 1.7 秒
test random_histories_large_tier_seeds_and_length_from_the_environment ... ok

test result: ok. 1 passed; 0 failed; 0 ignored; 0 measured; 7 filtered out; finished in 1.73s

    Finished `release` profile [optimized + debuginfo] target(s) in 0.00s
     Running tests/second_transaction_supplement_three_random_history.rs (target/release/deps/second_transaction_supplement_three_random_history-febc0246c8ac82b5)
