
running 1 test
MIN mode=BothDevices k=0/74 M1取号=2 翻之后式子: 系统配置最大实例=1 根环最大实例=1 ⇒ 取号=2；（式子不读的）journal 环里最大实例=1 M2取号=2 M2之前红=[] M2之后红=[]
MIN mode=BothDevices k=1/74 M1取号=2 翻之后式子: 系统配置最大实例=1 根环最大实例=1 ⇒ 取号=2；（式子不读的）journal 环里最大实例=1 M2取号=2 M2之前红=[] M2之后红=[]
MIN mode=BothDevices k=2/74 M1取号=2 翻之后式子: 系统配置最大实例=1 根环最大实例=1 ⇒ 取号=2；（式子不读的）journal 环里最大实例=1 M2取号=2 M2之前红=[] M2之后红=[]
MIN mode=BothDevices k=3/74 M1取号=2 翻之后式子: 系统配置最大实例=1 根环最大实例=1 ⇒ 取号=2；（式子不读的）journal 环里最大实例=1 M2取号=2 M2之前红=[] M2之后红=[]
MIN mode=BothDevices k=4/74 M1取号=2 翻之后式子: 系统配置最大实例=1 根环最大实例=1 ⇒ 取号=2；（式子不读的）journal 环里最大实例=1 M2取号=2 M2之前红=["I-7.7"] M2之后红=[]
MIN mode=BothDevices k=5/74 M1取号=2 翻之后式子: 系统配置最大实例=1 根环最大实例=1 ⇒ 取号=2；（式子不读的）journal 环里最大实例=1 M2取号=2 M2之前红=["I-7.7"] M2之后红=[]
MIN mode=BothDevices k=6/74 M1取号=2 翻之后式子: 系统配置最大实例=1 根环最大实例=1 ⇒ 取号=2；（式子不读的）journal 环里最大实例=1 M2取号=2 M2之前红=["I-7.7"] M2之后红=[]
MIN mode=BothDevices k=7/74 M1取号=2 翻之后式子: 系统配置最大实例=1 根环最大实例=1 ⇒ 取号=2；（式子不读的）journal 环里最大实例=1 M2取号=2 M2之前红=["I-7.7"] M2之后红=[]
MIN mode=BothDevices k=8/74 M1取号=2 翻之后式子: 系统配置最大实例=1 根环最大实例=1 ⇒ 取号=2；（式子不读的）journal 环里最大实例=1 M2取号=2 M2之前红=["I-7.7"] M2之后红=[]
MIN mode=BothDevices k=9/74 M1取号=2 翻之后式子: 系统配置最大实例=1 根环最大实例=1 ⇒ 取号=2；（式子不读的）journal 环里最大实例=1 M2取号=2 M2之前红=["I-7.7"] M2之后红=[]
MIN mode=BothDevices k=10/74 M1取号=2 翻之后式子: 系统配置最大实例=1 根环最大实例=1 ⇒ 取号=2；（式子不读的）journal 环里最大实例=1 M2取号=2 M2之前红=["I-7.7"] M2之后红=[]
MIN mode=BothDevices k=11/74 M1取号=2 翻之后式子: 系统配置最大实例=1 根环最大实例=1 ⇒ 取号=2；（式子不读的）journal 环里最大实例=1 M2取号=2 M2之前红=["I-7.7"] M2之后红=[]
MIN mode=BothDevices k=12/74 M1取号=2 翻之后式子: 系统配置最大实例=1 根环最大实例=1 ⇒ 取号=2；（式子不读的）journal 环里最大实例=1 M2取号=2 M2之前红=["I-7.7"] M2之后红=[]
MIN mode=BothDevices k=13/74 M1取号=2 翻之后式子: 系统配置最大实例=1 根环最大实例=1 ⇒ 取号=2；（式子不读的）journal 环里最大实例=1 M2取号=2 M2之前红=["I-7.7"] M2之后红=[]
MIN mode=BothDevices k=14/74 M1取号=2 翻之后式子: 系统配置最大实例=1 根环最大实例=1 ⇒ 取号=2；（式子不读的）journal 环里最大实例=1 M2取号=2 M2之前红=["I-7.7"] M2之后红=[]
MIN mode=BothDevices k=15/74 M1取号=2 翻之后式子: 系统配置最大实例=1 根环最大实例=1 ⇒ 取号=2；（式子不读的）journal 环里最大实例=1 M2取号=2 M2之前红=["I-7.7"] M2之后红=[]
MIN mode=BothDevices k=16/74 M1取号=2 翻之后式子: 系统配置最大实例=1 根环最大实例=1 ⇒ 取号=2；（式子不读的）journal 环里最大实例=1 M2取号=2 M2之前红=["I-7.7"] M2之后红=[]
MIN mode=BothDevices k=17/74 M1取号=2 翻之后式子: 系统配置最大实例=1 根环最大实例=1 ⇒ 取号=2；（式子不读的）journal 环里最大实例=1 M2取号=2 M2之前红=["I-7.7"] M2之后红=[]
MIN mode=BothDevices k=18/74 M1取号=2 翻之后式子: 系统配置最大实例=1 根环最大实例=1 ⇒ 取号=2；（式子不读的）journal 环里最大实例=1 M2取号=2 M2之前红=["I-7.7"] M2之后红=[]
MIN mode=BothDevices k=19/74 M1取号=2 翻之后式子: 系统配置最大实例=1 根环最大实例=1 ⇒ 取号=2；（式子不读的）journal 环里最大实例=1 M2取号=2 M2之前红=["I-7.7"] M2之后红=[]
MIN mode=BothDevices k=20/74 M1取号=2 翻之后式子: 系统配置最大实例=1 根环最大实例=1 ⇒ 取号=2；（式子不读的）journal 环里最大实例=1 M2取号=2 M2之前红=["I-7.7"] M2之后红=[]
MIN mode=BothDevices k=21/74 M1取号=2 翻之后式子: 系统配置最大实例=1 根环最大实例=1 ⇒ 取号=2；（式子不读的）journal 环里最大实例=1 M2取号=2 M2之前红=["I-7.7"] M2之后红=[]
MIN mode=BothDevices k=22/74 M1取号=2 翻之后式子: 系统配置最大实例=1 根环最大实例=1 ⇒ 取号=2；（式子不读的）journal 环里最大实例=1 M2取号=2 M2之前红=["I-7.7"] M2之后红=[]
MIN mode=BothDevices k=23/74 M1取号=2 翻之后式子: 系统配置最大实例=1 根环最大实例=1 ⇒ 取号=2；（式子不读的）journal 环里最大实例=2 M2取号=3 M2之前红=["I-7.7"] M2之后红=[]
MIN mode=BothDevices k=24/74 M1取号=2 翻之后式子: 系统配置最大实例=1 根环最大实例=1 ⇒ 取号=2；（式子不读的）journal 环里最大实例=2 M2取号=3 M2之前红=["I-7.7"] M2之后红=[]
MIN mode=BothDevices k=25/74 M1取号=2 翻之后式子: 系统配置最大实例=1 根环最大实例=1 ⇒ 取号=2；（式子不读的）journal 环里最大实例=2 M2取号=3 M2之前红=["I-7.7"] M2之后红=[]
MIN mode=BothDevices k=26/74 M1取号=2 翻之后式子: 系统配置最大实例=1 根环最大实例=2 ⇒ 取号=3；（式子不读的）journal 环里最大实例=2 M2取号=3 M2之前红=["I-7.7"] M2之后红=[]
MIN mode=BothDevices k=27/74 M1取号=2 翻之后式子: 系统配置最大实例=2 根环最大实例=2 ⇒ 取号=3；（式子不读的）journal 环里最大实例=2 M2取号=3 M2之前红=["I-7.7"] M2之后红=[]
MIN mode=BothDevices k=28/74 M1取号=2 翻之后式子: 系统配置最大实例=2 根环最大实例=2 ⇒ 取号=3；（式子不读的）journal 环里最大实例=2 M2取号=3 M2之前红=[] M2之后红=[]
MIN mode=BothDevices k=29/74 M1取号=2 翻之后式子: 系统配置最大实例=2 根环最大实例=2 ⇒ 取号=3；（式子不读的）journal 环里最大实例=2 M2取号=3 M2之前红=[] M2之后红=[]
MIN mode=BothDevices k=30/74 M1取号=2 翻之后式子: 系统配置最大实例=2 根环最大实例=2 ⇒ 取号=3；（式子不读的）journal 环里最大实例=2 M2取号=3 M2之前红=[] M2之后红=[]
MIN mode=BothDevices k=31/74 M1取号=2 翻之后式子: 系统配置最大实例=2 根环最大实例=2 ⇒ 取号=3；（式子不读的）journal 环里最大实例=2 M2取号=3 M2之前红=[] M2之后红=[]
MIN mode=BothDevices k=32/74 M1取号=2 翻之后式子: 系统配置最大实例=2 根环最大实例=2 ⇒ 取号=3；（式子不读的）journal 环里最大实例=2 M2取号=3 M2之前红=[] M2之后红=[]
MIN mode=BothDevices k=33/74 M1取号=2 翻之后式子: 系统配置最大实例=2 根环最大实例=2 ⇒ 取号=3；（式子不读的）journal 环里最大实例=2 M2取号=3 M2之前红=[] M2之后红=[]
MIN mode=BothDevices k=34/74 M1取号=2 翻之后式子: 系统配置最大实例=2 根环最大实例=2 ⇒ 取号=3；（式子不读的）journal 环里最大实例=2 M2取号=3 M2之前红=[] M2之后红=[]
MIN mode=BothDevices k=35/74 M1取号=2 翻之后式子: 系统配置最大实例=2 根环最大实例=2 ⇒ 取号=3；（式子不读的）journal 环里最大实例=2 M2取号=3 M2之前红=[] M2之后红=[]
MIN mode=BothDevices k=36/74 M1取号=2 翻之后式子: 系统配置最大实例=2 根环最大实例=2 ⇒ 取号=3；（式子不读的）journal 环里最大实例=2 M2取号=3 M2之前红=[] M2之后红=[]
MIN mode=BothDevices k=37/74 M1取号=2 翻之后式子: 系统配置最大实例=2 根环最大实例=2 ⇒ 取号=3；（式子不读的）journal 环里最大实例=2 M2取号=3 M2之前红=[] M2之后红=[]
MIN mode=BothDevices k=38/74 M1取号=2 翻之后式子: 系统配置最大实例=2 根环最大实例=2 ⇒ 取号=3；（式子不读的）journal 环里最大实例=2 M2取号=3 M2之前红=[] M2之后红=[]
MIN mode=BothDevices k=39/74 M1取号=2 翻之后式子: 系统配置最大实例=2 根环最大实例=2 ⇒ 取号=3；（式子不读的）journal 环里最大实例=2 M2取号=3 M2之前红=[] M2之后红=[]
MIN mode=BothDevices k=40/74 M1取号=2 翻之后式子: 系统配置最大实例=2 根环最大实例=2 ⇒ 取号=3；（式子不读的）journal 环里最大实例=2 M2取号=3 M2之前红=[] M2之后红=[]
MIN mode=BothDevices k=41/74 M1取号=2 翻之后式子: 系统配置最大实例=2 根环最大实例=2 ⇒ 取号=3；（式子不读的）journal 环里最大实例=2 M2取号=3 M2之前红=[] M2之后红=[]
MIN mode=BothDevices k=42/74 M1取号=2 翻之后式子: 系统配置最大实例=2 根环最大实例=2 ⇒ 取号=3；（式子不读的）journal 环里最大实例=2 M2取号=3 M2之前红=[] M2之后红=[]
MIN mode=BothDevices k=43/74 M1取号=2 翻之后式子: 系统配置最大实例=2 根环最大实例=2 ⇒ 取号=3；（式子不读的）journal 环里最大实例=2 M2取号=3 M2之前红=[] M2之后红=[]
MIN mode=BothDevices k=44/74 M1取号=2 翻之后式子: 系统配置最大实例=2 根环最大实例=2 ⇒ 取号=3；（式子不读的）journal 环里最大实例=2 M2取号=3 M2之前红=[] M2之后红=[]
MIN mode=BothDevices k=45/74 M1取号=2 翻之后式子: 系统配置最大实例=2 根环最大实例=2 ⇒ 取号=3；（式子不读的）journal 环里最大实例=2 M2取号=3 M2之前红=[] M2之后红=[]
MIN mode=BothDevices k=46/74 M1取号=2 翻之后式子: 系统配置最大实例=2 根环最大实例=2 ⇒ 取号=3；（式子不读的）journal 环里最大实例=2 M2取号=3 M2之前红=[] M2之后红=[]
MIN mode=BothDevices k=47/74 M1取号=2 翻之后式子: 系统配置最大实例=2 根环最大实例=2 ⇒ 取号=3；（式子不读的）journal 环里最大实例=2 M2取号=3 M2之前红=[] M2之后红=[]
MIN mode=BothDevices k=48/74 M1取号=2 翻之后式子: 系统配置最大实例=2 根环最大实例=2 ⇒ 取号=3；（式子不读的）journal 环里最大实例=2 M2取号=3 M2之前红=[] M2之后红=[]
MIN mode=BothDevices k=49/74 M1取号=2 翻之后式子: 系统配置最大实例=2 根环最大实例=2 ⇒ 取号=3；（式子不读的）journal 环里最大实例=2 M2取号=3 M2之前红=[] M2之后红=[]
MIN mode=BothDevices k=50/74 M1取号=2 翻之后式子: 系统配置最大实例=2 根环最大实例=2 ⇒ 取号=3；（式子不读的）journal 环里最大实例=2 M2取号=3 M2之前红=[] M2之后红=[]
MIN mode=BothDevices k=51/74 M1取号=2 翻之后式子: 系统配置最大实例=2 根环最大实例=2 ⇒ 取号=3；（式子不读的）journal 环里最大实例=2 M2取号=3 M2之前红=[] M2之后红=[]
MIN mode=BothDevices k=52/74 M1取号=2 翻之后式子: 系统配置最大实例=2 根环最大实例=2 ⇒ 取号=3；（式子不读的）journal 环里最大实例=2 M2取号=3 M2之前红=[] M2之后红=[]
MIN mode=BothDevices k=53/74 M1取号=2 翻之后式子: 系统配置最大实例=2 根环最大实例=2 ⇒ 取号=3；（式子不读的）journal 环里最大实例=2 M2取号=3 M2之前红=[] M2之后红=[]
MIN mode=BothDevices k=54/74 M1取号=2 翻之后式子: 系统配置最大实例=2 根环最大实例=2 ⇒ 取号=3；（式子不读的）journal 环里最大实例=2 M2取号=3 M2之前红=[] M2之后红=[]
MIN mode=BothDevices k=55/74 M1取号=2 翻之后式子: 系统配置最大实例=2 根环最大实例=2 ⇒ 取号=3；（式子不读的）journal 环里最大实例=2 M2取号=3 M2之前红=[] M2之后红=[]
MIN mode=BothDevices k=56/74 M1取号=2 翻之后式子: 系统配置最大实例=2 根环最大实例=2 ⇒ 取号=3；（式子不读的）journal 环里最大实例=2 M2取号=3 M2之前红=[] M2之后红=[]
MIN mode=BothDevices k=57/74 M1取号=2 翻之后式子: 系统配置最大实例=2 根环最大实例=2 ⇒ 取号=3；（式子不读的）journal 环里最大实例=2 M2取号=3 M2之前红=[] M2之后红=[]
MIN mode=BothDevices k=58/74 M1取号=2 翻之后式子: 系统配置最大实例=2 根环最大实例=2 ⇒ 取号=3；（式子不读的）journal 环里最大实例=2 M2取号=3 M2之前红=[] M2之后红=[]
MIN mode=BothDevices k=59/74 M1取号=2 翻之后式子: 系统配置最大实例=2 根环最大实例=2 ⇒ 取号=3；（式子不读的）journal 环里最大实例=2 M2取号=3 M2之前红=[] M2之后红=[]
MIN mode=BothDevices k=60/74 M1取号=2 翻之后式子: 系统配置最大实例=2 根环最大实例=2 ⇒ 取号=3；（式子不读的）journal 环里最大实例=2 M2取号=3 M2之前红=[] M2之后红=[]
MIN mode=BothDevices k=61/74 M1取号=2 翻之后式子: 系统配置最大实例=2 根环最大实例=2 ⇒ 取号=3；（式子不读的）journal 环里最大实例=2 M2取号=3 M2之前红=[] M2之后红=[]
MIN mode=BothDevices k=62/74 M1取号=2 翻之后式子: 系统配置最大实例=2 根环最大实例=2 ⇒ 取号=3；（式子不读的）journal 环里最大实例=2 M2取号=3 M2之前红=[] M2之后红=[]
MIN mode=BothDevices k=63/74 M1取号=2 翻之后式子: 系统配置最大实例=2 根环最大实例=2 ⇒ 取号=3；（式子不读的）journal 环里最大实例=2 M2取号=3 M2之前红=[] M2之后红=[]
MIN mode=BothDevices k=64/74 M1取号=2 翻之后式子: 系统配置最大实例=2 根环最大实例=2 ⇒ 取号=3；（式子不读的）journal 环里最大实例=2 M2取号=3 M2之前红=[] M2之后红=[]
MIN mode=BothDevices k=65/74 M1取号=2 翻之后式子: 系统配置最大实例=2 根环最大实例=2 ⇒ 取号=3；（式子不读的）journal 环里最大实例=2 M2取号=3 M2之前红=[] M2之后红=[]
MIN mode=BothDevices k=66/74 M1取号=2 翻之后式子: 系统配置最大实例=2 根环最大实例=2 ⇒ 取号=3；（式子不读的）journal 环里最大实例=2 M2取号=3 M2之前红=[] M2之后红=[]
MIN mode=BothDevices k=67/74 M1取号=2 翻之后式子: 系统配置最大实例=2 根环最大实例=2 ⇒ 取号=3；（式子不读的）journal 环里最大实例=2 M2取号=3 M2之前红=[] M2之后红=[]
MIN mode=BothDevices k=68/74 M1取号=2 翻之后式子: 系统配置最大实例=2 根环最大实例=2 ⇒ 取号=3；（式子不读的）journal 环里最大实例=2 M2取号=3 M2之前红=[] M2之后红=[]
MIN mode=BothDevices k=69/74 M1取号=2 翻之后式子: 系统配置最大实例=2 根环最大实例=2 ⇒ 取号=3；（式子不读的）journal 环里最大实例=2 M2取号=3 M2之前红=[] M2之后红=[]
MIN mode=BothDevices k=70/74 M1取号=2 翻之后式子: 系统配置最大实例=2 根环最大实例=2 ⇒ 取号=3；（式子不读的）journal 环里最大实例=2 M2取号=3 M2之前红=[] M2之后红=[]
MIN mode=BothDevices k=71/74 M1取号=2 翻之后式子: 系统配置最大实例=2 根环最大实例=2 ⇒ 取号=3；（式子不读的）journal 环里最大实例=2 M2取号=3 M2之前红=[] M2之后红=[]
MIN mode=BothDevices k=72/74 M1取号=2 翻之后式子: 系统配置最大实例=2 根环最大实例=2 ⇒ 取号=3；（式子不读的）journal 环里最大实例=2 M2取号=3 M2之前红=[] M2之后红=[]
MIN mode=BothDevices k=73/74 M1取号=2 翻之后式子: 系统配置最大实例=2 根环最大实例=2 ⇒ 取号=3；（式子不读的）journal 环里最大实例=2 M2取号=3 M2之前红=[] M2之后红=[]
MIN mode=BothDevices k=74/74 M1取号=2 翻之后式子: 系统配置最大实例=2 根环最大实例=2 ⇒ 取号=3；（式子不读的）journal 环里最大实例=2 M2取号=3 M2之前红=[] M2之后红=[]
MIN summary mode=BothDevices 录制流 74 条 M2之后 I-8.6 红的 k = []
MIN mode=OnlyDevice0 k=0/74 M1取号=2 翻之后式子: 系统配置最大实例=1 根环最大实例=1 ⇒ 取号=2；（式子不读的）journal 环里最大实例=1 M2取号=2 M2之前红=[] M2之后红=[]
MIN mode=OnlyDevice0 k=1/74 M1取号=2 翻之后式子: 系统配置最大实例=1 根环最大实例=1 ⇒ 取号=2；（式子不读的）journal 环里最大实例=1 M2取号=2 M2之前红=[] M2之后红=[]
MIN mode=OnlyDevice0 k=2/74 M1取号=2 翻之后式子: 系统配置最大实例=2 根环最大实例=1 ⇒ 取号=3；（式子不读的）journal 环里最大实例=1 M2取号=3 M2之前红=[] M2之后红=[]
MIN mode=OnlyDevice0 k=3/74 M1取号=2 翻之后式子: 系统配置最大实例=2 根环最大实例=1 ⇒ 取号=3；（式子不读的）journal 环里最大实例=1 M2取号=3 M2之前红=[] M2之后红=[]
MIN mode=OnlyDevice0 k=4/74 M1取号=2 翻之后式子: 系统配置最大实例=2 根环最大实例=1 ⇒ 取号=3；（式子不读的）journal 环里最大实例=1 M2取号=3 M2之前红=["I-7.7"] M2之后红=[]
MIN mode=OnlyDevice0 k=5/74 M1取号=2 翻之后式子: 系统配置最大实例=2 根环最大实例=1 ⇒ 取号=3；（式子不读的）journal 环里最大实例=1 M2取号=3 M2之前红=["I-7.7"] M2之后红=[]
MIN mode=OnlyDevice0 k=6/74 M1取号=2 翻之后式子: 系统配置最大实例=2 根环最大实例=1 ⇒ 取号=3；（式子不读的）journal 环里最大实例=1 M2取号=3 M2之前红=["I-7.7"] M2之后红=[]
MIN mode=OnlyDevice0 k=7/74 M1取号=2 翻之后式子: 系统配置最大实例=2 根环最大实例=1 ⇒ 取号=3；（式子不读的）journal 环里最大实例=1 M2取号=3 M2之前红=["I-7.7"] M2之后红=[]
MIN mode=OnlyDevice0 k=8/74 M1取号=2 翻之后式子: 系统配置最大实例=2 根环最大实例=1 ⇒ 取号=3；（式子不读的）journal 环里最大实例=1 M2取号=3 M2之前红=["I-7.7"] M2之后红=[]
MIN mode=OnlyDevice0 k=9/74 M1取号=2 翻之后式子: 系统配置最大实例=2 根环最大实例=1 ⇒ 取号=3；（式子不读的）journal 环里最大实例=1 M2取号=3 M2之前红=["I-7.7"] M2之后红=[]
MIN mode=OnlyDevice0 k=10/74 M1取号=2 翻之后式子: 系统配置最大实例=2 根环最大实例=1 ⇒ 取号=3；（式子不读的）journal 环里最大实例=1 M2取号=3 M2之前红=["I-7.7"] M2之后红=[]
MIN mode=OnlyDevice0 k=11/74 M1取号=2 翻之后式子: 系统配置最大实例=2 根环最大实例=1 ⇒ 取号=3；（式子不读的）journal 环里最大实例=1 M2取号=3 M2之前红=["I-7.7"] M2之后红=[]
MIN mode=OnlyDevice0 k=12/74 M1取号=2 翻之后式子: 系统配置最大实例=2 根环最大实例=1 ⇒ 取号=3；（式子不读的）journal 环里最大实例=1 M2取号=3 M2之前红=["I-7.7"] M2之后红=[]
MIN mode=OnlyDevice0 k=13/74 M1取号=2 翻之后式子: 系统配置最大实例=2 根环最大实例=1 ⇒ 取号=3；（式子不读的）journal 环里最大实例=1 M2取号=3 M2之前红=["I-7.7"] M2之后红=[]
MIN mode=OnlyDevice0 k=14/74 M1取号=2 翻之后式子: 系统配置最大实例=2 根环最大实例=1 ⇒ 取号=3；（式子不读的）journal 环里最大实例=1 M2取号=3 M2之前红=["I-7.7"] M2之后红=[]
MIN mode=OnlyDevice0 k=15/74 M1取号=2 翻之后式子: 系统配置最大实例=2 根环最大实例=1 ⇒ 取号=3；（式子不读的）journal 环里最大实例=1 M2取号=3 M2之前红=["I-7.7"] M2之后红=[]
MIN mode=OnlyDevice0 k=16/74 M1取号=2 翻之后式子: 系统配置最大实例=2 根环最大实例=1 ⇒ 取号=3；（式子不读的）journal 环里最大实例=1 M2取号=3 M2之前红=["I-7.7"] M2之后红=[]
MIN mode=OnlyDevice0 k=17/74 M1取号=2 翻之后式子: 系统配置最大实例=2 根环最大实例=1 ⇒ 取号=3；（式子不读的）journal 环里最大实例=1 M2取号=3 M2之前红=["I-7.7"] M2之后红=[]
MIN mode=OnlyDevice0 k=18/74 M1取号=2 翻之后式子: 系统配置最大实例=2 根环最大实例=1 ⇒ 取号=3；（式子不读的）journal 环里最大实例=1 M2取号=3 M2之前红=["I-7.7"] M2之后红=[]
MIN mode=OnlyDevice0 k=19/74 M1取号=2 翻之后式子: 系统配置最大实例=2 根环最大实例=1 ⇒ 取号=3；（式子不读的）journal 环里最大实例=1 M2取号=3 M2之前红=["I-7.7"] M2之后红=[]
MIN mode=OnlyDevice0 k=20/74 M1取号=2 翻之后式子: 系统配置最大实例=2 根环最大实例=1 ⇒ 取号=3；（式子不读的）journal 环里最大实例=1 M2取号=3 M2之前红=["I-7.7"] M2之后红=[]
MIN mode=OnlyDevice0 k=21/74 M1取号=2 翻之后式子: 系统配置最大实例=2 根环最大实例=1 ⇒ 取号=3；（式子不读的）journal 环里最大实例=1 M2取号=3 M2之前红=["I-7.7"] M2之后红=[]
MIN mode=OnlyDevice0 k=22/74 M1取号=2 翻之后式子: 系统配置最大实例=2 根环最大实例=1 ⇒ 取号=3；（式子不读的）journal 环里最大实例=1 M2取号=3 M2之前红=["I-7.7"] M2之后红=[]
MIN mode=OnlyDevice0 k=23/74 M1取号=2 翻之后式子: 系统配置最大实例=2 根环最大实例=1 ⇒ 取号=3；（式子不读的）journal 环里最大实例=2 M2取号=3 M2之前红=["I-7.7"] M2之后红=[]
MIN mode=OnlyDevice0 k=24/74 M1取号=2 翻之后式子: 系统配置最大实例=2 根环最大实例=1 ⇒ 取号=3；（式子不读的）journal 环里最大实例=2 M2取号=3 M2之前红=["I-7.7"] M2之后红=[]
MIN mode=OnlyDevice0 k=25/74 M1取号=2 翻之后式子: 系统配置最大实例=2 根环最大实例=1 ⇒ 取号=3；（式子不读的）journal 环里最大实例=2 M2取号=3 M2之前红=["I-7.7"] M2之后红=[]
MIN mode=OnlyDevice0 k=26/74 M1取号=2 翻之后式子: 系统配置最大实例=2 根环最大实例=2 ⇒ 取号=3；（式子不读的）journal 环里最大实例=2 M2取号=3 M2之前红=["I-7.7"] M2之后红=[]
MIN mode=OnlyDevice0 k=27/74 M1取号=2 翻之后式子: 系统配置最大实例=2 根环最大实例=2 ⇒ 取号=3；（式子不读的）journal 环里最大实例=2 M2取号=3 M2之前红=[] M2之后红=[]
MIN mode=OnlyDevice0 k=28/74 M1取号=2 翻之后式子: 系统配置最大实例=2 根环最大实例=2 ⇒ 取号=3；（式子不读的）journal 环里最大实例=2 M2取号=3 M2之前红=[] M2之后红=[]
MIN mode=OnlyDevice0 k=29/74 M1取号=2 翻之后式子: 系统配置最大实例=2 根环最大实例=2 ⇒ 取号=3；（式子不读的）journal 环里最大实例=2 M2取号=3 M2之前红=[] M2之后红=[]
MIN mode=OnlyDevice0 k=30/74 M1取号=2 翻之后式子: 系统配置最大实例=2 根环最大实例=2 ⇒ 取号=3；（式子不读的）journal 环里最大实例=2 M2取号=3 M2之前红=[] M2之后红=[]
MIN mode=OnlyDevice0 k=31/74 M1取号=2 翻之后式子: 系统配置最大实例=2 根环最大实例=2 ⇒ 取号=3；（式子不读的）journal 环里最大实例=2 M2取号=3 M2之前红=[] M2之后红=[]
MIN mode=OnlyDevice0 k=32/74 M1取号=2 翻之后式子: 系统配置最大实例=2 根环最大实例=2 ⇒ 取号=3；（式子不读的）journal 环里最大实例=2 M2取号=3 M2之前红=[] M2之后红=[]
MIN mode=OnlyDevice0 k=33/74 M1取号=2 翻之后式子: 系统配置最大实例=2 根环最大实例=2 ⇒ 取号=3；（式子不读的）journal 环里最大实例=2 M2取号=3 M2之前红=[] M2之后红=[]
MIN mode=OnlyDevice0 k=34/74 M1取号=2 翻之后式子: 系统配置最大实例=2 根环最大实例=2 ⇒ 取号=3；（式子不读的）journal 环里最大实例=2 M2取号=3 M2之前红=[] M2之后红=[]
MIN mode=OnlyDevice0 k=35/74 M1取号=2 翻之后式子: 系统配置最大实例=2 根环最大实例=2 ⇒ 取号=3；（式子不读的）journal 环里最大实例=2 M2取号=3 M2之前红=[] M2之后红=[]
MIN mode=OnlyDevice0 k=36/74 M1取号=2 翻之后式子: 系统配置最大实例=2 根环最大实例=2 ⇒ 取号=3；（式子不读的）journal 环里最大实例=2 M2取号=3 M2之前红=[] M2之后红=[]
MIN mode=OnlyDevice0 k=37/74 M1取号=2 翻之后式子: 系统配置最大实例=2 根环最大实例=2 ⇒ 取号=3；（式子不读的）journal 环里最大实例=2 M2取号=3 M2之前红=[] M2之后红=[]
MIN mode=OnlyDevice0 k=38/74 M1取号=2 翻之后式子: 系统配置最大实例=2 根环最大实例=2 ⇒ 取号=3；（式子不读的）journal 环里最大实例=2 M2取号=3 M2之前红=[] M2之后红=[]
MIN mode=OnlyDevice0 k=39/74 M1取号=2 翻之后式子: 系统配置最大实例=2 根环最大实例=2 ⇒ 取号=3；（式子不读的）journal 环里最大实例=2 M2取号=3 M2之前红=[] M2之后红=[]
MIN mode=OnlyDevice0 k=40/74 M1取号=2 翻之后式子: 系统配置最大实例=2 根环最大实例=2 ⇒ 取号=3；（式子不读的）journal 环里最大实例=2 M2取号=3 M2之前红=[] M2之后红=[]
MIN mode=OnlyDevice0 k=41/74 M1取号=2 翻之后式子: 系统配置最大实例=2 根环最大实例=2 ⇒ 取号=3；（式子不读的）journal 环里最大实例=2 M2取号=3 M2之前红=[] M2之后红=[]
MIN mode=OnlyDevice0 k=42/74 M1取号=2 翻之后式子: 系统配置最大实例=2 根环最大实例=2 ⇒ 取号=3；（式子不读的）journal 环里最大实例=2 M2取号=3 M2之前红=[] M2之后红=[]
MIN mode=OnlyDevice0 k=43/74 M1取号=2 翻之后式子: 系统配置最大实例=2 根环最大实例=2 ⇒ 取号=3；（式子不读的）journal 环里最大实例=2 M2取号=3 M2之前红=[] M2之后红=[]
MIN mode=OnlyDevice0 k=44/74 M1取号=2 翻之后式子: 系统配置最大实例=2 根环最大实例=2 ⇒ 取号=3；（式子不读的）journal 环里最大实例=2 M2取号=3 M2之前红=[] M2之后红=[]
MIN mode=OnlyDevice0 k=45/74 M1取号=2 翻之后式子: 系统配置最大实例=2 根环最大实例=2 ⇒ 取号=3；（式子不读的）journal 环里最大实例=2 M2取号=3 M2之前红=[] M2之后红=[]
MIN mode=OnlyDevice0 k=46/74 M1取号=2 翻之后式子: 系统配置最大实例=2 根环最大实例=2 ⇒ 取号=3；（式子不读的）journal 环里最大实例=2 M2取号=3 M2之前红=[] M2之后红=[]
MIN mode=OnlyDevice0 k=47/74 M1取号=2 翻之后式子: 系统配置最大实例=2 根环最大实例=2 ⇒ 取号=3；（式子不读的）journal 环里最大实例=2 M2取号=3 M2之前红=[] M2之后红=[]
MIN mode=OnlyDevice0 k=48/74 M1取号=2 翻之后式子: 系统配置最大实例=2 根环最大实例=2 ⇒ 取号=3；（式子不读的）journal 环里最大实例=2 M2取号=3 M2之前红=[] M2之后红=[]
MIN mode=OnlyDevice0 k=49/74 M1取号=2 翻之后式子: 系统配置最大实例=2 根环最大实例=2 ⇒ 取号=3；（式子不读的）journal 环里最大实例=2 M2取号=3 M2之前红=[] M2之后红=[]
MIN mode=OnlyDevice0 k=50/74 M1取号=2 翻之后式子: 系统配置最大实例=2 根环最大实例=2 ⇒ 取号=3；（式子不读的）journal 环里最大实例=2 M2取号=3 M2之前红=[] M2之后红=[]
MIN mode=OnlyDevice0 k=51/74 M1取号=2 翻之后式子: 系统配置最大实例=2 根环最大实例=2 ⇒ 取号=3；（式子不读的）journal 环里最大实例=2 M2取号=3 M2之前红=[] M2之后红=[]
MIN mode=OnlyDevice0 k=52/74 M1取号=2 翻之后式子: 系统配置最大实例=2 根环最大实例=2 ⇒ 取号=3；（式子不读的）journal 环里最大实例=2 M2取号=3 M2之前红=[] M2之后红=[]
MIN mode=OnlyDevice0 k=53/74 M1取号=2 翻之后式子: 系统配置最大实例=2 根环最大实例=2 ⇒ 取号=3；（式子不读的）journal 环里最大实例=2 M2取号=3 M2之前红=[] M2之后红=[]
MIN mode=OnlyDevice0 k=54/74 M1取号=2 翻之后式子: 系统配置最大实例=2 根环最大实例=2 ⇒ 取号=3；（式子不读的）journal 环里最大实例=2 M2取号=3 M2之前红=[] M2之后红=[]
MIN mode=OnlyDevice0 k=55/74 M1取号=2 翻之后式子: 系统配置最大实例=2 根环最大实例=2 ⇒ 取号=3；（式子不读的）journal 环里最大实例=2 M2取号=3 M2之前红=[] M2之后红=[]
MIN mode=OnlyDevice0 k=56/74 M1取号=2 翻之后式子: 系统配置最大实例=2 根环最大实例=2 ⇒ 取号=3；（式子不读的）journal 环里最大实例=2 M2取号=3 M2之前红=[] M2之后红=[]
MIN mode=OnlyDevice0 k=57/74 M1取号=2 翻之后式子: 系统配置最大实例=2 根环最大实例=2 ⇒ 取号=3；（式子不读的）journal 环里最大实例=2 M2取号=3 M2之前红=[] M2之后红=[]
MIN mode=OnlyDevice0 k=58/74 M1取号=2 翻之后式子: 系统配置最大实例=2 根环最大实例=2 ⇒ 取号=3；（式子不读的）journal 环里最大实例=2 M2取号=3 M2之前红=[] M2之后红=[]
MIN mode=OnlyDevice0 k=59/74 M1取号=2 翻之后式子: 系统配置最大实例=2 根环最大实例=2 ⇒ 取号=3；（式子不读的）journal 环里最大实例=2 M2取号=3 M2之前红=[] M2之后红=[]
MIN mode=OnlyDevice0 k=60/74 M1取号=2 翻之后式子: 系统配置最大实例=2 根环最大实例=2 ⇒ 取号=3；（式子不读的）journal 环里最大实例=2 M2取号=3 M2之前红=[] M2之后红=[]
MIN mode=OnlyDevice0 k=61/74 M1取号=2 翻之后式子: 系统配置最大实例=2 根环最大实例=2 ⇒ 取号=3；（式子不读的）journal 环里最大实例=2 M2取号=3 M2之前红=[] M2之后红=[]
MIN mode=OnlyDevice0 k=62/74 M1取号=2 翻之后式子: 系统配置最大实例=2 根环最大实例=2 ⇒ 取号=3；（式子不读的）journal 环里最大实例=2 M2取号=3 M2之前红=[] M2之后红=[]
MIN mode=OnlyDevice0 k=63/74 M1取号=2 翻之后式子: 系统配置最大实例=2 根环最大实例=2 ⇒ 取号=3；（式子不读的）journal 环里最大实例=2 M2取号=3 M2之前红=[] M2之后红=[]
MIN mode=OnlyDevice0 k=64/74 M1取号=2 翻之后式子: 系统配置最大实例=2 根环最大实例=2 ⇒ 取号=3；（式子不读的）journal 环里最大实例=2 M2取号=3 M2之前红=[] M2之后红=[]
MIN mode=OnlyDevice0 k=65/74 M1取号=2 翻之后式子: 系统配置最大实例=2 根环最大实例=2 ⇒ 取号=3；（式子不读的）journal 环里最大实例=2 M2取号=3 M2之前红=[] M2之后红=[]
MIN mode=OnlyDevice0 k=66/74 M1取号=2 翻之后式子: 系统配置最大实例=2 根环最大实例=2 ⇒ 取号=3；（式子不读的）journal 环里最大实例=2 M2取号=3 M2之前红=[] M2之后红=[]
MIN mode=OnlyDevice0 k=67/74 M1取号=2 翻之后式子: 系统配置最大实例=2 根环最大实例=2 ⇒ 取号=3；（式子不读的）journal 环里最大实例=2 M2取号=3 M2之前红=[] M2之后红=[]
MIN mode=OnlyDevice0 k=68/74 M1取号=2 翻之后式子: 系统配置最大实例=2 根环最大实例=2 ⇒ 取号=3；（式子不读的）journal 环里最大实例=2 M2取号=3 M2之前红=[] M2之后红=[]
MIN mode=OnlyDevice0 k=69/74 M1取号=2 翻之后式子: 系统配置最大实例=2 根环最大实例=2 ⇒ 取号=3；（式子不读的）journal 环里最大实例=2 M2取号=3 M2之前红=[] M2之后红=[]
MIN mode=OnlyDevice0 k=70/74 M1取号=2 翻之后式子: 系统配置最大实例=2 根环最大实例=2 ⇒ 取号=3；（式子不读的）journal 环里最大实例=2 M2取号=3 M2之前红=[] M2之后红=[]
MIN mode=OnlyDevice0 k=71/74 M1取号=2 翻之后式子: 系统配置最大实例=2 根环最大实例=2 ⇒ 取号=3；（式子不读的）journal 环里最大实例=2 M2取号=3 M2之前红=[] M2之后红=[]
MIN mode=OnlyDevice0 k=72/74 M1取号=2 翻之后式子: 系统配置最大实例=2 根环最大实例=2 ⇒ 取号=3；（式子不读的）journal 环里最大实例=2 M2取号=3 M2之前红=[] M2之后红=[]
MIN mode=OnlyDevice0 k=73/74 M1取号=2 翻之后式子: 系统配置最大实例=2 根环最大实例=2 ⇒ 取号=3；（式子不读的）journal 环里最大实例=2 M2取号=3 M2之前红=[] M2之后红=[]
MIN mode=OnlyDevice0 k=74/74 M1取号=2 翻之后式子: 系统配置最大实例=2 根环最大实例=2 ⇒ 取号=3；（式子不读的）journal 环里最大实例=2 M2取号=3 M2之前红=[] M2之后红=[]
MIN summary mode=OnlyDevice0 录制流 74 条 M2之后 I-8.6 红的 k = []
MIN mode=None k=0/74 M1取号=2 翻之后式子: 系统配置最大实例=1 根环最大实例=1 ⇒ 取号=2；（式子不读的）journal 环里最大实例=1 M2取号=2 M2之前红=[] M2之后红=[]
MIN mode=None k=1/74 M1取号=2 翻之后式子: 系统配置最大实例=2 根环最大实例=1 ⇒ 取号=3；（式子不读的）journal 环里最大实例=1 M2取号=3 M2之前红=[] M2之后红=[]
MIN mode=None k=2/74 M1取号=2 翻之后式子: 系统配置最大实例=2 根环最大实例=1 ⇒ 取号=3；（式子不读的）journal 环里最大实例=1 M2取号=3 M2之前红=[] M2之后红=[]
MIN mode=None k=3/74 M1取号=2 翻之后式子: 系统配置最大实例=2 根环最大实例=1 ⇒ 取号=3；（式子不读的）journal 环里最大实例=1 M2取号=3 M2之前红=[] M2之后红=[]
MIN mode=None k=4/74 M1取号=2 翻之后式子: 系统配置最大实例=2 根环最大实例=1 ⇒ 取号=3；（式子不读的）journal 环里最大实例=1 M2取号=3 M2之前红=[] M2之后红=[]
MIN mode=None k=5/74 M1取号=2 翻之后式子: 系统配置最大实例=2 根环最大实例=1 ⇒ 取号=3；（式子不读的）journal 环里最大实例=1 M2取号=3 M2之前红=[] M2之后红=[]
MIN mode=None k=6/74 M1取号=2 翻之后式子: 系统配置最大实例=2 根环最大实例=1 ⇒ 取号=3；（式子不读的）journal 环里最大实例=1 M2取号=3 M2之前红=[] M2之后红=[]
MIN mode=None k=7/74 M1取号=2 翻之后式子: 系统配置最大实例=2 根环最大实例=1 ⇒ 取号=3；（式子不读的）journal 环里最大实例=1 M2取号=3 M2之前红=[] M2之后红=[]
MIN mode=None k=8/74 M1取号=2 翻之后式子: 系统配置最大实例=2 根环最大实例=1 ⇒ 取号=3；（式子不读的）journal 环里最大实例=1 M2取号=3 M2之前红=[] M2之后红=[]
MIN mode=None k=9/74 M1取号=2 翻之后式子: 系统配置最大实例=2 根环最大实例=1 ⇒ 取号=3；（式子不读的）journal 环里最大实例=1 M2取号=3 M2之前红=[] M2之后红=[]
MIN mode=None k=10/74 M1取号=2 翻之后式子: 系统配置最大实例=2 根环最大实例=1 ⇒ 取号=3；（式子不读的）journal 环里最大实例=1 M2取号=3 M2之前红=[] M2之后红=[]
MIN mode=None k=11/74 M1取号=2 翻之后式子: 系统配置最大实例=2 根环最大实例=1 ⇒ 取号=3；（式子不读的）journal 环里最大实例=1 M2取号=3 M2之前红=[] M2之后红=[]
MIN mode=None k=12/74 M1取号=2 翻之后式子: 系统配置最大实例=2 根环最大实例=1 ⇒ 取号=3；（式子不读的）journal 环里最大实例=1 M2取号=3 M2之前红=[] M2之后红=[]
MIN mode=None k=13/74 M1取号=2 翻之后式子: 系统配置最大实例=2 根环最大实例=1 ⇒ 取号=3；（式子不读的）journal 环里最大实例=1 M2取号=3 M2之前红=[] M2之后红=[]
MIN mode=None k=14/74 M1取号=2 翻之后式子: 系统配置最大实例=2 根环最大实例=1 ⇒ 取号=3；（式子不读的）journal 环里最大实例=1 M2取号=3 M2之前红=[] M2之后红=[]
MIN mode=None k=15/74 M1取号=2 翻之后式子: 系统配置最大实例=2 根环最大实例=1 ⇒ 取号=3；（式子不读的）journal 环里最大实例=1 M2取号=3 M2之前红=[] M2之后红=[]
MIN mode=None k=16/74 M1取号=2 翻之后式子: 系统配置最大实例=2 根环最大实例=1 ⇒ 取号=3；（式子不读的）journal 环里最大实例=1 M2取号=3 M2之前红=[] M2之后红=[]
MIN mode=None k=17/74 M1取号=2 翻之后式子: 系统配置最大实例=2 根环最大实例=1 ⇒ 取号=3；（式子不读的）journal 环里最大实例=1 M2取号=3 M2之前红=[] M2之后红=[]
MIN mode=None k=18/74 M1取号=2 翻之后式子: 系统配置最大实例=2 根环最大实例=1 ⇒ 取号=3；（式子不读的）journal 环里最大实例=1 M2取号=3 M2之前红=[] M2之后红=[]
MIN mode=None k=19/74 M1取号=2 翻之后式子: 系统配置最大实例=2 根环最大实例=1 ⇒ 取号=3；（式子不读的）journal 环里最大实例=1 M2取号=3 M2之前红=[] M2之后红=[]
MIN mode=None k=20/74 M1取号=2 翻之后式子: 系统配置最大实例=2 根环最大实例=1 ⇒ 取号=3；（式子不读的）journal 环里最大实例=1 M2取号=3 M2之前红=[] M2之后红=[]
MIN mode=None k=21/74 M1取号=2 翻之后式子: 系统配置最大实例=2 根环最大实例=1 ⇒ 取号=3；（式子不读的）journal 环里最大实例=1 M2取号=3 M2之前红=[] M2之后红=[]
MIN mode=None k=22/74 M1取号=2 翻之后式子: 系统配置最大实例=2 根环最大实例=1 ⇒ 取号=3；（式子不读的）journal 环里最大实例=1 M2取号=3 M2之前红=[] M2之后红=[]
MIN mode=None k=23/74 M1取号=2 翻之后式子: 系统配置最大实例=2 根环最大实例=1 ⇒ 取号=3；（式子不读的）journal 环里最大实例=2 M2取号=3 M2之前红=[] M2之后红=[]
MIN mode=None k=24/74 M1取号=2 翻之后式子: 系统配置最大实例=2 根环最大实例=1 ⇒ 取号=3；（式子不读的）journal 环里最大实例=2 M2取号=3 M2之前红=[] M2之后红=[]
MIN mode=None k=25/74 M1取号=2 翻之后式子: 系统配置最大实例=2 根环最大实例=1 ⇒ 取号=3；（式子不读的）journal 环里最大实例=2 M2取号=3 M2之前红=[] M2之后红=[]
MIN mode=None k=26/74 M1取号=2 翻之后式子: 系统配置最大实例=2 根环最大实例=2 ⇒ 取号=3；（式子不读的）journal 环里最大实例=2 M2取号=3 M2之前红=[] M2之后红=[]
MIN mode=None k=27/74 M1取号=2 翻之后式子: 系统配置最大实例=2 根环最大实例=2 ⇒ 取号=3；（式子不读的）journal 环里最大实例=2 M2取号=3 M2之前红=[] M2之后红=[]
MIN mode=None k=28/74 M1取号=2 翻之后式子: 系统配置最大实例=2 根环最大实例=2 ⇒ 取号=3；（式子不读的）journal 环里最大实例=2 M2取号=3 M2之前红=[] M2之后红=[]
MIN mode=None k=29/74 M1取号=2 翻之后式子: 系统配置最大实例=2 根环最大实例=2 ⇒ 取号=3；（式子不读的）journal 环里最大实例=2 M2取号=3 M2之前红=[] M2之后红=[]
MIN mode=None k=30/74 M1取号=2 翻之后式子: 系统配置最大实例=2 根环最大实例=2 ⇒ 取号=3；（式子不读的）journal 环里最大实例=2 M2取号=3 M2之前红=[] M2之后红=[]
MIN mode=None k=31/74 M1取号=2 翻之后式子: 系统配置最大实例=2 根环最大实例=2 ⇒ 取号=3；（式子不读的）journal 环里最大实例=2 M2取号=3 M2之前红=[] M2之后红=[]
MIN mode=None k=32/74 M1取号=2 翻之后式子: 系统配置最大实例=2 根环最大实例=2 ⇒ 取号=3；（式子不读的）journal 环里最大实例=2 M2取号=3 M2之前红=[] M2之后红=[]
MIN mode=None k=33/74 M1取号=2 翻之后式子: 系统配置最大实例=2 根环最大实例=2 ⇒ 取号=3；（式子不读的）journal 环里最大实例=2 M2取号=3 M2之前红=[] M2之后红=[]
MIN mode=None k=34/74 M1取号=2 翻之后式子: 系统配置最大实例=2 根环最大实例=2 ⇒ 取号=3；（式子不读的）journal 环里最大实例=2 M2取号=3 M2之前红=[] M2之后红=[]
MIN mode=None k=35/74 M1取号=2 翻之后式子: 系统配置最大实例=2 根环最大实例=2 ⇒ 取号=3；（式子不读的）journal 环里最大实例=2 M2取号=3 M2之前红=[] M2之后红=[]
MIN mode=None k=36/74 M1取号=2 翻之后式子: 系统配置最大实例=2 根环最大实例=2 ⇒ 取号=3；（式子不读的）journal 环里最大实例=2 M2取号=3 M2之前红=[] M2之后红=[]
MIN mode=None k=37/74 M1取号=2 翻之后式子: 系统配置最大实例=2 根环最大实例=2 ⇒ 取号=3；（式子不读的）journal 环里最大实例=2 M2取号=3 M2之前红=[] M2之后红=[]
MIN mode=None k=38/74 M1取号=2 翻之后式子: 系统配置最大实例=2 根环最大实例=2 ⇒ 取号=3；（式子不读的）journal 环里最大实例=2 M2取号=3 M2之前红=[] M2之后红=[]
MIN mode=None k=39/74 M1取号=2 翻之后式子: 系统配置最大实例=2 根环最大实例=2 ⇒ 取号=3；（式子不读的）journal 环里最大实例=2 M2取号=3 M2之前红=[] M2之后红=[]
MIN mode=None k=40/74 M1取号=2 翻之后式子: 系统配置最大实例=2 根环最大实例=2 ⇒ 取号=3；（式子不读的）journal 环里最大实例=2 M2取号=3 M2之前红=[] M2之后红=[]
MIN mode=None k=41/74 M1取号=2 翻之后式子: 系统配置最大实例=2 根环最大实例=2 ⇒ 取号=3；（式子不读的）journal 环里最大实例=2 M2取号=3 M2之前红=[] M2之后红=[]
MIN mode=None k=42/74 M1取号=2 翻之后式子: 系统配置最大实例=2 根环最大实例=2 ⇒ 取号=3；（式子不读的）journal 环里最大实例=2 M2取号=3 M2之前红=[] M2之后红=[]
MIN mode=None k=43/74 M1取号=2 翻之后式子: 系统配置最大实例=2 根环最大实例=2 ⇒ 取号=3；（式子不读的）journal 环里最大实例=2 M2取号=3 M2之前红=[] M2之后红=[]
MIN mode=None k=44/74 M1取号=2 翻之后式子: 系统配置最大实例=2 根环最大实例=2 ⇒ 取号=3；（式子不读的）journal 环里最大实例=2 M2取号=3 M2之前红=[] M2之后红=[]
MIN mode=None k=45/74 M1取号=2 翻之后式子: 系统配置最大实例=2 根环最大实例=2 ⇒ 取号=3；（式子不读的）journal 环里最大实例=2 M2取号=3 M2之前红=[] M2之后红=[]
MIN mode=None k=46/74 M1取号=2 翻之后式子: 系统配置最大实例=2 根环最大实例=2 ⇒ 取号=3；（式子不读的）journal 环里最大实例=2 M2取号=3 M2之前红=[] M2之后红=[]
MIN mode=None k=47/74 M1取号=2 翻之后式子: 系统配置最大实例=2 根环最大实例=2 ⇒ 取号=3；（式子不读的）journal 环里最大实例=2 M2取号=3 M2之前红=[] M2之后红=[]
MIN mode=None k=48/74 M1取号=2 翻之后式子: 系统配置最大实例=2 根环最大实例=2 ⇒ 取号=3；（式子不读的）journal 环里最大实例=2 M2取号=3 M2之前红=[] M2之后红=[]
MIN mode=None k=49/74 M1取号=2 翻之后式子: 系统配置最大实例=2 根环最大实例=2 ⇒ 取号=3；（式子不读的）journal 环里最大实例=2 M2取号=3 M2之前红=[] M2之后红=[]
MIN mode=None k=50/74 M1取号=2 翻之后式子: 系统配置最大实例=2 根环最大实例=2 ⇒ 取号=3；（式子不读的）journal 环里最大实例=2 M2取号=3 M2之前红=[] M2之后红=[]
MIN mode=None k=51/74 M1取号=2 翻之后式子: 系统配置最大实例=2 根环最大实例=2 ⇒ 取号=3；（式子不读的）journal 环里最大实例=2 M2取号=3 M2之前红=[] M2之后红=[]
MIN mode=None k=52/74 M1取号=2 翻之后式子: 系统配置最大实例=2 根环最大实例=2 ⇒ 取号=3；（式子不读的）journal 环里最大实例=2 M2取号=3 M2之前红=[] M2之后红=[]
MIN mode=None k=53/74 M1取号=2 翻之后式子: 系统配置最大实例=2 根环最大实例=2 ⇒ 取号=3；（式子不读的）journal 环里最大实例=2 M2取号=3 M2之前红=[] M2之后红=[]
MIN mode=None k=54/74 M1取号=2 翻之后式子: 系统配置最大实例=2 根环最大实例=2 ⇒ 取号=3；（式子不读的）journal 环里最大实例=2 M2取号=3 M2之前红=[] M2之后红=[]
MIN mode=None k=55/74 M1取号=2 翻之后式子: 系统配置最大实例=2 根环最大实例=2 ⇒ 取号=3；（式子不读的）journal 环里最大实例=2 M2取号=3 M2之前红=[] M2之后红=[]
MIN mode=None k=56/74 M1取号=2 翻之后式子: 系统配置最大实例=2 根环最大实例=2 ⇒ 取号=3；（式子不读的）journal 环里最大实例=2 M2取号=3 M2之前红=[] M2之后红=[]
MIN mode=None k=57/74 M1取号=2 翻之后式子: 系统配置最大实例=2 根环最大实例=2 ⇒ 取号=3；（式子不读的）journal 环里最大实例=2 M2取号=3 M2之前红=[] M2之后红=[]
MIN mode=None k=58/74 M1取号=2 翻之后式子: 系统配置最大实例=2 根环最大实例=2 ⇒ 取号=3；（式子不读的）journal 环里最大实例=2 M2取号=3 M2之前红=[] M2之后红=[]
MIN mode=None k=59/74 M1取号=2 翻之后式子: 系统配置最大实例=2 根环最大实例=2 ⇒ 取号=3；（式子不读的）journal 环里最大实例=2 M2取号=3 M2之前红=[] M2之后红=[]
MIN mode=None k=60/74 M1取号=2 翻之后式子: 系统配置最大实例=2 根环最大实例=2 ⇒ 取号=3；（式子不读的）journal 环里最大实例=2 M2取号=3 M2之前红=[] M2之后红=[]
MIN mode=None k=61/74 M1取号=2 翻之后式子: 系统配置最大实例=2 根环最大实例=2 ⇒ 取号=3；（式子不读的）journal 环里最大实例=2 M2取号=3 M2之前红=[] M2之后红=[]
MIN mode=None k=62/74 M1取号=2 翻之后式子: 系统配置最大实例=2 根环最大实例=2 ⇒ 取号=3；（式子不读的）journal 环里最大实例=2 M2取号=3 M2之前红=[] M2之后红=[]
MIN mode=None k=63/74 M1取号=2 翻之后式子: 系统配置最大实例=2 根环最大实例=2 ⇒ 取号=3；（式子不读的）journal 环里最大实例=2 M2取号=3 M2之前红=[] M2之后红=[]
MIN mode=None k=64/74 M1取号=2 翻之后式子: 系统配置最大实例=2 根环最大实例=2 ⇒ 取号=3；（式子不读的）journal 环里最大实例=2 M2取号=3 M2之前红=[] M2之后红=[]
MIN mode=None k=65/74 M1取号=2 翻之后式子: 系统配置最大实例=2 根环最大实例=2 ⇒ 取号=3；（式子不读的）journal 环里最大实例=2 M2取号=3 M2之前红=[] M2之后红=[]
MIN mode=None k=66/74 M1取号=2 翻之后式子: 系统配置最大实例=2 根环最大实例=2 ⇒ 取号=3；（式子不读的）journal 环里最大实例=2 M2取号=3 M2之前红=[] M2之后红=[]
MIN mode=None k=67/74 M1取号=2 翻之后式子: 系统配置最大实例=2 根环最大实例=2 ⇒ 取号=3；（式子不读的）journal 环里最大实例=2 M2取号=3 M2之前红=[] M2之后红=[]
MIN mode=None k=68/74 M1取号=2 翻之后式子: 系统配置最大实例=2 根环最大实例=2 ⇒ 取号=3；（式子不读的）journal 环里最大实例=2 M2取号=3 M2之前红=[] M2之后红=[]
MIN mode=None k=69/74 M1取号=2 翻之后式子: 系统配置最大实例=2 根环最大实例=2 ⇒ 取号=3；（式子不读的）journal 环里最大实例=2 M2取号=3 M2之前红=[] M2之后红=[]
MIN mode=None k=70/74 M1取号=2 翻之后式子: 系统配置最大实例=2 根环最大实例=2 ⇒ 取号=3；（式子不读的）journal 环里最大实例=2 M2取号=3 M2之前红=[] M2之后红=[]
MIN mode=None k=71/74 M1取号=2 翻之后式子: 系统配置最大实例=2 根环最大实例=2 ⇒ 取号=3；（式子不读的）journal 环里最大实例=2 M2取号=3 M2之前红=[] M2之后红=[]
MIN mode=None k=72/74 M1取号=2 翻之后式子: 系统配置最大实例=2 根环最大实例=2 ⇒ 取号=3；（式子不读的）journal 环里最大实例=2 M2取号=3 M2之前红=[] M2之后红=[]
MIN mode=None k=73/74 M1取号=2 翻之后式子: 系统配置最大实例=2 根环最大实例=2 ⇒ 取号=3；（式子不读的）journal 环里最大实例=2 M2取号=3 M2之前红=[] M2之后红=[]
MIN mode=None k=74/74 M1取号=2 翻之后式子: 系统配置最大实例=2 根环最大实例=2 ⇒ 取号=3；（式子不读的）journal 环里最大实例=2 M2取号=3 M2之前红=[] M2之后红=[]
MIN summary mode=None 录制流 74 条 M2之后 I-8.6 红的 k = []
test seed540096_minimal_sweep ... ok

test result: ok. 1 passed; 0 failed; 0 ignored; 0 measured; 2 filtered out; finished in 51.06s

