
running 1 test
MIN mode=BothDevices k=0/74 M1取号=2 翻之后式子: 系统配置最大实例=1 根环最大实例=1 ⇒ 取号=2；（式子不读的）journal 环里最大实例=1 M2取号=2 M2之前红=[] M2之后红=[]
MIN mode=BothDevices k=1/74 M1取号=2 翻之后式子: 系统配置最大实例=1 根环最大实例=1 ⇒ 取号=2；（式子不读的）journal 环里最大实例=1 M2取号=2 M2之前红=[] M2之后红=[]
MIN mode=BothDevices k=2/74 M1取号=2 翻之后式子: 系统配置最大实例=1 根环最大实例=1 ⇒ 取号=2；（式子不读的）journal 环里最大实例=1 M2取号=2 M2之前红=[] M2之后红=[]
MIN mode=BothDevices k=3/74 M1取号=2 翻之后式子: 系统配置最大实例=1 根环最大实例=1 ⇒ 取号=2；（式子不读的）journal 环里最大实例=1 M2取号=2 M2之前红=[] M2之后红=[]
MIN mode=BothDevices k=4/74 M1取号=2 翻之后式子: 系统配置最大实例=1 根环最大实例=1 ⇒ 取号=2；（式子不读的）journal 环里最大实例=1 M2取号=2 M2之前红=["I-7.7"] M2之后红=[]
MIN mode=BothDevices k=5/74 M1取号=2 翻之后式子: 系统配置最大实例=1 根环最大实例=1 ⇒ 取号=2；（式子不读的）journal 环里最大实例=1 M2取号=2 M2之前红=["I-7.7"] M2之后红=[]
MIN mode=BothDevices k=6/74 M1取号=2 翻之后式子: 系统配置最大实例=1 根环最大实例=1 ⇒ 取号=2；（式子不读的）journal 环里最大实例=1 M2取号=2 M2之前红=["I-7.7"] M2之后红=[]
MIN mode=BothDevices k=7/74 M1取号=2 翻之后式子: 系统配置最大实例=1 根环最大实例=1 ⇒ 取号=2；（式子不读的）journal 环里最大实例=1 M2取号=2 M2之前红=["I-7.7"] M2之后红=[]
MIN mode=BothDevices k=8/74 M1取号=2 翻之后式子: 系统配置最大实例=1 根环最大实例=1 ⇒ 取号=2；（式子不读的）journal 环里最大实例=1 M2取号=2 M2之前红=["I-7.7"] M2之后红=[]
MIN mode=BothDevices k=9/74 M1取号=2 翻之后式子: 系统配置最大实例=1 根环最大实例=1 ⇒ 取号=2；（式子不读的）journal 环里最大实例=1 M2取号=2 M2之前红=["I-7.7"] M2之后红=[]
MIN mode=BothDevices k=10/74 M1取号=2 翻之后式子: 系统配置最大实例=1 根环最大实例=1 ⇒ 取号=2；（式子不读的）journal 环里最大实例=1 M2取号=2 M2之前红=["I-7.7"] M2之后红=[]
MIN mode=BothDevices k=11/74 M1取号=2 翻之后式子: 系统配置最大实例=1 根环最大实例=1 ⇒ 取号=2；（式子不读的）journal 环里最大实例=1 M2取号=2 M2之前红=["I-7.7"] M2之后红=[]
MIN mode=BothDevices k=12/74 M1取号=2 翻之后式子: 系统配置最大实例=1 根环最大实例=1 ⇒ 取号=2；（式子不读的）journal 环里最大实例=1 M2取号=2 M2之前红=["I-7.7"] M2之后红=[]
MIN mode=BothDevices k=13/74 M1取号=2 翻之后式子: 系统配置最大实例=1 根环最大实例=1 ⇒ 取号=2；（式子不读的）journal 环里最大实例=1 M2取号=2 M2之前红=["I-7.7"] M2之后红=[]
MIN mode=BothDevices k=14/74 M1取号=2 翻之后式子: 系统配置最大实例=1 根环最大实例=1 ⇒ 取号=2；（式子不读的）journal 环里最大实例=1 M2取号=2 M2之前红=["I-7.7"] M2之后红=[]
MIN mode=BothDevices k=15/74 M1取号=2 翻之后式子: 系统配置最大实例=1 根环最大实例=1 ⇒ 取号=2；（式子不读的）journal 环里最大实例=1 M2取号=2 M2之前红=["I-7.7"] M2之后红=[]
MIN mode=BothDevices k=16/74 M1取号=2 翻之后式子: 系统配置最大实例=1 根环最大实例=1 ⇒ 取号=2；（式子不读的）journal 环里最大实例=1 M2取号=2 M2之前红=["I-7.7"] M2之后红=[]
MIN mode=BothDevices k=17/74 M1取号=2 翻之后式子: 系统配置最大实例=1 根环最大实例=1 ⇒ 取号=2；（式子不读的）journal 环里最大实例=1 M2取号=2 M2之前红=["I-7.7"] M2之后红=[]
MIN mode=BothDevices k=18/74 M1取号=2 翻之后式子: 系统配置最大实例=1 根环最大实例=1 ⇒ 取号=2；（式子不读的）journal 环里最大实例=1 M2取号=2 M2之前红=["I-7.7"] M2之后红=[]
MIN mode=BothDevices k=19/74 M1取号=2 翻之后式子: 系统配置最大实例=1 根环最大实例=1 ⇒ 取号=2；（式子不读的）journal 环里最大实例=1 M2取号=2 M2之前红=["I-7.7"] M2之后红=[]
MIN mode=BothDevices k=20/74 M1取号=2 翻之后式子: 系统配置最大实例=1 根环最大实例=1 ⇒ 取号=2；（式子不读的）journal 环里最大实例=1 M2取号=2 M2之前红=["I-7.7"] M2之后红=[]
MIN mode=BothDevices k=21/74 M1取号=2 翻之后式子: 系统配置最大实例=1 根环最大实例=1 ⇒ 取号=2；（式子不读的）journal 环里最大实例=1 M2取号=2 M2之前红=["I-7.7"] M2之后红=[]
MIN mode=BothDevices k=22/74 M1取号=2 翻之后式子: 系统配置最大实例=1 根环最大实例=1 ⇒ 取号=2；（式子不读的）journal 环里最大实例=1 M2取号=2 M2之前红=["I-7.7"] M2之后红=[]
MIN mode=BothDevices k=23/74 M1取号=2 翻之后式子: 系统配置最大实例=1 根环最大实例=1 ⇒ 取号=2；（式子不读的）journal 环里最大实例=2 M2取号=2 M2之前红=["I-7.7"] M2之后红=["I-8.6"]
MIN mode=BothDevices k=24/74 M1取号=2 翻之后式子: 系统配置最大实例=1 根环最大实例=1 ⇒ 取号=2；（式子不读的）journal 环里最大实例=2 M2取号=2 M2之前红=["I-7.7"] M2之后红=["I-8.6"]
MIN mode=BothDevices k=25/74 M1取号=2 翻之后式子: 系统配置最大实例=1 根环最大实例=1 ⇒ 取号=2；（式子不读的）journal 环里最大实例=2 M2取号=2 M2之前红=["I-7.7"] M2之后红=["I-8.6"]
MIN mode=BothDevices k=26/74 M1取号=2 翻之后式子: 系统配置最大实例=1 根环最大实例=2 ⇒ 取号=3；（式子不读的）journal 环里最大实例=2 M2取号=3 M2之前红=["I-7.7"] M2之后红=[]
MIN mode=BothDevices k=27/74 M1取号=2 翻之后式子: 系统配置最大实例=2 根环最大实例=2 ⇒ 取号=3；（式子不读的）journal 环里最大实例=2 M2取号=3 M2之前红=["I-7.7"] M2之后红=[]
MIN mode=BothDevices k=28/74 M1取号=2 翻之后式子: 系统配置最大实例=2 根环最大实例=2 ⇒ 取号=3；（式子不读的）journal 环里最大实例=2 M2取号=3 M2之前红=[] M2之后红=[]
MIN mode=BothDevices k=29/74 M1取号=2 翻之后式子: 系统配置最大实例=2 根环最大实例=2 ⇒ 取号=3；（式子不读的）journal 环里最大实例=2 M2取号=3 M2之前红=[] M2之后红=[]
MIN mode=BothDevices k=30/74 M1取号=2 翻之后式子: 系统配置最大实例=2 根环最大实例=2 ⇒ 取号=3；（式子不读的）journal 环里最大实例=2 M2取号=3 M2之前红=[] M2之后红=[]
MIN mode=BothDevices k=31/74 M1取号=2 翻之后式子: 系统配置最大实例=2 根环最大实例=2 ⇒ 取号=3；（式子不读的）journal 环里最大实例=2 M2取号=3 M2之前红=[] M2之后红=[]
MIN mode=BothDevices k=32/74 M1取号=2 翻之后式子: 系统配置最大实例=2 根环最大实例=2 ⇒ 取号=3；（式子不读的）journal 环里最大实例=2 M2取号=3 M2之前红=[] M2之后红=[]
MIN mode=BothDevices k=33/74 M1取号=2 翻之后式子: 系统配置最大实例=2 根环最大实例=2 ⇒ 取号=3；（式子不读的）journal 环里最大实例=2 M2取号=3 M2之前红=[] M2之后红=[]
MIN mode=BothDevices k=34/74 M1取号=2 翻之后式子: 系统配置最大实例=2 根环最大实例=2 ⇒ 取号=3；（式子不读的）journal 环里最大实例=2 M2取号=3 M2之前红=[] M2之后红=[]
MIN mode=BothDevices k=35/74 M1取号=2 翻之后式子: 系统配置最大实例=2 根环最大实例=2 ⇒ 取号=3；（式子不读的）journal 环里最大实例=2 M2取号=3 M2之前红=[] M2之后红=[]
MIN mode=BothDevices k=36/74 M1取号=2 翻之后式子: 系统配置最大实例=2 根环最大实例=2 ⇒ 取号=3；（式子不读的）journal 环里最大实例=2 M2取号=3 M2之前红=[] M2之后红=[]
MIN mode=BothDevices k=37/74 M1取号=2 翻之后式子: 系统配置最大实例=2 根环最大实例=2 ⇒ 取号=3；（式子不读的）journal 环里最大实例=2 M2取号=3 M2之前红=[] M2之后红=[]
MIN mode=BothDevices k=38/74 M1取号=2 翻之后式子: 系统配置最大实例=2 根环最大实例=2 ⇒ 取号=3；（式子不读的）journal 环里最大实例=2 M2取号=3 M2之前红=[] M2之后红=[]
MIN mode=BothDevices k=39/74 M1取号=2 翻之后式子: 系统配置最大实例=2 根环最大实例=2 ⇒ 取号=3；（式子不读的）journal 环里最大实例=2 M2取号=3 M2之前红=[] M2之后红=[]
MIN mode=BothDevices k=40/74 M1取号=2 翻之后式子: 系统配置最大实例=2 根环最大实例=2 ⇒ 取号=3；（式子不读的）journal 环里最大实例=2 M2取号=3 M2之前红=[] M2之后红=[]
MIN mode=BothDevices k=41/74 M1取号=2 翻之后式子: 系统配置最大实例=2 根环最大实例=2 ⇒ 取号=3；（式子不读的）journal 环里最大实例=2 M2取号=3 M2之前红=[] M2之后红=[]
MIN mode=BothDevices k=42/74 M1取号=2 翻之后式子: 系统配置最大实例=2 根环最大实例=2 ⇒ 取号=3；（式子不读的）journal 环里最大实例=2 M2取号=3 M2之前红=[] M2之后红=[]
MIN mode=BothDevices k=43/74 M1取号=2 翻之后式子: 系统配置最大实例=2 根环最大实例=2 ⇒ 取号=3；（式子不读的）journal 环里最大实例=2 M2取号=3 M2之前红=[] M2之后红=[]
MIN mode=BothDevices k=44/74 M1取号=2 翻之后式子: 系统配置最大实例=2 根环最大实例=2 ⇒ 取号=3；（式子不读的）journal 环里最大实例=2 M2取号=3 M2之前红=[] M2之后红=[]
MIN mode=BothDevices k=45/74 M1取号=2 翻之后式子: 系统配置最大实例=2 根环最大实例=2 ⇒ 取号=3；（式子不读的）journal 环里最大实例=2 M2取号=3 M2之前红=[] M2之后红=[]
MIN mode=BothDevices k=46/74 M1取号=2 翻之后式子: 系统配置最大实例=2 根环最大实例=2 ⇒ 取号=3；（式子不读的）journal 环里最大实例=2 M2取号=3 M2之前红=[] M2之后红=[]
MIN mode=BothDevices k=47/74 M1取号=2 翻之后式子: 系统配置最大实例=2 根环最大实例=2 ⇒ 取号=3；（式子不读的）journal 环里最大实例=2 M2取号=3 M2之前红=[] M2之后红=[]
MIN mode=BothDevices k=48/74 M1取号=2 翻之后式子: 系统配置最大实例=2 根环最大实例=2 ⇒ 取号=3；（式子不读的）journal 环里最大实例=2 M2取号=3 M2之前红=[] M2之后红=[]
MIN mode=BothDevices k=49/74 M1取号=2 翻之后式子: 系统配置最大实例=2 根环最大实例=2 ⇒ 取号=3；（式子不读的）journal 环里最大实例=2 M2取号=3 M2之前红=[] M2之后红=[]
MIN mode=BothDevices k=50/74 M1取号=2 翻之后式子: 系统配置最大实例=2 根环最大实例=2 ⇒ 取号=3；（式子不读的）journal 环里最大实例=2 M2取号=3 M2之前红=[] M2之后红=[]
MIN mode=BothDevices k=51/74 M1取号=2 翻之后式子: 系统配置最大实例=2 根环最大实例=2 ⇒ 取号=3；（式子不读的）journal 环里最大实例=2 M2取号=3 M2之前红=[] M2之后红=[]
MIN mode=BothDevices k=52/74 M1取号=2 翻之后式子: 系统配置最大实例=2 根环最大实例=2 ⇒ 取号=3；（式子不读的）journal 环里最大实例=2 M2取号=3 M2之前红=[] M2之后红=[]
MIN mode=BothDevices k=53/74 M1取号=2 翻之后式子: 系统配置最大实例=2 根环最大实例=2 ⇒ 取号=3；（式子不读的）journal 环里最大实例=2 M2取号=3 M2之前红=[] M2之后红=[]
MIN mode=BothDevices k=54/74 M1取号=2 翻之后式子: 系统配置最大实例=2 根环最大实例=2 ⇒ 取号=3；（式子不读的）journal 环里最大实例=2 M2取号=3 M2之前红=[] M2之后红=[]
MIN mode=BothDevices k=55/74 M1取号=2 翻之后式子: 系统配置最大实例=2 根环最大实例=2 ⇒ 取号=3；（式子不读的）journal 环里最大实例=2 M2取号=3 M2之前红=[] M2之后红=[]
MIN mode=BothDevices k=56/74 M1取号=2 翻之后式子: 系统配置最大实例=2 根环最大实例=2 ⇒ 取号=3；（式子不读的）journal 环里最大实例=2 M2取号=3 M2之前红=[] M2之后红=[]
MIN mode=BothDevices k=57/74 M1取号=2 翻之后式子: 系统配置最大实例=2 根环最大实例=2 ⇒ 取号=3；（式子不读的）journal 环里最大实例=2 M2取号=3 M2之前红=[] M2之后红=[]
MIN mode=BothDevices k=58/74 M1取号=2 翻之后式子: 系统配置最大实例=2 根环最大实例=2 ⇒ 取号=3；（式子不读的）journal 环里最大实例=2 M2取号=3 M2之前红=[] M2之后红=[]
MIN mode=BothDevices k=59/74 M1取号=2 翻之后式子: 系统配置最大实例=2 根环最大实例=2 ⇒ 取号=3；（式子不读的）journal 环里最大实例=2 M2取号=3 M2之前红=[] M2之后红=[]
MIN mode=BothDevices k=60/74 M1取号=2 翻之后式子: 系统配置最大实例=2 根环最大实例=2 ⇒ 取号=3；（式子不读的）journal 环里最大实例=2 M2取号=3 M2之前红=[] M2之后红=[]
MIN mode=BothDevices k=61/74 M1取号=2 翻之后式子: 系统配置最大实例=2 根环最大实例=2 ⇒ 取号=3；（式子不读的）journal 环里最大实例=2 M2取号=3 M2之前红=[] M2之后红=[]
MIN mode=BothDevices k=62/74 M1取号=2 翻之后式子: 系统配置最大实例=2 根环最大实例=2 ⇒ 取号=3；（式子不读的）journal 环里最大实例=2 M2取号=3 M2之前红=[] M2之后红=[]
MIN mode=BothDevices k=63/74 M1取号=2 翻之后式子: 系统配置最大实例=2 根环最大实例=2 ⇒ 取号=3；（式子不读的）journal 环里最大实例=2 M2取号=3 M2之前红=[] M2之后红=[]
MIN mode=BothDevices k=64/74 M1取号=2 翻之后式子: 系统配置最大实例=2 根环最大实例=2 ⇒ 取号=3；（式子不读的）journal 环里最大实例=2 M2取号=3 M2之前红=[] M2之后红=[]
MIN mode=BothDevices k=65/74 M1取号=2 翻之后式子: 系统配置最大实例=2 根环最大实例=2 ⇒ 取号=3；（式子不读的）journal 环里最大实例=2 M2取号=3 M2之前红=[] M2之后红=[]
MIN mode=BothDevices k=66/74 M1取号=2 翻之后式子: 系统配置最大实例=2 根环最大实例=2 ⇒ 取号=3；（式子不读的）journal 环里最大实例=2 M2取号=3 M2之前红=[] M2之后红=[]
MIN mode=BothDevices k=67/74 M1取号=2 翻之后式子: 系统配置最大实例=2 根环最大实例=2 ⇒ 取号=3；（式子不读的）journal 环里最大实例=2 M2取号=3 M2之前红=[] M2之后红=[]
MIN mode=BothDevices k=68/74 M1取号=2 翻之后式子: 系统配置最大实例=2 根环最大实例=2 ⇒ 取号=3；（式子不读的）journal 环里最大实例=2 M2取号=3 M2之前红=[] M2之后红=[]
MIN mode=BothDevices k=69/74 M1取号=2 翻之后式子: 系统配置最大实例=2 根环最大实例=2 ⇒ 取号=3；（式子不读的）journal 环里最大实例=2 M2取号=3 M2之前红=[] M2之后红=[]
MIN mode=BothDevices k=70/74 M1取号=2 翻之后式子: 系统配置最大实例=2 根环最大实例=2 ⇒ 取号=3；（式子不读的）journal 环里最大实例=2 M2取号=3 M2之前红=[] M2之后红=[]
MIN mode=BothDevices k=71/74 M1取号=2 翻之后式子: 系统配置最大实例=2 根环最大实例=2 ⇒ 取号=3；（式子不读的）journal 环里最大实例=2 M2取号=3 M2之前红=[] M2之后红=[]
MIN mode=BothDevices k=72/74 M1取号=2 翻之后式子: 系统配置最大实例=2 根环最大实例=2 ⇒ 取号=3；（式子不读的）journal 环里最大实例=2 M2取号=3 M2之前红=[] M2之后红=[]
MIN mode=BothDevices k=73/74 M1取号=2 翻之后式子: 系统配置最大实例=2 根环最大实例=2 ⇒ 取号=3；（式子不读的）journal 环里最大实例=2 M2取号=3 M2之前红=[] M2之后红=[]
MIN mode=BothDevices k=74/74 M1取号=2 翻之后式子: 系统配置最大实例=2 根环最大实例=2 ⇒ 取号=3；（式子不读的）journal 环里最大实例=2 M2取号=3 M2之前红=[] M2之后红=[]
MIN summary mode=BothDevices 录制流 74 条 M2之后 I-8.6 红的 k = [23, 24, 25]
MIN mode=OnlyDevice0 k=0/74 M1取号=2 翻之后式子: 系统配置最大实例=1 根环最大实例=1 ⇒ 取号=2；（式子不读的）journal 环里最大实例=1 M2取号=2 M2之前红=[] M2之后红=[]
MIN mode=OnlyDevice0 k=1/74 M1取号=2 翻之后式子: 系统配置最大实例=1 根环最大实例=1 ⇒ 取号=2；（式子不读的）journal 环里最大实例=1 M2取号=2 M2之前红=[] M2之后红=[]
MIN mode=OnlyDevice0 k=2/74 M1取号=2 翻之后式子: 系统配置最大实例=2 根环最大实例=1 ⇒ 取号=3；（式子不读的）journal 环里最大实例=1 M2取号=3 M2之前红=[] M2之后红=[]
MIN mode=OnlyDevice0 k=3/74 M1取号=2 翻之后式子: 系统配置最大实例=2 根环最大实例=1 ⇒ 取号=3；（式子不读的）journal 环里最大实例=1 M2取号=3 M2之前红=[] M2之后红=[]
MIN mode=OnlyDevice0 k=4/74 M1取号=2 翻之后式子: 系统配置最大实例=2 根环最大实例=1 ⇒ 取号=3；（式子不读的）journal 环里最大实例=1 M2取号=3 M2之前红=["I-7.7"] M2之后红=[]
MIN mode=OnlyDevice0 k=5/74 M1取号=2 翻之后式子: 系统配置最大实例=2 根环最大实例=1 ⇒ 取号=3；（式子不读的）journal 环里最大实例=1 M2取号=3 M2之前红=["I-7.7"] M2之后红=[]
MIN mode=OnlyDevice0 k=6/74 M1取号=2 翻之后式子: 系统配置最大实例=2 根环最大实例=1 ⇒ 取号=3；（式子不读的）journal 环里最大实例=1 M2取号=3 M2之前红=["I-7.7"] M2之后红=[]
MIN mode=OnlyDevice0 k=7/74 M1取号=2 翻之后式子: 系统配置最大实例=2 根环最大实例=1 ⇒ 取号=3；（式子不读的）journal 环里最大实例=1 M2取号=3 M2之前红=["I-7.7"] M2之后红=[]
MIN mode=OnlyDevice0 k=8/74 M1取号=2 翻之后式子: 系统配置最大实例=2 根环最大实例=1 ⇒ 取号=3；（式子不读的）journal 环里最大实例=1 M2取号=3 M2之前红=["I-7.7"] M2之后红=[]
MIN mode=OnlyDevice0 k=9/74 M1取号=2 翻之后式子: 系统配置最大实例=2 根环最大实例=1 ⇒ 取号=3；（式子不读的）journal 环里最大实例=1 M2取号=3 M2之前红=["I-7.7"] M2之后红=[]
MIN mode=OnlyDevice0 k=10/74 M1取号=2 翻之后式子: 系统配置最大实例=2 根环最大实例=1 ⇒ 取号=3；（式子不读的）journal 环里最大实例=1 M2取号=3 M2之前红=["I-7.7"] M2之后红=[]
MIN mode=OnlyDevice0 k=11/74 M1取号=2 翻之后式子: 系统配置最大实例=2 根环最大实例=1 ⇒ 取号=3；（式子不读的）journal 环里最大实例=1 M2取号=3 M2之前红=["I-7.7"] M2之后红=[]
MIN mode=OnlyDevice0 k=12/74 M1取号=2 翻之后式子: 系统配置最大实例=2 根环最大实例=1 ⇒ 取号=3；（式子不读的）journal 环里最大实例=1 M2取号=3 M2之前红=["I-7.7"] M2之后红=[]
MIN mode=OnlyDevice0 k=13/74 M1取号=2 翻之后式子: 系统配置最大实例=2 根环最大实例=1 ⇒ 取号=3；（式子不读的）journal 环里最大实例=1 M2取号=3 M2之前红=["I-7.7"] M2之后红=[]
MIN mode=OnlyDevice0 k=14/74 M1取号=2 翻之后式子: 系统配置最大实例=2 根环最大实例=1 ⇒ 取号=3；（式子不读的）journal 环里最大实例=1 M2取号=3 M2之前红=["I-7.7"] M2之后红=[]
MIN mode=OnlyDevice0 k=15/74 M1取号=2 翻之后式子: 系统配置最大实例=2 根环最大实例=1 ⇒ 取号=3；（式子不读的）journal 环里最大实例=1 M2取号=3 M2之前红=["I-7.7"] M2之后红=[]
MIN mode=OnlyDevice0 k=16/74 M1取号=2 翻之后式子: 系统配置最大实例=2 根环最大实例=1 ⇒ 取号=3；（式子不读的）journal 环里最大实例=1 M2取号=3 M2之前红=["I-7.7"] M2之后红=[]
MIN mode=OnlyDevice0 k=17/74 M1取号=2 翻之后式子: 系统配置最大实例=2 根环最大实例=1 ⇒ 取号=3；（式子不读的）journal 环里最大实例=1 M2取号=3 M2之前红=["I-7.7"] M2之后红=[]
MIN mode=OnlyDevice0 k=18/74 M1取号=2 翻之后式子: 系统配置最大实例=2 根环最大实例=1 ⇒ 取号=3；（式子不读的）journal 环里最大实例=1 M2取号=3 M2之前红=["I-7.7"] M2之后红=[]
MIN mode=OnlyDevice0 k=19/74 M1取号=2 翻之后式子: 系统配置最大实例=2 根环最大实例=1 ⇒ 取号=3；（式子不读的）journal 环里最大实例=1 M2取号=3 M2之前红=["I-7.7"] M2之后红=[]
MIN mode=OnlyDevice0 k=20/74 M1取号=2 翻之后式子: 系统配置最大实例=2 根环最大实例=1 ⇒ 取号=3；（式子不读的）journal 环里最大实例=1 M2取号=3 M2之前红=["I-7.7"] M2之后红=[]
MIN mode=OnlyDevice0 k=21/74 M1取号=2 翻之后式子: 系统配置最大实例=2 根环最大实例=1 ⇒ 取号=3；（式子不读的）journal 环里最大实例=1 M2取号=3 M2之前红=["I-7.7"] M2之后红=[]
MIN mode=OnlyDevice0 k=22/74 M1取号=2 翻之后式子: 系统配置最大实例=2 根环最大实例=1 ⇒ 取号=3；（式子不读的）journal 环里最大实例=1 M2取号=3 M2之前红=["I-7.7"] M2之后红=[]
MIN mode=OnlyDevice0 k=23/74 M1取号=2 翻之后式子: 系统配置最大实例=2 根环最大实例=1 ⇒ 取号=3；（式子不读的）journal 环里最大实例=2 M2取号=3 M2之前红=["I-7.7"] M2之后红=[]
MIN mode=OnlyDevice0 k=24/74 M1取号=2 翻之后式子: 系统配置最大实例=2 根环最大实例=1 ⇒ 取号=3；（式子不读的）journal 环里最大实例=2 M2取号=3 M2之前红=["I-7.7"] M2之后红=[]
MIN mode=OnlyDevice0 k=25/74 M1取号=2 翻之后式子: 系统配置最大实例=2 根环最大实例=1 ⇒ 取号=3；（式子不读的）journal 环里最大实例=2 M2取号=3 M2之前红=["I-7.7"] M2之后红=[]
MIN mode=OnlyDevice0 k=26/74 M1取号=2 翻之后式子: 系统配置最大实例=2 根环最大实例=2 ⇒ 取号=3；（式子不读的）journal 环里最大实例=2 M2取号=3 M2之前红=["I-7.7"] M2之后红=[]
MIN mode=OnlyDevice0 k=27/74 M1取号=2 翻之后式子: 系统配置最大实例=2 根环最大实例=2 ⇒ 取号=3；（式子不读的）journal 环里最大实例=2 M2取号=3 M2之前红=[] M2之后红=[]
MIN mode=OnlyDevice0 k=28/74 M1取号=2 翻之后式子: 系统配置最大实例=2 根环最大实例=2 ⇒ 取号=3；（式子不读的）journal 环里最大实例=2 M2取号=3 M2之前红=[] M2之后红=[]
MIN mode=OnlyDevice0 k=29/74 M1取号=2 翻之后式子: 系统配置最大实例=2 根环最大实例=2 ⇒ 取号=3；（式子不读的）journal 环里最大实例=2 M2取号=3 M2之前红=[] M2之后红=[]
MIN mode=OnlyDevice0 k=30/74 M1取号=2 翻之后式子: 系统配置最大实例=2 根环最大实例=2 ⇒ 取号=3；（式子不读的）journal 环里最大实例=2 M2取号=3 M2之前红=[] M2之后红=[]
MIN mode=OnlyDevice0 k=31/74 M1取号=2 翻之后式子: 系统配置最大实例=2 根环最大实例=2 ⇒ 取号=3；（式子不读的）journal 环里最大实例=2 M2取号=3 M2之前红=[] M2之后红=[]
MIN mode=OnlyDevice0 k=32/74 M1取号=2 翻之后式子: 系统配置最大实例=2 根环最大实例=2 ⇒ 取号=3；（式子不读的）journal 环里最大实例=2 M2取号=3 M2之前红=[] M2之后红=[]
MIN mode=OnlyDevice0 k=33/74 M1取号=2 翻之后式子: 系统配置最大实例=2 根环最大实例=2 ⇒ 取号=3；（式子不读的）journal 环里最大实例=2 M2取号=3 M2之前红=[] M2之后红=[]
MIN mode=OnlyDevice0 k=34/74 M1取号=2 翻之后式子: 系统配置最大实例=2 根环最大实例=2 ⇒ 取号=3；（式子不读的）journal 环里最大实例=2 M2取号=3 M2之前红=[] M2之后红=[]
MIN mode=OnlyDevice0 k=35/74 M1取号=2 翻之后式子: 系统配置最大实例=2 根环最大实例=2 ⇒ 取号=3；（式子不读的）journal 环里最大实例=2 M2取号=3 M2之前红=[] M2之后红=[]
MIN mode=OnlyDevice0 k=36/74 M1取号=2 翻之后式子: 系统配置最大实例=2 根环最大实例=2 ⇒ 取号=3；（式子不读的）journal 环里最大实例=2 M2取号=3 M2之前红=[] M2之后红=[]
MIN mode=OnlyDevice0 k=37/74 M1取号=2 翻之后式子: 系统配置最大实例=2 根环最大实例=2 ⇒ 取号=3；（式子不读的）journal 环里最大实例=2 M2取号=3 M2之前红=[] M2之后红=[]
MIN mode=OnlyDevice0 k=38/74 M1取号=2 翻之后式子: 系统配置最大实例=2 根环最大实例=2 ⇒ 取号=3；（式子不读的）journal 环里最大实例=2 M2取号=3 M2之前红=[] M2之后红=[]
MIN mode=OnlyDevice0 k=39/74 M1取号=2 翻之后式子: 系统配置最大实例=2 根环最大实例=2 ⇒ 取号=3；（式子不读的）journal 环里最大实例=2 M2取号=3 M2之前红=[] M2之后红=[]
MIN mode=OnlyDevice0 k=40/74 M1取号=2 翻之后式子: 系统配置最大实例=2 根环最大实例=2 ⇒ 取号=3；（式子不读的）journal 环里最大实例=2 M2取号=3 M2之前红=[] M2之后红=[]
MIN mode=OnlyDevice0 k=41/74 M1取号=2 翻之后式子: 系统配置最大实例=2 根环最大实例=2 ⇒ 取号=3；（式子不读的）journal 环里最大实例=2 M2取号=3 M2之前红=[] M2之后红=[]
MIN mode=OnlyDevice0 k=42/74 M1取号=2 翻之后式子: 系统配置最大实例=2 根环最大实例=2 ⇒ 取号=3；（式子不读的）journal 环里最大实例=2 M2取号=3 M2之前红=[] M2之后红=[]
MIN mode=OnlyDevice0 k=43/74 M1取号=2 翻之后式子: 系统配置最大实例=2 根环最大实例=2 ⇒ 取号=3；（式子不读的）journal 环里最大实例=2 M2取号=3 M2之前红=[] M2之后红=[]
MIN mode=OnlyDevice0 k=44/74 M1取号=2 翻之后式子: 系统配置最大实例=2 根环最大实例=2 ⇒ 取号=3；（式子不读的）journal 环里最大实例=2 M2取号=3 M2之前红=[] M2之后红=[]
MIN mode=OnlyDevice0 k=45/74 M1取号=2 翻之后式子: 系统配置最大实例=2 根环最大实例=2 ⇒ 取号=3；（式子不读的）journal 环里最大实例=2 M2取号=3 M2之前红=[] M2之后红=[]
MIN mode=OnlyDevice0 k=46/74 M1取号=2 翻之后式子: 系统配置最大实例=2 根环最大实例=2 ⇒ 取号=3；（式子不读的）journal 环里最大实例=2 M2取号=3 M2之前红=[] M2之后红=[]
MIN mode=OnlyDevice0 k=47/74 M1取号=2 翻之后式子: 系统配置最大实例=2 根环最大实例=2 ⇒ 取号=3；（式子不读的）journal 环里最大实例=2 M2取号=3 M2之前红=[] M2之后红=[]
MIN mode=OnlyDevice0 k=48/74 M1取号=2 翻之后式子: 系统配置最大实例=2 根环最大实例=2 ⇒ 取号=3；（式子不读的）journal 环里最大实例=2 M2取号=3 M2之前红=[] M2之后红=[]
MIN mode=OnlyDevice0 k=49/74 M1取号=2 翻之后式子: 系统配置最大实例=2 根环最大实例=2 ⇒ 取号=3；（式子不读的）journal 环里最大实例=2 M2取号=3 M2之前红=[] M2之后红=[]
MIN mode=OnlyDevice0 k=50/74 M1取号=2 翻之后式子: 系统配置最大实例=2 根环最大实例=2 ⇒ 取号=3；（式子不读的）journal 环里最大实例=2 M2取号=3 M2之前红=[] M2之后红=[]
MIN mode=OnlyDevice0 k=51/74 M1取号=2 翻之后式子: 系统配置最大实例=2 根环最大实例=2 ⇒ 取号=3；（式子不读的）journal 环里最大实例=2 M2取号=3 M2之前红=[] M2之后红=[]
MIN mode=OnlyDevice0 k=52/74 M1取号=2 翻之后式子: 系统配置最大实例=2 根环最大实例=2 ⇒ 取号=3；（式子不读的）journal 环里最大实例=2 M2取号=3 M2之前红=[] M2之后红=[]
MIN mode=OnlyDevice0 k=53/74 M1取号=2 翻之后式子: 系统配置最大实例=2 根环最大实例=2 ⇒ 取号=3；（式子不读的）journal 环里最大实例=2 M2取号=3 M2之前红=[] M2之后红=[]
MIN mode=OnlyDevice0 k=54/74 M1取号=2 翻之后式子: 系统配置最大实例=2 根环最大实例=2 ⇒ 取号=3；（式子不读的）journal 环里最大实例=2 M2取号=3 M2之前红=[] M2之后红=[]
MIN mode=OnlyDevice0 k=55/74 M1取号=2 翻之后式子: 系统配置最大实例=2 根环最大实例=2 ⇒ 取号=3；（式子不读的）journal 环里最大实例=2 M2取号=3 M2之前红=[] M2之后红=[]
MIN mode=OnlyDevice0 k=56/74 M1取号=2 翻之后式子: 系统配置最大实例=2 根环最大实例=2 ⇒ 取号=3；（式子不读的）journal 环里最大实例=2 M2取号=3 M2之前红=[] M2之后红=[]
MIN mode=OnlyDevice0 k=57/74 M1取号=2 翻之后式子: 系统配置最大实例=2 根环最大实例=2 ⇒ 取号=3；（式子不读的）journal 环里最大实例=2 M2取号=3 M2之前红=[] M2之后红=[]
MIN mode=OnlyDevice0 k=58/74 M1取号=2 翻之后式子: 系统配置最大实例=2 根环最大实例=2 ⇒ 取号=3；（式子不读的）journal 环里最大实例=2 M2取号=3 M2之前红=[] M2之后红=[]
MIN mode=OnlyDevice0 k=59/74 M1取号=2 翻之后式子: 系统配置最大实例=2 根环最大实例=2 ⇒ 取号=3；（式子不读的）journal 环里最大实例=2 M2取号=3 M2之前红=[] M2之后红=[]
MIN mode=OnlyDevice0 k=60/74 M1取号=2 翻之后式子: 系统配置最大实例=2 根环最大实例=2 ⇒ 取号=3；（式子不读的）journal 环里最大实例=2 M2取号=3 M2之前红=[] M2之后红=[]
MIN mode=OnlyDevice0 k=61/74 M1取号=2 翻之后式子: 系统配置最大实例=2 根环最大实例=2 ⇒ 取号=3；（式子不读的）journal 环里最大实例=2 M2取号=3 M2之前红=[] M2之后红=[]
MIN mode=OnlyDevice0 k=62/74 M1取号=2 翻之后式子: 系统配置最大实例=2 根环最大实例=2 ⇒ 取号=3；（式子不读的）journal 环里最大实例=2 M2取号=3 M2之前红=[] M2之后红=[]
MIN mode=OnlyDevice0 k=63/74 M1取号=2 翻之后式子: 系统配置最大实例=2 根环最大实例=2 ⇒ 取号=3；（式子不读的）journal 环里最大实例=2 M2取号=3 M2之前红=[] M2之后红=[]
MIN mode=OnlyDevice0 k=64/74 M1取号=2 翻之后式子: 系统配置最大实例=2 根环最大实例=2 ⇒ 取号=3；（式子不读的）journal 环里最大实例=2 M2取号=3 M2之前红=[] M2之后红=[]
MIN mode=OnlyDevice0 k=65/74 M1取号=2 翻之后式子: 系统配置最大实例=2 根环最大实例=2 ⇒ 取号=3；（式子不读的）journal 环里最大实例=2 M2取号=3 M2之前红=[] M2之后红=[]
MIN mode=OnlyDevice0 k=66/74 M1取号=2 翻之后式子: 系统配置最大实例=2 根环最大实例=2 ⇒ 取号=3；（式子不读的）journal 环里最大实例=2 M2取号=3 M2之前红=[] M2之后红=[]
MIN mode=OnlyDevice0 k=67/74 M1取号=2 翻之后式子: 系统配置最大实例=2 根环最大实例=2 ⇒ 取号=3；（式子不读的）journal 环里最大实例=2 M2取号=3 M2之前红=[] M2之后红=[]
MIN mode=OnlyDevice0 k=68/74 M1取号=2 翻之后式子: 系统配置最大实例=2 根环最大实例=2 ⇒ 取号=3；（式子不读的）journal 环里最大实例=2 M2取号=3 M2之前红=[] M2之后红=[]
MIN mode=OnlyDevice0 k=69/74 M1取号=2 翻之后式子: 系统配置最大实例=2 根环最大实例=2 ⇒ 取号=3；（式子不读的）journal 环里最大实例=2 M2取号=3 M2之前红=[] M2之后红=[]
MIN mode=OnlyDevice0 k=70/74 M1取号=2 翻之后式子: 系统配置最大实例=2 根环最大实例=2 ⇒ 取号=3；（式子不读的）journal 环里最大实例=2 M2取号=3 M2之前红=[] M2之后红=[]
MIN mode=OnlyDevice0 k=71/74 M1取号=2 翻之后式子: 系统配置最大实例=2 根环最大实例=2 ⇒ 取号=3；（式子不读的）journal 环里最大实例=2 M2取号=3 M2之前红=[] M2之后红=[]
MIN mode=OnlyDevice0 k=72/74 M1取号=2 翻之后式子: 系统配置最大实例=2 根环最大实例=2 ⇒ 取号=3；（式子不读的）journal 环里最大实例=2 M2取号=3 M2之前红=[] M2之后红=[]
MIN mode=OnlyDevice0 k=73/74 M1取号=2 翻之后式子: 系统配置最大实例=2 根环最大实例=2 ⇒ 取号=3；（式子不读的）journal 环里最大实例=2 M2取号=3 M2之前红=[] M2之后红=[]
MIN mode=OnlyDevice0 k=74/74 M1取号=2 翻之后式子: 系统配置最大实例=2 根环最大实例=2 ⇒ 取号=3；（式子不读的）journal 环里最大实例=2 M2取号=3 M2之前红=[] M2之后红=[]
MIN summary mode=OnlyDevice0 录制流 74 条 M2之后 I-8.6 红的 k = []
MIN mode=None k=0/74 M1取号=2 翻之后式子: 系统配置最大实例=1 根环最大实例=1 ⇒ 取号=2；（式子不读的）journal 环里最大实例=1 M2取号=2 M2之前红=[] M2之后红=[]
MIN mode=None k=1/74 M1取号=2 翻之后式子: 系统配置最大实例=2 根环最大实例=1 ⇒ 取号=3；（式子不读的）journal 环里最大实例=1 M2取号=3 M2之前红=[] M2之后红=[]
MIN mode=None k=2/74 M1取号=2 翻之后式子: 系统配置最大实例=2 根环最大实例=1 ⇒ 取号=3；（式子不读的）journal 环里最大实例=1 M2取号=3 M2之前红=[] M2之后红=[]
MIN mode=None k=3/74 M1取号=2 翻之后式子: 系统配置最大实例=2 根环最大实例=1 ⇒ 取号=3；（式子不读的）journal 环里最大实例=1 M2取号=3 M2之前红=[] M2之后红=[]
MIN mode=None k=4/74 M1取号=2 翻之后式子: 系统配置最大实例=2 根环最大实例=1 ⇒ 取号=3；（式子不读的）journal 环里最大实例=1 M2取号=3 M2之前红=[] M2之后红=[]
MIN mode=None k=5/74 M1取号=2 翻之后式子: 系统配置最大实例=2 根环最大实例=1 ⇒ 取号=3；（式子不读的）journal 环里最大实例=1 M2取号=3 M2之前红=[] M2之后红=[]
MIN mode=None k=6/74 M1取号=2 翻之后式子: 系统配置最大实例=2 根环最大实例=1 ⇒ 取号=3；（式子不读的）journal 环里最大实例=1 M2取号=3 M2之前红=[] M2之后红=[]
MIN mode=None k=7/74 M1取号=2 翻之后式子: 系统配置最大实例=2 根环最大实例=1 ⇒ 取号=3；（式子不读的）journal 环里最大实例=1 M2取号=3 M2之前红=[] M2之后红=[]
MIN mode=None k=8/74 M1取号=2 翻之后式子: 系统配置最大实例=2 根环最大实例=1 ⇒ 取号=3；（式子不读的）journal 环里最大实例=1 M2取号=3 M2之前红=[] M2之后红=[]
MIN mode=None k=9/74 M1取号=2 翻之后式子: 系统配置最大实例=2 根环最大实例=1 ⇒ 取号=3；（式子不读的）journal 环里最大实例=1 M2取号=3 M2之前红=[] M2之后红=[]
MIN mode=None k=10/74 M1取号=2 翻之后式子: 系统配置最大实例=2 根环最大实例=1 ⇒ 取号=3；（式子不读的）journal 环里最大实例=1 M2取号=3 M2之前红=[] M2之后红=[]
MIN mode=None k=11/74 M1取号=2 翻之后式子: 系统配置最大实例=2 根环最大实例=1 ⇒ 取号=3；（式子不读的）journal 环里最大实例=1 M2取号=3 M2之前红=[] M2之后红=[]
MIN mode=None k=12/74 M1取号=2 翻之后式子: 系统配置最大实例=2 根环最大实例=1 ⇒ 取号=3；（式子不读的）journal 环里最大实例=1 M2取号=3 M2之前红=[] M2之后红=[]
MIN mode=None k=13/74 M1取号=2 翻之后式子: 系统配置最大实例=2 根环最大实例=1 ⇒ 取号=3；（式子不读的）journal 环里最大实例=1 M2取号=3 M2之前红=[] M2之后红=[]
MIN mode=None k=14/74 M1取号=2 翻之后式子: 系统配置最大实例=2 根环最大实例=1 ⇒ 取号=3；（式子不读的）journal 环里最大实例=1 M2取号=3 M2之前红=[] M2之后红=[]
MIN mode=None k=15/74 M1取号=2 翻之后式子: 系统配置最大实例=2 根环最大实例=1 ⇒ 取号=3；（式子不读的）journal 环里最大实例=1 M2取号=3 M2之前红=[] M2之后红=[]
MIN mode=None k=16/74 M1取号=2 翻之后式子: 系统配置最大实例=2 根环最大实例=1 ⇒ 取号=3；（式子不读的）journal 环里最大实例=1 M2取号=3 M2之前红=[] M2之后红=[]
MIN mode=None k=17/74 M1取号=2 翻之后式子: 系统配置最大实例=2 根环最大实例=1 ⇒ 取号=3；（式子不读的）journal 环里最大实例=1 M2取号=3 M2之前红=[] M2之后红=[]
MIN mode=None k=18/74 M1取号=2 翻之后式子: 系统配置最大实例=2 根环最大实例=1 ⇒ 取号=3；（式子不读的）journal 环里最大实例=1 M2取号=3 M2之前红=[] M2之后红=[]
MIN mode=None k=19/74 M1取号=2 翻之后式子: 系统配置最大实例=2 根环最大实例=1 ⇒ 取号=3；（式子不读的）journal 环里最大实例=1 M2取号=3 M2之前红=[] M2之后红=[]
MIN mode=None k=20/74 M1取号=2 翻之后式子: 系统配置最大实例=2 根环最大实例=1 ⇒ 取号=3；（式子不读的）journal 环里最大实例=1 M2取号=3 M2之前红=[] M2之后红=[]
MIN mode=None k=21/74 M1取号=2 翻之后式子: 系统配置最大实例=2 根环最大实例=1 ⇒ 取号=3；（式子不读的）journal 环里最大实例=1 M2取号=3 M2之前红=[] M2之后红=[]
MIN mode=None k=22/74 M1取号=2 翻之后式子: 系统配置最大实例=2 根环最大实例=1 ⇒ 取号=3；（式子不读的）journal 环里最大实例=1 M2取号=3 M2之前红=[] M2之后红=[]
MIN mode=None k=23/74 M1取号=2 翻之后式子: 系统配置最大实例=2 根环最大实例=1 ⇒ 取号=3；（式子不读的）journal 环里最大实例=2 M2取号=3 M2之前红=[] M2之后红=[]
MIN mode=None k=24/74 M1取号=2 翻之后式子: 系统配置最大实例=2 根环最大实例=1 ⇒ 取号=3；（式子不读的）journal 环里最大实例=2 M2取号=3 M2之前红=[] M2之后红=[]
MIN mode=None k=25/74 M1取号=2 翻之后式子: 系统配置最大实例=2 根环最大实例=1 ⇒ 取号=3；（式子不读的）journal 环里最大实例=2 M2取号=3 M2之前红=[] M2之后红=[]
MIN mode=None k=26/74 M1取号=2 翻之后式子: 系统配置最大实例=2 根环最大实例=2 ⇒ 取号=3；（式子不读的）journal 环里最大实例=2 M2取号=3 M2之前红=[] M2之后红=[]
MIN mode=None k=27/74 M1取号=2 翻之后式子: 系统配置最大实例=2 根环最大实例=2 ⇒ 取号=3；（式子不读的）journal 环里最大实例=2 M2取号=3 M2之前红=[] M2之后红=[]
MIN mode=None k=28/74 M1取号=2 翻之后式子: 系统配置最大实例=2 根环最大实例=2 ⇒ 取号=3；（式子不读的）journal 环里最大实例=2 M2取号=3 M2之前红=[] M2之后红=[]
MIN mode=None k=29/74 M1取号=2 翻之后式子: 系统配置最大实例=2 根环最大实例=2 ⇒ 取号=3；（式子不读的）journal 环里最大实例=2 M2取号=3 M2之前红=[] M2之后红=[]
MIN mode=None k=30/74 M1取号=2 翻之后式子: 系统配置最大实例=2 根环最大实例=2 ⇒ 取号=3；（式子不读的）journal 环里最大实例=2 M2取号=3 M2之前红=[] M2之后红=[]
MIN mode=None k=31/74 M1取号=2 翻之后式子: 系统配置最大实例=2 根环最大实例=2 ⇒ 取号=3；（式子不读的）journal 环里最大实例=2 M2取号=3 M2之前红=[] M2之后红=[]
MIN mode=None k=32/74 M1取号=2 翻之后式子: 系统配置最大实例=2 根环最大实例=2 ⇒ 取号=3；（式子不读的）journal 环里最大实例=2 M2取号=3 M2之前红=[] M2之后红=[]
MIN mode=None k=33/74 M1取号=2 翻之后式子: 系统配置最大实例=2 根环最大实例=2 ⇒ 取号=3；（式子不读的）journal 环里最大实例=2 M2取号=3 M2之前红=[] M2之后红=[]
MIN mode=None k=34/74 M1取号=2 翻之后式子: 系统配置最大实例=2 根环最大实例=2 ⇒ 取号=3；（式子不读的）journal 环里最大实例=2 M2取号=3 M2之前红=[] M2之后红=[]
MIN mode=None k=35/74 M1取号=2 翻之后式子: 系统配置最大实例=2 根环最大实例=2 ⇒ 取号=3；（式子不读的）journal 环里最大实例=2 M2取号=3 M2之前红=[] M2之后红=[]
MIN mode=None k=36/74 M1取号=2 翻之后式子: 系统配置最大实例=2 根环最大实例=2 ⇒ 取号=3；（式子不读的）journal 环里最大实例=2 M2取号=3 M2之前红=[] M2之后红=[]
MIN mode=None k=37/74 M1取号=2 翻之后式子: 系统配置最大实例=2 根环最大实例=2 ⇒ 取号=3；（式子不读的）journal 环里最大实例=2 M2取号=3 M2之前红=[] M2之后红=[]
MIN mode=None k=38/74 M1取号=2 翻之后式子: 系统配置最大实例=2 根环最大实例=2 ⇒ 取号=3；（式子不读的）journal 环里最大实例=2 M2取号=3 M2之前红=[] M2之后红=[]
MIN mode=None k=39/74 M1取号=2 翻之后式子: 系统配置最大实例=2 根环最大实例=2 ⇒ 取号=3；（式子不读的）journal 环里最大实例=2 M2取号=3 M2之前红=[] M2之后红=[]
MIN mode=None k=40/74 M1取号=2 翻之后式子: 系统配置最大实例=2 根环最大实例=2 ⇒ 取号=3；（式子不读的）journal 环里最大实例=2 M2取号=3 M2之前红=[] M2之后红=[]
MIN mode=None k=41/74 M1取号=2 翻之后式子: 系统配置最大实例=2 根环最大实例=2 ⇒ 取号=3；（式子不读的）journal 环里最大实例=2 M2取号=3 M2之前红=[] M2之后红=[]
MIN mode=None k=42/74 M1取号=2 翻之后式子: 系统配置最大实例=2 根环最大实例=2 ⇒ 取号=3；（式子不读的）journal 环里最大实例=2 M2取号=3 M2之前红=[] M2之后红=[]
MIN mode=None k=43/74 M1取号=2 翻之后式子: 系统配置最大实例=2 根环最大实例=2 ⇒ 取号=3；（式子不读的）journal 环里最大实例=2 M2取号=3 M2之前红=[] M2之后红=[]
MIN mode=None k=44/74 M1取号=2 翻之后式子: 系统配置最大实例=2 根环最大实例=2 ⇒ 取号=3；（式子不读的）journal 环里最大实例=2 M2取号=3 M2之前红=[] M2之后红=[]
MIN mode=None k=45/74 M1取号=2 翻之后式子: 系统配置最大实例=2 根环最大实例=2 ⇒ 取号=3；（式子不读的）journal 环里最大实例=2 M2取号=3 M2之前红=[] M2之后红=[]
MIN mode=None k=46/74 M1取号=2 翻之后式子: 系统配置最大实例=2 根环最大实例=2 ⇒ 取号=3；（式子不读的）journal 环里最大实例=2 M2取号=3 M2之前红=[] M2之后红=[]
MIN mode=None k=47/74 M1取号=2 翻之后式子: 系统配置最大实例=2 根环最大实例=2 ⇒ 取号=3；（式子不读的）journal 环里最大实例=2 M2取号=3 M2之前红=[] M2之后红=[]
MIN mode=None k=48/74 M1取号=2 翻之后式子: 系统配置最大实例=2 根环最大实例=2 ⇒ 取号=3；（式子不读的）journal 环里最大实例=2 M2取号=3 M2之前红=[] M2之后红=[]
MIN mode=None k=49/74 M1取号=2 翻之后式子: 系统配置最大实例=2 根环最大实例=2 ⇒ 取号=3；（式子不读的）journal 环里最大实例=2 M2取号=3 M2之前红=[] M2之后红=[]
MIN mode=None k=50/74 M1取号=2 翻之后式子: 系统配置最大实例=2 根环最大实例=2 ⇒ 取号=3；（式子不读的）journal 环里最大实例=2 M2取号=3 M2之前红=[] M2之后红=[]
MIN mode=None k=51/74 M1取号=2 翻之后式子: 系统配置最大实例=2 根环最大实例=2 ⇒ 取号=3；（式子不读的）journal 环里最大实例=2 M2取号=3 M2之前红=[] M2之后红=[]
MIN mode=None k=52/74 M1取号=2 翻之后式子: 系统配置最大实例=2 根环最大实例=2 ⇒ 取号=3；（式子不读的）journal 环里最大实例=2 M2取号=3 M2之前红=[] M2之后红=[]
MIN mode=None k=53/74 M1取号=2 翻之后式子: 系统配置最大实例=2 根环最大实例=2 ⇒ 取号=3；（式子不读的）journal 环里最大实例=2 M2取号=3 M2之前红=[] M2之后红=[]
MIN mode=None k=54/74 M1取号=2 翻之后式子: 系统配置最大实例=2 根环最大实例=2 ⇒ 取号=3；（式子不读的）journal 环里最大实例=2 M2取号=3 M2之前红=[] M2之后红=[]
MIN mode=None k=55/74 M1取号=2 翻之后式子: 系统配置最大实例=2 根环最大实例=2 ⇒ 取号=3；（式子不读的）journal 环里最大实例=2 M2取号=3 M2之前红=[] M2之后红=[]
MIN mode=None k=56/74 M1取号=2 翻之后式子: 系统配置最大实例=2 根环最大实例=2 ⇒ 取号=3；（式子不读的）journal 环里最大实例=2 M2取号=3 M2之前红=[] M2之后红=[]
MIN mode=None k=57/74 M1取号=2 翻之后式子: 系统配置最大实例=2 根环最大实例=2 ⇒ 取号=3；（式子不读的）journal 环里最大实例=2 M2取号=3 M2之前红=[] M2之后红=[]
MIN mode=None k=58/74 M1取号=2 翻之后式子: 系统配置最大实例=2 根环最大实例=2 ⇒ 取号=3；（式子不读的）journal 环里最大实例=2 M2取号=3 M2之前红=[] M2之后红=[]
MIN mode=None k=59/74 M1取号=2 翻之后式子: 系统配置最大实例=2 根环最大实例=2 ⇒ 取号=3；（式子不读的）journal 环里最大实例=2 M2取号=3 M2之前红=[] M2之后红=[]
MIN mode=None k=60/74 M1取号=2 翻之后式子: 系统配置最大实例=2 根环最大实例=2 ⇒ 取号=3；（式子不读的）journal 环里最大实例=2 M2取号=3 M2之前红=[] M2之后红=[]
MIN mode=None k=61/74 M1取号=2 翻之后式子: 系统配置最大实例=2 根环最大实例=2 ⇒ 取号=3；（式子不读的）journal 环里最大实例=2 M2取号=3 M2之前红=[] M2之后红=[]
MIN mode=None k=62/74 M1取号=2 翻之后式子: 系统配置最大实例=2 根环最大实例=2 ⇒ 取号=3；（式子不读的）journal 环里最大实例=2 M2取号=3 M2之前红=[] M2之后红=[]
MIN mode=None k=63/74 M1取号=2 翻之后式子: 系统配置最大实例=2 根环最大实例=2 ⇒ 取号=3；（式子不读的）journal 环里最大实例=2 M2取号=3 M2之前红=[] M2之后红=[]
MIN mode=None k=64/74 M1取号=2 翻之后式子: 系统配置最大实例=2 根环最大实例=2 ⇒ 取号=3；（式子不读的）journal 环里最大实例=2 M2取号=3 M2之前红=[] M2之后红=[]
MIN mode=None k=65/74 M1取号=2 翻之后式子: 系统配置最大实例=2 根环最大实例=2 ⇒ 取号=3；（式子不读的）journal 环里最大实例=2 M2取号=3 M2之前红=[] M2之后红=[]
MIN mode=None k=66/74 M1取号=2 翻之后式子: 系统配置最大实例=2 根环最大实例=2 ⇒ 取号=3；（式子不读的）journal 环里最大实例=2 M2取号=3 M2之前红=[] M2之后红=[]
MIN mode=None k=67/74 M1取号=2 翻之后式子: 系统配置最大实例=2 根环最大实例=2 ⇒ 取号=3；（式子不读的）journal 环里最大实例=2 M2取号=3 M2之前红=[] M2之后红=[]
MIN mode=None k=68/74 M1取号=2 翻之后式子: 系统配置最大实例=2 根环最大实例=2 ⇒ 取号=3；（式子不读的）journal 环里最大实例=2 M2取号=3 M2之前红=[] M2之后红=[]
MIN mode=None k=69/74 M1取号=2 翻之后式子: 系统配置最大实例=2 根环最大实例=2 ⇒ 取号=3；（式子不读的）journal 环里最大实例=2 M2取号=3 M2之前红=[] M2之后红=[]
MIN mode=None k=70/74 M1取号=2 翻之后式子: 系统配置最大实例=2 根环最大实例=2 ⇒ 取号=3；（式子不读的）journal 环里最大实例=2 M2取号=3 M2之前红=[] M2之后红=[]
MIN mode=None k=71/74 M1取号=2 翻之后式子: 系统配置最大实例=2 根环最大实例=2 ⇒ 取号=3；（式子不读的）journal 环里最大实例=2 M2取号=3 M2之前红=[] M2之后红=[]
MIN mode=None k=72/74 M1取号=2 翻之后式子: 系统配置最大实例=2 根环最大实例=2 ⇒ 取号=3；（式子不读的）journal 环里最大实例=2 M2取号=3 M2之前红=[] M2之后红=[]
MIN mode=None k=73/74 M1取号=2 翻之后式子: 系统配置最大实例=2 根环最大实例=2 ⇒ 取号=3；（式子不读的）journal 环里最大实例=2 M2取号=3 M2之前红=[] M2之后红=[]
MIN mode=None k=74/74 M1取号=2 翻之后式子: 系统配置最大实例=2 根环最大实例=2 ⇒ 取号=3；（式子不读的）journal 环里最大实例=2 M2取号=3 M2之前红=[] M2之后红=[]
MIN summary mode=None 录制流 74 条 M2之后 I-8.6 红的 k = []
==== 最小历史逐步读数（BothDevices, k=23）====
  [起点]
    系统配置: 盘0 [槽0:自证 世代8 实例1 tail6 见证[] | 槽1:自证 世代9 实例1 tail7 见证[]]  盘1 [槽0:自证 世代8 实例1 tail6 见证[] | 槽1:自证 世代9 实例1 tail7 见证[]]
    根环: (0,0)@区0槽0 (1,1)@区1槽0 (1,2)@区2槽0 (1,3)@区0槽1 (1,4)@区1槽1 (1,5)@区2槽1 (1,6)@区0槽2 (1,7)@区1槽2
    式子: 系统配置最大实例=1 根环最大实例=1 ⇒ 取号=2；（式子不读的）journal 环里最大实例=1
    盘0 journal: c1:实例1 txg1 tx0 链0x00000000 链ok(首条) ; c2:实例1 txg2 tx0 链0x29ac9fee 链ok ; c3:实例1 txg3 tx1 链0xeab5e31a 链ok ; c4:实例1 txg4 tx2 链0x94caef24 链ok ; c5:实例1 txg5 tx3 链0x5b9c6cb3 链ok ; c6:实例1 txg6 tx4 链0x8c47a5bc 链ok ; c7:实例1 txg7 tx5 链0x3ed954e3 链ok
    盘1 journal: c1:实例1 txg1 tx0 链0x00000000 链ok(首条) ; c2:实例1 txg2 tx0 链0x29ac9fee 链ok ; c3:实例1 txg3 tx1 链0xeab5e31a 链ok ; c4:实例1 txg4 tx2 链0x94caef24 链ok ; c5:实例1 txg5 tx3 链0x5b9c6cb3 链ok ; c6:实例1 txg6 tx4 链0x8c47a5bc 链ok ; c7:实例1 txg7 tx5 链0x3ed954e3 链ok
    checker 红项: 全绿
M1: 可写挂载 所选根=(1,7) 取号=2 录制流 74 条、落 23 条
      #0 盘0 Write 系统配置槽0 [落]
      #1 盘1 Write 系统配置槽0 [落]
      #2 盘0 Barrier 屏障 [落]
      #3 盘0 Write 单元区 off=824180736 [落]
      #4 盘1 Write 单元区 off=824180736 [落]
      #5 盘0 Write 单元区 off=824213504 [落]
      #6 盘1 Write 单元区 off=824213504 [落]
      #7 盘0 Write 单元区 off=824229888 [落]
      #8 盘1 Write 单元区 off=824229888 [落]
      #9 盘0 Write 单元区 off=824246272 [落]
      #10 盘1 Write 单元区 off=824246272 [落]
      #11 盘0 Write 单元区 off=824262656 [落]
      #12 盘1 Write 单元区 off=824262656 [落]
      #13 盘0 Write 单元区 off=824279040 [落]
      #14 盘1 Write 单元区 off=824279040 [落]
      #15 盘0 Write 单元区 off=824295424 [落]
      #16 盘1 Write 单元区 off=824295424 [落]
      #17 盘0 Write 单元区 off=824311808 [落]
      #18 盘1 Write 单元区 off=824311808 [落]
      #19 盘0 Write 单元区 off=824328192 [落]
      #20 盘1 Write 单元区 off=824328192 [落]
      #21 盘0 Barrier 屏障 [落]
      #22 盘0 Write journal c8(实例2) [落]
      #23 盘1 Write journal c8(实例2) [未落]
      #24 盘0 Barrier 屏障 [未落]
      #25 盘0 WriteForceUnitAccess 根环区2槽2 [未落]
      #26 盘0 Write 系统配置槽1 [未落]
      #27 盘1 Write 系统配置槽1 [未落]
      #28 盘0 Write 单元区 off=824344576 [未落]
      #29 盘1 Write 单元区 off=824344576 [未落]
      #30 盘0 Write 单元区 off=824360960 [未落]
      #31 盘1 Write 单元区 off=824360960 [未落]
      #32 盘0 Write 单元区 off=824377344 [未落]
      #33 盘1 Write 单元区 off=824377344 [未落]
      #34 盘0 Write 单元区 off=824393728 [未落]
      #35 盘1 Write 单元区 off=824393728 [未落]
      #36 盘0 Write 单元区 off=824410112 [未落]
      #37 盘1 Write 单元区 off=824410112 [未落]
      #38 盘0 Write 单元区 off=824426496 [未落]
      #39 盘1 Write 单元区 off=824426496 [未落]
      #40 盘0 Write 单元区 off=824442880 [未落]
      #41 盘1 Write 单元区 off=824442880 [未落]
      #42 盘0 Write 单元区 off=824459264 [未落]
      #43 盘1 Write 单元区 off=824459264 [未落]
      #44 盘0 Barrier 屏障 [未落]
      #45 盘0 Write journal c9(实例2) [未落]
      #46 盘1 Write journal c9(实例2) [未落]
      #47 盘0 Barrier 屏障 [未落]
      #48 盘0 WriteForceUnitAccess 根环区0槽3 [未落]
      #49 盘0 Write 系统配置槽0 [未落]
      #50 盘1 Write 系统配置槽0 [未落]
      #51 盘0 Write 单元区 off=824475648 [未落]
      #52 盘1 Write 单元区 off=824475648 [未落]
      #53 盘0 Write 单元区 off=824492032 [未落]
      #54 盘1 Write 单元区 off=824492032 [未落]
      #55 盘0 Write 单元区 off=824508416 [未落]
      #56 盘1 Write 单元区 off=824508416 [未落]
      #57 盘0 Write 单元区 off=824524800 [未落]
      #58 盘1 Write 单元区 off=824524800 [未落]
      #59 盘0 Write 单元区 off=824541184 [未落]
      #60 盘1 Write 单元区 off=824541184 [未落]
      #61 盘0 Write 单元区 off=824557568 [未落]
      #62 盘1 Write 单元区 off=824557568 [未落]
      #63 盘0 Write 单元区 off=824573952 [未落]
      #64 盘1 Write 单元区 off=824573952 [未落]
      #65 盘0 Write 单元区 off=824590336 [未落]
      #66 盘1 Write 单元区 off=824590336 [未落]
      #67 盘0 Barrier 屏障 [未落]
      #68 盘0 Write journal c10(实例2) [未落]
      #69 盘1 Write journal c10(实例2) [未落]
      #70 盘0 Barrier 屏障 [未落]
      #71 盘1 WriteForceUnitAccess 根环区1槽3 [未落]
      #72 盘0 Write 系统配置槽1 [未落]
      #73 盘1 Write 系统配置槽1 [未落]
  [M1 崩之后]
    系统配置: 盘0 [槽0:自证 世代10 实例2 tail0 见证[] | 槽1:自证 世代9 实例1 tail7 见证[]]  盘1 [槽0:自证 世代10 实例2 tail0 见证[] | 槽1:自证 世代9 实例1 tail7 见证[]]
    根环: (0,0)@区0槽0 (1,1)@区1槽0 (1,2)@区2槽0 (1,3)@区0槽1 (1,4)@区1槽1 (1,5)@区2槽1 (1,6)@区0槽2 (1,7)@区1槽2
    式子: 系统配置最大实例=2 根环最大实例=1 ⇒ 取号=3；（式子不读的）journal 环里最大实例=2
    盘0 journal: c1:实例1 txg1 tx0 链0x00000000 链ok(首条) ; c2:实例1 txg2 tx0 链0x29ac9fee 链ok ; c3:实例1 txg3 tx1 链0xeab5e31a 链ok ; c4:实例1 txg4 tx2 链0x94caef24 链ok ; c5:实例1 txg5 tx3 链0x5b9c6cb3 链ok ; c6:实例1 txg6 tx4 链0x8c47a5bc 链ok ; c7:实例1 txg7 tx5 链0x3ed954e3 链ok ; c8:实例2 txg8 tx0 链0x00000000 链ok(跨实例首条)
    盘1 journal: c1:实例1 txg1 tx0 链0x00000000 链ok(首条) ; c2:实例1 txg2 tx0 链0x29ac9fee 链ok ; c3:实例1 txg3 tx1 链0xeab5e31a 链ok ; c4:实例1 txg4 tx2 链0x94caef24 链ok ; c5:实例1 txg5 tx3 链0x5b9c6cb3 链ok ; c6:实例1 txg6 tx4 链0x8c47a5bc 链ok ; c7:实例1 txg7 tx5 链0x3ed954e3 链ok
    checker 红项: 全绿
翻系统配置槽（BothDevices）: Some([(0, 0), (1, 0)])
  [翻之后、M2 之前]
    系统配置: 盘0 [槽0:坏 | 槽1:自证 世代9 实例1 tail7 见证[]]  盘1 [槽0:坏 | 槽1:自证 世代9 实例1 tail7 见证[]]
    根环: (0,0)@区0槽0 (1,1)@区1槽0 (1,2)@区2槽0 (1,3)@区0槽1 (1,4)@区1槽1 (1,5)@区2槽1 (1,6)@区0槽2 (1,7)@区1槽2
    式子: 系统配置最大实例=1 根环最大实例=1 ⇒ 取号=2；（式子不读的）journal 环里最大实例=2
    盘0 journal: c1:实例1 txg1 tx0 链0x00000000 链ok(首条) ; c2:实例1 txg2 tx0 链0x29ac9fee 链ok ; c3:实例1 txg3 tx1 链0xeab5e31a 链ok ; c4:实例1 txg4 tx2 链0x94caef24 链ok ; c5:实例1 txg5 tx3 链0x5b9c6cb3 链ok ; c6:实例1 txg6 tx4 链0x8c47a5bc 链ok ; c7:实例1 txg7 tx5 链0x3ed954e3 链ok ; c8:实例2 txg8 tx0 链0x00000000 链ok(跨实例首条)
    盘1 journal: c1:实例1 txg1 tx0 链0x00000000 链ok(首条) ; c2:实例1 txg2 tx0 链0x29ac9fee 链ok ; c3:实例1 txg3 tx1 链0xeab5e31a 链ok ; c4:实例1 txg4 tx2 链0x94caef24 链ok ; c5:实例1 txg5 tx3 链0x5b9c6cb3 链ok ; c6:实例1 txg6 tx4 链0x8c47a5bc 链ok ; c7:实例1 txg7 tx5 链0x3ed954e3 链ok
    checker 红项: I-7.7: 盘 0 journal 环槽 7 的记录带实例代号 2，高于各盘系统配置的最大者 1（①）
M2: 可写挂载 所选根=(1,7) 取号=2 录制流 51 条、整次写完
      #0 盘0 Write 系统配置槽0 [落]
      #1 盘1 Write 系统配置槽0 [落]
      #2 盘0 Barrier 屏障 [落]
      #3 盘0 Write 单元区 off=824180736 [落]
      #4 盘1 Write 单元区 off=824180736 [落]
      #5 盘0 Write 单元区 off=824213504 [落]
      #6 盘1 Write 单元区 off=824213504 [落]
      #7 盘0 Write 单元区 off=824229888 [落]
      #8 盘1 Write 单元区 off=824229888 [落]
      #9 盘0 Write 单元区 off=824246272 [落]
      #10 盘1 Write 单元区 off=824246272 [落]
      #11 盘0 Write 单元区 off=824262656 [落]
      #12 盘1 Write 单元区 off=824262656 [落]
      #13 盘0 Write 单元区 off=824279040 [落]
      #14 盘1 Write 单元区 off=824279040 [落]
      #15 盘0 Write 单元区 off=824295424 [落]
      #16 盘1 Write 单元区 off=824295424 [落]
      #17 盘0 Write 单元区 off=824311808 [落]
      #18 盘1 Write 单元区 off=824311808 [落]
      #19 盘0 Write 单元区 off=824328192 [落]
      #20 盘1 Write 单元区 off=824328192 [落]
      #21 盘0 Barrier 屏障 [落]
      #22 盘0 Write journal c9(实例2) [落]
      #23 盘1 Write journal c9(实例2) [落]
      #24 盘0 Barrier 屏障 [落]
      #25 盘0 WriteForceUnitAccess 根环区0槽3 [落]
      #26 盘0 Write 系统配置槽1 [落]
      #27 盘1 Write 系统配置槽1 [落]
      #28 盘0 Write 单元区 off=824344576 [落]
      #29 盘1 Write 单元区 off=824344576 [落]
      #30 盘0 Write 单元区 off=824360960 [落]
      #31 盘1 Write 单元区 off=824360960 [落]
      #32 盘0 Write 单元区 off=824377344 [落]
      #33 盘1 Write 单元区 off=824377344 [落]
      #34 盘0 Write 单元区 off=824393728 [落]
      #35 盘1 Write 单元区 off=824393728 [落]
      #36 盘0 Write 单元区 off=824410112 [落]
      #37 盘1 Write 单元区 off=824410112 [落]
      #38 盘0 Write 单元区 off=824426496 [落]
      #39 盘1 Write 单元区 off=824426496 [落]
      #40 盘0 Write 单元区 off=824442880 [落]
      #41 盘1 Write 单元区 off=824442880 [落]
      #42 盘0 Write 单元区 off=824459264 [落]
      #43 盘1 Write 单元区 off=824459264 [落]
      #44 盘0 Barrier 屏障 [落]
      #45 盘0 Write journal c10(实例2) [落]
      #46 盘1 Write journal c10(实例2) [落]
      #47 盘0 Barrier 屏障 [落]
      #48 盘1 WriteForceUnitAccess 根环区1槽3 [落]
      #49 盘0 Write 系统配置槽0 [落]
      #50 盘1 Write 系统配置槽0 [落]
  [M2 之后]
    系统配置: 盘0 [槽0:自证 世代12 实例2 tail10 见证[] | 槽1:自证 世代11 实例2 tail9 见证[]]  盘1 [槽0:自证 世代12 实例2 tail10 见证[] | 槽1:自证 世代11 实例2 tail9 见证[]]
    根环: (0,0)@区0槽0 (1,1)@区1槽0 (1,2)@区2槽0 (1,3)@区0槽1 (1,4)@区1槽1 (1,5)@区2槽1 (1,6)@区0槽2 (1,7)@区1槽2 (2,9)@区0槽3 (2,10)@区1槽3
    式子: 系统配置最大实例=2 根环最大实例=2 ⇒ 取号=3；（式子不读的）journal 环里最大实例=2
    盘0 journal: c1:实例1 txg1 tx0 链0x00000000 链ok(首条) ; c2:实例1 txg2 tx0 链0x29ac9fee 链ok ; c3:实例1 txg3 tx1 链0xeab5e31a 链ok ; c4:实例1 txg4 tx2 链0x94caef24 链ok ; c5:实例1 txg5 tx3 链0x5b9c6cb3 链ok ; c6:实例1 txg6 tx4 链0x8c47a5bc 链ok ; c7:实例1 txg7 tx5 链0x3ed954e3 链ok ; c8:实例2 txg8 tx0 链0x00000000 链ok(跨实例首条) ; c9:实例2 txg9 tx0 链0x00000000 链✗(应0x13caf716) ; c10:实例2 txg10 tx0 链0x0406e294 链ok
    盘1 journal: c1:实例1 txg1 tx0 链0x00000000 链ok(首条) ; c2:实例1 txg2 tx0 链0x29ac9fee 链ok ; c3:实例1 txg3 tx1 链0xeab5e31a 链ok ; c4:实例1 txg4 tx2 链0x94caef24 链ok ; c5:实例1 txg5 tx3 链0x5b9c6cb3 链ok ; c6:实例1 txg6 tx4 链0x8c47a5bc 链ok ; c7:实例1 txg7 tx5 链0x3ed954e3 链ok ; c9:实例2 txg9 tx0 链0x00000000 前一条不在 ; c10:实例2 txg10 tx0 链0x0406e294 链ok
    checker 红项: I-8.6: 盘 0 journal 环槽 8 的记录（实例 2、计数器 9）反向链 0x00000000，本实例内逻辑前一条的头算出来的是 0x13caf716
test seed540096_minimal_sweep ... ok

test result: ok. 1 passed; 0 failed; 0 ignored; 0 measured; 1 filtered out; finished in 24.00s

