
running 1 test
==== 单点逐步读数（BothDevices, k=4）====
  [起点]
    系统配置: 盘0 [槽0:自证 世代8 实例1 tail6 见证[] | 槽1:自证 世代9 实例1 tail7 见证[]]  盘1 [槽0:自证 世代8 实例1 tail6 见证[] | 槽1:自证 世代9 实例1 tail7 见证[]]
    根环: (0,0)@区0槽0 (1,1)@区1槽0 (1,2)@区2槽0 (1,3)@区0槽1 (1,4)@区1槽1 (1,5)@区2槽1 (1,6)@区0槽2 (1,7)@区1槽2
    式子: 系统配置最大实例=1 根环最大实例=1 ⇒ 取号=2；（式子不读的）journal 环里最大实例=1
    盘0 journal: c1:实例1 txg1 tx0 链0x00000000 链ok(首条) ; c2:实例1 txg2 tx0 链0x29ac9fee 链ok ; c3:实例1 txg3 tx1 链0xeab5e31a 链ok ; c4:实例1 txg4 tx2 链0x94caef24 链ok ; c5:实例1 txg5 tx3 链0x5b9c6cb3 链ok ; c6:实例1 txg6 tx4 链0x8c47a5bc 链ok ; c7:实例1 txg7 tx5 链0x3ed954e3 链ok
    盘1 journal: c1:实例1 txg1 tx0 链0x00000000 链ok(首条) ; c2:实例1 txg2 tx0 链0x29ac9fee 链ok ; c3:实例1 txg3 tx1 链0xeab5e31a 链ok ; c4:实例1 txg4 tx2 链0x94caef24 链ok ; c5:实例1 txg5 tx3 链0x5b9c6cb3 链ok ; c6:实例1 txg6 tx4 链0x8c47a5bc 链ok ; c7:实例1 txg7 tx5 链0x3ed954e3 链ok
    checker 红项: 全绿
M1: 可写挂载 所选根=(1,7) 取号=2 录制流 74 条、落 4 条
      #0 盘0 Write 系统配置槽0 [落]
      #1 盘1 Write 系统配置槽0 [落]
      #2 盘0 Barrier 屏障 [落]
      #3 盘0 Write 单元区 off=824180736 [落]
      #4 盘1 Write 单元区 off=824180736 [未落]
      #5 盘0 Write 单元区 off=824213504 [未落]
      #6 盘1 Write 单元区 off=824213504 [未落]
      #7 盘0 Write 单元区 off=824229888 [未落]
      #8 盘1 Write 单元区 off=824229888 [未落]
      #9 盘0 Write 单元区 off=824246272 [未落]
      #10 盘1 Write 单元区 off=824246272 [未落]
      #11 盘0 Write 单元区 off=824262656 [未落]
      #12 盘1 Write 单元区 off=824262656 [未落]
      #13 盘0 Write 单元区 off=824279040 [未落]
      #14 盘1 Write 单元区 off=824279040 [未落]
      #15 盘0 Write 单元区 off=824295424 [未落]
      #16 盘1 Write 单元区 off=824295424 [未落]
      #17 盘0 Write 单元区 off=824311808 [未落]
      #18 盘1 Write 单元区 off=824311808 [未落]
      #19 盘0 Write 单元区 off=824328192 [未落]
      #20 盘1 Write 单元区 off=824328192 [未落]
      #21 盘0 Barrier 屏障 [未落]
      #22 盘0 Write journal c8(实例2) [未落]
      #23 盘1 Write journal c8(实例2) [未落]
      #24 盘0 Barrier 屏障 [未落]
      #25 盘0 WriteForceUnitAccess 根环区2槽2 [未落]
      #26 盘0 Write 系统配置槽1 [未落]
      #27 盘1 Write 系统配置槽1 [未落]
      #28 盘0 Write 单元区 off=824344576 [未落]
      #29 盘1 Write 单元区 off=824344576 [未落]
      #30 盘0 Write 单元区 off=824360960 [未落]
      #31 盘1 Write 单元区 off=824360960 [未落]
      #32 盘0 Write 单元区 off=824377344 [未落]
      #33 盘1 Write 单元区 off=824377344 [未落]
      #34 盘0 Write 单元区 off=824393728 [未落]
      #35 盘1 Write 单元区 off=824393728 [未落]
      #36 盘0 Write 单元区 off=824410112 [未落]
      #37 盘1 Write 单元区 off=824410112 [未落]
      #38 盘0 Write 单元区 off=824426496 [未落]
      #39 盘1 Write 单元区 off=824426496 [未落]
      #40 盘0 Write 单元区 off=824442880 [未落]
      #41 盘1 Write 单元区 off=824442880 [未落]
      #42 盘0 Write 单元区 off=824459264 [未落]
      #43 盘1 Write 单元区 off=824459264 [未落]
      #44 盘0 Barrier 屏障 [未落]
      #45 盘0 Write journal c9(实例2) [未落]
      #46 盘1 Write journal c9(实例2) [未落]
      #47 盘0 Barrier 屏障 [未落]
      #48 盘0 WriteForceUnitAccess 根环区0槽3 [未落]
      #49 盘0 Write 系统配置槽0 [未落]
      #50 盘1 Write 系统配置槽0 [未落]
      #51 盘0 Write 单元区 off=824475648 [未落]
      #52 盘1 Write 单元区 off=824475648 [未落]
      #53 盘0 Write 单元区 off=824492032 [未落]
      #54 盘1 Write 单元区 off=824492032 [未落]
      #55 盘0 Write 单元区 off=824508416 [未落]
      #56 盘1 Write 单元区 off=824508416 [未落]
      #57 盘0 Write 单元区 off=824524800 [未落]
      #58 盘1 Write 单元区 off=824524800 [未落]
      #59 盘0 Write 单元区 off=824541184 [未落]
      #60 盘1 Write 单元区 off=824541184 [未落]
      #61 盘0 Write 单元区 off=824557568 [未落]
      #62 盘1 Write 单元区 off=824557568 [未落]
      #63 盘0 Write 单元区 off=824573952 [未落]
      #64 盘1 Write 单元区 off=824573952 [未落]
      #65 盘0 Write 单元区 off=824590336 [未落]
      #66 盘1 Write 单元区 off=824590336 [未落]
      #67 盘0 Barrier 屏障 [未落]
      #68 盘0 Write journal c10(实例2) [未落]
      #69 盘1 Write journal c10(实例2) [未落]
      #70 盘0 Barrier 屏障 [未落]
      #71 盘1 WriteForceUnitAccess 根环区1槽3 [未落]
      #72 盘0 Write 系统配置槽1 [未落]
      #73 盘1 Write 系统配置槽1 [未落]
  [M1 崩之后]
    系统配置: 盘0 [槽0:自证 世代10 实例2 tail0 见证[] | 槽1:自证 世代9 实例1 tail7 见证[]]  盘1 [槽0:自证 世代10 实例2 tail0 见证[] | 槽1:自证 世代9 实例1 tail7 见证[]]
    根环: (0,0)@区0槽0 (1,1)@区1槽0 (1,2)@区2槽0 (1,3)@区0槽1 (1,4)@区1槽1 (1,5)@区2槽1 (1,6)@区0槽2 (1,7)@区1槽2
    式子: 系统配置最大实例=2 根环最大实例=1 ⇒ 取号=3；（式子不读的）journal 环里最大实例=1
    盘0 journal: c1:实例1 txg1 tx0 链0x00000000 链ok(首条) ; c2:实例1 txg2 tx0 链0x29ac9fee 链ok ; c3:实例1 txg3 tx1 链0xeab5e31a 链ok ; c4:实例1 txg4 tx2 链0x94caef24 链ok ; c5:实例1 txg5 tx3 链0x5b9c6cb3 链ok ; c6:实例1 txg6 tx4 链0x8c47a5bc 链ok ; c7:实例1 txg7 tx5 链0x3ed954e3 链ok
    盘1 journal: c1:实例1 txg1 tx0 链0x00000000 链ok(首条) ; c2:实例1 txg2 tx0 链0x29ac9fee 链ok ; c3:实例1 txg3 tx1 链0xeab5e31a 链ok ; c4:实例1 txg4 tx2 链0x94caef24 链ok ; c5:实例1 txg5 tx3 链0x5b9c6cb3 链ok ; c6:实例1 txg6 tx4 链0x8c47a5bc 链ok ; c7:实例1 txg7 tx5 链0x3ed954e3 链ok
    checker 红项: 全绿
翻系统配置槽（BothDevices）: Some([(0, 0), (1, 0)])
  [翻之后、M2 之前]
    系统配置: 盘0 [槽0:坏 | 槽1:自证 世代9 实例1 tail7 见证[]]  盘1 [槽0:坏 | 槽1:自证 世代9 实例1 tail7 见证[]]
    根环: (0,0)@区0槽0 (1,1)@区1槽0 (1,2)@区2槽0 (1,3)@区0槽1 (1,4)@区1槽1 (1,5)@区2槽1 (1,6)@区0槽2 (1,7)@区1槽2
    式子: 系统配置最大实例=1 根环最大实例=1 ⇒ 取号=2；（式子不读的）journal 环里最大实例=1
    盘0 journal: c1:实例1 txg1 tx0 链0x00000000 链ok(首条) ; c2:实例1 txg2 tx0 链0x29ac9fee 链ok ; c3:实例1 txg3 tx1 链0xeab5e31a 链ok ; c4:实例1 txg4 tx2 链0x94caef24 链ok ; c5:实例1 txg5 tx3 链0x5b9c6cb3 链ok ; c6:实例1 txg6 tx4 链0x8c47a5bc 链ok ; c7:实例1 txg7 tx5 链0x3ed954e3 链ok
    盘1 journal: c1:实例1 txg1 tx0 链0x00000000 链ok(首条) ; c2:实例1 txg2 tx0 链0x29ac9fee 链ok ; c3:实例1 txg3 tx1 链0xeab5e31a 链ok ; c4:实例1 txg4 tx2 链0x94caef24 链ok ; c5:实例1 txg5 tx3 链0x5b9c6cb3 链ok ; c6:实例1 txg6 tx4 链0x8c47a5bc 链ok ; c7:实例1 txg7 tx5 链0x3ed954e3 链ok
    checker 红项: I-7.7: 盘 0 槽 50304 的单元写序带实例代号 2，高于各盘系统配置的最大者 1（①）
M2: 可写挂载 所选根=(1,7) 取号=2 录制流 74 条、整次写完
      #0 盘0 Write 系统配置槽0 [落]
      #1 盘1 Write 系统配置槽0 [落]
      #2 盘0 Barrier 屏障 [落]
      #3 盘0 Write 单元区 off=824180736 [落]
      #4 盘1 Write 单元区 off=824180736 [落]
      #5 盘0 Write 单元区 off=824213504 [落]
      #6 盘1 Write 单元区 off=824213504 [落]
      #7 盘0 Write 单元区 off=824229888 [落]
      #8 盘1 Write 单元区 off=824229888 [落]
      #9 盘0 Write 单元区 off=824246272 [落]
      #10 盘1 Write 单元区 off=824246272 [落]
      #11 盘0 Write 单元区 off=824262656 [落]
      #12 盘1 Write 单元区 off=824262656 [落]
      #13 盘0 Write 单元区 off=824279040 [落]
      #14 盘1 Write 单元区 off=824279040 [落]
      #15 盘0 Write 单元区 off=824295424 [落]
      #16 盘1 Write 单元区 off=824295424 [落]
      #17 盘0 Write 单元区 off=824311808 [落]
      #18 盘1 Write 单元区 off=824311808 [落]
      #19 盘0 Write 单元区 off=824328192 [落]
      #20 盘1 Write 单元区 off=824328192 [落]
      #21 盘0 Barrier 屏障 [落]
      #22 盘0 Write journal c8(实例2) [落]
      #23 盘1 Write journal c8(实例2) [落]
      #24 盘0 Barrier 屏障 [落]
      #25 盘0 WriteForceUnitAccess 根环区2槽2 [落]
      #26 盘0 Write 系统配置槽1 [落]
      #27 盘1 Write 系统配置槽1 [落]
      #28 盘0 Write 单元区 off=824344576 [落]
      #29 盘1 Write 单元区 off=824344576 [落]
      #30 盘0 Write 单元区 off=824360960 [落]
      #31 盘1 Write 单元区 off=824360960 [落]
      #32 盘0 Write 单元区 off=824377344 [落]
      #33 盘1 Write 单元区 off=824377344 [落]
      #34 盘0 Write 单元区 off=824393728 [落]
      #35 盘1 Write 单元区 off=824393728 [落]
      #36 盘0 Write 单元区 off=824410112 [落]
      #37 盘1 Write 单元区 off=824410112 [落]
      #38 盘0 Write 单元区 off=824426496 [落]
      #39 盘1 Write 单元区 off=824426496 [落]
      #40 盘0 Write 单元区 off=824442880 [落]
      #41 盘1 Write 单元区 off=824442880 [落]
      #42 盘0 Write 单元区 off=824459264 [落]
      #43 盘1 Write 单元区 off=824459264 [落]
      #44 盘0 Barrier 屏障 [落]
      #45 盘0 Write journal c9(实例2) [落]
      #46 盘1 Write journal c9(实例2) [落]
      #47 盘0 Barrier 屏障 [落]
      #48 盘0 WriteForceUnitAccess 根环区0槽3 [落]
      #49 盘0 Write 系统配置槽0 [落]
      #50 盘1 Write 系统配置槽0 [落]
      #51 盘0 Write 单元区 off=824475648 [落]
      #52 盘1 Write 单元区 off=824475648 [落]
      #53 盘0 Write 单元区 off=824492032 [落]
      #54 盘1 Write 单元区 off=824492032 [落]
      #55 盘0 Write 单元区 off=824508416 [落]
      #56 盘1 Write 单元区 off=824508416 [落]
      #57 盘0 Write 单元区 off=824524800 [落]
      #58 盘1 Write 单元区 off=824524800 [落]
      #59 盘0 Write 单元区 off=824541184 [落]
      #60 盘1 Write 单元区 off=824541184 [落]
      #61 盘0 Write 单元区 off=824557568 [落]
      #62 盘1 Write 单元区 off=824557568 [落]
      #63 盘0 Write 单元区 off=824573952 [落]
      #64 盘1 Write 单元区 off=824573952 [落]
      #65 盘0 Write 单元区 off=824590336 [落]
      #66 盘1 Write 单元区 off=824590336 [落]
      #67 盘0 Barrier 屏障 [落]
      #68 盘0 Write journal c10(实例2) [落]
      #69 盘1 Write journal c10(实例2) [落]
      #70 盘0 Barrier 屏障 [落]
      #71 盘1 WriteForceUnitAccess 根环区1槽3 [落]
      #72 盘0 Write 系统配置槽1 [落]
      #73 盘1 Write 系统配置槽1 [落]
  [M2 之后]
    系统配置: 盘0 [槽0:自证 世代12 实例2 tail9 见证[] | 槽1:自证 世代13 实例2 tail10 见证[]]  盘1 [槽0:自证 世代12 实例2 tail9 见证[] | 槽1:自证 世代13 实例2 tail10 见证[]]
    根环: (0,0)@区0槽0 (1,1)@区1槽0 (1,2)@区2槽0 (1,3)@区0槽1 (1,4)@区1槽1 (1,5)@区2槽1 (1,6)@区0槽2 (1,7)@区1槽2 (2,8)@区2槽2 (2,9)@区0槽3 (2,10)@区1槽3
    式子: 系统配置最大实例=2 根环最大实例=2 ⇒ 取号=3；（式子不读的）journal 环里最大实例=2
    盘0 journal: c1:实例1 txg1 tx0 链0x00000000 链ok(首条) ; c2:实例1 txg2 tx0 链0x29ac9fee 链ok ; c3:实例1 txg3 tx1 链0xeab5e31a 链ok ; c4:实例1 txg4 tx2 链0x94caef24 链ok ; c5:实例1 txg5 tx3 链0x5b9c6cb3 链ok ; c6:实例1 txg6 tx4 链0x8c47a5bc 链ok ; c7:实例1 txg7 tx5 链0x3ed954e3 链ok ; c8:实例2 txg8 tx0 链0x00000000 链ok(跨实例首条) ; c9:实例2 txg9 tx0 链0x13caf716 链ok ; c10:实例2 txg10 tx0 链0xc368591c 链ok
    盘1 journal: c1:实例1 txg1 tx0 链0x00000000 链ok(首条) ; c2:实例1 txg2 tx0 链0x29ac9fee 链ok ; c3:实例1 txg3 tx1 链0xeab5e31a 链ok ; c4:实例1 txg4 tx2 链0x94caef24 链ok ; c5:实例1 txg5 tx3 链0x5b9c6cb3 链ok ; c6:实例1 txg6 tx4 链0x8c47a5bc 链ok ; c7:实例1 txg7 tx5 链0x3ed954e3 链ok ; c8:实例2 txg8 tx0 链0x00000000 链ok(跨实例首条) ; c9:实例2 txg9 tx0 链0x13caf716 链ok ; c10:实例2 txg10 tx0 链0xc368591c 链ok
    checker 红项: 全绿
ONE mode=BothDevices k=4/74 M1取号=2 翻之后式子: 系统配置最大实例=1 根环最大实例=1 ⇒ 取号=2；（式子不读的）journal 环里最大实例=1 M2取号=2 M2之前红=["I-7.7"] M2之后红=[]
test seed540096_minimal_one ... ok

test result: ok. 1 passed; 0 failed; 0 ignored; 0 measured; 2 filtered out; finished in 0.65s

