
running 1 test
S23 seed=520000 steps=[mount!crash@29/51 rb#3->(1,3) rb#4->(1,3)] effective=[(3, 1, 3), (4, 1, 3)] witness=[(4, 1, 3)] final_mount=Ok((4, 10)) expected=Some((4, 10)) choice_ok=true C332_hit=false landed=None live_roots_made_unreadable=9 faults_before=0 checker_red=[]
test s23_random_series_oracle has been running for over 60 seconds
S23 seed=520001 steps=[rb#2->(1,1) mount mount!crash@33/36 mount] effective=[(2, 1, 1)] witness=[(2, 1, 1)] final_mount=Ok((5, 19)) expected=Some((5, 19)) choice_ok=true C332_hit=false landed=None live_roots_made_unreadable=16 faults_before=0 checker_red=[]
S23 seed=520002 steps=[badsc rb#2->(1,8) mount mount badsc] effective=[(2, 1, 8)] witness=[(2, 1, 8)] final_mount=Ok((4, 16)) expected=Some((4, 16)) choice_ok=true C332_hit=false landed=None live_roots_made_unreadable=20 faults_before=4 checker_red=[]
S23 seed=520003 steps=[rb#2->(1,5) rb#3->(2,7)!crash@6/78 rb#4->(2,6) rb#5->(4,8) rb-notcand(4,9) rb#6->(5,11)!crash@67/74+root] effective=[(2, 1, 5), (4, 2, 6), (5, 4, 8), (6, 5, 11)] witness=[(2, 1, 5), (4, 2, 6), (5, 4, 8), (6, 5, 11)] final_mount=Ok((6, 15)) expected=Some((6, 15)) choice_ok=true C332_hit=false landed=None live_roots_made_unreadable=13 faults_before=0 checker_red=[]
S23 seed=520004 steps=[rb#2->(1,2) mount badsc rb#4->(2,9) mount rb-notcand(1,5) rb#6->(4,15)] effective=[(2, 1, 2), (4, 2, 9), (6, 4, 15)] witness=[(2, 1, 2), (4, 2, 9), (6, 4, 15)] final_mount=Ok((6, 22)) expected=Some((6, 22)) choice_ok=true C332_hit=false landed=None live_roots_made_unreadable=11 faults_before=2 checker_red=[]
S23 seed=520005 steps=[mount!crash@23/55 rb#3->(1,3)!crash@44/55+root rb-notcand(1,6) rb-notcand(1,5) rb-notcand(1,7) rb#4->(0,0)!crash@11/33 mount mount!crash@37/51] effective=[(3, 1, 3)] witness=[(3, 1, 3)] final_mount=Ok((6, 12)) expected=Some((6, 12)) choice_ok=true C332_hit=false landed=None live_roots_made_unreadable=10 faults_before=0 checker_red=[]
S23 seed=520006 steps=[rb#2->(1,5)!crash@44/78+root] effective=[(2, 1, 5)] witness=[(2, 1, 5)] final_mount=Ok((2, 11)) expected=Some((2, 11)) choice_ok=true C332_hit=false landed=None live_roots_made_unreadable=9 faults_before=0 checker_red=[]
S23 seed=520007 steps=[badsc rb#2->(1,6)!crash@16/74] effective=[] witness=[] final_mount=Ok((1, 7)) expected=Some((1, 7)) choice_ok=true C332_hit=false landed=None live_roots_made_unreadable=11 faults_before=2 checker_red=[]
S23 seed=520008 steps=[rb#2->(1,7)!crash@37/55+root rb-notcand(1,8) mount] effective=[(2, 1, 7)] witness=[(2, 1, 7)] final_mount=Ok((3, 11)) expected=Some((3, 11)) choice_ok=true C332_hit=false landed=None live_roots_made_unreadable=13 faults_before=0 checker_red=[]
S23 seed=520009 steps=[rb#2->(1,4)!crash@18/78 mount rb#4->(1,7) rb-notcand(3,12)] effective=[(4, 1, 7)] witness=[(4, 1, 7)] final_mount=Ok((4, 16)) expected=Some((4, 16)) choice_ok=true C332_hit=false landed=None live_roots_made_unreadable=14 faults_before=0 checker_red=[]
S23 seed=520010 steps=[mount!crash@73/74 rb#3->(2,8)!crash@25/78 mount rb#5->(4,12) rb#6->(1,7)] effective=[(5, 4, 12), (6, 1, 7)] witness=[(6, 1, 7)] final_mount=Ok((6, 19)) expected=Some((6, 19)) choice_ok=true C332_hit=false landed=None live_roots_made_unreadable=14 faults_before=0 checker_red=[]
S23 seed=520011 steps=[rb#2->(1,3)!crash@52/55+root mount rb#4->(3,13) rb#5->(3,11) mount rb-notcand(3,12)] effective=[(2, 1, 3), (4, 3, 13), (5, 3, 11)] witness=[(2, 1, 3), (5, 3, 11)] final_mount=Ok((6, 22)) expected=Some((6, 22)) choice_ok=true C332_hit=false landed=None live_roots_made_unreadable=13 faults_before=0 checker_red=[]
S23 seed=520012 steps=[badroot(0,0) badsc rb#2->(1,5)!crash@60/78+root mount rb#4->(3,13)!crash@14/51 rb-notcand(1,10) rb#5->(2,12)] effective=[(2, 1, 5), (5, 2, 12)] witness=[(2, 1, 5), (5, 2, 12)] final_mount=Ok((5, 16)) expected=Some((5, 16)) choice_ok=true C332_hit=false landed=None live_roots_made_unreadable=12 faults_before=3 checker_red=[]
S23 seed=520013 steps=[rb#2->(0,0)!crash@29/36+root rb-notcand(1,5) rb#3->(2,9)!crash@22/33 mount badsc mount rb-notcand(1,4) mount!crash@25/36] effective=[(2, 0, 0)] witness=[(2, 0, 0)] final_mount=Ok((6, 17)) expected=Some((6, 17)) choice_ok=true C332_hit=false landed=None live_roots_made_unreadable=12 faults_before=2 checker_red=[]
S23 seed=520014 steps=[rb#2->(1,6)!crash@27/55] effective=[] witness=[] final_mount=Ok((1, 8)) expected=Some((1, 8)) choice_ok=true C332_hit=false landed=None live_roots_made_unreadable=11 faults_before=0 checker_red=[]
S23 seed=520015 steps=[rb#2->(1,6)!crash@70/78+root rb-notcand(1,10)] effective=[(2, 1, 6)] witness=[(2, 1, 6)] final_mount=Ok((2, 12)) expected=Some((2, 12)) choice_ok=true C332_hit=false landed=None live_roots_made_unreadable=11 faults_before=0 checker_red=[]
S23 seed=520016 steps=[mount mount rb#4->(1,7)!crash@38/78+root] effective=[(4, 1, 7)] witness=[(4, 1, 7)] final_mount=Ok((4, 14)) expected=Some((4, 14)) choice_ok=true C332_hit=false landed=None live_roots_made_unreadable=11 faults_before=0 checker_red=[]
S23 seed=520017 steps=[rb#2->(1,6)!crash@41/55+root badroot(0,0) mount mount] effective=[(2, 1, 6)] witness=[(2, 1, 6)] final_mount=Ok((4, 13)) expected=Some((4, 13)) choice_ok=true C332_hit=false landed=None live_roots_made_unreadable=14 faults_before=1 checker_red=[]
S23 seed=520018 steps=[badsc rb#2->(1,6) badsc mount] effective=[(2, 1, 6)] witness=[(2, 1, 6)] final_mount=Ok((3, 16)) expected=Some((3, 16)) choice_ok=true C332_hit=false landed=None live_roots_made_unreadable=16 faults_before=4 checker_red=[]
S23 seed=520019 steps=[mount mount mount mount rb#6->(2,9) rb#7->(6,20)!crash@6/74] effective=[(6, 2, 9)] witness=[(6, 2, 9)] final_mount=Ok((6, 22)) expected=Some((6, 22)) choice_ok=true C332_hit=false landed=None live_roots_made_unreadable=14 faults_before=0 checker_red=[]
S23 seed=520020 steps=[rb#2->(1,5)!crash@16/55 rb#3->(1,3)!crash@12/55 mount rb#5->(1,1)!crash@14/40 mount!crash@47/74 rb#7->(1,7) rb#8->(7,14)!crash@19/51] effective=[(7, 1, 7)] witness=[(7, 1, 7)] final_mount=Ok((7, 14)) expected=Some((7, 14)) choice_ok=true C332_hit=false landed=None live_roots_made_unreadable=12 faults_before=0 checker_red=[]
S23 seed=520021 steps=[mount rb#3->(1,7)!crash@6/78 rb#4->(2,13) rb#5->(1,7) mount mount!crash@10/74 mount badroot(1,2)] effective=[(4, 2, 13), (5, 1, 7)] witness=[(5, 1, 7)] final_mount=Ok((8, 25)) expected=Some((8, 25)) choice_ok=true C332_hit=false landed=None live_roots_made_unreadable=15 faults_before=1 checker_red=[]
S23 seed=520022 steps=[rb#2->(1,7)!crash@32/74+root] effective=[(2, 1, 7)] witness=[(2, 1, 7)] final_mount=Ok((2, 8)) expected=Some((2, 8)) choice_ok=true C332_hit=false landed=None live_roots_made_unreadable=11 faults_before=0 checker_red=[]
S23 seed=520023 steps=[badsc mount] effective=[] witness=[] final_mount=Ok((2, 10)) expected=Some((2, 10)) choice_ok=true C332_hit=false landed=None live_roots_made_unreadable=14 faults_before=2 checker_red=[]
S23 seed=520024 steps=[rb#2->(1,1)!crash@0/40 mount rb#3->(1,10)] effective=[(3, 1, 10)] witness=[(3, 1, 10)] final_mount=Ok((3, 16)) expected=Some((3, 16)) choice_ok=true C332_hit=false landed=None live_roots_made_unreadable=17 faults_before=0 checker_red=[]
S23 seed=520025 steps=[rb#2->(1,3)!crash@73/74+root rb#3->(2,10)!crash@35/78+root rb#4->(1,3) mount] effective=[(2, 1, 3), (3, 2, 10), (4, 1, 3)] witness=[(4, 1, 3)] final_mount=Ok((5, 16)) expected=Some((5, 16)) choice_ok=true C332_hit=false landed=None live_roots_made_unreadable=12 faults_before=0 checker_red=[]
S23 seed=520026 steps=[mount mount rb#4->(1,1) badsc badroot(0,0)] effective=[(4, 1, 1)] witness=[(4, 1, 1)] final_mount=Ok((4, 16)) expected=Some((4, 16)) choice_ok=true C332_hit=false landed=None live_roots_made_unreadable=7 faults_before=3 checker_red=[]
S23 seed=520027 steps=[rb#2->(1,3)!crash@41/78+root rb#3->(1,3)!crash@53/55+root rb#4->(1,1)!crash@36/40+root mount rb#6->(5,19)!crash@5/36 mount!crash@2/36] effective=[(2, 1, 3), (3, 1, 3), (4, 1, 1)] witness=[(4, 1, 1)] final_mount=Ok((5, 19)) expected=Some((5, 19)) choice_ok=true C332_hit=false landed=None live_roots_made_unreadable=10 faults_before=0 checker_red=[]
S23 seed=520028 steps=[badsc rb#2->(1,3) mount badsc rb-notcand(1,4) rb#4->(3,10) rb#5->(4,11)!crash@31/74+root] effective=[(2, 1, 3), (4, 3, 10), (5, 4, 11)] witness=[(2, 1, 3), (4, 3, 10), (5, 4, 11)] final_mount=Ok((5, 14)) expected=Some((5, 14)) choice_ok=true C332_hit=false landed=None live_roots_made_unreadable=13 faults_before=4 checker_red=[]
S23 seed=520029 steps=[rb#2->(1,5)!crash@37/74+root rb#3->(1,4)!crash@45/55+root mount rb#5->(1,1) rb-notcand(3,9) rb-notcand(4,11) rb#6->(1,1) badsc] effective=[(2, 1, 5), (3, 1, 4), (5, 1, 1), (6, 1, 1)] witness=[(6, 1, 1)] final_mount=Ok((6, 16)) expected=Some((6, 16)) choice_ok=true C332_hit=false landed=None live_roots_made_unreadable=8 faults_before=2 checker_red=[]
S23 seed=520030 steps=[rb#2->(1,5)!crash@15/78] effective=[] witness=[] final_mount=Ok((1, 10)) expected=Some((1, 10)) choice_ok=true C332_hit=false landed=None live_roots_made_unreadable=14 faults_before=0 checker_red=[]
S23 seed=520031 steps=[mount rb#3->(1,2)!crash@25/40+root] effective=[(3, 1, 2)] witness=[(3, 1, 2)] final_mount=Ok((3, 8)) expected=Some((3, 8)) choice_ok=true C332_hit=false landed=None live_roots_made_unreadable=6 faults_before=0 checker_red=[]
S23 seed=520032 steps=[rb#2->(1,7)!crash@55/74+root rb#3->(1,6) mount!crash@1/51] effective=[(2, 1, 7), (3, 1, 6)] witness=[(3, 1, 6)] final_mount=Ok((3, 11)) expected=Some((3, 11)) choice_ok=true C332_hit=false landed=None live_roots_made_unreadable=11 faults_before=0 checker_red=[]
S23 seed=520033 steps=[badsc rb#2->(1,3)!crash@65/78+root mount!crash@19/51 mount!crash@8/51] effective=[(2, 1, 3)] witness=[(2, 1, 3)] final_mount=Ok((2, 12)) expected=Some((2, 12)) choice_ok=true C332_hit=false landed=None live_roots_made_unreadable=8 faults_before=2 checker_red=[]
S23 seed=520034 steps=[rb#2->(1,4)!crash@33/51+root badsc mount badsc] effective=[(2, 1, 4)] witness=[(2, 1, 4)] final_mount=Ok((3, 8)) expected=Some((3, 8)) choice_ok=true C332_hit=false landed=None live_roots_made_unreadable=10 faults_before=4 checker_red=[]
S23 seed=520035 steps=[rb#2->(1,1) mount rb-notcand(1,3) badsc rb#4->(2,10) badsc] effective=[(2, 1, 1), (4, 2, 10)] witness=[(2, 1, 1), (4, 2, 10)] final_mount=Ok((4, 16)) expected=Some((4, 16)) choice_ok=true C332_hit=false landed=None live_roots_made_unreadable=11 faults_before=4 checker_red=[]
S23 seed=520036 steps=[mount mount mount badsc rb#5->(1,3)!crash@72/78+root rb-notcand(1,8) badsc] effective=[(5, 1, 3)] witness=[(5, 1, 3)] final_mount=Ok((5, 21)) expected=Some((5, 21)) choice_ok=true C332_hit=false landed=None live_roots_made_unreadable=8 faults_before=4 checker_red=[]
S23 seed=520037 steps=[rb#2->(1,5) rb#3->(1,2) mount!crash@31/36 mount rb#6->(1,2) mount!crash@3/36 mount!crash@27/36 mount!crash@12/29] effective=[(2, 1, 5), (3, 1, 2), (6, 1, 2)] witness=[(6, 1, 2)] final_mount=Ok((8, 21)) expected=Some((8, 21)) choice_ok=true C332_hit=false landed=None live_roots_made_unreadable=10 faults_before=0 checker_red=[]
S23 seed=520038 steps=[badroot(0,0)] effective=[] witness=[] final_mount=Ok((1, 7)) expected=Some((1, 7)) choice_ok=true C332_hit=false landed=None live_roots_made_unreadable=10 faults_before=1 checker_red=[]
S23 seed=520039 steps=[badsc rb#2->(1,8)!crash@41/78+root] effective=[(2, 1, 8)] witness=[(2, 1, 8)] final_mount=Ok((2, 11)) expected=Some((2, 11)) choice_ok=true C332_hit=false landed=None live_roots_made_unreadable=12 faults_before=2 checker_red=[]
S23 seed=520040 steps=[mount rb#3->(1,5) rb#4->(3,8)!crash@0/74] effective=[(3, 1, 5)] witness=[(3, 1, 5)] final_mount=Ok((3, 10)) expected=Some((3, 10)) choice_ok=true C332_hit=false landed=None live_roots_made_unreadable=12 faults_before=0 checker_red=[]
S23 seed=520041 steps=[rb#2->(1,6) rb#3->(1,2)!crash@37/40+root badsc rb-notcand(2,8)] effective=[(2, 1, 6), (3, 1, 2)] witness=[(3, 1, 2)] final_mount=Ok((3, 12)) expected=Some((3, 12)) choice_ok=true C332_hit=false landed=None live_roots_made_unreadable=8 faults_before=2 checker_red=[]
S23 seed=520042 steps=[mount!crash@16/78 rb#3->(1,1)!crash@18/40 rb#4->(1,3) rb-notcand(1,7) mount!crash@36/74] effective=[(4, 1, 3)] witness=[(4, 1, 3)] final_mount=Ok((5, 14)) expected=Some((5, 14)) choice_ok=true C332_hit=false landed=None live_roots_made_unreadable=10 faults_before=0 checker_red=[]
S23 seed=520043 steps=[rb#2->(1,4) rb#3->(1,2) rb-notcand(1,5) rb#4->(1,2)!crash@0/40 badsc rb-notcand(1,4)] effective=[(2, 1, 4), (3, 1, 2)] witness=[(3, 1, 2)] final_mount=Ok((3, 10)) expected=Some((3, 10)) choice_ok=true C332_hit=false landed=None live_roots_made_unreadable=9 faults_before=2 checker_red=[]
S23 seed=520044 steps=[badsc mount!crash@70/74 badsc rb#3->(2,9) rb#4->(3,13) rb#5->(1,1)!crash@24/40+root rb-notcand(1,4)] effective=[(3, 2, 9), (4, 3, 13), (5, 1, 1)] witness=[(5, 1, 1)] final_mount=Ok((5, 17)) expected=Some((5, 17)) choice_ok=true C332_hit=false landed=None live_roots_made_unreadable=5 faults_before=4 checker_red=[]
S23 seed=520045 steps=[rb#2->(1,4) badsc rb#3->(2,12) rb-notcand(1,9) rb-notcand(1,7) mount!crash@47/74 mount rb-notcand(1,10)] effective=[(2, 1, 4), (3, 2, 12)] witness=[(2, 1, 4), (3, 2, 12)] final_mount=Ok((5, 20)) expected=Some((5, 20)) choice_ok=true C332_hit=false landed=None live_roots_made_unreadable=15 faults_before=2 checker_red=[]
S23 seed=520046 steps=[rb#2->(1,4)] effective=[(2, 1, 4)] witness=[(2, 1, 4)] final_mount=Ok((2, 13)) expected=Some((2, 13)) choice_ok=true C332_hit=false landed=None live_roots_made_unreadable=11 faults_before=0 checker_red=[]
S23 seed=520047 steps=[mount!crash@69/74 mount] effective=[] witness=[] final_mount=Ok((3, 13)) expected=Some((3, 13)) choice_ok=true C332_hit=false landed=None live_roots_made_unreadable=16 faults_before=0 checker_red=[]
S23 seed=520048 steps=[rb#2->(1,4) badroot(0,0) mount] effective=[(2, 1, 4)] witness=[(2, 1, 4)] final_mount=Ok((3, 16)) expected=Some((3, 16)) choice_ok=true C332_hit=false landed=None live_roots_made_unreadable=13 faults_before=1 checker_red=[]
S23 seed=520049 steps=[badsc rb#2->(1,6) rb#3->(2,13) mount!crash@68/74] effective=[(2, 1, 6), (3, 2, 13)] witness=[(2, 1, 6), (3, 2, 13)] final_mount=Ok((4, 18)) expected=Some((4, 18)) choice_ok=true C332_hit=false landed=None live_roots_made_unreadable=17 faults_before=2 checker_red=[]
S23 seed=520050 steps=[rb#2->(1,4) rb#3->(1,3)!crash@38/78+root mount rb#5->(3,11)!crash@27/74+root rb-notcand(1,6)] effective=[(2, 1, 4), (3, 1, 3), (5, 3, 11)] witness=[(3, 1, 3), (5, 3, 11)] final_mount=Ok((5, 14)) expected=Some((5, 14)) choice_ok=true C332_hit=false landed=None live_roots_made_unreadable=8 faults_before=0 checker_red=[]
S23 seed=520051 steps=[rb#2->(1,8) rb-notcand(1,9) rb#3->(1,2)!crash@6/40 rb#4->(2,13) rb#5->(1,4)!crash@71/78+root rb-notcand(1,5)] effective=[(2, 1, 8), (4, 2, 13), (5, 1, 4)] witness=[(5, 1, 4)] final_mount=Ok((5, 18)) expected=Some((5, 18)) choice_ok=true C332_hit=false landed=None live_roots_made_unreadable=9 faults_before=0 checker_red=[]
S23 seed=520052 steps=[mount badsc mount mount rb#5->(2,11)!crash@8/74 rb#6->(3,16)!crash@26/74+root rb#7->(2,12)!crash@41/51+root] effective=[(6, 3, 16), (7, 2, 12)] witness=[(7, 2, 12)] final_mount=Ok((7, 21)) expected=Some((7, 21)) choice_ok=true C332_hit=false landed=None live_roots_made_unreadable=16 faults_before=2 checker_red=[]
S23 seed=520053 steps=[rb#2->(1,7) mount rb#4->(2,10) rb#5->(1,7) rb#6->(5,18) mount rb#8->(7,25)!crash@53/74+root mount] effective=[(2, 1, 7), (4, 2, 10), (5, 1, 7), (6, 5, 18), (8, 7, 25)] witness=[(5, 1, 7), (6, 5, 18), (8, 7, 25)] final_mount=Ok((9, 29)) expected=Some((9, 29)) choice_ok=true C332_hit=false landed=None live_roots_made_unreadable=14 faults_before=0 checker_red=[]
S23 seed=520054 steps=[badsc] effective=[] witness=[] final_mount=Ok((1, 10)) expected=Some((1, 10)) choice_ok=true C332_hit=false landed=None live_roots_made_unreadable=14 faults_before=2 checker_red=[]
S23 seed=520055 steps=[rb#2->(1,4) rb-notcand(1,8)] effective=[(2, 1, 4)] witness=[(2, 1, 4)] final_mount=Ok((2, 13)) expected=Some((2, 13)) choice_ok=true C332_hit=false landed=None live_roots_made_unreadable=11 faults_before=0 checker_red=[]
S23 seed=520056 steps=[rb#2->(1,2) mount!crash@0/40 mount] effective=[(2, 1, 2)] witness=[(2, 1, 2)] final_mount=Ok((3, 13)) expected=Some((3, 13)) choice_ok=true C332_hit=false landed=None live_roots_made_unreadable=12 faults_before=0 checker_red=[]
S23 seed=520057 steps=[mount rb#3->(1,3)!crash@1/78 rb#4->(2,9)!crash@61/74+root rb#5->(4,12)] effective=[(4, 2, 9), (5, 4, 12)] witness=[(4, 2, 9), (5, 4, 12)] final_mount=Ok((5, 14)) expected=Some((5, 14)) choice_ok=true C332_hit=false landed=None live_roots_made_unreadable=16 faults_before=0 checker_red=[]
S23 seed=520058 steps=[rb#2->(1,6) rb#3->(2,13)!crash@66/74+root badsc badroot(0,0) mount] effective=[(2, 1, 6), (3, 2, 13)] witness=[(2, 1, 6), (3, 2, 13)] final_mount=Ok((4, 17)) expected=Some((4, 17)) choice_ok=true C332_hit=false landed=None live_roots_made_unreadable=15 faults_before=3 checker_red=[]
S23 seed=520059 steps=[badroot(0,0) rb#2->(1,2) mount!crash@9/40 mount!crash@25/40 rb-notcand(1,6) mount!crash@19/29] effective=[(2, 1, 2)] witness=[(2, 1, 2)] final_mount=Ok((4, 11)) expected=Some((4, 11)) choice_ok=true C332_hit=false landed=None live_roots_made_unreadable=8 faults_before=1 checker_red=[]
S23 seed=520060 steps=[rb#2->(1,5) rb#3->(1,2) mount mount!crash@11/36 rb-notcand(1,5) rb-notcand(1,8) mount!crash@18/36] effective=[(2, 1, 5), (3, 1, 2)] witness=[(3, 1, 2)] final_mount=Ok((4, 16)) expected=Some((4, 16)) choice_ok=true C332_hit=false landed=None live_roots_made_unreadable=11 faults_before=0 checker_red=[]
S23 seed=520061 steps=[rb#2->(1,3) rb-notcand(1,5) rb#3->(1,2)!crash@4/40 rb-notcand(1,7) mount!crash@47/74 rb-notcand(1,10) rb-notcand(1,9) badsc] effective=[(2, 1, 3)] witness=[(2, 1, 3)] final_mount=Ok((4, 14)) expected=Some((4, 14)) choice_ok=true C332_hit=false landed=None live_roots_made_unreadable=10 faults_before=2 checker_red=[]
S23 seed=520062 steps=[rb#2->(1,5)] effective=[(2, 1, 5)] witness=[(2, 1, 5)] final_mount=Ok((2, 10)) expected=Some((2, 10)) choice_ok=true C332_hit=false landed=None live_roots_made_unreadable=12 faults_before=0 checker_red=[]
S23 seed=520063 steps=[mount!crash@10/55 mount] effective=[] witness=[] final_mount=Ok((3, 10)) expected=Some((3, 10)) choice_ok=true C332_hit=false landed=None live_roots_made_unreadable=14 faults_before=0 checker_red=[]
S23 seed=520064 steps=[rb#2->(1,5) rb-notcand(1,10) mount!crash@14/74] effective=[(2, 1, 5)] witness=[(2, 1, 5)] final_mount=Ok((2, 13)) expected=Some((2, 13)) choice_ok=true C332_hit=false landed=None live_roots_made_unreadable=12 faults_before=0 checker_red=[]
S23 seed=520065 steps=[badsc rb#2->(1,2)!crash@22/36+root rb#3->(1,1)!crash@0/33 rb-notcand(1,3)] effective=[(2, 1, 2)] witness=[(2, 1, 2)] final_mount=Ok((2, 8)) expected=Some((2, 8)) choice_ok=true C332_hit=false landed=None live_roots_made_unreadable=6 faults_before=2 checker_red=[]
S23 seed=520066 steps=[rb#2->(1,7)!crash@37/74+root mount!crash@25/55 rb#4->(1,3)!crash@27/55 mount!crash@43/55 rb#6->(1,3)] effective=[(2, 1, 7), (6, 1, 3)] witness=[(6, 1, 3)] final_mount=Ok((6, 13)) expected=Some((6, 13)) choice_ok=true C332_hit=false landed=None live_roots_made_unreadable=10 faults_before=0 checker_red=[]
S23 seed=520067 steps=[rb#2->(0,0)!crash@28/40+root badroot(0,0) rb-notcand(1,2) rb-notcand(1,2) rb-notcand(1,6) mount!crash@14/29] effective=[(2, 0, 0)] witness=[(2, 0, 0)] final_mount=Ok((2, 11)) expected=Some((2, 11)) choice_ok=true C332_hit=false landed=None live_roots_made_unreadable=3 faults_before=1 checker_red=[]
S23 seed=520068 steps=[mount!crash@2/74 badsc rb#2->(1,1) badsc rb-notcand(1,6) mount] effective=[(2, 1, 1)] witness=[(2, 1, 1)] final_mount=Ok((3, 13)) expected=Some((3, 13)) choice_ok=true C332_hit=false landed=None live_roots_made_unreadable=11 faults_before=4 checker_red=[]
S23 seed=520069 steps=[rb#2->(1,1)!crash@1/36 rb#3->(1,6)!crash@13/74 mount!crash@57/74 mount rb#6->(1,6) rb#7->(1,6) rb#8->(1,4) mount] effective=[(6, 1, 6), (7, 1, 6), (8, 1, 4)] witness=[(8, 1, 4)] final_mount=Ok((9, 22)) expected=Some((9, 22)) choice_ok=true C332_hit=false landed=None live_roots_made_unreadable=12 faults_before=0 checker_red=[]
S23 seed=520070 steps=[badsc] effective=[] witness=[] final_mount=Ok((1, 10)) expected=Some((1, 10)) choice_ok=true C332_hit=false landed=None live_roots_made_unreadable=14 faults_before=2 checker_red=[]
S23 seed=520071 steps=[rb#2->(1,4)!crash@22/74 rb#3->(1,4)!crash@3/74] effective=[] witness=[] final_mount=Ok((1, 7)) expected=Some((1, 7)) choice_ok=true C332_hit=false landed=None live_roots_made_unreadable=11 faults_before=0 checker_red=[]
S23 seed=520072 steps=[rb#2->(1,3)!crash@21/74 mount badsc] effective=[] witness=[] final_mount=Ok((3, 10)) expected=Some((3, 10)) choice_ok=true C332_hit=false landed=None live_roots_made_unreadable=14 faults_before=2 checker_red=[]
S23 seed=520073 steps=[mount!crash@3/78 rb#3->(1,9) rb#4->(3,11)!crash@68/74+root rb#5->(1,4)!crash@15/55] effective=[(3, 1, 9), (4, 3, 11)] witness=[(3, 1, 9), (4, 3, 11)] final_mount=Ok((4, 15)) expected=Some((4, 15)) choice_ok=true C332_hit=false landed=None live_roots_made_unreadable=15 faults_before=0 checker_red=[]
S23 seed=520074 steps=[rb#2->(1,6)!crash@40/74+root mount rb#4->(3,9)!crash@73/74+root mount!crash@57/74 rb#6->(2,8)] effective=[(2, 1, 6), (4, 3, 9), (6, 2, 8)] witness=[(2, 1, 6), (6, 2, 8)] final_mount=Ok((6, 17)) expected=Some((6, 17)) choice_ok=true C332_hit=false landed=None live_roots_made_unreadable=12 faults_before=0 checker_red=[]
S23 seed=520075 steps=[badsc mount mount rb#4->(0,0)!crash@26/40+root rb-notcand(1,7) mount!crash@4/29] effective=[(4, 0, 0)] witness=[(4, 0, 0)] final_mount=Ok((4, 14)) expected=Some((4, 14)) choice_ok=true C332_hit=false landed=None live_roots_made_unreadable=4 faults_before=2 checker_red=[]
S23 seed=520076 steps=[rb#2->(1,6)!crash@16/78 rb#3->(0,0)!crash@23/40 rb#4->(1,5) rb-notcand(1,8) rb#5->(1,4) rb-notcand(1,6) mount!crash@34/74] effective=[(4, 1, 5), (5, 1, 4)] witness=[(5, 1, 4)] final_mount=Ok((6, 17)) expected=Some((6, 17)) choice_ok=true C332_hit=false landed=None live_roots_made_unreadable=11 faults_before=0 checker_red=[]
S23 seed=520077 steps=[rb#2->(1,2)!crash@6/36 rb#3->(1,1)!crash@30/36+root rb#4->(3,8) rb#5->(0,0)!crash@16/33 rb-notcand(1,6) mount rb#7->(3,8) rb-notcand(4,10)] effective=[(3, 1, 1), (4, 3, 8), (7, 3, 8)] witness=[(3, 1, 1), (7, 3, 8)] final_mount=Ok((7, 16)) expected=Some((7, 16)) choice_ok=true C332_hit=false landed=None live_roots_made_unreadable=9 faults_before=0 checker_red=[]
S23 seed=520078 steps=[mount!crash@27/74] effective=[] witness=[] final_mount=Ok((2, 8)) expected=Some((2, 8)) choice_ok=true C332_hit=false landed=None live_roots_made_unreadable=11 faults_before=0 checker_red=[]
S23 seed=520079 steps=[rb#2->(1,4)!crash@15/78 mount] effective=[] witness=[] final_mount=Ok((3, 13)) expected=Some((3, 13)) choice_ok=true C332_hit=false landed=None live_roots_made_unreadable=17 faults_before=0 checker_red=[]
S23 seed=520080 steps=[badroot(0,0) rb#2->(1,5) rb#3->(1,3)!crash@44/78+root] effective=[(2, 1, 5), (3, 1, 3)] witness=[(3, 1, 3)] final_mount=Ok((3, 11)) expected=Some((3, 11)) choice_ok=true C332_hit=false landed=None live_roots_made_unreadable=6 faults_before=1 checker_red=[]
S23 seed=520081 steps=[rb#2->(1,2)!crash@27/36+root mount badsc rb#4->(1,1)] effective=[(2, 1, 2), (4, 1, 1)] witness=[(4, 1, 1)] final_mount=Ok((4, 13)) expected=Some((4, 13)) choice_ok=true C332_hit=false landed=None live_roots_made_unreadable=7 faults_before=2 checker_red=[]
S23 seed=520082 steps=[rb#2->(1,4)!crash@68/78+root badsc rb-notcand(1,5) rb#3->(2,11) rb#4->(3,14)!crash@14/51] effective=[(2, 1, 4), (3, 2, 11)] witness=[(2, 1, 4), (3, 2, 11)] final_mount=Ok((3, 14)) expected=Some((3, 14)) choice_ok=true C332_hit=false landed=None live_roots_made_unreadable=10 faults_before=2 checker_red=[]
S23 seed=520083 steps=[mount!crash@26/51 badsc mount rb#4->(1,5)!crash@7/78 rb#5->(1,3)] effective=[(5, 1, 3)] witness=[(5, 1, 3)] final_mount=Ok((5, 13)) expected=Some((5, 13)) choice_ok=true C332_hit=false landed=None live_roots_made_unreadable=10 faults_before=2 checker_red=[]
S23 seed=520084 steps=[rb#2->(1,4)!crash@11/74 badsc rb#2->(1,4)!crash@44/74+root rb#3->(1,2)!crash@15/33 badsc rb-notcand(1,5) mount!crash@11/55] effective=[(2, 1, 4)] witness=[(2, 1, 4)] final_mount=Ok((2, 8)) expected=Some((2, 8)) choice_ok=true C332_hit=false landed=None live_roots_made_unreadable=8 faults_before=4 checker_red=[]
S23 seed=520085 steps=[rb#2->(1,3)!crash@67/78+root rb-notcand(1,4) badsc rb-notcand(1,6) mount badsc mount mount] effective=[(2, 1, 3)] witness=[(2, 1, 3)] final_mount=Ok((5, 19)) expected=Some((5, 19)) choice_ok=true C332_hit=false landed=None live_roots_made_unreadable=16 faults_before=4 checker_red=[]
S23 seed=520086 steps=[badsc] effective=[] witness=[] final_mount=Ok((1, 10)) expected=Some((1, 10)) choice_ok=true C332_hit=false landed=None live_roots_made_unreadable=14 faults_before=2 checker_red=[]
S23 seed=520087 steps=[mount rb#3->(2,10)!crash@33/78+root] effective=[(3, 2, 10)] witness=[(3, 2, 10)] final_mount=Ok((3, 11)) expected=Some((3, 11)) choice_ok=true C332_hit=false landed=None live_roots_made_unreadable=14 faults_before=0 checker_red=[]
S23 seed=520088 steps=[rb#2->(1,5)!crash@66/78+root rb-notcand(1,8) rb-notcand(1,6)] effective=[(2, 1, 5)] witness=[(2, 1, 5)] final_mount=Ok((2, 12)) expected=Some((2, 12)) choice_ok=true C332_hit=false landed=None live_roots_made_unreadable=10 faults_before=0 checker_red=[]
S23 seed=520089 steps=[mount rb#3->(2,12)!crash@69/74+root rb#4->(2,11) rb#5->(1,1)] effective=[(3, 2, 12), (4, 2, 11), (5, 1, 1)] witness=[(5, 1, 1)] final_mount=Ok((5, 22)) expected=Some((5, 22)) choice_ok=true C332_hit=false landed=None live_roots_made_unreadable=6 faults_before=0 checker_red=[]
S23 seed=520090 steps=[rb#2->(1,2)!crash@12/36 mount mount!crash@58/78 rb#5->(1,6) rb-notcand(3,8)] effective=[(5, 1, 6)] witness=[(5, 1, 6)] final_mount=Ok((5, 14)) expected=Some((5, 14)) choice_ok=true C332_hit=false landed=None live_roots_made_unreadable=11 faults_before=0 checker_red=[]
S23 seed=520091 steps=[badsc rb#2->(1,9) badroot(0,0) rb#3->(1,8) rb#4->(1,8) badroot(1,1)] effective=[(2, 1, 9), (3, 1, 8), (4, 1, 8)] witness=[(4, 1, 8)] final_mount=Ok((4, 19)) expected=Some((4, 19)) choice_ok=true C332_hit=false landed=None live_roots_made_unreadable=13 faults_before=4 checker_red=[]
S23 seed=520092 steps=[rb#2->(1,3)!crash@74/78+root rb#3->(1,3)!crash@39/78+root mount rb-notcand(1,7) mount rb#6->(5,18)!crash@52/74+root rb#7->(1,3)] effective=[(2, 1, 3), (3, 1, 3), (6, 5, 18), (7, 1, 3)] witness=[(7, 1, 3)] final_mount=Ok((7, 23)) expected=Some((7, 23)) choice_ok=true C332_hit=false landed=None live_roots_made_unreadable=6 faults_before=0 checker_red=[]
S23 seed=520093 steps=[rb#2->(1,3)!crash@13/74 rb#3->(1,3)!crash@28/74+root badroot(0,0) rb#4->(1,3)!crash@51/55+root rb#5->(1,2) rb-notcand(1,3) mount rb#7->(1,2)!crash@18/40] effective=[(3, 1, 3), (4, 1, 3), (5, 1, 2)] witness=[(5, 1, 2)] final_mount=Ok((6, 16)) expected=Some((6, 16)) choice_ok=true C332_hit=false landed=None live_roots_made_unreadable=11 faults_before=1 checker_red=[]
S23 seed=520094 steps=[mount] effective=[] witness=[] final_mount=Ok((2, 13)) expected=Some((2, 13)) choice_ok=true C332_hit=false landed=None live_roots_made_unreadable=17 faults_before=0 checker_red=[]
S23 seed=520095 steps=[rb#2->(1,3) mount!crash@18/74] effective=[(2, 1, 3)] witness=[(2, 1, 3)] final_mount=Ok((2, 13)) expected=Some((2, 13)) choice_ok=true C332_hit=false landed=None live_roots_made_unreadable=10 faults_before=0 checker_red=[]
S23 seed=520096 steps=[badsc mount badsc] effective=[] witness=[] final_mount=Ok((2, 10)) expected=Some((2, 10)) choice_ok=true C332_hit=false landed=None live_roots_made_unreadable=14 faults_before=4 checker_red=[]
S23 seed=520097 steps=[rb#2->(1,3) rb#3->(1,1)!crash@35/40+root rb-notcand(1,9) rb-notcand(1,3)] effective=[(2, 1, 3), (3, 1, 1)] witness=[(3, 1, 1)] final_mount=Ok((3, 15)) expected=Some((3, 15)) choice_ok=true C332_hit=false landed=None live_roots_made_unreadable=7 faults_before=0 checker_red=[]
S23 seed=520098 steps=[rb#2->(1,2) rb-notcand(1,6) rb#3->(1,1) rb-notcand(1,4) rb#4->(1,1)!crash@28/40+root] effective=[(2, 1, 2), (3, 1, 1), (4, 1, 1)] witness=[(4, 1, 1)] final_mount=Ok((4, 17)) expected=Some((4, 17)) choice_ok=true C332_hit=false landed=None live_roots_made_unreadable=5 faults_before=0 checker_red=[]
S23 seed=520099 steps=[mount rb#3->(2,8)!crash@40/78+root rb#4->(1,1) mount mount!crash@28/36 rb#7->(6,17)] effective=[(3, 2, 8), (4, 1, 1), (7, 6, 17)] witness=[(4, 1, 1), (7, 6, 17)] final_mount=Ok((7, 20)) expected=Some((7, 20)) choice_ok=true C332_hit=false landed=None live_roots_made_unreadable=12 faults_before=0 checker_red=[]
S23 seed=520100 steps=[rb#2->(1,3) badsc rb-notcand(1,6) rb-notcand(1,6) rb-notcand(1,10) rb#3->(2,12)] effective=[(2, 1, 3), (3, 2, 12)] witness=[(2, 1, 3), (3, 2, 12)] final_mount=Ok((3, 16)) expected=Some((3, 16)) choice_ok=true C332_hit=false landed=None live_roots_made_unreadable=12 faults_before=2 checker_red=[]
S23 seed=520101 steps=[badsc rb#2->(1,10)!crash@23/78 mount rb#4->(1,1) badsc rb-notcand(1,9) rb-notcand(1,7) rb#5->(4,15)!crash@17/36] effective=[(4, 1, 1)] witness=[(4, 1, 1)] final_mount=Ok((4, 16)) expected=Some((4, 16)) choice_ok=true C332_hit=false landed=None live_roots_made_unreadable=7 faults_before=4 checker_red=[]
S23 seed=520102 steps=[rb#2->(1,3)] effective=[(2, 1, 3)] witness=[(2, 1, 3)] final_mount=Ok((2, 10)) expected=Some((2, 10)) choice_ok=true C332_hit=false landed=None live_roots_made_unreadable=10 faults_before=0 checker_red=[]
S23 seed=520103 steps=[rb#2->(1,5) mount] effective=[(2, 1, 5)] witness=[(2, 1, 5)] final_mount=Ok((3, 13)) expected=Some((3, 13)) choice_ok=true C332_hit=false landed=None live_roots_made_unreadable=13 faults_before=0 checker_red=[]
S23 seed=520104 steps=[mount mount!crash@58/74 rb#4->(1,6)] effective=[(4, 1, 6)] witness=[(4, 1, 6)] final_mount=Ok((4, 17)) expected=Some((4, 17)) choice_ok=true C332_hit=false landed=None live_roots_made_unreadable=11 faults_before=0 checker_red=[]
S23 seed=520105 steps=[rb#2->(1,4) rb#3->(2,9) rb-notcand(1,5) rb-notcand(1,6)] effective=[(2, 1, 4), (3, 2, 9)] witness=[(2, 1, 4), (3, 2, 9)] final_mount=Ok((3, 13)) expected=Some((3, 13)) choice_ok=true C332_hit=false landed=None live_roots_made_unreadable=13 faults_before=0 checker_red=[]
S23 seed=520106 steps=[badroot(0,0) mount!crash@19/55 rb#3->(1,1)!crash@11/33 mount rb#5->(4,10)] effective=[(5, 4, 10)] witness=[(5, 4, 10)] final_mount=Ok((5, 13)) expected=Some((5, 13)) choice_ok=true C332_hit=false landed=None live_roots_made_unreadable=15 faults_before=1 checker_red=[]
S23 seed=520107 steps=[rb#2->(1,10) mount rb#4->(1,10) badroot(0,0) rb-notcand(2,13) mount!crash@72/74] effective=[(2, 1, 10), (4, 1, 10)] witness=[(4, 1, 10)] final_mount=Ok((5, 22)) expected=Some((5, 22)) choice_ok=true C332_hit=false landed=None live_roots_made_unreadable=18 faults_before=1 checker_red=[]
S23 seed=520108 steps=[mount rb#3->(1,3)!crash@65/78+root mount!crash@29/51 rb-notcand(2,10) badsc rb#5->(3,12)] effective=[(3, 1, 3), (5, 3, 12)] witness=[(3, 1, 3), (5, 3, 12)] final_mount=Ok((5, 16)) expected=Some((5, 16)) choice_ok=true C332_hit=false landed=None live_roots_made_unreadable=12 faults_before=2 checker_red=[]
S23 seed=520109 steps=[rb#2->(1,8) rb#3->(2,11)!crash@41/51+root mount rb-notcand(1,9) rb#5->(1,3) badsc mount rb-notcand(2,11)] effective=[(2, 1, 8), (3, 2, 11), (5, 1, 3)] witness=[(5, 1, 3)] final_mount=Ok((6, 19)) expected=Some((6, 19)) choice_ok=true C332_hit=false landed=None live_roots_made_unreadable=12 faults_before=2 checker_red=[]
S23 seed=520110 steps=[mount] effective=[] witness=[] final_mount=Ok((2, 13)) expected=Some((2, 13)) choice_ok=true C332_hit=false landed=None live_roots_made_unreadable=17 faults_before=0 checker_red=[]
S23 seed=520111 steps=[rb#2->(1,2) mount] effective=[(2, 1, 2)] witness=[(2, 1, 2)] final_mount=Ok((3, 13)) expected=Some((3, 13)) choice_ok=true C332_hit=false landed=None live_roots_made_unreadable=12 faults_before=0 checker_red=[]
S23 seed=520112 steps=[badsc mount!crash@27/55 mount] effective=[] witness=[] final_mount=Ok((3, 13)) expected=Some((3, 13)) choice_ok=true C332_hit=false landed=None live_roots_made_unreadable=16 faults_before=2 checker_red=[]
S23 seed=520113 steps=[rb#2->(1,4) rb#3->(0,0) mount!crash@11/36 rb-notcand(1,8)] effective=[(2, 1, 4), (3, 0, 0)] witness=[(3, 0, 0)] final_mount=Ok((3, 16)) expected=Some((3, 16)) choice_ok=true C332_hit=false landed=None live_roots_made_unreadable=7 faults_before=0 checker_red=[]
S23 seed=520114 steps=[rb#2->(1,2) rb-notcand(1,4) mount rb-notcand(1,4) rb-notcand(1,7)] effective=[(2, 1, 2)] witness=[(2, 1, 2)] final_mount=Ok((3, 13)) expected=Some((3, 13)) choice_ok=true C332_hit=false landed=None live_roots_made_unreadable=12 faults_before=0 checker_red=[]
S23 seed=520115 steps=[mount rb#3->(1,3)!crash@6/78 rb#4->(1,4) rb-notcand(2,9) mount badsc] effective=[(4, 1, 4)] witness=[(4, 1, 4)] final_mount=Ok((5, 16)) expected=Some((5, 16)) choice_ok=true C332_hit=false landed=None live_roots_made_unreadable=14 faults_before=2 checker_red=[]
S23 seed=520116 steps=[rb#2->(1,4) rb-notcand(1,10) rb#3->(1,4) mount badsc mount mount] effective=[(2, 1, 4), (3, 1, 4)] witness=[(3, 1, 4)] final_mount=Ok((6, 25)) expected=Some((6, 25)) choice_ok=true C332_hit=false landed=None live_roots_made_unreadable=15 faults_before=2 checker_red=[]
S23 seed=520117 steps=[badsc rb#2->(1,5) rb#3->(1,3) badsc rb#4->(3,12)!crash@42/74+root rb#5->(4,14) rb#6->(3,12)!crash@41/74+root rb#7->(3,11)!crash@1/51] effective=[(2, 1, 5), (3, 1, 3), (4, 3, 12), (5, 4, 14), (6, 3, 12)] witness=[(3, 1, 3), (6, 3, 12)] final_mount=Ok((6, 17)) expected=Some((6, 17)) choice_ok=true C332_hit=false landed=None live_roots_made_unreadable=9 faults_before=4 checker_red=[]
S23 seed=520118 steps=[rb#2->(1,4)] effective=[(2, 1, 4)] witness=[(2, 1, 4)] final_mount=Ok((2, 10)) expected=Some((2, 10)) choice_ok=true C332_hit=false landed=None live_roots_made_unreadable=11 faults_before=0 checker_red=[]
S23 seed=520119 steps=[rb#2->(1,3) rb#3->(1,2)!crash@21/40] effective=[(2, 1, 3)] witness=[(2, 1, 3)] final_mount=Ok((2, 13)) expected=Some((2, 13)) choice_ok=true C332_hit=false landed=None live_roots_made_unreadable=9 faults_before=0 checker_red=[]
S23 summary series=120 base=520000 rollbacks=232 effective=182 C332_hits=0 wrong_final_choice=0 checker_red=0 final_mount_refused=0
test s23_random_series_oracle ... ok

test result: ok. 1 passed; 0 failed; 0 ignored; 0 measured; 4 filtered out; finished in 145.35s

