
running 4 tests
Z21-A m=0 crash_between_row_root_and_rotation=true witness=[] newest=(2,6) rows=[(0,0,rb) (1,0,-)] unreadable_root_txgs=[6] faults=1 -> FileRead root=(1,5) content_is_A=false content_len=2602
Z21-A m=0 crash_between_row_root_and_rotation=false witness=[(2, 0, 0)] newest=(2,7) rows=[(0,0,rb) (1,0,-)] unreadable_root_txgs=[6, 7] faults=2 -> NoFile { root: (InstanceGeneration(0), CheckpointTxg(0)) }
Z21-A m=1 crash_between_row_root_and_rotation=true witness=[(2, 0, 0)] newest=(3,8) rows=[(0,0,rb) (1,0,-) (2,6,-)] unreadable_root_txgs=[6, 7, 8] faults=3 -> NoFile { root: (InstanceGeneration(0), CheckpointTxg(0)) }
Z21-A m=1 crash_between_row_root_and_rotation=false witness=[(2, 0, 0)] newest=(3,10) rows=[(0,0,rb) (1,0,-) (2,7,-)] unreadable_root_txgs=[6, 7, 8, 9, 10] faults=5 -> NoFile { root: (InstanceGeneration(0), CheckpointTxg(0)) }
Z21-C seed=91000 last_txg=6 steps=[rb#2->(1,5) mount rb#4->(2,7)!crash rb#5->(2,7)] final_mount=Ok("Ok") intended=[(2, 1, 5), (4, 2, 7), (5, 2, 7)] witness=[(2, 1, 5), (5, 2, 7)] wrong=[] missing_and_not_deletable=[] checker_red=[] ok=true
Z21-A m=2 crash_between_row_root_and_rotation=true witness=[(2, 0, 0)] newest=(4,10) rows=[(0,0,rb) (1,0,-) (2,6,-) (3,8,-)] unreadable_root_txgs=[6, 7, 8, 9, 10] faults=5 -> NoFile { root: (InstanceGeneration(0), CheckpointTxg(0)) }
Z21-A m=2 crash_between_row_root_and_rotation=false witness=[(2, 0, 0)] newest=(4,13) rows=[(0,0,rb) (1,0,-) (2,7,-) (3,10,-)] unreadable_root_txgs=[6, 7, 8, 9, 10, 11, 12, 13] faults=8 -> NoFile { root: (InstanceGeneration(0), CheckpointTxg(0)) }
Z21-A m=3 crash_between_row_root_and_rotation=true witness=[(2, 0, 0)] newest=(5,13) rows=[(0,0,rb) (1,0,-) (2,6,-) (3,8,-) (4,10,-)] unreadable_root_txgs=[6, 7, 8, 9, 10, 11, 12, 13] faults=8 -> NoFile { root: (InstanceGeneration(0), CheckpointTxg(0)) }
Z21-A m=3 crash_between_row_root_and_rotation=false witness=[(2, 0, 0)] newest=(5,16) rows=[(0,0,rb) (1,0,-) (2,7,-) (3,10,-) (4,13,-)] unreadable_root_txgs=[6, 7, 8, 9, 10, 11, 12, 13, 14, 15, 16] faults=11 -> NoFile { root: (InstanceGeneration(0), CheckpointTxg(0)) }
test z21_a_rollback_to_the_generation_zero_root_crashing_in_the_post_window_is_never_restored ... ok
Z21-B writable_between=0 rollbacks=22 ring_all_readable=true witness_entries_on_disk=8 rollback_rows_in_newest_table=22 rows=22 healthy_next_mount=Ok("Ok") | corrupted_root=(16,47) ring_all_readable_after=false -> writable_mount=Ok("Ok") disk_unchanged=false
Z21-B2 corrupted_root=(18,53)
Z21-B2 writable_attempt=1 -> Ok("Ok") disk_unchanged=false
Z21-B2 writable_attempt=2 -> Ok("Ok") disk_unchanged=false
Z21-B writable_between=0 rollbacks=23 ring_all_readable=true witness_entries_on_disk=8 rollback_rows_in_newest_table=23 rows=23 healthy_next_mount=Ok("Ok") | corrupted_root=(17,50) ring_all_readable_after=false -> writable_mount=Ok("Ok") disk_unchanged=false
Z21-B2 rollback_targets_refused_with_witness_full=0 others=["(18,54)->Ok", "(18,55)->Ok", "(19,56)->Ok", "(19,57)->Ok", "(19,58)->Ok", "(20,59)->Ok", "(20,60)->Ok", "(20,61)->Ok", "(21,62)->Ok", "(21,63)->Ok", "(21,64)->Ok", "(22,65)->Ok", "(22,66)->Ok", "(22,67)->Ok", "(23,68)->Ok", "(23,69)->Ok", "(23,70)->Ok", "(24,71)->Ok", "(24,72)->Ok", "(24,73)->Ok", "(25,74)->Ok", "(25,75)->Ok", "(25,76)->Ok"]
Z21-B2 read_only_recovery -> FileRead root=(25,76) content_is_A=false content_len=2602
Z21-B2 slot_restored_same_pool -> writable_mount=Ok("Ok") witness_after=7
test z21_b2_after_the_refusal_every_writable_path_is_refused_while_the_slot_stays_bad ... ok
Z21-B writable_between=0 rollbacks=24 ring_all_readable=true witness_entries_on_disk=8 rollback_rows_in_newest_table=24 rows=24 healthy_next_mount=Ok("Ok") | corrupted_root=(18,53) ring_all_readable_after=false -> writable_mount=Ok("Ok") disk_unchanged=false
Z21-B writable_between=0 rollbacks=25 ring_all_readable=true witness_entries_on_disk=8 rollback_rows_in_newest_table=25 rows=25 healthy_next_mount=Ok("Ok") | corrupted_root=(19,56) ring_all_readable_after=false -> writable_mount=Ok("Ok") disk_unchanged=false
Z21-B writable_between=0 rollbacks=30 ring_all_readable=true witness_entries_on_disk=8 rollback_rows_in_newest_table=30 rows=30 healthy_next_mount=Ok("Ok") | corrupted_root=(24,71) ring_all_readable_after=false -> writable_mount=Ok("Ok") disk_unchanged=false
Z21-B writable_between=1 rollbacks=22 ring_all_readable=true witness_entries_on_disk=4 rollback_rows_in_newest_table=22 rows=44 healthy_next_mount=Ok("Ok") | corrupted_root=(38,113) ring_all_readable_after=false -> writable_mount=Ok("Ok") disk_unchanged=false
Z21-B writable_between=1 rollbacks=23 ring_all_readable=true witness_entries_on_disk=4 rollback_rows_in_newest_table=23 rows=46 healthy_next_mount=Ok("Ok") | corrupted_root=(40,119) ring_all_readable_after=false -> writable_mount=Ok("Ok") disk_unchanged=false
Z21-B writable_between=1 rollbacks=24 ring_all_readable=true witness_entries_on_disk=4 rollback_rows_in_newest_table=24 rows=48 healthy_next_mount=Ok("Ok") | corrupted_root=(42,125) ring_all_readable_after=false -> writable_mount=Ok("Ok") disk_unchanged=false
Z21-B writable_between=1 rollbacks=25 ring_all_readable=true witness_entries_on_disk=4 rollback_rows_in_newest_table=25 rows=50 healthy_next_mount=Ok("Ok") | corrupted_root=(44,131) ring_all_readable_after=false -> writable_mount=Ok("Ok") disk_unchanged=false
Z21-C seed=91001 last_txg=8 steps=[rb#2->(1,2)!crash mount rb#4->(1,2) mount rb#6->(4,13)!crash mount mount rb#9->(6,17) mount mount rb#12->(9,24) mount rb#14->(12,32) mount] final_mount=Ok("Ok") intended=[(2, 1, 2), (4, 1, 2), (6, 4, 13), (9, 6, 17), (12, 9, 24), (14, 12, 32)] witness=[(9, 6, 17), (12, 9, 24), (14, 12, 32)] wrong=[] missing_and_not_deletable=[] checker_red=[] ok=true
Z21-C seed=91002 last_txg=5 steps=[rb#2->(1,3)!crash mount] final_mount=Ok("Ok") intended=[(2, 1, 3)] witness=[(2, 1, 3)] wrong=[] missing_and_not_deletable=[] checker_red=[] ok=true
Z21-C seed=91003 last_txg=6 steps=[rb#2->(1,3)!crash rb#3->(2,7) rb#4->(3,10) mount mount rb#7->(1,3) mount mount] final_mount=Ok("Ok") intended=[(2, 1, 3), (3, 2, 7), (4, 3, 10), (7, 1, 3)] witness=[(7, 1, 3)] wrong=[] missing_and_not_deletable=[] checker_red=[] ok=true
Z21-C seed=91004 last_txg=8 steps=[rb#2->(1,3)!crash mount mount rb#5->(4,13) mount mount rb#8->(6,19)!crash mount rb#10->(9,24)!crash mount rb#12->(11,28)] final_mount=Ok("Ok") intended=[(2, 1, 3), (5, 4, 13), (8, 6, 19), (10, 9, 24), (12, 11, 28)] witness=[(2, 1, 3), (5, 4, 13), (8, 6, 19), (10, 9, 24), (12, 11, 28)] wrong=[] missing_and_not_deletable=[] checker_red=[] ok=true
Z21-C seed=91005 last_txg=5 steps=[rb#2->(1,5) mount mount rb#5->(2,6)!crash mount mount] final_mount=Ok("Ok") intended=[(2, 1, 5), (5, 2, 6)] witness=[(2, 1, 5), (5, 2, 6)] wrong=[] missing_and_not_deletable=[] checker_red=[] ok=true
Z21-C seed=91006 last_txg=5 steps=[rb#2->(1,3) mount mount rb#5->(4,13) mount rb#7->(6,17)] final_mount=Ok("Ok") intended=[(2, 1, 3), (5, 4, 13), (7, 6, 17)] witness=[(2, 1, 3), (5, 4, 13), (7, 6, 17)] wrong=[] missing_and_not_deletable=[] checker_red=[] ok=true
Z21-C seed=91007 last_txg=8 steps=[rb#2->(1,3) rb#3->(2,9)!crash mount rb#5->(1,2)!crash mount rb#7->(5,14) mount mount rb#10->(8,22) mount mount rb#13->(12,34)!crash mount] final_mount=Ok("Ok") intended=[(2, 1, 3), (3, 2, 9), (5, 1, 2), (7, 5, 14), (10, 8, 22), (13, 12, 34)] witness=[(7, 5, 14), (10, 8, 22), (13, 12, 34)] wrong=[] missing_and_not_deletable=[] checker_red=[] ok=true
Z21-B writable_between=1 rollbacks=30 ring_all_readable=true witness_entries_on_disk=4 rollback_rows_in_newest_table=30 rows=60 healthy_next_mount=Ok("Ok") | corrupted_root=(54,161) ring_all_readable_after=false -> writable_mount=Ok("Ok") disk_unchanged=false
test z21_b_rollback_rows_resurrect_deleted_entries_when_one_ring_slot_goes_bad ... ok
Z21-C seed=91008 last_txg=5 steps=[rb#2->(1,3)!crash mount rb#4->(1,1) mount rb#6->(1,1)] final_mount=Ok("Ok") intended=[(2, 1, 3), (4, 1, 1), (6, 1, 1)] witness=[(6, 1, 1)] wrong=[] missing_and_not_deletable=[] checker_red=[] ok=true
Z21-C seed=91009 last_txg=5 steps=[rb#2->(1,1)!crash rb#3->(2,6)!crash mount rb#5->(1,1)!crash mount rb#7->(1,1)!crash mount] final_mount=Ok("Ok") intended=[(2, 1, 1), (3, 2, 6), (5, 1, 1), (7, 1, 1)] witness=[(7, 1, 1)] wrong=[] missing_and_not_deletable=[] checker_red=[] ok=true
Z21-C seed=91010 last_txg=8 steps=[rb#2->(1,7)] final_mount=Ok("Ok") intended=[(2, 1, 7)] witness=[(2, 1, 7)] wrong=[] missing_and_not_deletable=[] checker_red=[] ok=true
Z21-C seed=91011 last_txg=5 steps=[rb#2->(1,1) mount mount rb#5->(3,10)] final_mount=Ok("Ok") intended=[(2, 1, 1), (5, 3, 10)] witness=[(2, 1, 1), (5, 3, 10)] wrong=[] missing_and_not_deletable=[] checker_red=[] ok=true
Z21-C seed=91012 last_txg=5 steps=[rb#2->(1,1) rb#3->(2,6)!crash mount mount rb#6->(5,11) rb#7->(6,14) mount rb#9->(2,6)!crash] final_mount=Ok("Ok") intended=[(2, 1, 1), (3, 2, 6), (6, 5, 11), (7, 6, 14), (9, 2, 6)] witness=[(2, 1, 1), (9, 2, 6)] wrong=[] missing_and_not_deletable=[] checker_red=[] ok=true
Z21-C seed=91013 last_txg=8 steps=[rb#2->(1,7) mount rb#4->(1,1) mount] final_mount=Ok("Ok") intended=[(2, 1, 7), (4, 1, 1)] witness=[(4, 1, 1)] wrong=[] missing_and_not_deletable=[] checker_red=[] ok=true
Z21-C seed=91014 last_txg=5 steps=[rb#2->(1,4)!crash rb#3->(1,2)!crash mount rb#5->(4,8)!crash mount mount] final_mount=Ok("Ok") intended=[(2, 1, 4), (3, 1, 2), (5, 4, 8)] witness=[(3, 1, 2), (5, 4, 8)] wrong=[] missing_and_not_deletable=[] checker_red=[] ok=true
Z21-C seed=91015 last_txg=5 steps=[rb#2->(1,4)!crash mount mount rb#5->(2,6) mount rb#7->(1,1)!crash rb#8->(1,1) mount rb#10->(1,1)!crash mount rb#12->(10,23)!crash mount] final_mount=Ok("Ok") intended=[(2, 1, 4), (5, 2, 6), (7, 1, 1), (8, 1, 1), (10, 1, 1), (12, 10, 23)] witness=[(10, 1, 1), (12, 10, 23)] wrong=[] missing_and_not_deletable=[] checker_red=[] ok=true
Z21-C seed=91016 last_txg=8 steps=[rb#2->(1,8) mount] final_mount=Ok("Ok") intended=[(2, 1, 8)] witness=[(2, 1, 8)] wrong=[] missing_and_not_deletable=[] checker_red=[] ok=true
Z21-C seed=91017 last_txg=5 steps=[rb#2->(1,3) rb#3->(2,6) mount mount rb#6->(4,13) mount mount rb#9->(7,22)!crash mount] final_mount=Ok("Ok") intended=[(2, 1, 3), (3, 2, 6), (6, 4, 13), (9, 7, 22)] witness=[(2, 1, 3), (3, 2, 6), (6, 4, 13), (9, 7, 22)] wrong=[] missing_and_not_deletable=[] checker_red=[] ok=true
Z21-C seed=91018 last_txg=5 steps=[rb#2->(1,1)] final_mount=Ok("Ok") intended=[(2, 1, 1)] witness=[(2, 1, 1)] wrong=[] missing_and_not_deletable=[] checker_red=[] ok=true
Z21-C seed=91019 last_txg=8 steps=[rb#2->(1,2) mount rb#4->(3,13)!crash mount] final_mount=Ok("Ok") intended=[(2, 1, 2), (4, 3, 13)] witness=[(2, 1, 2), (4, 3, 13)] wrong=[] missing_and_not_deletable=[] checker_red=[] ok=true
Z21-C seed=91020 last_txg=9 steps=[rb#2->(1,5)!crash mount rb#4->(1,5) rb#5->(4,15) rb#6->(1,2)!crash rb#7->(1,1)!crash] final_mount=Ok("Ok") intended=[(2, 1, 5), (4, 1, 5), (5, 4, 15), (6, 1, 2), (7, 1, 1)] witness=[(7, 1, 1)] wrong=[] missing_and_not_deletable=[] checker_red=[] ok=true
Z21-C seed=91021 last_txg=5 steps=[rb#2->(1,1)!crash mount rb#4->(3,8)!crash rb#5->(4,9)!crash mount mount rb#8->(6,13)!crash rb#9->(3,8) mount mount rb#12->(3,8) mount] final_mount=Ok("Ok") intended=[(2, 1, 1), (4, 3, 8), (5, 4, 9), (8, 6, 13), (9, 3, 8), (12, 3, 8)] witness=[(12, 3, 8)] wrong=[] missing_and_not_deletable=[] checker_red=[] ok=true
Z21-C seed=91022 last_txg=8 steps=[rb#2->(1,1) mount mount rb#5->(2,10) rb#6->(5,18)] final_mount=Ok("Ok") intended=[(2, 1, 1), (5, 2, 10), (6, 5, 18)] witness=[(2, 1, 1), (5, 2, 10), (6, 5, 18)] wrong=[] missing_and_not_deletable=[] checker_red=[] ok=true
Z21-C seed=91023 last_txg=9 steps=[rb#2->(1,2)!crash mount rb#4->(3,13) mount mount rb#7->(2,10) mount mount rb#10->(9,29)!crash mount mount rb#13->(8,28)!crash mount mount rb#16->(15,43)] final_mount=Ok("Ok") intended=[(2, 1, 2), (4, 3, 13), (7, 2, 10), (10, 9, 29), (13, 8, 28), (16, 15, 43)] witness=[(13, 8, 28), (16, 15, 43)] wrong=[] missing_and_not_deletable=[] checker_red=[] ok=true
Z21-C seed=91024 last_txg=5 steps=[rb#2->(1,4) mount mount] final_mount=Ok("Ok") intended=[(2, 1, 4)] witness=[(2, 1, 4)] wrong=[] missing_and_not_deletable=[] checker_red=[] ok=true
Z21-C seed=91025 last_txg=8 steps=[rb#2->(1,3)!crash mount mount rb#5->(1,3)!crash mount rb#7->(1,2) mount rb#9->(7,18) mount mount] final_mount=Ok("Ok") intended=[(2, 1, 3), (5, 1, 3), (7, 1, 2), (9, 7, 18)] witness=[(7, 1, 2), (9, 7, 18)] wrong=[] missing_and_not_deletable=[] checker_red=[] ok=true
Z21-C seed=91026 last_txg=8 steps=[rb#2->(1,6)!crash mount rb#4->(2,9)!crash mount rb#6->(1,6)!crash mount mount rb#9->(1,5) mount rb#11->(10,23) mount] final_mount=Ok("Ok") intended=[(2, 1, 6), (4, 2, 9), (6, 1, 6), (9, 1, 5), (11, 10, 23)] witness=[(9, 1, 5), (11, 10, 23)] wrong=[] missing_and_not_deletable=[] checker_red=[] ok=true
Z21-C seed=91027 last_txg=5 steps=[rb#2->(1,4)!crash rb#3->(1,4)!crash mount mount] final_mount=Ok("Ok") intended=[(2, 1, 4), (3, 1, 4)] witness=[(3, 1, 4)] wrong=[] missing_and_not_deletable=[] checker_red=[] ok=true
Z21-C seed=91028 last_txg=8 steps=[rb#2->(1,4)!crash mount mount rb#5->(1,2)!crash rb#6->(5,14)!crash mount] final_mount=Ok("Ok") intended=[(2, 1, 4), (5, 1, 2), (6, 5, 14)] witness=[(5, 1, 2), (6, 5, 14)] wrong=[] missing_and_not_deletable=[] checker_red=[] ok=true
Z21-C seed=91029 last_txg=8 steps=[rb#2->(1,5)!crash mount mount rb#5->(1,1)!crash mount rb#7->(6,15)!crash rb#8->(5,14) mount mount rb#11->(10,25) rb#12->(5,14)!crash mount mount] final_mount=Ok("Ok") intended=[(2, 1, 5), (5, 1, 1), (7, 6, 15), (8, 5, 14), (11, 10, 25), (12, 5, 14)] witness=[(5, 1, 1), (12, 5, 14)] wrong=[] missing_and_not_deletable=[] checker_red=[] ok=true
Z21-C seed=91030 last_txg=5 steps=[rb#2->(1,2) rb#3->(2,6)!crash mount mount rb#6->(5,13) mount mount] final_mount=Ok("Ok") intended=[(2, 1, 2), (3, 2, 6), (6, 5, 13)] witness=[(2, 1, 2), (3, 2, 6), (6, 5, 13)] wrong=[] missing_and_not_deletable=[] checker_red=[] ok=true
Z21-C seed=91031 last_txg=8 steps=[rb#2->(1,5)!crash rb#3->(1,4) mount mount rb#6->(1,2)!crash rb#7->(6,17) mount mount] final_mount=Ok("Ok") intended=[(2, 1, 5), (3, 1, 4), (6, 1, 2), (7, 6, 17)] witness=[(6, 1, 2), (7, 6, 17)] wrong=[] missing_and_not_deletable=[] checker_red=[] ok=true
Z21-C seed=91032 last_txg=8 steps=[rb#2->(1,4) mount mount] final_mount=Ok("Ok") intended=[(2, 1, 4)] witness=[(2, 1, 4)] wrong=[] missing_and_not_deletable=[] checker_red=[] ok=true
Z21-C seed=91033 last_txg=5 steps=[rb#2->(1,2)!crash mount rb#4->(2,6) mount mount] final_mount=Ok("Ok") intended=[(2, 1, 2), (4, 2, 6)] witness=[(2, 1, 2), (4, 2, 6)] wrong=[] missing_and_not_deletable=[] checker_red=[] ok=true
Z21-C seed=91034 last_txg=8 steps=[rb#2->(1,8)!crash rb#3->(1,2)!crash rb#4->(1,1) mount mount rb#7->(6,19)!crash rb#8->(5,16)!crash mount mount] final_mount=Ok("Ok") intended=[(2, 1, 8), (3, 1, 2), (4, 1, 1), (7, 6, 19), (8, 5, 16)] witness=[(4, 1, 1), (8, 5, 16)] wrong=[] missing_and_not_deletable=[] checker_red=[] ok=true
Z21-C seed=91035 last_txg=8 steps=[rb#2->(1,6) mount mount rb#5->(1,6)!crash mount mount] final_mount=Ok("Ok") intended=[(2, 1, 6), (5, 1, 6)] witness=[(5, 1, 6)] wrong=[] missing_and_not_deletable=[] checker_red=[] ok=true
Z21-C seed=91036 last_txg=5 steps=[rb#2->(1,4) mount mount rb#5->(1,4)!crash mount rb#7->(1,3)] final_mount=Ok("Ok") intended=[(2, 1, 4), (5, 1, 4), (7, 1, 3)] witness=[(7, 1, 3)] wrong=[] missing_and_not_deletable=[] checker_red=[] ok=true
Z21-C seed=91037 last_txg=8 steps=[rb#2->(1,6)!crash rb#3->(1,2) rb#4->(3,10)!crash rb#5->(1,1) mount rb#7->(6,16) rb#8->(5,13)!crash mount mount] final_mount=Ok("Ok") intended=[(2, 1, 6), (3, 1, 2), (4, 3, 10), (5, 1, 1), (7, 6, 16), (8, 5, 13)] witness=[(5, 1, 1), (8, 5, 13)] wrong=[] missing_and_not_deletable=[] checker_red=[] ok=true
Z21-C seed=91038 last_txg=8 steps=[rb#2->(1,8) mount] final_mount=Ok("Ok") intended=[(2, 1, 8)] witness=[(2, 1, 8)] wrong=[] missing_and_not_deletable=[] checker_red=[] ok=true
Z21-C seed=91039 last_txg=5 steps=[rb#2->(1,3) mount rb#4->(3,10)!crash rb#5->(1,1) rb#6->(5,13) mount mount] final_mount=Ok("Ok") intended=[(2, 1, 3), (4, 3, 10), (5, 1, 1), (6, 5, 13)] witness=[(5, 1, 1), (6, 5, 13)] wrong=[] missing_and_not_deletable=[] checker_red=[] ok=true
Z21-C seed=91040 last_txg=8 steps=[rb#2->(1,8)!crash mount mount] final_mount=Ok("Ok") intended=[(2, 1, 8)] witness=[(2, 1, 8)] wrong=[] missing_and_not_deletable=[] checker_red=[] ok=true
Z21-C seed=91041 last_txg=8 steps=[rb#2->(1,1) mount rb#4->(3,12) mount] final_mount=Ok("Ok") intended=[(2, 1, 1), (4, 3, 12)] witness=[(2, 1, 1), (4, 3, 12)] wrong=[] missing_and_not_deletable=[] checker_red=[] ok=true
Z21-C seed=91042 last_txg=5 steps=[rb#2->(1,2)!crash mount mount rb#5->(2,6) mount mount rb#8->(6,14)!crash rb#9->(8,20) mount mount rb#12->(2,6) mount] final_mount=Ok("Ok") intended=[(2, 1, 2), (5, 2, 6), (8, 6, 14), (9, 8, 20), (12, 2, 6)] witness=[(12, 2, 6)] wrong=[] missing_and_not_deletable=[] checker_red=[] ok=true
Z21-C seed=91043 last_txg=8 steps=[rb#2->(1,3)!crash mount mount rb#5->(1,1) mount rb#7->(6,17) rb#8->(5,15) rb#9->(5,15)!crash mount rb#11->(10,28)] final_mount=Ok("Ok") intended=[(2, 1, 3), (5, 1, 1), (7, 6, 17), (8, 5, 15), (9, 5, 15), (11, 10, 28)] witness=[(5, 1, 1), (9, 5, 15), (11, 10, 28)] wrong=[] missing_and_not_deletable=[] checker_red=[] ok=true
Z21-C seed=91044 last_txg=8 steps=[rb#2->(1,5) mount rb#4->(1,1)!crash mount mount rb#7->(4,14)!crash mount mount] final_mount=Ok("Ok") intended=[(2, 1, 5), (4, 1, 1), (7, 4, 14)] witness=[(4, 1, 1), (7, 4, 14)] wrong=[] missing_and_not_deletable=[] checker_red=[] ok=true
Z21-C seed=91045 last_txg=5 steps=[rb#2->(1,5) mount mount rb#5->(3,8)!crash mount rb#7->(6,15) mount mount rb#10->(8,20) rb#11->(2,6)!crash rb#12->(11,29)!crash mount mount] final_mount=Ok("Ok") intended=[(2, 1, 5), (5, 3, 8), (7, 6, 15), (10, 8, 20), (11, 2, 6), (12, 11, 29)] witness=[(11, 2, 6), (12, 11, 29)] wrong=[] missing_and_not_deletable=[] checker_red=[] ok=true
Z21-C seed=91046 last_txg=7 steps=[rb#2->(1,6)!crash mount mount] final_mount=Ok("Ok") intended=[(2, 1, 6)] witness=[(2, 1, 6)] wrong=[] missing_and_not_deletable=[] checker_red=[] ok=true
Z21-C seed=91047 last_txg=8 steps=[rb#2->(1,4) mount mount rb#5->(1,3) mount mount rb#8->(5,19)!crash mount rb#10->(9,28)!crash mount] final_mount=Ok("Ok") intended=[(2, 1, 4), (5, 1, 3), (8, 5, 19), (10, 9, 28)] witness=[(5, 1, 3), (8, 5, 19), (10, 9, 28)] wrong=[] missing_and_not_deletable=[] checker_red=[] ok=true
Z21-C seed=91048 last_txg=5 steps=[rb#2->(1,2)!crash rb#3->(2,6)!crash mount rb#5->(1,2) mount mount rb#8->(6,14) mount rb#10->(5,11)!crash mount] final_mount=Ok("Ok") intended=[(2, 1, 2), (3, 2, 6), (5, 1, 2), (8, 6, 14), (10, 5, 11)] witness=[(5, 1, 2), (10, 5, 11)] wrong=[] missing_and_not_deletable=[] checker_red=[] ok=true
Z21-C seed=91049 last_txg=5 steps=[rb#2->(1,4) rb#3->(1,4)!crash mount] final_mount=Ok("Ok") intended=[(2, 1, 4), (3, 1, 4)] witness=[(3, 1, 4)] wrong=[] missing_and_not_deletable=[] checker_red=[] ok=true
Z21-C seed=91050 last_txg=8 steps=[rb#2->(1,7) mount mount rb#5->(1,3) mount rb#7->(5,19)!crash mount rb#9->(5,19)!crash rb#10->(1,3) mount mount] final_mount=Ok("Ok") intended=[(2, 1, 7), (5, 1, 3), (7, 5, 19), (9, 5, 19), (10, 1, 3)] witness=[(10, 1, 3)] wrong=[] missing_and_not_deletable=[] checker_red=[] ok=true
Z21-C seed=91051 last_txg=5 steps=[rb#2->(1,2) mount rb#4->(1,1) mount mount rb#7->(6,18)!crash mount mount rb#10->(8,21)!crash mount mount rb#13->(12,31) mount rb#15->(11,27) mount] final_mount=Ok("Ok") intended=[(2, 1, 2), (4, 1, 1), (7, 6, 18), (10, 8, 21), (13, 12, 31), (15, 11, 27)] witness=[(10, 8, 21), (15, 11, 27)] wrong=[] missing_and_not_deletable=[] checker_red=[] ok=true
Z21-C seed=91052 last_txg=5 steps=[rb#2->(1,4)!crash mount rb#4->(1,2)!crash rb#5->(1,1) mount] final_mount=Ok("Ok") intended=[(2, 1, 4), (4, 1, 2), (5, 1, 1)] witness=[(5, 1, 1)] wrong=[] missing_and_not_deletable=[] checker_red=[] ok=true
Z21-C seed=91053 last_txg=8 steps=[rb#2->(1,2)!crash mount mount rb#5->(1,2)!crash mount rb#7->(1,1)!crash rb#8->(1,1) mount mount] final_mount=Ok("Ok") intended=[(2, 1, 2), (5, 1, 2), (7, 1, 1), (8, 1, 1)] witness=[(8, 1, 1)] wrong=[] missing_and_not_deletable=[] checker_red=[] ok=true
Z21-C seed=91054 last_txg=5 steps=[rb#2->(1,1)!crash mount mount] final_mount=Ok("Ok") intended=[(2, 1, 1)] witness=[(2, 1, 1)] wrong=[] missing_and_not_deletable=[] checker_red=[] ok=true
Z21-C seed=91055 last_txg=5 steps=[rb#2->(1,1)!crash mount mount rb#5->(4,10) mount] final_mount=Ok("Ok") intended=[(2, 1, 1), (5, 4, 10)] witness=[(2, 1, 1), (5, 4, 10)] wrong=[] missing_and_not_deletable=[] checker_red=[] ok=true
Z21-C seed=91056 last_txg=8 steps=[rb#2->(1,6)!crash rb#3->(1,6)!crash rb#4->(1,4)!crash mount rb#6->(1,4)!crash mount mount rb#9->(1,3)!crash] final_mount=Ok("Ok") intended=[(2, 1, 6), (3, 1, 6), (4, 1, 4), (6, 1, 4), (9, 1, 3)] witness=[(9, 1, 3)] wrong=[] missing_and_not_deletable=[] checker_red=[] ok=true
Z21-C seed=91057 last_txg=5 steps=[rb#2->(1,5) rb#3->(1,5)!crash] final_mount=Ok("Ok") intended=[(2, 1, 5), (3, 1, 5)] witness=[(3, 1, 5)] wrong=[] missing_and_not_deletable=[] checker_red=[] ok=true
Z21-C seed=91058 last_txg=5 steps=[rb#2->(1,1) mount mount rb#5->(4,11) mount rb#7->(1,1)] final_mount=Ok("Ok") intended=[(2, 1, 1), (5, 4, 11), (7, 1, 1)] witness=[(7, 1, 1)] wrong=[] missing_and_not_deletable=[] checker_red=[] ok=true
Z21-C seed=91059 last_txg=8 steps=[rb#2->(1,2)!crash rb#3->(1,2) mount rb#5->(4,13)!crash rb#6->(3,11) mount mount rb#9->(8,21)!crash rb#10->(3,11)!crash] final_mount=Ok("Ok") intended=[(2, 1, 2), (3, 1, 2), (5, 4, 13), (6, 3, 11), (9, 8, 21), (10, 3, 11)] witness=[(3, 1, 2), (10, 3, 11)] wrong=[] missing_and_not_deletable=[] checker_red=[] ok=true
Z21-C seed=91060 last_txg=5 steps=[rb#2->(1,4)!crash mount] final_mount=Ok("Ok") intended=[(2, 1, 4)] witness=[(2, 1, 4)] wrong=[] missing_and_not_deletable=[] checker_red=[] ok=true
Z21-C seed=91061 last_txg=5 steps=[rb#2->(1,4)!crash rb#3->(1,1) mount mount rb#6->(4,10)!crash mount rb#8->(3,8) mount mount] final_mount=Ok("Ok") intended=[(2, 1, 4), (3, 1, 1), (6, 4, 10), (8, 3, 8)] witness=[(3, 1, 1), (8, 3, 8)] wrong=[] missing_and_not_deletable=[] checker_red=[] ok=true
Z21-C seed=91062 last_txg=8 steps=[rb#2->(1,7)!crash] final_mount=Ok("Ok") intended=[(2, 1, 7)] witness=[(2, 1, 7)] wrong=[] missing_and_not_deletable=[] checker_red=[] ok=true
Z21-C seed=91063 last_txg=5 steps=[rb#2->(1,1) mount mount rb#5->(1,1)] final_mount=Ok("Ok") intended=[(2, 1, 1), (5, 1, 1)] witness=[(5, 1, 1)] wrong=[] missing_and_not_deletable=[] checker_red=[] ok=true
Z21-C seed=91064 last_txg=5 steps=[rb#2->(1,1) mount rb#4->(3,10)!crash mount rb#6->(3,9) rb#7->(6,16)!crash rb#8->(6,15)] final_mount=Ok("Ok") intended=[(2, 1, 1), (4, 3, 10), (6, 3, 9), (7, 6, 16), (8, 6, 15)] witness=[(2, 1, 1), (6, 3, 9), (8, 6, 15)] wrong=[] missing_and_not_deletable=[] checker_red=[] ok=true
test z21_c_random_rollback_series_with_crashes_in_the_post_window_restore_exactly_the_intended_entries has been running for over 60 seconds
Z21-C seed=91065 last_txg=8 steps=[rb#2->(1,6)!crash mount rb#4->(1,5) mount mount rb#7->(5,14) rb#8->(1,2) mount mount rb#11->(9,27) mount rb#13->(8,23)!crash mount] final_mount=Ok("Ok") intended=[(2, 1, 6), (4, 1, 5), (7, 5, 14), (8, 1, 2), (11, 9, 27), (13, 8, 23)] witness=[(8, 1, 2), (13, 8, 23)] wrong=[] missing_and_not_deletable=[] checker_red=[] ok=true
Z21-C seed=91066 last_txg=10 steps=[rb#2->(1,5)!crash rb#3->(1,4) mount mount rb#6->(3,12)!crash mount mount] final_mount=Ok("Ok") intended=[(2, 1, 5), (3, 1, 4), (6, 3, 12)] witness=[(3, 1, 4), (6, 3, 12)] wrong=[] missing_and_not_deletable=[] checker_red=[] ok=true
Z21-C seed=91067 last_txg=5 steps=[rb#2->(1,5)!crash mount mount rb#5->(1,3)!crash rb#6->(1,2) mount mount rb#9->(1,1)!crash rb#10->(1,1)!crash mount rb#12->(1,1) mount mount] final_mount=Ok("Ok") intended=[(2, 1, 5), (5, 1, 3), (6, 1, 2), (9, 1, 1), (10, 1, 1), (12, 1, 1)] witness=[(12, 1, 1)] wrong=[] missing_and_not_deletable=[] checker_red=[] ok=true
Z21-C seed=91068 last_txg=8 steps=[rb#2->(1,1)!crash mount] final_mount=Ok("Ok") intended=[(2, 1, 1)] witness=[(2, 1, 1)] wrong=[] missing_and_not_deletable=[] checker_red=[] ok=true
Z21-C seed=91069 last_txg=10 steps=[rb#2->(1,1)!crash mount mount rb#5->(4,15) rb#6->(5,18)!crash mount rb#8->(6,20)!crash mount] final_mount=Ok("Ok") intended=[(2, 1, 1), (5, 4, 15), (6, 5, 18), (8, 6, 20)] witness=[(2, 1, 1), (5, 4, 15), (6, 5, 18), (8, 6, 20)] wrong=[] missing_and_not_deletable=[] checker_red=[] ok=true
Z21-C seed=91070 last_txg=5 steps=[rb#2->(1,4) mount rb#4->(3,10) mount mount rb#7->(3,10)!crash mount mount rb#10->(3,10) mount rb#12->(3,8)!crash mount] final_mount=Ok("Ok") intended=[(2, 1, 4), (4, 3, 10), (7, 3, 10), (10, 3, 10), (12, 3, 8)] witness=[(12, 3, 8)] wrong=[] missing_and_not_deletable=[] checker_red=[] ok=true
Z21-C seed=91071 last_txg=8 steps=[rb#2->(1,2) mount mount rb#5->(4,16)!crash mount mount] final_mount=Ok("Ok") intended=[(2, 1, 2), (5, 4, 16)] witness=[(2, 1, 2), (5, 4, 16)] wrong=[] missing_and_not_deletable=[] checker_red=[] ok=true
Z21-C seed=91072 last_txg=10 steps=[rb#2->(1,2)!crash mount rb#4->(3,13) rb#5->(3,13)!crash rb#6->(3,12) mount mount rb#9->(8,23)!crash mount mount] final_mount=Ok("Ok") intended=[(2, 1, 2), (4, 3, 13), (5, 3, 13), (6, 3, 12), (9, 8, 23)] witness=[(2, 1, 2), (6, 3, 12), (9, 8, 23)] wrong=[] missing_and_not_deletable=[] checker_red=[] ok=true
Z21-C seed=91073 last_txg=5 steps=[rb#2->(1,4)!crash mount mount rb#5->(4,9) mount rb#7->(3,7)!crash mount rb#9->(8,19) rb#10->(1,3) rb#11->(10,25)!crash] final_mount=Ok("Ok") intended=[(2, 1, 4), (5, 4, 9), (7, 3, 7), (9, 8, 19), (10, 1, 3), (11, 10, 25)] witness=[(10, 1, 3), (11, 10, 25)] wrong=[] missing_and_not_deletable=[] checker_red=[] ok=true
Z21-C seed=91074 last_txg=8 steps=[rb#2->(1,4) rb#3->(2,10)!crash rb#4->(1,3)!crash mount mount] final_mount=Ok("Ok") intended=[(2, 1, 4), (3, 2, 10), (4, 1, 3)] witness=[(4, 1, 3)] wrong=[] missing_and_not_deletable=[] checker_red=[] ok=true
Z21-C seed=91075 last_txg=8 steps=[rb#2->(1,3) mount mount rb#5->(1,1) rb#6->(5,17) mount mount rb#9->(8,26)!crash mount] final_mount=Ok("Ok") intended=[(2, 1, 3), (5, 1, 1), (6, 5, 17), (9, 8, 26)] witness=[(5, 1, 1), (6, 5, 17), (9, 8, 26)] wrong=[] missing_and_not_deletable=[] checker_red=[] ok=true
Z21-C seed=91076 last_txg=5 steps=[rb#2->(1,3) mount mount] final_mount=Ok("Ok") intended=[(2, 1, 3)] witness=[(2, 1, 3)] wrong=[] missing_and_not_deletable=[] checker_red=[] ok=true
Z21-C seed=91077 last_txg=8 steps=[rb#2->(1,4) rb#3->(2,10) rb#4->(1,3)!crash rb#5->(1,3)!crash mount] final_mount=Ok("Ok") intended=[(2, 1, 4), (3, 2, 10), (4, 1, 3), (5, 1, 3)] witness=[(5, 1, 3)] wrong=[] missing_and_not_deletable=[] checker_red=[] ok=true
Z21-C seed=91078 last_txg=8 steps=[rb#2->(1,3)!crash mount mount rb#5->(4,13)!crash mount rb#7->(3,10)!crash mount mount rb#10->(1,1)!crash mount rb#12->(11,25)!crash mount] final_mount=Ok("Ok") intended=[(2, 1, 3), (5, 4, 13), (7, 3, 10), (10, 1, 1), (12, 11, 25)] witness=[(10, 1, 1), (12, 11, 25)] wrong=[] missing_and_not_deletable=[] checker_red=[] ok=true
Z21-C seed=91079 last_txg=5 steps=[rb#2->(1,1)!crash rb#3->(1,1) mount] final_mount=Ok("Ok") intended=[(2, 1, 1), (3, 1, 1)] witness=[(3, 1, 1)] wrong=[] missing_and_not_deletable=[] checker_red=[] ok=true
Z21-C seed=91080 last_txg=8 steps=[rb#2->(1,3) rb#3->(1,2) mount mount rb#6->(5,17)!crash mount] final_mount=Ok("Ok") intended=[(2, 1, 3), (3, 1, 2), (6, 5, 17)] witness=[(3, 1, 2), (6, 5, 17)] wrong=[] missing_and_not_deletable=[] checker_red=[] ok=true
Z21-C seed=91081 last_txg=8 steps=[rb#2->(1,7)!crash mount mount rb#5->(3,11)!crash mount rb#7->(1,5) mount mount rb#10->(7,18)!crash rb#11->(7,17)!crash mount mount rb#14->(12,29)!crash] final_mount=Ok("Ok") intended=[(2, 1, 7), (5, 3, 11), (7, 1, 5), (10, 7, 18), (11, 7, 17), (14, 12, 29)] witness=[(7, 1, 5), (11, 7, 17), (14, 12, 29)] wrong=[] missing_and_not_deletable=[] checker_red=[] ok=true
Z21-C seed=91082 last_txg=5 steps=[rb#2->(1,3) mount] final_mount=Ok("Ok") intended=[(2, 1, 3)] witness=[(2, 1, 3)] wrong=[] missing_and_not_deletable=[] checker_red=[] ok=true
Z21-C seed=91083 last_txg=8 steps=[rb#2->(1,6) mount rb#4->(3,12)!crash rb#5->(4,14)!crash rb#6->(2,9)!crash] final_mount=Ok("Ok") intended=[(2, 1, 6), (4, 3, 12), (5, 4, 14), (6, 2, 9)] witness=[(2, 1, 6), (6, 2, 9)] wrong=[] missing_and_not_deletable=[] checker_red=[] ok=true
Z21-C seed=91084 last_txg=8 steps=[rb#2->(1,2)!crash] final_mount=Ok("Ok") intended=[(2, 1, 2)] witness=[(2, 1, 2)] wrong=[] missing_and_not_deletable=[] checker_red=[] ok=true
Z21-C seed=91085 last_txg=5 steps=[rb#2->(1,4)!crash mount mount rb#5->(1,2)!crash] final_mount=Ok("Ok") intended=[(2, 1, 4), (5, 1, 2)] witness=[(5, 1, 2)] wrong=[] missing_and_not_deletable=[] checker_red=[] ok=true
Z21-C seed=91086 last_txg=7 steps=[rb#2->(1,5) mount mount rb#5->(4,15)!crash mount rb#7->(2,10) rb#8->(7,20)!crash rb#9->(1,2) mount mount] final_mount=Ok("Ok") intended=[(2, 1, 5), (5, 4, 15), (7, 2, 10), (8, 7, 20), (9, 1, 2)] witness=[(9, 1, 2)] wrong=[] missing_and_not_deletable=[] checker_red=[] ok=true
Z21-C seed=91087 last_txg=8 steps=[rb#2->(1,6)!crash rb#3->(1,5) mount rb#5->(1,5) rb#6->(1,1)!crash mount rb#8->(6,17)!crash mount rb#10->(1,1)!crash mount mount] final_mount=Ok("Ok") intended=[(2, 1, 6), (3, 1, 5), (5, 1, 5), (6, 1, 1), (8, 6, 17), (10, 1, 1)] witness=[(10, 1, 1)] wrong=[] missing_and_not_deletable=[] checker_red=[] ok=true
Z21-C seed=91088 last_txg=5 steps=[rb#2->(1,5) rb#3->(1,3) mount mount rb#6->(3,10) mount] final_mount=Ok("Ok") intended=[(2, 1, 5), (3, 1, 3), (6, 3, 10)] witness=[(3, 1, 3), (6, 3, 10)] wrong=[] missing_and_not_deletable=[] checker_red=[] ok=true
Z21-C seed=91089 last_txg=7 steps=[rb#2->(1,2)!crash mount rb#4->(3,9)!crash mount rb#6->(5,13) mount rb#8->(6,16) mount mount rb#11->(8,21) mount rb#13->(12,33) mount] final_mount=Ok("Ok") intended=[(2, 1, 2), (4, 3, 9), (6, 5, 13), (8, 6, 16), (11, 8, 21), (13, 12, 33)] witness=[(8, 6, 16), (11, 8, 21), (13, 12, 33)] wrong=[] missing_and_not_deletable=[] checker_red=[] ok=true
Z21-C seed=91090 last_txg=8 steps=[rb#2->(1,2)!crash] final_mount=Ok("Ok") intended=[(2, 1, 2)] witness=[(2, 1, 2)] wrong=[] missing_and_not_deletable=[] checker_red=[] ok=true
Z21-C seed=91091 last_txg=5 steps=[rb#2->(1,5)!crash mount rb#4->(2,6) mount rb#6->(1,4)!crash rb#7->(1,3) mount mount] final_mount=Ok("Ok") intended=[(2, 1, 5), (4, 2, 6), (6, 1, 4), (7, 1, 3)] witness=[(7, 1, 3)] wrong=[] missing_and_not_deletable=[] checker_red=[] ok=true
Z21-C seed=91092 last_txg=7 steps=[rb#2->(1,1) mount mount rb#5->(2,8)!crash mount mount rb#8->(6,18)!crash mount mount rb#11->(5,17) rb#12->(2,8)!crash] final_mount=Ok("Ok") intended=[(2, 1, 1), (5, 2, 8), (8, 6, 18), (11, 5, 17), (12, 2, 8)] witness=[(12, 2, 8)] wrong=[] missing_and_not_deletable=[] checker_red=[] ok=true
Z21-C seed=91093 last_txg=8 steps=[rb#2->(1,4)!crash mount rb#4->(3,10)!crash mount mount] final_mount=Ok("Ok") intended=[(2, 1, 4), (4, 3, 10)] witness=[(2, 1, 4), (4, 3, 10)] wrong=[] missing_and_not_deletable=[] checker_red=[] ok=true
Z21-C seed=91094 last_txg=5 steps=[rb#2->(1,3) mount mount rb#5->(2,6) mount mount rb#8->(2,6)!crash mount mount rb#11->(10,26)!crash rb#12->(9,24) mount] final_mount=Ok("Ok") intended=[(2, 1, 3), (5, 2, 6), (8, 2, 6), (11, 10, 26), (12, 9, 24)] witness=[(8, 2, 6), (12, 9, 24)] wrong=[] missing_and_not_deletable=[] checker_red=[] ok=true
Z21-C seed=91095 last_txg=7 steps=[rb#2->(1,2)!crash mount mount rb#5->(1,1)!crash mount mount rb#8->(6,16)!crash mount mount rb#11->(10,24)!crash rb#12->(5,14)!crash rb#13->(5,14)!crash mount mount] final_mount=Ok("Ok") intended=[(2, 1, 2), (5, 1, 1), (8, 6, 16), (11, 10, 24), (12, 5, 14), (13, 5, 14)] witness=[(5, 1, 1), (13, 5, 14)] wrong=[] missing_and_not_deletable=[] checker_red=[] ok=true
Z21-C seed=91096 last_txg=8 steps=[rb#2->(1,7) mount rb#4->(3,11) mount rb#6->(1,6)!crash] final_mount=Ok("Ok") intended=[(2, 1, 7), (4, 3, 11), (6, 1, 6)] witness=[(6, 1, 6)] wrong=[] missing_and_not_deletable=[] checker_red=[] ok=true
Z21-C seed=91097 last_txg=5 steps=[rb#2->(1,2)!crash rb#3->(2,6) mount mount rb#6->(3,7)!crash rb#7->(2,6)!crash] final_mount=Ok("Ok") intended=[(2, 1, 2), (3, 2, 6), (6, 3, 7), (7, 2, 6)] witness=[(2, 1, 2), (7, 2, 6)] wrong=[] missing_and_not_deletable=[] checker_red=[] ok=true
Z21-C seed=91098 last_txg=7 steps=[rb#2->(1,1) mount mount] final_mount=Ok("Ok") intended=[(2, 1, 1)] witness=[(2, 1, 1)] wrong=[] missing_and_not_deletable=[] checker_red=[] ok=true
Z21-C seed=91099 last_txg=8 steps=[rb#2->(1,6) mount rb#4->(2,10)!crash mount rb#6->(5,15)!crash mount rb#8->(7,19) mount] final_mount=Ok("Ok") intended=[(2, 1, 6), (4, 2, 10), (6, 5, 15), (8, 7, 19)] witness=[(2, 1, 6), (4, 2, 10), (6, 5, 15), (8, 7, 19)] wrong=[] missing_and_not_deletable=[] checker_red=[] ok=true
Z21-C seed=91100 last_txg=5 steps=[rb#2->(1,2) mount rb#4->(3,8) mount mount rb#7->(3,8) rb#8->(3,8)!crash mount mount rb#11->(10,27)] final_mount=Ok("Ok") intended=[(2, 1, 2), (4, 3, 8), (7, 3, 8), (8, 3, 8), (11, 10, 27)] witness=[(8, 3, 8), (11, 10, 27)] wrong=[] missing_and_not_deletable=[] checker_red=[] ok=true
Z21-C seed=91101 last_txg=7 steps=[rb#2->(1,5)!crash mount mount rb#5->(3,10)!crash mount] final_mount=Ok("Ok") intended=[(2, 1, 5), (5, 3, 10)] witness=[(2, 1, 5), (5, 3, 10)] wrong=[] missing_and_not_deletable=[] checker_red=[] ok=true
Z21-C seed=91102 last_txg=8 steps=[rb#2->(1,2) mount mount rb#5->(3,12)!crash mount rb#7->(5,17) mount mount] final_mount=Ok("Ok") intended=[(2, 1, 2), (5, 3, 12), (7, 5, 17)] witness=[(2, 1, 2), (5, 3, 12), (7, 5, 17)] wrong=[] missing_and_not_deletable=[] checker_red=[] ok=true
Z21-C seed=91103 last_txg=10 steps=[rb#2->(1,4) rb#3->(1,3)!crash mount rb#5->(1,2)!crash mount rb#7->(6,18) mount rb#9->(7,22)!crash rb#10->(7,20)!crash] final_mount=Ok("Ok") intended=[(2, 1, 4), (3, 1, 3), (5, 1, 2), (7, 6, 18), (9, 7, 22), (10, 7, 20)] witness=[(5, 1, 2), (7, 6, 18), (10, 7, 20)] wrong=[] missing_and_not_deletable=[] checker_red=[] ok=true
Z21-C seed=91104 last_txg=5 steps=[rb#2->(1,5)!crash mount rb#4->(1,5)!crash mount rb#6->(5,11)] final_mount=Ok("Ok") intended=[(2, 1, 5), (4, 1, 5), (6, 5, 11)] witness=[(4, 1, 5), (6, 5, 11)] wrong=[] missing_and_not_deletable=[] checker_red=[] ok=true
Z21-C seed=91105 last_txg=8 steps=[rb#2->(1,8) rb#3->(1,3)!crash rb#4->(1,2) rb#5->(4,12) mount mount] final_mount=Ok("Ok") intended=[(2, 1, 8), (3, 1, 3), (4, 1, 2), (5, 4, 12)] witness=[(4, 1, 2), (5, 4, 12)] wrong=[] missing_and_not_deletable=[] checker_red=[] ok=true
Z21-C seed=91106 last_txg=10 steps=[rb#2->(1,10)!crash mount mount] final_mount=Ok("Ok") intended=[(2, 1, 10)] witness=[(2, 1, 10)] wrong=[] missing_and_not_deletable=[] checker_red=[] ok=true
Z21-C seed=91107 last_txg=5 steps=[rb#2->(1,3) mount mount rb#5->(1,3)!crash mount mount] final_mount=Ok("Ok") intended=[(2, 1, 3), (5, 1, 3)] witness=[(5, 1, 3)] wrong=[] missing_and_not_deletable=[] checker_red=[] ok=true
Z21-C seed=91108 last_txg=8 steps=[rb#2->(1,5) rb#3->(1,4) mount mount rb#6->(5,17) rb#7->(4,15) mount rb#9->(4,14)!crash mount mount] final_mount=Ok("Ok") intended=[(2, 1, 5), (3, 1, 4), (6, 5, 17), (7, 4, 15), (9, 4, 14)] witness=[(9, 4, 14)] wrong=[] missing_and_not_deletable=[] checker_red=[] ok=true
Z21-C seed=91109 last_txg=10 steps=[rb#2->(1,7)!crash mount mount rb#5->(4,15)!crash mount mount rb#8->(4,14) rb#9->(8,23)!crash rb#10->(1,5) rb#11->(10,27)!crash] final_mount=Ok("Ok") intended=[(2, 1, 7), (5, 4, 15), (8, 4, 14), (9, 8, 23), (10, 1, 5), (11, 10, 27)] witness=[(10, 1, 5), (11, 10, 27)] wrong=[] missing_and_not_deletable=[] checker_red=[] ok=true
Z21-C seed=91110 last_txg=5 steps=[rb#2->(1,2)!crash rb#3->(2,6) rb#4->(2,6)!crash mount mount] final_mount=Ok("Ok") intended=[(2, 1, 2), (3, 2, 6), (4, 2, 6)] witness=[(2, 1, 2), (4, 2, 6)] wrong=[] missing_and_not_deletable=[] checker_red=[] ok=true
Z21-C seed=91111 last_txg=8 steps=[rb#2->(1,3) mount rb#4->(2,10)!crash mount rb#6->(1,3)!crash rb#7->(6,17)!crash rb#8->(1,1) mount rb#10->(8,19)!crash] final_mount=Ok("Ok") intended=[(2, 1, 3), (4, 2, 10), (6, 1, 3), (7, 6, 17), (8, 1, 1), (10, 8, 19)] witness=[(8, 1, 1), (10, 8, 19)] wrong=[] missing_and_not_deletable=[] checker_red=[] ok=true
Z21-C seed=91112 last_txg=10 steps=[rb#2->(1,6)!crash mount] final_mount=Ok("Ok") intended=[(2, 1, 6)] witness=[(2, 1, 6)] wrong=[] missing_and_not_deletable=[] checker_red=[] ok=true
Z21-C seed=91113 last_txg=5 steps=[rb#2->(1,1) mount rb#4->(2,7) mount mount rb#7->(5,16)!crash rb#8->(2,6) mount] final_mount=Ok("Ok") intended=[(2, 1, 1), (4, 2, 7), (7, 5, 16), (8, 2, 6)] witness=[(2, 1, 1), (8, 2, 6)] wrong=[] missing_and_not_deletable=[] checker_red=[] ok=true
Z21-C seed=91114 last_txg=8 steps=[rb#2->(1,8) mount rb#4->(1,4) mount rb#6->(5,17)!crash mount mount rb#9->(4,14)!crash rb#10->(9,26)] final_mount=Ok("Ok") intended=[(2, 1, 8), (4, 1, 4), (6, 5, 17), (9, 4, 14), (10, 9, 26)] witness=[(4, 1, 4), (9, 4, 14), (10, 9, 26)] wrong=[] missing_and_not_deletable=[] checker_red=[] ok=true
Z21-C seed=91115 last_txg=10 steps=[rb#2->(1,5)!crash mount mount rb#5->(3,12) mount] final_mount=Ok("Ok") intended=[(2, 1, 5), (5, 3, 12)] witness=[(2, 1, 5), (5, 3, 12)] wrong=[] missing_and_not_deletable=[] checker_red=[] ok=true
Z21-C seed=91116 last_txg=5 steps=[rb#2->(1,4)!crash mount mount rb#5->(3,7)!crash rb#6->(2,6)!crash rb#7->(1,3)!crash mount rb#9->(1,3) mount mount] final_mount=Ok("Ok") intended=[(2, 1, 4), (5, 3, 7), (6, 2, 6), (7, 1, 3), (9, 1, 3)] witness=[(9, 1, 3)] wrong=[] missing_and_not_deletable=[] checker_red=[] ok=true
Z21-C seed=91117 last_txg=8 steps=[rb#2->(1,1)!crash mount rb#4->(2,9) rb#5->(4,13)!crash rb#6->(4,12)!crash mount mount rb#9->(4,12)!crash mount mount rb#12->(4,12)!crash mount] final_mount=Ok("Ok") intended=[(2, 1, 1), (4, 2, 9), (5, 4, 13), (6, 4, 12), (9, 4, 12), (12, 4, 12)] witness=[(2, 1, 1), (4, 2, 9), (12, 4, 12)] wrong=[] missing_and_not_deletable=[] checker_red=[] ok=true
Z21-C seed=91118 last_txg=10 steps=[rb#2->(1,1) mount rb#4->(3,15) mount rb#6->(2,11) mount mount] final_mount=Ok("Ok") intended=[(2, 1, 1), (4, 3, 15), (6, 2, 11)] witness=[(2, 1, 1), (6, 2, 11)] wrong=[] missing_and_not_deletable=[] checker_red=[] ok=true
Z21-C seed=91119 last_txg=5 steps=[rb#2->(1,5)!crash rb#3->(1,3)!crash mount mount rb#6->(4,9)!crash rb#7->(3,7) mount mount] final_mount=Ok("Ok") intended=[(2, 1, 5), (3, 1, 3), (6, 4, 9), (7, 3, 7)] witness=[(3, 1, 3), (7, 3, 7)] wrong=[] missing_and_not_deletable=[] checker_red=[] ok=true
Z21-C summary series=120 base=91000 rollbacks=426 crashed_in_post_window=225 intended_entries_present_at_end=213 bad_series=0
test z21_c_random_rollback_series_with_crashes_in_the_post_window_restore_exactly_the_intended_entries ... ok

test result: ok. 4 passed; 0 failed; 0 ignored; 0 measured; 1 filtered out; finished in 84.24s

