
running 1 test
S23 seed=530000 steps=[mount] effective=[] witness=[] final_mount=Ok((2, 13)) expected=Some((2, 13)) choice_ok=true C332_hit=false landed=None live_roots_made_unreadable=17 faults_before=0 checker_red=[]
S23 seed=530001 steps=[rb#2->(1,1) badroot(0,0)] effective=[(2, 1, 1)] witness=[(2, 1, 1)] final_mount=Ok((2, 10)) expected=Some((2, 10)) choice_ok=true C332_hit=false landed=None live_roots_made_unreadable=7 faults_before=1 checker_red=[]
S23 seed=530002 steps=[mount mount mount!crash@24/74] effective=[] witness=[] final_mount=Ok((3, 13)) expected=Some((3, 13)) choice_ok=true C332_hit=false landed=None live_roots_made_unreadable=16 faults_before=0 checker_red=[]
S23 seed=530003 steps=[rb#2->(1,8) rb#3->(1,6) badroot(0,0) rb-notcand(2,11)] effective=[(2, 1, 8), (3, 1, 6)] witness=[(3, 1, 6)] final_mount=Ok((3, 16)) expected=Some((3, 16)) choice_ok=true C332_hit=false landed=None live_roots_made_unreadable=12 faults_before=1 checker_red=[]
S23 seed=530004 steps=[rb#2->(0,0) rb#3->(2,9)!crash@0/40 rb-notcand(1,1) rb#3->(2,8) badsc] effective=[(2, 0, 0), (3, 2, 8)] witness=[(2, 0, 0), (3, 2, 8)] final_mount=Ok((3, 13)) expected=Some((3, 13)) choice_ok=true C332_hit=false landed=None live_roots_made_unreadable=8 faults_before=2 checker_red=[]
S23 seed=530005 steps=[mount badsc mount rb#4->(1,3) rb-notcand(1,8) rb#5->(1,1)!crash@40/40+root] effective=[(4, 1, 3), (5, 1, 1)] witness=[(5, 1, 1)] final_mount=Ok((5, 19)) expected=Some((5, 19)) choice_ok=true C332_hit=false landed=None live_roots_made_unreadable=8 faults_before=2 checker_red=[]
S23 seed=530006 steps=[rb#2->(1,10) mount rb#4->(1,9) mount mount rb#7->(1,9)!crash@72/78+root rb#8->(1,8)!crash@48/55+root] effective=[(2, 1, 10), (4, 1, 9), (7, 1, 9), (8, 1, 8)] witness=[(8, 1, 8)] final_mount=Ok((8, 28)) expected=Some((8, 28)) choice_ok=true C332_hit=false landed=None live_roots_made_unreadable=5 faults_before=0 checker_red=[]
S23 seed=530007 steps=[rb#2->(0,0) rb-notcand(1,4) mount!crash@11/40 rb#4->(2,10) badsc mount] effective=[(2, 0, 0), (4, 2, 10)] witness=[(2, 0, 0), (4, 2, 10)] final_mount=Ok((5, 16)) expected=Some((5, 16)) choice_ok=true C332_hit=false landed=None live_roots_made_unreadable=13 faults_before=2 checker_red=[]
S23 seed=530008 steps=[badsc] effective=[] witness=[] final_mount=Ok((1, 8)) expected=Some((1, 8)) choice_ok=true C332_hit=false landed=None live_roots_made_unreadable=11 faults_before=2 checker_red=[]
S23 seed=530009 steps=[rb#2->(1,2) mount] effective=[(2, 1, 2)] witness=[(2, 1, 2)] final_mount=Ok((3, 16)) expected=Some((3, 16)) choice_ok=true C332_hit=false landed=None live_roots_made_unreadable=12 faults_before=0 checker_red=[]
S23 seed=530010 steps=[rb#2->(1,7) mount rb#4->(0,0)] effective=[(2, 1, 7), (4, 0, 0)] witness=[(4, 0, 0)] final_mount=Ok((4, 16)) expected=Some((4, 16)) choice_ok=true C332_hit=false landed=None live_roots_made_unreadable=7 faults_before=0 checker_red=[]
S23 seed=530011 steps=[mount!crash@52/55 badsc rb#3->(2,9) badsc] effective=[(3, 2, 9)] witness=[(3, 2, 9)] final_mount=Ok((3, 13)) expected=Some((3, 13)) choice_ok=true C332_hit=false landed=None live_roots_made_unreadable=16 faults_before=4 checker_red=[]
S23 seed=530012 steps=[rb#2->(1,4) rb#3->(2,13)!crash@68/74+root rb#4->(1,3)!crash@48/55+root mount rb-notcand(2,12)] effective=[(2, 1, 4), (3, 2, 13), (4, 1, 3)] witness=[(4, 1, 3)] final_mount=Ok((5, 19)) expected=Some((5, 19)) choice_ok=true C332_hit=false landed=None live_roots_made_unreadable=11 faults_before=0 checker_red=[]
S23 seed=530013 steps=[badsc mount rb#3->(0,0) badsc rb#4->(0,0)!crash@36/40+root badsc] effective=[(3, 0, 0), (4, 0, 0)] witness=[(4, 0, 0)] final_mount=Ok((4, 15)) expected=Some((4, 15)) choice_ok=true C332_hit=false landed=None live_roots_made_unreadable=6 faults_before=6 checker_red=[]
S23 seed=530014 steps=[rb#2->(1,4) badsc rb#3->(1,2)!crash@22/40 mount!crash@31/55 badroot(0,0) rb-notcand(1,5) mount!crash@31/51] effective=[(2, 1, 4)] witness=[(2, 1, 4)] final_mount=Ok((5, 13)) expected=Some((5, 13)) choice_ok=true C332_hit=false landed=None live_roots_made_unreadable=12 faults_before=3 checker_red=[]
S23 seed=530015 steps=[rb#2->(1,5) badsc mount rb#4->(2,13)!crash@14/74 mount badsc mount badsc] effective=[(2, 1, 5)] witness=[(2, 1, 5)] final_mount=Ok((6, 22)) expected=Some((6, 22)) choice_ok=true C332_hit=false landed=None live_roots_made_unreadable=19 faults_before=6 checker_red=[]
S23 seed=530016 steps=[mount!crash@56/74] effective=[] witness=[] final_mount=Ok((2, 9)) expected=Some((2, 9)) choice_ok=true C332_hit=false landed=None live_roots_made_unreadable=12 faults_before=0 checker_red=[]
S23 seed=530017 steps=[rb#2->(1,3) rb-notcand(1,6)] effective=[(2, 1, 3)] witness=[(2, 1, 3)] final_mount=Ok((2, 10)) expected=Some((2, 10)) choice_ok=true C332_hit=false landed=None live_roots_made_unreadable=10 faults_before=0 checker_red=[]
S23 seed=530018 steps=[badroot(0,0) rb#2->(1,6)!crash@58/78+root mount] effective=[(2, 1, 6)] witness=[(2, 1, 6)] final_mount=Ok((3, 14)) expected=Some((3, 14)) choice_ok=true C332_hit=false landed=None live_roots_made_unreadable=12 faults_before=1 checker_red=[]
S23 seed=530019 steps=[rb#2->(1,6) badroot(0,0) mount!crash@16/78 rb#4->(1,5)] effective=[(2, 1, 6), (4, 1, 5)] witness=[(4, 1, 5)] final_mount=Ok((4, 13)) expected=Some((4, 13)) choice_ok=true C332_hit=false landed=None live_roots_made_unreadable=11 faults_before=1 checker_red=[]
S23 seed=530020 steps=[rb#2->(1,3) rb#3->(1,1)!crash@18/40 mount badsc rb#5->(1,2)] effective=[(2, 1, 3), (5, 1, 2)] witness=[(5, 1, 2)] final_mount=Ok((5, 16)) expected=Some((5, 16)) choice_ok=true C332_hit=false landed=None live_roots_made_unreadable=9 faults_before=2 checker_red=[]
S23 seed=530021 steps=[mount!crash@36/78 badroot(0,0) rb#3->(1,7)!crash@50/55+root rb#4->(1,5) rb#5->(4,16) rb#6->(1,5)] effective=[(3, 1, 7), (4, 1, 5), (5, 4, 16), (6, 1, 5)] witness=[(6, 1, 5)] final_mount=Ok((6, 22)) expected=Some((6, 22)) choice_ok=true C332_hit=false landed=None live_roots_made_unreadable=10 faults_before=1 checker_red=[]
S23 seed=530022 steps=[rb#2->(1,5) mount!crash@26/78 rb-notcand(1,6) badsc mount!crash@26/78 rb-notcand(1,6) mount] effective=[(2, 1, 5)] witness=[(2, 1, 5)] final_mount=Ok((4, 13)) expected=Some((4, 13)) choice_ok=true C332_hit=false landed=None live_roots_made_unreadable=15 faults_before=2 checker_red=[]
S23 seed=530023 steps=[mount rb#3->(2,10)!crash@28/78 rb#4->(1,1) rb-notcand(1,5) mount rb#6->(4,12) rb#7->(6,17) mount] effective=[(4, 1, 1), (6, 4, 12), (7, 6, 17)] witness=[(4, 1, 1), (6, 4, 12), (7, 6, 17)] final_mount=Ok((8, 25)) expected=Some((8, 25)) choice_ok=true C332_hit=false landed=None live_roots_made_unreadable=11 faults_before=0 checker_red=[]
S23 seed=530024 steps=[rb#2->(1,2)] effective=[(2, 1, 2)] witness=[(2, 1, 2)] final_mount=Ok((2, 13)) expected=Some((2, 13)) choice_ok=true C332_hit=false landed=None live_roots_made_unreadable=9 faults_before=0 checker_red=[]
S23 seed=530025 steps=[rb#2->(1,5) rb-notcand(1,7)] effective=[(2, 1, 5)] witness=[(2, 1, 5)] final_mount=Ok((2, 10)) expected=Some((2, 10)) choice_ok=true C332_hit=false landed=None live_roots_made_unreadable=12 faults_before=0 checker_red=[]
S23 seed=530026 steps=[mount rb#3->(2,9) rb-notcand(2,10)] effective=[(3, 2, 9)] witness=[(3, 2, 9)] final_mount=Ok((3, 13)) expected=Some((3, 13)) choice_ok=true C332_hit=false landed=None live_roots_made_unreadable=16 faults_before=0 checker_red=[]
S23 seed=530027 steps=[rb#2->(1,2)!crash@30/40+root badsc rb-notcand(1,10) rb#3->(0,0)] effective=[(2, 1, 2), (3, 0, 0)] witness=[(3, 0, 0)] final_mount=Ok((3, 14)) expected=Some((3, 14)) choice_ok=true C332_hit=false landed=None live_roots_made_unreadable=5 faults_before=2 checker_red=[]
S23 seed=530028 steps=[mount mount rb#4->(1,2) rb#5->(4,11)!crash@35/36+root mount] effective=[(4, 1, 2), (5, 4, 11)] witness=[(4, 1, 2), (5, 4, 11)] final_mount=Ok((6, 19)) expected=Some((6, 19)) choice_ok=true C332_hit=false landed=None live_roots_made_unreadable=13 faults_before=0 checker_red=[]
S23 seed=530029 steps=[rb#2->(1,1)!crash@27/36+root rb#3->(2,8)!crash@23/33 mount badsc mount rb#6->(4,13)] effective=[(2, 1, 1), (6, 4, 13)] witness=[(2, 1, 1), (6, 4, 13)] final_mount=Ok((6, 19)) expected=Some((6, 19)) choice_ok=true C332_hit=false landed=None live_roots_made_unreadable=13 faults_before=2 checker_red=[]
S23 seed=530030 steps=[rb#2->(1,5)!crash@0/78 rb#2->(1,8)!crash@32/78+root badsc rb#3->(1,5)!crash@51/55+root badsc mount badsc] effective=[(2, 1, 8), (3, 1, 5)] witness=[(3, 1, 5)] final_mount=Ok((4, 16)) expected=Some((4, 16)) choice_ok=true C332_hit=false landed=None live_roots_made_unreadable=13 faults_before=6 checker_red=[]
S23 seed=530031 steps=[rb#2->(1,10)!crash@9/78 rb#3->(1,1)!crash@2/40 mount!crash@7/78 rb#5->(1,6)!crash@5/78 badsc rb#5->(1,2)!crash@29/40+root badsc badroot(0,0)] effective=[(5, 1, 2)] witness=[(5, 1, 2)] final_mount=Ok((5, 11)) expected=Some((5, 11)) choice_ok=true C332_hit=false landed=None live_roots_made_unreadable=5 faults_before=5 checker_red=[]
S23 seed=530032 steps=[mount!crash@67/74] effective=[] witness=[] final_mount=Ok((2, 9)) expected=Some((2, 9)) choice_ok=true C332_hit=false landed=None live_roots_made_unreadable=12 faults_before=0 checker_red=[]
S23 seed=530033 steps=[rb#2->(1,7)!crash@53/78+root rb#3->(1,3)!crash@6/55] effective=[(2, 1, 7)] witness=[(2, 1, 7)] final_mount=Ok((2, 12)) expected=Some((2, 12)) choice_ok=true C332_hit=false landed=None live_roots_made_unreadable=12 faults_before=0 checker_red=[]
S23 seed=530034 steps=[badsc rb#2->(1,9) mount] effective=[(2, 1, 9)] witness=[(2, 1, 9)] final_mount=Ok((3, 16)) expected=Some((3, 16)) choice_ok=true C332_hit=false landed=None live_roots_made_unreadable=19 faults_before=2 checker_red=[]
S23 seed=530035 steps=[rb#2->(0,0)!crash@6/36 rb#3->(1,6)!crash@39/74+root rb#4->(1,1) badroot(0,0) rb-notcand(3,8)] effective=[(3, 1, 6), (4, 1, 1)] witness=[(4, 1, 1)] final_mount=Ok((4, 10)) expected=Some((4, 10)) choice_ok=true C332_hit=false landed=None live_roots_made_unreadable=6 faults_before=1 checker_red=[]
S23 seed=530036 steps=[rb#2->(1,10)!crash@52/78+root rb#3->(1,5)!crash@22/55 rb#4->(1,5) rb#5->(1,4) rb-notcand(1,9) mount!crash@62/74] effective=[(2, 1, 10), (4, 1, 5), (5, 1, 4)] witness=[(5, 1, 4)] final_mount=Ok((6, 18)) expected=Some((6, 18)) choice_ok=true C332_hit=false landed=None live_roots_made_unreadable=11 faults_before=0 checker_red=[]
S23 seed=530037 steps=[mount!crash@7/78 rb#3->(0,0) rb-notcand(1,4) rb-notcand(1,1) rb-notcand(1,3) rb-notcand(1,8) mount] effective=[(3, 0, 0)] witness=[(3, 0, 0)] final_mount=Ok((4, 16)) expected=Some((4, 16)) choice_ok=true C332_hit=false landed=None live_roots_made_unreadable=10 faults_before=0 checker_red=[]
S23 seed=530038 steps=[rb#2->(0,0)!crash@11/36 rb#3->(1,4)!crash@24/74 mount mount rb#6->(1,6)!crash@48/78+root rb#7->(1,2) mount mount] effective=[(6, 1, 6), (7, 1, 2)] witness=[(7, 1, 2)] final_mount=Ok((9, 22)) expected=Some((9, 22)) choice_ok=true C332_hit=false landed=None live_roots_made_unreadable=12 faults_before=0 checker_red=[]
S23 seed=530039 steps=[badroot(0,0)] effective=[] witness=[] final_mount=Ok((1, 10)) expected=Some((1, 10)) choice_ok=true C332_hit=false landed=None live_roots_made_unreadable=13 faults_before=1 checker_red=[]
S23 seed=530040 steps=[rb#2->(1,4)!crash@60/78+root rb#3->(0,0)] effective=[(2, 1, 4), (3, 0, 0)] witness=[(3, 0, 0)] final_mount=Ok((3, 14)) expected=Some((3, 14)) choice_ok=true C332_hit=false landed=None live_roots_made_unreadable=5 faults_before=0 checker_red=[]
S23 seed=530041 steps=[rb#2->(1,7)!crash@50/74+root mount rb#4->(3,10)] effective=[(2, 1, 7), (4, 3, 10)] witness=[(2, 1, 7), (4, 3, 10)] final_mount=Ok((4, 13)) expected=Some((4, 13)) choice_ok=true C332_hit=false landed=None live_roots_made_unreadable=16 faults_before=0 checker_red=[]
S23 seed=530042 steps=[mount!crash@57/78 rb#3->(1,8)!crash@1/55 mount rb#5->(1,7)] effective=[(5, 1, 7)] witness=[(5, 1, 7)] final_mount=Ok((5, 16)) expected=Some((5, 16)) choice_ok=true C332_hit=false landed=None live_roots_made_unreadable=13 faults_before=0 checker_red=[]
S23 seed=530043 steps=[rb#2->(1,7)!crash@59/78+root rb#3->(1,6) rb-notcand(1,9) rb#4->(1,1) mount] effective=[(2, 1, 7), (3, 1, 6), (4, 1, 1)] witness=[(4, 1, 1)] final_mount=Ok((5, 19)) expected=Some((5, 19)) choice_ok=true C332_hit=false landed=None live_roots_made_unreadable=10 faults_before=0 checker_red=[]
S23 seed=530044 steps=[mount badroot(0,0) rb#3->(1,3) badsc mount!crash@74/74 mount!crash@52/74] effective=[(3, 1, 3)] witness=[(3, 1, 3)] final_mount=Ok((5, 18)) expected=Some((5, 18)) choice_ok=true C332_hit=false landed=None live_roots_made_unreadable=13 faults_before=3 checker_red=[]
S23 seed=530045 steps=[rb#2->(1,4)!crash@24/78 rb#3->(1,2) rb-notcand(1,9) mount badsc rb-notcand(1,8) rb-notcand(1,9)] effective=[(3, 1, 2)] witness=[(3, 1, 2)] final_mount=Ok((4, 16)) expected=Some((4, 16)) choice_ok=true C332_hit=false landed=None live_roots_made_unreadable=12 faults_before=2 checker_red=[]
S23 seed=530046 steps=[rb#2->(1,9)!crash@33/78+root mount rb#4->(1,7) rb#5->(1,5)!crash@42/78+root mount rb-notcand(4,16) mount!crash@29/74 badsc] effective=[(2, 1, 9), (4, 1, 7), (5, 1, 5)] witness=[(5, 1, 5)] final_mount=Ok((7, 20)) expected=Some((7, 20)) choice_ok=true C332_hit=false landed=None live_roots_made_unreadable=12 faults_before=2 checker_red=[]
S23 seed=530047 steps=[mount!crash@66/74] effective=[] witness=[] final_mount=Ok((2, 9)) expected=Some((2, 9)) choice_ok=true C332_hit=false landed=None live_roots_made_unreadable=12 faults_before=0 checker_red=[]
S23 seed=530048 steps=[rb#2->(1,7)!crash@77/78+root mount] effective=[(2, 1, 7)] witness=[(2, 1, 7)] final_mount=Ok((3, 16)) expected=Some((3, 16)) choice_ok=true C332_hit=false landed=None live_roots_made_unreadable=17 faults_before=0 checker_red=[]
S23 seed=530049 steps=[mount rb#3->(2,12)!crash@50/74+root mount!crash@7/51] effective=[(3, 2, 12)] witness=[(3, 2, 12)] final_mount=Ok((3, 15)) expected=Some((3, 15)) choice_ok=true C332_hit=false landed=None live_roots_made_unreadable=17 faults_before=0 checker_red=[]
S23 seed=530050 steps=[rb#2->(1,6)!crash@52/74+root mount badsc badroot(0,0)] effective=[(2, 1, 6)] witness=[(2, 1, 6)] final_mount=Ok((3, 11)) expected=Some((3, 11)) choice_ok=true C332_hit=false landed=None live_roots_made_unreadable=12 faults_before=3 checker_red=[]
test s23_random_series_oracle has been running for over 60 seconds
S23 seed=530051 steps=[rb#2->(1,7)!crash@36/55+root badsc rb#3->(2,10) rb#4->(1,2) rb-notcand(3,11)] effective=[(2, 1, 7), (3, 2, 10), (4, 1, 2)] witness=[(4, 1, 2)] final_mount=Ok((4, 16)) expected=Some((4, 16)) choice_ok=true C332_hit=false landed=None live_roots_made_unreadable=9 faults_before=2 checker_red=[]
S23 seed=530052 steps=[mount!crash@77/78 rb#3->(1,5) rb#4->(1,3) rb-notcand(1,7) mount!crash@22/74 rb-notcand(1,4)] effective=[(3, 1, 5), (4, 1, 3)] witness=[(4, 1, 3)] final_mount=Ok((4, 19)) expected=Some((4, 19)) choice_ok=true C332_hit=false landed=None live_roots_made_unreadable=10 faults_before=0 checker_red=[]
S23 seed=530053 steps=[mount rb#3->(1,2)!crash@0/40 mount!crash@72/78 badsc mount rb#5->(1,2)!crash@11/33 rb#6->(3,12)] effective=[(6, 3, 12)] witness=[(6, 3, 12)] final_mount=Ok((6, 16)) expected=Some((6, 16)) choice_ok=true C332_hit=false landed=None live_roots_made_unreadable=18 faults_before=2 checker_red=[]
S23 seed=530054 steps=[rb#2->(1,7)!crash@11/55 rb#3->(1,8) rb#4->(1,4)!crash@0/55 mount rb#5->(1,2)!crash@39/40+root rb-notcand(1,8) rb#6->(5,15)!crash@9/36 mount!crash@15/36] effective=[(3, 1, 8), (5, 1, 2)] witness=[(5, 1, 2)] final_mount=Ok((5, 16)) expected=Some((5, 16)) choice_ok=true C332_hit=false landed=None live_roots_made_unreadable=9 faults_before=0 checker_red=[]
S23 seed=530055 steps=[badsc] effective=[] witness=[] final_mount=Ok((1, 10)) expected=Some((1, 10)) choice_ok=true C332_hit=false landed=None live_roots_made_unreadable=14 faults_before=2 checker_red=[]
S23 seed=530056 steps=[rb#2->(1,5) mount!crash@42/78] effective=[(2, 1, 5)] witness=[(2, 1, 5)] final_mount=Ok((3, 11)) expected=Some((3, 11)) choice_ok=true C332_hit=false landed=None live_roots_made_unreadable=12 faults_before=0 checker_red=[]
S23 seed=530057 steps=[rb#2->(1,2) mount rb-notcand(1,7)] effective=[(2, 1, 2)] witness=[(2, 1, 2)] final_mount=Ok((3, 13)) expected=Some((3, 13)) choice_ok=true C332_hit=false landed=None live_roots_made_unreadable=12 faults_before=0 checker_red=[]
S23 seed=530058 steps=[mount mount rb#4->(1,10) badsc] effective=[(4, 1, 10)] witness=[(4, 1, 10)] final_mount=Ok((4, 19)) expected=Some((4, 19)) choice_ok=true C332_hit=false landed=None live_roots_made_unreadable=17 faults_before=2 checker_red=[]
S23 seed=530059 steps=[rb#2->(1,4) rb#3->(0,0)!crash@10/40 rb#4->(2,9) rb#5->(1,1)!crash@22/40 rb#6->(1,4)!crash@42/55+root] effective=[(2, 1, 4), (4, 2, 9), (6, 1, 4)] witness=[(6, 1, 4)] final_mount=Ok((6, 15)) expected=Some((6, 15)) choice_ok=true C332_hit=false landed=None live_roots_made_unreadable=8 faults_before=0 checker_red=[]
S23 seed=530060 steps=[badroot(0,0) rb#2->(1,6) rb#3->(2,9) rb-notcand(1,7) badsc] effective=[(2, 1, 6), (3, 2, 9)] witness=[(2, 1, 6), (3, 2, 9)] final_mount=Ok((3, 13)) expected=Some((3, 13)) choice_ok=true C332_hit=false landed=None live_roots_made_unreadable=14 faults_before=3 checker_red=[]
S23 seed=530061 steps=[rb#2->(1,7) mount rb#4->(1,5)!crash@26/78 rb#5->(3,15) rb-notcand(1,8) rb#6->(0,0)!crash@15/40 rb#7->(3,15)] effective=[(2, 1, 7), (5, 3, 15), (7, 3, 15)] witness=[(2, 1, 7), (7, 3, 15)] final_mount=Ok((7, 22)) expected=Some((7, 22)) choice_ok=true C332_hit=false landed=None live_roots_made_unreadable=17 faults_before=0 checker_red=[]
S23 seed=530062 steps=[rb#2->(1,4) rb-notcand(1,6) rb#3->(2,9)!crash@21/78 rb#4->(1,1)!crash@17/40 mount mount rb#7->(6,14) mount] effective=[(2, 1, 4), (7, 6, 14)] witness=[(2, 1, 4), (7, 6, 14)] final_mount=Ok((8, 22)) expected=Some((8, 22)) choice_ok=true C332_hit=false landed=None live_roots_made_unreadable=19 faults_before=0 checker_red=[]
S23 seed=530063 steps=[mount] effective=[] witness=[] final_mount=Ok((2, 10)) expected=Some((2, 10)) choice_ok=true C332_hit=false landed=None live_roots_made_unreadable=14 faults_before=0 checker_red=[]
S23 seed=530064 steps=[rb#2->(1,9) mount!crash@0/74] effective=[(2, 1, 9)] witness=[(2, 1, 9)] final_mount=Ok((2, 13)) expected=Some((2, 13)) choice_ok=true C332_hit=false landed=None live_roots_made_unreadable=16 faults_before=0 checker_red=[]
S23 seed=530065 steps=[mount badsc mount] effective=[] witness=[] final_mount=Ok((3, 13)) expected=Some((3, 13)) choice_ok=true C332_hit=false landed=None live_roots_made_unreadable=17 faults_before=2 checker_red=[]
S23 seed=530066 steps=[rb#2->(1,1) rb-notcand(1,5) rb#3->(2,10) rb#4->(3,12)!crash@27/36+root] effective=[(2, 1, 1), (3, 2, 10), (4, 3, 12)] witness=[(2, 1, 1), (3, 2, 10), (4, 3, 12)] final_mount=Ok((4, 15)) expected=Some((4, 15)) choice_ok=true C332_hit=false landed=None live_roots_made_unreadable=11 faults_before=0 checker_red=[]
S23 seed=530067 steps=[rb#2->(1,1) rb#3->(0,0) rb#4->(3,15)!crash@24/36+root mount rb-notcand(1,6)] effective=[(2, 1, 1), (3, 0, 0), (4, 3, 15)] witness=[(3, 0, 0), (4, 3, 15)] final_mount=Ok((5, 20)) expected=Some((5, 20)) choice_ok=true C332_hit=false landed=None live_roots_made_unreadable=8 faults_before=0 checker_red=[]
S23 seed=530068 steps=[mount rb#3->(1,4) rb#4->(1,1) rb-notcand(2,10) rb-notcand(1,4) badsc] effective=[(3, 1, 4), (4, 1, 1)] witness=[(4, 1, 1)] final_mount=Ok((4, 16)) expected=Some((4, 16)) choice_ok=true C332_hit=false landed=None live_roots_made_unreadable=8 faults_before=2 checker_red=[]
S23 seed=530069 steps=[rb#2->(0,0) rb#3->(0,0) mount badroot(0,0) rb#5->(4,15)!crash@27/36+root mount mount] effective=[(2, 0, 0), (3, 0, 0), (5, 4, 15)] witness=[(3, 0, 0), (5, 4, 15)] final_mount=Ok((7, 22)) expected=Some((7, 22)) choice_ok=true C332_hit=false landed=None live_roots_made_unreadable=14 faults_before=1 checker_red=[]
S23 seed=530070 steps=[mount rb#3->(2,12)!crash@25/74 mount rb#5->(1,4)!crash@12/78 badsc rb#5->(4,15) mount!crash@30/74 rb-notcand(4,16)] effective=[(5, 4, 15)] witness=[(5, 4, 15)] final_mount=Ok((6, 20)) expected=Some((6, 20)) choice_ok=true C332_hit=false landed=None live_roots_made_unreadable=21 faults_before=2 checker_red=[]
S23 seed=530071 steps=[rb#2->(1,1)] effective=[(2, 1, 1)] witness=[(2, 1, 1)] final_mount=Ok((2, 8)) expected=Some((2, 8)) choice_ok=true C332_hit=false landed=None live_roots_made_unreadable=6 faults_before=0 checker_red=[]
S23 seed=530072 steps=[rb#2->(0,0) rb-notcand(1,6)] effective=[(2, 0, 0)] witness=[(2, 0, 0)] final_mount=Ok((2, 10)) expected=Some((2, 10)) choice_ok=true C332_hit=false landed=None live_roots_made_unreadable=7 faults_before=0 checker_red=[]
S23 seed=530073 steps=[mount mount!crash@12/74 badroot(0,0)] effective=[] witness=[] final_mount=Ok((2, 13)) expected=Some((2, 13)) choice_ok=true C332_hit=false landed=None live_roots_made_unreadable=16 faults_before=1 checker_red=[]
S23 seed=530074 steps=[rb#2->(1,4) badroot(0,0) mount!crash@34/55 rb#4->(3,9)] effective=[(2, 1, 4), (4, 3, 9)] witness=[(2, 1, 4), (4, 3, 9)] final_mount=Ok((4, 11)) expected=Some((4, 11)) choice_ok=true C332_hit=false landed=None live_roots_made_unreadable=11 faults_before=1 checker_red=[]
S23 seed=530075 steps=[mount badsc rb#3->(0,0) rb-notcand(2,10) rb-notcand(2,9)] effective=[(3, 0, 0)] witness=[(3, 0, 0)] final_mount=Ok((3, 13)) expected=Some((3, 13)) choice_ok=true C332_hit=false landed=None live_roots_made_unreadable=7 faults_before=2 checker_red=[]
S23 seed=530076 steps=[rb#2->(1,6) rb-notcand(1,9) mount badroot(0,0) mount rb#5->(2,13)!crash@71/74+root] effective=[(2, 1, 6), (5, 2, 13)] witness=[(2, 1, 6), (5, 2, 13)] final_mount=Ok((5, 21)) expected=Some((5, 21)) choice_ok=true C332_hit=false landed=None live_roots_made_unreadable=13 faults_before=1 checker_red=[]
S23 seed=530077 steps=[rb#2->(1,6) mount rb#4->(1,4)!crash@3/78 rb#5->(1,1)!crash@7/40 rb#6->(3,9)!crash@44/74+root rb-notcand(3,10) rb#7->(1,4)!crash@52/55+root] effective=[(2, 1, 6), (6, 3, 9), (7, 1, 4)] witness=[(7, 1, 4)] final_mount=Ok((7, 12)) expected=Some((7, 12)) choice_ok=true C332_hit=false landed=None live_roots_made_unreadable=9 faults_before=0 checker_red=[]
S23 seed=530078 steps=[rb#2->(1,7) mount!crash@51/78 rb#4->(1,6)!crash@43/55+root rb-notcand(1,7) badsc mount!crash@42/74 rb#6->(1,4) mount!crash@13/74] effective=[(2, 1, 7), (4, 1, 6), (6, 1, 4)] witness=[(6, 1, 4)] final_mount=Ok((6, 16)) expected=Some((6, 16)) choice_ok=true C332_hit=false landed=None live_roots_made_unreadable=10 faults_before=2 checker_red=[]
S23 seed=530079 steps=[mount] effective=[] witness=[] final_mount=Ok((2, 13)) expected=Some((2, 13)) choice_ok=true C332_hit=false landed=None live_roots_made_unreadable=17 faults_before=0 checker_red=[]
S23 seed=530080 steps=[rb#2->(1,2) rb#3->(1,1)] effective=[(2, 1, 2), (3, 1, 1)] witness=[(3, 1, 1)] final_mount=Ok((3, 10)) expected=Some((3, 10)) choice_ok=true C332_hit=false landed=None live_roots_made_unreadable=7 faults_before=0 checker_red=[]
S23 seed=530081 steps=[badsc mount!crash@48/74 mount] effective=[] witness=[] final_mount=Ok((3, 11)) expected=Some((3, 11)) choice_ok=true C332_hit=false landed=None live_roots_made_unreadable=13 faults_before=2 checker_red=[]
S23 seed=530082 steps=[rb#2->(0,0) mount!crash@32/36 rb-notcand(1,2) mount] effective=[(2, 0, 0)] witness=[(2, 0, 0)] final_mount=Ok((4, 19)) expected=Some((4, 19)) choice_ok=true C332_hit=false landed=None live_roots_made_unreadable=12 faults_before=0 checker_red=[]
S23 seed=530083 steps=[rb#2->(1,2) rb-notcand(1,6) mount rb#4->(2,8)!crash@40/40+root rb-notcand(3,10)] effective=[(2, 1, 2), (4, 2, 8)] witness=[(2, 1, 2), (4, 2, 8)] final_mount=Ok((4, 13)) expected=Some((4, 13)) choice_ok=true C332_hit=false landed=None live_roots_made_unreadable=11 faults_before=0 checker_red=[]
S23 seed=530084 steps=[mount badroot(0,0) rb#3->(1,5) mount!crash@65/74 rb#5->(4,14)!crash@26/51+root mount] effective=[(3, 1, 5), (5, 4, 14)] witness=[(3, 1, 5), (5, 4, 14)] final_mount=Ok((6, 19)) expected=Some((6, 19)) choice_ok=true C332_hit=false landed=None live_roots_made_unreadable=16 faults_before=1 checker_red=[]
S23 seed=530085 steps=[rb#2->(1,1)!crash@33/40+root rb-notcand(1,5) badroot(0,0) rb-notcand(1,4) rb-notcand(1,6) rb#3->(2,12)!crash@6/29 badroot(1,1)] effective=[(2, 1, 1)] witness=[(2, 1, 1)] final_mount=Ok((2, 12)) expected=Some((2, 12)) choice_ok=true C332_hit=false landed=None live_roots_made_unreadable=4 faults_before=2 checker_red=[]
S23 seed=530086 steps=[badroot(0,0) rb#2->(1,3) rb-notcand(1,4) rb#3->(2,11) mount!crash@68/74 mount rb-notcand(1,6) rb#6->(1,2)] effective=[(2, 1, 3), (3, 2, 11), (6, 1, 2)] witness=[(6, 1, 2)] final_mount=Ok((6, 22)) expected=Some((6, 22)) choice_ok=true C332_hit=false landed=None live_roots_made_unreadable=6 faults_before=1 checker_red=[]
S23 seed=530087 steps=[rb#2->(1,5)!crash@0/74] effective=[] witness=[] final_mount=Ok((1, 7)) expected=Some((1, 7)) choice_ok=true C332_hit=false landed=None live_roots_made_unreadable=11 faults_before=0 checker_red=[]
S23 seed=530088 steps=[rb#2->(1,3)!crash@26/78 rb#3->(1,3)!crash@27/78] effective=[] witness=[] final_mount=Ok((1, 10)) expected=Some((1, 10)) choice_ok=true C332_hit=false landed=None live_roots_made_unreadable=13 faults_before=0 checker_red=[]
S23 seed=530089 steps=[mount rb#3->(1,2)!crash@39/40+root mount] effective=[(3, 1, 2)] witness=[(3, 1, 2)] final_mount=Ok((4, 19)) expected=Some((4, 19)) choice_ok=true C332_hit=false landed=None live_roots_made_unreadable=12 faults_before=0 checker_red=[]
S23 seed=530090 steps=[rb#2->(1,5)!crash@18/74 badsc rb#2->(0,0) badroot(0,0)] effective=[(2, 0, 0)] witness=[(2, 0, 0)] final_mount=Ok((2, 10)) expected=Some((2, 10)) choice_ok=true C332_hit=false landed=None live_roots_made_unreadable=6 faults_before=3 checker_red=[]
S23 seed=530091 steps=[mount!crash@18/55 mount!crash@4/55 rb#4->(1,8) rb#5->(4,11)!crash@39/51+root rb#6->(1,1)] effective=[(4, 1, 8), (5, 4, 11), (6, 1, 1)] witness=[(6, 1, 1)] final_mount=Ok((6, 14)) expected=Some((6, 14)) choice_ok=true C332_hit=false landed=None live_roots_made_unreadable=6 faults_before=0 checker_red=[]
S23 seed=530092 steps=[rb#2->(0,0)!crash@17/40 badsc rb#2->(1,10) mount rb#4->(1,6)!crash@53/78+root rb#5->(1,1)] effective=[(2, 1, 10), (4, 1, 6), (5, 1, 1)] witness=[(5, 1, 1)] final_mount=Ok((5, 20)) expected=Some((5, 20)) choice_ok=true C332_hit=false landed=None live_roots_made_unreadable=6 faults_before=2 checker_red=[]
S23 seed=530093 steps=[rb#2->(1,4)!crash@59/74+root rb#3->(1,2)!crash@17/33 rb-notcand(1,6) rb-notcand(1,7) mount!crash@12/55 rb#5->(1,4)!crash@12/55 badsc] effective=[(2, 1, 4)] witness=[(2, 1, 4)] final_mount=Ok((2, 9)) expected=Some((2, 9)) choice_ok=true C332_hit=false landed=None live_roots_made_unreadable=9 faults_before=2 checker_red=[]
S23 seed=530094 steps=[mount badroot(0,0) mount rb#4->(3,12)!crash@45/74+root rb-notcand(3,13) mount rb#6->(4,14) badsc] effective=[(4, 3, 12), (6, 4, 14)] witness=[(4, 3, 12), (6, 4, 14)] final_mount=Ok((6, 19)) expected=Some((6, 19)) choice_ok=true C332_hit=false landed=None live_roots_made_unreadable=19 faults_before=3 checker_red=[]
S23 seed=530095 steps=[rb#2->(0,0)!crash@3/40] effective=[] witness=[] final_mount=Ok((1, 10)) expected=Some((1, 10)) choice_ok=true C332_hit=false landed=None live_roots_made_unreadable=14 faults_before=0 checker_red=[]
S23 seed=530096 steps=[mount mount!crash@68/78] effective=[] witness=[] final_mount=Ok((3, 12)) expected=Some((3, 12)) choice_ok=true C332_hit=false landed=None live_roots_made_unreadable=15 faults_before=0 checker_red=[]
S23 seed=530097 steps=[rb#2->(1,5)!crash@31/55+root badroot(0,0) rb-notcand(1,9)] effective=[(2, 1, 5)] witness=[(2, 1, 5)] final_mount=Ok((2, 10)) expected=Some((2, 10)) choice_ok=true C332_hit=false landed=None live_roots_made_unreadable=9 faults_before=1 checker_red=[]
S23 seed=530098 steps=[badsc rb#2->(1,10) rb#3->(1,2)!crash@11/40 mount] effective=[(2, 1, 10)] witness=[(2, 1, 10)] final_mount=Ok((4, 16)) expected=Some((4, 16)) choice_ok=true C332_hit=false landed=None live_roots_made_unreadable=20 faults_before=2 checker_red=[]
S23 seed=530099 steps=[mount rb#3->(1,5) rb#4->(3,12)!crash@53/74+root rb-notcand(2,10) rb#5->(4,14)] effective=[(3, 1, 5), (4, 3, 12), (5, 4, 14)] witness=[(3, 1, 5), (4, 3, 12), (5, 4, 14)] final_mount=Ok((5, 17)) expected=Some((5, 17)) choice_ok=true C332_hit=false landed=None live_roots_made_unreadable=13 faults_before=0 checker_red=[]
S23 seed=530100 steps=[mount badsc rb#3->(0,0) mount badsc rb#5->(3,12)!crash@5/36] effective=[(3, 0, 0)] witness=[(3, 0, 0)] final_mount=Ok((4, 16)) expected=Some((4, 16)) choice_ok=true C332_hit=false landed=None live_roots_made_unreadable=9 faults_before=4 checker_red=[]
S23 seed=530101 steps=[rb#2->(1,5)!crash@6/78 rb#3->(1,3)!crash@52/78+root mount mount rb-notcand(1,10) mount mount] effective=[(3, 1, 3)] witness=[(3, 1, 3)] final_mount=Ok((7, 22)) expected=Some((7, 22)) choice_ok=true C332_hit=false landed=None live_roots_made_unreadable=16 faults_before=0 checker_red=[]
S23 seed=530102 steps=[badsc mount rb#3->(2,9) badsc rb#4->(2,8) mount mount rb#7->(1,5)!crash@36/78+root] effective=[(3, 2, 9), (4, 2, 8), (7, 1, 5)] witness=[(7, 1, 5)] final_mount=Ok((7, 23)) expected=Some((7, 23)) choice_ok=true C332_hit=false landed=None live_roots_made_unreadable=7 faults_before=4 checker_red=[]
S23 seed=530103 steps=[rb#2->(1,6)!crash@21/55] effective=[] witness=[] final_mount=Ok((1, 9)) expected=Some((1, 9)) choice_ok=true C332_hit=false landed=None live_roots_made_unreadable=12 faults_before=0 checker_red=[]
S23 seed=530104 steps=[rb#2->(1,8)!crash@5/78 mount] effective=[] witness=[] final_mount=Ok((3, 13)) expected=Some((3, 13)) choice_ok=true C332_hit=false landed=None live_roots_made_unreadable=17 faults_before=0 checker_red=[]
S23 seed=530105 steps=[mount rb#3->(1,1)!crash@25/40+root mount!crash@5/29] effective=[(3, 1, 1)] witness=[(3, 1, 1)] final_mount=Ok((3, 11)) expected=Some((3, 11)) choice_ok=true C332_hit=false landed=None live_roots_made_unreadable=5 faults_before=0 checker_red=[]
S23 seed=530106 steps=[rb#2->(1,5)!crash@52/55+root mount mount mount] effective=[(2, 1, 5)] witness=[(2, 1, 5)] final_mount=Ok((5, 19)) expected=Some((5, 19)) choice_ok=true C332_hit=false landed=None live_roots_made_unreadable=18 faults_before=0 checker_red=[]
S23 seed=530107 steps=[badroot(0,0) rb#2->(1,5)!crash@28/78 rb#3->(1,4) rb-notcand(1,10) mount] effective=[(3, 1, 4)] witness=[(3, 1, 4)] final_mount=Ok((4, 16)) expected=Some((4, 16)) choice_ok=true C332_hit=false landed=None live_roots_made_unreadable=12 faults_before=1 checker_red=[]
S23 seed=530108 steps=[rb#2->(1,2)!crash@20/36+root rb-notcand(1,4) rb#3->(1,1) mount mount rb-notcand(1,3)] effective=[(2, 1, 2), (3, 1, 1)] witness=[(3, 1, 1)] final_mount=Ok((5, 16)) expected=Some((5, 16)) choice_ok=true C332_hit=false landed=None live_roots_made_unreadable=13 faults_before=0 checker_red=[]
S23 seed=530109 steps=[rb#2->(1,5)!crash@11/55 rb#3->(0,0) mount rb-notcand(1,5) badroot(0,0) mount rb-notcand(1,7)] effective=[(3, 0, 0)] witness=[(3, 0, 0)] final_mount=Ok((5, 16)) expected=Some((5, 16)) choice_ok=true C332_hit=false landed=None live_roots_made_unreadable=10 faults_before=1 checker_red=[]
S23 seed=530110 steps=[mount!crash@35/78 badroot(0,0) rb#3->(1,1)!crash@31/33+root badsc mount rb-notcand(1,3) rb-notcand(2,11) rb#5->(4,15)] effective=[(3, 1, 1), (5, 4, 15)] witness=[(3, 1, 1), (5, 4, 15)] final_mount=Ok((5, 19)) expected=Some((5, 19)) choice_ok=true C332_hit=false landed=None live_roots_made_unreadable=11 faults_before=3 checker_red=[]
S23 seed=530111 steps=[rb#2->(1,6)!crash@11/51] effective=[] witness=[] final_mount=Ok((1, 6)) expected=Some((1, 6)) choice_ok=true C332_hit=false landed=None live_roots_made_unreadable=9 faults_before=0 checker_red=[]
S23 seed=530112 steps=[mount mount] effective=[] witness=[] final_mount=Ok((3, 13)) expected=Some((3, 13)) choice_ok=true C332_hit=false landed=None live_roots_made_unreadable=17 faults_before=0 checker_red=[]
S23 seed=530113 steps=[rb#2->(1,3)!crash@56/78+root mount!crash@34/51 rb#4->(1,2)!crash@24/40+root] effective=[(2, 1, 3), (4, 1, 2)] witness=[(4, 1, 2)] final_mount=Ok((4, 14)) expected=Some((4, 14)) choice_ok=true C332_hit=false landed=None live_roots_made_unreadable=6 faults_before=0 checker_red=[]
S23 seed=530114 steps=[rb#2->(1,2) rb#3->(2,8) rb#4->(1,1) rb-notcand(1,4)] effective=[(2, 1, 2), (3, 2, 8), (4, 1, 1)] witness=[(4, 1, 1)] final_mount=Ok((4, 13)) expected=Some((4, 13)) choice_ok=true C332_hit=false landed=None live_roots_made_unreadable=8 faults_before=0 checker_red=[]
S23 seed=530115 steps=[mount!crash@21/74 mount!crash@47/74 rb#4->(1,3)!crash@12/55 badroot(0,0) mount] effective=[] witness=[] final_mount=Ok((5, 11)) expected=Some((5, 11)) choice_ok=true C332_hit=false landed=None live_roots_made_unreadable=12 faults_before=1 checker_red=[]
S23 seed=530116 steps=[rb#2->(1,5) mount mount!crash@0/74 mount!crash@65/74 mount rb#6->(2,13)!crash@20/51] effective=[(2, 1, 5)] witness=[(2, 1, 5)] final_mount=Ok((5, 20)) expected=Some((5, 20)) choice_ok=true C332_hit=false landed=None live_roots_made_unreadable=18 faults_before=0 checker_red=[]
S23 seed=530117 steps=[mount rb#3->(1,2)!crash@4/33 badsc rb#3->(2,7) mount mount!crash@28/74 rb#6->(1,3)] effective=[(3, 2, 7), (6, 1, 3)] witness=[(6, 1, 3)] final_mount=Ok((6, 16)) expected=Some((6, 16)) choice_ok=true C332_hit=false landed=None live_roots_made_unreadable=9 faults_before=2 checker_red=[]
S23 seed=530118 steps=[rb#2->(1,5) rb#3->(0,0)!crash@15/40 rb#4->(0,0)!crash@14/40 rb-notcand(1,6) rb#5->(2,10)!crash@17/78 rb#6->(1,5) mount mount!crash@29/74] effective=[(2, 1, 5), (6, 1, 5)] witness=[(6, 1, 5)] final_mount=Ok((8, 17)) expected=Some((8, 17)) choice_ok=true C332_hit=false landed=None live_roots_made_unreadable=15 faults_before=0 checker_red=[]
S23 seed=530119 steps=[rb#2->(1,6)] effective=[(2, 1, 6)] witness=[(2, 1, 6)] final_mount=Ok((2, 13)) expected=Some((2, 13)) choice_ok=true C332_hit=false landed=None live_roots_made_unreadable=13 faults_before=0 checker_red=[]
S23 summary series=120 base=530000 rollbacks=229 effective=174 C332_hits=0 wrong_final_choice=0 checker_red=0 final_mount_refused=0
test s23_random_series_oracle ... ok

test result: ok. 1 passed; 0 failed; 0 ignored; 0 measured; 4 filtered out; finished in 86.66s

