
running 1 test
S23 seed=510000 steps=[mount rb#3->(2,6)!crash@11/78 badsc rb#3->(1,3)] effective=[(3, 1, 3)] witness=[(3, 1, 3)] final_mount=Ok((3, 10)) expected=Some((3, 10)) choice_ok=true C332_hit=false landed=None live_roots_made_unreadable=10 faults_before=2 checker_red=[]
S23 seed=510001 steps=[rb#2->(1,4)!crash@69/74+root mount rb#4->(1,3)!crash@21/78 rb#5->(1,1) rb#6->(5,15)!crash@9/36] effective=[(2, 1, 4), (5, 1, 1)] witness=[(5, 1, 1)] final_mount=Ok((5, 16)) expected=Some((5, 16)) choice_ok=true C332_hit=false landed=None live_roots_made_unreadable=8 faults_before=0 checker_red=[]
S23 seed=510002 steps=[rb#2->(1,3)!crash@10/55 badsc mount!crash@22/55 badsc mount!crash@41/55 mount!crash@17/51] effective=[] witness=[] final_mount=Ok((2, 9)) expected=Some((2, 9)) choice_ok=true C332_hit=false landed=None live_roots_made_unreadable=12 faults_before=4 checker_red=[]
S23 seed=510003 steps=[mount rb#3->(1,5) rb#4->(1,3)!crash@27/78 mount rb#6->(1,4) rb#7->(1,1)!crash@40/40+root rb#8->(7,19)!crash@29/36+root] effective=[(3, 1, 5), (6, 1, 4), (7, 1, 1), (8, 7, 19)] witness=[(7, 1, 1), (8, 7, 19)] final_mount=Ok((8, 21)) expected=Some((8, 21)) choice_ok=true C332_hit=false landed=None live_roots_made_unreadable=9 faults_before=0 checker_red=[]
S23 seed=510004 steps=[rb#2->(1,3)!crash@35/74+root badsc mount rb-notcand(1,5) rb-notcand(1,7) mount rb-notcand(1,6) badsc] effective=[(2, 1, 3)] witness=[(2, 1, 3)] final_mount=Ok((4, 13)) expected=Some((4, 13)) choice_ok=true C332_hit=false landed=None live_roots_made_unreadable=13 faults_before=4 checker_red=[]
S23 seed=510005 steps=[mount] effective=[] witness=[] final_mount=Ok((2, 10)) expected=Some((2, 10)) choice_ok=true C332_hit=false landed=None live_roots_made_unreadable=14 faults_before=0 checker_red=[]
S23 seed=510006 steps=[rb#2->(1,2)!crash@10/29 badsc] effective=[] witness=[] final_mount=Ok((1, 5)) expected=Some((1, 5)) choice_ok=true C332_hit=false landed=None live_roots_made_unreadable=8 faults_before=2 checker_red=[]
S23 seed=510007 steps=[rb#2->(1,7)!crash@53/74+root rb#3->(1,6)!crash@18/55 rb#4->(1,1)!crash@16/33] effective=[(2, 1, 7)] witness=[(2, 1, 7)] final_mount=Ok((2, 9)) expected=Some((2, 9)) choice_ok=true C332_hit=false landed=None live_roots_made_unreadable=12 faults_before=0 checker_red=[]
S23 seed=510008 steps=[mount mount rb#4->(1,7) rb-notcand(3,11)] effective=[(4, 1, 7)] witness=[(4, 1, 7)] final_mount=Ok((4, 16)) expected=Some((4, 16)) choice_ok=true C332_hit=false landed=None live_roots_made_unreadable=14 faults_before=0 checker_red=[]
S23 seed=510009 steps=[rb#2->(1,5)!crash@43/51+root mount!crash@11/55 rb#4->(1,3)!crash@35/55+root rb#5->(4,7)!crash@44/74+root rb#6->(1,2)] effective=[(2, 1, 5), (4, 1, 3), (5, 4, 7), (6, 1, 2)] witness=[(6, 1, 2)] final_mount=Ok((6, 10)) expected=Some((6, 10)) choice_ok=true C332_hit=false landed=None live_roots_made_unreadable=8 faults_before=0 checker_red=[]
S23 seed=510010 steps=[mount rb#3->(1,3)!crash@38/78+root rb-notcand(1,7) rb-notcand(1,7) badsc mount] effective=[(3, 1, 3)] witness=[(3, 1, 3)] final_mount=Ok((4, 13)) expected=Some((4, 13)) choice_ok=true C332_hit=false landed=None live_roots_made_unreadable=10 faults_before=2 checker_red=[]
S23 seed=510011 steps=[rb#2->(1,5)!crash@15/55 badroot(0,0) mount!crash@18/55 mount badsc rb#5->(1,7) rb#6->(1,7)] effective=[(5, 1, 7), (6, 1, 7)] witness=[(6, 1, 7)] final_mount=Ok((6, 16)) expected=Some((6, 16)) choice_ok=true C332_hit=false landed=None live_roots_made_unreadable=13 faults_before=3 checker_red=[]
S23 seed=510012 steps=[badsc rb#2->(0,0) rb#3->(2,6) badroot(0,0) rb#4->(3,10) mount mount] effective=[(2, 0, 0), (3, 2, 6), (4, 3, 10)] witness=[(2, 0, 0), (3, 2, 6), (4, 3, 10)] final_mount=Ok((6, 19)) expected=Some((6, 19)) choice_ok=true C332_hit=false landed=None live_roots_made_unreadable=16 faults_before=3 checker_red=[]
S23 seed=510013 steps=[mount] effective=[] witness=[] final_mount=Ok((2, 10)) expected=Some((2, 10)) choice_ok=true C332_hit=false landed=None live_roots_made_unreadable=14 faults_before=0 checker_red=[]
S23 seed=510014 steps=[rb#2->(1,8)!crash@46/55+root rb#3->(1,1)!crash@1/33] effective=[(2, 1, 8)] witness=[(2, 1, 8)] final_mount=Ok((2, 9)) expected=Some((2, 9)) choice_ok=true C332_hit=false landed=None live_roots_made_unreadable=12 faults_before=0 checker_red=[]
S23 seed=510015 steps=[mount rb#3->(1,4)!crash@0/78 badsc] effective=[] witness=[] final_mount=Ok((2, 7)) expected=Some((2, 7)) choice_ok=true C332_hit=false landed=None live_roots_made_unreadable=11 faults_before=2 checker_red=[]
S23 seed=510016 steps=[rb#2->(1,6) rb#3->(2,8)!crash@6/78 mount rb#5->(2,8)] effective=[(2, 1, 6), (5, 2, 8)] witness=[(2, 1, 6), (5, 2, 8)] final_mount=Ok((5, 16)) expected=Some((5, 16)) choice_ok=true C332_hit=false landed=None live_roots_made_unreadable=14 faults_before=0 checker_red=[]
S23 seed=510017 steps=[badsc mount mount!crash@47/74 rb#4->(1,4) badsc] effective=[(4, 1, 4)] witness=[(4, 1, 4)] final_mount=Ok((4, 14)) expected=Some((4, 14)) choice_ok=true C332_hit=false landed=None live_roots_made_unreadable=9 faults_before=4 checker_red=[]
S23 seed=510018 steps=[rb#2->(1,10) rb#3->(1,3)!crash@49/78+root mount!crash@9/51 badsc mount] effective=[(2, 1, 10), (3, 1, 3)] witness=[(3, 1, 3)] final_mount=Ok((4, 16)) expected=Some((4, 16)) choice_ok=true C332_hit=false landed=None live_roots_made_unreadable=10 faults_before=2 checker_red=[]
S23 seed=510019 steps=[rb#2->(1,1) badsc rb-notcand(1,6) rb#3->(1,1) rb#4->(1,1) mount!crash@25/36] effective=[(2, 1, 1), (3, 1, 1), (4, 1, 1)] witness=[(4, 1, 1)] final_mount=Ok((5, 17)) expected=Some((5, 17)) choice_ok=true C332_hit=false landed=None live_roots_made_unreadable=8 faults_before=2 checker_red=[]
S23 seed=510020 steps=[mount rb#3->(1,3)!crash@40/78+root mount!crash@40/51 rb-notcand(1,5) badsc mount rb#6->(1,1) rb-notcand(3,11)] effective=[(3, 1, 3), (6, 1, 1)] witness=[(6, 1, 1)] final_mount=Ok((6, 16)) expected=Some((6, 16)) choice_ok=true C332_hit=false landed=None live_roots_made_unreadable=7 faults_before=2 checker_red=[]
S23 seed=510021 steps=[rb#2->(1,2)] effective=[(2, 1, 2)] witness=[(2, 1, 2)] final_mount=Ok((2, 13)) expected=Some((2, 13)) choice_ok=true C332_hit=false landed=None live_roots_made_unreadable=9 faults_before=0 checker_red=[]
S23 seed=510022 steps=[badsc rb#2->(1,5)] effective=[(2, 1, 5)] witness=[(2, 1, 5)] final_mount=Ok((2, 10)) expected=Some((2, 10)) choice_ok=true C332_hit=false landed=None live_roots_made_unreadable=12 faults_before=2 checker_red=[]
S23 seed=510023 steps=[rb#2->(1,6) mount mount] effective=[(2, 1, 6)] witness=[(2, 1, 6)] final_mount=Ok((4, 16)) expected=Some((4, 16)) choice_ok=true C332_hit=false landed=None live_roots_made_unreadable=18 faults_before=0 checker_red=[]
S23 seed=510024 steps=[mount!crash@21/78 badroot(0,0) mount!crash@25/78 mount!crash@1/78] effective=[] witness=[] final_mount=Ok((1, 10)) expected=Some((1, 10)) choice_ok=true C332_hit=false landed=None live_roots_made_unreadable=13 faults_before=1 checker_red=[]
S23 seed=510025 steps=[rb#2->(1,6) rb-notcand(1,7) mount mount rb#5->(4,16)!crash@3/74] effective=[(2, 1, 6)] witness=[(2, 1, 6)] final_mount=Ok((4, 16)) expected=Some((4, 16)) choice_ok=true C332_hit=false landed=None live_roots_made_unreadable=19 faults_before=0 checker_red=[]
S23 seed=510026 steps=[mount!crash@45/55 badsc rb#3->(1,8)!crash@23/55 badsc badroot(0,0) mount] effective=[] witness=[] final_mount=Ok((3, 11)) expected=Some((3, 11)) choice_ok=true C332_hit=false landed=None live_roots_made_unreadable=13 faults_before=5 checker_red=[]
S23 seed=510027 steps=[rb#2->(1,1) mount rb-notcand(1,4) rb-notcand(1,6) rb#4->(3,15)!crash@6/36 mount badsc] effective=[(2, 1, 1)] witness=[(2, 1, 1)] final_mount=Ok((5, 19)) expected=Some((5, 19)) choice_ok=true C332_hit=false landed=None live_roots_made_unreadable=14 faults_before=2 checker_red=[]
S23 seed=510028 steps=[rb#2->(1,2) mount rb#4->(3,8)!crash@15/36 rb#5->(3,10) rb#6->(1,1)!crash@33/40+root mount mount rb-notcand(3,10)] effective=[(2, 1, 2), (5, 3, 10), (6, 1, 1)] witness=[(6, 1, 1)] final_mount=Ok((8, 19)) expected=Some((8, 19)) choice_ok=true C332_hit=false landed=None live_roots_made_unreadable=11 faults_before=0 checker_red=[]
S23 seed=510029 steps=[mount] effective=[] witness=[] final_mount=Ok((2, 10)) expected=Some((2, 10)) choice_ok=true C332_hit=false landed=None live_roots_made_unreadable=14 faults_before=0 checker_red=[]
S23 seed=510030 steps=[rb#2->(1,10) rb#3->(1,9)!crash@21/78] effective=[(2, 1, 10)] witness=[(2, 1, 10)] final_mount=Ok((2, 13)) expected=Some((2, 13)) choice_ok=true C332_hit=false landed=None live_roots_made_unreadable=17 faults_before=0 checker_red=[]
S23 seed=510031 steps=[mount!crash@22/51 rb#3->(1,2)!crash@27/29+root rb-notcand(1,3) rb#4->(3,6)] effective=[(3, 1, 2), (4, 3, 6)] witness=[(3, 1, 2), (4, 3, 6)] final_mount=Ok((4, 10)) expected=Some((4, 10)) choice_ok=true C332_hit=false landed=None live_roots_made_unreadable=10 faults_before=0 checker_red=[]
S23 seed=510032 steps=[rb#2->(1,5) mount mount mount rb#6->(1,3)!crash@23/78] effective=[(2, 1, 5)] witness=[(2, 1, 5)] final_mount=Ok((5, 19)) expected=Some((5, 19)) choice_ok=true C332_hit=false landed=None live_roots_made_unreadable=20 faults_before=0 checker_red=[]
S23 seed=510033 steps=[badsc mount mount mount!crash@71/74 mount!crash@11/74 mount!crash@42/74] effective=[] witness=[] final_mount=Ok((6, 20)) expected=Some((6, 20)) choice_ok=true C332_hit=false landed=None live_roots_made_unreadable=22 faults_before=2 checker_red=[]
S23 seed=510034 steps=[mount badsc mount mount mount!crash@53/74 mount mount] effective=[] witness=[] final_mount=Ok((7, 19)) expected=Some((7, 19)) choice_ok=true C332_hit=false landed=None live_roots_made_unreadable=23 faults_before=2 checker_red=[]
S23 seed=510035 steps=[rb#2->(1,4) rb#3->(2,9)!crash@44/74+root mount mount badsc rb#6->(2,9) rb-notcand(5,16) mount!crash@47/74] effective=[(2, 1, 4), (3, 2, 9), (6, 2, 9)] witness=[(2, 1, 4), (6, 2, 9)] final_mount=Ok((7, 20)) expected=Some((7, 20)) choice_ok=true C332_hit=false landed=None live_roots_made_unreadable=12 faults_before=2 checker_red=[]
S23 seed=510036 steps=[mount!crash@25/78] effective=[] witness=[] final_mount=Ok((1, 10)) expected=Some((1, 10)) choice_ok=true C332_hit=false landed=None live_roots_made_unreadable=14 faults_before=0 checker_red=[]
S23 seed=510037 steps=[rb#2->(1,5) badsc] effective=[(2, 1, 5)] witness=[(2, 1, 5)] final_mount=Ok((2, 7)) expected=Some((2, 7)) choice_ok=true C332_hit=false landed=None live_roots_made_unreadable=11 faults_before=2 checker_red=[]
S23 seed=510038 steps=[badsc rb#2->(1,2)!crash@10/36 rb#3->(1,1)] effective=[(3, 1, 1)] witness=[(3, 1, 1)] final_mount=Ok((3, 10)) expected=Some((3, 10)) choice_ok=true C332_hit=false landed=None live_roots_made_unreadable=8 faults_before=2 checker_red=[]
S23 seed=510039 steps=[mount rb#3->(1,3)!crash@67/78+root mount rb-notcand(2,11)] effective=[(3, 1, 3)] witness=[(3, 1, 3)] final_mount=Ok((4, 17)) expected=Some((4, 17)) choice_ok=true C332_hit=false landed=None live_roots_made_unreadable=10 faults_before=0 checker_red=[]
S23 seed=510040 steps=[rb#2->(1,3) badroot(0,0) mount mount rb#5->(4,11)!crash@7/74] effective=[(2, 1, 3)] witness=[(2, 1, 3)] final_mount=Ok((4, 13)) expected=Some((4, 13)) choice_ok=true C332_hit=false landed=None live_roots_made_unreadable=14 faults_before=1 checker_red=[]
S23 seed=510041 steps=[mount!crash@10/74 rb#3->(1,3) mount!crash@43/78 rb-notcand(1,4) mount!crash@40/51 rb#6->(4,11)!crash@33/51+root] effective=[(3, 1, 3), (6, 4, 11)] witness=[(3, 1, 3), (6, 4, 11)] final_mount=Ok((6, 13)) expected=Some((6, 13)) choice_ok=true C332_hit=false landed=None live_roots_made_unreadable=12 faults_before=0 checker_red=[]
S23 seed=510042 steps=[rb#2->(1,10) rb#3->(1,5) rb-notcand(1,7) rb-notcand(1,10) badsc rb#4->(3,15) rb-notcand(1,9)] effective=[(2, 1, 10), (3, 1, 5), (4, 3, 15)] witness=[(3, 1, 5), (4, 3, 15)] final_mount=Ok((4, 19)) expected=Some((4, 19)) choice_ok=true C332_hit=false landed=None live_roots_made_unreadable=14 faults_before=2 checker_red=[]
S23 seed=510043 steps=[badsc mount rb#3->(1,2)!crash@31/40+root badroot(0,0) badsc rb#4->(1,1) rb-notcand(3,9)] effective=[(3, 1, 2), (4, 1, 1)] witness=[(4, 1, 1)] final_mount=Ok((4, 11)) expected=Some((4, 11)) choice_ok=true C332_hit=false landed=None live_roots_made_unreadable=5 faults_before=5 checker_red=[]
S23 seed=510044 steps=[rb#2->(1,3)!crash@1/74] effective=[] witness=[] final_mount=Ok((1, 7)) expected=Some((1, 7)) choice_ok=true C332_hit=false landed=None live_roots_made_unreadable=11 faults_before=0 checker_red=[]
S23 seed=510045 steps=[rb#2->(1,2)!crash@29/40+root rb#3->(2,11)] effective=[(2, 1, 2), (3, 2, 11)] witness=[(2, 1, 2), (3, 2, 11)] final_mount=Ok((3, 14)) expected=Some((3, 14)) choice_ok=true C332_hit=false landed=None live_roots_made_unreadable=8 faults_before=0 checker_red=[]
S23 seed=510046 steps=[mount!crash@16/51 rb#3->(1,4)!crash@4/51 badsc] effective=[] witness=[] final_mount=Ok((1, 5)) expected=Some((1, 5)) choice_ok=true C332_hit=false landed=None live_roots_made_unreadable=8 faults_before=2 checker_red=[]
S23 seed=510047 steps=[mount mount rb#4->(2,8) mount!crash@35/74] effective=[(4, 2, 8)] witness=[(4, 2, 8)] final_mount=Ok((5, 17)) expected=Some((5, 17)) choice_ok=true C332_hit=false landed=None live_roots_made_unreadable=15 faults_before=0 checker_red=[]
S23 seed=510048 steps=[rb#2->(1,1)!crash@15/40 rb#3->(1,4) rb#4->(1,4) badsc rb#5->(1,2)] effective=[(3, 1, 4), (4, 1, 4), (5, 1, 2)] witness=[(5, 1, 2)] final_mount=Ok((5, 19)) expected=Some((5, 19)) choice_ok=true C332_hit=false landed=None live_roots_made_unreadable=9 faults_before=2 checker_red=[]
S23 seed=510049 steps=[rb#2->(1,1)!crash@23/29+root mount rb#4->(3,8) badsc mount badroot(0,0)] effective=[(2, 1, 1), (4, 3, 8)] witness=[(2, 1, 1), (4, 3, 8)] final_mount=Ok((5, 13)) expected=Some((5, 13)) choice_ok=true C332_hit=false landed=None live_roots_made_unreadable=12 faults_before=3 checker_red=[]
S23 seed=510050 steps=[mount rb#3->(2,10)!crash@18/78 badroot(0,0) rb#4->(1,2)!crash@8/40 rb#5->(2,9) rb#6->(5,13)!crash@22/74 rb#7->(5,11)] effective=[(5, 2, 9), (7, 5, 11)] witness=[(5, 2, 9), (7, 5, 11)] final_mount=Ok((7, 16)) expected=Some((7, 16)) choice_ok=true C332_hit=false landed=None live_roots_made_unreadable=16 faults_before=1 checker_red=[]
S23 seed=510051 steps=[rb#2->(1,1)!crash@3/40 mount badsc rb#4->(1,4)!crash@47/78+root rb#5->(1,3) rb-notcand(3,12) badsc mount] effective=[(4, 1, 4), (5, 1, 3)] witness=[(5, 1, 3)] final_mount=Ok((6, 19)) expected=Some((6, 19)) choice_ok=true C332_hit=false landed=None live_roots_made_unreadable=12 faults_before=4 checker_red=[]
S23 seed=510052 steps=[mount] effective=[] witness=[] final_mount=Ok((2, 7)) expected=Some((2, 7)) choice_ok=true C332_hit=false landed=None live_roots_made_unreadable=11 faults_before=0 checker_red=[]
S23 seed=510053 steps=[rb#2->(1,1)!crash@18/36 rb#3->(1,1)] effective=[(3, 1, 1)] witness=[(3, 1, 1)] final_mount=Ok((3, 10)) expected=Some((3, 10)) choice_ok=true C332_hit=false landed=None live_roots_made_unreadable=7 faults_before=0 checker_red=[]
S23 seed=510054 steps=[badsc mount!crash@32/78 badsc] effective=[] witness=[] final_mount=Ok((2, 11)) expected=Some((2, 11)) choice_ok=true C332_hit=false landed=None live_roots_made_unreadable=14 faults_before=4 checker_red=[]
S23 seed=510055 steps=[mount rb#3->(1,2)!crash@13/40 mount!crash@19/78 rb#5->(1,2)] effective=[(5, 1, 2)] witness=[(5, 1, 2)] final_mount=Ok((5, 10)) expected=Some((5, 10)) choice_ok=true C332_hit=false landed=None live_roots_made_unreadable=9 faults_before=0 checker_red=[]
S23 seed=510056 steps=[rb#2->(0,0)!crash@8/36 rb#3->(1,3)!crash@26/74+root rb#4->(1,2) rb#5->(4,10)!crash@9/36 badsc] effective=[(3, 1, 3), (4, 1, 2)] witness=[(4, 1, 2)] final_mount=Ok((4, 10)) expected=Some((4, 10)) choice_ok=true C332_hit=false landed=None live_roots_made_unreadable=8 faults_before=2 checker_red=[]
S23 seed=510057 steps=[mount rb#3->(1,1) rb-notcand(1,6) rb-notcand(1,2) badsc rb-notcand(1,5)] effective=[(3, 1, 1)] witness=[(3, 1, 1)] final_mount=Ok((3, 13)) expected=Some((3, 13)) choice_ok=true C332_hit=false landed=None live_roots_made_unreadable=8 faults_before=2 checker_red=[]
S23 seed=510058 steps=[rb#2->(1,5)!crash@33/78+root mount rb#4->(2,11) badsc rb#5->(1,3)!crash@62/78+root badsc rb-notcand(3,12)] effective=[(2, 1, 5), (4, 2, 11), (5, 1, 3)] witness=[(5, 1, 3)] final_mount=Ok((5, 18)) expected=Some((5, 18)) choice_ok=true C332_hit=false landed=None live_roots_made_unreadable=8 faults_before=4 checker_red=[]
test s23_random_series_oracle has been running for over 60 seconds
S23 seed=510059 steps=[badsc rb#2->(1,5)!crash@58/74+root rb-notcand(1,7) rb#3->(1,2)!crash@13/33 rb#4->(1,5)!crash@7/55 mount mount badsc] effective=[(2, 1, 5)] witness=[(2, 1, 5)] final_mount=Ok((6, 13)) expected=Some((6, 13)) choice_ok=true C332_hit=false landed=None live_roots_made_unreadable=15 faults_before=4 checker_red=[]
S23 seed=510060 steps=[mount] effective=[] witness=[] final_mount=Ok((2, 10)) expected=Some((2, 10)) choice_ok=true C332_hit=false landed=None live_roots_made_unreadable=14 faults_before=0 checker_red=[]
S23 seed=510061 steps=[rb#2->(1,1)!crash@12/40 badroot(0,0)] effective=[] witness=[] final_mount=Ok((1, 10)) expected=Some((1, 10)) choice_ok=true C332_hit=false landed=None live_roots_made_unreadable=13 faults_before=1 checker_red=[]
S23 seed=510062 steps=[mount mount mount] effective=[] witness=[] final_mount=Ok((4, 16)) expected=Some((4, 16)) choice_ok=true C332_hit=false landed=None live_roots_made_unreadable=20 faults_before=0 checker_red=[]
S23 seed=510063 steps=[rb#2->(1,5)!crash@15/55 rb#3->(1,3)!crash@48/55+root mount rb-notcand(1,6)] effective=[(3, 1, 3)] witness=[(3, 1, 3)] final_mount=Ok((4, 11)) expected=Some((4, 11)) choice_ok=true C332_hit=false landed=None live_roots_made_unreadable=9 faults_before=0 checker_red=[]
S23 seed=510064 steps=[badsc rb#2->(1,3)!crash@2/78 rb#3->(1,9)!crash@30/78+root rb#4->(1,5)!crash@41/55+root badroot(0,0)] effective=[(3, 1, 9), (4, 1, 5)] witness=[(4, 1, 5)] final_mount=Ok((4, 12)) expected=Some((4, 12)) choice_ok=true C332_hit=false landed=None live_roots_made_unreadable=8 faults_before=3 checker_red=[]
S23 seed=510065 steps=[rb#2->(1,6)!crash@68/74+root rb#3->(2,8)!crash@24/55 rb#4->(1,4) badsc rb-notcand(2,9)] effective=[(2, 1, 6), (4, 1, 4)] witness=[(4, 1, 4)] final_mount=Ok((4, 11)) expected=Some((4, 11)) choice_ok=true C332_hit=false landed=None live_roots_made_unreadable=9 faults_before=2 checker_red=[]
S23 seed=510066 steps=[rb#2->(1,4)!crash@30/55+root mount badsc rb#4->(1,1)!crash@30/33+root mount rb-notcand(1,8) mount] effective=[(2, 1, 4), (4, 1, 1)] witness=[(4, 1, 1)] final_mount=Ok((6, 19)) expected=Some((6, 19)) choice_ok=true C332_hit=false landed=None live_roots_made_unreadable=12 faults_before=2 checker_red=[]
S23 seed=510067 steps=[mount rb#3->(2,12)!crash@35/74+root rb#4->(1,1) badsc rb-notcand(1,7) rb-notcand(1,4) rb-notcand(1,8)] effective=[(3, 2, 12), (4, 1, 1)] witness=[(4, 1, 1)] final_mount=Ok((4, 16)) expected=Some((4, 16)) choice_ok=true C332_hit=false landed=None live_roots_made_unreadable=7 faults_before=2 checker_red=[]
S23 seed=510068 steps=[rb#2->(1,5)!crash@11/74] effective=[] witness=[] final_mount=Ok((1, 7)) expected=Some((1, 7)) choice_ok=true C332_hit=false landed=None live_roots_made_unreadable=11 faults_before=0 checker_red=[]
S23 seed=510069 steps=[badsc mount!crash@30/55] effective=[] witness=[] final_mount=Ok((2, 9)) expected=Some((2, 9)) choice_ok=true C332_hit=false landed=None live_roots_made_unreadable=12 faults_before=2 checker_red=[]
S23 seed=510070 steps=[rb#2->(1,1)!crash@15/40 rb#3->(1,2)!crash@21/40 rb#4->(1,2)] effective=[(4, 1, 2)] witness=[(4, 1, 2)] final_mount=Ok((4, 13)) expected=Some((4, 13)) choice_ok=true C332_hit=false landed=None live_roots_made_unreadable=8 faults_before=0 checker_red=[]
S23 seed=510071 steps=[mount rb#3->(1,3)!crash@24/78 mount rb#5->(1,1)] effective=[(5, 1, 1)] witness=[(5, 1, 1)] final_mount=Ok((5, 16)) expected=Some((5, 16)) choice_ok=true C332_hit=false landed=None live_roots_made_unreadable=8 faults_before=0 checker_red=[]
S23 seed=510072 steps=[rb#2->(1,3)!crash@20/55 rb#3->(1,6)!crash@9/55 mount rb#5->(1,8) rb-notcand(4,9)] effective=[(5, 1, 8)] witness=[(5, 1, 8)] final_mount=Ok((5, 13)) expected=Some((5, 13)) choice_ok=true C332_hit=false landed=None live_roots_made_unreadable=15 faults_before=0 checker_red=[]
S23 seed=510073 steps=[mount!crash@42/78 rb#3->(1,7) badsc rb-notcand(1,9) rb#4->(1,7) rb#5->(4,14)] effective=[(3, 1, 7), (4, 1, 7), (5, 4, 14)] witness=[(4, 1, 7), (5, 4, 14)] final_mount=Ok((5, 19)) expected=Some((5, 19)) choice_ok=true C332_hit=false landed=None live_roots_made_unreadable=15 faults_before=2 checker_red=[]
S23 seed=510074 steps=[rb#2->(1,1) badsc mount mount mount!crash@23/36 mount] effective=[(2, 1, 1)] witness=[(2, 1, 1)] final_mount=Ok((6, 19)) expected=Some((6, 19)) choice_ok=true C332_hit=false landed=None live_roots_made_unreadable=17 faults_before=2 checker_red=[]
S23 seed=510075 steps=[rb#2->(1,3) badsc mount mount rb#5->(4,16) rb#6->(5,18) rb#7->(5,17)!crash@18/74 rb#8->(3,13)] effective=[(2, 1, 3), (5, 4, 16), (6, 5, 18), (8, 3, 13)] witness=[(2, 1, 3), (8, 3, 13)] final_mount=Ok((8, 25)) expected=Some((8, 25)) choice_ok=true C332_hit=false landed=None live_roots_made_unreadable=11 faults_before=2 checker_red=[]
S23 seed=510076 steps=[mount] effective=[] witness=[] final_mount=Ok((2, 13)) expected=Some((2, 13)) choice_ok=true C332_hit=false landed=None live_roots_made_unreadable=17 faults_before=0 checker_red=[]
S23 seed=510077 steps=[rb#2->(1,3) rb#3->(1,2)!crash@1/40] effective=[(2, 1, 3)] witness=[(2, 1, 3)] final_mount=Ok((2, 10)) expected=Some((2, 10)) choice_ok=true C332_hit=false landed=None live_roots_made_unreadable=10 faults_before=0 checker_red=[]
S23 seed=510078 steps=[mount!crash@29/74 rb#3->(1,4) rb#4->(0,0)] effective=[(3, 1, 4), (4, 0, 0)] witness=[(4, 0, 0)] final_mount=Ok((4, 13)) expected=Some((4, 13)) choice_ok=true C332_hit=false landed=None live_roots_made_unreadable=7 faults_before=0 checker_red=[]
S23 seed=510079 steps=[rb#2->(1,2) mount badroot(0,0) rb#4->(1,2)] effective=[(2, 1, 2), (4, 1, 2)] witness=[(4, 1, 2)] final_mount=Ok((4, 19)) expected=Some((4, 19)) choice_ok=true C332_hit=false landed=None live_roots_made_unreadable=8 faults_before=1 checker_red=[]
S23 seed=510080 steps=[badsc rb#2->(1,3) rb#3->(0,0)!crash@21/40 mount!crash@29/55] effective=[(2, 1, 3)] witness=[(2, 1, 3)] final_mount=Ok((2, 10)) expected=Some((2, 10)) choice_ok=true C332_hit=false landed=None live_roots_made_unreadable=9 faults_before=2 checker_red=[]
S23 seed=510081 steps=[mount rb#3->(1,6)!crash@51/78+root rb#4->(1,2) rb-notcand(1,4) mount rb-notcand(3,11)] effective=[(3, 1, 6), (4, 1, 2)] witness=[(4, 1, 2)] final_mount=Ok((5, 16)) expected=Some((5, 16)) choice_ok=true C332_hit=false landed=None live_roots_made_unreadable=10 faults_before=0 checker_red=[]
S23 seed=510082 steps=[rb#2->(1,1) mount!crash@27/36 rb-notcand(1,2) rb#4->(3,15) mount badsc mount] effective=[(2, 1, 1), (4, 3, 15)] witness=[(2, 1, 1), (4, 3, 15)] final_mount=Ok((6, 22)) expected=Some((6, 22)) choice_ok=true C332_hit=false landed=None live_roots_made_unreadable=15 faults_before=2 checker_red=[]
S23 seed=510083 steps=[mount mount!crash@38/78 mount rb#5->(1,4) mount rb#7->(6,19)!crash@30/74+root rb#8->(6,19)!crash@11/51 mount] effective=[(5, 1, 4), (7, 6, 19)] witness=[(5, 1, 4), (7, 6, 19)] final_mount=Ok((9, 22)) expected=Some((9, 22)) choice_ok=true C332_hit=false landed=None live_roots_made_unreadable=15 faults_before=0 checker_red=[]
S23 seed=510084 steps=[rb#2->(1,5)] effective=[(2, 1, 5)] witness=[(2, 1, 5)] final_mount=Ok((2, 10)) expected=Some((2, 10)) choice_ok=true C332_hit=false landed=None live_roots_made_unreadable=12 faults_before=0 checker_red=[]
S23 seed=510085 steps=[badsc mount] effective=[] witness=[] final_mount=Ok((2, 13)) expected=Some((2, 13)) choice_ok=true C332_hit=false landed=None live_roots_made_unreadable=17 faults_before=2 checker_red=[]
S23 seed=510086 steps=[mount mount!crash@37/78 rb#4->(1,4)!crash@34/55+root] effective=[(4, 1, 4)] witness=[(4, 1, 4)] final_mount=Ok((4, 9)) expected=Some((4, 9)) choice_ok=true C332_hit=false landed=None live_roots_made_unreadable=8 faults_before=0 checker_red=[]
S23 seed=510087 steps=[rb#2->(0,0) mount!crash@26/40 badroot(0,0) mount!crash@5/29] effective=[(2, 0, 0)] witness=[(2, 0, 0)] final_mount=Ok((3, 11)) expected=Some((3, 11)) choice_ok=true C332_hit=false landed=None live_roots_made_unreadable=6 faults_before=1 checker_red=[]
S23 seed=510088 steps=[mount rb#3->(2,12) mount badsc rb#5->(3,16)!crash@43/74+root] effective=[(3, 2, 12), (5, 3, 16)] witness=[(3, 2, 12), (5, 3, 16)] final_mount=Ok((5, 20)) expected=Some((5, 20)) choice_ok=true C332_hit=false landed=None live_roots_made_unreadable=19 faults_before=2 checker_red=[]
S23 seed=510089 steps=[rb#2->(1,1) rb#3->(1,1) rb#4->(3,8)!crash@36/36+root rb#5->(4,13) rb#6->(1,1) mount] effective=[(2, 1, 1), (3, 1, 1), (4, 3, 8), (5, 4, 13), (6, 1, 1)] witness=[(6, 1, 1)] final_mount=Ok((7, 22)) expected=Some((7, 22)) choice_ok=true C332_hit=false landed=None live_roots_made_unreadable=9 faults_before=0 checker_red=[]
S23 seed=510090 steps=[badsc rb#2->(1,6)!crash@46/74+root mount!crash@17/55 rb#4->(1,2)!crash@32/33+root rb#5->(1,2) rb#6->(1,1) rb#7->(6,15)!crash@20/36+root] effective=[(2, 1, 6), (4, 1, 2), (5, 1, 2), (6, 1, 1), (7, 6, 15)] witness=[(6, 1, 1), (7, 6, 15)] final_mount=Ok((7, 17)) expected=Some((7, 17)) choice_ok=true C332_hit=false landed=None live_roots_made_unreadable=7 faults_before=2 checker_red=[]
S23 seed=510091 steps=[rb#2->(1,2) rb#3->(1,1)!crash@2/40 mount rb-notcand(1,10) rb-notcand(1,6) rb-notcand(1,6) rb#5->(1,1)!crash@4/40 rb#6->(2,12)] effective=[(2, 1, 2), (6, 2, 12)] witness=[(2, 1, 2), (6, 2, 12)] final_mount=Ok((6, 19)) expected=Some((6, 19)) choice_ok=true C332_hit=false landed=None live_roots_made_unreadable=11 faults_before=0 checker_red=[]
S23 seed=510092 steps=[rb#2->(1,1)] effective=[(2, 1, 1)] witness=[(2, 1, 1)] final_mount=Ok((2, 7)) expected=Some((2, 7)) choice_ok=true C332_hit=false landed=None live_roots_made_unreadable=7 faults_before=0 checker_red=[]
S23 seed=510093 steps=[rb#2->(1,6) rb#3->(1,6)!crash@57/78+root] effective=[(2, 1, 6), (3, 1, 6)] witness=[(3, 1, 6)] final_mount=Ok((3, 12)) expected=Some((3, 12)) choice_ok=true C332_hit=false landed=None live_roots_made_unreadable=11 faults_before=0 checker_red=[]
S23 seed=510094 steps=[mount!crash@62/78 mount rb#4->(1,5)] effective=[(4, 1, 5)] witness=[(4, 1, 5)] final_mount=Ok((4, 16)) expected=Some((4, 16)) choice_ok=true C332_hit=false landed=None live_roots_made_unreadable=11 faults_before=0 checker_red=[]
S23 seed=510095 steps=[rb#2->(1,5) badroot(0,0) mount rb#4->(3,10)] effective=[(2, 1, 5), (4, 3, 10)] witness=[(2, 1, 5), (4, 3, 10)] final_mount=Ok((4, 13)) expected=Some((4, 13)) choice_ok=true C332_hit=false landed=None live_roots_made_unreadable=16 faults_before=1 checker_red=[]
S23 seed=510096 steps=[rb#2->(1,6) mount rb#4->(2,9) rb#5->(4,14)!crash@23/74 rb-notcand(2,10)] effective=[(2, 1, 6), (4, 2, 9)] witness=[(2, 1, 6), (4, 2, 9)] final_mount=Ok((4, 16)) expected=Some((4, 16)) choice_ok=true C332_hit=false landed=None live_roots_made_unreadable=14 faults_before=0 checker_red=[]
S23 seed=510097 steps=[mount!crash@50/78 mount!crash@20/51 rb#4->(1,2) mount badsc rb#6->(5,15)!crash@29/36+root] effective=[(4, 1, 2), (6, 5, 15)] witness=[(4, 1, 2), (6, 5, 15)] final_mount=Ok((6, 18)) expected=Some((6, 18)) choice_ok=true C332_hit=false landed=None live_roots_made_unreadable=10 faults_before=2 checker_red=[]
S23 seed=510098 steps=[rb#2->(1,10) rb#3->(1,5) rb#4->(1,5) badsc rb#5->(1,2) rb-notcand(1,4) rb#6->(1,1)] effective=[(2, 1, 10), (3, 1, 5), (4, 1, 5), (5, 1, 2), (6, 1, 1)] witness=[(6, 1, 1)] final_mount=Ok((6, 25)) expected=Some((6, 25)) choice_ok=true C332_hit=false landed=None live_roots_made_unreadable=6 faults_before=2 checker_red=[]
S23 seed=510099 steps=[mount!crash@15/74 rb#3->(1,3) rb#4->(1,2)!crash@7/40 rb#5->(0,0) rb-notcand(1,3) rb-notcand(3,9) mount!crash@1/36 badroot(0,0)] effective=[(3, 1, 3), (5, 0, 0)] witness=[(5, 0, 0)] final_mount=Ok((5, 13)) expected=Some((5, 13)) choice_ok=true C332_hit=false landed=None live_roots_made_unreadable=6 faults_before=1 checker_red=[]
S23 seed=510100 steps=[rb#2->(1,10)] effective=[(2, 1, 10)] witness=[(2, 1, 10)] final_mount=Ok((2, 13)) expected=Some((2, 13)) choice_ok=true C332_hit=false landed=None live_roots_made_unreadable=17 faults_before=0 checker_red=[]
S23 seed=510101 steps=[badsc rb#2->(1,8)] effective=[(2, 1, 8)] witness=[(2, 1, 8)] final_mount=Ok((2, 13)) expected=Some((2, 13)) choice_ok=true C332_hit=false landed=None live_roots_made_unreadable=15 faults_before=2 checker_red=[]
S23 seed=510102 steps=[mount!crash@19/74 rb#3->(1,3)!crash@13/74 mount] effective=[] witness=[] final_mount=Ok((4, 10)) expected=Some((4, 10)) choice_ok=true C332_hit=false landed=None live_roots_made_unreadable=14 faults_before=0 checker_red=[]
S23 seed=510103 steps=[rb#2->(1,4)!crash@25/78 rb#3->(1,4) rb#4->(3,11)!crash@13/74 rb#5->(3,12)!crash@38/74+root] effective=[(3, 1, 4), (5, 3, 12)] witness=[(3, 1, 4), (5, 3, 12)] final_mount=Ok((5, 14)) expected=Some((5, 14)) choice_ok=true C332_hit=false landed=None live_roots_made_unreadable=10 faults_before=0 checker_red=[]
S23 seed=510104 steps=[mount!crash@4/78 rb#3->(1,10) rb#4->(1,6)!crash@73/78+root rb#5->(4,14) rb#6->(5,19)!crash@44/74+root] effective=[(3, 1, 10), (4, 1, 6), (5, 4, 14), (6, 5, 19)] witness=[(4, 1, 6), (5, 4, 14), (6, 5, 19)] final_mount=Ok((6, 20)) expected=Some((6, 20)) choice_ok=true C332_hit=false landed=None live_roots_made_unreadable=14 faults_before=0 checker_red=[]
S23 seed=510105 steps=[rb#2->(1,5)!crash@34/74+root mount rb#4->(1,5)!crash@73/78+root mount rb#6->(1,2)!crash@7/40 rb#7->(1,2)] effective=[(2, 1, 5), (4, 1, 5), (7, 1, 2)] witness=[(7, 1, 2)] final_mount=Ok((7, 19)) expected=Some((7, 19)) choice_ok=true C332_hit=false landed=None live_roots_made_unreadable=9 faults_before=0 checker_red=[]
S23 seed=510106 steps=[badsc mount mount rb#4->(1,6) rb-notcand(2,13) badsc mount] effective=[(4, 1, 6)] witness=[(4, 1, 6)] final_mount=Ok((5, 22)) expected=Some((5, 22)) choice_ok=true C332_hit=false landed=None live_roots_made_unreadable=14 faults_before=4 checker_red=[]
S23 seed=510107 steps=[mount!crash@70/78 mount mount mount!crash@19/74 rb#6->(1,4) rb#7->(6,17) mount!crash@33/74 mount] effective=[(6, 1, 4), (7, 6, 17)] witness=[(6, 1, 4), (7, 6, 17)] final_mount=Ok((9, 25)) expected=Some((9, 25)) choice_ok=true C332_hit=false landed=None live_roots_made_unreadable=10 faults_before=0 checker_red=[]
S23 seed=510108 steps=[rb#2->(1,7)!crash@52/74+root] effective=[(2, 1, 7)] witness=[(2, 1, 7)] final_mount=Ok((2, 9)) expected=Some((2, 9)) choice_ok=true C332_hit=false landed=None live_roots_made_unreadable=12 faults_before=0 checker_red=[]
S23 seed=510109 steps=[mount!crash@54/78 mount] effective=[] witness=[] final_mount=Ok((3, 14)) expected=Some((3, 14)) choice_ok=true C332_hit=false landed=None live_roots_made_unreadable=17 faults_before=0 checker_red=[]
S23 seed=510110 steps=[rb#2->(1,10)!crash@7/78 rb#3->(1,3) rb#4->(0,0)!crash@18/40] effective=[(3, 1, 3)] witness=[(3, 1, 3)] final_mount=Ok((3, 13)) expected=Some((3, 13)) choice_ok=true C332_hit=false landed=None live_roots_made_unreadable=10 faults_before=0 checker_red=[]
S23 seed=510111 steps=[badsc rb#2->(0,0)!crash@2/36 rb#3->(1,5) mount] effective=[(3, 1, 5)] witness=[(3, 1, 5)] final_mount=Ok((4, 13)) expected=Some((4, 13)) choice_ok=true C332_hit=false landed=None live_roots_made_unreadable=15 faults_before=2 checker_red=[]
S23 seed=510112 steps=[rb#2->(1,9)!crash@51/78+root mount mount badsc mount] effective=[(2, 1, 9)] witness=[(2, 1, 9)] final_mount=Ok((5, 19)) expected=Some((5, 19)) choice_ok=true C332_hit=false landed=None live_roots_made_unreadable=21 faults_before=2 checker_red=[]
S23 seed=510113 steps=[rb#2->(1,1)!crash@2/40 rb#3->(1,10) rb#4->(1,5)!crash@40/78+root rb#5->(1,3) mount!crash@11/74 rb#7->(5,16)!crash@38/74+root] effective=[(3, 1, 10), (4, 1, 5), (5, 1, 3), (7, 5, 16)] witness=[(5, 1, 3), (7, 5, 16)] final_mount=Ok((7, 17)) expected=Some((7, 17)) choice_ok=true C332_hit=false landed=None live_roots_made_unreadable=9 faults_before=0 checker_red=[]
S23 seed=510114 steps=[mount!crash@14/74 badsc rb#2->(1,1) mount rb-notcand(1,7) mount rb#5->(3,13)] effective=[(2, 1, 1), (5, 3, 13)] witness=[(2, 1, 1), (5, 3, 13)] final_mount=Ok((5, 19)) expected=Some((5, 19)) choice_ok=true C332_hit=false landed=None live_roots_made_unreadable=14 faults_before=2 checker_red=[]
S23 seed=510115 steps=[rb#2->(1,2)!crash@24/33+root badsc rb-notcand(1,6) rb-notcand(1,8) rb-notcand(1,7)] effective=[(2, 1, 2)] witness=[(2, 1, 2)] final_mount=Ok((2, 9)) expected=Some((2, 9)) choice_ok=true C332_hit=false landed=None live_roots_made_unreadable=6 faults_before=2 checker_red=[]
S23 seed=510116 steps=[badsc] effective=[] witness=[] final_mount=Ok((1, 10)) expected=Some((1, 10)) choice_ok=true C332_hit=false landed=None live_roots_made_unreadable=14 faults_before=2 checker_red=[]
S23 seed=510117 steps=[rb#2->(1,1)!crash@32/36+root rb#3->(2,9)] effective=[(2, 1, 1), (3, 2, 9)] witness=[(2, 1, 1), (3, 2, 9)] final_mount=Ok((3, 13)) expected=Some((3, 13)) choice_ok=true C332_hit=false landed=None live_roots_made_unreadable=10 faults_before=0 checker_red=[]
S23 seed=510118 steps=[mount mount rb#4->(1,7)!crash@6/78] effective=[] witness=[] final_mount=Ok((3, 13)) expected=Some((3, 13)) choice_ok=true C332_hit=false landed=None live_roots_made_unreadable=17 faults_before=0 checker_red=[]
S23 seed=510119 steps=[rb#2->(1,10)!crash@58/78+root mount rb#4->(1,6)!crash@49/55+root badsc] effective=[(2, 1, 10), (4, 1, 6)] witness=[(4, 1, 6)] final_mount=Ok((4, 15)) expected=Some((4, 15)) choice_ok=true C332_hit=false landed=None live_roots_made_unreadable=10 faults_before=2 checker_red=[]
S23 summary series=120 base=510000 rollbacks=233 effective=173 C332_hits=0 wrong_final_choice=0 checker_red=0 final_mount_refused=0
test s23_random_series_oracle ... ok

test result: ok. 1 passed; 0 failed; 0 ignored; 0 measured; 4 filtered out; finished in 71.74s

