
running 1 test
S23 seed=540000 steps=[rb#2->(1,1)!crash@27/40+root rb-notcand(1,2) badsc mount!crash@6/29 mount!crash@4/29 rb#5->(2,11)!crash@19/29 rb#6->(0,0)!crash@30/33+root mount] effective=[(2, 1, 1), (6, 0, 0)] witness=[(6, 0, 0)] final_mount=Ok((7, 16)) expected=Some((7, 16)) choice_ok=true C332_hit=false landed=None live_roots_made_unreadable=7 faults_before=2 checker_red=[]
S23 seed=540001 steps=[mount!crash@54/74] effective=[] witness=[] final_mount=Ok((2, 9)) expected=Some((2, 9)) choice_ok=true C332_hit=false landed=None live_roots_made_unreadable=12 faults_before=0 checker_red=[]
S23 seed=540002 steps=[rb#2->(1,2)!crash@6/36 rb#3->(1,5)] effective=[(3, 1, 5)] witness=[(3, 1, 5)] final_mount=Ok((3, 10)) expected=Some((3, 10)) choice_ok=true C332_hit=false landed=None live_roots_made_unreadable=12 faults_before=0 checker_red=[]
S23 seed=540003 steps=[mount rb#3->(1,4) mount!crash@43/74] effective=[(3, 1, 4)] witness=[(3, 1, 4)] final_mount=Ok((4, 17)) expected=Some((4, 17)) choice_ok=true C332_hit=false landed=None live_roots_made_unreadable=11 faults_before=0 checker_red=[]
S23 seed=540004 steps=[rb#2->(1,7)!crash@73/74+root rb#3->(1,2) mount!crash@19/36 rb#5->(1,1)!crash@33/33+root] effective=[(2, 1, 7), (3, 1, 2), (5, 1, 1)] witness=[(5, 1, 1)] final_mount=Ok((5, 16)) expected=Some((5, 16)) choice_ok=true C332_hit=false landed=None live_roots_made_unreadable=7 faults_before=0 checker_red=[]
S23 seed=540005 steps=[rb#2->(1,5)!crash@19/74 rb#3->(1,7) rb#4->(1,4)!crash@59/78+root rb#5->(0,0)!crash@3/33 rb#6->(1,1)] effective=[(3, 1, 7), (4, 1, 4), (6, 1, 1)] witness=[(6, 1, 1)] final_mount=Ok((6, 14)) expected=Some((6, 14)) choice_ok=true C332_hit=false landed=None live_roots_made_unreadable=6 faults_before=0 checker_red=[]
S23 seed=540006 steps=[mount!crash@6/78 mount!crash@1/78 rb#4->(1,4) badsc mount] effective=[(4, 1, 4)] witness=[(4, 1, 4)] final_mount=Ok((5, 16)) expected=Some((5, 16)) choice_ok=true C332_hit=false landed=None live_roots_made_unreadable=14 faults_before=2 checker_red=[]
S23 seed=540007 steps=[rb#2->(1,1)!crash@7/36 rb#3->(1,1) badsc rb-notcand(1,5) rb#4->(3,9)!crash@35/40+root mount mount!crash@22/36] effective=[(3, 1, 1), (4, 3, 9)] witness=[(3, 1, 1), (4, 3, 9)] final_mount=Ok((6, 17)) expected=Some((6, 17)) choice_ok=true C332_hit=false landed=None live_roots_made_unreadable=12 faults_before=2 checker_red=[]
S23 seed=540008 steps=[mount badsc rb#3->(2,8)!crash@20/78 badsc rb#3->(1,1) rb-notcand(2,10) rb-notcand(1,7) mount] effective=[(3, 1, 1)] witness=[(3, 1, 1)] final_mount=Ok((4, 16)) expected=Some((4, 16)) choice_ok=true C332_hit=false landed=None live_roots_made_unreadable=11 faults_before=4 checker_red=[]
S23 seed=540009 steps=[rb#2->(1,10)!crash@68/78+root] effective=[(2, 1, 10)] witness=[(2, 1, 10)] final_mount=Ok((2, 12)) expected=Some((2, 12)) choice_ok=true C332_hit=false landed=None live_roots_made_unreadable=15 faults_before=0 checker_red=[]
S23 seed=540010 steps=[badsc mount!crash@1/74] effective=[] witness=[] final_mount=Ok((1, 7)) expected=Some((1, 7)) choice_ok=true C332_hit=false landed=None live_roots_made_unreadable=11 faults_before=2 checker_red=[]
S23 seed=540011 steps=[mount!crash@4/74 rb#3->(1,6) mount] effective=[(3, 1, 6)] witness=[(3, 1, 6)] final_mount=Ok((4, 13)) expected=Some((4, 13)) choice_ok=true C332_hit=false landed=None live_roots_made_unreadable=16 faults_before=0 checker_red=[]
S23 seed=540012 steps=[rb#2->(1,1)!crash@16/40 rb#3->(1,6) rb#4->(1,3) mount] effective=[(3, 1, 6), (4, 1, 3)] witness=[(4, 1, 3)] final_mount=Ok((5, 19)) expected=Some((5, 19)) choice_ok=true C332_hit=false landed=None live_roots_made_unreadable=13 faults_before=0 checker_red=[]
S23 seed=540013 steps=[mount rb#3->(1,4) mount!crash@70/74 mount!crash@26/74 badsc] effective=[(3, 1, 4)] witness=[(3, 1, 4)] final_mount=Ok((5, 17)) expected=Some((5, 17)) choice_ok=true C332_hit=false landed=None live_roots_made_unreadable=13 faults_before=2 checker_red=[]
S23 seed=540014 steps=[rb#2->(1,3)!crash@21/74 rb#3->(1,4) mount!crash@40/78 rb#5->(1,1) mount!crash@33/36 rb-notcand(1,5)] effective=[(3, 1, 4), (5, 1, 1)] witness=[(5, 1, 1)] final_mount=Ok((6, 15)) expected=Some((6, 15)) choice_ok=true C332_hit=false landed=None live_roots_made_unreadable=9 faults_before=0 checker_red=[]
S23 seed=540015 steps=[badsc rb#2->(1,3)!crash@5/78 mount!crash@66/78 rb#4->(1,6) rb#5->(1,6) mount!crash@44/74 badsc] effective=[(4, 1, 6), (5, 1, 6)] witness=[(5, 1, 6)] final_mount=Ok((6, 17)) expected=Some((6, 17)) choice_ok=true C332_hit=false landed=None live_roots_made_unreadable=12 faults_before=4 checker_red=[]
S23 seed=540016 steps=[mount!crash@54/74 rb#3->(1,4) mount rb#5->(0,0) rb#6->(5,14) badsc mount rb-notcand(2,8)] effective=[(3, 1, 4), (5, 0, 0), (6, 5, 14)] witness=[(5, 0, 0), (6, 5, 14)] final_mount=Ok((7, 22)) expected=Some((7, 22)) choice_ok=true C332_hit=false landed=None live_roots_made_unreadable=10 faults_before=2 checker_red=[]
S23 seed=540017 steps=[rb#2->(1,2)] effective=[(2, 1, 2)] witness=[(2, 1, 2)] final_mount=Ok((2, 10)) expected=Some((2, 10)) choice_ok=true C332_hit=false landed=None live_roots_made_unreadable=9 faults_before=0 checker_red=[]
S23 seed=540018 steps=[mount!crash@10/78 mount!crash@33/78] effective=[] witness=[] final_mount=Ok((3, 11)) expected=Some((3, 11)) choice_ok=true C332_hit=false landed=None live_roots_made_unreadable=14 faults_before=0 checker_red=[]
S23 seed=540019 steps=[rb#2->(1,3) rb-notcand(1,5) mount] effective=[(2, 1, 3)] witness=[(2, 1, 3)] final_mount=Ok((3, 10)) expected=Some((3, 10)) choice_ok=true C332_hit=false landed=None live_roots_made_unreadable=11 faults_before=0 checker_red=[]
S23 seed=540020 steps=[badsc mount rb#3->(2,9)] effective=[(3, 2, 9)] witness=[(3, 2, 9)] final_mount=Ok((3, 13)) expected=Some((3, 13)) choice_ok=true C332_hit=false landed=None live_roots_made_unreadable=16 faults_before=2 checker_red=[]
S23 seed=540021 steps=[rb#2->(1,10) rb#3->(1,1) mount!crash@26/36 mount rb#6->(5,20)] effective=[(2, 1, 10), (3, 1, 1), (6, 5, 20)] witness=[(3, 1, 1), (6, 5, 20)] final_mount=Ok((6, 22)) expected=Some((6, 22)) choice_ok=true C332_hit=false landed=None live_roots_made_unreadable=11 faults_before=0 checker_red=[]
S23 seed=540022 steps=[mount rb#3->(2,7) mount mount rb#6->(5,15)!crash@46/74+root rb#7->(2,7)!crash@34/55+root] effective=[(3, 2, 7), (6, 5, 15), (7, 2, 7)] witness=[(7, 2, 7)] final_mount=Ok((7, 19)) expected=Some((7, 19)) choice_ok=true C332_hit=false landed=None live_roots_made_unreadable=12 faults_before=0 checker_red=[]
S23 seed=540023 steps=[rb#2->(1,4) badsc mount rb#4->(2,10)!crash@64/78+root rb-notcand(1,6) badsc rb-notcand(1,7)] effective=[(2, 1, 4), (4, 2, 10)] witness=[(2, 1, 4), (4, 2, 10)] final_mount=Ok((4, 15)) expected=Some((4, 15)) choice_ok=true C332_hit=false landed=None live_roots_made_unreadable=12 faults_before=4 checker_red=[]
S23 seed=540024 steps=[mount rb#3->(1,2) mount!crash@6/36 badsc mount rb#5->(4,17) badsc] effective=[(3, 1, 2), (5, 4, 17)] witness=[(3, 1, 2), (5, 4, 17)] final_mount=Ok((5, 22)) expected=Some((5, 22)) choice_ok=true C332_hit=false landed=None live_roots_made_unreadable=11 faults_before=4 checker_red=[]
S23 seed=540025 steps=[rb#2->(1,6)] effective=[(2, 1, 6)] witness=[(2, 1, 6)] final_mount=Ok((2, 8)) expected=Some((2, 8)) choice_ok=true C332_hit=false landed=None live_roots_made_unreadable=11 faults_before=0 checker_red=[]
S23 seed=540026 steps=[rb#2->(0,0) badsc] effective=[(2, 0, 0)] witness=[(2, 0, 0)] final_mount=Ok((2, 10)) expected=Some((2, 10)) choice_ok=true C332_hit=false landed=None live_roots_made_unreadable=7 faults_before=2 checker_red=[]
S23 seed=540027 steps=[mount badsc rb#3->(1,1)!crash@14/40] effective=[] witness=[] final_mount=Ok((2, 13)) expected=Some((2, 13)) choice_ok=true C332_hit=false landed=None live_roots_made_unreadable=17 faults_before=2 checker_red=[]
S23 seed=540028 steps=[rb#2->(1,10) rb#3->(1,5)!crash@44/78+root mount rb#5->(4,16)] effective=[(2, 1, 10), (3, 1, 5), (5, 4, 16)] witness=[(3, 1, 5), (5, 4, 16)] final_mount=Ok((5, 19)) expected=Some((5, 19)) choice_ok=true C332_hit=false landed=None live_roots_made_unreadable=15 faults_before=0 checker_red=[]
S23 seed=540029 steps=[mount mount rb#4->(3,11) rb#5->(1,7)!crash@25/78 rb#6->(1,3)] effective=[(4, 3, 11), (6, 1, 3)] witness=[(6, 1, 3)] final_mount=Ok((6, 19)) expected=Some((6, 19)) choice_ok=true C332_hit=false landed=None live_roots_made_unreadable=10 faults_before=0 checker_red=[]
S23 seed=540030 steps=[rb#2->(1,10) mount!crash@7/74 mount mount!crash@38/74 rb#6->(1,3)!crash@37/55+root rb-notcand(1,10)] effective=[(2, 1, 10), (6, 1, 3)] witness=[(6, 1, 3)] final_mount=Ok((6, 18)) expected=Some((6, 18)) choice_ok=true C332_hit=false landed=None live_roots_made_unreadable=7 faults_before=0 checker_red=[]
S23 seed=540031 steps=[rb#2->(1,1) mount mount rb-notcand(1,2) rb-notcand(1,3) mount!crash@18/36 mount] effective=[(2, 1, 1)] witness=[(2, 1, 1)] final_mount=Ok((6, 22)) expected=Some((6, 22)) choice_ok=true C332_hit=false landed=None live_roots_made_unreadable=14 faults_before=0 checker_red=[]
S23 seed=540032 steps=[mount rb#3->(1,2) rb#4->(1,1)!crash@34/40+root rb-notcand(2,8) badsc mount rb-notcand(3,12) badsc] effective=[(3, 1, 2), (4, 1, 1)] witness=[(4, 1, 1)] final_mount=Ok((5, 17)) expected=Some((5, 17)) choice_ok=true C332_hit=false landed=None live_roots_made_unreadable=8 faults_before=4 checker_red=[]
S23 seed=540033 steps=[rb#2->(1,8)] effective=[(2, 1, 8)] witness=[(2, 1, 8)] final_mount=Ok((2, 13)) expected=Some((2, 13)) choice_ok=true C332_hit=false landed=None live_roots_made_unreadable=15 faults_before=0 checker_red=[]
S23 seed=540034 steps=[mount rb#3->(1,2)] effective=[(3, 1, 2)] witness=[(3, 1, 2)] final_mount=Ok((3, 16)) expected=Some((3, 16)) choice_ok=true C332_hit=false landed=None live_roots_made_unreadable=9 faults_before=0 checker_red=[]
S23 seed=540035 steps=[rb#2->(1,7) mount rb#4->(2,8)!crash@48/78+root] effective=[(2, 1, 7), (4, 2, 8)] witness=[(2, 1, 7), (4, 2, 8)] final_mount=Ok((4, 14)) expected=Some((4, 14)) choice_ok=true C332_hit=false landed=None live_roots_made_unreadable=12 faults_before=0 checker_red=[]
S23 seed=540036 steps=[badsc rb#2->(1,8)!crash@17/78 mount rb#4->(1,6)!crash@19/78] effective=[] witness=[] final_mount=Ok((3, 13)) expected=Some((3, 13)) choice_ok=true C332_hit=false landed=None live_roots_made_unreadable=17 faults_before=2 checker_red=[]
S23 seed=540037 steps=[mount badsc mount!crash@1/74 rb#4->(1,4)!crash@38/78+root rb#5->(1,1)] effective=[(4, 1, 4), (5, 1, 1)] witness=[(5, 1, 1)] final_mount=Ok((5, 16)) expected=Some((5, 16)) choice_ok=true C332_hit=false landed=None live_roots_made_unreadable=7 faults_before=2 checker_red=[]
S23 seed=540038 steps=[rb#2->(1,7) mount!crash@35/78 rb#4->(2,10)!crash@37/55+root rb#5->(2,8)!crash@15/55 mount!crash@14/51 rb#7->(1,4)!crash@0/55] effective=[(2, 1, 7), (4, 2, 10)] witness=[(2, 1, 7), (4, 2, 10)] final_mount=Ok((4, 12)) expected=Some((4, 12)) choice_ok=true C332_hit=false landed=None live_roots_made_unreadable=14 faults_before=0 checker_red=[]
S23 seed=540039 steps=[mount mount rb#4->(1,5)!crash@33/78+root badsc rb-notcand(1,7) rb-notcand(1,7) mount] effective=[(4, 1, 5)] witness=[(4, 1, 5)] final_mount=Ok((5, 16)) expected=Some((5, 16)) choice_ok=true C332_hit=false landed=None live_roots_made_unreadable=12 faults_before=2 checker_red=[]
S23 seed=540040 steps=[rb#2->(1,10) badsc mount rb#4->(1,8)!crash@8/78 rb#5->(1,2)!crash@12/40 badsc mount rb#6->(5,18)] effective=[(2, 1, 10), (6, 5, 18)] witness=[(2, 1, 10), (6, 5, 18)] final_mount=Ok((6, 22)) expected=Some((6, 22)) choice_ok=true C332_hit=false landed=None live_roots_made_unreadable=23 faults_before=4 checker_red=[]
S23 seed=540041 steps=[badsc] effective=[] witness=[] final_mount=Ok((1, 7)) expected=Some((1, 7)) choice_ok=true C332_hit=false landed=None live_roots_made_unreadable=11 faults_before=2 checker_red=[]
S23 seed=540042 steps=[rb#2->(1,9) rb#3->(1,8)] effective=[(2, 1, 9), (3, 1, 8)] witness=[(3, 1, 8)] final_mount=Ok((3, 13)) expected=Some((3, 13)) choice_ok=true C332_hit=false landed=None live_roots_made_unreadable=14 faults_before=0 checker_red=[]
S23 seed=540043 steps=[rb#2->(1,9) rb#3->(1,4) rb-notcand(2,11)] effective=[(2, 1, 9), (3, 1, 4)] witness=[(3, 1, 4)] final_mount=Ok((3, 16)) expected=Some((3, 16)) choice_ok=true C332_hit=false landed=None live_roots_made_unreadable=11 faults_before=0 checker_red=[]
S23 seed=540044 steps=[mount rb#3->(2,10) rb#4->(1,5) rb#5->(1,1)!crash@11/40] effective=[(3, 2, 10), (4, 1, 5)] witness=[(4, 1, 5)] final_mount=Ok((4, 16)) expected=Some((4, 16)) choice_ok=true C332_hit=false landed=None live_roots_made_unreadable=12 faults_before=0 checker_red=[]
S23 seed=540045 steps=[mount rb#3->(1,6)!crash@36/55+root mount!crash@47/51 rb#5->(1,5)!crash@4/55 mount!crash@46/51] effective=[(3, 1, 6)] witness=[(3, 1, 6)] final_mount=Ok((6, 15)) expected=Some((6, 15)) choice_ok=true C332_hit=false landed=None live_roots_made_unreadable=13 faults_before=0 checker_red=[]
S23 seed=540046 steps=[rb#2->(1,8)!crash@18/78 rb#3->(1,7)!crash@48/78+root mount rb-notcand(1,10) badsc rb#5->(1,6)] effective=[(3, 1, 7), (5, 1, 6)] witness=[(5, 1, 6)] final_mount=Ok((5, 16)) expected=Some((5, 16)) choice_ok=true C332_hit=false landed=None live_roots_made_unreadable=13 faults_before=2 checker_red=[]
S23 seed=540047 steps=[rb#2->(1,6)!crash@5/74 mount mount mount rb#6->(5,16) rb#7->(4,12) badsc] effective=[(6, 5, 16), (7, 4, 12)] witness=[(7, 4, 12)] final_mount=Ok((7, 22)) expected=Some((7, 22)) choice_ok=true C332_hit=false landed=None live_roots_made_unreadable=17 faults_before=2 checker_red=[]
S23 seed=540048 steps=[mount!crash@2/55 mount!crash@39/55 rb#4->(1,6) rb#5->(4,13) rb#6->(1,5) mount!crash@67/74 rb-notcand(3,10) mount] effective=[(4, 1, 6), (5, 4, 13), (6, 1, 5)] witness=[(6, 1, 5)] final_mount=Ok((8, 23)) expected=Some((8, 23)) choice_ok=true C332_hit=false landed=None live_roots_made_unreadable=13 faults_before=0 checker_red=[]
S23 seed=540049 steps=[rb#2->(1,10)!crash@17/78] effective=[] witness=[] final_mount=Ok((1, 10)) expected=Some((1, 10)) choice_ok=true C332_hit=false landed=None live_roots_made_unreadable=14 faults_before=0 checker_red=[]
S23 seed=540050 steps=[mount!crash@69/74 mount] effective=[] witness=[] final_mount=Ok((3, 13)) expected=Some((3, 13)) choice_ok=true C332_hit=false landed=None live_roots_made_unreadable=16 faults_before=0 checker_red=[]
S23 seed=540051 steps=[rb#2->(0,0)!crash@1/33 rb#3->(1,8) rb#4->(1,5)!crash@16/55] effective=[(3, 1, 8)] witness=[(3, 1, 8)] final_mount=Ok((3, 11)) expected=Some((3, 11)) choice_ok=true C332_hit=false landed=None live_roots_made_unreadable=13 faults_before=0 checker_red=[]
S23 seed=540052 steps=[rb#2->(1,10)!crash@70/78+root rb#3->(1,9) rb#4->(3,13)!crash@42/51+root rb#5->(1,1)] effective=[(2, 1, 10), (3, 1, 9), (4, 3, 13), (5, 1, 1)] witness=[(5, 1, 1)] final_mount=Ok((5, 17)) expected=Some((5, 17)) choice_ok=true C332_hit=false landed=None live_roots_made_unreadable=6 faults_before=0 checker_red=[]
S23 seed=540053 steps=[mount rb#3->(2,10) mount mount rb#6->(3,12)!crash@72/74+root] effective=[(3, 2, 10), (6, 3, 12)] witness=[(3, 2, 10), (6, 3, 12)] final_mount=Ok((6, 22)) expected=Some((6, 22)) choice_ok=true C332_hit=false landed=None live_roots_made_unreadable=17 faults_before=0 checker_red=[]
S23 seed=540054 steps=[rb#2->(1,7)!crash@32/55+root mount!crash@19/74 mount!crash@3/74 badsc mount!crash@69/74] effective=[(2, 1, 7)] witness=[(2, 1, 7)] final_mount=Ok((4, 12)) expected=Some((4, 12)) choice_ok=true C332_hit=false landed=None live_roots_made_unreadable=14 faults_before=2 checker_red=[]
S23 seed=540055 steps=[mount!crash@26/78 rb#3->(1,7) rb#4->(1,4)!crash@3/78 badsc rb#4->(3,11) mount!crash@29/74 mount] effective=[(3, 1, 7), (4, 3, 11)] witness=[(3, 1, 7), (4, 3, 11)] final_mount=Ok((6, 19)) expected=Some((6, 19)) choice_ok=true C332_hit=false landed=None live_roots_made_unreadable=18 faults_before=2 checker_red=[]
S23 seed=540056 steps=[rb#2->(1,5)!crash@6/74 mount rb#4->(3,9)!crash@29/78 rb#5->(1,7)!crash@54/55+root rb#6->(1,5) rb-notcand(3,9) rb#7->(6,16)!crash@60/74+root mount] effective=[(5, 1, 7), (6, 1, 5), (7, 6, 16)] witness=[(6, 1, 5), (7, 6, 16)] final_mount=Ok((8, 20)) expected=Some((8, 20)) choice_ok=true C332_hit=false landed=None live_roots_made_unreadable=15 faults_before=0 checker_red=[]
S23 seed=540057 steps=[badsc] effective=[] witness=[] final_mount=Ok((1, 7)) expected=Some((1, 7)) choice_ok=true C332_hit=false landed=None live_roots_made_unreadable=11 faults_before=2 checker_red=[]
S23 seed=540058 steps=[mount rb#3->(2,11)] effective=[(3, 2, 11)] witness=[(3, 2, 11)] final_mount=Ok((3, 16)) expected=Some((3, 16)) choice_ok=true C332_hit=false landed=None live_roots_made_unreadable=18 faults_before=0 checker_red=[]
S23 seed=540059 steps=[rb#2->(1,6)!crash@7/51 badsc mount!crash@31/51] effective=[] witness=[] final_mount=Ok((2, 7)) expected=Some((2, 7)) choice_ok=true C332_hit=false landed=None live_roots_made_unreadable=11 faults_before=2 checker_red=[]
S23 seed=540060 steps=[mount!crash@18/74 mount rb#4->(3,9) rb#5->(1,4)] effective=[(4, 3, 9), (5, 1, 4)] witness=[(5, 1, 4)] final_mount=Ok((5, 16)) expected=Some((5, 16)) choice_ok=true C332_hit=false landed=None live_roots_made_unreadable=11 faults_before=0 checker_red=[]
S23 seed=540061 steps=[rb#2->(1,10)!crash@42/78+root rb#3->(2,11) rb#4->(1,9) rb#5->(1,1) badsc] effective=[(2, 1, 10), (3, 2, 11), (4, 1, 9), (5, 1, 1)] witness=[(5, 1, 1)] final_mount=Ok((5, 19)) expected=Some((5, 19)) choice_ok=true C332_hit=false landed=None live_roots_made_unreadable=8 faults_before=2 checker_red=[]
S23 seed=540062 steps=[badsc mount mount rb#4->(1,4) mount rb-notcand(1,6)] effective=[(4, 1, 4)] witness=[(4, 1, 4)] final_mount=Ok((5, 16)) expected=Some((5, 16)) choice_ok=true C332_hit=false landed=None live_roots_made_unreadable=14 faults_before=2 checker_red=[]
S23 seed=540063 steps=[mount rb#3->(1,4) rb#4->(1,1) mount!crash@3/36 rb-notcand(3,13) mount rb#7->(0,0)] effective=[(3, 1, 4), (4, 1, 1), (7, 0, 0)] witness=[(7, 0, 0)] final_mount=Ok((7, 22)) expected=Some((7, 22)) choice_ok=true C332_hit=false landed=None live_roots_made_unreadable=6 faults_before=0 checker_red=[]
S23 seed=540064 steps=[rb#2->(1,10)!crash@41/78+root mount badsc rb#4->(3,13) mount rb#6->(4,15) rb#7->(1,9)!crash@51/78+root rb-notcand(6,21)] effective=[(2, 1, 10), (4, 3, 13), (6, 4, 15), (7, 1, 9)] witness=[(7, 1, 9)] final_mount=Ok((7, 23)) expected=Some((7, 23)) choice_ok=true C332_hit=false landed=None live_roots_made_unreadable=11 faults_before=2 checker_red=[]
S23 seed=540065 steps=[mount] effective=[] witness=[] final_mount=Ok((2, 8)) expected=Some((2, 8)) choice_ok=true C332_hit=false landed=None live_roots_made_unreadable=11 faults_before=0 checker_red=[]
S23 seed=540066 steps=[rb#2->(1,2)!crash@20/36+root mount] effective=[(2, 1, 2)] witness=[(2, 1, 2)] final_mount=Ok((3, 10)) expected=Some((3, 10)) choice_ok=true C332_hit=false landed=None live_roots_made_unreadable=9 faults_before=0 checker_red=[]
S23 seed=540067 steps=[badsc rb#2->(1,6)!crash@8/78 mount!crash@8/78] effective=[] witness=[] final_mount=Ok((1, 10)) expected=Some((1, 10)) choice_ok=true C332_hit=false landed=None live_roots_made_unreadable=14 faults_before=2 checker_red=[]
S23 seed=540068 steps=[rb#2->(1,3)!crash@44/51+root rb-notcand(1,6) rb#3->(1,2)!crash@13/40 badsc] effective=[(2, 1, 3)] witness=[(2, 1, 3)] final_mount=Ok((2, 7)) expected=Some((2, 7)) choice_ok=true C332_hit=false landed=None live_roots_made_unreadable=8 faults_before=2 checker_red=[]
S23 seed=540069 steps=[mount mount!crash@58/78 rb#4->(2,9) rb-notcand(3,12) badsc] effective=[(4, 2, 9)] witness=[(4, 2, 9)] final_mount=Ok((4, 14)) expected=Some((4, 14)) choice_ok=true C332_hit=false landed=None live_roots_made_unreadable=14 faults_before=2 checker_red=[]
S23 seed=540070 steps=[rb#2->(1,1)!crash@19/40 rb#3->(1,5) rb-notcand(1,9) mount!crash@44/74 rb#5->(3,13)!crash@26/51+root rb-notcand(4,14)] effective=[(3, 1, 5), (5, 3, 13)] witness=[(3, 1, 5), (5, 3, 13)] final_mount=Ok((5, 15)) expected=Some((5, 15)) choice_ok=true C332_hit=false landed=None live_roots_made_unreadable=12 faults_before=0 checker_red=[]
S23 seed=540071 steps=[mount rb#3->(1,3)!crash@28/55 rb#4->(1,3) mount rb-notcand(2,8) rb-notcand(1,5) badsc] effective=[(4, 1, 3)] witness=[(4, 1, 3)] final_mount=Ok((5, 13)) expected=Some((5, 13)) choice_ok=true C332_hit=false landed=None live_roots_made_unreadable=11 faults_before=2 checker_red=[]
S23 seed=540072 steps=[rb#2->(1,7)!crash@36/74+root rb#3->(2,8) mount!crash@9/74 rb#5->(1,7) badsc rb-notcand(2,8) mount!crash@73/74] effective=[(2, 1, 7), (3, 2, 8), (5, 1, 7)] witness=[(5, 1, 7)] final_mount=Ok((6, 16)) expected=Some((6, 16)) choice_ok=true C332_hit=false landed=None live_roots_made_unreadable=17 faults_before=2 checker_red=[]
S23 seed=540073 steps=[rb#2->(1,4)!crash@67/78+root] effective=[(2, 1, 4)] witness=[(2, 1, 4)] final_mount=Ok((2, 12)) expected=Some((2, 12)) choice_ok=true C332_hit=false landed=None live_roots_made_unreadable=9 faults_before=0 checker_red=[]
S23 seed=540074 steps=[mount rb#3->(1,2)] effective=[(3, 1, 2)] witness=[(3, 1, 2)] final_mount=Ok((3, 10)) expected=Some((3, 10)) choice_ok=true C332_hit=false landed=None live_roots_made_unreadable=8 faults_before=0 checker_red=[]
S23 seed=540075 steps=[rb#2->(1,1)!crash@20/36+root rb#3->(1,1) rb#4->(3,9)!crash@36/36+root] effective=[(2, 1, 1), (3, 1, 1), (4, 3, 9)] witness=[(3, 1, 1), (4, 3, 9)] final_mount=Ok((4, 13)) expected=Some((4, 13)) choice_ok=true C332_hit=false landed=None live_roots_made_unreadable=9 faults_before=0 checker_red=[]
S23 seed=540076 steps=[mount mount!crash@1/74 rb#4->(1,4) badsc] effective=[(4, 1, 4)] witness=[(4, 1, 4)] final_mount=Ok((4, 16)) expected=Some((4, 16)) choice_ok=true C332_hit=false landed=None live_roots_made_unreadable=11 faults_before=2 checker_red=[]
test s23_random_series_oracle has been running for over 60 seconds
S23 seed=540077 steps=[rb#2->(1,1) rb#3->(2,7)!crash@15/33 rb-notcand(1,2) rb#4->(2,8) rb#5->(1,1)] effective=[(2, 1, 1), (4, 2, 8), (5, 1, 1)] witness=[(5, 1, 1)] final_mount=Ok((5, 13)) expected=Some((5, 13)) choice_ok=true C332_hit=false landed=None live_roots_made_unreadable=8 faults_before=0 checker_red=[]
S23 seed=540078 steps=[badsc rb#2->(1,3) mount!crash@60/78 rb#4->(2,8)!crash@17/55 mount!crash@49/51 rb#6->(1,2)!crash@3/33] effective=[(2, 1, 3)] witness=[(2, 1, 3)] final_mount=Ok((5, 14)) expected=Some((5, 14)) choice_ok=true C332_hit=false landed=None live_roots_made_unreadable=13 faults_before=2 checker_red=[]
S23 seed=540079 steps=[mount!crash@50/55 badsc rb#3->(2,10) mount rb#5->(3,13)!crash@72/74+root mount] effective=[(3, 2, 10), (5, 3, 13)] witness=[(3, 2, 10), (5, 3, 13)] final_mount=Ok((6, 22)) expected=Some((6, 22)) choice_ok=true C332_hit=false landed=None live_roots_made_unreadable=20 faults_before=2 checker_red=[]
S23 seed=540080 steps=[rb#2->(1,6) rb#3->(2,8)!crash@44/55+root mount!crash@2/51 rb#5->(2,8) mount rb#7->(1,1) mount badsc] effective=[(2, 1, 6), (3, 2, 8), (5, 2, 8), (7, 1, 1)] witness=[(7, 1, 1)] final_mount=Ok((8, 19)) expected=Some((8, 19)) choice_ok=true C332_hit=false landed=None live_roots_made_unreadable=11 faults_before=2 checker_red=[]
S23 seed=540081 steps=[mount] effective=[] witness=[] final_mount=Ok((2, 10)) expected=Some((2, 10)) choice_ok=true C332_hit=false landed=None live_roots_made_unreadable=14 faults_before=0 checker_red=[]
S23 seed=540082 steps=[rb#2->(0,0) mount] effective=[(2, 0, 0)] witness=[(2, 0, 0)] final_mount=Ok((3, 13)) expected=Some((3, 13)) choice_ok=true C332_hit=false landed=None live_roots_made_unreadable=8 faults_before=0 checker_red=[]
S23 seed=540083 steps=[badsc mount rb#3->(1,3)!crash@26/55] effective=[] witness=[] final_mount=Ok((2, 8)) expected=Some((2, 8)) choice_ok=true C332_hit=false landed=None live_roots_made_unreadable=11 faults_before=2 checker_red=[]
S23 seed=540084 steps=[mount!crash@8/74 rb#3->(1,2)!crash@10/36 mount mount] effective=[] witness=[] final_mount=Ok((5, 13)) expected=Some((5, 13)) choice_ok=true C332_hit=false landed=None live_roots_made_unreadable=17 faults_before=0 checker_red=[]
S23 seed=540085 steps=[rb#2->(1,2) mount mount rb-notcand(1,6) mount] effective=[(2, 1, 2)] witness=[(2, 1, 2)] final_mount=Ok((5, 19)) expected=Some((5, 19)) choice_ok=true C332_hit=false landed=None live_roots_made_unreadable=16 faults_before=0 checker_red=[]
S23 seed=540086 steps=[mount mount!crash@24/74 rb#4->(1,7)!crash@27/55 mount!crash@33/51 badsc] effective=[] witness=[] final_mount=Ok((5, 16)) expected=Some((5, 16)) choice_ok=true C332_hit=false landed=None live_roots_made_unreadable=18 faults_before=2 checker_red=[]
S23 seed=540087 steps=[rb#2->(1,2) rb-notcand(1,6) rb-notcand(1,6) rb-notcand(1,4) rb-notcand(1,5) mount!crash@25/40 rb#4->(1,1)] effective=[(2, 1, 2), (4, 1, 1)] witness=[(4, 1, 1)] final_mount=Ok((4, 13)) expected=Some((4, 13)) choice_ok=true C332_hit=false landed=None live_roots_made_unreadable=7 faults_before=0 checker_red=[]
S23 seed=540088 steps=[badsc rb#2->(1,1)!crash@30/33+root rb-notcand(1,5) rb-notcand(1,2) mount rb-notcand(1,9) rb-notcand(1,8) rb-notcand(1,8)] effective=[(2, 1, 1)] witness=[(2, 1, 1)] final_mount=Ok((3, 13)) expected=Some((3, 13)) choice_ok=true C332_hit=false landed=None live_roots_made_unreadable=8 faults_before=2 checker_red=[]
S23 seed=540089 steps=[rb#2->(1,9)] effective=[(2, 1, 9)] witness=[(2, 1, 9)] final_mount=Ok((2, 13)) expected=Some((2, 13)) choice_ok=true C332_hit=false landed=None live_roots_made_unreadable=16 faults_before=0 checker_red=[]
S23 seed=540090 steps=[rb#2->(1,4) mount] effective=[(2, 1, 4)] witness=[(2, 1, 4)] final_mount=Ok((3, 13)) expected=Some((3, 13)) choice_ok=true C332_hit=false landed=None live_roots_made_unreadable=14 faults_before=0 checker_red=[]
S23 seed=540091 steps=[rb#2->(1,8) rb#3->(1,8)!crash@24/55 rb#4->(1,3)!crash@2/55] effective=[(2, 1, 8)] witness=[(2, 1, 8)] final_mount=Ok((2, 11)) expected=Some((2, 11)) choice_ok=true C332_hit=false landed=None live_roots_made_unreadable=13 faults_before=0 checker_red=[]
S23 seed=540092 steps=[mount!crash@18/78 badsc rb#2->(1,10)!crash@37/78+root rb#3->(1,5)!crash@49/55+root] effective=[(2, 1, 10), (3, 1, 5)] witness=[(3, 1, 5)] final_mount=Ok((3, 12)) expected=Some((3, 12)) choice_ok=true C332_hit=false landed=None live_roots_made_unreadable=9 faults_before=2 checker_red=[]
S23 seed=540093 steps=[rb#2->(1,7) rb#3->(1,6) rb#4->(1,1)!crash@36/40+root rb#5->(4,14)!crash@12/36 rb-notcand(1,7)] effective=[(2, 1, 7), (3, 1, 6), (4, 1, 1)] witness=[(4, 1, 1)] final_mount=Ok((4, 15)) expected=Some((4, 15)) choice_ok=true C332_hit=false landed=None live_roots_made_unreadable=7 faults_before=0 checker_red=[]
S23 seed=540094 steps=[rb#2->(1,7) rb#3->(1,3)!crash@12/55 rb#4->(1,7)!crash@13/55 badsc rb#4->(2,10)!crash@49/51+root rb#5->(4,12)] effective=[(2, 1, 7), (4, 2, 10), (5, 4, 12)] witness=[(2, 1, 7), (4, 2, 10), (5, 4, 12)] final_mount=Ok((5, 16)) expected=Some((5, 16)) choice_ok=true C332_hit=false landed=None live_roots_made_unreadable=16 faults_before=2 checker_red=[]
S23 seed=540095 steps=[mount mount badsc mount!crash@22/74 mount mount!crash@2/74 mount!crash@47/74] effective=[] witness=[] final_mount=Ok((7, 20)) expected=Some((7, 20)) choice_ok=true C332_hit=false landed=None live_roots_made_unreadable=23 faults_before=2 checker_red=[]
S23 seed=540096 steps=[rb#2->(1,2) badsc mount!crash@8/40 mount!crash@23/40 rb-notcand(1,3) badsc] effective=[(2, 1, 2)] witness=[(2, 1, 2)] final_mount=Ok((2, 10)) expected=Some((2, 10)) choice_ok=true C332_hit=false landed=None live_roots_made_unreadable=8 faults_before=4 checker_red=["I-8.6"]
S23 seed=540097 steps=[mount!crash@47/55] effective=[] witness=[] final_mount=Ok((2, 10)) expected=Some((2, 10)) choice_ok=true C332_hit=false landed=None live_roots_made_unreadable=14 faults_before=0 checker_red=[]
S23 seed=540098 steps=[rb#2->(1,4) rb-notcand(1,10)] effective=[(2, 1, 4)] witness=[(2, 1, 4)] final_mount=Ok((2, 13)) expected=Some((2, 13)) choice_ok=true C332_hit=false landed=None live_roots_made_unreadable=11 faults_before=0 checker_red=[]
S23 seed=540099 steps=[rb#2->(1,1) badsc rb#3->(2,8)!crash@16/33] effective=[(2, 1, 1)] witness=[(2, 1, 1)] final_mount=Ok((2, 8)) expected=Some((2, 8)) choice_ok=true C332_hit=false landed=None live_roots_made_unreadable=6 faults_before=2 checker_red=[]
S23 seed=540100 steps=[mount rb#3->(1,2) rb-notcand(2,11) rb-notcand(1,3)] effective=[(3, 1, 2)] witness=[(3, 1, 2)] final_mount=Ok((3, 13)) expected=Some((3, 13)) choice_ok=true C332_hit=false landed=None live_roots_made_unreadable=8 faults_before=0 checker_red=[]
S23 seed=540101 steps=[rb#2->(1,9) rb#3->(1,3) rb-notcand(1,6) rb-notcand(1,6) mount] effective=[(2, 1, 9), (3, 1, 3)] witness=[(3, 1, 3)] final_mount=Ok((4, 19)) expected=Some((4, 19)) choice_ok=true C332_hit=false landed=None live_roots_made_unreadable=13 faults_before=0 checker_red=[]
S23 seed=540102 steps=[mount!crash@45/51 rb#3->(1,4)!crash@46/78+root rb#4->(1,4) rb-notcand(3,8) mount!crash@68/74 rb#6->(4,10)!crash@1/51] effective=[(3, 1, 4), (4, 1, 4)] witness=[(4, 1, 4)] final_mount=Ok((5, 12)) expected=Some((5, 12)) choice_ok=true C332_hit=false landed=None live_roots_made_unreadable=11 faults_before=0 checker_red=[]
S23 seed=540103 steps=[rb#2->(1,9) mount rb#4->(1,8) rb#5->(4,14)!crash@17/74 rb-notcand(3,13) rb#6->(1,2)!crash@37/40+root mount!crash@9/36] effective=[(2, 1, 9), (4, 1, 8), (6, 1, 2)] witness=[(6, 1, 2)] final_mount=Ok((6, 18)) expected=Some((6, 18)) choice_ok=true C332_hit=false landed=None live_roots_made_unreadable=8 faults_before=0 checker_red=[]
S23 seed=540104 steps=[badsc rb#2->(1,3) mount mount mount!crash@0/74 mount!crash@62/74 mount!crash@50/51 mount] effective=[(2, 1, 3)] witness=[(2, 1, 3)] final_mount=Ok((7, 25)) expected=Some((7, 25)) choice_ok=true C332_hit=false landed=None live_roots_made_unreadable=18 faults_before=2 checker_red=[]
S23 seed=540105 steps=[mount] effective=[] witness=[] final_mount=Ok((2, 8)) expected=Some((2, 8)) choice_ok=true C332_hit=false landed=None live_roots_made_unreadable=11 faults_before=0 checker_red=[]
S23 seed=540106 steps=[rb#2->(1,2)!crash@20/33 rb#3->(1,2)!crash@13/33] effective=[] witness=[] final_mount=Ok((1, 9)) expected=Some((1, 9)) choice_ok=true C332_hit=false landed=None live_roots_made_unreadable=12 faults_before=0 checker_red=[]
S23 seed=540107 steps=[mount rb#3->(1,4)!crash@43/78+root rb#4->(1,1)] effective=[(3, 1, 4), (4, 1, 1)] witness=[(4, 1, 1)] final_mount=Ok((4, 16)) expected=Some((4, 16)) choice_ok=true C332_hit=false landed=None live_roots_made_unreadable=7 faults_before=0 checker_red=[]
S23 seed=540108 steps=[rb#2->(1,5)!crash@17/51 rb#3->(1,4)!crash@25/51 rb#4->(1,2) mount] effective=[(4, 1, 2)] witness=[(4, 1, 2)] final_mount=Ok((5, 13)) expected=Some((5, 13)) choice_ok=true C332_hit=false landed=None live_roots_made_unreadable=12 faults_before=0 checker_red=[]
S23 seed=540109 steps=[badsc rb#2->(1,6) rb-notcand(1,7) rb#3->(1,5) rb-notcand(1,6)] effective=[(2, 1, 6), (3, 1, 5)] witness=[(3, 1, 5)] final_mount=Ok((3, 13)) expected=Some((3, 13)) choice_ok=true C332_hit=false landed=None live_roots_made_unreadable=11 faults_before=2 checker_red=[]
S23 seed=540110 steps=[rb#2->(1,10)!crash@42/78+root rb#3->(2,11)!crash@49/51+root mount!crash@14/74 rb#5->(1,8)!crash@50/78+root rb#6->(1,7) rb#7->(6,17)] effective=[(2, 1, 10), (3, 2, 11), (5, 1, 8), (6, 1, 7), (7, 6, 17)] witness=[(6, 1, 7), (7, 6, 17)] final_mount=Ok((7, 19)) expected=Some((7, 19)) choice_ok=true C332_hit=false landed=None live_roots_made_unreadable=15 faults_before=0 checker_red=[]
S23 seed=540111 steps=[rb#2->(1,5)!crash@48/51+root rb#3->(2,7)!crash@46/55+root rb#4->(0,0)!crash@15/33 badsc mount!crash@4/51 rb#5->(1,2) rb-notcand(1,5)] effective=[(2, 1, 5), (3, 2, 7), (5, 1, 2)] witness=[(5, 1, 2)] final_mount=Ok((5, 11)) expected=Some((5, 11)) choice_ok=true C332_hit=false landed=None live_roots_made_unreadable=7 faults_before=2 checker_red=[]
S23 seed=540112 steps=[mount badsc rb#3->(1,7) rb#4->(0,0) badsc mount mount!crash@18/36] effective=[(3, 1, 7), (4, 0, 0)] witness=[(4, 0, 0)] final_mount=Ok((5, 19)) expected=Some((5, 19)) choice_ok=true C332_hit=false landed=None live_roots_made_unreadable=9 faults_before=4 checker_red=[]
S23 seed=540113 steps=[rb#2->(1,9)!crash@16/78] effective=[] witness=[] final_mount=Ok((1, 10)) expected=Some((1, 10)) choice_ok=true C332_hit=false landed=None live_roots_made_unreadable=14 faults_before=0 checker_red=[]
S23 seed=540114 steps=[badsc mount] effective=[] witness=[] final_mount=Ok((2, 8)) expected=Some((2, 8)) choice_ok=true C332_hit=false landed=None live_roots_made_unreadable=11 faults_before=2 checker_red=[]
S23 seed=540115 steps=[rb#2->(1,5)!crash@20/74 rb#3->(1,4) badsc] effective=[(3, 1, 4)] witness=[(3, 1, 4)] final_mount=Ok((3, 10)) expected=Some((3, 10)) choice_ok=true C332_hit=false landed=None live_roots_made_unreadable=11 faults_before=2 checker_red=[]
S23 seed=540116 steps=[mount!crash@2/55 rb#3->(1,6)!crash@26/55 mount!crash@6/55 mount!crash@39/55] effective=[] witness=[] final_mount=Ok((5, 10)) expected=Some((5, 10)) choice_ok=true C332_hit=false landed=None live_roots_made_unreadable=14 faults_before=0 checker_red=[]
S23 seed=540117 steps=[rb#2->(1,2)!crash@9/29 rb#3->(1,5) badsc rb#4->(1,1) rb-notcand(1,6)] effective=[(3, 1, 5), (4, 1, 1)] witness=[(4, 1, 1)] final_mount=Ok((4, 10)) expected=Some((4, 10)) choice_ok=true C332_hit=false landed=None live_roots_made_unreadable=7 faults_before=2 checker_red=[]
S23 seed=540118 steps=[mount!crash@23/74 rb#3->(1,4) rb-notcand(1,7) rb-notcand(1,6) mount rb#5->(1,3)] effective=[(3, 1, 4), (5, 1, 3)] witness=[(5, 1, 3)] final_mount=Ok((5, 16)) expected=Some((5, 16)) choice_ok=true C332_hit=false landed=None live_roots_made_unreadable=10 faults_before=0 checker_red=[]
S23 seed=540119 steps=[rb#2->(1,8)!crash@30/55+root mount mount rb#5->(4,15)!crash@6/74 rb#6->(1,7)!crash@27/78 rb#7->(1,4) rb-notcand(3,13)] effective=[(2, 1, 8), (7, 1, 4)] witness=[(7, 1, 4)] final_mount=Ok((7, 19)) expected=Some((7, 19)) choice_ok=true C332_hit=false landed=None live_roots_made_unreadable=10 faults_before=0 checker_red=[]
S23 summary series=120 base=540000 rollbacks=236 effective=179 C332_hits=0 wrong_final_choice=0 checker_red=1 final_mount_refused=0
test s23_random_series_oracle ... ok

test result: ok. 1 passed; 0 failed; 0 ignored; 0 measured; 4 filtered out; finished in 68.41s

