##### ARM=5 PROBE_MODE=fixed
[前缀 wrapped] base + 22 次空发布；C 是 txg 27（根落区域 0）
[spec] Spec { faults: [(18, Transient)], barrier_fault: None, dead_device: None, crash_at: None, crash_torn: false, actions: [], probe_to_device_zero: false, switch_selects_base_root: false, bad_ranges: [], lying_ranges: [], probe_mode: Fixed, rollback_probe: Some((1, 3)) }
[戊-A] 分类=红
  steps=["C err(BlockDevice)", "探针写(盘 0, Fixed) 过", "切换#1（近似：进程内可写重开）ok(所选根 txg 26，新实例 2，现行 txg 29)", "重发在飞 checkpoint ok(txg 30)"]
  writes_after_c=19 writes=71 切换=1 只读=false 实例=2 探针=1
  checker@crash=["I-3.1: Violated(\"盘 0：记账的已分配 Some(2293760)，遍历全部有效根得到 2031616\")"]
  remount=ok(chosen 30)
  checker@after=["I-3.1: Violated(\"盘 0：记账的已分配 Some(2457600)，遍历全部有效根得到 2064384\")"]
  内容=同一份
  探针落点=[]
  探针写抹掉=[]
  落点没有定义次数=0
  下次挂载之前的盘面=["根记录(实例 1, txg 10)", "根记录(实例 1, txg 11)", "根记录(实例 1, txg 12)", "根记录(实例 1, txg 13)", "根记录(实例 1, txg 14)", "根记录(实例 1, txg 15)", "根记录(实例 1, txg 16)", "根记录(实例 1, txg 17)", "根记录(实例 1, txg 18)", "根记录(实例 1, txg 19)", "根记录(实例 1, txg 20)", "根记录(实例 1, txg 21)", "根记录(实例 1, txg 22)", "根记录(实例 1, txg 23)", "根记录(实例 1, txg 24)", "根记录(实例 1, txg 25)", "根记录(实例 1, txg 26)", "根记录(实例 1, txg 3)", "根记录(实例 1, txg 7)", "根记录(实例 1, txg 8)", "根记录(实例 1, txg 9)", "根记录(实例 2, txg 28)", "根记录(实例 2, txg 29)", "根记录(实例 2, txg 30)", "系统配置(盘 0, 世代 31)", "系统配置(盘 0, 世代 32)", "系统配置(盘 1, 世代 31)", "系统配置(盘 1, 世代 32)"]
  回退试挂=ok(回退到 txg 30，新实例 3)
test single_history ... ok

test result: ok. 1 passed; 0 failed; 0 ignored; 0 measured; 0 filtered out; finished in 0.26s

##### ARM=7 PROBE_MODE=failed
[前缀 wrapped] base + 22 次空发布；C 是 txg 27（根落区域 0）
[spec] Spec { faults: [(18, Transient)], barrier_fault: None, dead_device: None, crash_at: None, crash_torn: false, actions: [], probe_to_device_zero: false, switch_selects_base_root: false, bad_ranges: [], lying_ranges: [], probe_mode: FailedLanding, rollback_probe: Some((1, 3)) }
[戊-乙a（探针写这次失败的那个落点）] 分类=红+探针写抹掉权威结构
  steps=["C err(BlockDevice)", "探针写(盘 0, FailedLanding) 过，抹掉 [\"根记录(实例 1, txg 3)\"]", "切换#1（近似：进程内可写重开）ok(所选根 txg 26，新实例 2，现行 txg 29)", "重发在飞 checkpoint ok(txg 30)"]
  writes_after_c=19 writes=71 切换=1 只读=false 实例=2 探针=1
  checker@crash=["I-3.1: Violated(\"盘 0：记账的已分配 Some(2129920)，遍历全部有效根得到 1867776\")"]
  remount=ok(chosen 30)
  checker@after=["I-3.1: Violated(\"盘 0：记账的已分配 Some(2097152)，遍历全部有效根得到 1900544\")"]
  内容=同一份
  探针落点=["探针落点 盘0 偏移1052672 长512（根环区域，盖掉之前那一段非零）"]
  探针写抹掉=["探针写抹掉了 根记录(实例 1, txg 3)"]
  落点没有定义次数=0
  下次挂载之前的盘面=["根记录(实例 1, txg 10)", "根记录(实例 1, txg 11)", "根记录(实例 1, txg 12)", "根记录(实例 1, txg 13)", "根记录(实例 1, txg 14)", "根记录(实例 1, txg 15)", "根记录(实例 1, txg 16)", "根记录(实例 1, txg 17)", "根记录(实例 1, txg 18)", "根记录(实例 1, txg 19)", "根记录(实例 1, txg 20)", "根记录(实例 1, txg 21)", "根记录(实例 1, txg 22)", "根记录(实例 1, txg 23)", "根记录(实例 1, txg 24)", "根记录(实例 1, txg 25)", "根记录(实例 1, txg 26)", "根记录(实例 1, txg 7)", "根记录(实例 1, txg 8)", "根记录(实例 1, txg 9)", "根记录(实例 2, txg 28)", "根记录(实例 2, txg 29)", "根记录(实例 2, txg 30)", "系统配置(盘 0, 世代 31)", "系统配置(盘 0, 世代 32)", "系统配置(盘 1, 世代 31)", "系统配置(盘 1, 世代 32)"]
  回退试挂=REFUSED RollbackTargetNotACandidate { target: RollbackTarget { instance: InstanceGeneration(1), checkpoint_t
test single_history ... ok

test result: ok. 1 passed; 0 failed; 0 ignored; 0 measured; 0 filtered out; finished in 0.27s

##### ARM=8 PROBE_MODE=retry
[前缀 wrapped] base + 22 次空发布；C 是 txg 27（根落区域 0）
[spec] Spec { faults: [(18, Transient)], barrier_fault: None, dead_device: None, crash_at: None, crash_torn: false, actions: [], probe_to_device_zero: false, switch_selects_base_root: false, bad_ranges: [], lying_ranges: [], probe_mode: FailedLandingRetry, rollback_probe: Some((1, 3)) }
[戊-乙b（把那次写的原样字节再写一遍）] 分类=红+探针写抹掉权威结构
  steps=["C err(BlockDevice)", "探针写(盘 0, FailedLandingRetry) 过，抹掉 [\"根记录(实例 1, txg 3)\"]", "切换#1（近似：进程内可写重开）ok(所选根 txg 27，新实例 2，现行 txg 29)", "重发在飞 checkpoint ok(txg 30)"]
  writes_after_c=19 writes=71 切换=1 只读=false 实例=2 探针=1
  checker@crash=["I-3.1: Violated(\"盘 0：记账的已分配 Some(2129920)，遍历全部有效根得到 1933312\")"]
  remount=ok(chosen 30)
  checker@after=["I-3.1: Violated(\"盘 0：记账的已分配 Some(2097152)，遍历全部有效根得到 1966080\")"]
  内容=同一份
  探针落点=["探针落点 盘0 偏移1052672 长512（根环区域，盖掉之前那一段非零）"]
  探针写抹掉=["探针写抹掉了 根记录(实例 1, txg 3)"]
  落点没有定义次数=0
  下次挂载之前的盘面=["根记录(实例 1, txg 10)", "根记录(实例 1, txg 11)", "根记录(实例 1, txg 12)", "根记录(实例 1, txg 13)", "根记录(实例 1, txg 14)", "根记录(实例 1, txg 15)", "根记录(实例 1, txg 16)", "根记录(实例 1, txg 17)", "根记录(实例 1, txg 18)", "根记录(实例 1, txg 19)", "根记录(实例 1, txg 20)", "根记录(实例 1, txg 21)", "根记录(实例 1, txg 22)", "根记录(实例 1, txg 23)", "根记录(实例 1, txg 24)", "根记录(实例 1, txg 25)", "根记录(实例 1, txg 26)", "根记录(实例 1, txg 27)", "根记录(实例 1, txg 7)", "根记录(实例 1, txg 8)", "根记录(实例 1, txg 9)", "根记录(实例 2, txg 28)", "根记录(实例 2, txg 29)", "根记录(实例 2, txg 30)", "系统配置(盘 0, 世代 31)", "系统配置(盘 0, 世代 32)", "系统配置(盘 1, 世代 31)", "系统配置(盘 1, 世代 32)"]
  回退试挂=REFUSED RollbackTargetNotACandidate { target: RollbackTarget { instance: InstanceGeneration(1), checkpoint_t
test single_history ... ok

test result: ok. 1 passed; 0 failed; 0 ignored; 0 measured; 0 filtered out; finished in 0.27s

