
running 1 test
── 随机历史大档 ──
种子 [96, 144)，每段 30 步，比重：偏向抬 F 之后回退（B2 那一格的取样点）
历史 48 段：跑完 1、以已知红收尾 {}、新发现 47；根环转过一圈的 1 段；最高 txg 32
  操作 PublishFirstFile：Ok 3、Err 3、前提不满足没调 1
  操作 PublishOverwrite：Ok 82、Err 12、前提不满足没调 19
  操作 PublishWithoutUnits：Ok 1、Err 0、前提不满足没调 3
  操作 CloseAndMountWritable：Ok 31、Err 1、前提不满足没调 0
  操作 CloseAndMountRollback：Ok 16、Err 58、前提不满足没调 0
  操作 RaiseRollbackFloor：Ok 9、Err 52、前提不满足没调 12
  操作 ColdStartRecover：Ok 7、Err 0、前提不满足没调 0
  内容长度 0 字节：入口被调 11 次、发成 11 次
  内容长度 [1, 载荷容量 − 2]：入口被调 61 次、发成 59 次
  内容长度 数据单元整宽 32768（装不下）：入口被调 6 次、发成 0 次
  内容长度 载荷容量：入口被调 5 次、发成 4 次
  内容长度 载荷容量 + 1（装不下）：入口被调 6 次、发成 0 次
  内容长度 载荷容量 − 1：入口被调 11 次、发成 11 次
  Err 成员 MountError::InstanceRowsOnVersionWithoutFileUnsupported：1 次
  Err 成员 MountError::RaiseNeedsRewrittenInstanceTableUnitInCurrentVersion：23 次
  Err 成员 MountError::RollbackFloorAboveCeiling：29 次
  Err 成员 MountError::RollbackTargetNotACandidate（txg 低于生效的回退下界 F）：47 次
  Err 成员 MountError::RollbackTargetNotInRing：4 次
  Err 成员 MountError::RollbackToVersionWithoutFileUnsupported：7 次
  Err 成员 PublishError::ContentExceedsDataUnit：12 次
  Err 成员 PublishError::FirstFileVersionNotRightAfterTheSecondWarmUp：3 次
  前提不满足（没有可写会话）：32 次
  前提不满足（现行版本带文件）：2 次
  前提不满足（现行版本树表 0 条）：1 次
  冷启动结局 FileRead：5 次
  冷启动结局 NoFile：2 次
  一次挂载里最多写出 11 条根；一段历史里最多挂载成功 5 次、最多试挂载 9 次
  抬 F 回收到落点 4 次、共回收 98 个落点；复用已释放的记录 40 条（其中跨度变了 4 条）；已释放的记录被罩住起点 0 条、被删 0 条
  挂载写出的发布比过分配记录 98 次；挂载之前生效根的分配记录读不出、没比的挂载 0 次
  checker 跑了 190 次；一个写都没发、沿用上一次结论的 168 步
  模型对拍 314 步：该拒而拒 56、区间里拒 23、该成而成 188；比过根 252 条、分配记录 4216 条、冷启动内容 5 次、抬 F 上限 38 次；回退到 txg = F_生效 > 0 的根做成 0 次
  I-1.1：判绿 190 次、不适用 0 次
  I-1.3：判绿 190 次、不适用 0 次
  I-1.4：判绿 190 次、不适用 0 次
  I-1.6：判绿 190 次、不适用 0 次
  I-1.7：判绿 190 次、不适用 0 次
  I-2.1：判绿 190 次、不适用 0 次
  I-2.3：判绿 190 次、不适用 0 次
  I-2.4：判绿 190 次、不适用 0 次
  I-2.5：判绿 190 次、不适用 0 次
  I-3.1：判绿 176 次、不适用 14 次
  I-3.8：判绿 190 次、不适用 0 次
  I-3.9：判绿 176 次、不适用 14 次
  I-4.8：判绿 190 次、不适用 0 次
  I-5.1：判绿 190 次、不适用 0 次
  I-5.2：判绿 176 次、不适用 14 次
  I-5.4：判绿 176 次、不适用 14 次
  I-7.1：判绿 190 次、不适用 0 次
  I-7.2：判绿 190 次、不适用 0 次
  I-7.4：判绿 190 次、不适用 0 次
  I-7.6：判绿 190 次、不适用 0 次
  I-7.7：判绿 190 次、不适用 0 次
  I-7.8：判绿 190 次、不适用 0 次
  I-9.1：判绿 176 次、不适用 14 次
  I-9.2：判绿 176 次、不适用 14 次
  I-9.4：判绿 176 次、不适用 14 次
  I-9.7：判绿 176 次、不适用 14 次
  I-9.10：判绿 176 次、不适用 14 次
  I-9.13：判绿 176 次、不适用 14 次
  I-9.14：判绿 134 次、不适用 56 次
已知红第 0 条（增补 2 收口表第 ② 行（一次挂载转过一整圈根环时 checker 在合法状态上判 I-3.1 红））：0 段；前几个种子 []
已知红第 1 条（增补 2 收口表第 43 行）：0 段；前几个种子 []
新发现 ModelDisagreement { aspect: "拒绝的理由" }：第一个种子 96（同签名的种子 [96, 97, 98, 99, 100, 101, 102, 103, 104, 105, 106, 107, 109, 110, 112, 113, 114, 115, 116, 117, 118, 119, 120, 121, 122, 123, 124, 125, 126, 127, 128, 130, 131, 132, 133, 134, 135, 136, 137, 138, 139, 140, 141, 142, 143]），在 Operation(6)（Some(CloseAndMountRollback)）之后
  模型对不上（拒绝的理由）：模型答 MountRollback 该拒：["回退到树表 0 条的根（第一版不支持）"]；实现 拒了：MountError::RollbackTargetNotACandidate（txg 低于生效的回退下界 F）
  没收缩（这一档只报种子）：SINGLEFS_RANDOM_HISTORY_SHRINK_SEED=96 跑「收缩一个种子」那条 #[ignore] 用例，或跑大档
新发现 ModelDisagreement { aspect: "模型说该成、实现拒了" }：第一个种子 111（同签名的种子 [111, 129]），在 Operation(17)（Some(CloseAndMountRollback)）之后
  模型对不上（模型说该成、实现拒了）：模型答 MountRollback 该成（写出 [(20, 4), (21, 4), (22, 4)]；允许拒的只有容量墙区间与 []）；实现 拒了：MountError::RollbackTargetNotACandidate（txg 低于生效的回退下界 F）
  没收缩（这一档只报种子）：SINGLEFS_RANDOM_HISTORY_SHRINK_SEED=111 跑「收缩一个种子」那条 #[ignore] 用例，或跑大档
每个新发现的种子：[(96, ModelDisagreement { aspect: "拒绝的理由" }), (97, ModelDisagreement { aspect: "拒绝的理由" }), (98, ModelDisagreement { aspect: "拒绝的理由" }), (99, ModelDisagreement { aspect: "拒绝的理由" }), (100, ModelDisagreement { aspect: "拒绝的理由" }), (101, ModelDisagreement { aspect: "拒绝的理由" }), (102, ModelDisagreement { aspect: "拒绝的理由" }), (103, ModelDisagreement { aspect: "拒绝的理由" }), (104, ModelDisagreement { aspect: "拒绝的理由" }), (105, ModelDisagreement { aspect: "拒绝的理由" }), (106, ModelDisagreement { aspect: "拒绝的理由" }), (107, ModelDisagreement { aspect: "拒绝的理由" }), (109, ModelDisagreement { aspect: "拒绝的理由" }), (110, ModelDisagreement { aspect: "拒绝的理由" }), (112, ModelDisagreement { aspect: "拒绝的理由" }), (113, ModelDisagreement { aspect: "拒绝的理由" }), (114, ModelDisagreement { aspect: "拒绝的理由" }), (115, ModelDisagreement { aspect: "拒绝的理由" }), (116, ModelDisagreement { aspect: "拒绝的理由" }), (117, ModelDisagreement { aspect: "拒绝的理由" }), (118, ModelDisagreement { aspect: "拒绝的理由" }), (119, ModelDisagreement { aspect: "拒绝的理由" }), (120, ModelDisagreement { aspect: "拒绝的理由" }), (121, ModelDisagreement { aspect: "拒绝的理由" }), (122, ModelDisagreement { aspect: "拒绝的理由" }), (123, ModelDisagreement { aspect: "拒绝的理由" }), (124, ModelDisagreement { aspect: "拒绝的理由" }), (125, ModelDisagreement { aspect: "拒绝的理由" }), (126, ModelDisagreement { aspect: "拒绝的理由" }), (127, ModelDisagreement { aspect: "拒绝的理由" }), (128, ModelDisagreement { aspect: "拒绝的理由" }), (130, ModelDisagreement { aspect: "拒绝的理由" }), (131, ModelDisagreement { aspect: "拒绝的理由" }), (132, ModelDisagreement { aspect: "拒绝的理由" }), (133, ModelDisagreement { aspect: "拒绝的理由" }), (134, ModelDisagreement { aspect: "拒绝的理由" }), (135, ModelDisagreement { aspect: "拒绝的理由" }), (136, ModelDisagreement { aspect: "拒绝的理由" }), (137, ModelDisagreement { aspect: "拒绝的理由" }), (138, ModelDisagreement { aspect: "拒绝的理由" }), (139, ModelDisagreement { aspect: "拒绝的理由" }), (140, ModelDisagreement { aspect: "拒绝的理由" }), (141, ModelDisagreement { aspect: "拒绝的理由" }), (142, ModelDisagreement { aspect: "拒绝的理由" }), (143, ModelDisagreement { aspect: "拒绝的理由" }), (111, ModelDisagreement { aspect: "模型说该成、实现拒了" }), (129, ModelDisagreement { aspect: "模型说该成、实现拒了" })]
用时 0.5 秒
test random_histories_large_tier_seeds_and_length_from_the_environment ... FAILED

failures:

failures:
    random_histories_large_tier_seeds_and_length_from_the_environment

test result: FAILED. 0 passed; 1 failed; 0 ignored; 0 measured; 9 filtered out; finished in 0.55s

