
running 1 test
── 随机历史大档 ──
种子 [720, 768)，每段 30 步，比重：偏向抬 F 之后回退（B2 那一格的取样点）
历史 48 段：跑完 0、以已知红收尾 {0: 1}、新发现 47；根环转过一圈的 1 段；最高 txg 26
  操作 PublishFirstFile：Ok 2、Err 5、前提不满足没调 1
  操作 PublishOverwrite：Ok 80、Err 11、前提不满足没调 16
  操作 PublishWithoutUnits：Ok 0、Err 0、前提不满足没调 4
  操作 CloseAndMountWritable：Ok 24、Err 1、前提不满足没调 0
  操作 CloseAndMountRollback：Ok 9、Err 66、前提不满足没调 0
  操作 RaiseRollbackFloor：Ok 3、Err 46、前提不满足没调 14
  操作 ColdStartRecover：Ok 0、Err 0、前提不满足没调 0
  内容长度 0 字节：入口被调 7 次、发成 7 次
  内容长度 [1, 载荷容量 − 2]：入口被调 61 次、发成 59 次
  内容长度 数据单元整宽 32768（装不下）：入口被调 8 次、发成 0 次
  内容长度 载荷容量：入口被调 10 次、发成 9 次
  内容长度 载荷容量 + 1（装不下）：入口被调 4 次、发成 0 次
  内容长度 载荷容量 − 1：入口被调 8 次、发成 7 次
  Err 成员 MountError::InstanceRowsOnVersionWithoutFileUnsupported：1 次
  Err 成员 MountError::RaiseNeedsRewrittenInstanceTableUnitInCurrentVersion：35 次
  Err 成员 MountError::RollbackFloorAboveCeiling：11 次
  Err 成员 MountError::RollbackTargetNotACandidate（txg 低于生效的回退下界 F）：47 次
  Err 成员 MountError::RollbackTargetNotACandidate（实例表里那个实例的行 T 更小：这是被抛弃时间线的根）：1 次
  Err 成员 MountError::RollbackTargetNotInRing：6 次
  Err 成员 MountError::RollbackToVersionWithoutFileUnsupported：12 次
  Err 成员 PublishError::ContentExceedsDataUnit：11 次
  Err 成员 PublishError::FirstFileVersionNotRightAfterTheSecondWarmUp：5 次
  前提不满足（没有可写会话）：33 次
  前提不满足（现行版本带文件）：2 次
  一次挂载里最多写出 15 条根；一段历史里最多挂载成功 3 次、最多试挂载 5 次
  抬 F 回收到落点 2 次、共回收 10 个落点；复用已释放的记录 2 条（其中跨度变了 2 条）；已释放的记录被罩住起点 0 条、被删 0 条
  挂载写出的发布比过分配记录 68 次；挂载之前生效根的分配记录读不出、没比的挂载 0 次
  checker 跑了 166 次；一个写都没发、沿用上一次结论的 164 步
  模型对拍 291 步：该拒而拒 47、区间里拒 35、该成而成 162；比过根 208 条、分配记录 3450 条、冷启动内容 0 次、抬 F 上限 14 次；回退到 txg = F_生效 > 0 的根做成 0 次
  I-1.1：判绿 166 次、不适用 0 次
  I-1.3：判绿 166 次、不适用 0 次
  I-1.4：判绿 166 次、不适用 0 次
  I-1.6：判绿 166 次、不适用 0 次
  I-1.7：判绿 166 次、不适用 0 次
  I-2.1：判绿 166 次、不适用 0 次
  I-2.3：判绿 166 次、不适用 0 次
  I-2.4：判绿 166 次、不适用 0 次
  I-2.5：判绿 166 次、不适用 0 次
  I-3.1：判绿 158 次、不适用 7 次
  I-3.8：判绿 166 次、不适用 0 次
  I-3.9：判绿 159 次、不适用 7 次
  I-4.8：判绿 166 次、不适用 0 次
  I-5.1：判绿 166 次、不适用 0 次
  I-5.2：判绿 159 次、不适用 7 次
  I-5.4：判绿 159 次、不适用 7 次
  I-7.1：判绿 166 次、不适用 0 次
  I-7.2：判绿 166 次、不适用 0 次
  I-7.4：判绿 166 次、不适用 0 次
  I-7.6：判绿 166 次、不适用 0 次
  I-7.7：判绿 166 次、不适用 0 次
  I-7.8：判绿 166 次、不适用 0 次
  I-9.1：判绿 159 次、不适用 7 次
  I-9.2：判绿 159 次、不适用 7 次
  I-9.4：判绿 159 次、不适用 7 次
  I-9.7：判绿 159 次、不适用 7 次
  I-9.10：判绿 159 次、不适用 7 次
  I-9.13：判绿 159 次、不适用 7 次
  I-9.14：判绿 113 次、不适用 53 次
已知红第 0 条（增补 2 收口表第 ② 行（一次挂载转过一整圈根环时 checker 在合法状态上判 I-3.1 红））：1 段；前几个种子 [(764, Operation(25))]
已知红第 1 条（增补 2 收口表第 43 行）：0 段；前几个种子 []
新发现 ModelDisagreement { aspect: "拒绝的理由" }：第一个种子 720（同签名的种子 [720, 721, 722, 723, 724, 725, 726, 727, 728, 729, 730, 731, 732, 733, 734, 735, 736, 737, 738, 739, 740, 741, 742, 743, 744, 745, 746, 747, 748, 749, 750, 751, 752, 753, 754, 755, 757, 758, 759, 760, 761, 762, 763, 765, 766, 767]），在 Operation(0)（Some(CloseAndMountRollback)）之后
  模型对不上（拒绝的理由）：模型答 MountRollback 该拒：["回退到树表 0 条的根（第一版不支持）"]；实现 拒了：MountError::RollbackTargetNotACandidate（txg 低于生效的回退下界 F）
  没收缩（这一档只报种子）：SINGLEFS_RANDOM_HISTORY_SHRINK_SEED=720 跑「收缩一个种子」那条 #[ignore] 用例，或跑大档
新发现 ModelDisagreement { aspect: "模型说该成、实现拒了" }：第一个种子 756（同签名的种子 [756]），在 Operation(10)（Some(CloseAndMountRollback)）之后
  模型对不上（模型说该成、实现拒了）：模型答 MountRollback 该成（写出 [(20, 4), (21, 4), (22, 4)]；允许拒的只有容量墙区间与 []）；实现 拒了：MountError::RollbackTargetNotACandidate（txg 低于生效的回退下界 F）
  没收缩（这一档只报种子）：SINGLEFS_RANDOM_HISTORY_SHRINK_SEED=756 跑「收缩一个种子」那条 #[ignore] 用例，或跑大档
每个新发现的种子：[(720, ModelDisagreement { aspect: "拒绝的理由" }), (721, ModelDisagreement { aspect: "拒绝的理由" }), (722, ModelDisagreement { aspect: "拒绝的理由" }), (723, ModelDisagreement { aspect: "拒绝的理由" }), (724, ModelDisagreement { aspect: "拒绝的理由" }), (725, ModelDisagreement { aspect: "拒绝的理由" }), (726, ModelDisagreement { aspect: "拒绝的理由" }), (727, ModelDisagreement { aspect: "拒绝的理由" }), (728, ModelDisagreement { aspect: "拒绝的理由" }), (729, ModelDisagreement { aspect: "拒绝的理由" }), (730, ModelDisagreement { aspect: "拒绝的理由" }), (731, ModelDisagreement { aspect: "拒绝的理由" }), (732, ModelDisagreement { aspect: "拒绝的理由" }), (733, ModelDisagreement { aspect: "拒绝的理由" }), (734, ModelDisagreement { aspect: "拒绝的理由" }), (735, ModelDisagreement { aspect: "拒绝的理由" }), (736, ModelDisagreement { aspect: "拒绝的理由" }), (737, ModelDisagreement { aspect: "拒绝的理由" }), (738, ModelDisagreement { aspect: "拒绝的理由" }), (739, ModelDisagreement { aspect: "拒绝的理由" }), (740, ModelDisagreement { aspect: "拒绝的理由" }), (741, ModelDisagreement { aspect: "拒绝的理由" }), (742, ModelDisagreement { aspect: "拒绝的理由" }), (743, ModelDisagreement { aspect: "拒绝的理由" }), (744, ModelDisagreement { aspect: "拒绝的理由" }), (745, ModelDisagreement { aspect: "拒绝的理由" }), (746, ModelDisagreement { aspect: "拒绝的理由" }), (747, ModelDisagreement { aspect: "拒绝的理由" }), (748, ModelDisagreement { aspect: "拒绝的理由" }), (749, ModelDisagreement { aspect: "拒绝的理由" }), (750, ModelDisagreement { aspect: "拒绝的理由" }), (751, ModelDisagreement { aspect: "拒绝的理由" }), (752, ModelDisagreement { aspect: "拒绝的理由" }), (753, ModelDisagreement { aspect: "拒绝的理由" }), (754, ModelDisagreement { aspect: "拒绝的理由" }), (755, ModelDisagreement { aspect: "拒绝的理由" }), (757, ModelDisagreement { aspect: "拒绝的理由" }), (758, ModelDisagreement { aspect: "拒绝的理由" }), (759, ModelDisagreement { aspect: "拒绝的理由" }), (760, ModelDisagreement { aspect: "拒绝的理由" }), (761, ModelDisagreement { aspect: "拒绝的理由" }), (762, ModelDisagreement { aspect: "拒绝的理由" }), (763, ModelDisagreement { aspect: "拒绝的理由" }), (765, ModelDisagreement { aspect: "拒绝的理由" }), (766, ModelDisagreement { aspect: "拒绝的理由" }), (767, ModelDisagreement { aspect: "拒绝的理由" }), (756, ModelDisagreement { aspect: "模型说该成、实现拒了" })]
用时 0.6 秒
test random_histories_large_tier_seeds_and_length_from_the_environment ... FAILED

failures:

failures:
    random_histories_large_tier_seeds_and_length_from_the_environment

test result: FAILED. 0 passed; 1 failed; 0 ignored; 0 measured; 9 filtered out; finished in 0.59s

