
running 1 test
── 随机历史大档 ──
种子 [192, 240)，每段 30 步，比重：偏向抬 F 之后回退（B2 那一格的取样点）
历史 48 段：跑完 1、以已知红收尾 {0: 4}、新发现 43；根环转过一圈的 5 段；最高 txg 28
  操作 PublishFirstFile：Ok 1、Err 2、前提不满足没调 3
  操作 PublishOverwrite：Ok 143、Err 14、前提不满足没调 31
  操作 PublishWithoutUnits：Ok 0、Err 0、前提不满足没调 1
  操作 CloseAndMountWritable：Ok 38、Err 0、前提不满足没调 0
  操作 CloseAndMountRollback：Ok 28、Err 70、前提不满足没调 0
  操作 RaiseRollbackFloor：Ok 14、Err 90、前提不满足没调 25
  操作 ColdStartRecover：Ok 5、Err 0、前提不满足没调 0
  内容长度 0 字节：入口被调 15 次、发成 15 次
  内容长度 [1, 载荷容量 − 2]：入口被调 105 次、发成 105 次
  内容长度 数据单元整宽 32768（装不下）：入口被调 7 次、发成 0 次
  内容长度 载荷容量：入口被调 12 次、发成 11 次
  内容长度 载荷容量 + 1（装不下）：入口被调 8 次、发成 0 次
  内容长度 载荷容量 − 1：入口被调 13 次、发成 13 次
  Err 成员 MountError::RaiseNeedsRewrittenInstanceTableUnitInCurrentVersion：42 次
  Err 成员 MountError::RollbackFloorAboveCeiling：48 次
  Err 成员 MountError::RollbackTargetNotACandidate（txg 低于生效的回退下界 F）：44 次
  Err 成员 MountError::RollbackTargetNotACandidate（实例表里那个实例的行 T 更小：这是被抛弃时间线的根）：1 次
  Err 成员 MountError::RollbackTargetNotInRing：14 次
  Err 成员 MountError::RollbackToVersionWithoutFileUnsupported：11 次
  Err 成员 PublishError::ContentExceedsDataUnit：14 次
  Err 成员 PublishError::FirstFileVersionNotRightAfterTheSecondWarmUp：2 次
  前提不满足（没有可写会话）：59 次
  前提不满足（现行版本带文件）：1 次
  冷启动结局 FileRead：5 次
  一次挂载里最多写出 14 条根；一段历史里最多挂载成功 7 次、最多试挂载 10 次
  抬 F 回收到落点 5 次、共回收 26 个落点；复用已释放的记录 6 条（其中跨度变了 4 条）；已释放的记录被罩住起点 0 条、被删 0 条
  挂载写出的发布比过分配记录 156 次；挂载之前生效根的分配记录读不出、没比的挂载 0 次
  checker 跑了 272 次；一个写都没发、沿用上一次结论的 241 步
  模型对拍 450 步：该拒而拒 91、区间里拒 42、该成而成 274；比过根 381 条、分配记录 6596 条、冷启动内容 5 次、抬 F 上限 62 次；回退到 txg = F_生效 > 0 的根做成 0 次
  I-1.1：判绿 272 次、不适用 0 次
  I-1.3：判绿 272 次、不适用 0 次
  I-1.4：判绿 272 次、不适用 0 次
  I-1.6：判绿 272 次、不适用 0 次
  I-1.7：判绿 272 次、不适用 0 次
  I-2.1：判绿 272 次、不适用 0 次
  I-2.3：判绿 272 次、不适用 0 次
  I-2.4：判绿 272 次、不适用 0 次
  I-2.5：判绿 272 次、不适用 0 次
  I-3.1：判绿 264 次、不适用 4 次
  I-3.8：判绿 272 次、不适用 0 次
  I-3.9：判绿 268 次、不适用 4 次
  I-4.8：判绿 272 次、不适用 0 次
  I-5.1：判绿 272 次、不适用 0 次
  I-5.2：判绿 268 次、不适用 4 次
  I-5.4：判绿 268 次、不适用 4 次
  I-7.1：判绿 272 次、不适用 0 次
  I-7.2：判绿 272 次、不适用 0 次
  I-7.4：判绿 272 次、不适用 0 次
  I-7.6：判绿 272 次、不适用 0 次
  I-7.7：判绿 272 次、不适用 0 次
  I-7.8：判绿 272 次、不适用 0 次
  I-9.1：判绿 268 次、不适用 4 次
  I-9.2：判绿 268 次、不适用 4 次
  I-9.4：判绿 268 次、不适用 4 次
  I-9.7：判绿 268 次、不适用 4 次
  I-9.10：判绿 268 次、不适用 4 次
  I-9.13：判绿 268 次、不适用 4 次
  I-9.14：判绿 222 次、不适用 50 次
已知红第 0 条（增补 2 收口表第 ② 行（一次挂载转过一整圈根环时 checker 在合法状态上判 I-3.1 红））：4 段；前几个种子 [(198, Operation(19)), (202, Operation(18)), (223, Operation(22)), (225, Operation(23))]
已知红第 1 条（增补 2 收口表第 43 行）：0 段；前几个种子 []
新发现 ModelDisagreement { aspect: "拒绝的理由" }：第一个种子 192（同签名的种子 [192, 193, 194, 195, 196, 197, 199, 200, 201, 203, 204, 205, 207, 208, 209, 210, 211, 212, 213, 214, 215, 216, 217, 218, 219, 220, 221, 222, 224, 226, 227, 228, 229, 230, 231, 232, 233, 235, 237, 238, 239]），在 Operation(1)（Some(CloseAndMountRollback)）之后
  模型对不上（拒绝的理由）：模型答 MountRollback 该拒：["回退到树表 0 条的根（第一版不支持）"]；实现 拒了：MountError::RollbackTargetNotACandidate（txg 低于生效的回退下界 F）
  没收缩（这一档只报种子）：SINGLEFS_RANDOM_HISTORY_SHRINK_SEED=192 跑「收缩一个种子」那条 #[ignore] 用例，或跑大档
新发现 ModelDisagreement { aspect: "模型说该成、实现拒了" }：第一个种子 206（同签名的种子 [206, 236]），在 Operation(17)（Some(CloseAndMountRollback)）之后
  模型对不上（模型说该成、实现拒了）：模型答 MountRollback 该成（写出 [(21, 4), (22, 4)]；允许拒的只有容量墙区间与 []）；实现 拒了：MountError::RollbackTargetNotACandidate（txg 低于生效的回退下界 F）
  没收缩（这一档只报种子）：SINGLEFS_RANDOM_HISTORY_SHRINK_SEED=206 跑「收缩一个种子」那条 #[ignore] 用例，或跑大档
每个新发现的种子：[(192, ModelDisagreement { aspect: "拒绝的理由" }), (193, ModelDisagreement { aspect: "拒绝的理由" }), (194, ModelDisagreement { aspect: "拒绝的理由" }), (195, ModelDisagreement { aspect: "拒绝的理由" }), (196, ModelDisagreement { aspect: "拒绝的理由" }), (197, ModelDisagreement { aspect: "拒绝的理由" }), (199, ModelDisagreement { aspect: "拒绝的理由" }), (200, ModelDisagreement { aspect: "拒绝的理由" }), (201, ModelDisagreement { aspect: "拒绝的理由" }), (203, ModelDisagreement { aspect: "拒绝的理由" }), (204, ModelDisagreement { aspect: "拒绝的理由" }), (205, ModelDisagreement { aspect: "拒绝的理由" }), (207, ModelDisagreement { aspect: "拒绝的理由" }), (208, ModelDisagreement { aspect: "拒绝的理由" }), (209, ModelDisagreement { aspect: "拒绝的理由" }), (210, ModelDisagreement { aspect: "拒绝的理由" }), (211, ModelDisagreement { aspect: "拒绝的理由" }), (212, ModelDisagreement { aspect: "拒绝的理由" }), (213, ModelDisagreement { aspect: "拒绝的理由" }), (214, ModelDisagreement { aspect: "拒绝的理由" }), (215, ModelDisagreement { aspect: "拒绝的理由" }), (216, ModelDisagreement { aspect: "拒绝的理由" }), (217, ModelDisagreement { aspect: "拒绝的理由" }), (218, ModelDisagreement { aspect: "拒绝的理由" }), (219, ModelDisagreement { aspect: "拒绝的理由" }), (220, ModelDisagreement { aspect: "拒绝的理由" }), (221, ModelDisagreement { aspect: "拒绝的理由" }), (222, ModelDisagreement { aspect: "拒绝的理由" }), (224, ModelDisagreement { aspect: "拒绝的理由" }), (226, ModelDisagreement { aspect: "拒绝的理由" }), (227, ModelDisagreement { aspect: "拒绝的理由" }), (228, ModelDisagreement { aspect: "拒绝的理由" }), (229, ModelDisagreement { aspect: "拒绝的理由" }), (230, ModelDisagreement { aspect: "拒绝的理由" }), (231, ModelDisagreement { aspect: "拒绝的理由" }), (232, ModelDisagreement { aspect: "拒绝的理由" }), (233, ModelDisagreement { aspect: "拒绝的理由" }), (235, ModelDisagreement { aspect: "拒绝的理由" }), (237, ModelDisagreement { aspect: "拒绝的理由" }), (238, ModelDisagreement { aspect: "拒绝的理由" }), (239, ModelDisagreement { aspect: "拒绝的理由" }), (206, ModelDisagreement { aspect: "模型说该成、实现拒了" }), (236, ModelDisagreement { aspect: "模型说该成、实现拒了" })]
用时 0.7 秒
test random_histories_large_tier_seeds_and_length_from_the_environment ... FAILED

failures:

failures:
    random_histories_large_tier_seeds_and_length_from_the_environment

test result: FAILED. 0 passed; 1 failed; 0 ignored; 0 measured; 9 filtered out; finished in 0.75s

