
running 1 test
── 随机历史大档 ──
种子 [576, 624)，每段 30 步，比重：偏向抬 F 之后回退（B2 那一格的取样点）
历史 48 段：跑完 0、以已知红收尾 {0: 1, 1: 1}、新发现 46；根环转过一圈的 1 段；最高 txg 26
  操作 PublishFirstFile：Ok 2、Err 5、前提不满足没调 1
  操作 PublishOverwrite：Ok 102、Err 20、前提不满足没调 46
  操作 PublishWithoutUnits：Ok 0、Err 0、前提不满足没调 4
  操作 CloseAndMountWritable：Ok 27、Err 0、前提不满足没调 0
  操作 CloseAndMountRollback：Ok 19、Err 69、前提不满足没调 0
  操作 RaiseRollbackFloor：Ok 13、Err 73、前提不满足没调 23
  操作 ColdStartRecover：Ok 5、Err 0、前提不满足没调 0
  内容长度 0 字节：入口被调 10 次、发成 10 次
  内容长度 [1, 载荷容量 − 2]：入口被调 78 次、发成 75 次
  内容长度 数据单元整宽 32768（装不下）：入口被调 10 次、发成 0 次
  内容长度 载荷容量：入口被调 9 次、发成 9 次
  内容长度 载荷容量 + 1（装不下）：入口被调 11 次、发成 0 次
  内容长度 载荷容量 − 1：入口被调 11 次、发成 10 次
  Err 成员 MountError::RaiseNeedsRewrittenInstanceTableUnitInCurrentVersion：46 次
  Err 成员 MountError::RollbackFloorAboveCeiling：27 次
  Err 成员 MountError::RollbackTargetNotACandidate（txg 低于生效的回退下界 F）：48 次
  Err 成员 MountError::RollbackTargetNotACandidate（实例表里那个实例的行 T 更小：这是被抛弃时间线的根）：1 次
  Err 成员 MountError::RollbackTargetNotInRing：12 次
  Err 成员 MountError::RollbackToVersionWithoutFileUnsupported：8 次
  Err 成员 PublishError::ContentExceedsDataUnit：21 次
  Err 成员 PublishError::FirstFileVersionNotRightAfterTheSecondWarmUp：4 次
  前提不满足（没有可写会话）：72 次
  前提不满足（现行版本带文件）：1 次
  前提不满足（现行版本树表 0 条）：1 次
  冷启动结局 FileRead：4 次
  冷启动结局 NoFile：1 次
  一次挂载里最多写出 11 条根；一段历史里最多挂载成功 6 次、最多试挂载 8 次
  抬 F 回收到落点 9 次、共回收 72 个落点；复用已释放的记录 6 条（其中跨度变了 4 条）；已释放的记录被罩住起点 0 条、被删 0 条
  挂载写出的发布比过分配记录 107 次；挂载之前生效根的分配记录读不出、没比的挂载 0 次
  checker 跑了 211 次；一个写都没发、沿用上一次结论的 246 步
  模型对拍 378 步：该拒而拒 75、区间里拒 46、该成而成 211；比过根 290 条、分配记录 4910 条、冷启动内容 4 次、抬 F 上限 40 次；回退到 txg = F_生效 > 0 的根做成 0 次
  I-1.1：判绿 211 次、不适用 0 次
  I-1.3：判绿 211 次、不适用 0 次
  I-1.4：判绿 211 次、不适用 0 次
  I-1.6：判绿 211 次、不适用 0 次
  I-1.7：判绿 211 次、不适用 0 次
  I-2.1：判绿 211 次、不适用 0 次
  I-2.3：判绿 211 次、不适用 0 次
  I-2.4：判绿 211 次、不适用 0 次
  I-2.5：判绿 211 次、不适用 0 次
  I-3.1：判绿 201 次、不适用 8 次
  I-3.8：判绿 211 次、不适用 0 次
  I-3.9：判绿 203 次、不适用 8 次
  I-4.8：判绿 211 次、不适用 0 次
  I-5.1：判绿 211 次、不适用 0 次
  I-5.2：判绿 203 次、不适用 8 次
  I-5.4：判绿 203 次、不适用 8 次
  I-7.1：判绿 211 次、不适用 0 次
  I-7.2：判绿 211 次、不适用 0 次
  I-7.4：判绿 211 次、不适用 0 次
  I-7.6：判绿 211 次、不适用 0 次
  I-7.7：判绿 211 次、不适用 0 次
  I-7.8：判绿 211 次、不适用 0 次
  I-9.1：判绿 203 次、不适用 8 次
  I-9.2：判绿 203 次、不适用 8 次
  I-9.4：判绿 203 次、不适用 8 次
  I-9.7：判绿 203 次、不适用 8 次
  I-9.10：判绿 203 次、不适用 8 次
  I-9.13：判绿 203 次、不适用 8 次
  I-9.14：判绿 158 次、不适用 53 次
已知红第 0 条（增补 2 收口表第 ② 行（一次挂载转过一整圈根环时 checker 在合法状态上判 I-3.1 红））：1 段；前几个种子 [(578, Operation(18))]
已知红第 1 条（增补 2 收口表第 43 行）：1 段；前几个种子 [(582, Operation(15))]
新发现 ModelDisagreement { aspect: "拒绝的理由" }：第一个种子 576（同签名的种子 [576, 577, 579, 580, 581, 583, 584, 585, 586, 587, 588, 589, 591, 592, 593, 594, 596, 597, 598, 599, 600, 602, 603, 604, 605, 606, 608, 609, 610, 611, 612, 613, 614, 615, 617, 618, 619, 620, 621, 622, 623]），在 Operation(16)（Some(CloseAndMountRollback)）之后
  模型对不上（拒绝的理由）：模型答 MountRollback 该拒：["回退到树表 0 条的根（第一版不支持）"]；实现 拒了：MountError::RollbackTargetNotACandidate（txg 低于生效的回退下界 F）
  没收缩（这一档只报种子）：SINGLEFS_RANDOM_HISTORY_SHRINK_SEED=576 跑「收缩一个种子」那条 #[ignore] 用例，或跑大档
新发现 ModelDisagreement { aspect: "模型说该成、实现拒了" }：第一个种子 590（同签名的种子 [590, 595, 601, 607, 616]），在 Operation(27)（Some(CloseAndMountRollback)）之后
  模型对不上（模型说该成、实现拒了）：模型答 MountRollback 该成（写出 [(15, 3), (16, 3)]；允许拒的只有容量墙区间与 []）；实现 拒了：MountError::RollbackTargetNotACandidate（txg 低于生效的回退下界 F）
  没收缩（这一档只报种子）：SINGLEFS_RANDOM_HISTORY_SHRINK_SEED=590 跑「收缩一个种子」那条 #[ignore] 用例，或跑大档
每个新发现的种子：[(576, ModelDisagreement { aspect: "拒绝的理由" }), (577, ModelDisagreement { aspect: "拒绝的理由" }), (579, ModelDisagreement { aspect: "拒绝的理由" }), (580, ModelDisagreement { aspect: "拒绝的理由" }), (581, ModelDisagreement { aspect: "拒绝的理由" }), (583, ModelDisagreement { aspect: "拒绝的理由" }), (584, ModelDisagreement { aspect: "拒绝的理由" }), (585, ModelDisagreement { aspect: "拒绝的理由" }), (586, ModelDisagreement { aspect: "拒绝的理由" }), (587, ModelDisagreement { aspect: "拒绝的理由" }), (588, ModelDisagreement { aspect: "拒绝的理由" }), (589, ModelDisagreement { aspect: "拒绝的理由" }), (591, ModelDisagreement { aspect: "拒绝的理由" }), (592, ModelDisagreement { aspect: "拒绝的理由" }), (593, ModelDisagreement { aspect: "拒绝的理由" }), (594, ModelDisagreement { aspect: "拒绝的理由" }), (596, ModelDisagreement { aspect: "拒绝的理由" }), (597, ModelDisagreement { aspect: "拒绝的理由" }), (598, ModelDisagreement { aspect: "拒绝的理由" }), (599, ModelDisagreement { aspect: "拒绝的理由" }), (600, ModelDisagreement { aspect: "拒绝的理由" }), (602, ModelDisagreement { aspect: "拒绝的理由" }), (603, ModelDisagreement { aspect: "拒绝的理由" }), (604, ModelDisagreement { aspect: "拒绝的理由" }), (605, ModelDisagreement { aspect: "拒绝的理由" }), (606, ModelDisagreement { aspect: "拒绝的理由" }), (608, ModelDisagreement { aspect: "拒绝的理由" }), (609, ModelDisagreement { aspect: "拒绝的理由" }), (610, ModelDisagreement { aspect: "拒绝的理由" }), (611, ModelDisagreement { aspect: "拒绝的理由" }), (612, ModelDisagreement { aspect: "拒绝的理由" }), (613, ModelDisagreement { aspect: "拒绝的理由" }), (614, ModelDisagreement { aspect: "拒绝的理由" }), (615, ModelDisagreement { aspect: "拒绝的理由" }), (617, ModelDisagreement { aspect: "拒绝的理由" }), (618, ModelDisagreement { aspect: "拒绝的理由" }), (619, ModelDisagreement { aspect: "拒绝的理由" }), (620, ModelDisagreement { aspect: "拒绝的理由" }), (621, ModelDisagreement { aspect: "拒绝的理由" }), (622, ModelDisagreement { aspect: "拒绝的理由" }), (623, ModelDisagreement { aspect: "拒绝的理由" }), (590, ModelDisagreement { aspect: "模型说该成、实现拒了" }), (595, ModelDisagreement { aspect: "模型说该成、实现拒了" }), (601, ModelDisagreement { aspect: "模型说该成、实现拒了" }), (607, ModelDisagreement { aspect: "模型说该成、实现拒了" }), (616, ModelDisagreement { aspect: "模型说该成、实现拒了" })]
用时 0.7 秒
test random_histories_large_tier_seeds_and_length_from_the_environment ... FAILED

failures:

failures:
    random_histories_large_tier_seeds_and_length_from_the_environment

test result: FAILED. 0 passed; 1 failed; 0 ignored; 0 measured; 9 filtered out; finished in 0.68s

