
running 1 test
── 随机历史大档 ──
种子 [240, 288)，每段 30 步，比重：偏向抬 F 之后回退（B2 那一格的取样点）
历史 48 段：跑完 1、以已知红收尾 {0: 2}、新发现 45；根环转过一圈的 4 段；最高 txg 37
  操作 PublishFirstFile：Ok 4、Err 1、前提不满足没调 0
  操作 PublishOverwrite：Ok 109、Err 12、前提不满足没调 26
  操作 PublishWithoutUnits：Ok 0、Err 0、前提不满足没调 5
  操作 CloseAndMountWritable：Ok 34、Err 0、前提不满足没调 0
  操作 CloseAndMountRollback：Ok 27、Err 66、前提不满足没调 0
  操作 RaiseRollbackFloor：Ok 13、Err 61、前提不满足没调 14
  操作 ColdStartRecover：Ok 3、Err 0、前提不满足没调 0
  内容长度 0 字节：入口被调 14 次、发成 14 次
  内容长度 [1, 载荷容量 − 2]：入口被调 72 次、发成 72 次
  内容长度 数据单元整宽 32768（装不下）：入口被调 4 次、发成 0 次
  内容长度 载荷容量：入口被调 16 次、发成 16 次
  内容长度 载荷容量 + 1（装不下）：入口被调 8 次、发成 0 次
  内容长度 载荷容量 − 1：入口被调 12 次、发成 11 次
  Err 成员 MountError::RaiseNeedsRewrittenInstanceTableUnitInCurrentVersion：25 次
  Err 成员 MountError::RollbackFloorAboveCeiling：36 次
  Err 成员 MountError::RollbackTargetNotACandidate（txg 低于生效的回退下界 F）：46 次
  Err 成员 MountError::RollbackTargetNotACandidate（实例表里那个实例的行 T 更小：这是被抛弃时间线的根）：1 次
  Err 成员 MountError::RollbackTargetNotInRing：11 次
  Err 成员 MountError::RollbackToVersionWithoutFileUnsupported：8 次
  Err 成员 PublishError::ContentExceedsDataUnit：12 次
  Err 成员 PublishError::FirstFileVersionNotRightAfterTheSecondWarmUp：1 次
  前提不满足（没有可写会话）：42 次
  前提不满足（现行版本带文件）：3 次
  冷启动结局 FileRead：3 次
  一次挂载里最多写出 12 条根；一段历史里最多挂载成功 7 次、最多试挂载 12 次
  抬 F 回收到落点 7 次、共回收 140 个落点；复用已释放的记录 46 条（其中跨度变了 14 条）；已释放的记录被罩住起点 0 条、被删 0 条
  挂载写出的发布比过分配记录 137 次；挂载之前生效根的分配记录读不出、没比的挂载 0 次
  checker 跑了 235 次；一个写都没发、沿用上一次结论的 188 步
  模型对拍 373 步：该拒而拒 70、区间里拒 25、该成而成 233；比过根 332 条、分配记录 5614 条、冷启动内容 3 次、抬 F 上限 49 次；回退到 txg = F_生效 > 0 的根做成 0 次
  I-1.1：判绿 235 次、不适用 0 次
  I-1.3：判绿 235 次、不适用 0 次
  I-1.4：判绿 235 次、不适用 0 次
  I-1.6：判绿 235 次、不适用 0 次
  I-1.7：判绿 235 次、不适用 0 次
  I-2.1：判绿 235 次、不适用 0 次
  I-2.3：判绿 235 次、不适用 0 次
  I-2.4：判绿 235 次、不适用 0 次
  I-2.5：判绿 235 次、不适用 0 次
  I-3.1：判绿 223 次、不适用 10 次
  I-3.8：判绿 235 次、不适用 0 次
  I-3.9：判绿 225 次、不适用 10 次
  I-4.8：判绿 235 次、不适用 0 次
  I-5.1：判绿 235 次、不适用 0 次
  I-5.2：判绿 225 次、不适用 10 次
  I-5.4：判绿 225 次、不适用 10 次
  I-7.1：判绿 235 次、不适用 0 次
  I-7.2：判绿 235 次、不适用 0 次
  I-7.4：判绿 235 次、不适用 0 次
  I-7.6：判绿 235 次、不适用 0 次
  I-7.7：判绿 235 次、不适用 0 次
  I-7.8：判绿 235 次、不适用 0 次
  I-9.1：判绿 225 次、不适用 10 次
  I-9.2：判绿 225 次、不适用 10 次
  I-9.4：判绿 225 次、不适用 10 次
  I-9.7：判绿 225 次、不适用 10 次
  I-9.10：判绿 225 次、不适用 10 次
  I-9.13：判绿 225 次、不适用 10 次
  I-9.14：判绿 178 次、不适用 57 次
已知红第 0 条（增补 2 收口表第 ② 行（一次挂载转过一整圈根环时 checker 在合法状态上判 I-3.1 红））：2 段；前几个种子 [(256, Operation(19)), (260, Operation(23))]
已知红第 1 条（增补 2 收口表第 43 行）：0 段；前几个种子 []
新发现 ModelDisagreement { aspect: "拒绝的理由" }：第一个种子 240（同签名的种子 [240, 241, 242, 243, 244, 245, 247, 248, 249, 250, 251, 252, 253, 254, 255, 258, 259, 261, 262, 263, 265, 266, 267, 269, 270, 271, 272, 273, 274, 275, 276, 277, 278, 279, 280, 281, 282, 283, 284, 285, 286, 287]），在 Operation(9)（Some(CloseAndMountRollback)）之后
  模型对不上（拒绝的理由）：模型答 MountRollback 该拒：["回退到树表 0 条的根（第一版不支持）"]；实现 拒了：MountError::RollbackTargetNotACandidate（txg 低于生效的回退下界 F）
  没收缩（这一档只报种子）：SINGLEFS_RANDOM_HISTORY_SHRINK_SEED=240 跑「收缩一个种子」那条 #[ignore] 用例，或跑大档
新发现 ModelDisagreement { aspect: "模型说该成、实现拒了" }：第一个种子 257（同签名的种子 [257, 264, 268]），在 Operation(13)（Some(CloseAndMountRollback)）之后
  模型对不上（模型说该成、实现拒了）：模型答 MountRollback 该成（写出 [(16, 3), (17, 3)]；允许拒的只有容量墙区间与 []）；实现 拒了：MountError::RollbackTargetNotACandidate（txg 低于生效的回退下界 F）
  没收缩（这一档只报种子）：SINGLEFS_RANDOM_HISTORY_SHRINK_SEED=257 跑「收缩一个种子」那条 #[ignore] 用例，或跑大档
每个新发现的种子：[(240, ModelDisagreement { aspect: "拒绝的理由" }), (241, ModelDisagreement { aspect: "拒绝的理由" }), (242, ModelDisagreement { aspect: "拒绝的理由" }), (243, ModelDisagreement { aspect: "拒绝的理由" }), (244, ModelDisagreement { aspect: "拒绝的理由" }), (245, ModelDisagreement { aspect: "拒绝的理由" }), (247, ModelDisagreement { aspect: "拒绝的理由" }), (248, ModelDisagreement { aspect: "拒绝的理由" }), (249, ModelDisagreement { aspect: "拒绝的理由" }), (250, ModelDisagreement { aspect: "拒绝的理由" }), (251, ModelDisagreement { aspect: "拒绝的理由" }), (252, ModelDisagreement { aspect: "拒绝的理由" }), (253, ModelDisagreement { aspect: "拒绝的理由" }), (254, ModelDisagreement { aspect: "拒绝的理由" }), (255, ModelDisagreement { aspect: "拒绝的理由" }), (258, ModelDisagreement { aspect: "拒绝的理由" }), (259, ModelDisagreement { aspect: "拒绝的理由" }), (261, ModelDisagreement { aspect: "拒绝的理由" }), (262, ModelDisagreement { aspect: "拒绝的理由" }), (263, ModelDisagreement { aspect: "拒绝的理由" }), (265, ModelDisagreement { aspect: "拒绝的理由" }), (266, ModelDisagreement { aspect: "拒绝的理由" }), (267, ModelDisagreement { aspect: "拒绝的理由" }), (269, ModelDisagreement { aspect: "拒绝的理由" }), (270, ModelDisagreement { aspect: "拒绝的理由" }), (271, ModelDisagreement { aspect: "拒绝的理由" }), (272, ModelDisagreement { aspect: "拒绝的理由" }), (273, ModelDisagreement { aspect: "拒绝的理由" }), (274, ModelDisagreement { aspect: "拒绝的理由" }), (275, ModelDisagreement { aspect: "拒绝的理由" }), (276, ModelDisagreement { aspect: "拒绝的理由" }), (277, ModelDisagreement { aspect: "拒绝的理由" }), (278, ModelDisagreement { aspect: "拒绝的理由" }), (279, ModelDisagreement { aspect: "拒绝的理由" }), (280, ModelDisagreement { aspect: "拒绝的理由" }), (281, ModelDisagreement { aspect: "拒绝的理由" }), (282, ModelDisagreement { aspect: "拒绝的理由" }), (283, ModelDisagreement { aspect: "拒绝的理由" }), (284, ModelDisagreement { aspect: "拒绝的理由" }), (285, ModelDisagreement { aspect: "拒绝的理由" }), (286, ModelDisagreement { aspect: "拒绝的理由" }), (287, ModelDisagreement { aspect: "拒绝的理由" }), (257, ModelDisagreement { aspect: "模型说该成、实现拒了" }), (264, ModelDisagreement { aspect: "模型说该成、实现拒了" }), (268, ModelDisagreement { aspect: "模型说该成、实现拒了" })]
用时 0.8 秒
test random_histories_large_tier_seeds_and_length_from_the_environment ... FAILED

failures:

failures:
    random_histories_large_tier_seeds_and_length_from_the_environment

test result: FAILED. 0 passed; 1 failed; 0 ignored; 0 measured; 9 filtered out; finished in 0.78s

