
running 1 test
── 随机历史大档 ──
种子 [0, 48)，每段 30 步，比重：偏向抬 F 之后回退（B2 那一格的取样点）
历史 48 段：跑完 0、以已知红收尾 {}、新发现 48；根环转过一圈的 0 段；最高 txg 23
  操作 PublishFirstFile：Ok 3、Err 2、前提不满足没调 0
  操作 PublishOverwrite：Ok 109、Err 9、前提不满足没调 35
  操作 PublishWithoutUnits：Ok 0、Err 0、前提不满足没调 2
  操作 CloseAndMountWritable：Ok 26、Err 0、前提不满足没调 0
  操作 CloseAndMountRollback：Ok 26、Err 75、前提不满足没调 0
  操作 RaiseRollbackFloor：Ok 10、Err 48、前提不满足没调 22
  操作 ColdStartRecover：Ok 3、Err 0、前提不满足没调 0
  内容长度 0 字节：入口被调 17 次、发成 17 次
  内容长度 [1, 载荷容量 − 2]：入口被调 77 次、发成 75 次
  内容长度 数据单元整宽 32768（装不下）：入口被调 5 次、发成 0 次
  内容长度 载荷容量：入口被调 10 次、发成 10 次
  内容长度 载荷容量 + 1（装不下）：入口被调 4 次、发成 0 次
  内容长度 载荷容量 − 1：入口被调 10 次、发成 10 次
  Err 成员 MountError::RaiseNeedsRewrittenInstanceTableUnitInCurrentVersion：28 次
  Err 成员 MountError::RollbackFloorAboveCeiling：20 次
  Err 成员 MountError::RollbackTargetNotACandidate（txg 低于生效的回退下界 F）：48 次
  Err 成员 MountError::RollbackTargetNotInRing：17 次
  Err 成员 MountError::RollbackToVersionWithoutFileUnsupported：10 次
  Err 成员 PublishError::ContentExceedsDataUnit：9 次
  Err 成员 PublishError::FirstFileVersionNotRightAfterTheSecondWarmUp：2 次
  前提不满足（没有可写会话）：57 次
  前提不满足（现行版本带文件）：2 次
  冷启动结局 FileRead：2 次
  冷启动结局 NoFile：1 次
  一次挂载里最多写出 9 条根；一段历史里最多挂载成功 5 次、最多试挂载 9 次
  抬 F 回收到落点 2 次、共回收 52 个落点；复用已释放的记录 8 条（其中跨度变了 4 条）；已释放的记录被罩住起点 0 条、被删 0 条
  挂载写出的发布比过分配记录 116 次；挂载之前生效根的分配记录读不出、没比的挂载 0 次
  checker 跑了 222 次；一个写都没发、沿用上一次结论的 196 步
  模型对拍 353 步：该拒而拒 58、区间里拒 28、该成而成 219；比过根 303 条、分配记录 5118 条、冷启动内容 2 次、抬 F 上限 30 次；回退到 txg = F_生效 > 0 的根做成 0 次
  I-1.1：判绿 222 次、不适用 0 次
  I-1.3：判绿 222 次、不适用 0 次
  I-1.4：判绿 222 次、不适用 0 次
  I-1.6：判绿 222 次、不适用 0 次
  I-1.7：判绿 222 次、不适用 0 次
  I-2.1：判绿 222 次、不适用 0 次
  I-2.3：判绿 222 次、不适用 0 次
  I-2.4：判绿 222 次、不适用 0 次
  I-2.5：判绿 222 次、不适用 0 次
  I-3.1：判绿 212 次、不适用 10 次
  I-3.8：判绿 222 次、不适用 0 次
  I-3.9：判绿 212 次、不适用 10 次
  I-4.8：判绿 222 次、不适用 0 次
  I-5.1：判绿 222 次、不适用 0 次
  I-5.2：判绿 212 次、不适用 10 次
  I-5.4：判绿 212 次、不适用 10 次
  I-7.1：判绿 222 次、不适用 0 次
  I-7.2：判绿 222 次、不适用 0 次
  I-7.4：判绿 222 次、不适用 0 次
  I-7.6：判绿 222 次、不适用 0 次
  I-7.7：判绿 222 次、不适用 0 次
  I-7.8：判绿 222 次、不适用 0 次
  I-9.1：判绿 212 次、不适用 10 次
  I-9.2：判绿 212 次、不适用 10 次
  I-9.4：判绿 212 次、不适用 10 次
  I-9.7：判绿 212 次、不适用 10 次
  I-9.10：判绿 212 次、不适用 10 次
  I-9.13：判绿 212 次、不适用 10 次
  I-9.14：判绿 167 次、不适用 55 次
已知红第 0 条（增补 2 收口表第 ② 行（一次挂载转过一整圈根环时 checker 在合法状态上判 I-3.1 红））：0 段；前几个种子 []
已知红第 1 条（增补 2 收口表第 43 行）：0 段；前几个种子 []
新发现 ModelDisagreement { aspect: "拒绝的理由" }：第一个种子 0（同签名的种子 [0, 1, 2, 3, 4, 5, 6, 8, 9, 10, 11, 12, 13, 14, 15, 16, 17, 18, 19, 20, 21, 22, 23, 24, 25, 26, 27, 28, 29, 30, 31, 32, 33, 34, 35, 37, 38, 39, 40, 41, 42, 43, 44, 45, 46, 47]），在 Operation(10)（Some(CloseAndMountRollback)）之后
  模型对不上（拒绝的理由）：模型答 MountRollback 该拒：["回退到树表 0 条的根（第一版不支持）"]；实现 拒了：MountError::RollbackTargetNotACandidate（txg 低于生效的回退下界 F）
  没收缩（这一档只报种子）：SINGLEFS_RANDOM_HISTORY_SHRINK_SEED=0 跑「收缩一个种子」那条 #[ignore] 用例，或跑大档
新发现 ModelDisagreement { aspect: "模型说该成、实现拒了" }：第一个种子 7（同签名的种子 [7, 36]），在 Operation(16)（Some(CloseAndMountRollback)）之后
  模型对不上（模型说该成、实现拒了）：模型答 MountRollback 该成（写出 [(19, 4), (20, 4)]；允许拒的只有容量墙区间与 []）；实现 拒了：MountError::RollbackTargetNotACandidate（txg 低于生效的回退下界 F）
  没收缩（这一档只报种子）：SINGLEFS_RANDOM_HISTORY_SHRINK_SEED=7 跑「收缩一个种子」那条 #[ignore] 用例，或跑大档
每个新发现的种子：[(0, ModelDisagreement { aspect: "拒绝的理由" }), (1, ModelDisagreement { aspect: "拒绝的理由" }), (2, ModelDisagreement { aspect: "拒绝的理由" }), (3, ModelDisagreement { aspect: "拒绝的理由" }), (4, ModelDisagreement { aspect: "拒绝的理由" }), (5, ModelDisagreement { aspect: "拒绝的理由" }), (6, ModelDisagreement { aspect: "拒绝的理由" }), (8, ModelDisagreement { aspect: "拒绝的理由" }), (9, ModelDisagreement { aspect: "拒绝的理由" }), (10, ModelDisagreement { aspect: "拒绝的理由" }), (11, ModelDisagreement { aspect: "拒绝的理由" }), (12, ModelDisagreement { aspect: "拒绝的理由" }), (13, ModelDisagreement { aspect: "拒绝的理由" }), (14, ModelDisagreement { aspect: "拒绝的理由" }), (15, ModelDisagreement { aspect: "拒绝的理由" }), (16, ModelDisagreement { aspect: "拒绝的理由" }), (17, ModelDisagreement { aspect: "拒绝的理由" }), (18, ModelDisagreement { aspect: "拒绝的理由" }), (19, ModelDisagreement { aspect: "拒绝的理由" }), (20, ModelDisagreement { aspect: "拒绝的理由" }), (21, ModelDisagreement { aspect: "拒绝的理由" }), (22, ModelDisagreement { aspect: "拒绝的理由" }), (23, ModelDisagreement { aspect: "拒绝的理由" }), (24, ModelDisagreement { aspect: "拒绝的理由" }), (25, ModelDisagreement { aspect: "拒绝的理由" }), (26, ModelDisagreement { aspect: "拒绝的理由" }), (27, ModelDisagreement { aspect: "拒绝的理由" }), (28, ModelDisagreement { aspect: "拒绝的理由" }), (29, ModelDisagreement { aspect: "拒绝的理由" }), (30, ModelDisagreement { aspect: "拒绝的理由" }), (31, ModelDisagreement { aspect: "拒绝的理由" }), (32, ModelDisagreement { aspect: "拒绝的理由" }), (33, ModelDisagreement { aspect: "拒绝的理由" }), (34, ModelDisagreement { aspect: "拒绝的理由" }), (35, ModelDisagreement { aspect: "拒绝的理由" }), (37, ModelDisagreement { aspect: "拒绝的理由" }), (38, ModelDisagreement { aspect: "拒绝的理由" }), (39, ModelDisagreement { aspect: "拒绝的理由" }), (40, ModelDisagreement { aspect: "拒绝的理由" }), (41, ModelDisagreement { aspect: "拒绝的理由" }), (42, ModelDisagreement { aspect: "拒绝的理由" }), (43, ModelDisagreement { aspect: "拒绝的理由" }), (44, ModelDisagreement { aspect: "拒绝的理由" }), (45, ModelDisagreement { aspect: "拒绝的理由" }), (46, ModelDisagreement { aspect: "拒绝的理由" }), (47, ModelDisagreement { aspect: "拒绝的理由" }), (7, ModelDisagreement { aspect: "模型说该成、实现拒了" }), (36, ModelDisagreement { aspect: "模型说该成、实现拒了" })]
用时 0.6 秒
test random_histories_large_tier_seeds_and_length_from_the_environment ... FAILED

failures:

failures:
    random_histories_large_tier_seeds_and_length_from_the_environment

test result: FAILED. 0 passed; 1 failed; 0 ignored; 0 measured; 9 filtered out; finished in 0.58s

