
running 1 test
── 随机历史大档 ──
种子 [912, 960)，每段 30 步，比重：偏向抬 F 之后回退（B2 那一格的取样点）
历史 48 段：跑完 0、以已知红收尾 {0: 2}、新发现 46；根环转过一圈的 2 段；最高 txg 28
  操作 PublishFirstFile：Ok 6、Err 3、前提不满足没调 0
  操作 PublishOverwrite：Ok 89、Err 15、前提不满足没调 31
  操作 PublishWithoutUnits：Ok 0、Err 0、前提不满足没调 3
  操作 CloseAndMountWritable：Ok 30、Err 0、前提不满足没调 0
  操作 CloseAndMountRollback：Ok 18、Err 67、前提不满足没调 0
  操作 RaiseRollbackFloor：Ok 4、Err 51、前提不满足没调 16
  操作 ColdStartRecover：Ok 5、Err 0、前提不满足没调 0
  内容长度 0 字节：入口被调 17 次、发成 17 次
  内容长度 [1, 载荷容量 − 2]：入口被调 67 次、发成 65 次
  内容长度 数据单元整宽 32768（装不下）：入口被调 9 次、发成 0 次
  内容长度 载荷容量：入口被调 5 次、发成 5 次
  内容长度 载荷容量 + 1（装不下）：入口被调 7 次、发成 0 次
  内容长度 载荷容量 − 1：入口被调 8 次、发成 8 次
  Err 成员 MountError::RaiseNeedsRewrittenInstanceTableUnitInCurrentVersion：31 次
  Err 成员 MountError::RollbackFloorAboveCeiling：20 次
  Err 成员 MountError::RollbackTargetNotACandidate（txg 低于生效的回退下界 F）：46 次
  Err 成员 MountError::RollbackTargetNotACandidate（实例表里那个实例的行 T 更小：这是被抛弃时间线的根）：2 次
  Err 成员 MountError::RollbackTargetNotInRing：13 次
  Err 成员 MountError::RollbackToVersionWithoutFileUnsupported：6 次
  Err 成员 PublishError::ContentExceedsDataUnit：16 次
  Err 成员 PublishError::FirstFileVersionNotRightAfterTheSecondWarmUp：2 次
  前提不满足（没有可写会话）：46 次
  前提不满足（现行版本带文件）：2 次
  前提不满足（现行版本树表 0 条）：2 次
  冷启动结局 FileRead：5 次
  一次挂载里最多写出 9 条根；一段历史里最多挂载成功 7 次、最多试挂载 7 次
  抬 F 回收到落点 2 次、共回收 23 个落点；复用已释放的记录 0 条（其中跨度变了 0 条）；已释放的记录被罩住起点 0 条、被删 0 条
  挂载写出的发布比过分配记录 96 次；挂载之前生效根的分配记录读不出、没比的挂载 0 次
  checker 跑了 195 次；一个写都没发、沿用上一次结论的 191 步
  模型对拍 329 步：该拒而拒 59、区间里拒 31、该成而成 193；比过根 256 条、分配记录 4172 条、冷启动内容 5 次、抬 F 上限 24 次；回退到 txg = F_生效 > 0 的根做成 0 次
  I-1.1：判绿 195 次、不适用 0 次
  I-1.3：判绿 195 次、不适用 0 次
  I-1.4：判绿 195 次、不适用 0 次
  I-1.6：判绿 195 次、不适用 0 次
  I-1.7：判绿 195 次、不适用 0 次
  I-2.1：判绿 195 次、不适用 0 次
  I-2.3：判绿 195 次、不适用 0 次
  I-2.4：判绿 195 次、不适用 0 次
  I-2.5：判绿 195 次、不适用 0 次
  I-3.1：判绿 179 次、不适用 14 次
  I-3.8：判绿 195 次、不适用 0 次
  I-3.9：判绿 181 次、不适用 14 次
  I-4.8：判绿 195 次、不适用 0 次
  I-5.1：判绿 195 次、不适用 0 次
  I-5.2：判绿 181 次、不适用 14 次
  I-5.4：判绿 181 次、不适用 14 次
  I-7.1：判绿 195 次、不适用 0 次
  I-7.2：判绿 195 次、不适用 0 次
  I-7.4：判绿 195 次、不适用 0 次
  I-7.6：判绿 195 次、不适用 0 次
  I-7.7：判绿 195 次、不适用 0 次
  I-7.8：判绿 195 次、不适用 0 次
  I-9.1：判绿 181 次、不适用 14 次
  I-9.2：判绿 181 次、不适用 14 次
  I-9.4：判绿 181 次、不适用 14 次
  I-9.7：判绿 181 次、不适用 14 次
  I-9.10：判绿 181 次、不适用 14 次
  I-9.13：判绿 181 次、不适用 14 次
  I-9.14：判绿 134 次、不适用 61 次
已知红第 0 条（增补 2 收口表第 ② 行（一次挂载转过一整圈根环时 checker 在合法状态上判 I-3.1 红））：2 段；前几个种子 [(924, Operation(20)), (955, Operation(18))]
已知红第 1 条（增补 2 收口表第 43 行）：0 段；前几个种子 []
新发现 ModelDisagreement { aspect: "拒绝的理由" }：第一个种子 912（同签名的种子 [912, 913, 914, 915, 916, 917, 918, 919, 920, 921, 922, 923, 925, 926, 927, 928, 929, 930, 931, 932, 933, 934, 935, 936, 937, 938, 939, 940, 941, 942, 944, 945, 946, 947, 948, 949, 950, 951, 952, 953, 954, 956, 957, 958, 959]），在 Operation(0)（Some(CloseAndMountRollback)）之后
  模型对不上（拒绝的理由）：模型答 MountRollback 该拒：["回退到树表 0 条的根（第一版不支持）"]；实现 拒了：MountError::RollbackTargetNotACandidate（txg 低于生效的回退下界 F）
  没收缩（这一档只报种子）：SINGLEFS_RANDOM_HISTORY_SHRINK_SEED=912 跑「收缩一个种子」那条 #[ignore] 用例，或跑大档
新发现 ModelDisagreement { aspect: "模型说该成、实现拒了" }：第一个种子 943（同签名的种子 [943]），在 Operation(9)（Some(CloseAndMountRollback)）之后
  模型对不上（模型说该成、实现拒了）：模型答 MountRollback 该成（写出 [(14, 3), (15, 3), (16, 3)]；允许拒的只有容量墙区间与 []）；实现 拒了：MountError::RollbackTargetNotACandidate（txg 低于生效的回退下界 F）
  没收缩（这一档只报种子）：SINGLEFS_RANDOM_HISTORY_SHRINK_SEED=943 跑「收缩一个种子」那条 #[ignore] 用例，或跑大档
每个新发现的种子：[(912, ModelDisagreement { aspect: "拒绝的理由" }), (913, ModelDisagreement { aspect: "拒绝的理由" }), (914, ModelDisagreement { aspect: "拒绝的理由" }), (915, ModelDisagreement { aspect: "拒绝的理由" }), (916, ModelDisagreement { aspect: "拒绝的理由" }), (917, ModelDisagreement { aspect: "拒绝的理由" }), (918, ModelDisagreement { aspect: "拒绝的理由" }), (919, ModelDisagreement { aspect: "拒绝的理由" }), (920, ModelDisagreement { aspect: "拒绝的理由" }), (921, ModelDisagreement { aspect: "拒绝的理由" }), (922, ModelDisagreement { aspect: "拒绝的理由" }), (923, ModelDisagreement { aspect: "拒绝的理由" }), (925, ModelDisagreement { aspect: "拒绝的理由" }), (926, ModelDisagreement { aspect: "拒绝的理由" }), (927, ModelDisagreement { aspect: "拒绝的理由" }), (928, ModelDisagreement { aspect: "拒绝的理由" }), (929, ModelDisagreement { aspect: "拒绝的理由" }), (930, ModelDisagreement { aspect: "拒绝的理由" }), (931, ModelDisagreement { aspect: "拒绝的理由" }), (932, ModelDisagreement { aspect: "拒绝的理由" }), (933, ModelDisagreement { aspect: "拒绝的理由" }), (934, ModelDisagreement { aspect: "拒绝的理由" }), (935, ModelDisagreement { aspect: "拒绝的理由" }), (936, ModelDisagreement { aspect: "拒绝的理由" }), (937, ModelDisagreement { aspect: "拒绝的理由" }), (938, ModelDisagreement { aspect: "拒绝的理由" }), (939, ModelDisagreement { aspect: "拒绝的理由" }), (940, ModelDisagreement { aspect: "拒绝的理由" }), (941, ModelDisagreement { aspect: "拒绝的理由" }), (942, ModelDisagreement { aspect: "拒绝的理由" }), (944, ModelDisagreement { aspect: "拒绝的理由" }), (945, ModelDisagreement { aspect: "拒绝的理由" }), (946, ModelDisagreement { aspect: "拒绝的理由" }), (947, ModelDisagreement { aspect: "拒绝的理由" }), (948, ModelDisagreement { aspect: "拒绝的理由" }), (949, ModelDisagreement { aspect: "拒绝的理由" }), (950, ModelDisagreement { aspect: "拒绝的理由" }), (951, ModelDisagreement { aspect: "拒绝的理由" }), (952, ModelDisagreement { aspect: "拒绝的理由" }), (953, ModelDisagreement { aspect: "拒绝的理由" }), (954, ModelDisagreement { aspect: "拒绝的理由" }), (956, ModelDisagreement { aspect: "拒绝的理由" }), (957, ModelDisagreement { aspect: "拒绝的理由" }), (958, ModelDisagreement { aspect: "拒绝的理由" }), (959, ModelDisagreement { aspect: "拒绝的理由" }), (943, ModelDisagreement { aspect: "模型说该成、实现拒了" })]
用时 0.8 秒
test random_histories_large_tier_seeds_and_length_from_the_environment ... FAILED

failures:

failures:
    random_histories_large_tier_seeds_and_length_from_the_environment

test result: FAILED. 0 passed; 1 failed; 0 ignored; 0 measured; 9 filtered out; finished in 0.77s

