
running 1 test
── 随机历史大档 ──
种子 [432, 480)，每段 30 步，比重：偏向抬 F 之后回退（B2 那一格的取样点）
历史 48 段：跑完 0、以已知红收尾 {}、新发现 48；根环转过一圈的 1 段；最高 txg 31
  操作 PublishFirstFile：Ok 2、Err 4、前提不满足没调 2
  操作 PublishOverwrite：Ok 76、Err 8、前提不满足没调 13
  操作 PublishWithoutUnits：Ok 0、Err 0、前提不满足没调 0
  操作 CloseAndMountWritable：Ok 26、Err 0、前提不满足没调 0
  操作 CloseAndMountRollback：Ok 7、Err 67、前提不满足没调 0
  操作 RaiseRollbackFloor：Ok 8、Err 41、前提不满足没调 11
  操作 ColdStartRecover：Ok 1、Err 0、前提不满足没调 0
  内容长度 0 字节：入口被调 12 次、发成 10 次
  内容长度 [1, 载荷容量 − 2]：入口被调 58 次、发成 58 次
  内容长度 数据单元整宽 32768（装不下）：入口被调 4 次、发成 0 次
  内容长度 载荷容量：入口被调 7 次、发成 6 次
  内容长度 载荷容量 + 1（装不下）：入口被调 4 次、发成 0 次
  内容长度 载荷容量 − 1：入口被调 5 次、发成 4 次
  Err 成员 MountError::RaiseNeedsRewrittenInstanceTableUnitInCurrentVersion：22 次
  Err 成员 MountError::RollbackFloorAboveCeiling：19 次
  Err 成员 MountError::RollbackTargetNotACandidate（txg 低于生效的回退下界 F）：48 次
  Err 成员 MountError::RollbackTargetNotInRing：7 次
  Err 成员 MountError::RollbackToVersionWithoutFileUnsupported：12 次
  Err 成员 PublishError::ContentExceedsDataUnit：8 次
  Err 成员 PublishError::FirstFileVersionNotRightAfterTheSecondWarmUp：4 次
  前提不满足（没有可写会话）：26 次
  冷启动结局 FileRead：1 次
  一次挂载里最多写出 13 条根；一段历史里最多挂载成功 5 次、最多试挂载 6 次
  抬 F 回收到落点 4 次、共回收 85 个落点；复用已释放的记录 8 条（其中跨度变了 4 条）；已释放的记录被罩住起点 0 条、被删 0 条
  挂载写出的发布比过分配记录 67 次；挂载之前生效根的分配记录读不出、没比的挂载 0 次
  checker 跑了 167 次；一个写都没发、沿用上一次结论的 147 步
  模型对拍 281 步：该拒而拒 50、区间里拒 22、该成而成 161；比过根 213 条、分配记录 3520 条、冷启动内容 1 次、抬 F 上限 27 次；回退到 txg = F_生效 > 0 的根做成 0 次
  I-1.1：判绿 167 次、不适用 0 次
  I-1.3：判绿 167 次、不适用 0 次
  I-1.4：判绿 167 次、不适用 0 次
  I-1.6：判绿 167 次、不适用 0 次
  I-1.7：判绿 167 次、不适用 0 次
  I-2.1：判绿 167 次、不适用 0 次
  I-2.3：判绿 167 次、不适用 0 次
  I-2.4：判绿 167 次、不适用 0 次
  I-2.5：判绿 167 次、不适用 0 次
  I-3.1：判绿 156 次、不适用 11 次
  I-3.8：判绿 167 次、不适用 0 次
  I-3.9：判绿 156 次、不适用 11 次
  I-4.8：判绿 167 次、不适用 0 次
  I-5.1：判绿 167 次、不适用 0 次
  I-5.2：判绿 156 次、不适用 11 次
  I-5.4：判绿 156 次、不适用 11 次
  I-7.1：判绿 167 次、不适用 0 次
  I-7.2：判绿 167 次、不适用 0 次
  I-7.4：判绿 167 次、不适用 0 次
  I-7.6：判绿 167 次、不适用 0 次
  I-7.7：判绿 167 次、不适用 0 次
  I-7.8：判绿 167 次、不适用 0 次
  I-9.1：判绿 156 次、不适用 11 次
  I-9.2：判绿 156 次、不适用 11 次
  I-9.4：判绿 156 次、不适用 11 次
  I-9.7：判绿 156 次、不适用 11 次
  I-9.10：判绿 156 次、不适用 11 次
  I-9.13：判绿 156 次、不适用 11 次
  I-9.14：判绿 113 次、不适用 54 次
已知红第 0 条（增补 2 收口表第 ② 行（一次挂载转过一整圈根环时 checker 在合法状态上判 I-3.1 红））：0 段；前几个种子 []
已知红第 1 条（增补 2 收口表第 43 行）：0 段；前几个种子 []
新发现 ModelDisagreement { aspect: "拒绝的理由" }：第一个种子 432（同签名的种子 [432, 433, 434, 435, 436, 438, 440, 441, 442, 443, 444, 445, 446, 447, 448, 449, 451, 452, 453, 454, 455, 456, 457, 458, 459, 460, 462, 463, 464, 465, 466, 467, 468, 469, 470, 471, 472, 473, 474, 475, 476, 477, 478, 479]），在 Operation(0)（Some(CloseAndMountRollback)）之后
  模型对不上（拒绝的理由）：模型答 MountRollback 该拒：["回退到树表 0 条的根（第一版不支持）"]；实现 拒了：MountError::RollbackTargetNotACandidate（txg 低于生效的回退下界 F）
  没收缩（这一档只报种子）：SINGLEFS_RANDOM_HISTORY_SHRINK_SEED=432 跑「收缩一个种子」那条 #[ignore] 用例，或跑大档
新发现 ModelDisagreement { aspect: "模型说该成、实现拒了" }：第一个种子 437（同签名的种子 [437, 439, 450, 461]），在 Operation(15)（Some(CloseAndMountRollback)）之后
  模型对不上（模型说该成、实现拒了）：模型答 MountRollback 该成（写出 [(24, 6), (25, 6)]；允许拒的只有容量墙区间与 []）；实现 拒了：MountError::RollbackTargetNotACandidate（txg 低于生效的回退下界 F）
  没收缩（这一档只报种子）：SINGLEFS_RANDOM_HISTORY_SHRINK_SEED=437 跑「收缩一个种子」那条 #[ignore] 用例，或跑大档
每个新发现的种子：[(432, ModelDisagreement { aspect: "拒绝的理由" }), (433, ModelDisagreement { aspect: "拒绝的理由" }), (434, ModelDisagreement { aspect: "拒绝的理由" }), (435, ModelDisagreement { aspect: "拒绝的理由" }), (436, ModelDisagreement { aspect: "拒绝的理由" }), (438, ModelDisagreement { aspect: "拒绝的理由" }), (440, ModelDisagreement { aspect: "拒绝的理由" }), (441, ModelDisagreement { aspect: "拒绝的理由" }), (442, ModelDisagreement { aspect: "拒绝的理由" }), (443, ModelDisagreement { aspect: "拒绝的理由" }), (444, ModelDisagreement { aspect: "拒绝的理由" }), (445, ModelDisagreement { aspect: "拒绝的理由" }), (446, ModelDisagreement { aspect: "拒绝的理由" }), (447, ModelDisagreement { aspect: "拒绝的理由" }), (448, ModelDisagreement { aspect: "拒绝的理由" }), (449, ModelDisagreement { aspect: "拒绝的理由" }), (451, ModelDisagreement { aspect: "拒绝的理由" }), (452, ModelDisagreement { aspect: "拒绝的理由" }), (453, ModelDisagreement { aspect: "拒绝的理由" }), (454, ModelDisagreement { aspect: "拒绝的理由" }), (455, ModelDisagreement { aspect: "拒绝的理由" }), (456, ModelDisagreement { aspect: "拒绝的理由" }), (457, ModelDisagreement { aspect: "拒绝的理由" }), (458, ModelDisagreement { aspect: "拒绝的理由" }), (459, ModelDisagreement { aspect: "拒绝的理由" }), (460, ModelDisagreement { aspect: "拒绝的理由" }), (462, ModelDisagreement { aspect: "拒绝的理由" }), (463, ModelDisagreement { aspect: "拒绝的理由" }), (464, ModelDisagreement { aspect: "拒绝的理由" }), (465, ModelDisagreement { aspect: "拒绝的理由" }), (466, ModelDisagreement { aspect: "拒绝的理由" }), (467, ModelDisagreement { aspect: "拒绝的理由" }), (468, ModelDisagreement { aspect: "拒绝的理由" }), (469, ModelDisagreement { aspect: "拒绝的理由" }), (470, ModelDisagreement { aspect: "拒绝的理由" }), (471, ModelDisagreement { aspect: "拒绝的理由" }), (472, ModelDisagreement { aspect: "拒绝的理由" }), (473, ModelDisagreement { aspect: "拒绝的理由" }), (474, ModelDisagreement { aspect: "拒绝的理由" }), (475, ModelDisagreement { aspect: "拒绝的理由" }), (476, ModelDisagreement { aspect: "拒绝的理由" }), (477, ModelDisagreement { aspect: "拒绝的理由" }), (478, ModelDisagreement { aspect: "拒绝的理由" }), (479, ModelDisagreement { aspect: "拒绝的理由" }), (437, ModelDisagreement { aspect: "模型说该成、实现拒了" }), (439, ModelDisagreement { aspect: "模型说该成、实现拒了" }), (450, ModelDisagreement { aspect: "模型说该成、实现拒了" }), (461, ModelDisagreement { aspect: "模型说该成、实现拒了" })]
用时 0.6 秒
test random_histories_large_tier_seeds_and_length_from_the_environment ... FAILED

failures:

failures:
    random_histories_large_tier_seeds_and_length_from_the_environment

test result: FAILED. 0 passed; 1 failed; 0 ignored; 0 measured; 9 filtered out; finished in 0.63s

