
running 1 test
── 随机历史大档 ──
种子 [480, 528)，每段 30 步，比重：偏向抬 F 之后回退（B2 那一格的取样点）
历史 48 段：跑完 0、以已知红收尾 {}、新发现 48；根环转过一圈的 2 段；最高 txg 28
  操作 PublishFirstFile：Ok 2、Err 3、前提不满足没调 1
  操作 PublishOverwrite：Ok 86、Err 11、前提不满足没调 19
  操作 PublishWithoutUnits：Ok 0、Err 0、前提不满足没调 2
  操作 CloseAndMountWritable：Ok 35、Err 0、前提不满足没调 0
  操作 CloseAndMountRollback：Ok 15、Err 66、前提不满足没调 0
  操作 RaiseRollbackFloor：Ok 8、Err 63、前提不满足没调 10
  操作 ColdStartRecover：Ok 1、Err 0、前提不满足没调 0
  内容长度 0 字节：入口被调 11 次、发成 10 次
  内容长度 [1, 载荷容量 − 2]：入口被调 67 次、发成 66 次
  内容长度 数据单元整宽 32768（装不下）：入口被调 6 次、发成 0 次
  内容长度 载荷容量：入口被调 7 次、发成 7 次
  内容长度 载荷容量 + 1（装不下）：入口被调 6 次、发成 0 次
  内容长度 载荷容量 − 1：入口被调 5 次、发成 5 次
  Err 成员 MountError::RaiseNeedsRewrittenInstanceTableUnitInCurrentVersion：32 次
  Err 成员 MountError::RollbackFloorAboveCeiling：31 次
  Err 成员 MountError::RollbackTargetNotACandidate（txg 低于生效的回退下界 F）：48 次
  Err 成员 MountError::RollbackTargetNotACandidate（实例表里那个实例的行 T 更小：这是被抛弃时间线的根）：1 次
  Err 成员 MountError::RollbackTargetNotInRing：5 次
  Err 成员 MountError::RollbackToVersionWithoutFileUnsupported：12 次
  Err 成员 PublishError::ContentExceedsDataUnit：12 次
  Err 成员 PublishError::FirstFileVersionNotRightAfterTheSecondWarmUp：2 次
  前提不满足（没有可写会话）：31 次
  前提不满足（现行版本带文件）：1 次
  冷启动结局 FileRead：1 次
  一次挂载里最多写出 10 条根；一段历史里最多挂载成功 5 次、最多试挂载 8 次
  抬 F 回收到落点 2 次、共回收 100 个落点；复用已释放的记录 22 条（其中跨度变了 6 条）；已释放的记录被罩住起点 0 条、被删 0 条
  挂载写出的发布比过分配记录 108 次；挂载之前生效根的分配记录读不出、没比的挂载 0 次
  checker 跑了 194 次；一个写都没发、沿用上一次结论的 176 步
  模型对拍 330 步：该拒而拒 63、区间里拒 32、该成而成 187；比过根 260 条、分配记录 4406 条、冷启动内容 1 次、抬 F 上限 39 次；回退到 txg = F_生效 > 0 的根做成 0 次
  I-1.1：判绿 194 次、不适用 0 次
  I-1.3：判绿 194 次、不适用 0 次
  I-1.4：判绿 194 次、不适用 0 次
  I-1.6：判绿 194 次、不适用 0 次
  I-1.7：判绿 194 次、不适用 0 次
  I-2.1：判绿 194 次、不适用 0 次
  I-2.3：判绿 194 次、不适用 0 次
  I-2.4：判绿 194 次、不适用 0 次
  I-2.5：判绿 194 次、不适用 0 次
  I-3.1：判绿 183 次、不适用 11 次
  I-3.8：判绿 194 次、不适用 0 次
  I-3.9：判绿 183 次、不适用 11 次
  I-4.8：判绿 194 次、不适用 0 次
  I-5.1：判绿 194 次、不适用 0 次
  I-5.2：判绿 183 次、不适用 11 次
  I-5.4：判绿 183 次、不适用 11 次
  I-7.1：判绿 194 次、不适用 0 次
  I-7.2：判绿 194 次、不适用 0 次
  I-7.4：判绿 194 次、不适用 0 次
  I-7.6：判绿 194 次、不适用 0 次
  I-7.7：判绿 194 次、不适用 0 次
  I-7.8：判绿 194 次、不适用 0 次
  I-9.1：判绿 183 次、不适用 11 次
  I-9.2：判绿 183 次、不适用 11 次
  I-9.4：判绿 183 次、不适用 11 次
  I-9.7：判绿 183 次、不适用 11 次
  I-9.10：判绿 183 次、不适用 11 次
  I-9.13：判绿 183 次、不适用 11 次
  I-9.14：判绿 141 次、不适用 53 次
已知红第 0 条（增补 2 收口表第 ② 行（一次挂载转过一整圈根环时 checker 在合法状态上判 I-3.1 红））：0 段；前几个种子 []
已知红第 1 条（增补 2 收口表第 43 行）：0 段；前几个种子 []
新发现 ModelDisagreement { aspect: "拒绝的理由" }：第一个种子 480（同签名的种子 [480, 481, 482, 483, 484, 485, 486, 487, 488, 489, 490, 491, 492, 493, 494, 495, 496, 497, 498, 499, 500, 501, 502, 503, 505, 506, 507, 508, 509, 511, 512, 513, 514, 515, 516, 517, 518, 519, 520, 521, 522, 523, 524, 525, 526, 527]），在 Operation(0)（Some(CloseAndMountRollback)）之后
  模型对不上（拒绝的理由）：模型答 MountRollback 该拒：["回退到树表 0 条的根（第一版不支持）"]；实现 拒了：MountError::RollbackTargetNotACandidate（txg 低于生效的回退下界 F）
  没收缩（这一档只报种子）：SINGLEFS_RANDOM_HISTORY_SHRINK_SEED=480 跑「收缩一个种子」那条 #[ignore] 用例，或跑大档
新发现 ModelDisagreement { aspect: "模型说该成、实现拒了" }：第一个种子 504（同签名的种子 [504, 510]），在 Operation(29)（Some(CloseAndMountRollback)）之后
  模型对不上（模型说该成、实现拒了）：模型答 MountRollback 该成（写出 [(29, 7), (30, 7), (31, 7)]；允许拒的只有容量墙区间与 []）；实现 拒了：MountError::RollbackTargetNotACandidate（txg 低于生效的回退下界 F）
  没收缩（这一档只报种子）：SINGLEFS_RANDOM_HISTORY_SHRINK_SEED=504 跑「收缩一个种子」那条 #[ignore] 用例，或跑大档
每个新发现的种子：[(480, ModelDisagreement { aspect: "拒绝的理由" }), (481, ModelDisagreement { aspect: "拒绝的理由" }), (482, ModelDisagreement { aspect: "拒绝的理由" }), (483, ModelDisagreement { aspect: "拒绝的理由" }), (484, ModelDisagreement { aspect: "拒绝的理由" }), (485, ModelDisagreement { aspect: "拒绝的理由" }), (486, ModelDisagreement { aspect: "拒绝的理由" }), (487, ModelDisagreement { aspect: "拒绝的理由" }), (488, ModelDisagreement { aspect: "拒绝的理由" }), (489, ModelDisagreement { aspect: "拒绝的理由" }), (490, ModelDisagreement { aspect: "拒绝的理由" }), (491, ModelDisagreement { aspect: "拒绝的理由" }), (492, ModelDisagreement { aspect: "拒绝的理由" }), (493, ModelDisagreement { aspect: "拒绝的理由" }), (494, ModelDisagreement { aspect: "拒绝的理由" }), (495, ModelDisagreement { aspect: "拒绝的理由" }), (496, ModelDisagreement { aspect: "拒绝的理由" }), (497, ModelDisagreement { aspect: "拒绝的理由" }), (498, ModelDisagreement { aspect: "拒绝的理由" }), (499, ModelDisagreement { aspect: "拒绝的理由" }), (500, ModelDisagreement { aspect: "拒绝的理由" }), (501, ModelDisagreement { aspect: "拒绝的理由" }), (502, ModelDisagreement { aspect: "拒绝的理由" }), (503, ModelDisagreement { aspect: "拒绝的理由" }), (505, ModelDisagreement { aspect: "拒绝的理由" }), (506, ModelDisagreement { aspect: "拒绝的理由" }), (507, ModelDisagreement { aspect: "拒绝的理由" }), (508, ModelDisagreement { aspect: "拒绝的理由" }), (509, ModelDisagreement { aspect: "拒绝的理由" }), (511, ModelDisagreement { aspect: "拒绝的理由" }), (512, ModelDisagreement { aspect: "拒绝的理由" }), (513, ModelDisagreement { aspect: "拒绝的理由" }), (514, ModelDisagreement { aspect: "拒绝的理由" }), (515, ModelDisagreement { aspect: "拒绝的理由" }), (516, ModelDisagreement { aspect: "拒绝的理由" }), (517, ModelDisagreement { aspect: "拒绝的理由" }), (518, ModelDisagreement { aspect: "拒绝的理由" }), (519, ModelDisagreement { aspect: "拒绝的理由" }), (520, ModelDisagreement { aspect: "拒绝的理由" }), (521, ModelDisagreement { aspect: "拒绝的理由" }), (522, ModelDisagreement { aspect: "拒绝的理由" }), (523, ModelDisagreement { aspect: "拒绝的理由" }), (524, ModelDisagreement { aspect: "拒绝的理由" }), (525, ModelDisagreement { aspect: "拒绝的理由" }), (526, ModelDisagreement { aspect: "拒绝的理由" }), (527, ModelDisagreement { aspect: "拒绝的理由" }), (504, ModelDisagreement { aspect: "模型说该成、实现拒了" }), (510, ModelDisagreement { aspect: "模型说该成、实现拒了" })]
用时 0.6 秒
test random_histories_large_tier_seeds_and_length_from_the_environment ... FAILED

failures:

failures:
    random_histories_large_tier_seeds_and_length_from_the_environment

test result: FAILED. 0 passed; 1 failed; 0 ignored; 0 measured; 9 filtered out; finished in 0.58s

