    Finished `test` profile [unoptimized + debuginfo] target(s) in 0.00s
     Running tests/second_transaction_supplement_three_random_history.rs (target/debug/deps/second_transaction_supplement_three_random_history-031d214e73b47b79)

running 10 tests
test random_histories_large_tier_seeds_and_length_from_the_environment ... ignored, 大档：SINGLEFS_RANDOM_HISTORY_SEEDS 段、每段 SINGLEFS_RANDOM_HISTORY_OPERATIONS 步，从 SINGLEFS_RANDOM_HISTORY_FIRST_SEED 起，SINGLEFS_RANDOM_HISTORY_THREADS 个线程，比重 SINGLEFS_RANDOM_HISTORY_WEIGHTS，收缩 SINGLEFS_RANDOM_HISTORY_SHRINK；release 下后台跑
test shrink_one_failing_seed_from_the_environment ... ignored, 收缩一个种子：SINGLEFS_RANDOM_HISTORY_SHRINK_SEED 必给，SINGLEFS_RANDOM_HISTORY_OPERATIONS 默认 30，SINGLEFS_RANDOM_HISTORY_THREADS 默认全部核
test an_allocated_statistic_over_count_after_raising_the_floor_without_a_rollback_is_a_new_finding ... FAILED
test row_and_warm_up_publishes_that_reuse_reclaimed_records_have_their_allocation_generations_checked ... FAILED
test raising_the_floor_into_the_gap_left_by_a_rollback_ends_in_the_second_known_red_form ... FAILED
test the_same_seed_runs_to_the_same_outcomes_and_the_same_bytes_twice ... ok
── 随机历史：偏向抬 F 之后复用的取样点 ──
种子 [0, 48)，每段 30 步，比重：偏向抬 F 之后的复用（第 121 行那一类的取样点）
历史 48 段：跑完 1、以已知红收尾 {0: 1}、新发现 46；根环转过一圈的 1 段；最高 txg 28
  操作 PublishFirstFile：Ok 5、Err 5、前提不满足没调 2
  操作 PublishOverwrite：Ok 168、Err 18、前提不满足没调 22
  操作 PublishWithoutUnits：Ok 0、Err 0、前提不满足没调 5
  操作 CloseAndMountWritable：Ok 99、Err 4、前提不满足没调 0
  操作 CloseAndMountRollback：Ok 3、Err 5、前提不满足没调 0
  操作 RaiseRollbackFloor：Ok 34、Err 49、前提不满足没调 7
  操作 ColdStartRecover：Ok 5、Err 0、前提不满足没调 0
  内容长度 0 字节：入口被调 34 次、发成 33 次
  内容长度 [1, 载荷容量 − 2]：入口被调 102 次、发成 99 次
  内容长度 数据单元整宽 32768（装不下）：入口被调 8 次、发成 0 次
  内容长度 载荷容量：入口被调 21 次、发成 20 次
  内容长度 载荷容量 + 1（装不下）：入口被调 10 次、发成 0 次
  内容长度 载荷容量 − 1：入口被调 21 次、发成 21 次
  Err 成员 MountError::InstanceRowsOnVersionWithoutFileUnsupported：4 次
  Err 成员 MountError::RaiseNeedsRewrittenInstanceTableUnitInCurrentVersion：37 次
  Err 成员 MountError::RollbackFloorAboveCeiling：12 次
  Err 成员 MountError::RollbackTargetNotInRing：1 次
  Err 成员 MountError::RollbackToVersionWithoutFileUnsupported：4 次
  Err 成员 PublishError::ContentExceedsDataUnit：18 次
  Err 成员 PublishError::FirstFileVersionNotRightAfterTheSecondWarmUp：5 次
  前提不满足（没有可写会话）：32 次
  前提不满足（现行版本带文件）：4 次
  冷启动结局 FileRead：4 次
  冷启动结局 NoFile：1 次
  一次挂载里最多写出 10 条根；一段历史里最多挂载成功 8 次、最多试挂载 8 次
  抬 F 回收到落点 23 次、共回收 736 个落点；复用已释放的记录 0 条（其中跨度变了 0 条）；已释放的记录被罩住起点 0 条、被删 0 条
  挂载写出的发布比过分配记录 228 次；挂载之前生效根的分配记录读不出、没比的挂载 0 次
  checker 跑了 357 次；一个写都没发、沿用上一次结论的 122 步
  模型对拍 437 步：该拒而拒 32、区间里拒 37、该成而成 322；比过根 455 条、分配记录 7698 条、冷启动内容 4 次、抬 F 上限 0 次；回退到 txg = F_生效 > 0 的根做成 0 次
  I-1.1：判绿 357 次、不适用 0 次
  I-1.3：判绿 357 次、不适用 0 次
  I-1.4：判绿 357 次、不适用 0 次
  I-1.6：判绿 357 次、不适用 0 次
  I-1.7：判绿 357 次、不适用 0 次
  I-2.1：判绿 357 次、不适用 0 次
  I-2.3：判绿 357 次、不适用 0 次
  I-2.4：判绿 357 次、不适用 0 次
  I-2.5：判绿 357 次、不适用 0 次
  I-3.1：判绿 343 次、不适用 12 次
  I-3.8：判绿 357 次、不适用 0 次
  I-3.9：判绿 345 次、不适用 12 次
  I-4.8：判绿 357 次、不适用 0 次
  I-5.1：判绿 357 次、不适用 0 次
  I-5.2：判绿 345 次、不适用 12 次
  I-5.4：判绿 345 次、不适用 12 次
  I-7.1：判绿 357 次、不适用 0 次
  I-7.2：判绿 357 次、不适用 0 次
  I-7.4：判绿 357 次、不适用 0 次
  I-7.6：判绿 357 次、不适用 0 次
  I-7.7：判绿 357 次、不适用 0 次
  I-7.8：判绿 357 次、不适用 0 次
  I-9.1：判绿 345 次、不适用 12 次
  I-9.2：判绿 345 次、不适用 12 次
  I-9.4：判绿 345 次、不适用 12 次
  I-9.7：判绿 345 次、不适用 12 次
  I-9.10：判绿 345 次、不适用 12 次
  I-9.13：判绿 345 次、不适用 12 次
  I-9.14：判绿 298 次、不适用 59 次
已知红第 0 条（增补 2 收口表第 ② 行（一次挂载转过一整圈根环时 checker 在合法状态上判 I-3.1 红））：1 段；前几个种子 [(0, Operation(12))]
已知红第 1 条（增补 2 收口表第 43 行）：0 段；前几个种子 []
新发现 ModelDisagreement { aspect: "抬 F 的上限" }：第一个种子 1（同签名的种子 [1, 3, 4, 6, 8, 9, 10, 11, 12, 21, 22, 23, 26, 31, 33, 36, 37, 40, 41, 43, 45, 46]），在 Operation(13)（Some(RaiseRollbackFloor)）之后
  模型对不上（抬 F 的上限）：模型答 上限 Some(7)（D16（发布语义） 已定项 1）；实现 实现报上限 18
  没收缩（这一档只报种子）：SINGLEFS_RANDOM_HISTORY_SHRINK_SEED=1 跑「收缩一个种子」那条 #[ignore] 用例，或跑大档
新发现 ModelDisagreement { aspect: "模型说该拒、实现做成了" }：第一个种子 2（同签名的种子 [2, 5, 7, 13, 14, 15, 16, 17, 18, 19, 20, 24, 25, 27, 28, 29, 32, 34, 35, 38, 39, 42, 44, 47]），在 Operation(6)（Some(RaiseRollbackFloor)）之后
  模型对不上（模型说该拒、实现做成了）：模型答 RaiseRollbackFloor 该拒：["要抬的 F 超过上限"]；实现 做成了
  没收缩（这一档只报种子）：SINGLEFS_RANDOM_HISTORY_SHRINK_SEED=2 跑「收缩一个种子」那条 #[ignore] 用例，或跑大档
用时 10.6 秒
test reuse_heavy_random_histories_cover_released_records_and_end_only_in_known_red_forms ... FAILED
test turning_the_root_ring_with_overwrites_in_one_mount_ends_in_the_first_known_red_form ... ok
── 随机历史：偏向抬 F 之后回退的取样点 ──
种子 [0, 48)，每段 30 步，比重：偏向抬 F 之后回退（B2 那一格的取样点）
历史 48 段：跑完 10、以已知红收尾 {}、新发现 38；根环转过一圈的 1 段；最高 txg 28
  操作 PublishFirstFile：Ok 3、Err 2、前提不满足没调 10
  操作 PublishOverwrite：Ok 112、Err 13、前提不满足没调 196
  操作 PublishWithoutUnits：Ok 0、Err 0、前提不满足没调 7
  操作 CloseAndMountWritable：Ok 47、Err 1、前提不满足没调 0
  操作 CloseAndMountRollback：Ok 44、Err 176、前提不满足没调 0
  操作 RaiseRollbackFloor：Ok 28、Err 38、前提不满足没调 126
  操作 ColdStartRecover：Ok 6、Err 0、前提不满足没调 0
  内容长度 0 字节：入口被调 16 次、发成 16 次
  内容长度 [1, 载荷容量 − 2]：入口被调 76 次、发成 74 次
  内容长度 数据单元整宽 32768（装不下）：入口被调 4 次、发成 0 次
  内容长度 载荷容量：入口被调 10 次、发成 10 次
  内容长度 载荷容量 + 1（装不下）：入口被调 9 次、发成 0 次
  内容长度 载荷容量 − 1：入口被调 15 次、发成 15 次
  Err 成员 MountError::InstanceRowsOnVersionWithoutFileUnsupported：1 次
  Err 成员 MountError::RaiseNeedsRewrittenInstanceTableUnitInCurrentVersion：28 次
  Err 成员 MountError::RollbackFloorAboveCeiling：10 次
  Err 成员 MountError::RollbackTargetNotACandidate（实例表里那个实例的行 T 更小：这是被抛弃时间线的根）：5 次
  Err 成员 MountError::RollbackTargetNotInRing：23 次
  Err 成员 MountError::RollbackToVersionWithoutFileUnsupported：148 次
  Err 成员 PublishError::ContentExceedsDataUnit：13 次
  Err 成员 PublishError::FirstFileVersionNotRightAfterTheSecondWarmUp：2 次
  前提不满足（没有可写会话）：334 次
  前提不满足（现行版本带文件）：4 次
  前提不满足（现行版本树表 0 条）：1 次
  冷启动结局 FileRead：5 次
  冷启动结局 NoFile：1 次
  一次挂载里最多写出 9 条根；一段历史里最多挂载成功 7 次、最多试挂载 13 次
  抬 F 回收到落点 17 次、共回收 323 个落点；复用已释放的记录 0 条（其中跨度变了 0 条）；已释放的记录被罩住起点 0 条、被删 0 条
  挂载写出的发布比过分配记录 203 次；挂载之前生效根的分配记录读不出、没比的挂载 0 次
  checker 跑了 282 次；一个写都没发、沿用上一次结论的 575 步
  模型对拍 512 步：该拒而拒 192、区间里拒 28、该成而成 254；比过根 370 条、分配记录 6288 条、冷启动内容 5 次、抬 F 上限 0 次；回退到 txg = F_生效 > 0 的根做成 0 次
  I-1.1：判绿 282 次、不适用 0 次
  I-1.3：判绿 282 次、不适用 0 次
  I-1.4：判绿 282 次、不适用 0 次
  I-1.6：判绿 282 次、不适用 0 次
  I-1.7：判绿 282 次、不适用 0 次
  I-2.1：判绿 282 次、不适用 0 次
  I-2.3：判绿 282 次、不适用 0 次
  I-2.4：判绿 282 次、不适用 0 次
  I-2.5：判绿 282 次、不适用 0 次
  I-3.1：判绿 269 次、不适用 11 次
  I-3.8：判绿 282 次、不适用 0 次
  I-3.9：判绿 271 次、不适用 11 次
  I-4.8：判绿 282 次、不适用 0 次
  I-5.1：判绿 282 次、不适用 0 次
  I-5.2：判绿 271 次、不适用 11 次
  I-5.4：判绿 271 次、不适用 11 次
  I-7.1：判绿 282 次、不适用 0 次
  I-7.2：判绿 282 次、不适用 0 次
  I-7.4：判绿 282 次、不适用 0 次
  I-7.6：判绿 282 次、不适用 0 次
  I-7.7：判绿 282 次、不适用 0 次
  I-7.8：判绿 282 次、不适用 0 次
  I-9.1：判绿 271 次、不适用 11 次
  I-9.2：判绿 271 次、不适用 11 次
  I-9.4：判绿 271 次、不适用 11 次
  I-9.7：判绿 271 次、不适用 11 次
  I-9.10：判绿 271 次、不适用 11 次
  I-9.13：判绿 271 次、不适用 11 次
  I-9.14：判绿 226 次、不适用 56 次
已知红第 0 条（增补 2 收口表第 ② 行（一次挂载转过一整圈根环时 checker 在合法状态上判 I-3.1 红））：0 段；前几个种子 []
已知红第 1 条（增补 2 收口表第 43 行）：0 段；前几个种子 []
新发现 ModelDisagreement { aspect: "模型说该拒、实现做成了" }：第一个种子 0（同签名的种子 [0, 1, 2, 3, 6, 8, 10, 11, 20, 23, 25, 29, 32, 33, 34, 42, 43, 47]），在 Operation(7)（Some(RaiseRollbackFloor)）之后
  模型对不上（模型说该拒、实现做成了）：模型答 RaiseRollbackFloor 该拒：["要抬的 F 超过上限"]；实现 做成了
  没收缩（这一档只报种子）：SINGLEFS_RANDOM_HISTORY_SHRINK_SEED=0 跑「收缩一个种子」那条 #[ignore] 用例，或跑大档
新发现 ModelDisagreement { aspect: "抬 F 的上限" }：第一个种子 5（同签名的种子 [5, 7, 9, 13, 14, 15, 16, 17, 19, 22, 26, 27, 28, 35, 36, 38, 41, 44, 45, 46]），在 Operation(5)（Some(RaiseRollbackFloor)）之后
  模型对不上（抬 F 的上限）：模型答 上限 Some(0)（D16（发布语义） 已定项 1）；实现 实现报上限 7
  没收缩（这一档只报种子）：SINGLEFS_RANDOM_HISTORY_SHRINK_SEED=5 跑「收缩一个种子」那条 #[ignore] 用例，或跑大档
用时 12.0 秒
test rollback_heavy_random_histories_reach_the_floor_root_and_end_only_in_known_red_forms ... FAILED
── 随机历史快档 ──
种子 [0, 96)，每段 30 步，比重：各类操作都抽（快档、大档）
历史 96 段：跑完 25、以已知红收尾 {0: 6}、新发现 65；根环转过一圈的 9 段；最高 txg 26
  操作 PublishFirstFile：Ok 24、Err 34、前提不满足没调 47
  操作 PublishOverwrite：Ok 284、Err 47、前提不满足没调 391
  操作 PublishWithoutUnits：Ok 7、Err 0、前提不满足没调 40
  操作 CloseAndMountWritable：Ok 180、Err 92、前提不满足没调 0
  操作 CloseAndMountRollback：Ok 48、Err 149、前提不满足没调 0
  操作 RaiseRollbackFloor：Ok 46、Err 53、前提不满足没调 125
  操作 ColdStartRecover：Ok 59、Err 0、前提不满足没调 0
  内容长度 0 字节：入口被调 40 次、发成 38 次
  内容长度 [1, 载荷容量 − 2]：入口被调 229 次、发成 212 次
  内容长度 数据单元整宽 32768（装不下）：入口被调 21 次、发成 0 次
  内容长度 载荷容量：入口被调 31 次、发成 30 次
  内容长度 载荷容量 + 1（装不下）：入口被调 36 次、发成 0 次
  内容长度 载荷容量 − 1：入口被调 32 次、发成 28 次
  Err 成员 MountError::InstanceRowsOnVersionWithoutFileUnsupported：92 次
  Err 成员 MountError::RaiseNeedsRewrittenInstanceTableUnitInCurrentVersion：34 次
  Err 成员 MountError::RollbackFloorAboveCeiling：19 次
  Err 成员 MountError::RollbackTargetNotInRing：34 次
  Err 成员 MountError::RollbackToVersionWithoutFileUnsupported：115 次
  Err 成员 PublishError::ContentExceedsDataUnit：51 次
  Err 成员 PublishError::FirstFileVersionNotRightAfterTheSecondWarmUp：30 次
  前提不满足（没有可写会话）：566 次
  前提不满足（现行版本带文件）：13 次
  前提不满足（现行版本树表 0 条）：24 次
  冷启动结局 FileRead：40 次
  冷启动结局 NoFile：19 次
  一次挂载里最多写出 13 条根；一段历史里最多挂载成功 8 次、最多试挂载 12 次
  抬 F 回收到落点 39 次、共回收 1033 个落点；复用已释放的记录 0 条（其中跨度变了 0 条）；已释放的记录被罩住起点 0 条、被删 0 条
  挂载写出的发布比过分配记录 437 次；挂载之前生效根的分配记录读不出、没比的挂载 0 次
  checker 跑了 685 次；一个写都没发、沿用上一次结论的 1037 步
  模型对拍 1071 步：该拒而拒 322、区间里拒 34、该成而成 650；比过根 896 条、分配记录 13862 条、冷启动内容 40 次、抬 F 上限 0 次；回退到 txg = F_生效 > 0 的根做成 0 次
  I-1.1：判绿 685 次、不适用 0 次
  I-1.3：判绿 685 次、不适用 0 次
  I-1.4：判绿 685 次、不适用 0 次
  I-1.6：判绿 685 次、不适用 0 次
  I-1.7：判绿 685 次、不适用 0 次
  I-2.1：判绿 685 次、不适用 0 次
  I-2.3：判绿 685 次、不适用 0 次
  I-2.4：判绿 685 次、不适用 0 次
  I-2.5：判绿 685 次、不适用 0 次
  I-3.1：判绿 573 次、不适用 103 次
  I-3.8：判绿 685 次、不适用 0 次
  I-3.9：判绿 582 次、不适用 103 次
  I-4.8：判绿 685 次、不适用 0 次
  I-5.1：判绿 685 次、不适用 0 次
  I-5.2：判绿 582 次、不适用 103 次
  I-5.4：判绿 582 次、不适用 103 次
  I-7.1：判绿 685 次、不适用 0 次
  I-7.2：判绿 685 次、不适用 0 次
  I-7.4：判绿 685 次、不适用 0 次
  I-7.6：判绿 685 次、不适用 0 次
  I-7.7：判绿 685 次、不适用 0 次
  I-7.8：判绿 685 次、不适用 0 次
  I-9.1：判绿 582 次、不适用 103 次
  I-9.2：判绿 582 次、不适用 103 次
  I-9.4：判绿 582 次、不适用 103 次
  I-9.7：判绿 582 次、不适用 103 次
  I-9.10：判绿 582 次、不适用 103 次
  I-9.13：判绿 582 次、不适用 103 次
  I-9.14：判绿 510 次、不适用 175 次
已知红第 0 条（增补 2 收口表第 ② 行（一次挂载转过一整圈根环时 checker 在合法状态上判 I-3.1 红））：6 段；前几个种子 [(41, Operation(24)), (49, Operation(25)), (82, Operation(26)), (87, Operation(21)), (88, Operation(26)), (93, Operation(18))]
已知红第 1 条（增补 2 收口表第 43 行）：0 段；前几个种子 []
新发现 ModelDisagreement { aspect: "模型说该拒、实现做成了" }：第一个种子 0（同签名的种子 [0, 1, 2, 3, 4, 7, 9, 12, 15, 16, 17, 21, 25, 27, 29, 32, 34, 42, 43, 47, 48, 53, 54, 57, 60, 61, 64, 65, 70, 71, 74, 81, 84, 85, 86, 92, 94]），在 Operation(19)（Some(RaiseRollbackFloor)）之后
  模型对不上（模型说该拒、实现做成了）：模型答 RaiseRollbackFloor 该拒：["要抬的 F 超过上限"]；实现 做成了
  没收缩（这一档只报种子）：SINGLEFS_RANDOM_HISTORY_SHRINK_SEED=0 跑「收缩一个种子」那条 #[ignore] 用例，或跑大档
新发现 ModelDisagreement { aspect: "抬 F 的上限" }：第一个种子 8（同签名的种子 [8, 11, 13, 20, 26, 30, 33, 35, 36, 37, 38, 44, 45, 46, 50, 51, 56, 62, 63, 66, 68, 69, 73, 77, 78, 80, 83, 89]），在 Operation(11)（Some(RaiseRollbackFloor)）之后
  模型对不上（抬 F 的上限）：模型答 上限 Some(5)（D16（发布语义） 已定项 1）；实现 实现报上限 10
  没收缩（这一档只报种子）：SINGLEFS_RANDOM_HISTORY_SHRINK_SEED=8 跑「收缩一个种子」那条 #[ignore] 用例，或跑大档
用时 17.9 秒
test random_histories_fast_tier_end_only_in_known_red_forms_and_exercise_every_operation ... FAILED

failures:

---- an_allocated_statistic_over_count_after_raising_the_floor_without_a_rollback_is_a_new_finding stdout ----

thread 'an_allocated_statistic_over_count_after_raising_the_floor_without_a_rollback_is_a_new_finding' (1106660) panicked at crates/singlefs-harness/tests/second_transaction_supplement_three_random_history.rs:407:5:
assertion `left == right` failed: 今天的代码上这段跑完
  left: NewFinding { signature: ModelDisagreement { aspect: "抬 F 的上限" }, observation: FailureObservation { position: Operation(4), operation_kind: Some(RaiseRollbackFloor), violations: [], panic: None, newest_ring_root_txg: Some(10), root_ring_slot_count: Some(24), harness_judgement: None, model_disagreement: Some(ModelDisagreement { aspect: RollbackFloorCeiling, model_answer: "上限 Some(3)（D16（发布语义） 已定项 1）", implementation_answer: "实现报上限 7" }), raised_floor_lands_only_on_abandoned_roots: None } }
 right: Completed
note: run with `RUST_BACKTRACE=1` environment variable to display a backtrace

---- row_and_warm_up_publishes_that_reuse_reclaimed_records_have_their_allocation_generations_checked stdout ----

thread 'row_and_warm_up_publishes_that_reuse_reclaimed_records_have_their_allocation_generations_checked' (1106665) panicked at crates/singlefs-harness/tests/second_transaction_supplement_three_random_history.rs:481:5:
assertion `left == right` failed: 今天的代码上这段跑完：挂载写出的发布里复用改写的记录，代都是那一次的 txg
  left: NewFinding { signature: ModelDisagreement { aspect: "抬 F 的上限" }, observation: FailureObservation { position: Operation(4), operation_kind: Some(RaiseRollbackFloor), violations: [], panic: None, newest_ring_root_txg: Some(8), root_ring_slot_count: Some(24), harness_judgement: None, model_disagreement: Some(ModelDisagreement { aspect: RollbackFloorCeiling, model_answer: "上限 Some(0)（D16（发布语义） 已定项 1）", implementation_answer: "实现报上限 4" }), raised_floor_lands_only_on_abandoned_roots: None } }
 right: Completed

---- raising_the_floor_into_the_gap_left_by_a_rollback_ends_in_the_second_known_red_form stdout ----

thread 'raising_the_floor_into_the_gap_left_by_a_rollback_ends_in_the_second_known_red_form' (1106661) panicked at crates/singlefs-harness/tests/second_transaction_supplement_three_random_history.rs:353:9:
要以已知红收尾：NewFinding { signature: ModelDisagreement { aspect: "抬 F 的上限" }, observation: FailureObservation { position: Operation(10), operation_kind: Some(RaiseRollbackFloor), violations: [("I-3.1", "盘 0：记账的已分配 Some(1441792)，遍历全部有效根得到 1343488")], panic: None, newest_ring_root_txg: Some(22), root_ring_slot_count: Some(24), harness_judgement: None, model_disagreement: Some(ModelDisagreement { aspect: RollbackFloorCeiling, model_answer: "上限 Some(14)（D16（发布语义） 已定项 1）", implementation_answer: "实现报上限 18" }), raised_floor_lands_only_on_abandoned_roots: Some(true) } }

---- reuse_heavy_random_histories_cover_released_records_and_end_only_in_known_red_forms stdout ----

thread 'reuse_heavy_random_histories_cover_released_records_and_end_only_in_known_red_forms' (1106663) panicked at crates/singlefs-harness/tests/second_transaction_supplement_three_random_history.rs:216:5:
「已知红」清单外的失败：
种子 [0, 48)，每段 30 步，比重：偏向抬 F 之后的复用（第 121 行那一类的取样点）
历史 48 段：跑完 1、以已知红收尾 {0: 1}、新发现 46；根环转过一圈的 1 段；最高 txg 28
  操作 PublishFirstFile：Ok 5、Err 5、前提不满足没调 2
  操作 PublishOverwrite：Ok 168、Err 18、前提不满足没调 22
  操作 PublishWithoutUnits：Ok 0、Err 0、前提不满足没调 5
  操作 CloseAndMountWritable：Ok 99、Err 4、前提不满足没调 0
  操作 CloseAndMountRollback：Ok 3、Err 5、前提不满足没调 0
  操作 RaiseRollbackFloor：Ok 34、Err 49、前提不满足没调 7
  操作 ColdStartRecover：Ok 5、Err 0、前提不满足没调 0
  内容长度 0 字节：入口被调 34 次、发成 33 次
  内容长度 [1, 载荷容量 − 2]：入口被调 102 次、发成 99 次
  内容长度 数据单元整宽 32768（装不下）：入口被调 8 次、发成 0 次
  内容长度 载荷容量：入口被调 21 次、发成 20 次
  内容长度 载荷容量 + 1（装不下）：入口被调 10 次、发成 0 次
  内容长度 载荷容量 − 1：入口被调 21 次、发成 21 次
  Err 成员 MountError::InstanceRowsOnVersionWithoutFileUnsupported：4 次
  Err 成员 MountError::RaiseNeedsRewrittenInstanceTableUnitInCurrentVersion：37 次
  Err 成员 MountError::RollbackFloorAboveCeiling：12 次
  Err 成员 MountError::RollbackTargetNotInRing：1 次
  Err 成员 MountError::RollbackToVersionWithoutFileUnsupported：4 次
  Err 成员 PublishError::ContentExceedsDataUnit：18 次
  Err 成员 PublishError::FirstFileVersionNotRightAfterTheSecondWarmUp：5 次
  前提不满足（没有可写会话）：32 次
  前提不满足（现行版本带文件）：4 次
  冷启动结局 FileRead：4 次
  冷启动结局 NoFile：1 次
  一次挂载里最多写出 10 条根；一段历史里最多挂载成功 8 次、最多试挂载 8 次
  抬 F 回收到落点 23 次、共回收 736 个落点；复用已释放的记录 0 条（其中跨度变了 0 条）；已释放的记录被罩住起点 0 条、被删 0 条
  挂载写出的发布比过分配记录 228 次；挂载之前生效根的分配记录读不出、没比的挂载 0 次
  checker 跑了 357 次；一个写都没发、沿用上一次结论的 122 步
  模型对拍 437 步：该拒而拒 32、区间里拒 37、该成而成 322；比过根 455 条、分配记录 7698 条、冷启动内容 4 次、抬 F 上限 0 次；回退到 txg = F_生效 > 0 的根做成 0 次
  I-1.1：判绿 357 次、不适用 0 次
  I-1.3：判绿 357 次、不适用 0 次
  I-1.4：判绿 357 次、不适用 0 次
  I-1.6：判绿 357 次、不适用 0 次
  I-1.7：判绿 357 次、不适用 0 次
  I-2.1：判绿 357 次、不适用 0 次
  I-2.3：判绿 357 次、不适用 0 次
  I-2.4：判绿 357 次、不适用 0 次
  I-2.5：判绿 357 次、不适用 0 次
  I-3.1：判绿 343 次、不适用 12 次
  I-3.8：判绿 357 次、不适用 0 次
  I-3.9：判绿 345 次、不适用 12 次
  I-4.8：判绿 357 次、不适用 0 次
  I-5.1：判绿 357 次、不适用 0 次
  I-5.2：判绿 345 次、不适用 12 次
  I-5.4：判绿 345 次、不适用 12 次
  I-7.1：判绿 357 次、不适用 0 次
  I-7.2：判绿 357 次、不适用 0 次
  I-7.4：判绿 357 次、不适用 0 次
  I-7.6：判绿 357 次、不适用 0 次
  I-7.7：判绿 357 次、不适用 0 次
  I-7.8：判绿 357 次、不适用 0 次
  I-9.1：判绿 345 次、不适用 12 次
  I-9.2：判绿 345 次、不适用 12 次
  I-9.4：判绿 345 次、不适用 12 次
  I-9.7：判绿 345 次、不适用 12 次
  I-9.10：判绿 345 次、不适用 12 次
  I-9.13：判绿 345 次、不适用 12 次
  I-9.14：判绿 298 次、不适用 59 次
已知红第 0 条（增补 2 收口表第 ② 行（一次挂载转过一整圈根环时 checker 在合法状态上判 I-3.1 红））：1 段；前几个种子 [(0, Operation(12))]
已知红第 1 条（增补 2 收口表第 43 行）：0 段；前几个种子 []
新发现 ModelDisagreement { aspect: "抬 F 的上限" }：第一个种子 1（同签名的种子 [1, 3, 4, 6, 8, 9, 10, 11, 12, 21, 22, 23, 26, 31, 33, 36, 37, 40, 41, 43, 45, 46]），在 Operation(13)（Some(RaiseRollbackFloor)）之后
  模型对不上（抬 F 的上限）：模型答 上限 Some(7)（D16（发布语义） 已定项 1）；实现 实现报上限 18
  没收缩（这一档只报种子）：SINGLEFS_RANDOM_HISTORY_SHRINK_SEED=1 跑「收缩一个种子」那条 #[ignore] 用例，或跑大档
新发现 ModelDisagreement { aspect: "模型说该拒、实现做成了" }：第一个种子 2（同签名的种子 [2, 5, 7, 13, 14, 15, 16, 17, 18, 19, 20, 24, 25, 27, 28, 29, 32, 34, 35, 38, 39, 42, 44, 47]），在 Operation(6)（Some(RaiseRollbackFloor)）之后
  模型对不上（模型说该拒、实现做成了）：模型答 RaiseRollbackFloor 该拒：["要抬的 F 超过上限"]；实现 做成了
  没收缩（这一档只报种子）：SINGLEFS_RANDOM_HISTORY_SHRINK_SEED=2 跑「收缩一个种子」那条 #[ignore] 用例，或跑大档


---- rollback_heavy_random_histories_reach_the_floor_root_and_end_only_in_known_red_forms stdout ----

thread 'rollback_heavy_random_histories_reach_the_floor_root_and_end_only_in_known_red_forms' (1106664) panicked at crates/singlefs-harness/tests/second_transaction_supplement_three_random_history.rs:252:5:
「已知红」清单外的失败：
种子 [0, 48)，每段 30 步，比重：偏向抬 F 之后回退（B2 那一格的取样点）
历史 48 段：跑完 10、以已知红收尾 {}、新发现 38；根环转过一圈的 1 段；最高 txg 28
  操作 PublishFirstFile：Ok 3、Err 2、前提不满足没调 10
  操作 PublishOverwrite：Ok 112、Err 13、前提不满足没调 196
  操作 PublishWithoutUnits：Ok 0、Err 0、前提不满足没调 7
  操作 CloseAndMountWritable：Ok 47、Err 1、前提不满足没调 0
  操作 CloseAndMountRollback：Ok 44、Err 176、前提不满足没调 0
  操作 RaiseRollbackFloor：Ok 28、Err 38、前提不满足没调 126
  操作 ColdStartRecover：Ok 6、Err 0、前提不满足没调 0
  内容长度 0 字节：入口被调 16 次、发成 16 次
  内容长度 [1, 载荷容量 − 2]：入口被调 76 次、发成 74 次
  内容长度 数据单元整宽 32768（装不下）：入口被调 4 次、发成 0 次
  内容长度 载荷容量：入口被调 10 次、发成 10 次
  内容长度 载荷容量 + 1（装不下）：入口被调 9 次、发成 0 次
  内容长度 载荷容量 − 1：入口被调 15 次、发成 15 次
  Err 成员 MountError::InstanceRowsOnVersionWithoutFileUnsupported：1 次
  Err 成员 MountError::RaiseNeedsRewrittenInstanceTableUnitInCurrentVersion：28 次
  Err 成员 MountError::RollbackFloorAboveCeiling：10 次
  Err 成员 MountError::RollbackTargetNotACandidate（实例表里那个实例的行 T 更小：这是被抛弃时间线的根）：5 次
  Err 成员 MountError::RollbackTargetNotInRing：23 次
  Err 成员 MountError::RollbackToVersionWithoutFileUnsupported：148 次
  Err 成员 PublishError::ContentExceedsDataUnit：13 次
  Err 成员 PublishError::FirstFileVersionNotRightAfterTheSecondWarmUp：2 次
  前提不满足（没有可写会话）：334 次
  前提不满足（现行版本带文件）：4 次
  前提不满足（现行版本树表 0 条）：1 次
  冷启动结局 FileRead：5 次
  冷启动结局 NoFile：1 次
  一次挂载里最多写出 9 条根；一段历史里最多挂载成功 7 次、最多试挂载 13 次
  抬 F 回收到落点 17 次、共回收 323 个落点；复用已释放的记录 0 条（其中跨度变了 0 条）；已释放的记录被罩住起点 0 条、被删 0 条
  挂载写出的发布比过分配记录 203 次；挂载之前生效根的分配记录读不出、没比的挂载 0 次
  checker 跑了 282 次；一个写都没发、沿用上一次结论的 575 步
  模型对拍 512 步：该拒而拒 192、区间里拒 28、该成而成 254；比过根 370 条、分配记录 6288 条、冷启动内容 5 次、抬 F 上限 0 次；回退到 txg = F_生效 > 0 的根做成 0 次
  I-1.1：判绿 282 次、不适用 0 次
  I-1.3：判绿 282 次、不适用 0 次
  I-1.4：判绿 282 次、不适用 0 次
  I-1.6：判绿 282 次、不适用 0 次
  I-1.7：判绿 282 次、不适用 0 次
  I-2.1：判绿 282 次、不适用 0 次
  I-2.3：判绿 282 次、不适用 0 次
  I-2.4：判绿 282 次、不适用 0 次
  I-2.5：判绿 282 次、不适用 0 次
  I-3.1：判绿 269 次、不适用 11 次
  I-3.8：判绿 282 次、不适用 0 次
  I-3.9：判绿 271 次、不适用 11 次
  I-4.8：判绿 282 次、不适用 0 次
  I-5.1：判绿 282 次、不适用 0 次
  I-5.2：判绿 271 次、不适用 11 次
  I-5.4：判绿 271 次、不适用 11 次
  I-7.1：判绿 282 次、不适用 0 次
  I-7.2：判绿 282 次、不适用 0 次
  I-7.4：判绿 282 次、不适用 0 次
  I-7.6：判绿 282 次、不适用 0 次
  I-7.7：判绿 282 次、不适用 0 次
  I-7.8：判绿 282 次、不适用 0 次
  I-9.1：判绿 271 次、不适用 11 次
  I-9.2：判绿 271 次、不适用 11 次
  I-9.4：判绿 271 次、不适用 11 次
  I-9.7：判绿 271 次、不适用 11 次
  I-9.10：判绿 271 次、不适用 11 次
  I-9.13：判绿 271 次、不适用 11 次
  I-9.14：判绿 226 次、不适用 56 次
已知红第 0 条（增补 2 收口表第 ② 行（一次挂载转过一整圈根环时 checker 在合法状态上判 I-3.1 红））：0 段；前几个种子 []
已知红第 1 条（增补 2 收口表第 43 行）：0 段；前几个种子 []
新发现 ModelDisagreement { aspect: "模型说该拒、实现做成了" }：第一个种子 0（同签名的种子 [0, 1, 2, 3, 6, 8, 10, 11, 20, 23, 25, 29, 32, 33, 34, 42, 43, 47]），在 Operation(7)（Some(RaiseRollbackFloor)）之后
  模型对不上（模型说该拒、实现做成了）：模型答 RaiseRollbackFloor 该拒：["要抬的 F 超过上限"]；实现 做成了
  没收缩（这一档只报种子）：SINGLEFS_RANDOM_HISTORY_SHRINK_SEED=0 跑「收缩一个种子」那条 #[ignore] 用例，或跑大档
新发现 ModelDisagreement { aspect: "抬 F 的上限" }：第一个种子 5（同签名的种子 [5, 7, 9, 13, 14, 15, 16, 17, 19, 22, 26, 27, 28, 35, 36, 38, 41, 44, 45, 46]），在 Operation(5)（Some(RaiseRollbackFloor)）之后
  模型对不上（抬 F 的上限）：模型答 上限 Some(0)（D16（发布语义） 已定项 1）；实现 实现报上限 7
  没收缩（这一档只报种子）：SINGLEFS_RANDOM_HISTORY_SHRINK_SEED=5 跑「收缩一个种子」那条 #[ignore] 用例，或跑大档


---- random_histories_fast_tier_end_only_in_known_red_forms_and_exercise_every_operation stdout ----

thread 'random_histories_fast_tier_end_only_in_known_red_forms_and_exercise_every_operation' (1106662) panicked at crates/singlefs-harness/tests/second_transaction_supplement_three_random_history.rs:188:5:
「已知红」清单外的失败：
种子 [0, 96)，每段 30 步，比重：各类操作都抽（快档、大档）
历史 96 段：跑完 25、以已知红收尾 {0: 6}、新发现 65；根环转过一圈的 9 段；最高 txg 26
  操作 PublishFirstFile：Ok 24、Err 34、前提不满足没调 47
  操作 PublishOverwrite：Ok 284、Err 47、前提不满足没调 391
  操作 PublishWithoutUnits：Ok 7、Err 0、前提不满足没调 40
  操作 CloseAndMountWritable：Ok 180、Err 92、前提不满足没调 0
  操作 CloseAndMountRollback：Ok 48、Err 149、前提不满足没调 0
  操作 RaiseRollbackFloor：Ok 46、Err 53、前提不满足没调 125
  操作 ColdStartRecover：Ok 59、Err 0、前提不满足没调 0
  内容长度 0 字节：入口被调 40 次、发成 38 次
  内容长度 [1, 载荷容量 − 2]：入口被调 229 次、发成 212 次
  内容长度 数据单元整宽 32768（装不下）：入口被调 21 次、发成 0 次
  内容长度 载荷容量：入口被调 31 次、发成 30 次
  内容长度 载荷容量 + 1（装不下）：入口被调 36 次、发成 0 次
  内容长度 载荷容量 − 1：入口被调 32 次、发成 28 次
  Err 成员 MountError::InstanceRowsOnVersionWithoutFileUnsupported：92 次
  Err 成员 MountError::RaiseNeedsRewrittenInstanceTableUnitInCurrentVersion：34 次
  Err 成员 MountError::RollbackFloorAboveCeiling：19 次
  Err 成员 MountError::RollbackTargetNotInRing：34 次
  Err 成员 MountError::RollbackToVersionWithoutFileUnsupported：115 次
  Err 成员 PublishError::ContentExceedsDataUnit：51 次
  Err 成员 PublishError::FirstFileVersionNotRightAfterTheSecondWarmUp：30 次
  前提不满足（没有可写会话）：566 次
  前提不满足（现行版本带文件）：13 次
  前提不满足（现行版本树表 0 条）：24 次
  冷启动结局 FileRead：40 次
  冷启动结局 NoFile：19 次
  一次挂载里最多写出 13 条根；一段历史里最多挂载成功 8 次、最多试挂载 12 次
  抬 F 回收到落点 39 次、共回收 1033 个落点；复用已释放的记录 0 条（其中跨度变了 0 条）；已释放的记录被罩住起点 0 条、被删 0 条
  挂载写出的发布比过分配记录 437 次；挂载之前生效根的分配记录读不出、没比的挂载 0 次
  checker 跑了 685 次；一个写都没发、沿用上一次结论的 1037 步
  模型对拍 1071 步：该拒而拒 322、区间里拒 34、该成而成 650；比过根 896 条、分配记录 13862 条、冷启动内容 40 次、抬 F 上限 0 次；回退到 txg = F_生效 > 0 的根做成 0 次
  I-1.1：判绿 685 次、不适用 0 次
  I-1.3：判绿 685 次、不适用 0 次
  I-1.4：判绿 685 次、不适用 0 次
  I-1.6：判绿 685 次、不适用 0 次
  I-1.7：判绿 685 次、不适用 0 次
  I-2.1：判绿 685 次、不适用 0 次
  I-2.3：判绿 685 次、不适用 0 次
  I-2.4：判绿 685 次、不适用 0 次
  I-2.5：判绿 685 次、不适用 0 次
  I-3.1：判绿 573 次、不适用 103 次
  I-3.8：判绿 685 次、不适用 0 次
  I-3.9：判绿 582 次、不适用 103 次
  I-4.8：判绿 685 次、不适用 0 次
  I-5.1：判绿 685 次、不适用 0 次
  I-5.2：判绿 582 次、不适用 103 次
  I-5.4：判绿 582 次、不适用 103 次
  I-7.1：判绿 685 次、不适用 0 次
  I-7.2：判绿 685 次、不适用 0 次
  I-7.4：判绿 685 次、不适用 0 次
  I-7.6：判绿 685 次、不适用 0 次
  I-7.7：判绿 685 次、不适用 0 次
  I-7.8：判绿 685 次、不适用 0 次
  I-9.1：判绿 582 次、不适用 103 次
  I-9.2：判绿 582 次、不适用 103 次
  I-9.4：判绿 582 次、不适用 103 次
  I-9.7：判绿 582 次、不适用 103 次
  I-9.10：判绿 582 次、不适用 103 次
  I-9.13：判绿 582 次、不适用 103 次
  I-9.14：判绿 510 次、不适用 175 次
已知红第 0 条（增补 2 收口表第 ② 行（一次挂载转过一整圈根环时 checker 在合法状态上判 I-3.1 红））：6 段；前几个种子 [(41, Operation(24)), (49, Operation(25)), (82, Operation(26)), (87, Operation(21)), (88, Operation(26)), (93, Operation(18))]
已知红第 1 条（增补 2 收口表第 43 行）：0 段；前几个种子 []
新发现 ModelDisagreement { aspect: "模型说该拒、实现做成了" }：第一个种子 0（同签名的种子 [0, 1, 2, 3, 4, 7, 9, 12, 15, 16, 17, 21, 25, 27, 29, 32, 34, 42, 43, 47, 48, 53, 54, 57, 60, 61, 64, 65, 70, 71, 74, 81, 84, 85, 86, 92, 94]），在 Operation(19)（Some(RaiseRollbackFloor)）之后
  模型对不上（模型说该拒、实现做成了）：模型答 RaiseRollbackFloor 该拒：["要抬的 F 超过上限"]；实现 做成了
  没收缩（这一档只报种子）：SINGLEFS_RANDOM_HISTORY_SHRINK_SEED=0 跑「收缩一个种子」那条 #[ignore] 用例，或跑大档
新发现 ModelDisagreement { aspect: "抬 F 的上限" }：第一个种子 8（同签名的种子 [8, 11, 13, 20, 26, 30, 33, 35, 36, 37, 38, 44, 45, 46, 50, 51, 56, 62, 63, 66, 68, 69, 73, 77, 78, 80, 83, 89]），在 Operation(11)（Some(RaiseRollbackFloor)）之后
  模型对不上（抬 F 的上限）：模型答 上限 Some(5)（D16（发布语义） 已定项 1）；实现 实现报上限 10
  没收缩（这一档只报种子）：SINGLEFS_RANDOM_HISTORY_SHRINK_SEED=8 跑「收缩一个种子」那条 #[ignore] 用例，或跑大档



failures:
    an_allocated_statistic_over_count_after_raising_the_floor_without_a_rollback_is_a_new_finding
    raising_the_floor_into_the_gap_left_by_a_rollback_ends_in_the_second_known_red_form
    random_histories_fast_tier_end_only_in_known_red_forms_and_exercise_every_operation
    reuse_heavy_random_histories_cover_released_records_and_end_only_in_known_red_forms
    rollback_heavy_random_histories_reach_the_floor_root_and_end_only_in_known_red_forms
    row_and_warm_up_publishes_that_reuse_reclaimed_records_have_their_allocation_generations_checked

test result: FAILED. 2 passed; 6 failed; 2 ignored; 0 measured; 0 filtered out; finished in 17.93s

error: test failed, to rerun pass `-p singlefs-harness --test second_transaction_supplement_three_random_history`
