CONFIG second_pass=attribution enumerated_mounts_after_first=4 stages=5
SELECTION_INVERSION rules=today
  M2 acquired=2 rows_written=(1,3,0) landed=(2,4)..(2,9) all_complete
  M3 unreadable=[(2, 6), (2, 7), (2, 8), (2, 9)] selected=(2,5) acquired=3 rows_written=(1,3,0)(2,5,5) first_txg=10 warm_up_roots_on_disks=[1, 0] confirmed_publication=(3,12) crash
  M4 selected=(3,12) acquired=4 rows_written=(1,3,0)(2,5,5)(3,12,0) | confirmed_unit=i3t12.fsync.data2 referenced_by_mounted=true verdict=Published | mounted=(4,14) table=(1,3,0)(2,5,5)(3,12,0) U1=0 [] U2=0 [] corrupt=0 I-3.8_rows_not_below_mounted=[]
SELECTION_INVERSION rules=c330_jia
  M2 acquired=2 rows_written=(1,3,0) landed=(2,4)..(2,9) all_complete
  M3 unreadable=[(2, 6), (2, 7), (2, 8), (2, 9)] selected=(2,5) acquired=3 rows_written=(1,3,0)(2,5,5) first_txg=10 warm_up_roots_on_disks=[1, 0] confirmed_publication=(3,12) crash
  M4 selected=(3,12) acquired=4 rows_written=(1,3,0)(2,5,5)(3,12,0) | confirmed_unit=i3t12.fsync.data2 referenced_by_mounted=true verdict=Published | mounted=(4,14) table=(1,3,0)(2,5,5)(3,12,0) U1=0 [] U2=0 [] corrupt=0 I-3.8_rows_not_below_mounted=[]
SELECTION_INVERSION rules=c330_yi_superblock
  M2 acquired=2 rows_written=(1,3,0) landed=(2,4)..(2,9) all_complete
  M3 unreadable=[(2, 6), (2, 7), (2, 8), (2, 9)] selected=(2,5) acquired=3 rows_written=(1,3,0)(2,5,5) first_txg=10 warm_up_roots_on_disks=[1, 0] confirmed_publication=(3,12) crash
  M4 selected=(3,12) acquired=4 rows_written=(1,3,0)(2,5,5)(3,12,0) | confirmed_unit=i3t12.fsync.data2 referenced_by_mounted=true verdict=Published | mounted=(4,14) table=(1,3,0)(2,5,5)(3,12,0) U1=0 [] U2=0 [] corrupt=0 I-3.8_rows_not_below_mounted=[]
SELECTION_INVERSION rules=c330_yi_root_carried
  M2 acquired=2 rows_written=(1,3,0) landed=(2,4)..(2,9) all_complete
  M3 unreadable=[(2, 6), (2, 7), (2, 8), (2, 9)] selected=(2,5) acquired=3 rows_written=(1,3,0)(2,5,5) first_txg=10 warm_up_roots_on_disks=[1, 0] confirmed_publication=(3,12) crash
  M4 selected=(3,12) acquired=4 rows_written=(1,3,0)(2,5,5)(3,12,0) | confirmed_unit=i3t12.fsync.data2 referenced_by_mounted=true verdict=Published | mounted=(4,14) table=(1,3,0)(2,5,5)(3,12,0) U1=0 [] U2=0 [] corrupt=0 I-3.8_rows_not_below_mounted=[]
SELECTION_INVERSION rules=c330_yi_record_scan
  M2 acquired=2 rows_written=(1,3,0) landed=(2,4)..(2,9) all_complete
  M3 unreadable=[(2, 6), (2, 7), (2, 8), (2, 9)] selected=(2,5) acquired=3 rows_written=(1,3,0)(2,5,5) first_txg=10 warm_up_roots_on_disks=[1, 0] confirmed_publication=(3,12) crash
  M4 selected=(3,12) acquired=4 rows_written=(1,3,0)(2,5,5)(3,12,0) | confirmed_unit=i3t12.fsync.data2 referenced_by_mounted=true verdict=Published | mounted=(4,14) table=(1,3,0)(2,5,5)(3,12,0) U1=0 [] U2=0 [] corrupt=0 I-3.8_rows_not_below_mounted=[]
SELECTION_INVERSION rules=c330_bing_start
  M2 acquired=2 rows_written=(1,3,0) landed=(2,4)..(2,9) all_complete
  M3 unreadable=[(2, 6), (2, 7), (2, 8), (2, 9)] selected=(2,5) acquired=3 rows_written=(1,3,0)(2,5,5) first_txg=10 warm_up_roots_on_disks=[1, 0] confirmed_publication=(3,12) crash
  M4 selected=(3,12) acquired=4 rows_written=(1,3,0)(2,5,5)(3,12,0) | confirmed_unit=i3t12.fsync.data2 referenced_by_mounted=true verdict=Unpublished | mounted=(4,14) table=(1,3,0)(2,5,5)(3,12,0) U1=0 [] U2=4 [i1t3.node0(i1,b3,n0,Metadata,start0),i1t3.data1(i1,b3,n1,Data,start0),i3t10.data1(i3,b10,n1,Data,start9),i3t12.fsync.data2(i3,b12,n2,Data,start9)] corrupt=0 I-3.8_rows_not_below_mounted=[]
ENUM2 base=m1_with_nodes rollback_table_base=NewestReadableRootTable rules=today histories=610000 evaluations=988735 u1_units=1079103 u2_units=203079 histories_with_u1=291529 histories_with_u2=247215 evaluations_with_I-3.8_violation=0
ENUM2_EXAMPLE base=m1_with_nodes rollback_table_base=NewestReadableRootTable rules=today kind=U1 faults=3
    M2 mode=rollback unreadable=[(1, 3)] selected=(1,2) after_replay=(1,1) W=0 acquired=2 rows_written=(1,1,0,rollback) first_txg=3 admission_short=false reach=UnitsOnly+None landed=[]
    M3 mode=recovery unreadable=[] selected=(1,3) after_replay=(1,3) W=0 acquired=3 rows_written=(1,3,0)(2,3,0) first_txg=4 admission_short=false reach=RootNoSuperblock+None landed=[(3,4)] | mounted=(3,4) table=(1,3,0)(2,3,0) U1=2 [i2t3.accounting(i2,b3,n0,Metadata,start1),i2t3.data1(i2,b3,n1,Data,start1)] U2=0 [] corrupt=0 I-3.8_rows_not_below_mounted=[]
ENUM2_EXAMPLE base=m1_with_nodes rollback_table_base=NewestReadableRootTable rules=today kind=U2 faults=2
    M2 mode=recovery unreadable=[(1, 3)] selected=(1,2) after_replay=(1,3) W=1 acquired=2 rows_written=(1,2,1) first_txg=4 admission_short=false reach=RootNoSuperblock+None landed=[(2,4)] | mounted=(2,4) table=(1,2,1) U1=0 [] U2=1 [i1t3.node0(i1,b3,n0,Metadata,start0)] corrupt=0 I-3.8_rows_not_below_mounted=[]
ENUM2 base=m1_with_nodes rollback_table_base=NewestReadableRootTable rules=c330_jia histories=610000 evaluations=988735 u1_units=109406 u2_units=203187 histories_with_u1=14853 histories_with_u2=247125 evaluations_with_I-3.8_violation=0
ENUM2_EXAMPLE base=m1_with_nodes rollback_table_base=NewestReadableRootTable rules=c330_jia kind=U1 faults=5
    M2 mode=recovery unreadable=[] selected=(1,3) after_replay=(1,3) W=0 acquired=2 rows_written=(1,3,0) first_txg=4 admission_short=false reach=RootNoSuperblock+None landed=[(2,4)] | mounted=(2,4) table=(1,3,0) U1=0 [] U2=0 [] corrupt=0 I-3.8_rows_not_below_mounted=[]
    M3 mode=rollback unreadable=[(2, 4), (1, 3)] selected=(1,2) after_replay=(1,1) W=0 acquired=3 rows_written=(1,1,0,rollback)(2,0,0) first_txg=3 admission_short=false reach=RootNoSuperblock+None landed=[(3,3)] | mounted=(3,3) table=(1,1,0,rollback)(2,0,0) U1=0 [] U2=0 [] corrupt=0 I-3.8_rows_not_below_mounted=[]
    M4 mode=rollback unreadable=[] selected=(2,4) after_replay=(3,3) W=0 acquired=4 rows_written=(1,3,0)(3,3,0,rollback) first_txg=5 admission_short=false reach=RootNoSuperblock+None landed=[(4,5)] | mounted=(4,5) table=(1,3,0)(3,3,0,rollback) U1=6 [i1t2.accounting(i1,b2,n0,Metadata,start0),i1t3.accounting(i1,b3,n0,Metadata,start0),i1t3.node0(i1,b3,n0,Metadata,start0),i1t3.data1(i1,b3,n1,Data,start0),i2t4.accounting(i2,b4,n0,Metadata,start3),i2t4.data1(i2,b4,n1,Data,start3)] U2=0 [] corrupt=0 I-3.8_rows_not_below_mounted=[]
ENUM2_EXAMPLE base=m1_with_nodes rollback_table_base=NewestReadableRootTable rules=c330_jia kind=U2 faults=2
    M2 mode=recovery unreadable=[(1, 3)] selected=(1,2) after_replay=(1,3) W=1 acquired=2 rows_written=(1,2,1) first_txg=4 admission_short=false reach=RootNoSuperblock+None landed=[(2,4)] | mounted=(2,4) table=(1,2,1) U1=0 [] U2=1 [i1t3.node0(i1,b3,n0,Metadata,start0)] corrupt=0 I-3.8_rows_not_below_mounted=[]
ENUM2 base=m1_with_nodes rollback_table_base=NewestReadableRootTable rules=c330_yi_superblock histories=610000 evaluations=988735 u1_units=246526 u2_units=186025 histories_with_u1=81260 histories_with_u2=246357 evaluations_with_I-3.8_violation=0
ENUM2_EXAMPLE base=m1_with_nodes rollback_table_base=NewestReadableRootTable rules=c330_yi_superblock kind=U1 faults=4
    M2 mode=recovery unreadable=[] selected=(1,3) after_replay=(1,3) W=0 acquired=2 rows_written=(1,3,0) first_txg=4 admission_short=false reach=RootNoSuperblock+None landed=[(2,4)] | mounted=(2,4) table=(1,3,0) U1=0 [] U2=0 [] corrupt=0 I-3.8_rows_not_below_mounted=[]
    M3 mode=recovery unreadable=[(2, 4)] selected=(1,3) after_replay=(1,3) W=0 acquired=3 rows_written=(1,3,0)(2,3,0) first_txg=4 admission_short=false reach=UnitsOnly+None landed=[]
    M4 mode=recovery unreadable=[] selected=(2,4) after_replay=(2,4) W=0 acquired=4 rows_written=(1,3,0)(2,4,0)(3,4,0) first_txg=5 admission_short=false reach=RootNoSuperblock+None landed=[(4,5)] | mounted=(4,5) table=(1,3,0)(2,4,0)(3,4,0) U1=2 [i3t4.accounting(i3,b4,n0,Metadata,start3),i3t4.data1(i3,b4,n1,Data,start3)] U2=0 [] corrupt=0 I-3.8_rows_not_below_mounted=[]
ENUM2_EXAMPLE base=m1_with_nodes rollback_table_base=NewestReadableRootTable rules=c330_yi_superblock kind=U2 faults=2
    M2 mode=recovery unreadable=[(1, 3)] selected=(1,2) after_replay=(1,3) W=1 acquired=2 rows_written=(1,2,1) first_txg=4 admission_short=false reach=RootNoSuperblock+None landed=[(2,4)] | mounted=(2,4) table=(1,2,1) U1=0 [] U2=1 [i1t3.node0(i1,b3,n0,Metadata,start0)] corrupt=0 I-3.8_rows_not_below_mounted=[]
ENUM2 base=m1_with_nodes rollback_table_base=NewestReadableRootTable rules=c330_yi_root_carried histories=610000 evaluations=988735 u1_units=1079103 u2_units=203079 histories_with_u1=291529 histories_with_u2=247215 evaluations_with_I-3.8_violation=0
ENUM2_EXAMPLE base=m1_with_nodes rollback_table_base=NewestReadableRootTable rules=c330_yi_root_carried kind=U1 faults=3
    M2 mode=rollback unreadable=[(1, 3)] selected=(1,2) after_replay=(1,1) W=0 acquired=2 rows_written=(1,1,0,rollback) first_txg=3 admission_short=false reach=UnitsOnly+None landed=[]
    M3 mode=recovery unreadable=[] selected=(1,3) after_replay=(1,3) W=0 acquired=3 rows_written=(1,3,0)(2,3,0) first_txg=4 admission_short=false reach=RootNoSuperblock+None landed=[(3,4)] | mounted=(3,4) table=(1,3,0)(2,3,0) U1=2 [i2t3.accounting(i2,b3,n0,Metadata,start1),i2t3.data1(i2,b3,n1,Data,start1)] U2=0 [] corrupt=0 I-3.8_rows_not_below_mounted=[]
ENUM2_EXAMPLE base=m1_with_nodes rollback_table_base=NewestReadableRootTable rules=c330_yi_root_carried kind=U2 faults=2
    M2 mode=recovery unreadable=[(1, 3)] selected=(1,2) after_replay=(1,3) W=1 acquired=2 rows_written=(1,2,1) first_txg=4 admission_short=false reach=RootNoSuperblock+None landed=[(2,4)] | mounted=(2,4) table=(1,2,1) U1=0 [] U2=1 [i1t3.node0(i1,b3,n0,Metadata,start0)] corrupt=0 I-3.8_rows_not_below_mounted=[]
ENUM2 base=m1_with_nodes rollback_table_base=NewestReadableRootTable rules=c330_yi_record_scan histories=610000 evaluations=988735 u1_units=0 u2_units=185445 histories_with_u1=0 histories_with_u2=246267 evaluations_with_I-3.8_violation=0
ENUM2_EXAMPLE base=m1_with_nodes rollback_table_base=NewestReadableRootTable rules=c330_yi_record_scan kind=U2 faults=2
    M2 mode=recovery unreadable=[(1, 3)] selected=(1,2) after_replay=(1,3) W=1 acquired=2 rows_written=(1,2,1) first_txg=4 admission_short=false reach=RootNoSuperblock+None landed=[(2,4)] | mounted=(2,4) table=(1,2,1) U1=0 [] U2=1 [i1t3.node0(i1,b3,n0,Metadata,start0)] corrupt=0 I-3.8_rows_not_below_mounted=[]
ENUM2 base=m1_with_nodes rollback_table_base=NewestReadableRootTable rules=c330_bing_start histories=610000 evaluations=988735 u1_units=89147 u2_units=1861792 histories_with_u1=15123 histories_with_u2=610000 evaluations_with_I-3.8_violation=0
ENUM2_EXAMPLE base=m1_with_nodes rollback_table_base=NewestReadableRootTable rules=c330_bing_start kind=U1 faults=5
    M2 mode=recovery unreadable=[] selected=(1,3) after_replay=(1,3) W=0 acquired=2 rows_written=(1,3,0) first_txg=4 admission_short=false reach=RootNoSuperblock+None landed=[(2,4)] | mounted=(2,4) table=(1,3,0) U1=0 [] U2=2 [i1t3.node0(i1,b3,n0,Metadata,start0),i1t3.data1(i1,b3,n1,Data,start0)] corrupt=0 I-3.8_rows_not_below_mounted=[]
    M3 mode=rollback unreadable=[(2, 4), (1, 3)] selected=(1,2) after_replay=(1,1) W=0 acquired=3 rows_written=(1,1,0,rollback)(2,0,0) first_txg=3 admission_short=false reach=RootNoSuperblock+None landed=[(3,3)] | mounted=(3,3) table=(1,1,0,rollback)(2,0,0) U1=0 [] U2=0 [] corrupt=0 I-3.8_rows_not_below_mounted=[]
    M4 mode=rollback unreadable=[] selected=(2,4) after_replay=(3,3) W=0 acquired=4 rows_written=(1,3,0)(3,3,0,rollback) first_txg=5 admission_short=false reach=RootNoSuperblock+None landed=[(4,5)] | mounted=(4,5) table=(1,3,0)(3,3,0,rollback) U1=2 [i2t4.accounting(i2,b4,n0,Metadata,start3),i2t4.data1(i2,b4,n1,Data,start3)] U2=1 [i3t3.data1(i3,b3,n1,Data,start1)] corrupt=0 I-3.8_rows_not_below_mounted=[]
ENUM2_EXAMPLE base=m1_with_nodes rollback_table_base=NewestReadableRootTable rules=c330_bing_start kind=U2 faults=1
    M2 mode=recovery unreadable=[] selected=(1,3) after_replay=(1,3) W=0 acquired=2 rows_written=(1,3,0) first_txg=4 admission_short=false reach=RootNoSuperblock+None landed=[(2,4)] | mounted=(2,4) table=(1,3,0) U1=0 [] U2=2 [i1t3.node0(i1,b3,n0,Metadata,start0),i1t3.data1(i1,b3,n1,Data,start0)] corrupt=0 I-3.8_rows_not_below_mounted=[]
ENUM2 base=m1_with_nodes rollback_table_base=RollbackTargetTable rules=today histories=610000 evaluations=988735 u1_units=945569 u2_units=196509 histories_with_u1=279793 histories_with_u2=246267 evaluations_with_I-3.8_violation=0
ENUM2_EXAMPLE base=m1_with_nodes rollback_table_base=RollbackTargetTable rules=today kind=U1 faults=3
    M2 mode=rollback unreadable=[(1, 3)] selected=(1,2) after_replay=(1,1) W=0 acquired=2 rows_written=(1,1,0,rollback) first_txg=3 admission_short=false reach=UnitsOnly+None landed=[]
    M3 mode=recovery unreadable=[] selected=(1,3) after_replay=(1,3) W=0 acquired=3 rows_written=(1,3,0)(2,3,0) first_txg=4 admission_short=false reach=RootNoSuperblock+None landed=[(3,4)] | mounted=(3,4) table=(1,3,0)(2,3,0) U1=2 [i2t3.accounting(i2,b3,n0,Metadata,start1),i2t3.data1(i2,b3,n1,Data,start1)] U2=0 [] corrupt=0 I-3.8_rows_not_below_mounted=[]
ENUM2_EXAMPLE base=m1_with_nodes rollback_table_base=RollbackTargetTable rules=today kind=U2 faults=2
    M2 mode=recovery unreadable=[(1, 3)] selected=(1,2) after_replay=(1,3) W=1 acquired=2 rows_written=(1,2,1) first_txg=4 admission_short=false reach=RootNoSuperblock+None landed=[(2,4)] | mounted=(2,4) table=(1,2,1) U1=0 [] U2=1 [i1t3.node0(i1,b3,n0,Metadata,start0)] corrupt=0 I-3.8_rows_not_below_mounted=[]
ENUM2 base=m1_with_nodes rollback_table_base=RollbackTargetTable rules=c330_jia histories=610000 evaluations=988735 u1_units=0 u2_units=197229 histories_with_u1=0 histories_with_u2=246267 evaluations_with_I-3.8_violation=0
ENUM2_EXAMPLE base=m1_with_nodes rollback_table_base=RollbackTargetTable rules=c330_jia kind=U2 faults=2
    M2 mode=recovery unreadable=[(1, 3)] selected=(1,2) after_replay=(1,3) W=1 acquired=2 rows_written=(1,2,1) first_txg=4 admission_short=false reach=RootNoSuperblock+None landed=[(2,4)] | mounted=(2,4) table=(1,2,1) U1=0 [] U2=1 [i1t3.node0(i1,b3,n0,Metadata,start0)] corrupt=0 I-3.8_rows_not_below_mounted=[]
ENUM2 base=m1_with_nodes rollback_table_base=RollbackTargetTable rules=c330_yi_superblock histories=610000 evaluations=988735 u1_units=242440 u2_units=185449 histories_with_u1=81080 histories_with_u2=246267 evaluations_with_I-3.8_violation=0
ENUM2_EXAMPLE base=m1_with_nodes rollback_table_base=RollbackTargetTable rules=c330_yi_superblock kind=U1 faults=4
    M2 mode=recovery unreadable=[] selected=(1,3) after_replay=(1,3) W=0 acquired=2 rows_written=(1,3,0) first_txg=4 admission_short=false reach=RootNoSuperblock+None landed=[(2,4)] | mounted=(2,4) table=(1,3,0) U1=0 [] U2=0 [] corrupt=0 I-3.8_rows_not_below_mounted=[]
    M3 mode=recovery unreadable=[(2, 4)] selected=(1,3) after_replay=(1,3) W=0 acquired=3 rows_written=(1,3,0)(2,3,0) first_txg=4 admission_short=false reach=UnitsOnly+None landed=[]
    M4 mode=recovery unreadable=[] selected=(2,4) after_replay=(2,4) W=0 acquired=4 rows_written=(1,3,0)(2,4,0)(3,4,0) first_txg=5 admission_short=false reach=RootNoSuperblock+None landed=[(4,5)] | mounted=(4,5) table=(1,3,0)(2,4,0)(3,4,0) U1=2 [i3t4.accounting(i3,b4,n0,Metadata,start3),i3t4.data1(i3,b4,n1,Data,start3)] U2=0 [] corrupt=0 I-3.8_rows_not_below_mounted=[]
ENUM2_EXAMPLE base=m1_with_nodes rollback_table_base=RollbackTargetTable rules=c330_yi_superblock kind=U2 faults=2
    M2 mode=recovery unreadable=[(1, 3)] selected=(1,2) after_replay=(1,3) W=1 acquired=2 rows_written=(1,2,1) first_txg=4 admission_short=false reach=RootNoSuperblock+None landed=[(2,4)] | mounted=(2,4) table=(1,2,1) U1=0 [] U2=1 [i1t3.node0(i1,b3,n0,Metadata,start0)] corrupt=0 I-3.8_rows_not_below_mounted=[]
ENUM2 base=m1_with_nodes rollback_table_base=RollbackTargetTable rules=c330_yi_root_carried histories=610000 evaluations=988735 u1_units=945569 u2_units=196509 histories_with_u1=279793 histories_with_u2=246267 evaluations_with_I-3.8_violation=0
ENUM2_EXAMPLE base=m1_with_nodes rollback_table_base=RollbackTargetTable rules=c330_yi_root_carried kind=U1 faults=3
    M2 mode=rollback unreadable=[(1, 3)] selected=(1,2) after_replay=(1,1) W=0 acquired=2 rows_written=(1,1,0,rollback) first_txg=3 admission_short=false reach=UnitsOnly+None landed=[]
    M3 mode=recovery unreadable=[] selected=(1,3) after_replay=(1,3) W=0 acquired=3 rows_written=(1,3,0)(2,3,0) first_txg=4 admission_short=false reach=RootNoSuperblock+None landed=[(3,4)] | mounted=(3,4) table=(1,3,0)(2,3,0) U1=2 [i2t3.accounting(i2,b3,n0,Metadata,start1),i2t3.data1(i2,b3,n1,Data,start1)] U2=0 [] corrupt=0 I-3.8_rows_not_below_mounted=[]
ENUM2_EXAMPLE base=m1_with_nodes rollback_table_base=RollbackTargetTable rules=c330_yi_root_carried kind=U2 faults=2
    M2 mode=recovery unreadable=[(1, 3)] selected=(1,2) after_replay=(1,3) W=1 acquired=2 rows_written=(1,2,1) first_txg=4 admission_short=false reach=RootNoSuperblock+None landed=[(2,4)] | mounted=(2,4) table=(1,2,1) U1=0 [] U2=1 [i1t3.node0(i1,b3,n0,Metadata,start0)] corrupt=0 I-3.8_rows_not_below_mounted=[]
ENUM2 base=m1_with_nodes rollback_table_base=RollbackTargetTable rules=c330_yi_record_scan histories=610000 evaluations=988735 u1_units=0 u2_units=185445 histories_with_u1=0 histories_with_u2=246267 evaluations_with_I-3.8_violation=0
ENUM2_EXAMPLE base=m1_with_nodes rollback_table_base=RollbackTargetTable rules=c330_yi_record_scan kind=U2 faults=2
    M2 mode=recovery unreadable=[(1, 3)] selected=(1,2) after_replay=(1,3) W=1 acquired=2 rows_written=(1,2,1) first_txg=4 admission_short=false reach=RootNoSuperblock+None landed=[(2,4)] | mounted=(2,4) table=(1,2,1) U1=0 [] U2=1 [i1t3.node0(i1,b3,n0,Metadata,start0)] corrupt=0 I-3.8_rows_not_below_mounted=[]
ENUM2 base=m1_with_nodes rollback_table_base=RollbackTargetTable rules=c330_bing_start histories=610000 evaluations=988735 u1_units=0 u2_units=1863786 histories_with_u1=0 histories_with_u2=610000 evaluations_with_I-3.8_violation=0
ENUM2_EXAMPLE base=m1_with_nodes rollback_table_base=RollbackTargetTable rules=c330_bing_start kind=U2 faults=1
    M2 mode=recovery unreadable=[] selected=(1,3) after_replay=(1,3) W=0 acquired=2 rows_written=(1,3,0) first_txg=4 admission_short=false reach=RootNoSuperblock+None landed=[(2,4)] | mounted=(2,4) table=(1,3,0) U1=0 [] U2=2 [i1t3.node0(i1,b3,n0,Metadata,start0),i1t3.data1(i1,b3,n1,Data,start0)] corrupt=0 I-3.8_rows_not_below_mounted=[]
ENUM2 base=m1_without_nodes rollback_table_base=NewestReadableRootTable rules=today histories=610000 evaluations=988735 u1_units=1069786 u2_units=1955 histories_with_u1=291529 histories_with_u2=1074 evaluations_with_I-3.8_violation=0
ENUM2_EXAMPLE base=m1_without_nodes rollback_table_base=NewestReadableRootTable rules=today kind=U1 faults=3
    M2 mode=rollback unreadable=[(1, 3)] selected=(1,2) after_replay=(1,1) W=0 acquired=2 rows_written=(1,1,0,rollback) first_txg=3 admission_short=false reach=UnitsOnly+None landed=[]
    M3 mode=recovery unreadable=[] selected=(1,3) after_replay=(1,3) W=0 acquired=3 rows_written=(1,3,0)(2,3,0) first_txg=4 admission_short=false reach=RootNoSuperblock+None landed=[(3,4)] | mounted=(3,4) table=(1,3,0)(2,3,0) U1=2 [i2t3.accounting(i2,b3,n0,Metadata,start1),i2t3.data1(i2,b3,n1,Data,start1)] U2=0 [] corrupt=0 I-3.8_rows_not_below_mounted=[]
ENUM2_EXAMPLE base=m1_without_nodes rollback_table_base=NewestReadableRootTable rules=today kind=U2 faults=5
    M2 mode=rollback unreadable=[] selected=(1,3) after_replay=(1,2) W=0 acquired=2 rows_written=(1,2,0,rollback) first_txg=4 admission_short=false reach=Complete+Some(Complete) landed=[(2,4)(2,5)] | mounted=(2,5) table=(1,2,0,rollback) U1=0 [] U2=0 [] corrupt=0 I-3.8_rows_not_below_mounted=[]
    M3 mode=recovery unreadable=[(2, 5), (2, 4)] selected=(1,3) after_replay=(1,3) W=0 acquired=3 rows_written=(1,3,0)(2,3,0) first_txg=4 admission_short=false reach=RootNoSuperblock+None landed=[(3,4)] | mounted=(3,4) table=(1,3,0)(2,3,0) U1=0 [] U2=0 [] corrupt=0 I-3.8_rows_not_below_mounted=[]
    M4 mode=rollback unreadable=[] selected=(2,5) after_replay=(3,4) W=0 acquired=4 rows_written=(1,2,0,rollback)(3,4,0,rollback) first_txg=6 admission_short=false reach=RootNoSuperblock+None landed=[(4,6)] | mounted=(4,6) table=(1,2,0,rollback)(3,4,0,rollback) U1=3 [i2t4.accounting(i2,b4,n0,Metadata,start2),i2t4.data1(i2,b4,n1,Data,start2),i2t5.accounting(i2,b5,n0,Metadata,start2)] U2=1 [i1t3.data1(i1,b3,n1,Data,start0)] corrupt=0 I-3.8_rows_not_below_mounted=[]
ENUM2 base=m1_without_nodes rollback_table_base=NewestReadableRootTable rules=c330_jia histories=610000 evaluations=988735 u1_units=104672 u2_units=1775 histories_with_u1=14853 histories_with_u2=984 evaluations_with_I-3.8_violation=0
ENUM2_EXAMPLE base=m1_without_nodes rollback_table_base=NewestReadableRootTable rules=c330_jia kind=U1 faults=5
    M2 mode=recovery unreadable=[] selected=(1,3) after_replay=(1,3) W=0 acquired=2 rows_written=(1,3,0) first_txg=4 admission_short=false reach=RootNoSuperblock+None landed=[(2,4)] | mounted=(2,4) table=(1,3,0) U1=0 [] U2=0 [] corrupt=0 I-3.8_rows_not_below_mounted=[]
    M3 mode=rollback unreadable=[(2, 4), (1, 3)] selected=(1,2) after_replay=(1,1) W=0 acquired=3 rows_written=(1,1,0,rollback)(2,0,0) first_txg=3 admission_short=false reach=RootNoSuperblock+None landed=[(3,3)] | mounted=(3,3) table=(1,1,0,rollback)(2,0,0) U1=0 [] U2=0 [] corrupt=0 I-3.8_rows_not_below_mounted=[]
    M4 mode=rollback unreadable=[] selected=(2,4) after_replay=(3,3) W=0 acquired=4 rows_written=(1,3,0)(3,3,0,rollback) first_txg=5 admission_short=false reach=RootNoSuperblock+None landed=[(4,5)] | mounted=(4,5) table=(1,3,0)(3,3,0,rollback) U1=5 [i1t2.accounting(i1,b2,n0,Metadata,start0),i1t3.accounting(i1,b3,n0,Metadata,start0),i1t3.data1(i1,b3,n1,Data,start0),i2t4.accounting(i2,b4,n0,Metadata,start3),i2t4.data1(i2,b4,n1,Data,start3)] U2=0 [] corrupt=0 I-3.8_rows_not_below_mounted=[]
ENUM2_EXAMPLE base=m1_without_nodes rollback_table_base=NewestReadableRootTable rules=c330_jia kind=U2 faults=5
    M2 mode=rollback unreadable=[] selected=(1,3) after_replay=(1,2) W=0 acquired=2 rows_written=(1,2,0,rollback) first_txg=4 admission_short=false reach=Complete+Some(Complete) landed=[(2,4)(2,5)] | mounted=(2,5) table=(1,2,0,rollback) U1=0 [] U2=0 [] corrupt=0 I-3.8_rows_not_below_mounted=[]
    M3 mode=recovery unreadable=[(2, 5), (2, 4)] selected=(1,3) after_replay=(1,3) W=0 acquired=3 rows_written=(1,3,0)(2,0,0) first_txg=4 admission_short=false reach=RootNoSuperblock+None landed=[(3,4)] | mounted=(3,4) table=(1,3,0)(2,0,0) U1=0 [] U2=0 [] corrupt=0 I-3.8_rows_not_below_mounted=[]
    M4 mode=rollback unreadable=[] selected=(2,5) after_replay=(3,4) W=0 acquired=4 rows_written=(1,2,0,rollback)(3,4,0,rollback) first_txg=6 admission_short=false reach=RootNoSuperblock+None landed=[(4,6)] | mounted=(4,6) table=(1,2,0,rollback)(3,4,0,rollback) U1=3 [i2t4.accounting(i2,b4,n0,Metadata,start2),i2t4.data1(i2,b4,n1,Data,start2),i2t5.accounting(i2,b5,n0,Metadata,start2)] U2=1 [i1t3.data1(i1,b3,n1,Data,start0)] corrupt=0 I-3.8_rows_not_below_mounted=[]
ENUM2 base=m1_without_nodes rollback_table_base=NewestReadableRootTable rules=c330_yi_superblock histories=610000 evaluations=988735 u1_units=246382 u2_units=270 histories_with_u1=81260 histories_with_u2=135 evaluations_with_I-3.8_violation=0
ENUM2_EXAMPLE base=m1_without_nodes rollback_table_base=NewestReadableRootTable rules=c330_yi_superblock kind=U1 faults=4
    M2 mode=recovery unreadable=[] selected=(1,3) after_replay=(1,3) W=0 acquired=2 rows_written=(1,3,0) first_txg=4 admission_short=false reach=RootNoSuperblock+None landed=[(2,4)] | mounted=(2,4) table=(1,3,0) U1=0 [] U2=0 [] corrupt=0 I-3.8_rows_not_below_mounted=[]
    M3 mode=recovery unreadable=[(2, 4)] selected=(1,3) after_replay=(1,3) W=0 acquired=3 rows_written=(1,3,0)(2,3,0) first_txg=4 admission_short=false reach=UnitsOnly+None landed=[]
    M4 mode=recovery unreadable=[] selected=(2,4) after_replay=(2,4) W=0 acquired=4 rows_written=(1,3,0)(2,4,0)(3,4,0) first_txg=5 admission_short=false reach=RootNoSuperblock+None landed=[(4,5)] | mounted=(4,5) table=(1,3,0)(2,4,0)(3,4,0) U1=2 [i3t4.accounting(i3,b4,n0,Metadata,start3),i3t4.data1(i3,b4,n1,Data,start3)] U2=0 [] corrupt=0 I-3.8_rows_not_below_mounted=[]
ENUM2_EXAMPLE base=m1_without_nodes rollback_table_base=NewestReadableRootTable rules=c330_yi_superblock kind=U2 faults=6
    M2 mode=rollback unreadable=[] selected=(1,3) after_replay=(1,2) W=0 acquired=2 rows_written=(1,2,0,rollback) first_txg=4 admission_short=false reach=RootNoSuperblock+None landed=[(2,4)] | mounted=(2,4) table=(1,2,0,rollback) U1=0 [] U2=0 [] corrupt=0 I-3.8_rows_not_below_mounted=[]
    M3 mode=recovery unreadable=[] selected=(2,4) after_replay=(2,4) W=0 acquired=3 rows_written=(1,2,0,rollback)(2,4,0) first_txg=5 admission_short=false reach=RootNoSuperblock+None landed=[(3,5)] | mounted=(3,5) table=(1,2,0,rollback)(2,4,0) U1=0 [] U2=0 [] corrupt=0 I-3.8_rows_not_below_mounted=[]
    M4 mode=recovery unreadable=[(3, 5), (2, 4)] selected=(1,3) after_replay=(1,3) W=0 acquired=4 rows_written=(1,3,0)(2,3,0)(3,3,0) first_txg=4 admission_short=false reach=RootNoSuperblock+None landed=[(4,4)] | mounted=(4,4) table=(1,3,0)(2,3,0)(3,3,0) U1=0 [] U2=0 [] corrupt=0 I-3.8_rows_not_below_mounted=[]
    M5 mode=rollback unreadable=[] selected=(3,5) after_replay=(4,4) W=0 acquired=5 rows_written=(1,2,0,rollback)(2,4,0)(4,4,0,rollback) first_txg=6 admission_short=false reach=RootNoSuperblock+None landed=[(5,6)] | mounted=(5,6) table=(1,2,0,rollback)(2,4,0)(4,4,0,rollback) U1=4 [i2t4.accounting(i2,b4,n0,Metadata,start2),i2t4.data1(i2,b4,n1,Data,start2),i3t5.accounting(i3,b5,n0,Metadata,start4),i3t5.data1(i3,b5,n1,Data,start4)] U2=1 [i1t3.data1(i1,b3,n1,Data,start0)] corrupt=0 I-3.8_rows_not_below_mounted=[]
ENUM2 base=m1_without_nodes rollback_table_base=NewestReadableRootTable rules=c330_yi_root_carried histories=610000 evaluations=988735 u1_units=1069786 u2_units=1955 histories_with_u1=291529 histories_with_u2=1074 evaluations_with_I-3.8_violation=0
ENUM2_EXAMPLE base=m1_without_nodes rollback_table_base=NewestReadableRootTable rules=c330_yi_root_carried kind=U1 faults=3
    M2 mode=rollback unreadable=[(1, 3)] selected=(1,2) after_replay=(1,1) W=0 acquired=2 rows_written=(1,1,0,rollback) first_txg=3 admission_short=false reach=UnitsOnly+None landed=[]
    M3 mode=recovery unreadable=[] selected=(1,3) after_replay=(1,3) W=0 acquired=3 rows_written=(1,3,0)(2,3,0) first_txg=4 admission_short=false reach=RootNoSuperblock+None landed=[(3,4)] | mounted=(3,4) table=(1,3,0)(2,3,0) U1=2 [i2t3.accounting(i2,b3,n0,Metadata,start1),i2t3.data1(i2,b3,n1,Data,start1)] U2=0 [] corrupt=0 I-3.8_rows_not_below_mounted=[]
ENUM2_EXAMPLE base=m1_without_nodes rollback_table_base=NewestReadableRootTable rules=c330_yi_root_carried kind=U2 faults=5
    M2 mode=rollback unreadable=[] selected=(1,3) after_replay=(1,2) W=0 acquired=2 rows_written=(1,2,0,rollback) first_txg=4 admission_short=false reach=Complete+Some(Complete) landed=[(2,4)(2,5)] | mounted=(2,5) table=(1,2,0,rollback) U1=0 [] U2=0 [] corrupt=0 I-3.8_rows_not_below_mounted=[]
    M3 mode=recovery unreadable=[(2, 5), (2, 4)] selected=(1,3) after_replay=(1,3) W=0 acquired=3 rows_written=(1,3,0)(2,3,0) first_txg=4 admission_short=false reach=RootNoSuperblock+None landed=[(3,4)] | mounted=(3,4) table=(1,3,0)(2,3,0) U1=0 [] U2=0 [] corrupt=0 I-3.8_rows_not_below_mounted=[]
    M4 mode=rollback unreadable=[] selected=(2,5) after_replay=(3,4) W=0 acquired=4 rows_written=(1,2,0,rollback)(3,4,0,rollback) first_txg=6 admission_short=false reach=RootNoSuperblock+None landed=[(4,6)] | mounted=(4,6) table=(1,2,0,rollback)(3,4,0,rollback) U1=3 [i2t4.accounting(i2,b4,n0,Metadata,start2),i2t4.data1(i2,b4,n1,Data,start2),i2t5.accounting(i2,b5,n0,Metadata,start2)] U2=1 [i1t3.data1(i1,b3,n1,Data,start0)] corrupt=0 I-3.8_rows_not_below_mounted=[]
ENUM2 base=m1_without_nodes rollback_table_base=NewestReadableRootTable rules=c330_yi_record_scan histories=610000 evaluations=988735 u1_units=0 u2_units=0 histories_with_u1=0 histories_with_u2=0 evaluations_with_I-3.8_violation=0
ENUM2 base=m1_without_nodes rollback_table_base=NewestReadableRootTable rules=c330_bing_start histories=610000 evaluations=988735 u1_units=88078 u2_units=1408162 histories_with_u1=15123 histories_with_u2=610000 evaluations_with_I-3.8_violation=0
ENUM2_EXAMPLE base=m1_without_nodes rollback_table_base=NewestReadableRootTable rules=c330_bing_start kind=U1 faults=5
    M2 mode=recovery unreadable=[] selected=(1,3) after_replay=(1,3) W=0 acquired=2 rows_written=(1,3,0) first_txg=4 admission_short=false reach=RootNoSuperblock+None landed=[(2,4)] | mounted=(2,4) table=(1,3,0) U1=0 [] U2=1 [i1t3.data1(i1,b3,n1,Data,start0)] corrupt=0 I-3.8_rows_not_below_mounted=[]
    M3 mode=rollback unreadable=[(2, 4), (1, 3)] selected=(1,2) after_replay=(1,1) W=0 acquired=3 rows_written=(1,1,0,rollback)(2,0,0) first_txg=3 admission_short=false reach=RootNoSuperblock+None landed=[(3,3)] | mounted=(3,3) table=(1,1,0,rollback)(2,0,0) U1=0 [] U2=0 [] corrupt=0 I-3.8_rows_not_below_mounted=[]
    M4 mode=rollback unreadable=[] selected=(2,4) after_replay=(3,3) W=0 acquired=4 rows_written=(1,3,0)(3,3,0,rollback) first_txg=5 admission_short=false reach=RootNoSuperblock+None landed=[(4,5)] | mounted=(4,5) table=(1,3,0)(3,3,0,rollback) U1=2 [i2t4.accounting(i2,b4,n0,Metadata,start3),i2t4.data1(i2,b4,n1,Data,start3)] U2=1 [i3t3.data1(i3,b3,n1,Data,start1)] corrupt=0 I-3.8_rows_not_below_mounted=[]
ENUM2_EXAMPLE base=m1_without_nodes rollback_table_base=NewestReadableRootTable rules=c330_bing_start kind=U2 faults=1
    M2 mode=recovery unreadable=[] selected=(1,3) after_replay=(1,3) W=0 acquired=2 rows_written=(1,3,0) first_txg=4 admission_short=false reach=RootNoSuperblock+None landed=[(2,4)] | mounted=(2,4) table=(1,3,0) U1=0 [] U2=1 [i1t3.data1(i1,b3,n1,Data,start0)] corrupt=0 I-3.8_rows_not_below_mounted=[]
ENUM2 base=m1_without_nodes rollback_table_base=RollbackTargetTable rules=today histories=610000 evaluations=988735 u1_units=945569 u2_units=0 histories_with_u1=279793 histories_with_u2=0 evaluations_with_I-3.8_violation=0
ENUM2_EXAMPLE base=m1_without_nodes rollback_table_base=RollbackTargetTable rules=today kind=U1 faults=3
    M2 mode=rollback unreadable=[(1, 3)] selected=(1,2) after_replay=(1,1) W=0 acquired=2 rows_written=(1,1,0,rollback) first_txg=3 admission_short=false reach=UnitsOnly+None landed=[]
    M3 mode=recovery unreadable=[] selected=(1,3) after_replay=(1,3) W=0 acquired=3 rows_written=(1,3,0)(2,3,0) first_txg=4 admission_short=false reach=RootNoSuperblock+None landed=[(3,4)] | mounted=(3,4) table=(1,3,0)(2,3,0) U1=2 [i2t3.accounting(i2,b3,n0,Metadata,start1),i2t3.data1(i2,b3,n1,Data,start1)] U2=0 [] corrupt=0 I-3.8_rows_not_below_mounted=[]
ENUM2 base=m1_without_nodes rollback_table_base=RollbackTargetTable rules=c330_jia histories=610000 evaluations=988735 u1_units=0 u2_units=0 histories_with_u1=0 histories_with_u2=0 evaluations_with_I-3.8_violation=0
ENUM2 base=m1_without_nodes rollback_table_base=RollbackTargetTable rules=c330_yi_superblock histories=610000 evaluations=988735 u1_units=242440 u2_units=0 histories_with_u1=81080 histories_with_u2=0 evaluations_with_I-3.8_violation=0
ENUM2_EXAMPLE base=m1_without_nodes rollback_table_base=RollbackTargetTable rules=c330_yi_superblock kind=U1 faults=4
    M2 mode=recovery unreadable=[] selected=(1,3) after_replay=(1,3) W=0 acquired=2 rows_written=(1,3,0) first_txg=4 admission_short=false reach=RootNoSuperblock+None landed=[(2,4)] | mounted=(2,4) table=(1,3,0) U1=0 [] U2=0 [] corrupt=0 I-3.8_rows_not_below_mounted=[]
    M3 mode=recovery unreadable=[(2, 4)] selected=(1,3) after_replay=(1,3) W=0 acquired=3 rows_written=(1,3,0)(2,3,0) first_txg=4 admission_short=false reach=UnitsOnly+None landed=[]
    M4 mode=recovery unreadable=[] selected=(2,4) after_replay=(2,4) W=0 acquired=4 rows_written=(1,3,0)(2,4,0)(3,4,0) first_txg=5 admission_short=false reach=RootNoSuperblock+None landed=[(4,5)] | mounted=(4,5) table=(1,3,0)(2,4,0)(3,4,0) U1=2 [i3t4.accounting(i3,b4,n0,Metadata,start3),i3t4.data1(i3,b4,n1,Data,start3)] U2=0 [] corrupt=0 I-3.8_rows_not_below_mounted=[]
ENUM2 base=m1_without_nodes rollback_table_base=RollbackTargetTable rules=c330_yi_root_carried histories=610000 evaluations=988735 u1_units=945569 u2_units=0 histories_with_u1=279793 histories_with_u2=0 evaluations_with_I-3.8_violation=0
ENUM2_EXAMPLE base=m1_without_nodes rollback_table_base=RollbackTargetTable rules=c330_yi_root_carried kind=U1 faults=3
    M2 mode=rollback unreadable=[(1, 3)] selected=(1,2) after_replay=(1,1) W=0 acquired=2 rows_written=(1,1,0,rollback) first_txg=3 admission_short=false reach=UnitsOnly+None landed=[]
    M3 mode=recovery unreadable=[] selected=(1,3) after_replay=(1,3) W=0 acquired=3 rows_written=(1,3,0)(2,3,0) first_txg=4 admission_short=false reach=RootNoSuperblock+None landed=[(3,4)] | mounted=(3,4) table=(1,3,0)(2,3,0) U1=2 [i2t3.accounting(i2,b3,n0,Metadata,start1),i2t3.data1(i2,b3,n1,Data,start1)] U2=0 [] corrupt=0 I-3.8_rows_not_below_mounted=[]
ENUM2 base=m1_without_nodes rollback_table_base=RollbackTargetTable rules=c330_yi_record_scan histories=610000 evaluations=988735 u1_units=0 u2_units=0 histories_with_u1=0 histories_with_u2=0 evaluations_with_I-3.8_violation=0
ENUM2 base=m1_without_nodes rollback_table_base=RollbackTargetTable rules=c330_bing_start histories=610000 evaluations=988735 u1_units=0 u2_units=1410642 histories_with_u1=0 histories_with_u2=610000 evaluations_with_I-3.8_violation=0
ENUM2_EXAMPLE base=m1_without_nodes rollback_table_base=RollbackTargetTable rules=c330_bing_start kind=U2 faults=1
    M2 mode=recovery unreadable=[] selected=(1,3) after_replay=(1,3) W=0 acquired=2 rows_written=(1,3,0) first_txg=4 admission_short=false reach=RootNoSuperblock+None landed=[(2,4)] | mounted=(2,4) table=(1,3,0) U1=0 [] U2=1 [i1t3.data1(i1,b3,n1,Data,start0)] corrupt=0 I-3.8_rows_not_below_mounted=[]
