    Finished `test` profile [unoptimized + debuginfo] target(s) in 0.00s
     Running tests/second_transaction_supplement_three_random_history.rs (target/debug/deps/second_transaction_supplement_three_random_history-031d214e73b47b79)

running 1 test
test allocation_record_wall_sampling_with_the_checker_refuses_only_above_one_node_by_the_true_count has been running for over 60 seconds
── 随机历史：逼近分配记录墙的取样点 ──
种子 [0, 32)，每段 150 步，比重：逼近分配记录墙（812 条那一格的取样点）；每一步之后跑池级 checker，已知红第 0 条那一形只记不停；两块 4 GiB 的盘
历史 32 段：跑完 32、以已知红收尾 {}、新发现 0；根环转过一圈的 32 段；最高 txg 176
  操作 PublishFirstFile：Ok 0、Err 0、前提不满足没调 0
  操作 PublishOverwrite：Ok 2402、Err 584、前提不满足没调 779
  操作 PublishWithoutUnits：Ok 0、Err 0、前提不满足没调 0
  操作 CloseAndMountWritable：Ok 465、Err 155、前提不满足没调 0
  操作 CloseAndMountRollback：Ok 73、Err 38、前提不满足没调 0
  操作 RaiseRollbackFloor：Ok 128、Err 62、前提不满足没调 52
  操作 ColdStartRecover：Ok 62、Err 0、前提不满足没调 0
  内容长度 0 字节：入口被调 281 次、发成 264 次
  内容长度 [1, 载荷容量 − 2]：入口被调 1732 次、发成 1634 次
  内容长度 数据单元整宽 32768（装不下）：入口被调 212 次、发成 0 次
  内容长度 载荷容量：入口被调 275 次、发成 255 次
  内容长度 载荷容量 + 1（装不下）：入口被调 221 次、发成 0 次
  内容长度 载荷容量 − 1：入口被调 265 次、发成 249 次
  Err 成员 MountError::Publish(PublishError::AllocationRecordsExceedOneNode)：10 次
  Err 成员 MountError::RaiseNeedsRewrittenInstanceTableUnitInCurrentVersion：9 次
  Err 成员 MountError::RollbackFloorAboveCeiling：43 次
  Err 成员 MountError::RollbackTargetNotACandidate(BelowEffectiveFloor)：1 次
  Err 成员 MountError::RollbackTargetNotACandidate(NotInRing)：20 次
  Err 成员 MountError::RollbackTargetNotACandidate(OnAbandonedTimeline)：5 次
  Err 成员 MountError::RollbackToVersionWithoutFileUnsupported：2 次
  Err 成员 MountError::RowPublishAdmissionRefusedBeforeAcquisition(PublishError::AllocationRecordsExceedOneNode)：112 次
  Err 成员 MountError::WarmUpAdmissionRefusedBeforeAcquisition(PublishError::AllocationRecordsExceedOneNode)：53 次
  Err 成员 PublishError::AllocationRecordsExceedOneNode：151 次
  Err 成员 PublishError::ContentExceedsDataUnit：433 次
  前提不满足（没有可写会话）：831 次
  冷启动结局 FileRead：62 次
  一次挂载里最多写出 32 条根；一段历史里最多挂载成功 29 次、最多试挂载 33 次
  抬 F 回收到落点 119 次、共回收 6718 个落点；复用已释放的记录 23538 条（其中跨度变了 2744 条）；已释放的记录被罩住起点 1286 条、被删 1286 条
  挂载写出的发布比过分配记录 1284 次；挂载之前生效根的分配记录读不出、没比的挂载 0 次
  checker 跑了 3103 次；一个写都没发、沿用上一次结论的 1729 步；已知红第 0 条那一形只记不停 2032 步（32 段历史）
  模型对拍 4001 步：该拒而拒 504、区间里拒 335、该成而成 3162；比过根 4017 条、分配记录 71998 条、冷启动内容 62 次、抬 F 上限 171 次；回退到 txg = F_生效 > 0 的根做成 0 次；分配记录墙按镜像上的真条数放行 326 次；单元区墙按区间放行 0 次
  I-1.1：判绿 3103 次、不适用 0 次
  I-1.3：判绿 3103 次、不适用 0 次
  I-1.4：判绿 3103 次、不适用 0 次
  I-1.6：判绿 3103 次、不适用 0 次
  I-1.7：判绿 3103 次、不适用 0 次
  I-2.1：判绿 3103 次、不适用 0 次
  I-2.3：判绿 3103 次、不适用 0 次
  I-2.4：判绿 3103 次、不适用 0 次
  I-2.5：判绿 3103 次、不适用 0 次
  I-3.1：判绿 1071 次、不适用 0 次
  I-3.8：判绿 3103 次、不适用 0 次
  I-3.9：判绿 3103 次、不适用 0 次
  I-4.8：判绿 3103 次、不适用 0 次
  I-5.1：判绿 3103 次、不适用 0 次
  I-5.2：判绿 3103 次、不适用 0 次
  I-5.4：判绿 3103 次、不适用 0 次
  I-7.1：判绿 3103 次、不适用 0 次
  I-7.2：判绿 3103 次、不适用 0 次
  I-7.4：判绿 3103 次、不适用 0 次
  I-7.6：判绿 3103 次、不适用 0 次
  I-7.7：判绿 3103 次、不适用 0 次
  I-7.8：判绿 3103 次、不适用 0 次
  I-9.1：判绿 3103 次、不适用 0 次
  I-9.2：判绿 3103 次、不适用 0 次
  I-9.4：判绿 3103 次、不适用 0 次
  I-9.7：判绿 3103 次、不适用 0 次
  I-9.10：判绿 3103 次、不适用 0 次
  I-9.13：判绿 3103 次、不适用 0 次
  I-9.14：判绿 3071 次、不适用 32 次
已知红第 0 条（增补 2 收口表第 ② 行（一次挂载转过一整圈根环时 checker 在合法状态上判 I-3.1 红））：0 段；前几个种子 []
已知红第 1 条（增补 2 收口表第 43 行）：0 段；前几个种子 []
用时 128.2 秒
test allocation_record_wall_sampling_with_the_checker_refuses_only_above_one_node_by_the_true_count ... ok

test result: ok. 1 passed; 0 failed; 0 ignored; 0 measured; 18 filtered out; finished in 128.21s

wall 128.23 s, user 1525.95 s, sys 0.62 s
