   Compiling singlefs-core v0.1.0 (research/prompts/m2-supp3-item2-r2-fix-implementer/copies/probe/crates/singlefs-core)
   Compiling singlefs-harness v0.1.0 (research/prompts/m2-supp3-item2-r2-fix-implementer/copies/probe/crates/singlefs-harness)
    Finished `release` profile [optimized + debuginfo] target(s) in 4.05s
     Running tests/probe_unit_area_wall.rs (target/release/deps/probe_unit_area_wall-44b6bc8f6407b6fd)

running 1 test
种子 [0, 128)，每段 150 步，比重：逼近单元区墙（小盘上落点拒绝那一格的取样点）；每一步之后跑池级 checker，已知红第 0 条那一形只记不停；两块单元区 384 槽的小盘（journal 环 128 MiB）
历史 128 段：跑完 83、以已知红收尾 {}、新发现 45；根环转过一圈的 128 段；最高 txg 174
  操作 PublishFirstFile：Ok 0、Err 0、前提不满足没调 0
  操作 PublishOverwrite：Ok 10960、Err 2568、前提不满足没调 410
  操作 PublishWithoutUnits：Ok 0、Err 0、前提不满足没调 0
  操作 CloseAndMountWritable：Ok 1108、Err 0、前提不满足没调 0
  操作 CloseAndMountRollback：Ok 130、Err 45、前提不满足没调 0
  操作 RaiseRollbackFloor：Ok 416、Err 199、前提不满足没调 14
  操作 ColdStartRecover：Ok 172、Err 0、前提不满足没调 0
  内容长度 0 字节：入口被调 1340 次、发成 1268 次
  内容长度 [1, 载荷容量 − 2]：入口被调 7996 次、发成 7538 次
  内容长度 数据单元整宽 32768（装不下）：入口被调 982 次、发成 0 次
  内容长度 载荷容量：入口被调 1141 次、发成 1064 次
  内容长度 载荷容量 + 1（装不下）：入口被调 917 次、发成 0 次
  内容长度 载荷容量 − 1：入口被调 1152 次、发成 1090 次
  Err 成员 MountError::Publish(PublishError::PlacementRefused(NoFreeSlotOnAnyDevice))：26 次
  Err 成员 MountError::RaiseNeedsRewrittenInstanceTableUnitInCurrentVersion：57 次
  Err 成员 MountError::RollbackFloorAboveCeiling：116 次
  Err 成员 MountError::RollbackTargetNotACandidate(BelowEffectiveFloor)：3 次
  Err 成员 MountError::RollbackTargetNotACandidate(NotInRing)：29 次
  Err 成员 MountError::RollbackTargetNotACandidate(OnAbandonedTimeline)：4 次
  Err 成员 MountError::RollbackToVersionWithoutFileUnsupported：9 次
  Err 成员 PublishError::ContentExceedsDataUnit：1899 次
  Err 成员 PublishError::PlacementRefused(NoFreeSlotOnAnyDevice)：624 次
  Err 成员 PublishError::PlacementRefused(SomeDevicesFullDeviceSetSelectionUndefined)：45 次
  前提不满足（没有可写会话）：424 次
  冷启动结局 FileRead：172 次
  一次挂载里最多写出 60 条根；一段历史里最多挂载成功 22 次、最多试挂载 23 次
  抬 F 回收到落点 391 次、共回收 27491 个落点；复用已释放的记录 110264 条（其中跨度变了 31836 条）；已释放的记录被罩住起点 15782 条、被删 15814 条
  挂载写出的发布比过分配记录 2950 次；挂载之前生效根的分配记录读不出、没比的挂载 0 次
  checker 跑了 12762 次；一个写都没发、沿用上一次结论的 3388 步；已知红第 0 条那一形只记不停 8505 步（128 段历史）
  模型对拍 15726 步：该拒而拒 2060、区间里拒 707、该成而成 12914；比过根 15022 条、分配记录 267624 条、冷启动内容 172 次、抬 F 上限 532 次；回退到 txg = F_生效 > 0 的根做成 0 次；分配记录墙按镜像上的真条数放行 0 次；单元区墙按区间放行 650 次
  I-1.1：判绿 12762 次、不适用 0 次
  I-1.3：判绿 12762 次、不适用 0 次
  I-1.4：判绿 12762 次、不适用 0 次
  I-1.6：判绿 12762 次、不适用 0 次
  I-1.7：判绿 12762 次、不适用 0 次
  I-2.1：判绿 12762 次、不适用 0 次
  I-2.3：判绿 12762 次、不适用 0 次
  I-2.4：判绿 12762 次、不适用 0 次
  I-2.5：判绿 12762 次、不适用 0 次
  I-3.1：判绿 4257 次、不适用 0 次
  I-3.8：判绿 12762 次、不适用 0 次
  I-3.9：判绿 12762 次、不适用 0 次
  I-4.8：判绿 12762 次、不适用 0 次
  I-5.1：判绿 12762 次、不适用 0 次
  I-5.2：判绿 12762 次、不适用 0 次
  I-5.4：判绿 12762 次、不适用 0 次
  I-7.1：判绿 12762 次、不适用 0 次
  I-7.2：判绿 12762 次、不适用 0 次
  I-7.4：判绿 12762 次、不适用 0 次
  I-7.6：判绿 12762 次、不适用 0 次
  I-7.7：判绿 12762 次、不适用 0 次
  I-7.8：判绿 12762 次、不适用 0 次
  I-9.1：判绿 12762 次、不适用 0 次
  I-9.2：判绿 12762 次、不适用 0 次
  I-9.4：判绿 12762 次、不适用 0 次
  I-9.7：判绿 12762 次、不适用 0 次
  I-9.10：判绿 12762 次、不适用 0 次
  I-9.13：判绿 12762 次、不适用 0 次
  I-9.14：判绿 12634 次、不适用 128 次
已知红第 0 条（增补 2 收口表第 ② 行（一次挂载转过一整圈根环时 checker 在合法状态上判 I-3.1 红））：0 段；前几个种子 []
已知红第 1 条（增补 2 收口表第 43 行）：0 段；前几个种子 []
新发现 ModelDisagreement { aspect: "模型说该成、实现拒了" }：第一个种子 2（同签名的种子 [2, 4, 14, 17, 22, 27, 29, 30, 33, 35, 37, 38, 43, 44, 46, 50, 52, 54, 56, 57, 60, 61, 67, 68, 70, 73, 74, 75, 78, 79, 80, 81, 83, 88, 90, 94, 96, 97, 103, 107, 110, 114, 122, 123, 127]），在 Operation(66)（Some(PublishOverwrite)）之后
  模型对不上（模型说该成、实现拒了）：模型答 PublishOverwrite 该成（写出 [(68, 8)]；允许拒的只有容量墙区间与 []）；实现 拒了：PublishError::PlacementRefused(SomeDevicesFullDeviceSetSelectionUndefined)
  没收缩（这一档只报种子）：SINGLEFS_RANDOM_HISTORY_SHRINK_SEED=2 跑「收缩一个种子」那条 #[ignore] 用例，或跑大档

PROBE SUMMARY weights=逼近单元区墙（小盘上落点拒绝那一格的取样点） width=UnitAreaOf384Slots checker=RunContinuingPastTheRingTurnForm first=0 seeds=128 steps=150: red_segments=45 red_seeds=[2, 4, 14, 17, 22, 27, 29, 30, 33, 35, 37, 38, 43, 44, 46, 50, 52, 54, 56, 57, 60, 61, 67, 68, 70, 73, 74, 75, 78, 79, 80, 81, 83, 88, 90, 94, 96, 97, 103, 107, 110, 114, 122, 123, 127] seconds=28.1
test probe_unit_area_wall ... ok

test result: ok. 1 passed; 0 failed; 0 ignored; 0 measured; 0 filtered out; finished in 28.08s

