   Compiling singlefs-core v0.1.0 (research/prompts/m2-supp3-item2-r2-fix-implementer/copies/probe/crates/singlefs-core)
   Compiling singlefs-harness v0.1.0 (research/prompts/m2-supp3-item2-r2-fix-implementer/copies/probe/crates/singlefs-harness)
    Finished `release` profile [optimized + debuginfo] target(s) in 4.07s
     Running tests/probe_unit_area_wall.rs (target/release/deps/probe_unit_area_wall-44b6bc8f6407b6fd)

running 1 test
种子 [0, 128)，每段 150 步，比重：逼近分配记录墙（812 条那一格的取样点）；每一步之后跑池级 checker，已知红第 0 条那一形只记不停；两块单元区 384 槽的小盘（journal 环 128 MiB）
历史 128 段：跑完 108、以已知红收尾 {1: 1}、新发现 19；根环转过一圈的 127 段；最高 txg 192
  操作 PublishFirstFile：Ok 0、Err 0、前提不满足没调 0
  操作 PublishOverwrite：Ok 11710、Err 1949、前提不满足没调 406
  操作 PublishWithoutUnits：Ok 0、Err 0、前提不满足没调 0
  操作 CloseAndMountWritable：Ok 2332、Err 0、前提不满足没调 0
  操作 CloseAndMountRollback：Ok 289、Err 83、前提不满足没调 0
  操作 RaiseRollbackFloor：Ok 666、Err 240、前提不满足没调 27
  操作 ColdStartRecover：Ok 190、Err 0、前提不满足没调 0
  内容长度 0 字节：入口被调 1367 次、发成 1362 次
  内容长度 [1, 载荷容量 − 2]：入口被调 8123 次、发成 8087 次
  内容长度 数据单元整宽 32768（装不下）：入口被调 959 次、发成 0 次
  内容长度 载荷容量：入口被调 1189 次、发成 1184 次
  内容长度 载荷容量 + 1（装不下）：入口被调 940 次、发成 0 次
  内容长度 载荷容量 − 1：入口被调 1081 次、发成 1077 次
  Err 成员 MountError::Publish(PublishError::PlacementRefused(SomeDevicesFullDeviceSetSelectionUndefined))：7 次
  Err 成员 MountError::RaiseNeedsRewrittenInstanceTableUnitInCurrentVersion：38 次
  Err 成员 MountError::RollbackFloorAboveCeiling：195 次
  Err 成员 MountError::RollbackTargetNotACandidate(BelowEffectiveFloor)：2 次
  Err 成员 MountError::RollbackTargetNotACandidate(NotInRing)：68 次
  Err 成员 MountError::RollbackTargetNotACandidate(OnAbandonedTimeline)：8 次
  Err 成员 MountError::RollbackToVersionWithoutFileUnsupported：5 次
  Err 成员 PublishError::ContentExceedsDataUnit：1899 次
  Err 成员 PublishError::PlacementRefused(NoFreeSlotOnAnyDevice)：38 次
  Err 成员 PublishError::PlacementRefused(SomeDevicesFullDeviceSetSelectionUndefined)：12 次
  前提不满足（没有可写会话）：433 次
  冷启动结局 FileRead：190 次
  一次挂载里最多写出 41 条根；一段历史里最多挂载成功 31 次、最多试挂载 33 次
  抬 F 回收到落点 613 次、共回收 34288 个落点；复用已释放的记录 149350 条（其中跨度变了 39194 条）；已释放的记录被罩住起点 19214 条、被删 19270 条
  挂载写出的发布比过分配记录 6264 次；挂载之前生效根的分配记录读不出、没比的挂载 0 次
  checker 跑了 15126 次；一个写都没发、沿用上一次结论的 2894 步；已知红第 0 条那一形只记不停 10524 步（127 段历史）
  模型对拍 17587 步：该拒而拒 2177、区间里拒 76、该成而成 15315；比过根 19690 条、分配记录 352974 条、冷启动内容 190 次、抬 F 上限 861 次；回退到 txg = F_生效 > 0 的根做成 0 次；分配记录墙按镜像上的真条数放行 0 次；单元区墙按区间放行 38 次
  I-1.1：判绿 15126 次、不适用 0 次
  I-1.3：判绿 15126 次、不适用 0 次
  I-1.4：判绿 15126 次、不适用 0 次
  I-1.6：判绿 15126 次、不适用 0 次
  I-1.7：判绿 15126 次、不适用 0 次
  I-2.1：判绿 15126 次、不适用 0 次
  I-2.3：判绿 15126 次、不适用 0 次
  I-2.4：判绿 15126 次、不适用 0 次
  I-2.5：判绿 15126 次、不适用 0 次
  I-3.1：判绿 4600 次、不适用 0 次
  I-3.8：判绿 15126 次、不适用 0 次
  I-3.9：判绿 15126 次、不适用 0 次
  I-4.8：判绿 15126 次、不适用 0 次
  I-5.1：判绿 15126 次、不适用 0 次
  I-5.2：判绿 15126 次、不适用 0 次
  I-5.4：判绿 15126 次、不适用 0 次
  I-7.1：判绿 15126 次、不适用 0 次
  I-7.2：判绿 15126 次、不适用 0 次
  I-7.4：判绿 15126 次、不适用 0 次
  I-7.6：判绿 15126 次、不适用 0 次
  I-7.7：判绿 15126 次、不适用 0 次
  I-7.8：判绿 15126 次、不适用 0 次
  I-9.1：判绿 15126 次、不适用 0 次
  I-9.2：判绿 15126 次、不适用 0 次
  I-9.4：判绿 15126 次、不适用 0 次
  I-9.7：判绿 15126 次、不适用 0 次
  I-9.10：判绿 15126 次、不适用 0 次
  I-9.13：判绿 15126 次、不适用 0 次
  I-9.14：判绿 14998 次、不适用 128 次
已知红第 0 条（增补 2 收口表第 ② 行（一次挂载转过一整圈根环时 checker 在合法状态上判 I-3.1 红））：0 段；前几个种子 []
已知红第 1 条（增补 2 收口表第 43 行）：1 段；前几个种子 [(59, Operation(12))]
新发现 ModelDisagreement { aspect: "模型说该成、实现拒了" }：第一个种子 14（同签名的种子 [14, 17, 23, 35, 44, 47, 53, 61, 65, 68, 88, 90, 98, 101, 106, 107, 118, 126, 127]），在 Operation(143)（Some(PublishOverwrite)）之后
  模型对不上（模型说该成、实现拒了）：模型答 PublishOverwrite 该成（写出 [(144, 15)]；允许拒的只有容量墙区间与 []）；实现 拒了：PublishError::PlacementRefused(SomeDevicesFullDeviceSetSelectionUndefined)
  没收缩（这一档只报种子）：SINGLEFS_RANDOM_HISTORY_SHRINK_SEED=14 跑「收缩一个种子」那条 #[ignore] 用例，或跑大档

PROBE SUMMARY weights=逼近分配记录墙（812 条那一格的取样点） width=UnitAreaOf384Slots checker=RunContinuingPastTheRingTurnForm first=0 seeds=128 steps=150: red_segments=19 red_seeds=[14, 17, 23, 35, 44, 47, 53, 61, 65, 68, 88, 90, 98, 101, 106, 107, 118, 126, 127] seconds=33.8
test probe_unit_area_wall ... ok

test result: ok. 1 passed; 0 failed; 0 ignored; 0 measured; 0 filtered out; finished in 33.85s

