   Compiling singlefs-core v0.1.0 (research/prompts/m2-supp3-item2-r2-fix-implementer/copies/probe/crates/singlefs-core)
   Compiling singlefs-harness v0.1.0 (research/prompts/m2-supp3-item2-r2-fix-implementer/copies/probe/crates/singlefs-harness)
    Finished `release` profile [optimized + debuginfo] target(s) in 4.00s
     Running tests/probe_unit_area_wall.rs (target/release/deps/probe_unit_area_wall-44b6bc8f6407b6fd)

running 1 test
种子 [0, 128)，每段 150 步，比重：probe-dense；每一步之后跑池级 checker，已知红第 0 条那一形只记不停；两块单元区 384 槽的小盘（journal 环 128 MiB）
历史 128 段：跑完 19、以已知红收尾 {}、新发现 109；根环转过一圈的 128 段；最高 txg 164
  操作 PublishFirstFile：Ok 0、Err 0、前提不满足没调 0
  操作 PublishOverwrite：Ok 8097、Err 2154、前提不满足没调 604
  操作 PublishWithoutUnits：Ok 0、Err 0、前提不满足没调 0
  操作 CloseAndMountWritable：Ok 469、Err 0、前提不满足没调 0
  操作 CloseAndMountRollback：Ok 87、Err 36、前提不满足没调 0
  操作 RaiseRollbackFloor：Ok 200、Err 132、前提不满足没调 10
  操作 ColdStartRecover：Ok 0、Err 0、前提不满足没调 0
  内容长度 0 字节：入口被调 1013 次、发成 922 次
  内容长度 [1, 载荷容量 − 2]：入口被调 6170 次、发成 5639 次
  内容长度 数据单元整宽 32768（装不下）：入口被调 750 次、发成 0 次
  内容长度 载荷容量：入口被调 820 次、发成 755 次
  内容长度 载荷容量 + 1（装不下）：入口被调 648 次、发成 0 次
  内容长度 载荷容量 − 1：入口被调 850 次、发成 781 次
  Err 成员 MountError::Publish(PublishError::PlacementRefused(SomeDevicesFullDeviceSetSelectionUndefined))：16 次
  Err 成员 MountError::RaiseNeedsRewrittenInstanceTableUnitInCurrentVersion：68 次
  Err 成员 MountError::RollbackFloorAboveCeiling：48 次
  Err 成员 MountError::RollbackTargetNotACandidate(BelowEffectiveFloor)：1 次
  Err 成员 MountError::RollbackTargetNotACandidate(NotInRing)：32 次
  Err 成员 MountError::RollbackToVersionWithoutFileUnsupported：3 次
  Err 成员 PublishError::ContentExceedsDataUnit：1398 次
  Err 成员 PublishError::PlacementRefused(NoFreeSlotOnAnyDevice)：663 次
  Err 成员 PublishError::PlacementRefused(SomeDevicesFullDeviceSetSelectionUndefined)：93 次
  前提不满足（没有可写会话）：614 次
  一次挂载里最多写出 68 条根；一段历史里最多挂载成功 12 次、最多试挂载 12 次
  抬 F 回收到落点 195 次、共回收 15789 个落点；复用已释放的记录 56696 条（其中跨度变了 16868 条）；已释放的记录被罩住起点 8284 条、被删 8304 条
  挂载写出的发布比过分配记录 1303 次；挂载之前生效根的分配记录读不出、没比的挂载 0 次
  checker 跑了 8982 次；一个写都没发、沿用上一次结论的 2935 步；已知红第 0 条那一形只记不停 5215 步（128 段历史）
  模型对拍 11303 步：该拒而拒 1482、区间里拒 731、该成而成 8981；比过根 9992 条、分配记录 176072 条、冷启动内容 0 次、抬 F 上限 248 次；回退到 txg = F_生效 > 0 的根做成 0 次；分配记录墙按镜像上的真条数放行 0 次；单元区墙按区间放行 663 次
  I-1.1：判绿 8982 次、不适用 0 次
  I-1.3：判绿 8982 次、不适用 0 次
  I-1.4：判绿 8982 次、不适用 0 次
  I-1.6：判绿 8982 次、不适用 0 次
  I-1.7：判绿 8982 次、不适用 0 次
  I-2.1：判绿 8982 次、不适用 0 次
  I-2.3：判绿 8982 次、不适用 0 次
  I-2.4：判绿 8982 次、不适用 0 次
  I-2.5：判绿 8982 次、不适用 0 次
  I-3.1：判绿 3766 次、不适用 0 次
  I-3.8：判绿 8982 次、不适用 0 次
  I-3.9：判绿 8982 次、不适用 0 次
  I-4.8：判绿 8982 次、不适用 0 次
  I-5.1：判绿 8982 次、不适用 0 次
  I-5.2：判绿 8982 次、不适用 0 次
  I-5.4：判绿 8982 次、不适用 0 次
  I-7.1：判绿 8982 次、不适用 0 次
  I-7.2：判绿 8982 次、不适用 0 次
  I-7.4：判绿 8982 次、不适用 0 次
  I-7.6：判绿 8982 次、不适用 0 次
  I-7.7：判绿 8982 次、不适用 0 次
  I-7.8：判绿 8982 次、不适用 0 次
  I-9.1：判绿 8982 次、不适用 0 次
  I-9.2：判绿 8982 次、不适用 0 次
  I-9.4：判绿 8982 次、不适用 0 次
  I-9.7：判绿 8982 次、不适用 0 次
  I-9.10：判绿 8982 次、不适用 0 次
  I-9.13：判绿 8982 次、不适用 0 次
  I-9.14：判绿 8854 次、不适用 128 次
已知红第 0 条（增补 2 收口表第 ② 行（一次挂载转过一整圈根环时 checker 在合法状态上判 I-3.1 红））：0 段；前几个种子 []
已知红第 1 条（增补 2 收口表第 43 行）：0 段；前几个种子 []
新发现 ModelDisagreement { aspect: "模型说该成、实现拒了" }：第一个种子 2（同签名的种子 [2, 3, 4, 5, 6, 7, 8, 9, 10, 12, 13, 14, 15, 16, 17, 19, 20, 21, 22, 24, 25, 26, 27, 28, 29, 30, 31, 32, 33, 34, 35, 36, 37, 38, 40, 41, 42, 43, 44, 46, 47, 49, 50, 51, 53, 55, 56, 57, 58, 59, 60, 61, 62, 63, 64, 65, 68, 69, 70, 71, 72, 73, 74, 75, 77, 79, 80, 82, 83, 84, 86, 87, 88, 89, 90, 91, 92, 95, 96, 97, 98, 99, 100, 101, 102, 103, 104, 105, 106, 107, 108, 109, 110, 111, 112, 113, 114, 115, 116, 117, 118, 119, 120, 121, 122, 123, 124, 125, 127]），在 Operation(62)（Some(PublishOverwrite)）之后
  模型对不上（模型说该成、实现拒了）：模型答 PublishOverwrite 该成（写出 [(62, 3)]；允许拒的只有容量墙区间与 []）；实现 拒了：PublishError::PlacementRefused(SomeDevicesFullDeviceSetSelectionUndefined)
  没收缩（这一档只报种子）：SINGLEFS_RANDOM_HISTORY_SHRINK_SEED=2 跑「收缩一个种子」那条 #[ignore] 用例，或跑大档

PROBE SUMMARY weights=probe-dense width=UnitAreaOf384Slots checker=RunContinuingPastTheRingTurnForm first=0 seeds=128 steps=150: red_segments=109 red_seeds=[2, 3, 4, 5, 6, 7, 8, 9, 10, 12, 13, 14, 15, 16, 17, 19, 20, 21, 22, 24, 25, 26, 27, 28, 29, 30, 31, 32, 33, 34, 35, 36, 37, 38, 40, 41, 42, 43, 44, 46, 47, 49, 50, 51, 53, 55, 56, 57, 58, 59, 60, 61, 62, 63, 64, 65, 68, 69, 70, 71, 72, 73, 74, 75, 77, 79, 80, 82, 83, 84, 86, 87, 88, 89, 90, 91, 92, 95, 96, 97, 98, 99, 100, 101, 102, 103, 104, 105, 106, 107, 108, 109, 110, 111, 112, 113, 114, 115, 116, 117, 118, 119, 120, 121, 122, 123, 124, 125, 127] seconds=19.3
test probe_unit_area_wall ... ok

test result: ok. 1 passed; 0 failed; 0 ignored; 0 measured; 0 filtered out; finished in 19.37s

