   Compiling singlefs-core v0.1.0 (research/prompts/m2-supp3-item2-r2-fix-implementer/copies/probe/crates/singlefs-core)
   Compiling singlefs-harness v0.1.0 (research/prompts/m2-supp3-item2-r2-fix-implementer/copies/probe/crates/singlefs-harness)
    Finished `release` profile [optimized + debuginfo] target(s) in 4.00s
     Running tests/probe_unit_area_wall.rs (target/release/deps/probe_unit_area_wall-44b6bc8f6407b6fd)

running 1 test
种子 [0, 128)，每段 150 步，比重：probe-dense；每一步之后跑池级 checker，已知红第 0 条那一形只记不停；两块单元区 384 槽的小盘（journal 环 128 MiB）
历史 128 段：跑完 50、以已知红收尾 {}、新发现 78；根环转过一圈的 128 段；最高 txg 164
  操作 PublishFirstFile：Ok 0、Err 0、前提不满足没调 0
  操作 PublishOverwrite：Ok 8755、Err 2923、前提不满足没调 643
  操作 PublishWithoutUnits：Ok 0、Err 0、前提不满足没调 0
  操作 CloseAndMountWritable：Ok 535、Err 0、前提不满足没调 0
  操作 CloseAndMountRollback：Ok 99、Err 36、前提不满足没调 0
  操作 RaiseRollbackFloor：Ok 226、Err 159、前提不满足没调 12
  操作 ColdStartRecover：Ok 0、Err 0、前提不满足没调 0
  内容长度 0 字节：入口被调 1183 次、发成 1020 次
  内容长度 [1, 载荷容量 − 2]：入口被调 6968 次、发成 6046 次
  内容长度 数据单元整宽 32768（装不下）：入口被调 845 次、发成 0 次
  内容长度 载荷容量：入口被调 965 次、发成 832 次
  内容长度 载荷容量 + 1（装不下）：入口被调 758 次、发成 0 次
  内容长度 载荷容量 − 1：入口被调 959 次、发成 857 次
  Err 成员 MountError::Publish(PublishError::PlacementRefused(NoFreeSlotOnAnyDevice))：38 次
  Err 成员 MountError::RaiseNeedsRewrittenInstanceTableUnitInCurrentVersion：64 次
  Err 成员 MountError::RollbackFloorAboveCeiling：57 次
  Err 成员 MountError::RollbackTargetNotACandidate(BelowEffectiveFloor)：1 次
  Err 成员 MountError::RollbackTargetNotACandidate(NotInRing)：31 次
  Err 成员 MountError::RollbackTargetNotACandidate(OnAbandonedTimeline)：1 次
  Err 成员 MountError::RollbackToVersionWithoutFileUnsupported：3 次
  Err 成员 PublishError::ContentExceedsDataUnit：1603 次
  Err 成员 PublishError::PlacementRefused(NoFreeSlotOnAnyDevice)：1242 次
  Err 成员 PublishError::PlacementRefused(SomeDevicesFullDeviceSetSelectionUndefined)：78 次
  前提不满足（没有可写会话）：655 次
  一次挂载里最多写出 59 条根；一段历史里最多挂载成功 13 次、最多试挂载 13 次
  抬 F 回收到落点 221 次、共回收 17130 个落点；复用已释放的记录 67034 条（其中跨度变了 19842 条）；已释放的记录被罩住起点 9778 条、被删 9798 条
  挂载写出的发布比过分配记录 1474 次；挂载之前生效根的分配记录读不出、没比的挂载 0 次
  checker 跑了 9768 次；一个写都没发、沿用上一次结论的 3748 步；已知红第 0 条那一形只记不停 5946 步（128 段历史）
  模型对拍 12861 步：该拒而拒 1696、区间里拒 1344、该成而成 9743；比过根 10885 条、分配记录 192146 条、冷启动内容 0 次、抬 F 上限 283 次；回退到 txg = F_生效 > 0 的根做成 1 次；分配记录墙按镜像上的真条数放行 0 次；单元区墙按区间放行 1280 次
  I-1.1：判绿 9768 次、不适用 0 次
  I-1.3：判绿 9768 次、不适用 0 次
  I-1.4：判绿 9768 次、不适用 0 次
  I-1.6：判绿 9768 次、不适用 0 次
  I-1.7：判绿 9768 次、不适用 0 次
  I-2.1：判绿 9768 次、不适用 0 次
  I-2.3：判绿 9768 次、不适用 0 次
  I-2.4：判绿 9768 次、不适用 0 次
  I-2.5：判绿 9768 次、不适用 0 次
  I-3.1：判绿 3822 次、不适用 0 次
  I-3.8：判绿 9768 次、不适用 0 次
  I-3.9：判绿 9768 次、不适用 0 次
  I-4.8：判绿 9768 次、不适用 0 次
  I-5.1：判绿 9768 次、不适用 0 次
  I-5.2：判绿 9768 次、不适用 0 次
  I-5.4：判绿 9768 次、不适用 0 次
  I-7.1：判绿 9768 次、不适用 0 次
  I-7.2：判绿 9768 次、不适用 0 次
  I-7.4：判绿 9768 次、不适用 0 次
  I-7.6：判绿 9768 次、不适用 0 次
  I-7.7：判绿 9768 次、不适用 0 次
  I-7.8：判绿 9768 次、不适用 0 次
  I-9.1：判绿 9768 次、不适用 0 次
  I-9.2：判绿 9768 次、不适用 0 次
  I-9.4：判绿 9768 次、不适用 0 次
  I-9.7：判绿 9768 次、不适用 0 次
  I-9.10：判绿 9768 次、不适用 0 次
  I-9.13：判绿 9768 次、不适用 0 次
  I-9.14：判绿 9640 次、不适用 128 次
已知红第 0 条（增补 2 收口表第 ② 行（一次挂载转过一整圈根环时 checker 在合法状态上判 I-3.1 红））：0 段；前几个种子 []
已知红第 1 条（增补 2 收口表第 43 行）：0 段；前几个种子 []
新发现 ModelDisagreement { aspect: "模型说该成、实现拒了" }：第一个种子 1（同签名的种子 [1, 3, 5, 6, 7, 8, 9, 11, 12, 13, 16, 17, 18, 20, 23, 26, 27, 29, 30, 31, 33, 35, 36, 37, 38, 41, 44, 45, 48, 51, 52, 56, 57, 60, 61, 63, 65, 66, 67, 68, 70, 71, 73, 74, 75, 77, 78, 79, 81, 82, 83, 84, 85, 90, 91, 92, 94, 95, 97, 98, 99, 100, 103, 104, 105, 106, 107, 108, 109, 112, 113, 114, 118, 121, 122, 124, 125, 126]），在 Operation(83)（Some(PublishOverwrite)）之后
  模型对不上（模型说该成、实现拒了）：模型答 PublishOverwrite 该成（写出 [(81, 5)]；允许拒的只有容量墙区间与 []）；实现 拒了：PublishError::PlacementRefused(SomeDevicesFullDeviceSetSelectionUndefined)
  没收缩（这一档只报种子）：SINGLEFS_RANDOM_HISTORY_SHRINK_SEED=1 跑「收缩一个种子」那条 #[ignore] 用例，或跑大档

PROBE SUMMARY weights=probe-dense width=UnitAreaOf384Slots checker=RunContinuingPastTheRingTurnForm first=0 seeds=128 steps=150: red_segments=78 red_seeds=[1, 3, 5, 6, 7, 8, 9, 11, 12, 13, 16, 17, 18, 20, 23, 26, 27, 29, 30, 31, 33, 35, 36, 37, 38, 41, 44, 45, 48, 51, 52, 56, 57, 60, 61, 63, 65, 66, 67, 68, 70, 71, 73, 74, 75, 77, 78, 79, 81, 82, 83, 84, 85, 90, 91, 92, 94, 95, 97, 98, 99, 100, 103, 104, 105, 106, 107, 108, 109, 112, 113, 114, 118, 121, 122, 124, 125, 126] seconds=21.0
test probe_unit_area_wall ... ok

test result: ok. 1 passed; 0 failed; 0 ignored; 0 measured; 0 filtered out; finished in 20.97s

