   Compiling singlefs-core v0.1.0 (research/prompts/m2-supp3-item2-r2-fix-implementer/copies/probe/crates/singlefs-core)
   Compiling singlefs-harness v0.1.0 (research/prompts/m2-supp3-item2-r2-fix-implementer/copies/probe/crates/singlefs-harness)
    Finished `release` profile [optimized + debuginfo] target(s) in 4.05s
     Running tests/probe_unit_area_wall.rs (target/release/deps/probe_unit_area_wall-44b6bc8f6407b6fd)

running 1 test
种子 [0, 128)，每段 150 步，比重：probe-more-mounts；每一步之后跑池级 checker，已知红第 0 条那一形只记不停；两块单元区 384 槽的小盘（journal 环 128 MiB）
历史 128 段：跑完 126、以已知红收尾 {1: 2}、新发现 0；根环转过一圈的 126 段；最高 txg 190
  操作 PublishFirstFile：Ok 0、Err 0、前提不满足没调 0
  操作 PublishOverwrite：Ok 11985、Err 2163、前提不满足没调 578
  操作 PublishWithoutUnits：Ok 0、Err 0、前提不满足没调 0
  操作 CloseAndMountWritable：Ok 2254、Err 0、前提不满足没调 0
  操作 CloseAndMountRollback：Ok 312、Err 105、前提不满足没调 0
  操作 RaiseRollbackFloor：Ok 780、Err 312、前提不满足没调 40
  操作 ColdStartRecover：Ok 403、Err 0、前提不满足没调 0
  内容长度 0 字节：入口被调 1420 次、发成 1402 次
  内容长度 [1, 载荷容量 − 2]：入口被调 8413 次、发成 8315 次
  内容长度 数据单元整宽 32768（装不下）：入口被调 1045 次、发成 0 次
  内容长度 载荷容量：入口被调 1165 次、发成 1153 次
  内容长度 载荷容量 + 1（装不下）：入口被调 977 次、发成 0 次
  内容长度 载荷容量 − 1：入口被调 1128 次、发成 1115 次
  Err 成员 MountError::Publish(PublishError::PlacementRefused(NoFreeSlotOnAnyDevice))：6 次
  Err 成员 MountError::RaiseNeedsRewrittenInstanceTableUnitInCurrentVersion：49 次
  Err 成员 MountError::RollbackFloorAboveCeiling：257 次
  Err 成员 MountError::RollbackTargetNotACandidate(BelowEffectiveFloor)：5 次
  Err 成员 MountError::RollbackTargetNotACandidate(NotInRing)：80 次
  Err 成员 MountError::RollbackTargetNotACandidate(OnAbandonedTimeline)：12 次
  Err 成员 MountError::RollbackToVersionWithoutFileUnsupported：8 次
  Err 成员 PublishError::ContentExceedsDataUnit：2022 次
  Err 成员 PublishError::PlacementRefused(NoFreeSlotOnAnyDevice)：141 次
  前提不满足（没有可写会话）：618 次
  冷启动结局 FileRead：403 次
  一次挂载里最多写出 41 条根；一段历史里最多挂载成功 35 次、最多试挂载 36 次
  抬 F 回收到落点 737 次、共回收 41684 个落点；复用已释放的记录 153720 条（其中跨度变了 40410 条）；已释放的记录被罩住起点 19668 条、被删 19710 条
  挂载写出的发布比过分配记录 6100 次；挂载之前生效根的分配记录读不出、没比的挂载 0 次
  checker 跑了 15463 次；一个写都没发、沿用上一次结论的 3597 步；已知红第 0 条那一形只记不停 10220 步（126 段历史）
  模型对拍 18442 步：该拒而拒 2384、区间里拒 196、该成而成 15862；比过根 20072 条、分配记录 359820 条、冷启动内容 403 次、抬 F 上限 1037 次；回退到 txg = F_生效 > 0 的根做成 0 次；分配记录墙按镜像上的真条数放行 0 次；单元区墙按区间放行 147 次
  I-1.1：判绿 15463 次、不适用 0 次
  I-1.3：判绿 15463 次、不适用 0 次
  I-1.4：判绿 15463 次、不适用 0 次
  I-1.6：判绿 15463 次、不适用 0 次
  I-1.7：判绿 15463 次、不适用 0 次
  I-2.1：判绿 15463 次、不适用 0 次
  I-2.3：判绿 15463 次、不适用 0 次
  I-2.4：判绿 15463 次、不适用 0 次
  I-2.5：判绿 15463 次、不适用 0 次
  I-3.1：判绿 5241 次、不适用 0 次
  I-3.8：判绿 15463 次、不适用 0 次
  I-3.9：判绿 15463 次、不适用 0 次
  I-4.8：判绿 15463 次、不适用 0 次
  I-5.1：判绿 15463 次、不适用 0 次
  I-5.2：判绿 15463 次、不适用 0 次
  I-5.4：判绿 15463 次、不适用 0 次
  I-7.1：判绿 15463 次、不适用 0 次
  I-7.2：判绿 15463 次、不适用 0 次
  I-7.4：判绿 15463 次、不适用 0 次
  I-7.6：判绿 15463 次、不适用 0 次
  I-7.7：判绿 15463 次、不适用 0 次
  I-7.8：判绿 15463 次、不适用 0 次
  I-9.1：判绿 15463 次、不适用 0 次
  I-9.2：判绿 15463 次、不适用 0 次
  I-9.4：判绿 15463 次、不适用 0 次
  I-9.7：判绿 15463 次、不适用 0 次
  I-9.10：判绿 15463 次、不适用 0 次
  I-9.13：判绿 15463 次、不适用 0 次
  I-9.14：判绿 15335 次、不适用 128 次
已知红第 0 条（增补 2 收口表第 ② 行（一次挂载转过一整圈根环时 checker 在合法状态上判 I-3.1 红））：0 段；前几个种子 []
已知红第 1 条（增补 2 收口表第 43 行）：2 段；前几个种子 [(59, Operation(12)), (62, Operation(18))]

PROBE SUMMARY weights=probe-more-mounts width=UnitAreaOf384Slots checker=RunContinuingPastTheRingTurnForm first=0 seeds=128 steps=150: red_segments=0 red_seeds=[] seconds=33.8
test probe_unit_area_wall ... ok

test result: ok. 1 passed; 0 failed; 0 ignored; 0 measured; 0 filtered out; finished in 33.82s

