    Finished `test` profile [unoptimized + debuginfo] target(s) in 0.02s
     Running tests/unit_area_start_follows_the_ring_and_unreadable_reads_are_not_passed_over.rs (target/debug/deps/unit_area_start_follows_the_ring_and_unreadable_reads_are_not_passed_over-39a14d16d99a3cd3)

running 23 tests
test a_journal_ring_whose_in_flight_limit_overflows_four_bytes_is_refused_by_mkfs_before_any_write ... ok
test a_journal_ring_whose_next_slot_is_off_the_cluster_segment_boundary_is_refused_by_mkfs_before_any_write ... ok
test a_root_ring_slot_known_to_hold_a_root_read_on_the_one_reread_lets_the_floor_be_raised ... ok
test a_root_ring_slot_known_to_hold_a_root_not_self_verified_once_is_read_on_the_reread_and_the_floor_is_raised ... ok
test a_root_ring_slot_unreadable_once_is_read_on_the_reread_and_one_unreadable_twice_is_named ... ok
test a_system_configuration_field_the_reader_does_not_accept_is_refused_by_both_mounts_before_any_write ... ok
test a_system_configuration_whose_in_flight_limit_overflows_its_four_bytes_is_refused_by_the_reader ... ok
test a_system_configuration_recording_a_unit_area_start_other_than_the_slot_after_the_ring_is_refused_before_any_write ... ok
test a_system_configuration_write_rereads_an_unreadable_root_ring_slot_once_before_taking_the_effective_floor ... ok
test a_128_mebibyte_journal_ring_puts_the_unit_area_right_after_the_ring_through_mount_and_checker ... ok
test raising_the_floor_while_a_root_ring_slot_known_to_hold_a_root_stays_not_self_verified_is_refused_before_any_write ... ok
test raising_the_floor_while_a_root_ring_slot_known_to_hold_a_root_stays_unreadable_is_refused_before_any_write ... ok
test raising_the_floor_while_a_root_ring_slot_never_written_stays_unreadable_counts_it_as_no_root ... ok
test raising_the_floor_while_the_newest_roots_instance_table_stays_unreadable_is_refused_before_any_write ... ok
test rolling_back_while_the_targets_root_ring_slot_stays_unreadable_is_refused_before_any_write ... ok
test the_chosen_system_configuration_carries_the_first_version_journal_ring_start_and_root_ring_base ... ok
test the_default_journal_ring_keeps_the_unit_area_at_slot_50176_and_the_first_transaction_bytes_unchanged ... ok
test the_effective_floor_rereads_the_newest_roots_instance_table_once ... ok
test the_newest_roots_instance_table_read_on_the_one_reread_lets_the_floor_be_raised ... ok
test the_rollback_takes_the_inode_number_watermark_from_the_current_version_in_memory_when_the_watermark_read_misses_its_root ... ok
test a_tree_table_whose_two_entries_carry_the_same_tree_identifier_is_refused_by_the_writable_mount_before_any_write ... ok
test a_tree_table_whose_two_entries_swapped_their_kinds_is_refused_by_the_writable_mount_before_any_write ... ok
test a_one_gibibyte_journal_ring_puts_the_unit_area_right_after_the_ring_through_mount_and_checker ... ok

test result: ok. 23 passed; 0 failed; 0 ignored; 0 measured; 0 filtered out; finished in 8.51s

