
running 1 test
Z19-B width=240 selector=2999 first_mount=Applied overwrites_admitted_in_one_session=5 next_step=Some("PublishError::SpaceAdmissionRefused")
Z19-B width=240 selector=2999 k=0 session_all_admitted=true next_writable_mount=Applied again=Applied rollbacks_applied=10/24 rollback_members={"Applied": 10, "MountError::RollbackTargetNotACandidate(OnAbandonedTimeline)": 14} tail=["Applied", "Applied"] ending=Completed checker_runs=15
Z19-B width=240 selector=2999 k=1 session_all_admitted=true next_writable_mount=Applied again=Applied rollbacks_applied=10/24 rollback_members={"Applied": 10, "MountError::RollbackTargetNotACandidate(OnAbandonedTimeline)": 14} tail=["Applied", "Applied"] ending=Completed checker_runs=16
Z19-B width=240 selector=2999 k=2 session_all_admitted=true next_writable_mount=Applied again=Applied rollbacks_applied=10/24 rollback_members={"Applied": 10, "MountError::RollbackTargetNotACandidate(OnAbandonedTimeline)": 14} tail=["Applied", "Applied"] ending=Completed checker_runs=17
Z19-B width=240 selector=2999 k=3 session_all_admitted=true next_writable_mount=Applied again=Applied rollbacks_applied=10/24 rollback_members={"Applied": 10, "MountError::RollbackTargetNotACandidate(OnAbandonedTimeline)": 14} tail=["Applied", "Applied"] ending=Completed checker_runs=18
Z19-B width=240 selector=2999 k=4 session_all_admitted=true next_writable_mount=Applied again=Applied rollbacks_applied=10/24 rollback_members={"Applied": 10, "MountError::RollbackTargetNotACandidate(OnAbandonedTimeline)": 14} tail=["Applied", "Applied"] ending=Completed checker_runs=19
Z19-B width=240 selector=2999 k=5 session_all_admitted=true next_writable_mount=Applied again=Applied rollbacks_applied=10/24 rollback_members={"Applied": 10, "MountError::RollbackTargetNotACandidate(OnAbandonedTimeline)": 14} tail=["Applied", "Applied"] ending=Completed checker_runs=20
Z19-B width=240 selector=99 first_mount=Applied overwrites_admitted_in_one_session=5 next_step=Some("PublishError::SpaceAdmissionRefused")
Z19-B width=240 selector=99 k=0 session_all_admitted=true next_writable_mount=Applied again=Applied rollbacks_applied=10/24 rollback_members={"Applied": 10, "MountError::RollbackTargetNotACandidate(OnAbandonedTimeline)": 14} tail=["Applied", "Applied"] ending=Completed checker_runs=15
Z19-B width=240 selector=99 k=1 session_all_admitted=true next_writable_mount=Applied again=Applied rollbacks_applied=10/24 rollback_members={"Applied": 10, "MountError::RollbackTargetNotACandidate(OnAbandonedTimeline)": 14} tail=["Applied", "Applied"] ending=Completed checker_runs=16
Z19-B width=240 selector=99 k=2 session_all_admitted=true next_writable_mount=Applied again=Applied rollbacks_applied=10/24 rollback_members={"Applied": 10, "MountError::RollbackTargetNotACandidate(OnAbandonedTimeline)": 14} tail=["Applied", "Applied"] ending=Completed checker_runs=17
Z19-B width=240 selector=99 k=3 session_all_admitted=true next_writable_mount=Applied again=Applied rollbacks_applied=10/24 rollback_members={"Applied": 10, "MountError::RollbackTargetNotACandidate(OnAbandonedTimeline)": 14} tail=["Applied", "Applied"] ending=Completed checker_runs=18
test z19_b_every_admitted_session_leaves_the_pool_writable_at_the_next_mount has been running for over 60 seconds
Z19-B width=240 selector=99 k=4 session_all_admitted=true next_writable_mount=Applied again=Applied rollbacks_applied=10/24 rollback_members={"Applied": 10, "MountError::RollbackTargetNotACandidate(OnAbandonedTimeline)": 14} tail=["Applied", "Applied"] ending=Completed checker_runs=19
Z19-B width=240 selector=99 k=5 session_all_admitted=true next_writable_mount=Applied again=Applied rollbacks_applied=10/24 rollback_members={"Applied": 10, "MountError::RollbackTargetNotACandidate(OnAbandonedTimeline)": 14} tail=["Applied", "Applied"] ending=Completed checker_runs=20
Z19-B width=256 selector=2999 first_mount=Applied overwrites_admitted_in_one_session=6 next_step=Some("PublishError::SpaceAdmissionRefused")
Z19-B width=256 selector=2999 k=0 session_all_admitted=true next_writable_mount=Applied again=Applied rollbacks_applied=10/24 rollback_members={"Applied": 10, "MountError::RollbackTargetNotACandidate(OnAbandonedTimeline)": 14} tail=["Applied", "Applied"] ending=Completed checker_runs=15
Z19-B width=256 selector=2999 k=1 session_all_admitted=true next_writable_mount=Applied again=Applied rollbacks_applied=10/24 rollback_members={"Applied": 10, "MountError::RollbackTargetNotACandidate(OnAbandonedTimeline)": 14} tail=["Applied", "Applied"] ending=Completed checker_runs=16
Z19-B width=256 selector=2999 k=2 session_all_admitted=true next_writable_mount=Applied again=Applied rollbacks_applied=10/24 rollback_members={"Applied": 10, "MountError::RollbackTargetNotACandidate(OnAbandonedTimeline)": 14} tail=["Applied", "Applied"] ending=Completed checker_runs=17
Z19-B width=256 selector=2999 k=3 session_all_admitted=true next_writable_mount=Applied again=Applied rollbacks_applied=10/24 rollback_members={"Applied": 10, "MountError::RollbackTargetNotACandidate(OnAbandonedTimeline)": 14} tail=["Applied", "Applied"] ending=Completed checker_runs=18
Z19-B width=256 selector=2999 k=4 session_all_admitted=true next_writable_mount=Applied again=Applied rollbacks_applied=10/24 rollback_members={"Applied": 10, "MountError::RollbackTargetNotACandidate(OnAbandonedTimeline)": 14} tail=["Applied", "Applied"] ending=Completed checker_runs=19
Z19-B width=256 selector=2999 k=5 session_all_admitted=true next_writable_mount=Applied again=Applied rollbacks_applied=10/24 rollback_members={"Applied": 10, "MountError::RollbackTargetNotACandidate(OnAbandonedTimeline)": 14} tail=["Applied", "Applied"] ending=Completed checker_runs=20
Z19-B width=256 selector=2999 k=6 session_all_admitted=true next_writable_mount=Applied again=Applied rollbacks_applied=10/24 rollback_members={"Applied": 10, "MountError::RollbackTargetNotACandidate(OnAbandonedTimeline)": 14} tail=["Applied", "Applied"] ending=Completed checker_runs=21
Z19-B width=256 selector=99 first_mount=Applied overwrites_admitted_in_one_session=6 next_step=Some("PublishError::SpaceAdmissionRefused")
Z19-B width=256 selector=99 k=0 session_all_admitted=true next_writable_mount=Applied again=Applied rollbacks_applied=10/24 rollback_members={"Applied": 10, "MountError::RollbackTargetNotACandidate(OnAbandonedTimeline)": 14} tail=["Applied", "Applied"] ending=Completed checker_runs=15
Z19-B width=256 selector=99 k=1 session_all_admitted=true next_writable_mount=Applied again=Applied rollbacks_applied=10/24 rollback_members={"Applied": 10, "MountError::RollbackTargetNotACandidate(OnAbandonedTimeline)": 14} tail=["Applied", "Applied"] ending=Completed checker_runs=16
Z19-B width=256 selector=99 k=2 session_all_admitted=true next_writable_mount=Applied again=Applied rollbacks_applied=10/24 rollback_members={"Applied": 10, "MountError::RollbackTargetNotACandidate(OnAbandonedTimeline)": 14} tail=["Applied", "Applied"] ending=Completed checker_runs=17
Z19-B width=256 selector=99 k=3 session_all_admitted=true next_writable_mount=Applied again=Applied rollbacks_applied=10/24 rollback_members={"Applied": 10, "MountError::RollbackTargetNotACandidate(OnAbandonedTimeline)": 14} tail=["Applied", "Applied"] ending=Completed checker_runs=18
Z19-B width=256 selector=99 k=4 session_all_admitted=true next_writable_mount=Applied again=Applied rollbacks_applied=10/24 rollback_members={"Applied": 10, "MountError::RollbackTargetNotACandidate(OnAbandonedTimeline)": 14} tail=["Applied", "Applied"] ending=Completed checker_runs=19
Z19-B width=256 selector=99 k=5 session_all_admitted=true next_writable_mount=Applied again=Applied rollbacks_applied=10/24 rollback_members={"Applied": 10, "MountError::RollbackTargetNotACandidate(OnAbandonedTimeline)": 14} tail=["Applied", "Applied"] ending=Completed checker_runs=20
Z19-B width=256 selector=99 k=6 session_all_admitted=true next_writable_mount=Applied again=Applied rollbacks_applied=10/24 rollback_members={"Applied": 10, "MountError::RollbackTargetNotACandidate(OnAbandonedTimeline)": 14} tail=["Applied", "Applied"] ending=Completed checker_runs=21
Z19-B width=384 selector=2999 first_mount=Applied overwrites_admitted_in_one_session=10 next_step=Some("PublishError::SpaceAdmissionRefused")
Z19-B width=384 selector=2999 k=0 session_all_admitted=true next_writable_mount=Applied again=Applied rollbacks_applied=10/24 rollback_members={"Applied": 10, "MountError::RollbackTargetNotACandidate(OnAbandonedTimeline)": 14} tail=["Applied", "Applied"] ending=Completed checker_runs=15
Z19-B width=384 selector=2999 k=1 session_all_admitted=true next_writable_mount=Applied again=Applied rollbacks_applied=10/24 rollback_members={"Applied": 10, "MountError::RollbackTargetNotACandidate(OnAbandonedTimeline)": 14} tail=["Applied", "Applied"] ending=Completed checker_runs=16
Z19-B width=384 selector=2999 k=2 session_all_admitted=true next_writable_mount=Applied again=Applied rollbacks_applied=10/24 rollback_members={"Applied": 10, "MountError::RollbackTargetNotACandidate(OnAbandonedTimeline)": 14} tail=["Applied", "Applied"] ending=Completed checker_runs=17
Z19-B width=384 selector=2999 k=3 session_all_admitted=true next_writable_mount=Applied again=Applied rollbacks_applied=10/24 rollback_members={"Applied": 10, "MountError::RollbackTargetNotACandidate(OnAbandonedTimeline)": 14} tail=["Applied", "Applied"] ending=Completed checker_runs=18
Z19-B width=384 selector=2999 k=4 session_all_admitted=true next_writable_mount=Applied again=Applied rollbacks_applied=10/24 rollback_members={"Applied": 10, "MountError::RollbackTargetNotACandidate(OnAbandonedTimeline)": 14} tail=["Applied", "Applied"] ending=Completed checker_runs=19
Z19-B width=384 selector=2999 k=5 session_all_admitted=true next_writable_mount=Applied again=Applied rollbacks_applied=10/24 rollback_members={"Applied": 10, "MountError::RollbackTargetNotACandidate(OnAbandonedTimeline)": 14} tail=["Applied", "Applied"] ending=Completed checker_runs=20
Z19-B width=384 selector=2999 k=6 session_all_admitted=true next_writable_mount=Applied again=Applied rollbacks_applied=10/24 rollback_members={"Applied": 10, "MountError::RollbackTargetNotACandidate(OnAbandonedTimeline)": 14} tail=["Applied", "Applied"] ending=Completed checker_runs=21
Z19-B width=384 selector=2999 k=7 session_all_admitted=true next_writable_mount=Applied again=Applied rollbacks_applied=10/24 rollback_members={"Applied": 10, "MountError::RollbackTargetNotACandidate(OnAbandonedTimeline)": 14} tail=["Applied", "Applied"] ending=Completed checker_runs=22
Z19-B width=384 selector=2999 k=8 session_all_admitted=true next_writable_mount=Applied again=Applied rollbacks_applied=10/24 rollback_members={"Applied": 10, "MountError::RollbackTargetNotACandidate(OnAbandonedTimeline)": 14} tail=["Applied", "Applied"] ending=Completed checker_runs=23
Z19-B width=384 selector=2999 k=9 session_all_admitted=true next_writable_mount=Applied again=Applied rollbacks_applied=10/24 rollback_members={"Applied": 10, "MountError::RollbackTargetNotACandidate(OnAbandonedTimeline)": 14} tail=["Applied", "Applied"] ending=Completed checker_runs=24
Z19-B width=384 selector=2999 k=10 session_all_admitted=true next_writable_mount=Applied again=Applied rollbacks_applied=10/24 rollback_members={"Applied": 10, "MountError::RollbackTargetNotACandidate(OnAbandonedTimeline)": 14} tail=["Applied", "Applied"] ending=Completed checker_runs=25
Z19-B width=384 selector=99 first_mount=Applied overwrites_admitted_in_one_session=10 next_step=Some("PublishError::SpaceAdmissionRefused")
Z19-B width=384 selector=99 k=0 session_all_admitted=true next_writable_mount=Applied again=Applied rollbacks_applied=10/24 rollback_members={"Applied": 10, "MountError::RollbackTargetNotACandidate(OnAbandonedTimeline)": 14} tail=["Applied", "Applied"] ending=Completed checker_runs=15
Z19-B width=384 selector=99 k=1 session_all_admitted=true next_writable_mount=Applied again=Applied rollbacks_applied=10/24 rollback_members={"Applied": 10, "MountError::RollbackTargetNotACandidate(OnAbandonedTimeline)": 14} tail=["Applied", "Applied"] ending=Completed checker_runs=16
Z19-B width=384 selector=99 k=2 session_all_admitted=true next_writable_mount=Applied again=Applied rollbacks_applied=10/24 rollback_members={"Applied": 10, "MountError::RollbackTargetNotACandidate(OnAbandonedTimeline)": 14} tail=["Applied", "Applied"] ending=Completed checker_runs=17
Z19-B width=384 selector=99 k=3 session_all_admitted=true next_writable_mount=Applied again=Applied rollbacks_applied=10/24 rollback_members={"Applied": 10, "MountError::RollbackTargetNotACandidate(OnAbandonedTimeline)": 14} tail=["Applied", "Applied"] ending=Completed checker_runs=18
Z19-B width=384 selector=99 k=4 session_all_admitted=true next_writable_mount=Applied again=Applied rollbacks_applied=10/24 rollback_members={"Applied": 10, "MountError::RollbackTargetNotACandidate(OnAbandonedTimeline)": 14} tail=["Applied", "Applied"] ending=Completed checker_runs=19
Z19-B width=384 selector=99 k=5 session_all_admitted=true next_writable_mount=Applied again=Applied rollbacks_applied=10/24 rollback_members={"Applied": 10, "MountError::RollbackTargetNotACandidate(OnAbandonedTimeline)": 14} tail=["Applied", "Applied"] ending=Completed checker_runs=20
Z19-B width=384 selector=99 k=6 session_all_admitted=true next_writable_mount=Applied again=Applied rollbacks_applied=10/24 rollback_members={"Applied": 10, "MountError::RollbackTargetNotACandidate(OnAbandonedTimeline)": 14} tail=["Applied", "Applied"] ending=Completed checker_runs=21
Z19-B width=384 selector=99 k=7 session_all_admitted=true next_writable_mount=Applied again=Applied rollbacks_applied=10/24 rollback_members={"Applied": 10, "MountError::RollbackTargetNotACandidate(OnAbandonedTimeline)": 14} tail=["Applied", "Applied"] ending=Completed checker_runs=22
Z19-B width=384 selector=99 k=8 session_all_admitted=true next_writable_mount=Applied again=Applied rollbacks_applied=10/24 rollback_members={"Applied": 10, "MountError::RollbackTargetNotACandidate(OnAbandonedTimeline)": 14} tail=["Applied", "Applied"] ending=Completed checker_runs=23
Z19-B width=384 selector=99 k=9 session_all_admitted=true next_writable_mount=Applied again=Applied rollbacks_applied=10/24 rollback_members={"Applied": 10, "MountError::RollbackTargetNotACandidate(OnAbandonedTimeline)": 14} tail=["Applied", "Applied"] ending=Completed checker_runs=24
Z19-B width=384 selector=99 k=10 session_all_admitted=true next_writable_mount=Applied again=Applied rollbacks_applied=10/24 rollback_members={"Applied": 10, "MountError::RollbackTargetNotACandidate(OnAbandonedTimeline)": 14} tail=["Applied", "Applied"] ending=Completed checker_runs=25
.
test result: ok. 1 passed; 0 failed; 0 ignored; 0 measured; 2 filtered out; finished in 326.72s

