
running 1 test
Z19-C width=240 k=4 step=0 op=CloseAndMountWritable -> Applied newest_root_after=(2,5)
Z19-C width=240 k=4 step=1 op=PublishOverwrite(ContentChoice { length: InsideOneDataUnit { selector: 2999 }, fill_seed: 1 }) -> Applied newest_root_after=(2,6)
Z19-C width=240 k=4 step=2 op=PublishOverwrite(ContentChoice { length: InsideOneDataUnit { selector: 2999 }, fill_seed: 2 }) -> Applied newest_root_after=(2,7)
Z19-C width=240 k=4 step=3 op=PublishOverwrite(ContentChoice { length: InsideOneDataUnit { selector: 2999 }, fill_seed: 3 }) -> Applied newest_root_after=(2,8)
Z19-C width=240 k=4 step=4 op=PublishOverwrite(ContentChoice { length: InsideOneDataUnit { selector: 2999 }, fill_seed: 4 }) -> Applied newest_root_after=(2,9)
Z19-C width=240 k=4 step=5 op=CloseAndMountWritable -> Applied newest_root_after=(3,11)
Z19-C width=240 k=4 step=6 op=CloseAndMountWritable -> MountError::SpaceAdmissionRefusedBeforeAcquisition newest_root_after=(3,11)
Z19-C width=240 k=4 step=7 op=CloseAndMountWritable -> MountError::SpaceAdmissionRefusedBeforeAcquisition newest_root_after=(3,11)
Z19-C width=240 k=4 step=8 op=CloseAndMountRollback(RingRoot { index_from_newest: 0 }) -> MountError::SpaceAdmissionRefusedBeforeAcquisition newest_root_after=(3,11)
Z19-C width=240 k=4 step=9 op=CloseAndMountRollback(RingRoot { index_from_newest: 1 }) -> MountError::SpaceAdmissionRefusedBeforeAcquisition newest_root_after=(3,11)
Z19-C width=240 k=4 step=10 op=CloseAndMountRollback(RingRoot { index_from_newest: 2 }) -> Applied newest_root_after=(4,13)
Z19-C width=240 k=4 step=11 op=CloseAndMountRollback(RingRoot { index_from_newest: 3 }) -> MountError::RollbackTargetNotACandidate(OnAbandonedTimeline) newest_root_after=(4,13)
Z19-C width=240 k=4 step=12 op=CloseAndMountRollback(RingRoot { index_from_newest: 4 }) -> MountError::SpaceAdmissionRefusedBeforeAcquisition newest_root_after=(4,13)
Z19-C width=240 k=4 step=13 op=CloseAndMountRollback(RingRoot { index_from_newest: 5 }) -> Applied newest_root_after=(5,16)
Z19-C width=240 k=4 step=14 op=CloseAndMountRollback(RingRoot { index_from_newest: 6 }) -> MountError::RollbackTargetNotACandidate(OnAbandonedTimeline) newest_root_after=(5,16)
Z19-C width=240 k=4 step=15 op=CloseAndMountRollback(RingRoot { index_from_newest: 7 }) -> MountError::RollbackTargetNotACandidate(OnAbandonedTimeline) newest_root_after=(5,16)
Z19-C width=240 k=4 step=16 op=CloseAndMountRollback(RingRoot { index_from_newest: 8 }) -> MountError::SpaceAdmissionRefusedBeforeAcquisition newest_root_after=(5,16)
Z19-C width=240 k=4 step=17 op=CloseAndMountRollback(RingRoot { index_from_newest: 9 }) -> MountError::SpaceAdmissionRefusedBeforeAcquisition newest_root_after=(5,16)
Z19-C width=240 k=4 step=18 op=CloseAndMountRollback(RingRoot { index_from_newest: 10 }) -> Applied newest_root_after=(6,19)
Z19-C width=240 k=4 step=19 op=CloseAndMountRollback(RingRoot { index_from_newest: 11 }) -> MountError::RollbackTargetNotACandidate(OnAbandonedTimeline) newest_root_after=(6,19)
Z19-C width=240 k=4 step=20 op=CloseAndMountRollback(RingRoot { index_from_newest: 12 }) -> MountError::RollbackTargetNotACandidate(OnAbandonedTimeline) newest_root_after=(6,19)
Z19-C width=240 k=4 step=21 op=CloseAndMountRollback(RingRoot { index_from_newest: 13 }) -> MountError::SpaceAdmissionRefusedBeforeAcquisition newest_root_after=(6,19)
Z19-C width=240 k=4 step=22 op=CloseAndMountRollback(RingRoot { index_from_newest: 14 }) -> MountError::SpaceAdmissionRefusedBeforeAcquisition newest_root_after=(6,19)
Z19-C width=240 k=4 step=23 op=CloseAndMountRollback(RingRoot { index_from_newest: 15 }) -> Applied newest_root_after=(7,22)
Z19-C width=240 k=4 step=24 op=CloseAndMountRollback(RingRoot { index_from_newest: 16 }) -> MountError::RollbackTargetNotACandidate(OnAbandonedTimeline) newest_root_after=(7,22)
Z19-C width=240 k=4 step=25 op=CloseAndMountRollback(RingRoot { index_from_newest: 17 }) -> MountError::RollbackTargetNotACandidate(OnAbandonedTimeline) newest_root_after=(7,22)
Z19-C width=240 k=4 step=26 op=CloseAndMountRollback(RingRoot { index_from_newest: 18 }) -> MountError::SpaceAdmissionRefusedBeforeAcquisition newest_root_after=(7,22)
Z19-C width=240 k=4 step=27 op=CloseAndMountRollback(RingRoot { index_from_newest: 19 }) -> MountError::SpaceAdmissionRefusedBeforeAcquisition newest_root_after=(7,22)
Z19-C width=240 k=4 step=28 op=CloseAndMountRollback(RingRoot { index_from_newest: 20 }) -> Applied newest_root_after=(8,25)
Z19-C width=240 k=4 step=29 op=CloseAndMountRollback(RingRoot { index_from_newest: 21 }) -> MountError::RollbackTargetNotACandidate(OnAbandonedTimeline) newest_root_after=(8,25)
Z19-C width=240 k=4 step=30 op=CloseAndMountRollback(RingRoot { index_from_newest: 22 }) -> MountError::RollbackTargetNotACandidate(OnAbandonedTimeline) newest_root_after=(8,25)
Z19-C width=240 k=4 step=31 op=CloseAndMountRollback(RingRoot { index_from_newest: 23 }) -> Applied newest_root_after=(9,28)
Z19-C width=240 k=4 ending=Completed checker_runs=13
Z19-C width=240 k=5 step=0 op=CloseAndMountWritable -> Applied newest_root_after=(2,5)
Z19-C width=240 k=5 step=1 op=PublishOverwrite(ContentChoice { length: InsideOneDataUnit { selector: 2999 }, fill_seed: 1 }) -> Applied newest_root_after=(2,6)
Z19-C width=240 k=5 step=2 op=PublishOverwrite(ContentChoice { length: InsideOneDataUnit { selector: 2999 }, fill_seed: 2 }) -> Applied newest_root_after=(2,7)
Z19-C width=240 k=5 step=3 op=PublishOverwrite(ContentChoice { length: InsideOneDataUnit { selector: 2999 }, fill_seed: 3 }) -> Applied newest_root_after=(2,8)
Z19-C width=240 k=5 step=4 op=PublishOverwrite(ContentChoice { length: InsideOneDataUnit { selector: 2999 }, fill_seed: 4 }) -> Applied newest_root_after=(2,9)
Z19-C width=240 k=5 step=5 op=PublishOverwrite(ContentChoice { length: InsideOneDataUnit { selector: 2999 }, fill_seed: 5 }) -> Applied newest_root_after=(2,10)
Z19-C width=240 k=5 step=6 op=CloseAndMountWritable -> MountError::SpaceAdmissionRefusedBeforeAcquisition newest_root_after=(2,10)
Z19-C width=240 k=5 step=7 op=CloseAndMountWritable -> MountError::SpaceAdmissionRefusedBeforeAcquisition newest_root_after=(2,10)
Z19-C width=240 k=5 step=8 op=CloseAndMountWritable -> MountError::SpaceAdmissionRefusedBeforeAcquisition newest_root_after=(2,10)
Z19-C width=240 k=5 step=9 op=CloseAndMountRollback(RingRoot { index_from_newest: 0 }) -> MountError::SpaceAdmissionRefusedBeforeAcquisition newest_root_after=(2,10)
Z19-C width=240 k=5 step=10 op=CloseAndMountRollback(RingRoot { index_from_newest: 1 }) -> Applied newest_root_after=(3,13)
Z19-C width=240 k=5 step=11 op=CloseAndMountRollback(RingRoot { index_from_newest: 2 }) -> MountError::SpaceAdmissionRefusedBeforeAcquisition newest_root_after=(3,13)
Z19-C width=240 k=5 step=12 op=CloseAndMountRollback(RingRoot { index_from_newest: 3 }) -> MountError::RollbackTargetNotACandidate(OnAbandonedTimeline) newest_root_after=(3,13)
Z19-C width=240 k=5 step=13 op=CloseAndMountRollback(RingRoot { index_from_newest: 4 }) -> MountError::SpaceAdmissionRefusedBeforeAcquisition newest_root_after=(3,13)
Z19-C width=240 k=5 step=14 op=CloseAndMountRollback(RingRoot { index_from_newest: 5 }) -> MountError::SpaceAdmissionRefusedBeforeAcquisition newest_root_after=(3,13)
Z19-C width=240 k=5 step=15 op=CloseAndMountRollback(RingRoot { index_from_newest: 6 }) -> Applied newest_root_after=(4,16)
Z19-C width=240 k=5 step=16 op=CloseAndMountRollback(RingRoot { index_from_newest: 7 }) -> MountError::RollbackTargetNotACandidate(OnAbandonedTimeline) newest_root_after=(4,16)
Z19-C width=240 k=5 step=17 op=CloseAndMountRollback(RingRoot { index_from_newest: 8 }) -> MountError::RollbackTargetNotACandidate(OnAbandonedTimeline) newest_root_after=(4,16)
Z19-C width=240 k=5 step=18 op=CloseAndMountRollback(RingRoot { index_from_newest: 9 }) -> MountError::SpaceAdmissionRefusedBeforeAcquisition newest_root_after=(4,16)
Z19-C width=240 k=5 step=19 op=CloseAndMountRollback(RingRoot { index_from_newest: 10 }) -> Applied newest_root_after=(5,19)
Z19-C width=240 k=5 step=20 op=CloseAndMountRollback(RingRoot { index_from_newest: 11 }) -> MountError::RollbackTargetNotACandidate(OnAbandonedTimeline) newest_root_after=(5,19)
Z19-C width=240 k=5 step=21 op=CloseAndMountRollback(RingRoot { index_from_newest: 12 }) -> MountError::RollbackTargetNotACandidate(OnAbandonedTimeline) newest_root_after=(5,19)
Z19-C width=240 k=5 step=22 op=CloseAndMountRollback(RingRoot { index_from_newest: 13 }) -> MountError::SpaceAdmissionRefusedBeforeAcquisition newest_root_after=(5,19)
Z19-C width=240 k=5 step=23 op=CloseAndMountRollback(RingRoot { index_from_newest: 14 }) -> MountError::SpaceAdmissionRefusedBeforeAcquisition newest_root_after=(5,19)
Z19-C width=240 k=5 step=24 op=CloseAndMountRollback(RingRoot { index_from_newest: 15 }) -> Applied newest_root_after=(6,22)
Z19-C width=240 k=5 step=25 op=CloseAndMountRollback(RingRoot { index_from_newest: 16 }) -> MountError::RollbackTargetNotACandidate(OnAbandonedTimeline) newest_root_after=(6,22)
Z19-C width=240 k=5 step=26 op=CloseAndMountRollback(RingRoot { index_from_newest: 17 }) -> MountError::RollbackTargetNotACandidate(OnAbandonedTimeline) newest_root_after=(6,22)
Z19-C width=240 k=5 step=27 op=CloseAndMountRollback(RingRoot { index_from_newest: 18 }) -> MountError::SpaceAdmissionRefusedBeforeAcquisition newest_root_after=(6,22)
Z19-C width=240 k=5 step=28 op=CloseAndMountRollback(RingRoot { index_from_newest: 19 }) -> MountError::SpaceAdmissionRefusedBeforeAcquisition newest_root_after=(6,22)
Z19-C width=240 k=5 step=29 op=CloseAndMountRollback(RingRoot { index_from_newest: 20 }) -> Applied newest_root_after=(7,25)
Z19-C width=240 k=5 step=30 op=CloseAndMountRollback(RingRoot { index_from_newest: 21 }) -> MountError::RollbackTargetNotACandidate(OnAbandonedTimeline) newest_root_after=(7,25)
Z19-C width=240 k=5 step=31 op=CloseAndMountRollback(RingRoot { index_from_newest: 22 }) -> MountError::RollbackTargetNotACandidate(OnAbandonedTimeline) newest_root_after=(7,25)
Z19-C width=240 k=5 step=32 op=CloseAndMountRollback(RingRoot { index_from_newest: 23 }) -> Applied newest_root_after=(8,28)
Z19-C width=240 k=5 ending=Completed checker_runs=13
Z19-C width=256 k=6 step=0 op=CloseAndMountWritable -> Applied newest_root_after=(2,5)
Z19-C width=256 k=6 step=1 op=PublishOverwrite(ContentChoice { length: InsideOneDataUnit { selector: 2999 }, fill_seed: 1 }) -> Applied newest_root_after=(2,6)
Z19-C width=256 k=6 step=2 op=PublishOverwrite(ContentChoice { length: InsideOneDataUnit { selector: 2999 }, fill_seed: 2 }) -> Applied newest_root_after=(2,7)
Z19-C width=256 k=6 step=3 op=PublishOverwrite(ContentChoice { length: InsideOneDataUnit { selector: 2999 }, fill_seed: 3 }) -> Applied newest_root_after=(2,8)
Z19-C width=256 k=6 step=4 op=PublishOverwrite(ContentChoice { length: InsideOneDataUnit { selector: 2999 }, fill_seed: 4 }) -> Applied newest_root_after=(2,9)
Z19-C width=256 k=6 step=5 op=PublishOverwrite(ContentChoice { length: InsideOneDataUnit { selector: 2999 }, fill_seed: 5 }) -> Applied newest_root_after=(2,10)
Z19-C width=256 k=6 step=6 op=PublishOverwrite(ContentChoice { length: InsideOneDataUnit { selector: 2999 }, fill_seed: 6 }) -> Applied newest_root_after=(2,11)
Z19-C width=256 k=6 step=7 op=CloseAndMountWritable -> MountError::SpaceAdmissionRefusedBeforeAcquisition newest_root_after=(2,11)
Z19-C width=256 k=6 step=8 op=CloseAndMountWritable -> MountError::SpaceAdmissionRefusedBeforeAcquisition newest_root_after=(2,11)
Z19-C width=256 k=6 step=9 op=CloseAndMountWritable -> MountError::SpaceAdmissionRefusedBeforeAcquisition newest_root_after=(2,11)
Z19-C width=256 k=6 step=10 op=CloseAndMountRollback(RingRoot { index_from_newest: 0 }) -> MountError::SpaceAdmissionRefusedBeforeAcquisition newest_root_after=(2,11)
Z19-C width=256 k=6 step=11 op=CloseAndMountRollback(RingRoot { index_from_newest: 1 }) -> MountError::SpaceAdmissionRefusedBeforeAcquisition newest_root_after=(2,11)
Z19-C width=256 k=6 step=12 op=CloseAndMountRollback(RingRoot { index_from_newest: 2 }) -> Applied newest_root_after=(3,13)
Z19-C width=256 k=6 step=13 op=CloseAndMountRollback(RingRoot { index_from_newest: 3 }) -> MountError::RollbackTargetNotACandidate(OnAbandonedTimeline) newest_root_after=(3,13)
Z19-C width=256 k=6 step=14 op=CloseAndMountRollback(RingRoot { index_from_newest: 4 }) -> MountError::SpaceAdmissionRefusedBeforeAcquisition newest_root_after=(3,13)
Z19-C width=256 k=6 step=15 op=CloseAndMountRollback(RingRoot { index_from_newest: 5 }) -> Applied newest_root_after=(4,16)
Z19-C width=256 k=6 step=16 op=CloseAndMountRollback(RingRoot { index_from_newest: 6 }) -> MountError::RollbackTargetNotACandidate(OnAbandonedTimeline) newest_root_after=(4,16)
Z19-C width=256 k=6 step=17 op=CloseAndMountRollback(RingRoot { index_from_newest: 7 }) -> MountError::RollbackTargetNotACandidate(OnAbandonedTimeline) newest_root_after=(4,16)
Z19-C width=256 k=6 step=18 op=CloseAndMountRollback(RingRoot { index_from_newest: 8 }) -> MountError::SpaceAdmissionRefusedBeforeAcquisition newest_root_after=(4,16)
Z19-C width=256 k=6 step=19 op=CloseAndMountRollback(RingRoot { index_from_newest: 9 }) -> MountError::SpaceAdmissionRefusedBeforeAcquisition newest_root_after=(4,16)
Z19-C width=256 k=6 step=20 op=CloseAndMountRollback(RingRoot { index_from_newest: 10 }) -> Applied newest_root_after=(5,19)
Z19-C width=256 k=6 step=21 op=CloseAndMountRollback(RingRoot { index_from_newest: 11 }) -> MountError::RollbackTargetNotACandidate(OnAbandonedTimeline) newest_root_after=(5,19)
Z19-C width=256 k=6 step=22 op=CloseAndMountRollback(RingRoot { index_from_newest: 12 }) -> MountError::RollbackTargetNotACandidate(OnAbandonedTimeline) newest_root_after=(5,19)
Z19-C width=256 k=6 step=23 op=CloseAndMountRollback(RingRoot { index_from_newest: 13 }) -> MountError::SpaceAdmissionRefusedBeforeAcquisition newest_root_after=(5,19)
Z19-C width=256 k=6 step=24 op=CloseAndMountRollback(RingRoot { index_from_newest: 14 }) -> Applied newest_root_after=(6,22)
Z19-C width=256 k=6 step=25 op=CloseAndMountRollback(RingRoot { index_from_newest: 15 }) -> MountError::RollbackTargetNotACandidate(OnAbandonedTimeline) newest_root_after=(6,22)
Z19-C width=256 k=6 step=26 op=CloseAndMountRollback(RingRoot { index_from_newest: 16 }) -> MountError::RollbackTargetNotACandidate(OnAbandonedTimeline) newest_root_after=(6,22)
Z19-C width=256 k=6 step=27 op=CloseAndMountRollback(RingRoot { index_from_newest: 17 }) -> MountError::SpaceAdmissionRefusedBeforeAcquisition newest_root_after=(6,22)
Z19-C width=256 k=6 step=28 op=CloseAndMountRollback(RingRoot { index_from_newest: 18 }) -> MountError::SpaceAdmissionRefusedBeforeAcquisition newest_root_after=(6,22)
Z19-C width=256 k=6 step=29 op=CloseAndMountRollback(RingRoot { index_from_newest: 19 }) -> MountError::SpaceAdmissionRefusedBeforeAcquisition newest_root_after=(6,22)
Z19-C width=256 k=6 step=30 op=CloseAndMountRollback(RingRoot { index_from_newest: 20 }) -> Applied newest_root_after=(7,25)
Z19-C width=256 k=6 step=31 op=CloseAndMountRollback(RingRoot { index_from_newest: 21 }) -> MountError::RollbackTargetNotACandidate(OnAbandonedTimeline) newest_root_after=(7,25)
Z19-C width=256 k=6 step=32 op=CloseAndMountRollback(RingRoot { index_from_newest: 22 }) -> MountError::RollbackTargetNotACandidate(OnAbandonedTimeline) newest_root_after=(7,25)
Z19-C width=256 k=6 step=33 op=CloseAndMountRollback(RingRoot { index_from_newest: 23 }) -> Applied newest_root_after=(8,28)
Z19-C width=256 k=6 ending=Completed checker_runs=14
Z19-C width=384 k=0 step=0 op=CloseAndMountWritable -> Applied newest_root_after=(2,5)
Z19-C width=384 k=0 step=1 op=CloseAndMountWritable -> Applied newest_root_after=(3,7)
Z19-C width=384 k=0 step=2 op=CloseAndMountWritable -> Applied newest_root_after=(4,10)
Z19-C width=384 k=0 step=3 op=CloseAndMountWritable -> Applied newest_root_after=(5,13)
Z19-C width=384 k=0 step=4 op=CloseAndMountRollback(RingRoot { index_from_newest: 0 }) -> Applied newest_root_after=(6,16)
Z19-C width=384 k=0 step=5 op=CloseAndMountRollback(RingRoot { index_from_newest: 1 }) -> Applied newest_root_after=(7,19)
Z19-C width=384 k=0 step=6 op=CloseAndMountRollback(RingRoot { index_from_newest: 2 }) -> Applied newest_root_after=(8,22)
Z19-C width=384 k=0 step=7 op=CloseAndMountRollback(RingRoot { index_from_newest: 3 }) -> MountError::RollbackTargetNotACandidate(OnAbandonedTimeline) newest_root_after=(8,22)
Z19-C width=384 k=0 step=8 op=CloseAndMountRollback(RingRoot { index_from_newest: 4 }) -> MountError::RollbackTargetNotACandidate(OnAbandonedTimeline) newest_root_after=(8,22)
Z19-C width=384 k=0 step=9 op=CloseAndMountRollback(RingRoot { index_from_newest: 5 }) -> Applied newest_root_after=(9,25)
Z19-C width=384 k=0 step=10 op=CloseAndMountRollback(RingRoot { index_from_newest: 6 }) -> MountError::RollbackTargetNotACandidate(OnAbandonedTimeline) newest_root_after=(9,25)
Z19-C width=384 k=0 step=11 op=CloseAndMountRollback(RingRoot { index_from_newest: 7 }) -> MountError::RollbackTargetNotACandidate(OnAbandonedTimeline) newest_root_after=(9,25)
Z19-C width=384 k=0 step=12 op=CloseAndMountRollback(RingRoot { index_from_newest: 8 }) -> Applied newest_root_after=(10,28)
Z19-C width=384 k=0 step=13 op=CloseAndMountRollback(RingRoot { index_from_newest: 9 }) -> MountError::RollbackTargetNotACandidate(OnAbandonedTimeline) newest_root_after=(10,28)
Z19-C width=384 k=0 step=14 op=CloseAndMountRollback(RingRoot { index_from_newest: 10 }) -> MountError::RollbackTargetNotACandidate(OnAbandonedTimeline) newest_root_after=(10,28)
Z19-C width=384 k=0 step=15 op=CloseAndMountRollback(RingRoot { index_from_newest: 11 }) -> Applied newest_root_after=(11,31)
Z19-C width=384 k=0 step=16 op=CloseAndMountRollback(RingRoot { index_from_newest: 12 }) -> MountError::RollbackTargetNotACandidate(OnAbandonedTimeline) newest_root_after=(11,31)
Z19-C width=384 k=0 step=17 op=CloseAndMountRollback(RingRoot { index_from_newest: 13 }) -> MountError::RollbackTargetNotACandidate(OnAbandonedTimeline) newest_root_after=(11,31)
Z19-C width=384 k=0 step=18 op=CloseAndMountRollback(RingRoot { index_from_newest: 14 }) -> Applied newest_root_after=(12,34)
Z19-C width=384 k=0 step=19 op=CloseAndMountRollback(RingRoot { index_from_newest: 15 }) -> MountError::RollbackTargetNotACandidate(OnAbandonedTimeline) newest_root_after=(12,34)
Z19-C width=384 k=0 step=20 op=CloseAndMountRollback(RingRoot { index_from_newest: 16 }) -> MountError::RollbackTargetNotACandidate(OnAbandonedTimeline) newest_root_after=(12,34)
Z19-C width=384 k=0 step=21 op=CloseAndMountRollback(RingRoot { index_from_newest: 17 }) -> Applied newest_root_after=(13,37)
Z19-C width=384 k=0 step=22 op=CloseAndMountRollback(RingRoot { index_from_newest: 18 }) -> MountError::RollbackTargetNotACandidate(OnAbandonedTimeline) newest_root_after=(13,37)
Z19-C width=384 k=0 step=23 op=CloseAndMountRollback(RingRoot { index_from_newest: 19 }) -> MountError::RollbackTargetNotACandidate(OnAbandonedTimeline) newest_root_after=(13,37)
Z19-C width=384 k=0 step=24 op=CloseAndMountRollback(RingRoot { index_from_newest: 20 }) -> Applied newest_root_after=(14,40)
Z19-C width=384 k=0 step=25 op=CloseAndMountRollback(RingRoot { index_from_newest: 21 }) -> MountError::RollbackTargetNotACandidate(OnAbandonedTimeline) newest_root_after=(14,40)
Z19-C width=384 k=0 step=26 op=CloseAndMountRollback(RingRoot { index_from_newest: 22 }) -> MountError::RollbackTargetNotACandidate(OnAbandonedTimeline) newest_root_after=(14,40)
Z19-C width=384 k=0 step=27 op=CloseAndMountRollback(RingRoot { index_from_newest: 23 }) -> Applied newest_root_after=(15,43)
Z19-C width=384 k=0 ending=Completed checker_runs=15
.
test result: ok. 1 passed; 0 failed; 0 ignored; 0 measured; 2 filtered out; finished in 16.59s

