R3OPUS-SEED seed=4000000045 start=AfterFirstFile
R3OPUS-SEED step 0: PublishOverwrite(ContentChoice { length: InsideOneDataUnit { selector: 13483729842941291826 }, fill_seed: 18419013213459765969 }) => Some(Applied(Published { reuse: RecordReuse { rewritten_from_released: 0, rewritten_with_changed_span: 0, released_records_removed: 0, released_records_covered: 0 } }))
R3OPUS-SEED step 1: PublishOverwrite(ContentChoice { length: ExactlyDataUnitBytes, fill_seed: 1808845853795049533 }) => Some(Refused { member: "PublishError::ContentExceedsDataUnit" })
R3OPUS-SEED step 2: PublishOverwrite(ContentChoice { length: InsideOneDataUnit { selector: 7431788036323406962 }, fill_seed: 18064552438676482842 }) => Some(Applied(Published { reuse: RecordReuse { rewritten_from_released: 0, rewritten_with_changed_span: 0, released_records_removed: 0, released_records_covered: 0 } }))
R3OPUS-SEED step 3: PublishOverwrite(ContentChoice { length: ExactlyDataUnitBytes, fill_seed: 13657151984202761889 }) => Some(Refused { member: "PublishError::ContentExceedsDataUnit" })
R3OPUS-SEED step 4: PublishFirstFile(ContentChoice { length: ExactlyDataUnitPayloadCapacity, fill_seed: 9608834465861348857 }) => Some(Refused { member: "PublishError::FirstFileVersionOnAVersionThatAlreadyHasAFile" })
R3OPUS-SEED step 5: PublishFirstFile(ContentChoice { length: OneByteAboveDataUnitPayloadCapacity, fill_seed: 8127981901827129252 }) => Some(Refused { member: "PublishError::FirstFileVersionOnAVersionThatAlreadyHasAFile" })
R3OPUS-SEED step 6: CloseAndMountWritable => Some(Applied(Mounted { instance: InstanceGeneration(2), publishes: 2, allocation_records_compared: Compared { publishes: 2 }, reuse: RecordReuse { rewritten_from_released: 0, rewritten_with_changed_span: 0, released_records_removed: 0, released_records_covered: 0 } }))
R3OPUS-SEED step 7: RaiseRollbackFloor(FloorTargetChoice { steps_above_current_floor: 13108836297595498417 }) => Some(Refused { member: "MountError::RollbackFloorAboveCeiling" })
R3OPUS-SEED step 8: CloseAndMountRollback(RingRoot { index_from_newest: 2 }) => Some(Applied(Mounted { instance: InstanceGeneration(3), publishes: 3, allocation_records_compared: Compared { publishes: 3 }, reuse: RecordReuse { rewritten_from_released: 0, rewritten_with_changed_span: 0, released_records_removed: 0, released_records_covered: 0 } }))
R3OPUS-SEED step 9: PublishOverwrite(ContentChoice { length: ExactlyDataUnitPayloadCapacity, fill_seed: 6466398343369493709 }) => Some(Applied(Published { reuse: RecordReuse { rewritten_from_released: 0, rewritten_with_changed_span: 0, released_records_removed: 0, released_records_covered: 0 } }))
R3OPUS-SEED step 10: RaiseRollbackFloor(FloorTargetChoice { steps_above_current_floor: 3360387290662887139 }) => Some(Refused { member: "MountError::RollbackFloorAboveCeiling" })
R3OPUS-SEED step 11: CloseAndMountWritable => Some(Applied(Mounted { instance: InstanceGeneration(4), publishes: 2, allocation_records_compared: Compared { publishes: 2 }, reuse: RecordReuse { rewritten_from_released: 0, rewritten_with_changed_span: 0, released_records_removed: 0, released_records_covered: 0 } }))
R3OPUS-SEED step 12: PublishOverwrite(ContentChoice { length: InsideOneDataUnit { selector: 11120747402203055889 }, fill_seed: 10255790267354403696 }) => Some(Applied(Published { reuse: RecordReuse { rewritten_from_released: 0, rewritten_with_changed_span: 0, released_records_removed: 0, released_records_covered: 0 } }))
R3OPUS-SEED step 13: CloseAndMountWritable => Some(Applied(Mounted { instance: InstanceGeneration(5), publishes: 2, allocation_records_compared: Compared { publishes: 2 }, reuse: RecordReuse { rewritten_from_released: 0, rewritten_with_changed_span: 0, released_records_removed: 0, released_records_covered: 0 } }))
R3OPUS-SEED step 14: PublishOverwrite(ContentChoice { length: InsideOneDataUnit { selector: 1557782233474301035 }, fill_seed: 608756431496851942 }) => Some(Applied(Published { reuse: RecordReuse { rewritten_from_released: 0, rewritten_with_changed_span: 0, released_records_removed: 0, released_records_covered: 0 } }))
R3OPUS-SEED step 15: RaiseRollbackFloor(FloorTargetChoice { steps_above_current_floor: 4308187864539170914 }) => Some(Refused { member: "MountError::RollbackFloorAboveCeiling" })
R3OPUS-SEED step 16: CloseAndMountRollback(RingRoot { index_from_newest: 8181704201789563713 }) => Some(Applied(Mounted { instance: InstanceGeneration(6), publishes: 2, allocation_records_compared: Compared { publishes: 2 }, reuse: RecordReuse { rewritten_from_released: 0, rewritten_with_changed_span: 0, released_records_removed: 0, released_records_covered: 0 } }))
R3OPUS-SEED step 17: PublishOverwrite(ContentChoice { length: OneByteBelowDataUnitPayloadCapacity, fill_seed: 15171545685771329846 }) => Some(Applied(Published { reuse: RecordReuse { rewritten_from_released: 0, rewritten_with_changed_span: 0, released_records_removed: 0, released_records_covered: 0 } }))
R3OPUS-SEED step 18: CloseAndMountWritable => Some(Applied(Mounted { instance: InstanceGeneration(7), publishes: 2, allocation_records_compared: Compared { publishes: 2 }, reuse: RecordReuse { rewritten_from_released: 0, rewritten_with_changed_span: 0, released_records_removed: 0, released_records_covered: 0 } }))
R3OPUS-SEED step 19: RaiseRollbackFloor(FloorTargetChoice { steps_above_current_floor: 12673313308564479007 }) => Some(Refused { member: "MountError::RollbackFloorAboveCeiling" })
R3OPUS-SEED step 20: PublishOverwrite(ContentChoice { length: InsideOneDataUnit { selector: 10621346404844533396 }, fill_seed: 12552664520385039808 }) => Some(Applied(Published { reuse: RecordReuse { rewritten_from_released: 0, rewritten_with_changed_span: 0, released_records_removed: 0, released_records_covered: 0 } }))
R3OPUS-SEED step 21: PublishOverwrite(ContentChoice { length: InsideOneDataUnit { selector: 1514046929775436837 }, fill_seed: 12963499063121400457 }) => Some(Applied(Published { reuse: RecordReuse { rewritten_from_released: 0, rewritten_with_changed_span: 0, released_records_removed: 0, released_records_covered: 0 } }))
R3OPUS-SEED step 22: PublishOverwrite(ContentChoice { length: InsideOneDataUnit { selector: 4599942123321167616 }, fill_seed: 8220600225913612492 }) => Some(Applied(Published { reuse: RecordReuse { rewritten_from_released: 0, rewritten_with_changed_span: 0, released_records_removed: 0, released_records_covered: 0 } }))
R3OPUS-SEED step 23: PublishOverwrite(ContentChoice { length: InsideOneDataUnit { selector: 9821083774634693591 }, fill_seed: 6228766731742227171 }) => Some(Applied(Published { reuse: RecordReuse { rewritten_from_released: 0, rewritten_with_changed_span: 0, released_records_removed: 0, released_records_covered: 0 } }))
R3OPUS-SEED step 24: PublishOverwrite(ContentChoice { length: InsideOneDataUnit { selector: 6434863216654360037 }, fill_seed: 4410929146757400309 }) => Some(Refused { member: "PublishError::PlacementRefused(NoFreeSlotOnAnyDevice)" })
R3OPUS-SEED step 25: PublishOverwrite(ContentChoice { length: InsideOneDataUnit { selector: 8839144825426872951 }, fill_seed: 1494973829520527925 }) => Some(Refused { member: "PublishError::PlacementRefused(NoFreeSlotOnAnyDevice)" })
R3OPUS-SEED step 26: PublishWithoutUnits => Some(NotApplicable(CurrentVersionWithFile))
R3OPUS-SEED step 27: RaiseRollbackFloor(FloorTargetChoice { steps_above_current_floor: 16992144804410530067 }) => Some(Refused { member: "MountError::RaiseFloorSequencePublishFailed(publishes_persisted = 1, PublishError::PlacementRefused(NoFreeSlotOnAnyDevice))" })
R3OPUS-SEED step 28: PublishOverwrite(ContentChoice { length: InsideOneDataUnit { selector: 10431239454095572743 }, fill_seed: 9584066585051260939 }) => None
R3OPUS-SEED ending=NewFinding { signature: CheckerViolations { invariants: ["I-3.1"] }, observation: FailureObservation { position: Operation(27), operation_kind: Some(RaiseRollbackFloor), violations: [("I-3.1", "盘 0：记账的已分配 Some(2031616)，遍历全部有效根得到 1900544（其中隔离豁免 0）；机理：根环槽数 24、最新根 txg 27、环里自证过的根槽 24 个、
