
running 1 test
R3OPUS-CAMPAIGN weights=rollback width=4g first_seed=3000000000 seeds=64 ops=40 new_findings=0 known_red=2 most_records=670 secs=5.9
种子 [3000000000, 3000000064)，每段 40 步，比重：偏向抬 F 之后回退（B2 那一格的取样点）；每一步之后跑池级 checker；两块 4 GiB 的盘
历史 64 段：跑完 62、以已知红收尾 {0: 2}、新发现 0；根环转过一圈的 60 段；最高 txg 58；一版里最多 670 条分配记录
  操作 PublishFirstFile：Ok 19、Err 5、前提不满足没调 6
  操作 PublishOverwrite：Ok 263、Err 45、前提不满足没调 730
  操作 PublishWithoutUnits：Ok 11、Err 0、前提不满足没调 10
  操作 CloseAndMountWritable：Ok 199、Err 0、前提不满足没调 0
  操作 CloseAndMountRollback：Ok 431、Err 163、前提不满足没调 0
  操作 RaiseRollbackFloor：Ok 50、Err 110、前提不满足没调 446
  操作 ColdStartRecover：Ok 26、Err 0、前提不满足没调 0
  内容长度 0 字节：入口被调 36 次、发成 36 次
  内容长度 [1, 载荷容量 − 2]：入口被调 195 次、发成 191 次
  内容长度 数据单元整宽 32768（装不下）：入口被调 24 次、发成 0 次
  内容长度 载荷容量：入口被调 32 次、发成 32 次
  内容长度 载荷容量 + 1（装不下）：入口被调 22 次、发成 0 次
  内容长度 载荷容量 − 1：入口被调 23 次、发成 23 次
  Err 成员 MountError::RollbackFloorAboveCeiling：110 次
  Err 成员 MountError::RollbackTargetNotACandidate(BelowEffectiveFloor)：2 次
  Err 成员 MountError::RollbackTargetNotACandidate(NotInRing)：68 次
  Err 成员 MountError::RollbackTargetNotACandidate(OnAbandonedTimeline)：93 次
  Err 成员 PublishError::ContentExceedsDataUnit：46 次
  Err 成员 PublishError::FirstFileVersionOnAVersionThatAlreadyHasAFile：4 次
  前提不满足（没有可写会话）：293 次
  前提不满足（现行版本带文件）：7 次
  前提不满足（现行版本树表 0 条）：892 次
  冷启动结局 FileRead：11 次
  冷启动结局 NoFile：15 次
  一次挂载里最多写出 17 条根；一段历史里最多挂载成功 17 次、最多试挂载 19 次
  抬 F 回收到落点 16 次、共回收 568 个落点；复用已释放的记录 544 条（其中跨度变了 56 条）；已释放的记录被罩住起点 10 条、被删 10 条
  挂载写出的发布比过分配记录 302 次；挂载之前生效根的分配记录读不出、没比的挂载 0 次
  checker 跑了 1037 次；一个写都没发、沿用上一次结论的 1541 步
  模型对拍 1377 步：该拒而拒 323、区间里拒 0、该成而成 1054；比过根 2210 条、分配记录 13210 条、冷启动内容 11 次、抬 F 上限 160 次；回退到 txg = F_生效 > 0 的根做成 25 次；单元区墙按区间放行 0 次
  I-1.1：判绿 1037 次、不适用 0 次
  I-1.2：判绿 1037 次、不适用 0 次
  I-1.3：判绿 1037 次、不适用 0 次
  I-1.4：判绿 1037 次、不适用 0 次
  I-1.6：判绿 1037 次、不适用 0 次
  I-1.7：判绿 1037 次、不适用 0 次
  I-1.8：判绿 1037 次、不适用 0 次
  I-1.10：判绿 1019 次、不适用 18 次
  I-2.1：判绿 1037 次、不适用 0 次
  I-2.3：判绿 1037 次、不适用 0 次
  I-2.4：判绿 1037 次、不适用 0 次
  I-2.5：判绿 1037 次、不适用 0 次
  I-3.1：判绿 506 次、不适用 529 次
  I-3.8：判绿 1037 次、不适用 0 次
  I-3.9：判绿 508 次、不适用 529 次
  I-3.10：判绿 1019 次、不适用 18 次
  I-3.11：判绿 508 次、不适用 529 次
  I-4.2：判绿 1037 次、不适用 0 次
  I-4.8：判绿 1037 次、不适用 0 次
  I-5.1：判绿 1037 次、不适用 0 次
  I-5.2：判绿 508 次、不适用 529 次
  I-5.4：判绿 508 次、不适用 529 次
  I-7.1：判绿 1037 次、不适用 0 次
  I-7.2：判绿 1037 次、不适用 0 次
  I-7.3：判绿 1037 次、不适用 0 次
  I-7.4：判绿 1037 次、不适用 0 次
  I-7.6：判绿 1037 次、不适用 0 次
  I-7.7：判绿 1037 次、不适用 0 次
  I-7.8：判绿 1037 次、不适用 0 次
  I-7.9：判绿 183 次、不适用 854 次
  I-7.10：判绿 1037 次、不适用 0 次
  I-7.11：判绿 1037 次、不适用 0 次
  I-8.6：判绿 1028 次、不适用 9 次
  I-8.7：判绿 664 次、不适用 373 次
  I-8.8：判绿 0 次、不适用 1037 次
  I-8.9：判绿 1028 次、不适用 9 次
  I-9.1：判绿 508 次、不适用 529 次
  I-9.2：判绿 508 次、不适用 529 次
  I-9.4：判绿 508 次、不适用 529 次
  I-9.6：判绿 508 次、不适用 529 次
  I-9.7：判绿 508 次、不适用 529 次
  I-9.10：判绿 508 次、不适用 529 次
  I-9.12：判绿 508 次、不适用 529 次
  I-9.13：判绿 508 次、不适用 529 次
  I-9.14：判绿 434 次、不适用 603 次
  I-9.15：判绿 508 次、不适用 529 次
已知红第 0 条（增补 2 收口表第 43 行）：2 段；前几个种子 [(3000000026, Operation(18)), (3000000031, Operation(14))]

test z13_campaign ... ok

test result: ok. 1 passed; 0 failed; 0 ignored; 0 measured; 3 filtered out; finished in 5.94s

