
running 1 test
test z13_campaign has been running for over 60 seconds
R3OPUS-CAMPAIGN weights=broad width=4g first_seed=4000000000 seeds=640 ops=40 new_findings=0 known_red=23 most_records=884 secs=100.9
种子 [4000000000, 4000000640)，每段 40 步，比重：各类操作都抽（快档、大档）；每一步之后跑池级 checker；两块 4 GiB 的盘
历史 640 段：跑完 617、以已知红收尾 {0: 23}、新发现 0；根环转过一圈的 604 段；最高 txg 70；一版里最多 884 条分配记录
  操作 PublishFirstFile：Ok 431、Err 772、前提不满足没调 135
  操作 PublishOverwrite：Ok 7187、Err 1156、前提不满足没调 3766
  操作 PublishWithoutUnits：Ok 226、Err 0、前提不满足没调 370
  操作 CloseAndMountWritable：Ok 3834、Err 0、前提不满足没调 0
  操作 CloseAndMountRollback：Ok 1803、Err 814、前提不满足没调 0
  操作 RaiseRollbackFloor：Ok 978、Err 1592、前提不满足没调 1136
  操作 ColdStartRecover：Ok 1012、Err 0、前提不满足没调 0
  内容长度 0 字节：入口被调 961 次、发成 893 次
  内容长度 [1, 载荷容量 − 2]：入口被调 5737 次、发成 5314 次
  内容长度 数据单元整宽 32768（装不下）：入口被调 634 次、发成 0 次
  内容长度 载荷容量：入口被调 757 次、发成 700 次
  内容长度 载荷容量 + 1（装不下）：入口被调 698 次、发成 0 次
  内容长度 载荷容量 − 1：入口被调 759 次、发成 711 次
  Err 成员 MountError::RollbackFloorAboveCeiling：1592 次
  Err 成员 MountError::RollbackTargetNotACandidate(BelowEffectiveFloor)：29 次
  Err 成员 MountError::RollbackTargetNotACandidate(NotInRing)：530 次
  Err 成员 MountError::RollbackTargetNotACandidate(OnAbandonedTimeline)：255 次
  Err 成员 PublishError::ContentExceedsDataUnit：1238 次
  Err 成员 PublishError::FirstFileVersionOnAVersionThatAlreadyHasAFile：690 次
  前提不满足（没有可写会话）：2072 次
  前提不满足（现行版本带文件）：323 次
  前提不满足（现行版本树表 0 条）：3012 次
  冷启动结局 FileRead：744 次
  冷启动结局 NoFile：268 次
  一次挂载里最多写出 24 条根；一段历史里最多挂载成功 18 次、最多试挂载 19 次
  抬 F 回收到落点 500 次、共回收 24175 个落点；复用已释放的记录 38304 条（其中跨度变了 3884 条）；已释放的记录被罩住起点 822 条、被删 822 条
  挂载写出的发布比过分配记录 9468 次；挂载之前生效根的分配记录读不出、没比的挂载 0 次
  checker 跑了 15099 次；一个写都没发、沿用上一次结论的 10753 步
  模型对拍 20122 步：该拒而拒 4334、区间里拒 0、该成而成 15788；比过根 24489 条、分配记录 351192 条、冷启动内容 744 次、抬 F 上限 2570 次；回退到 txg = F_生效 > 0 的根做成 6 次；单元区墙按区间放行 0 次
  I-1.1：判绿 15099 次、不适用 0 次
  I-1.2：判绿 15099 次、不适用 0 次
  I-1.3：判绿 15099 次、不适用 0 次
  I-1.4：判绿 15099 次、不适用 0 次
  I-1.6：判绿 15099 次、不适用 0 次
  I-1.7：判绿 15099 次、不适用 0 次
  I-1.8：判绿 15099 次、不适用 0 次
  I-1.10：判绿 14339 次、不适用 760 次
  I-2.1：判绿 15099 次、不适用 0 次
  I-2.3：判绿 15099 次、不适用 0 次
  I-2.4：判绿 15099 次、不适用 0 次
  I-2.5：判绿 15099 次、不适用 0 次
  I-3.1：判绿 12786 次、不适用 2290 次
  I-3.8：判绿 15099 次、不适用 0 次
  I-3.9：判绿 12809 次、不适用 2290 次
  I-3.10：判绿 14339 次、不适用 760 次
  I-3.11：判绿 12809 次、不适用 2290 次
  I-4.2：判绿 15099 次、不适用 0 次
  I-4.8：判绿 15099 次、不适用 0 次
  I-5.1：判绿 15099 次、不适用 0 次
  I-5.2：判绿 12809 次、不适用 2290 次
  I-5.4：判绿 12809 次、不适用 2290 次
  I-7.1：判绿 15099 次、不适用 0 次
  I-7.2：判绿 15099 次、不适用 0 次
  I-7.3：判绿 15099 次、不适用 0 次
  I-7.4：判绿 15099 次、不适用 0 次
  I-7.6：判绿 15099 次、不适用 0 次
  I-7.7：判绿 15099 次、不适用 0 次
  I-7.8：判绿 15099 次、不适用 0 次
  I-7.9：判绿 4659 次、不适用 10440 次
  I-7.10：判绿 15099 次、不适用 0 次
  I-7.11：判绿 15099 次、不适用 0 次
  I-8.6：判绿 14776 次、不适用 323 次
  I-8.7：判绿 12067 次、不适用 3032 次
  I-8.8：判绿 0 次、不适用 15099 次
  I-8.9：判绿 14776 次、不适用 323 次
  I-9.1：判绿 12809 次、不适用 2290 次
  I-9.2：判绿 12809 次、不适用 2290 次
  I-9.4：判绿 12809 次、不适用 2290 次
  I-9.6：判绿 12809 次、不适用 2290 次
  I-9.7：判绿 12809 次、不适用 2290 次
  I-9.10：判绿 12809 次、不适用 2290 次
  I-9.12：判绿 12809 次、不适用 2290 次
  I-9.13：判绿 12809 次、不适用 2290 次
  I-9.14：判绿 12061 次、不适用 3038 次
  I-9.15：判绿 12809 次、不适用 2290 次
已知红第 0 条（增补 2 收口表第 43 行）：23 段；前几个种子 [(4000000012, Operation(22)), (4000000050, Operation(8)), (4000000092, Operation(28)), (4000000121, Operation(20)), (4000000146, Operation(15)), (4000000171, Operation(12)), (4000000185, Operation(22)), (4000000186, Operation(16))]

test z13_campaign ... ok

test result: ok. 1 passed; 0 failed; 0 ignored; 0 measured; 3 filtered out; finished in 100.89s

