
running 1 test
test z13_campaign has been running for over 60 seconds
R3OPUS-CAMPAIGN weights=reuse width=384 first_seed=4000000000 seeds=640 ops=60 new_findings=0 known_red=24 most_records=714 secs=205.9
种子 [4000000000, 4000000640)，每段 60 步，比重：偏向抬 F 之后的复用（第 121 行那一类的取样点）；每一步之后跑池级 checker；两块单元区 384 槽的小盘（journal 环 128 MiB）
历史 640 段：跑完 616、以已知红收尾 {0: 24}、新发现 0；根环转过一圈的 634 段；最高 txg 112；一版里最多 714 条分配记录
  操作 PublishFirstFile：Ok 66、Err 344、前提不满足没调 9
  操作 PublishOverwrite：Ok 16416、Err 2654、前提不满足没调 1562
  操作 PublishWithoutUnits：Ok 24、Err 0、前提不满足没调 368
  操作 CloseAndMountWritable：Ok 7029、Err 0、前提不满足没调 0
  操作 CloseAndMountRollback：Ok 569、Err 207、前提不满足没调 0
  操作 RaiseRollbackFloor：Ok 3444、Err 4034、前提不满足没调 639
  操作 ColdStartRecover：Ok 397、Err 0、前提不满足没调 0
  内容长度 0 字节：入口被调 1956 次、发成 1922 次
  内容长度 [1, 载荷容量 − 2]：入口被调 11615 次、发成 11412 次
  内容长度 数据单元整宽 32768（装不下）：入口被调 1392 次、发成 0 次
  内容长度 载荷容量：入口被调 1575 次、发成 1552 次
  内容长度 载荷容量 + 1（装不下）：入口被调 1319 次、发成 0 次
  内容长度 载荷容量 − 1：入口被调 1623 次、发成 1596 次
  Err 成员 MountError::RollbackFloorAboveCeiling：4034 次
  Err 成员 MountError::RollbackTargetNotACandidate(BelowEffectiveFloor)：27 次
  Err 成员 MountError::RollbackTargetNotACandidate(NotInRing)：166 次
  Err 成员 MountError::RollbackTargetNotACandidate(OnAbandonedTimeline)：14 次
  Err 成员 PublishError::ContentExceedsDataUnit：2663 次
  Err 成员 PublishError::FirstFileVersionOnAVersionThatAlreadyHasAFile：335 次
  前提不满足（没有可写会话）：728 次
  前提不满足（现行版本带文件）：359 次
  前提不满足（现行版本树表 0 条）：1491 次
  冷启动结局 FileRead：375 次
  冷启动结局 NoFile：22 次
  一次挂载里最多写出 48 条根；一段历史里最多挂载成功 24 次、最多试挂载 25 次
  抬 F 回收到落点 2288 次、共回收 120357 个落点；复用已释放的记录 285464 条（其中跨度变了 44966 条）；已释放的记录被罩住起点 21240 条、被删 21316 条
  挂载写出的发布比过分配记录 17353 次；挂载之前生效根的分配记录读不出、没比的挂载 0 次
  checker 跑了 28188 次；一个写都没发、沿用上一次结论的 10214 步
  模型对拍 35767 步：该拒而拒 7239、区间里拒 0、该成而成 28528；比过根 43997 条、分配记录 763778 条、冷启动内容 375 次、抬 F 上限 7478 次；回退到 txg = F_生效 > 0 的根做成 6 次；单元区墙按区间放行 0 次
  I-1.1：判绿 28188 次、不适用 0 次
  I-1.2：判绿 28188 次、不适用 0 次
  I-1.3：判绿 28188 次、不适用 0 次
  I-1.4：判绿 28188 次、不适用 0 次
  I-1.6：判绿 28188 次、不适用 0 次
  I-1.7：判绿 28188 次、不适用 0 次
  I-1.8：判绿 28188 次、不适用 0 次
  I-1.10：判绿 28066 次、不适用 122 次
  I-2.1：判绿 28188 次、不适用 0 次
  I-2.3：判绿 28188 次、不适用 0 次
  I-2.4：判绿 28188 次、不适用 0 次
  I-2.5：判绿 28188 次、不适用 0 次
  I-3.1：判绿 27621 次、不适用 543 次
  I-3.8：判绿 28188 次、不适用 0 次
  I-3.9：判绿 27645 次、不适用 543 次
  I-3.10：判绿 28066 次、不适用 122 次
  I-3.11：判绿 27645 次、不适用 543 次
  I-4.2：判绿 28188 次、不适用 0 次
  I-4.8：判绿 28188 次、不适用 0 次
  I-5.1：判绿 28188 次、不适用 0 次
  I-5.2：判绿 27645 次、不适用 543 次
  I-5.4：判绿 27645 次、不适用 543 次
  I-7.1：判绿 28188 次、不适用 0 次
  I-7.2：判绿 28188 次、不适用 0 次
  I-7.3：判绿 28188 次、不适用 0 次
  I-7.4：判绿 28188 次、不适用 0 次
  I-7.6：判绿 28188 次、不适用 0 次
  I-7.7：判绿 28188 次、不适用 0 次
  I-7.8：判绿 28188 次、不适用 0 次
  I-7.9：判绿 18829 次、不适用 9359 次
  I-7.10：判绿 28188 次、不适用 0 次
  I-7.11：判绿 28188 次、不适用 0 次
  I-8.6：判绿 28131 次、不适用 57 次
  I-8.7：判绿 26458 次、不适用 1730 次
  I-8.8：判绿 0 次、不适用 28188 次
  I-8.9：判绿 28131 次、不适用 57 次
  I-9.1：判绿 27645 次、不适用 543 次
  I-9.2：判绿 27645 次、不适用 543 次
  I-9.4：判绿 27645 次、不适用 543 次
  I-9.6：判绿 27645 次、不适用 543 次
  I-9.7：判绿 27645 次、不适用 543 次
  I-9.10：判绿 27645 次、不适用 543 次
  I-9.12：判绿 27645 次、不适用 543 次
  I-9.13：判绿 27645 次、不适用 543 次
  I-9.14：判绿 26996 次、不适用 1192 次
  I-9.15：判绿 27645 次、不适用 543 次
已知红第 0 条（增补 2 收口表第 43 行）：24 段；前几个种子 [(4000000015, Operation(54)), (4000000026, Operation(20)), (4000000048, Operation(49)), (4000000108, Operation(49)), (4000000176, Operation(57)), (4000000266, Operation(9)), (4000000270, Operation(55)), (4000000272, Operation(53))]

test z13_campaign ... ok

test result: ok. 1 passed; 0 failed; 0 ignored; 0 measured; 3 filtered out; finished in 205.88s

