
running 1 test
test z13_campaign has been running for over 60 seconds
R3OPUS-CAMPAIGN weights=rollback width=4g first_seed=4000000000 seeds=640 ops=40 new_findings=0 known_red=9 most_records=824 secs=151.8
种子 [4000000000, 4000000640)，每段 40 步，比重：偏向抬 F 之后回退（B2 那一格的取样点）；每一步之后跑池级 checker；两块 4 GiB 的盘
历史 640 段：跑完 631、以已知红收尾 {0: 9}、新发现 0；根环转过一圈的 601 段；最高 txg 70；一版里最多 824 条分配记录
  操作 PublishFirstFile：Ok 177、Err 77、前提不满足没调 49
  操作 PublishOverwrite：Ok 1708、Err 280、前提不满足没调 8136
  操作 PublishWithoutUnits：Ok 172、Err 0、前提不满足没调 96
  操作 CloseAndMountWritable：Ok 1880、Err 0、前提不满足没调 0
  操作 CloseAndMountRollback：Ok 4885、Err 1536、前提不满足没调 0
  操作 RaiseRollbackFloor：Ok 339、Err 909、前提不满足没调 4939
  操作 ColdStartRecover：Ok 265、Err 0、前提不满足没调 0
  内容长度 0 字节：入口被调 240 次、发成 234 次
  内容长度 [1, 载荷容量 − 2]：入口被调 1312 次、发成 1282 次
  内容长度 数据单元整宽 32768（装不下）：入口被调 162 次、发成 0 次
  内容长度 载荷容量：入口被调 173 次、发成 169 次
  内容长度 载荷容量 + 1（装不下）：入口被调 152 次、发成 0 次
  内容长度 载荷容量 − 1：入口被调 203 次、发成 200 次
  Err 成员 MountError::RollbackFloorAboveCeiling：909 次
  Err 成员 MountError::RollbackTargetNotACandidate(BelowEffectiveFloor)：10 次
  Err 成员 MountError::RollbackTargetNotACandidate(NotInRing)：662 次
  Err 成员 MountError::RollbackTargetNotACandidate(OnAbandonedTimeline)：864 次
  Err 成员 PublishError::ContentExceedsDataUnit：311 次
  Err 成员 PublishError::FirstFileVersionOnAVersionThatAlreadyHasAFile：46 次
  前提不满足（没有可写会话）：2869 次
  前提不满足（现行版本带文件）：46 次
  前提不满足（现行版本树表 0 条）：10305 次
  冷启动结局 FileRead：56 次
  冷启动结局 NoFile：209 次
  一次挂载里最多写出 21 条根；一段历史里最多挂载成功 20 次、最多试挂载 23 次
  抬 F 回收到落点 77 次、共回收 2238 个落点；复用已释放的记录 3580 条（其中跨度变了 362 条）；已释放的记录被罩住起点 46 条、被删 46 条
  挂载写出的发布比过分配记录 2396 次；挂载之前生效根的分配记录读不出、没比的挂载 0 次
  checker 跑了 9801 次；一个写都没发、沿用上一次结论的 16287 步
  模型对拍 12811 步：该拒而拒 2802、区间里拒 0、该成而成 10009；比过根 22248 条、分配记录 98822 条、冷启动内容 56 次、抬 F 上限 1248 次；回退到 txg = F_生效 > 0 的根做成 130 次；单元区墙按区间放行 0 次
  I-1.1：判绿 9801 次、不适用 0 次
  I-1.2：判绿 9801 次、不适用 0 次
  I-1.3：判绿 9801 次、不适用 0 次
  I-1.4：判绿 9801 次、不适用 0 次
  I-1.6：判绿 9801 次、不适用 0 次
  I-1.7：判绿 9801 次、不适用 0 次
  I-1.8：判绿 9801 次、不适用 0 次
  I-1.10：判绿 9686 次、不适用 115 次
  I-2.1：判绿 9801 次、不适用 0 次
  I-2.3：判绿 9801 次、不适用 0 次
  I-2.4：判绿 9801 次、不适用 0 次
  I-2.5：判绿 9801 次、不适用 0 次
  I-3.1：判绿 3781 次、不适用 6011 次
  I-3.8：判绿 9801 次、不适用 0 次
  I-3.9：判绿 3790 次、不适用 6011 次
  I-3.10：判绿 9686 次、不适用 115 次
  I-3.11：判绿 3790 次、不适用 6011 次
  I-4.2：判绿 9801 次、不适用 0 次
  I-4.8：判绿 9801 次、不适用 0 次
  I-5.1：判绿 9801 次、不适用 0 次
  I-5.2：判绿 3790 次、不适用 6011 次
  I-5.4：判绿 3790 次、不适用 6011 次
  I-7.1：判绿 9801 次、不适用 0 次
  I-7.2：判绿 9801 次、不适用 0 次
  I-7.3：判绿 9801 次、不适用 0 次
  I-7.4：判绿 9801 次、不适用 0 次
  I-7.6：判绿 9801 次、不适用 0 次
  I-7.7：判绿 9801 次、不适用 0 次
  I-7.8：判绿 9801 次、不适用 0 次
  I-7.9：判绿 1138 次、不适用 8663 次
  I-7.10：判绿 9801 次、不适用 0 次
  I-7.11：判绿 9801 次、不适用 0 次
  I-8.6：判绿 9744 次、不适用 57 次
  I-8.7：判绿 5757 次、不适用 4044 次
  I-8.8：判绿 0 次、不适用 9801 次
  I-8.9：判绿 9744 次、不适用 57 次
  I-9.1：判绿 3790 次、不适用 6011 次
  I-9.2：判绿 3790 次、不适用 6011 次
  I-9.4：判绿 3790 次、不适用 6011 次
  I-9.6：判绿 3790 次、不适用 6011 次
  I-9.7：判绿 3790 次、不适用 6011 次
  I-9.10：判绿 3790 次、不适用 6011 次
  I-9.12：判绿 3790 次、不适用 6011 次
  I-9.13：判绿 3790 次、不适用 6011 次
  I-9.14：判绿 3030 次、不适用 6771 次
  I-9.15：判绿 3790 次、不适用 6011 次
已知红第 0 条（增补 2 收口表第 43 行）：9 段；前几个种子 [(4000000053, Operation(18)), (4000000129, Operation(38)), (4000000202, Operation(18)), (4000000243, Operation(23)), (4000000312, Operation(22)), (4000000350, Operation(12)), (4000000361, Operation(28)), (4000000475, Operation(27))]

test z13_campaign ... ok

test result: ok. 1 passed; 0 failed; 0 ignored; 0 measured; 3 filtered out; finished in 151.81s

