
running 1 test
R3OPUS-CAMPAIGN weights=wall width=4g first_seed=3000000000 seeds=16 ops=150 new_findings=0 known_red=1 most_records=1358 secs=21.9
种子 [3000000000, 3000000016)，每段 150 步，比重：越过原分配记录墙（812 条那一格的取样点）；每一步之后跑池级 checker；两块 4 GiB 的盘
历史 16 段：跑完 15、以已知红收尾 {0: 1}、新发现 0；根环转过一圈的 16 段；最高 txg 172；一版里最多 1358 条分配记录
  操作 PublishFirstFile：Ok 0、Err 0、前提不满足没调 0
  操作 PublishOverwrite：Ok 1403、Err 240、前提不满足没调 179
  操作 PublishWithoutUnits：Ok 0、Err 0、前提不满足没调 0
  操作 CloseAndMountWritable：Ok 283、Err 0、前提不满足没调 0
  操作 CloseAndMountRollback：Ok 34、Err 12、前提不满足没调 0
  操作 RaiseRollbackFloor：Ok 66、Err 34、前提不满足没调 19
  操作 ColdStartRecover：Ok 28、Err 0、前提不满足没调 0
  内容长度 0 字节：入口被调 150 次、发成 150 次
  内容长度 [1, 载荷容量 − 2]：入口被调 982 次、发成 982 次
  内容长度 数据单元整宽 32768（装不下）：入口被调 132 次、发成 0 次
  内容长度 载荷容量：入口被调 130 次、发成 130 次
  内容长度 载荷容量 + 1（装不下）：入口被调 108 次、发成 0 次
  内容长度 载荷容量 − 1：入口被调 141 次、发成 141 次
  Err 成员 MountError::RollbackFloorAboveCeiling：34 次
  Err 成员 MountError::RollbackTargetNotACandidate(NotInRing)：12 次
  Err 成员 PublishError::ContentExceedsDataUnit：240 次
  前提不满足（没有可写会话）：71 次
  前提不满足（现行版本树表 0 条）：127 次
  冷启动结局 FileRead：25 次
  冷启动结局 NoFile：3 次
  一次挂载里最多写出 36 条根；一段历史里最多挂载成功 27 次、最多试挂载 28 次
  抬 F 回收到落点 33 次、共回收 3778 个落点；复用已释放的记录 31772 条（其中跨度变了 3340 条）；已释放的记录被罩住起点 1606 条、被删 1606 条
  挂载写出的发布比过分配记录 701 次；挂载之前生效根的分配记录读不出、没比的挂载 0 次
  checker 跑了 1802 次；一个写都没发、沿用上一次结论的 512 步
  模型对拍 2116 步：该拒而拒 286、区间里拒 0、该成而成 1830；比过根 2332 条、分配记录 40706 条、冷启动内容 25 次、抬 F 上限 100 次；回退到 txg = F_生效 > 0 的根做成 0 次；单元区墙按区间放行 0 次
  I-1.1：判绿 1802 次、不适用 0 次
  I-1.2：判绿 1802 次、不适用 0 次
  I-1.3：判绿 1802 次、不适用 0 次
  I-1.4：判绿 1802 次、不适用 0 次
  I-1.6：判绿 1802 次、不适用 0 次
  I-1.7：判绿 1802 次、不适用 0 次
  I-1.8：判绿 1802 次、不适用 0 次
  I-1.10：判绿 1802 次、不适用 0 次
  I-2.1：判绿 1802 次、不适用 0 次
  I-2.3：判绿 1802 次、不适用 0 次
  I-2.4：判绿 1802 次、不适用 0 次
  I-2.5：判绿 1802 次、不适用 0 次
  I-3.1：判绿 1781 次、不适用 20 次
  I-3.8：判绿 1802 次、不适用 0 次
  I-3.9：判绿 1782 次、不适用 20 次
  I-3.10：判绿 1802 次、不适用 0 次
  I-3.11：判绿 1782 次、不适用 20 次
  I-4.2：判绿 1802 次、不适用 0 次
  I-4.8：判绿 1802 次、不适用 0 次
  I-5.1：判绿 1802 次、不适用 0 次
  I-5.2：判绿 1782 次、不适用 20 次
  I-5.4：判绿 1782 次、不适用 20 次
  I-7.1：判绿 1802 次、不适用 0 次
  I-7.2：判绿 1802 次、不适用 0 次
  I-7.3：判绿 1802 次、不适用 0 次
  I-7.4：判绿 1802 次、不适用 0 次
  I-7.6：判绿 1802 次、不适用 0 次
  I-7.7：判绿 1802 次、不适用 0 次
  I-7.8：判绿 1802 次、不适用 0 次
  I-7.9：判绿 894 次、不适用 908 次
  I-7.10：判绿 1802 次、不适用 0 次
  I-7.11：判绿 1802 次、不适用 0 次
  I-8.6：判绿 1802 次、不适用 0 次
  I-8.7：判绿 1758 次、不适用 44 次
  I-8.8：判绿 0 次、不适用 1802 次
  I-8.9：判绿 1802 次、不适用 0 次
  I-9.1：判绿 1782 次、不适用 20 次
  I-9.2：判绿 1782 次、不适用 20 次
  I-9.4：判绿 1782 次、不适用 20 次
  I-9.6：判绿 1782 次、不适用 20 次
  I-9.7：判绿 1782 次、不适用 20 次
  I-9.10：判绿 1782 次、不适用 20 次
  I-9.12：判绿 1782 次、不适用 20 次
  I-9.13：判绿 1782 次、不适用 20 次
  I-9.14：判绿 1766 次、不适用 36 次
  I-9.15：判绿 1782 次、不适用 20 次
已知红第 0 条（增补 2 收口表第 43 行）：1 段；前几个种子 [(3000000011, Operation(47))]

test z13_campaign ... ok

test result: ok. 1 passed; 0 failed; 0 ignored; 0 measured; 3 filtered out; finished in 21.88s

