
running 1 test
R3OPUS-CAMPAIGN weights=unitwall width=256 first_seed=3000000000 seeds=32 ops=100 new_findings=0 known_red=0 most_records=462 secs=3.3
种子 [3000000000, 3000000032)，每段 100 步，比重：逼近单元区墙（小盘上落点拒绝那一格的取样点）；每一步之后跑池级 checker；两块单元区 256 槽的小盘（journal 环 128 MiB）
历史 32 段：跑完 32、以已知红收尾 {}、新发现 0；根环转过一圈的 18 段；最高 txg 52；一版里最多 462 条分配记录
  操作 PublishFirstFile：Ok 0、Err 0、前提不满足没调 0
  操作 PublishOverwrite：Ok 539、Err 539、前提不满足没调 1707
  操作 PublishWithoutUnits：Ok 0、Err 0、前提不满足没调 0
  操作 CloseAndMountWritable：Ok 71、Err 155、前提不满足没调 0
  操作 CloseAndMountRollback：Ok 9、Err 19、前提不满足没调 0
  操作 RaiseRollbackFloor：Ok 18、Err 35、前提不满足没调 65
  操作 ColdStartRecover：Ok 43、Err 0、前提不满足没调 0
  内容长度 0 字节：入口被调 115 次、发成 65 次
  内容长度 [1, 载荷容量 − 2]：入口被调 628 次、发成 357 次
  内容长度 数据单元整宽 32768（装不下）：入口被调 76 次、发成 0 次
  内容长度 载荷容量：入口被调 85 次、发成 57 次
  内容长度 载荷容量 + 1（装不下）：入口被调 80 次、发成 0 次
  内容长度 载荷容量 − 1：入口被调 94 次、发成 60 次
  Err 成员 MountError::PlacementRefusedBeforeAcquisitionMountAdmissionUndecided(NoFreeSlotOnAnyDevice)：171 次
  Err 成员 MountError::RaiseFloorSequencePublishFailed(publishes_persisted = 0, PublishError::PlacementRefused(NoFreeSlotOnAnyDevice))：10 次
  Err 成员 MountError::RaiseFloorSequencePublishFailed(publishes_persisted = 1, PublishError::PlacementRefused(NoFreeSlotOnAnyDevice))：6 次
  Err 成员 MountError::RollbackFloorAboveCeiling：19 次
  Err 成员 MountError::RollbackTargetNotACandidate(NotInRing)：3 次
  Err 成员 PublishError::ContentExceedsDataUnit：156 次
  Err 成员 PublishError::PlacementRefused(NoFreeSlotOnAnyDevice)：383 次
  前提不满足（没有可写会话）：1690 次
  前提不满足（现行版本树表 0 条）：82 次
  冷启动结局 FileRead：39 次
  冷启动结局 NoFile：4 次
  一次挂载里最多写出 23 条根；一段历史里最多挂载成功 14 次、最多试挂载 15 次
  抬 F 回收到落点 16 次、共回收 803 个落点；复用已释放的记录 1588 条（其中跨度变了 340 条）；已释放的记录被罩住起点 172 条、被删 174 条
  挂载写出的发布比过分配记录 154 次；挂载之前生效根的分配记录读不出、没比的挂载 0 次
  checker 跑了 675 次；一个写都没发、沿用上一次结论的 2557 步
  模型对拍 1460 步：该拒而拒 178、区间里拒 570、该成而成 712；比过根 809 条、分配记录 13314 条、冷启动内容 39 次、抬 F 上限 37 次；回退到 txg = F_生效 > 0 的根做成 0 次；单元区墙按区间放行 570 次
  I-1.1：判绿 675 次、不适用 0 次
  I-1.2：判绿 675 次、不适用 0 次
  I-1.3：判绿 675 次、不适用 0 次
  I-1.4：判绿 675 次、不适用 0 次
  I-1.6：判绿 675 次、不适用 0 次
  I-1.7：判绿 675 次、不适用 0 次
  I-1.8：判绿 675 次、不适用 0 次
  I-1.10：判绿 675 次、不适用 0 次
  I-2.1：判绿 675 次、不适用 0 次
  I-2.3：判绿 675 次、不适用 0 次
  I-2.4：判绿 675 次、不适用 0 次
  I-2.5：判绿 675 次、不适用 0 次
  I-3.1：判绿 661 次、不适用 14 次
  I-3.8：判绿 675 次、不适用 0 次
  I-3.9：判绿 661 次、不适用 14 次
  I-3.10：判绿 675 次、不适用 0 次
  I-3.11：判绿 661 次、不适用 14 次
  I-4.2：判绿 675 次、不适用 0 次
  I-4.8：判绿 675 次、不适用 0 次
  I-5.1：判绿 675 次、不适用 0 次
  I-5.2：判绿 661 次、不适用 14 次
  I-5.4：判绿 661 次、不适用 14 次
  I-7.1：判绿 675 次、不适用 0 次
  I-7.2：判绿 675 次、不适用 0 次
  I-7.3：判绿 675 次、不适用 0 次
  I-7.4：判绿 675 次、不适用 0 次
  I-7.6：判绿 675 次、不适用 0 次
  I-7.7：判绿 675 次、不适用 0 次
  I-7.8：判绿 675 次、不适用 0 次
  I-7.9：判绿 167 次、不适用 508 次
  I-7.10：判绿 675 次、不适用 0 次
  I-7.11：判绿 675 次、不适用 0 次
  I-8.6：判绿 675 次、不适用 0 次
  I-8.7：判绿 621 次、不适用 54 次
  I-8.8：判绿 0 次、不适用 675 次
  I-8.9：判绿 675 次、不适用 0 次
  I-9.1：判绿 661 次、不适用 14 次
  I-9.2：判绿 661 次、不适用 14 次
  I-9.4：判绿 661 次、不适用 14 次
  I-9.6：判绿 661 次、不适用 14 次
  I-9.7：判绿 661 次、不适用 14 次
  I-9.10：判绿 661 次、不适用 14 次
  I-9.12：判绿 661 次、不适用 14 次
  I-9.13：判绿 661 次、不适用 14 次
  I-9.14：判绿 629 次、不适用 46 次
  I-9.15：判绿 661 次、不适用 14 次
已知红第 0 条（增补 2 收口表第 43 行）：0 段；前几个种子 []

test z13_campaign ... ok

test result: ok. 1 passed; 0 failed; 0 ignored; 0 measured; 3 filtered out; finished in 3.30s

