R3OPUS-SEED seed=4000000204 start=AfterFirstFile
R3OPUS-SEED step 0: PublishOverwrite(ContentChoice { length: InsideOneDataUnit { selector: 10999748645953763205 }, fill_seed: 5195706889028112614 }) => Some(Applied(Published { reuse: RecordReuse { rewritten_from_released: 0, rewritten_with_changed_span: 0, released_records_removed: 0, released_records_covered: 0 } }))
R3OPUS-SEED step 1: PublishFirstFile(ContentChoice { length: InsideOneDataUnit { selector: 17173530910528967256 }, fill_seed: 8569300012617492395 }) => Some(Refused { member: "PublishError::FirstFileVersionOnAVersionThatAlreadyHasAFile" })
R3OPUS-SEED step 2: PublishOverwrite(ContentChoice { length: InsideOneDataUnit { selector: 15675669037691912196 }, fill_seed: 3159177693210574169 }) => Some(Applied(Published { reuse: RecordReuse { rewritten_from_released: 0, rewritten_with_changed_span: 0, released_records_removed: 0, released_records_covered: 0 } }))
R3OPUS-SEED step 3: PublishOverwrite(ContentChoice { length: Empty, fill_seed: 18306690390937496784 }) => Some(Applied(Published { reuse: RecordReuse { rewritten_from_released: 0, rewritten_with_changed_span: 0, released_records_removed: 0, released_records_covered: 0 } }))
R3OPUS-SEED step 4: RaiseRollbackFloor(FloorTargetChoice { steps_above_current_floor: 9292014085575153529 }) => Some(Applied(RaisedFloor { new_floor: CheckpointTxg(1), publishes: 2, reclaimed_placements: 0, reuse: RecordReuse { rewritten_from_released: 0, rewritten_with_changed_span: 0, released_records_removed: 0, released_records_covered: 0 } }))
R3OPUS-SEED step 5: PublishOverwrite(ContentChoice { length: InsideOneDataUnit { selector: 396778559237741353 }, fill_seed: 13017459455184332674 }) => Some(Applied(Published { reuse: RecordReuse { rewritten_from_released: 0, rewritten_with_changed_span: 0, released_records_removed: 0, released_records_covered: 0 } }))
R3OPUS-SEED step 6: PublishWithoutUnits => Some(NotApplicable(CurrentVersionWithFile))
R3OPUS-SEED step 7: CloseAndMountWritable => Some(Applied(Mounted { instance: InstanceGeneration(2), publishes: 2, allocation_records_compared: Compared { publishes: 2 }, reuse: RecordReuse { rewritten_from_released: 0, rewritten_with_changed_span: 0, released_records_removed: 0, released_records_covered: 0 } }))
R3OPUS-SEED step 8: PublishOverwrite(ContentChoice { length: InsideOneDataUnit { selector: 12444159612680117750 }, fill_seed: 11388100906941180396 }) => Some(Applied(Published { reuse: RecordReuse { rewritten_from_released: 0, rewritten_with_changed_span: 0, released_records_removed: 0, released_records_covered: 0 } }))
R3OPUS-SEED step 9: RaiseRollbackFloor(FloorTargetChoice { steps_above_current_floor: 11431837546616317135 }) => Some(Refused { member: "MountError::RollbackFloorAboveCeiling" })
R3OPUS-SEED step 10: PublishOverwrite(ContentChoice { length: OneByteBelowDataUnitPayloadCapacity, fill_seed: 5062690688760358914 }) => Some(Applied(Published { reuse: RecordReuse { rewritten_from_released: 0, rewritten_with_changed_span: 0, released_records_removed: 0, released_records_covered: 0 } }))
R3OPUS-SEED step 11: PublishOverwrite(ContentChoice { length: InsideOneDataUnit { selector: 17430987293913647072 }, fill_seed: 6674335821079130811 }) => Some(Applied(Published { reuse: RecordReuse { rewritten_from_released: 0, rewritten_with_changed_span: 0, released_records_removed: 0, released_records_covered: 0 } }))
R3OPUS-SEED step 12: PublishOverwrite(ContentChoice { length: Empty, fill_seed: 6252126788159648994 }) => Some(Applied(Published { reuse: RecordReuse { rewritten_from_released: 0, rewritten_with_changed_span: 0, released_records_removed: 0, released_records_covered: 0 } }))
R3OPUS-SEED step 13: CloseAndMountWritable => Some(Applied(Mounted { instance: InstanceGeneration(3), publishes: 2, allocation_records_compared: Compared { publishes: 2 }, reuse: RecordReuse { rewritten_from_released: 0, rewritten_with_changed_span: 0, released_records_removed: 0, released_records_covered: 0 } }))
R3OPUS-SEED step 14: PublishOverwrite(ContentChoice { length: Empty, fill_seed: 3184105076992581093 }) => Some(Applied(Published { reuse: RecordReuse { rewritten_from_released: 0, rewritten_with_changed_span: 0, released_records_removed: 0, released_records_covered: 0 } }))
R3OPUS-SEED step 15: PublishOverwrite(ContentChoice { length: ExactlyDataUnitBytes, fill_seed: 4346830510856121833 }) => Some(Refused { member: "PublishError::ContentExceedsDataUnit" })
R3OPUS-SEED step 16: RaiseRollbackFloor(FloorTargetChoice { steps_above_current_floor: 12950839795483591151 }) => Some(Applied(RaisedFloor { new_floor: CheckpointTxg(12), publishes: 2, reclaimed_placements: 76, reuse: RecordReuse { rewritten_from_released: 0, rewritten_with_changed_span: 0, released_records_removed: 0, released_records_covered: 0 } }))
R3OPUS-SEED step 17: PublishOverwrite(ContentChoice { length: InsideOneDataUnit { selector: 10327531862049577065 }, fill_seed: 14595593795540764946 }) => Some(Applied(Published { reuse: RecordReuse { rewritten_from_released: 20, rewritten_with_changed_span: 0, released_records_removed: 0, released_records_covered: 0 } }))
R3OPUS-SEED step 18: CloseAndMountRollback(RingRoot { index_from_newest: 3 }) => Some(Applied(Mounted { instance: InstanceGeneration(4), publishes: 2, allocation_records_compared: Compared { publishes: 2 }, reuse: RecordReuse { rewritten_from_released: 14, rewritten_with_changed_span: 8, released_records_removed: 0, released_records_covered: 0 } }))
R3OPUS-SEED step 19: CloseAndMountWritable => Some(Applied(Mounted { instance: InstanceGeneration(5), publishes: 2, allocation_records_compared: Compared { publishes: 2 }, reuse: RecordReuse { rewritten_from_released: 24, rewritten_with_changed_span: 2, released_records_removed: 0, released_records_covered: 0 } }))
R3OPUS-SEED step 20: CloseAndMountWritable => Some(Applied(Mounted { instance: InstanceGeneration(6), publishes: 3, allocation_records_compared: Compared { publishes: 3 }, reuse: RecordReuse { rewritten_from_released: 36, rewritten_with_changed_span: 4, released_records_removed: 2, released_records_covered: 2 } }))
R3OPUS-SEED step 21: PublishOverwrite(ContentChoice { length: InsideOneDataUnit { selector: 6867684940761065561 }, fill_seed: 8742882952640845753 }) => Some(Applied(Published { reuse: RecordReuse { rewritten_from_released: 18, rewritten_with_changed_span: 6, released_records_removed: 4, released_records_covered: 4 } }))
R3OPUS-SEED step 22: CloseAndMountWritable => Some(Applied(Mounted { instance: InstanceGeneration(7), publishes: 2, allocation_records_compared: Compared { publishes: 2 }, reuse: RecordReuse { rewritten_from_released: 24, rewritten_with_changed_span: 2, released_records_removed: 2, released_records_covered: 2 } }))
R3OPUS-SEED step 23: PublishOverwrite(ContentChoice { length: Empty, fill_seed: 7871536718545032103 }) => Some(Applied(Published { reuse: RecordReuse { rewritten_from_released: 6, rewritten_with_changed_span: 2, released_records_removed: 2, released_records_covered: 2 } }))
R3OPUS-SEED step 24: CloseAndMountWritable => Some(Applied(Mounted { instance: InstanceGeneration(8), publishes: 2, allocation_records_compared: Compared { publishes: 2 }, reuse: RecordReuse { rewritten_from_released: 0, rewritten_with_changed_span: 0, released_records_removed: 0, released_records_covered: 0 } }))
R3OPUS-SEED step 25: PublishOverwrite(ContentChoice { length: InsideOneDataUnit { selector: 17980799466440858316 }, fill_seed: 2020011264537851837 }) => Some(Applied(Published { reuse: RecordReuse { rewritten_from_released: 0, rewritten_with_changed_span: 0, released_records_removed: 0, released_records_covered: 0 } }))
R3OPUS-SEED step 26: PublishOverwrite(ContentChoice { length: InsideOneDataUnit { selector: 13952428859808652617 }, fill_seed: 17074843095107953703 }) => Some(Applied(Published { reuse: RecordReuse { rewritten_from_released: 0, rewritten_with_changed_span: 0, released_records_removed: 0, released_records_covered: 0 } }))
R3OPUS-SEED step 27: CloseAndMountWritable => Some(Applied(Mounted { instance: InstanceGeneration(9), publishes: 2, allocation_records_compared: Compared { publishes: 2 }, reuse: RecordReuse { rewritten_from_released: 26, rewritten_with_changed_span: 6, released_records_removed: 0, released_records_covered: 0 } }))
R3OPUS-SEED step 28: PublishOverwrite(ContentChoice { length: InsideOneDataUnit { selector: 11869478300107579226 }, fill_seed: 6953179072217580264 }) => Some(Applied(Published { reuse: RecordReuse { rewritten_from_released: 20, rewritten_with_changed_span: 4, released_records_removed: 2, released_records_covered: 2 } }))
R3OPUS-SEED step 29: PublishWithoutUnits => Some(NotApplicable(CurrentVersionWithFile))
R3OPUS-SEED step 30: PublishOverwrite(ContentChoice { length: InsideOneDataUnit { selector: 5490855273034752751 }, fill_seed: 3117252989344508918 }) => Some(Applied(Published { reuse: RecordReuse { rewritten_from_released: 24, rewritten_with_changed_span: 2, released_records_removed: 2, released_records_covered: 2 } }))
R3OPUS-SEED step 31: RaiseRollbackFloor(FloorTargetChoice { steps_above_current_floor: 16312640190572769684 }) => Some(Refused { member: "MountError::RaiseFloorSequencePublishFailed(publishes_persisted = 1, PublishError::PlacementRefused(NoFreeSlotOnAnyDevice))" })
R3OPUS-SEED step 32: RaiseRollbackFloor(FloorTargetChoice { steps_above_current_floor: 2985319798795291096 }) => None
R3OPUS-SEED ending=NewFinding { signature: CheckerViolations { invariants: ["I-3.1"] }, observation: FailureObservation { position: Operation(31), operation_kind: Some(RaiseRollbackFloor), violations: [("I-3.1", "盘 0：记账的已分配 Some(3244032)，遍历全部有效根得到 3112960（其中隔离豁免 0）；机理：根环槽数 24、最新根 txg 41、环里自证过的根槽 24 个、
