
running 1 test
R3OPUS-DRYRUN quarantined=false same=true publishes_planned=2 publishes_taken=2 differing=[] planned=[[50304, 50306, 50307, 50308, 50309, 50310, 50311, 50312, 50313], [50314, 50315, 50316, 50317, 50318, 50319, 50320, 50321]] taken=[[50304, 50306, 50307, 50308, 50309, 50310, 50311, 50312, 50313], [50314, 50315, 50316, 50317, 50318, 50319, 50320, 50321]]
R3OPUS-RELEASED [[50176, 50245, 50246, 50247, 50248, 50249, 50250, 50251, 50252], [50306, 50307, 50308, 50309, 50310, 50311, 50312, 50313]]
R3OPUS-FROZEN width=FourGibibytes n0=3 fault=write k=1 fired=1 ending=NewFinding[ModelDisagreement { aspect: "模型说该成、实现拒了" }]@Operation(4) failing_step=Some(Refused { member: "PublishError::BlockDevice(BlockDeviceError::InputOutput)" }) mount=None after=None
R3OPUS-DRYRUN quarantined=false same=true publishes_planned=2 publishes_taken=2 differing=[] planned=[[50304, 50306, 50307, 50308, 50309, 50310, 50311, 50312, 50313], [50314, 50315, 50316, 50317, 50318, 50319, 50320, 50321]] taken=[[50304, 50306, 50307, 50308, 50309, 50310, 50311, 50312, 50313], [50314, 50315, 50316, 50317, 50318, 50319, 50320, 50321]]
R3OPUS-RELEASED [[50176, 50245, 50246, 50247, 50248, 50249, 50250, 50251, 50252], [50306, 50307, 50308, 50309, 50310, 50311, 50312, 50313]]
R3OPUS-FROZEN width=FourGibibytes n0=3 fault=write k=2 fired=1 ending=NewFinding[ModelDisagreement { aspect: "模型说该成、实现拒了" }]@Operation(4) failing_step=Some(Refused { member: "PublishError::BlockDevice(BlockDeviceError::InputOutput)" }) mount=None after=None
R3OPUS-DRYRUN quarantined=false same=true publishes_planned=2 publishes_taken=2 differing=[] planned=[[50304, 50306, 50307, 50308, 50309, 50310, 50311, 50312, 50313], [50314, 50315, 50316, 50317, 50318, 50319, 50320, 50321]] taken=[[50304, 50306, 50307, 50308, 50309, 50310, 50311, 50312, 50313], [50314, 50315, 50316, 50317, 50318, 50319, 50320, 50321]]
R3OPUS-RELEASED [[50176, 50245, 50246, 50247, 50248, 50249, 50250, 50251, 50252], [50306, 50307, 50308, 50309, 50310, 50311, 50312, 50313]]
R3OPUS-FROZEN width=FourGibibytes n0=3 fault=write k=3 fired=1 ending=NewFinding[ModelDisagreement { aspect: "模型说该成、实现拒了" }]@Operation(4) failing_step=Some(Refused { member: "PublishError::BlockDevice(BlockDeviceError::InputOutput)" }) mount=None after=None
R3OPUS-DRYRUN quarantined=false same=true publishes_planned=2 publishes_taken=2 differing=[] planned=[[50304, 50306, 50307, 50308, 50309, 50310, 50311, 50312, 50313], [50314, 50315, 50316, 50317, 50318, 50319, 50320, 50321]] taken=[[50304, 50306, 50307, 50308, 50309, 50310, 50311, 50312, 50313], [50314, 50315, 50316, 50317, 50318, 50319, 50320, 50321]]
R3OPUS-RELEASED [[50176, 50245, 50246, 50247, 50248, 50249, 50250, 50251, 50252], [50306, 50307, 50308, 50309, 50310, 50311, 50312, 50313]]
R3OPUS-FROZEN width=FourGibibytes n0=3 fault=write k=4 fired=1 ending=NewFinding[ModelDisagreement { aspect: "模型说该成、实现拒了" }]@Operation(4) failing_step=Some(Refused { member: "PublishError::BlockDevice(BlockDeviceError::InputOutput)" }) mount=None after=None
R3OPUS-DRYRUN quarantined=false same=true publishes_planned=2 publishes_taken=2 differing=[] planned=[[50304, 50306, 50307, 50308, 50309, 50310, 50311, 50312, 50313], [50314, 50315, 50316, 50317, 50318, 50319, 50320, 50321]] taken=[[50304, 50306, 50307, 50308, 50309, 50310, 50311, 50312, 50313], [50314, 50315, 50316, 50317, 50318, 50319, 50320, 50321]]
R3OPUS-RELEASED [[50176, 50245, 50246, 50247, 50248, 50249, 50250, 50251, 50252], [50306, 50307, 50308, 50309, 50310, 50311, 50312, 50313]]
R3OPUS-FROZEN width=FourGibibytes n0=3 fault=write k=5 fired=1 ending=NewFinding[ModelDisagreement { aspect: "模型说该成、实现拒了" }]@Operation(4) failing_step=Some(Refused { member: "PublishError::BlockDevice(BlockDeviceError::InputOutput)" }) mount=None after=None
R3OPUS-DRYRUN quarantined=false same=true publishes_planned=2 publishes_taken=2 differing=[] planned=[[50304, 50306, 50307, 50308, 50309, 50310, 50311, 50312, 50313], [50314, 50315, 50316, 50317, 50318, 50319, 50320, 50321]] taken=[[50304, 50306, 50307, 50308, 50309, 50310, 50311, 50312, 50313], [50314, 50315, 50316, 50317, 50318, 50319, 50320, 50321]]
R3OPUS-RELEASED [[50176, 50245, 50246, 50247, 50248, 50249, 50250, 50251, 50252], [50306, 50307, 50308, 50309, 50310, 50311, 50312, 50313]]
R3OPUS-FROZEN width=FourGibibytes n0=3 fault=write k=6 fired=1 ending=NewFinding[ModelDisagreement { aspect: "模型说该成、实现拒了" }]@Operation(4) failing_step=Some(Refused { member: "PublishError::BlockDevice(BlockDeviceError::InputOutput)" }) mount=None after=None
R3OPUS-DRYRUN quarantined=false same=true publishes_planned=2 publishes_taken=2 differing=[] planned=[[50304, 50306, 50307, 50308, 50309, 50310, 50311, 50312, 50313], [50314, 50315, 50316, 50317, 50318, 50319, 50320, 50321]] taken=[[50304, 50306, 50307, 50308, 50309, 50310, 50311, 50312, 50313], [50314, 50315, 50316, 50317, 50318, 50319, 50320, 50321]]
R3OPUS-RELEASED [[50176, 50245, 50246, 50247, 50248, 50249, 50250, 50251, 50252], [50306, 50307, 50308, 50309, 50310, 50311, 50312, 50313]]
R3OPUS-FROZEN width=FourGibibytes n0=3 fault=write k=7 fired=1 ending=NewFinding[ModelDisagreement { aspect: "模型说该成、实现拒了" }]@Operation(4) failing_step=Some(Refused { member: "PublishError::BlockDevice(BlockDeviceError::InputOutput)" }) mount=None after=None
R3OPUS-DRYRUN quarantined=false same=true publishes_planned=2 publishes_taken=2 differing=[] planned=[[50304, 50306, 50307, 50308, 50309, 50310, 50311, 50312, 50313], [50314, 50315, 50316, 50317, 50318, 50319, 50320, 50321]] taken=[[50304, 50306, 50307, 50308, 50309, 50310, 50311, 50312, 50313], [50314, 50315, 50316, 50317, 50318, 50319, 50320, 50321]]
R3OPUS-RELEASED [[50176, 50245, 50246, 50247, 50248, 50249, 50250, 50251, 50252], [50306, 50307, 50308, 50309, 50310, 50311, 50312, 50313]]
R3OPUS-FROZEN width=FourGibibytes n0=3 fault=write k=8 fired=1 ending=NewFinding[ModelDisagreement { aspect: "模型说该成、实现拒了" }]@Operation(4) failing_step=Some(Refused { member: "PublishError::BlockDevice(BlockDeviceError::InputOutput)" }) mount=None after=None
R3OPUS-DRYRUN quarantined=false same=true publishes_planned=2 publishes_taken=2 differing=[] planned=[[50304, 50306, 50307, 50308, 50309, 50310, 50311, 50312, 50313], [50314, 50315, 50316, 50317, 50318, 50319, 50320, 50321]] taken=[[50304, 50306, 50307, 50308, 50309, 50310, 50311, 50312, 50313], [50314, 50315, 50316, 50317, 50318, 50319, 50320, 50321]]
R3OPUS-RELEASED [[50176, 50245, 50246, 50247, 50248, 50249, 50250, 50251, 50252], [50306, 50307, 50308, 50309, 50310, 50311, 50312, 50313]]
R3OPUS-FROZEN width=FourGibibytes n0=3 fault=write k=9 fired=1 ending=NewFinding[ModelDisagreement { aspect: "模型说该成、实现拒了" }]@Operation(4) failing_step=Some(Refused { member: "PublishError::BlockDevice(BlockDeviceError::InputOutput)" }) mount=None after=None
R3OPUS-DRYRUN quarantined=false same=true publishes_planned=2 publishes_taken=2 differing=[] planned=[[50304, 50306, 50307, 50308, 50309, 50310, 50311, 50312, 50313], [50314, 50315, 50316, 50317, 50318, 50319, 50320, 50321]] taken=[[50304, 50306, 50307, 50308, 50309, 50310, 50311, 50312, 50313], [50314, 50315, 50316, 50317, 50318, 50319, 50320, 50321]]
R3OPUS-RELEASED [[50176, 50245, 50246, 50247, 50248, 50249, 50250, 50251, 50252], [50306, 50307, 50308, 50309, 50310, 50311, 50312, 50313]]
R3OPUS-FROZEN width=FourGibibytes n0=3 fault=write k=10 fired=1 ending=NewFinding[ModelDisagreement { aspect: "模型说该成、实现拒了" }]@Operation(4) failing_step=Some(Refused { member: "PublishError::BlockDevice(BlockDeviceError::InputOutput)" }) mount=None after=None
R3OPUS-DRYRUN quarantined=false same=true publishes_planned=2 publishes_taken=2 differing=[] planned=[[50304, 50306, 50307, 50308, 50309, 50310, 50311, 50312, 50313], [50314, 50315, 50316, 50317, 50318, 50319, 50320, 50321]] taken=[[50304, 50306, 50307, 50308, 50309, 50310, 50311, 50312, 50313], [50314, 50315, 50316, 50317, 50318, 50319, 50320, 50321]]
R3OPUS-RELEASED [[50176, 50245, 50246, 50247, 50248, 50249, 50250, 50251, 50252], [50306, 50307, 50308, 50309, 50310, 50311, 50312, 50313]]
R3OPUS-FROZEN width=FourGibibytes n0=3 fault=write k=11 fired=1 ending=NewFinding[ModelDisagreement { aspect: "模型说该成、实现拒了" }]@Operation(4) failing_step=Some(Refused { member: "PublishError::BlockDevice(BlockDeviceError::InputOutput)" }) mount=None after=None
R3OPUS-DRYRUN quarantined=false same=true publishes_planned=2 publishes_taken=2 differing=[] planned=[[50304, 50306, 50307, 50308, 50309, 50310, 50311, 50312, 50313], [50314, 50315, 50316, 50317, 50318, 50319, 50320, 50321]] taken=[[50304, 50306, 50307, 50308, 50309, 50310, 50311, 50312, 50313], [50314, 50315, 50316, 50317, 50318, 50319, 50320, 50321]]
R3OPUS-RELEASED [[50176, 50245, 50246, 50247, 50248, 50249, 50250, 50251, 50252], [50306, 50307, 50308, 50309, 50310, 50311, 50312, 50313]]
R3OPUS-FROZEN width=FourGibibytes n0=3 fault=write k=12 fired=1 ending=NewFinding[ModelDisagreement { aspect: "模型说该成、实现拒了" }]@Operation(4) failing_step=Some(Refused { member: "PublishError::BlockDevice(BlockDeviceError::InputOutput)" }) mount=None after=None
R3OPUS-DRYRUN quarantined=false same=true publishes_planned=2 publishes_taken=2 differing=[] planned=[[50304, 50306, 50307, 50308, 50309, 50310, 50311, 50312, 50313], [50314, 50315, 50316, 50317, 50318, 50319, 50320, 50321]] taken=[[50304, 50306, 50307, 50308, 50309, 50310, 50311, 50312, 50313], [50314, 50315, 50316, 50317, 50318, 50319, 50320, 50321]]
R3OPUS-RELEASED [[50176, 50245, 50246, 50247, 50248, 50249, 50250, 50251, 50252], [50306, 50307, 50308, 50309, 50310, 50311, 50312, 50313]]
R3OPUS-FROZEN width=FourGibibytes n0=3 fault=write k=13 fired=1 ending=NewFinding[ModelDisagreement { aspect: "模型说该成、实现拒了" }]@Operation(4) failing_step=Some(Refused { member: "PublishError::BlockDevice(BlockDeviceError::InputOutput)" }) mount=None after=None
R3OPUS-DRYRUN quarantined=false same=true publishes_planned=2 publishes_taken=2 differing=[] planned=[[50304, 50306, 50307, 50308, 50309, 50310, 50311, 50312, 50313], [50314, 50315, 50316, 50317, 50318, 50319, 50320, 50321]] taken=[[50304, 50306, 50307, 50308, 50309, 50310, 50311, 50312, 50313], [50314, 50315, 50316, 50317, 50318, 50319, 50320, 50321]]
R3OPUS-RELEASED [[50176, 50245, 50246, 50247, 50248, 50249, 50250, 50251, 50252], [50306, 50307, 50308, 50309, 50310, 50311, 50312, 50313]]
R3OPUS-FROZEN width=FourGibibytes n0=3 fault=write k=14 fired=1 ending=NewFinding[ModelDisagreement { aspect: "模型说该成、实现拒了" }]@Operation(4) failing_step=Some(Refused { member: "PublishError::BlockDevice(BlockDeviceError::InputOutput)" }) mount=None after=None
R3OPUS-DRYRUN quarantined=false same=true publishes_planned=2 publishes_taken=2 differing=[] planned=[[50304, 50306, 50307, 50308, 50309, 50310, 50311, 50312, 50313], [50314, 50315, 50316, 50317, 50318, 50319, 50320, 50321]] taken=[[50304, 50306, 50307, 50308, 50309, 50310, 50311, 50312, 50313], [50314, 50315, 50316, 50317, 50318, 50319, 50320, 50321]]
R3OPUS-RELEASED [[50176, 50245, 50246, 50247, 50248, 50249, 50250, 50251, 50252], [50306, 50307, 50308, 50309, 50310, 50311, 50312, 50313]]
R3OPUS-FROZEN width=FourGibibytes n0=3 fault=write k=15 fired=1 ending=NewFinding[ModelDisagreement { aspect: "模型说该成、实现拒了" }]@Operation(4) failing_step=Some(Refused { member: "PublishError::BlockDevice(BlockDeviceError::InputOutput)" }) mount=None after=None
R3OPUS-DRYRUN quarantined=false same=true publishes_planned=2 publishes_taken=2 differing=[] planned=[[50304, 50306, 50307, 50308, 50309, 50310, 50311, 50312, 50313], [50314, 50315, 50316, 50317, 50318, 50319, 50320, 50321]] taken=[[50304, 50306, 50307, 50308, 50309, 50310, 50311, 50312, 50313], [50314, 50315, 50316, 50317, 50318, 50319, 50320, 50321]]
R3OPUS-RELEASED [[50176, 50245, 50246, 50247, 50248, 50249, 50250, 50251, 50252], [50306, 50307, 50308, 50309, 50310, 50311, 50312, 50313]]
R3OPUS-FROZEN width=FourGibibytes n0=3 fault=write k=16 fired=1 ending=NewFinding[ModelDisagreement { aspect: "模型说该成、实现拒了" }]@Operation(4) failing_step=Some(Refused { member: "PublishError::BlockDevice(BlockDeviceError::InputOutput)" }) mount=None after=None
R3OPUS-DRYRUN quarantined=false same=true publishes_planned=2 publishes_taken=2 differing=[] planned=[[50304, 50306, 50307, 50308, 50309, 50310, 50311, 50312, 50313], [50314, 50315, 50316, 50317, 50318, 50319, 50320, 50321]] taken=[[50304, 50306, 50307, 50308, 50309, 50310, 50311, 50312, 50313], [50314, 50315, 50316, 50317, 50318, 50319, 50320, 50321]]
R3OPUS-RELEASED [[50176, 50245, 50246, 50247, 50248, 50249, 50250, 50251, 50252], [50306, 50307, 50308, 50309, 50310, 50311, 50312, 50313]]
R3OPUS-FROZEN width=FourGibibytes n0=3 fault=write k=17 fired=1 ending=NewFinding[ModelDisagreement { aspect: "模型说该成、实现拒了" }]@Operation(4) failing_step=Some(Refused { member: "PublishError::BlockDevice(BlockDeviceError::InputOutput)" }) mount=None after=None
R3OPUS-DRYRUN quarantined=false same=true publishes_planned=2 publishes_taken=2 differing=[] planned=[[50304, 50306, 50307, 50308, 50309, 50310, 50311, 50312, 50313], [50314, 50315, 50316, 50317, 50318, 50319, 50320, 50321]] taken=[[50304, 50306, 50307, 50308, 50309, 50310, 50311, 50312, 50313], [50314, 50315, 50316, 50317, 50318, 50319, 50320, 50321]]
R3OPUS-RELEASED [[50176, 50245, 50246, 50247, 50248, 50249, 50250, 50251, 50252], [50306, 50307, 50308, 50309, 50310, 50311, 50312, 50313]]
R3OPUS-FROZEN width=FourGibibytes n0=3 fault=write k=18 fired=1 ending=NewFinding[ModelDisagreement { aspect: "模型说该成、实现拒了" }]@Operation(4) failing_step=Some(Refused { member: "PublishError::BlockDevice(BlockDeviceError::InputOutput)" }) mount=None after=None
R3OPUS-DRYRUN quarantined=false same=true publishes_planned=2 publishes_taken=2 differing=[] planned=[[50304, 50306, 50307, 50308, 50309, 50310, 50311, 50312, 50313], [50314, 50315, 50316, 50317, 50318, 50319, 50320, 50321]] taken=[[50304, 50306, 50307, 50308, 50309, 50310, 50311, 50312, 50313], [50314, 50315, 50316, 50317, 50318, 50319, 50320, 50321]]
R3OPUS-RELEASED [[50176, 50245, 50246, 50247, 50248, 50249, 50250, 50251, 50252], [50306, 50307, 50308, 50309, 50310, 50311, 50312, 50313]]
R3OPUS-FROZEN width=FourGibibytes n0=3 fault=write k=19 fired=1 ending=NewFinding[ModelDisagreement { aspect: "模型说该成、实现拒了" }]@Operation(4) failing_step=Some(Refused { member: "PublishError::BlockDevice(BlockDeviceError::InputOutput)" }) mount=None after=None
R3OPUS-DRYRUN quarantined=false same=true publishes_planned=2 publishes_taken=2 differing=[] planned=[[50304, 50306, 50307, 50308, 50309, 50310, 50311, 50312, 50313], [50314, 50315, 50316, 50317, 50318, 50319, 50320, 50321]] taken=[[50304, 50306, 50307, 50308, 50309, 50310, 50311, 50312, 50313], [50314, 50315, 50316, 50317, 50318, 50319, 50320, 50321]]
R3OPUS-RELEASED [[50176, 50245, 50246, 50247, 50248, 50249, 50250, 50251, 50252], [50306, 50307, 50308, 50309, 50310, 50311, 50312, 50313]]
R3OPUS-FROZEN width=FourGibibytes n0=3 fault=write k=20 fired=1 ending=NewFinding[ModelDisagreement { aspect: "模型说该成、实现拒了" }]@Operation(4) failing_step=Some(Refused { member: "PublishError::BlockDevice(BlockDeviceError::InputOutput)" }) mount=None after=None
R3OPUS-DRYRUN quarantined=false same=true publishes_planned=2 publishes_taken=2 differing=[] planned=[[50304, 50306, 50307, 50308, 50309, 50310, 50311, 50312, 50313], [50314, 50315, 50316, 50317, 50318, 50319, 50320, 50321]] taken=[[50304, 50306, 50307, 50308, 50309, 50310, 50311, 50312, 50313], [50314, 50315, 50316, 50317, 50318, 50319, 50320, 50321]]
R3OPUS-RELEASED [[50176, 50245, 50246, 50247, 50248, 50249, 50250, 50251, 50252], [50306, 50307, 50308, 50309, 50310, 50311, 50312, 50313]]
R3OPUS-FROZEN width=FourGibibytes n0=3 fault=write k=21 fired=1 ending=NewFinding[ModelDisagreement { aspect: "模型说该成、实现拒了" }]@Operation(4) failing_step=Some(Refused { member: "PublishError::BlockDevice(BlockDeviceError::InputOutput)" }) mount=None after=None
R3OPUS-DRYRUN quarantined=false same=true publishes_planned=2 publishes_taken=2 differing=[] planned=[[50304, 50306, 50307, 50308, 50309, 50310, 50311, 50312, 50313], [50314, 50315, 50316, 50317, 50318, 50319, 50320, 50321]] taken=[[50304, 50306, 50307, 50308, 50309, 50310, 50311, 50312, 50313], [50314, 50315, 50316, 50317, 50318, 50319, 50320, 50321]]
R3OPUS-RELEASED [[50176, 50245, 50246, 50247, 50248, 50249, 50250, 50251, 50252], [50306, 50307, 50308, 50309, 50310, 50311, 50312, 50313]]
R3OPUS-FROZEN width=FourGibibytes n0=3 fault=write k=22 fired=1 ending=NewFinding[ModelDisagreement { aspect: "模型说该成、实现拒了" }]@Operation(4) failing_step=Some(Refused { member: "PublishError::BlockDevice(BlockDeviceError::InputOutput)" }) mount=None after=None
R3OPUS-DRYRUN quarantined=false same=true publishes_planned=2 publishes_taken=2 differing=[] planned=[[50304, 50306, 50307, 50308, 50309, 50310, 50311, 50312, 50313], [50314, 50315, 50316, 50317, 50318, 50319, 50320, 50321]] taken=[[50304, 50306, 50307, 50308, 50309, 50310, 50311, 50312, 50313], [50314, 50315, 50316, 50317, 50318, 50319, 50320, 50321]]
R3OPUS-RELEASED [[50176, 50245, 50246, 50247, 50248, 50249, 50250, 50251, 50252], [50306, 50307, 50308, 50309, 50310, 50311, 50312, 50313]]
R3OPUS-FROZEN width=FourGibibytes n0=3 fault=write k=23 fired=1 ending=NewFinding[ModelDisagreement { aspect: "模型说该成、实现拒了" }]@Operation(4) failing_step=Some(Refused { member: "PublishError::BlockDevice(BlockDeviceError::InputOutput)" }) mount=None after=None
R3OPUS-DRYRUN quarantined=false same=true publishes_planned=2 publishes_taken=2 differing=[] planned=[[50304, 50306, 50307, 50308, 50309, 50310, 50311, 50312, 50313], [50314, 50315, 50316, 50317, 50318, 50319, 50320, 50321]] taken=[[50304, 50306, 50307, 50308, 50309, 50310, 50311, 50312, 50313], [50314, 50315, 50316, 50317, 50318, 50319, 50320, 50321]]
R3OPUS-RELEASED [[50176, 50245, 50246, 50247, 50248, 50249, 50250, 50251, 50252], [50306, 50307, 50308, 50309, 50310, 50311, 50312, 50313]]
R3OPUS-FROZEN width=FourGibibytes n0=3 fault=write k=24 fired=1 ending=NewFinding[ModelDisagreement { aspect: "模型说该成、实现拒了" }]@Operation(4) failing_step=Some(Refused { member: "PublishError::BlockDevice(BlockDeviceError::InputOutput)" }) mount=None after=None
R3OPUS-DRYRUN quarantined=false same=true publishes_planned=2 publishes_taken=2 differing=[] planned=[[50304, 50306, 50307, 50308, 50309, 50310, 50311, 50312, 50313], [50314, 50315, 50316, 50317, 50318, 50319, 50320, 50321]] taken=[[50304, 50306, 50307, 50308, 50309, 50310, 50311, 50312, 50313], [50314, 50315, 50316, 50317, 50318, 50319, 50320, 50321]]
R3OPUS-RELEASED [[50176, 50245, 50246, 50247, 50248, 50249, 50250, 50251, 50252], [50306, 50307, 50308, 50309, 50310, 50311, 50312, 50313]]
R3OPUS-FROZEN width=FourGibibytes n0=3 fault=write k=25 fired=1 ending=NewFinding[ModelDisagreement { aspect: "模型说该成、实现拒了" }]@Operation(4) failing_step=Some(Refused { member: "PublishError::BlockDevice(BlockDeviceError::InputOutput)" }) mount=None after=None
R3OPUS-DRYRUN quarantined=false same=true publishes_planned=2 publishes_taken=2 differing=[] planned=[[50304, 50306, 50307, 50308, 50309, 50310, 50311, 50312, 50313], [50314, 50315, 50316, 50317, 50318, 50319, 50320, 50321]] taken=[[50304, 50306, 50307, 50308, 50309, 50310, 50311, 50312, 50313], [50314, 50315, 50316, 50317, 50318, 50319, 50320, 50321]]
R3OPUS-RELEASED [[50176, 50245, 50246, 50247, 50248, 50249, 50250, 50251, 50252], [50306, 50307, 50308, 50309, 50310, 50311, 50312, 50313]]
R3OPUS-FROZEN width=FourGibibytes n0=3 fault=write k=26 fired=1 ending=NewFinding[ModelDisagreement { aspect: "模型说该成、实现拒了" }]@Operation(4) failing_step=Some(Refused { member: "PublishError::BlockDevice(BlockDeviceError::InputOutput)" }) mount=None after=None
R3OPUS-DRYRUN quarantined=false same=true publishes_planned=2 publishes_taken=2 differing=[] planned=[[50304, 50306, 50307, 50308, 50309, 50310, 50311, 50312, 50313], [50314, 50315, 50316, 50317, 50318, 50319, 50320, 50321]] taken=[[50304, 50306, 50307, 50308, 50309, 50310, 50311, 50312, 50313], [50314, 50315, 50316, 50317, 50318, 50319, 50320, 50321]]
R3OPUS-RELEASED [[50176, 50245, 50246, 50247, 50248, 50249, 50250, 50251, 50252], [50306, 50307, 50308, 50309, 50310, 50311, 50312, 50313]]
R3OPUS-FROZEN width=FourGibibytes n0=3 fault=write k=27 fired=1 ending=NewFinding[ModelDisagreement { aspect: "模型说该成、实现拒了" }]@Operation(4) failing_step=Some(Refused { member: "PublishError::BlockDevice(BlockDeviceError::InputOutput)" }) mount=None after=None
R3OPUS-DRYRUN quarantined=false same=true publishes_planned=2 publishes_taken=2 differing=[] planned=[[50304, 50306, 50307, 50308, 50309, 50310, 50311, 50312, 50313], [50314, 50315, 50316, 50317, 50318, 50319, 50320, 50321]] taken=[[50304, 50306, 50307, 50308, 50309, 50310, 50311, 50312, 50313], [50314, 50315, 50316, 50317, 50318, 50319, 50320, 50321]]
R3OPUS-RELEASED [[50176, 50245, 50246, 50247, 50248, 50249, 50250, 50251, 50252], [50306, 50307, 50308, 50309, 50310, 50311, 50312, 50313]]
R3OPUS-FROZEN width=FourGibibytes n0=3 fault=write k=28 fired=1 ending=NewFinding[ModelDisagreement { aspect: "模型说该成、实现拒了" }]@Operation(4) failing_step=Some(Refused { member: "PublishError::BlockDevice(BlockDeviceError::InputOutput)" }) mount=None after=None
R3OPUS-DRYRUN quarantined=false same=true publishes_planned=2 publishes_taken=2 differing=[] planned=[[50304, 50306, 50307, 50308, 50309, 50310, 50311, 50312, 50313], [50314, 50315, 50316, 50317, 50318, 50319, 50320, 50321]] taken=[[50304, 50306, 50307, 50308, 50309, 50310, 50311, 50312, 50313], [50314, 50315, 50316, 50317, 50318, 50319, 50320, 50321]]
R3OPUS-RELEASED [[50176, 50245, 50246, 50247, 50248, 50249, 50250, 50251, 50252], [50306, 50307, 50308, 50309, 50310, 50311, 50312, 50313]]
R3OPUS-FROZEN width=FourGibibytes n0=3 fault=write k=29 fired=1 ending=NewFinding[ModelDisagreement { aspect: "模型说该成、实现拒了" }]@Operation(4) failing_step=Some(Refused { member: "PublishError::BlockDevice(BlockDeviceError::InputOutput)" }) mount=None after=None
R3OPUS-DRYRUN quarantined=false same=true publishes_planned=2 publishes_taken=2 differing=[] planned=[[50304, 50306, 50307, 50308, 50309, 50310, 50311, 50312, 50313], [50314, 50315, 50316, 50317, 50318, 50319, 50320, 50321]] taken=[[50304, 50306, 50307, 50308, 50309, 50310, 50311, 50312, 50313], [50314, 50315, 50316, 50317, 50318, 50319, 50320, 50321]]
R3OPUS-RELEASED [[50176, 50245, 50246, 50247, 50248, 50249, 50250, 50251, 50252], [50306, 50307, 50308, 50309, 50310, 50311, 50312, 50313]]
R3OPUS-FROZEN width=FourGibibytes n0=3 fault=write k=30 fired=1 ending=NewFinding[ModelDisagreement { aspect: "模型说该成、实现拒了" }]@Operation(4) failing_step=Some(Refused { member: "PublishError::BlockDevice(BlockDeviceError::InputOutput)" }) mount=None after=None
R3OPUS-DRYRUN quarantined=false same=true publishes_planned=2 publishes_taken=2 differing=[] planned=[[50304, 50306, 50307, 50308, 50309, 50310, 50311, 50312, 50313], [50314, 50315, 50316, 50317, 50318, 50319, 50320, 50321]] taken=[[50304, 50306, 50307, 50308, 50309, 50310, 50311, 50312, 50313], [50314, 50315, 50316, 50317, 50318, 50319, 50320, 50321]]
R3OPUS-RELEASED [[50176, 50245, 50246, 50247, 50248, 50249, 50250, 50251, 50252], [50306, 50307, 50308, 50309, 50310, 50311, 50312, 50313]]
R3OPUS-FROZEN width=FourGibibytes n0=3 fault=write k=31 fired=1 ending=NewFinding[ModelDisagreement { aspect: "模型说该成、实现拒了" }]@Operation(4) failing_step=Some(Refused { member: "PublishError::BlockDevice(BlockDeviceError::InputOutput)" }) mount=None after=None
R3OPUS-DRYRUN quarantined=false same=true publishes_planned=2 publishes_taken=2 differing=[] planned=[[50304, 50306, 50307, 50308, 50309, 50310, 50311, 50312, 50313], [50314, 50315, 50316, 50317, 50318, 50319, 50320, 50321]] taken=[[50304, 50306, 50307, 50308, 50309, 50310, 50311, 50312, 50313], [50314, 50315, 50316, 50317, 50318, 50319, 50320, 50321]]
R3OPUS-RELEASED [[50176, 50245, 50246, 50247, 50248, 50249, 50250, 50251, 50252], [50306, 50307, 50308, 50309, 50310, 50311, 50312, 50313]]
R3OPUS-FROZEN width=FourGibibytes n0=3 fault=write k=32 fired=1 ending=NewFinding[ModelDisagreement { aspect: "模型说该成、实现拒了" }]@Operation(4) failing_step=Some(Refused { member: "PublishError::BlockDevice(BlockDeviceError::InputOutput)" }) mount=None after=None
R3OPUS-DRYRUN quarantined=false same=true publishes_planned=2 publishes_taken=2 differing=[] planned=[[50304, 50306, 50307, 50308, 50309, 50310, 50311, 50312, 50313], [50314, 50315, 50316, 50317, 50318, 50319, 50320, 50321]] taken=[[50304, 50306, 50307, 50308, 50309, 50310, 50311, 50312, 50313], [50314, 50315, 50316, 50317, 50318, 50319, 50320, 50321]]
R3OPUS-RELEASED [[50176, 50245, 50246, 50247, 50248, 50249, 50250, 50251, 50252], [50306, 50307, 50308, 50309, 50310, 50311, 50312, 50313]]
R3OPUS-FROZEN width=FourGibibytes n0=3 fault=write k=33 fired=1 ending=NewFinding[ModelDisagreement { aspect: "模型说该成、实现拒了" }]@Operation(4) failing_step=Some(Refused { member: "PublishError::BlockDevice(BlockDeviceError::InputOutput)" }) mount=None after=None
R3OPUS-DRYRUN quarantined=false same=true publishes_planned=2 publishes_taken=2 differing=[] planned=[[50304, 50306, 50307, 50308, 50309, 50310, 50311, 50312, 50313], [50314, 50315, 50316, 50317, 50318, 50319, 50320, 50321]] taken=[[50304, 50306, 50307, 50308, 50309, 50310, 50311, 50312, 50313], [50314, 50315, 50316, 50317, 50318, 50319, 50320, 50321]]
R3OPUS-RELEASED [[50176, 50245, 50246, 50247, 50248, 50249, 50250, 50251, 50252], [50306, 50307, 50308, 50309, 50310, 50311, 50312, 50313]]
R3OPUS-DRYRUN quarantined=false same=true publishes_planned=2 publishes_taken=2 differing=[] planned=[[50432, 50434, 50435, 50436, 50437, 50438, 50439, 50440, 50441, 50442, 50443], [50444, 50445, 50446, 50447, 50448, 50449, 50450, 50451]] taken=[[50432, 50434, 50435, 50436, 50437, 50438, 50439, 50440, 50441, 50442, 50443], [50444, 50445, 50446, 50447, 50448, 50449, 50450, 50451]]
R3OPUS-RELEASED [[50304, 50367, 50368, 50369, 50370, 50371, 50372, 50373, 50374, 50375, 50376], [50435, 50437, 50438, 50439, 50440, 50441, 50442, 50443]]
R3OPUS-FROZEN width=FourGibibytes n0=3 fault=write k=34 fired=0 ending=Completed failing_step=Some(Applied(Published { reuse: RecordReuse { rewritten_from_released: 0, rewritten_with_changed_span: 0, released_records_removed: 0, released_records_covered: 0 } })) mount=Some(Applied(Mounted { instance: InstanceGeneration(3), publishes: 2, allocation_records_compared: Compared { publishes: 2 }, reuse: RecordReuse { rewritten_from_released: 0, rewritten_with_changed_span: 0, released_records_removed: 0, released_records_covered: 0 } })) after=Some(Applied(Published { reuse: RecordReuse { rewritten_from_released: 0, rewritten_with_changed_span: 0, released_records_removed: 0, released_records_covered: 0 } }))
R3OPUS-DRYRUN quarantined=false same=true publishes_planned=2 publishes_taken=2 differing=[] planned=[[50304, 50306, 50307, 50308, 50309, 50310, 50311, 50312, 50313], [50314, 50315, 50316, 50317, 50318, 50319, 50320, 50321]] taken=[[50304, 50306, 50307, 50308, 50309, 50310, 50311, 50312, 50313], [50314, 50315, 50316, 50317, 50318, 50319, 50320, 50321]]
R3OPUS-RELEASED [[50176, 50245, 50246, 50247, 50248, 50249, 50250, 50251, 50252], [50306, 50307, 50308, 50309, 50310, 50311, 50312, 50313]]
R3OPUS-DRYRUN quarantined=false same=true publishes_planned=2 publishes_taken=2 differing=[] planned=[[50432, 50434, 50435, 50436, 50437, 50438, 50439, 50440, 50441, 50442, 50443], [50444, 50445, 50446, 50447, 50448, 50449, 50450, 50451]] taken=[[50432, 50434, 50435, 50436, 50437, 50438, 50439, 50440, 50441, 50442, 50443], [50444, 50445, 50446, 50447, 50448, 50449, 50450, 50451]]
R3OPUS-RELEASED [[50304, 50367, 50368, 50369, 50370, 50371, 50372, 50373, 50374, 50375, 50376], [50435, 50437, 50438, 50439, 50440, 50441, 50442, 50443]]
R3OPUS-FROZEN width=FourGibibytes n0=3 fault=write k=35 fired=0 ending=Completed failing_step=Some(Applied(Published { reuse: RecordReuse { rewritten_from_released: 0, rewritten_with_changed_span: 0, released_records_removed: 0, released_records_covered: 0 } })) mount=Some(Applied(Mounted { instance: InstanceGeneration(3), publishes: 2, allocation_records_compared: Compared { publishes: 2 }, reuse: RecordReuse { rewritten_from_released: 0, rewritten_with_changed_span: 0, released_records_removed: 0, released_records_covered: 0 } })) after=Some(Applied(Published { reuse: RecordReuse { rewritten_from_released: 0, rewritten_with_changed_span: 0, released_records_removed: 0, released_records_covered: 0 } }))
R3OPUS-DRYRUN quarantined=false same=true publishes_planned=2 publishes_taken=2 differing=[] planned=[[50304, 50306, 50307, 50308, 50309, 50310, 50311, 50312, 50313], [50314, 50315, 50316, 50317, 50318, 50319, 50320, 50321]] taken=[[50304, 50306, 50307, 50308, 50309, 50310, 50311, 50312, 50313], [50314, 50315, 50316, 50317, 50318, 50319, 50320, 50321]]
R3OPUS-RELEASED [[50176, 50245, 50246, 50247, 50248, 50249, 50250, 50251, 50252], [50306, 50307, 50308, 50309, 50310, 50311, 50312, 50313]]
R3OPUS-DRYRUN quarantined=false same=true publishes_planned=2 publishes_taken=2 differing=[] planned=[[50432, 50434, 50435, 50436, 50437, 50438, 50439, 50440, 50441, 50442, 50443], [50444, 50445, 50446, 50447, 50448, 50449, 50450, 50451]] taken=[[50432, 50434, 50435, 50436, 50437, 50438, 50439, 50440, 50441, 50442, 50443], [50444, 50445, 50446, 50447, 50448, 50449, 50450, 50451]]
R3OPUS-RELEASED [[50304, 50367, 50368, 50369, 50370, 50371, 50372, 50373, 50374, 50375, 50376], [50435, 50437, 50438, 50439, 50440, 50441, 50442, 50443]]
R3OPUS-FROZEN width=FourGibibytes n0=3 fault=write k=36 fired=0 ending=Completed failing_step=Some(Applied(Published { reuse: RecordReuse { rewritten_from_released: 0, rewritten_with_changed_span: 0, released_records_removed: 0, released_records_covered: 0 } })) mount=Some(Applied(Mounted { instance: InstanceGeneration(3), publishes: 2, allocation_records_compared: Compared { publishes: 2 }, reuse: RecordReuse { rewritten_from_released: 0, rewritten_with_changed_span: 0, released_records_removed: 0, released_records_covered: 0 } })) after=Some(Applied(Published { reuse: RecordReuse { rewritten_from_released: 0, rewritten_with_changed_span: 0, released_records_removed: 0, released_records_covered: 0 } }))
R3OPUS-DRYRUN quarantined=false same=true publishes_planned=2 publishes_taken=2 differing=[] planned=[[50304, 50306, 50307, 50308, 50309, 50310, 50311, 50312, 50313], [50314, 50315, 50316, 50317, 50318, 50319, 50320, 50321]] taken=[[50304, 50306, 50307, 50308, 50309, 50310, 50311, 50312, 50313], [50314, 50315, 50316, 50317, 50318, 50319, 50320, 50321]]
R3OPUS-RELEASED [[50176, 50245, 50246, 50247, 50248, 50249, 50250, 50251, 50252], [50306, 50307, 50308, 50309, 50310, 50311, 50312, 50313]]
R3OPUS-DRYRUN quarantined=false same=true publishes_planned=2 publishes_taken=2 differing=[] planned=[[50432, 50434, 50435, 50436, 50437, 50438, 50439, 50440, 50441, 50442, 50443], [50444, 50445, 50446, 50447, 50448, 50449, 50450, 50451]] taken=[[50432, 50434, 50435, 50436, 50437, 50438, 50439, 50440, 50441, 50442, 50443], [50444, 50445, 50446, 50447, 50448, 50449, 50450, 50451]]
R3OPUS-RELEASED [[50304, 50367, 50368, 50369, 50370, 50371, 50372, 50373, 50374, 50375, 50376], [50435, 50437, 50438, 50439, 50440, 50441, 50442, 50443]]
R3OPUS-FROZEN width=FourGibibytes n0=3 fault=write k=37 fired=0 ending=Completed failing_step=Some(Applied(Published { reuse: RecordReuse { rewritten_from_released: 0, rewritten_with_changed_span: 0, released_records_removed: 0, released_records_covered: 0 } })) mount=Some(Applied(Mounted { instance: InstanceGeneration(3), publishes: 2, allocation_records_compared: Compared { publishes: 2 }, reuse: RecordReuse { rewritten_from_released: 0, rewritten_with_changed_span: 0, released_records_removed: 0, released_records_covered: 0 } })) after=Some(Applied(Published { reuse: RecordReuse { rewritten_from_released: 0, rewritten_with_changed_span: 0, released_records_removed: 0, released_records_covered: 0 } }))
R3OPUS-DRYRUN quarantined=false same=true publishes_planned=2 publishes_taken=2 differing=[] planned=[[50304, 50306, 50307, 50308, 50309, 50310, 50311, 50312, 50313], [50314, 50315, 50316, 50317, 50318, 50319, 50320, 50321]] taken=[[50304, 50306, 50307, 50308, 50309, 50310, 50311, 50312, 50313], [50314, 50315, 50316, 50317, 50318, 50319, 50320, 50321]]
R3OPUS-RELEASED [[50176, 50245, 50246, 50247, 50248, 50249, 50250, 50251, 50252], [50306, 50307, 50308, 50309, 50310, 50311, 50312, 50313]]
R3OPUS-DRYRUN quarantined=false same=true publishes_planned=2 publishes_taken=2 differing=[] planned=[[50432, 50434, 50435, 50436, 50437, 50438, 50439, 50440, 50441, 50442, 50443], [50444, 50445, 50446, 50447, 50448, 50449, 50450, 50451]] taken=[[50432, 50434, 50435, 50436, 50437, 50438, 50439, 50440, 50441, 50442, 50443], [50444, 50445, 50446, 50447, 50448, 50449, 50450, 50451]]
R3OPUS-RELEASED [[50304, 50367, 50368, 50369, 50370, 50371, 50372, 50373, 50374, 50375, 50376], [50435, 50437, 50438, 50439, 50440, 50441, 50442, 50443]]
R3OPUS-FROZEN width=FourGibibytes n0=3 fault=write k=38 fired=0 ending=Completed failing_step=Some(Applied(Published { reuse: RecordReuse { rewritten_from_released: 0, rewritten_with_changed_span: 0, released_records_removed: 0, released_records_covered: 0 } })) mount=Some(Applied(Mounted { instance: InstanceGeneration(3), publishes: 2, allocation_records_compared: Compared { publishes: 2 }, reuse: RecordReuse { rewritten_from_released: 0, rewritten_with_changed_span: 0, released_records_removed: 0, released_records_covered: 0 } })) after=Some(Applied(Published { reuse: RecordReuse { rewritten_from_released: 0, rewritten_with_changed_span: 0, released_records_removed: 0, released_records_covered: 0 } }))
R3OPUS-DRYRUN quarantined=false same=true publishes_planned=2 publishes_taken=2 differing=[] planned=[[50304, 50306, 50307, 50308, 50309, 50310, 50311, 50312, 50313], [50314, 50315, 50316, 50317, 50318, 50319, 50320, 50321]] taken=[[50304, 50306, 50307, 50308, 50309, 50310, 50311, 50312, 50313], [50314, 50315, 50316, 50317, 50318, 50319, 50320, 50321]]
R3OPUS-RELEASED [[50176, 50245, 50246, 50247, 50248, 50249, 50250, 50251, 50252], [50306, 50307, 50308, 50309, 50310, 50311, 50312, 50313]]
R3OPUS-DRYRUN quarantined=false same=true publishes_planned=2 publishes_taken=2 differing=[] planned=[[50432, 50434, 50435, 50436, 50437, 50438, 50439, 50440, 50441, 50442, 50443], [50444, 50445, 50446, 50447, 50448, 50449, 50450, 50451]] taken=[[50432, 50434, 50435, 50436, 50437, 50438, 50439, 50440, 50441, 50442, 50443], [50444, 50445, 50446, 50447, 50448, 50449, 50450, 50451]]
R3OPUS-RELEASED [[50304, 50367, 50368, 50369, 50370, 50371, 50372, 50373, 50374, 50375, 50376], [50435, 50437, 50438, 50439, 50440, 50441, 50442, 50443]]
R3OPUS-FROZEN width=FourGibibytes n0=3 fault=write k=39 fired=0 ending=Completed failing_step=Some(Applied(Published { reuse: RecordReuse { rewritten_from_released: 0, rewritten_with_changed_span: 0, released_records_removed: 0, released_records_covered: 0 } })) mount=Some(Applied(Mounted { instance: InstanceGeneration(3), publishes: 2, allocation_records_compared: Compared { publishes: 2 }, reuse: RecordReuse { rewritten_from_released: 0, rewritten_with_changed_span: 0, released_records_removed: 0, released_records_covered: 0 } })) after=Some(Applied(Published { reuse: RecordReuse { rewritten_from_released: 0, rewritten_with_changed_span: 0, released_records_removed: 0, released_records_covered: 0 } }))
R3OPUS-DRYRUN quarantined=false same=true publishes_planned=2 publishes_taken=2 differing=[] planned=[[50304, 50306, 50307, 50308, 50309, 50310, 50311, 50312, 50313], [50314, 50315, 50316, 50317, 50318, 50319, 50320, 50321]] taken=[[50304, 50306, 50307, 50308, 50309, 50310, 50311, 50312, 50313], [50314, 50315, 50316, 50317, 50318, 50319, 50320, 50321]]
R3OPUS-RELEASED [[50176, 50245, 50246, 50247, 50248, 50249, 50250, 50251, 50252], [50306, 50307, 50308, 50309, 50310, 50311, 50312, 50313]]
R3OPUS-DRYRUN quarantined=false same=true publishes_planned=2 publishes_taken=2 differing=[] planned=[[50432, 50434, 50435, 50436, 50437, 50438, 50439, 50440, 50441, 50442, 50443], [50444, 50445, 50446, 50447, 50448, 50449, 50450, 50451]] taken=[[50432, 50434, 50435, 50436, 50437, 50438, 50439, 50440, 50441, 50442, 50443], [50444, 50445, 50446, 50447, 50448, 50449, 50450, 50451]]
R3OPUS-RELEASED [[50304, 50367, 50368, 50369, 50370, 50371, 50372, 50373, 50374, 50375, 50376], [50435, 50437, 50438, 50439, 50440, 50441, 50442, 50443]]
R3OPUS-FROZEN width=FourGibibytes n0=3 fault=write k=40 fired=0 ending=Completed failing_step=Some(Applied(Published { reuse: RecordReuse { rewritten_from_released: 0, rewritten_with_changed_span: 0, released_records_removed: 0, released_records_covered: 0 } })) mount=Some(Applied(Mounted { instance: InstanceGeneration(3), publishes: 2, allocation_records_compared: Compared { publishes: 2 }, reuse: RecordReuse { rewritten_from_released: 0, rewritten_with_changed_span: 0, released_records_removed: 0, released_records_covered: 0 } })) after=Some(Applied(Published { reuse: RecordReuse { rewritten_from_released: 0, rewritten_with_changed_span: 0, released_records_removed: 0, released_records_covered: 0 } }))
test z16_mount_after_a_frozen_publish ... ok

test result: ok. 1 passed; 0 failed; 0 ignored; 0 measured; 4 filtered out; finished in 7.28s

