
running 1 test
R3OPUS-DRYRUN quarantined=false same=true publishes_planned=2 publishes_taken=2 differing=[] planned=[[50304, 50306, 50307, 50308, 50309, 50310, 50311], [50312, 50313, 50314, 50315, 50316, 50317]] taken=[[50304, 50306, 50307, 50308, 50309, 50310, 50311], [50312, 50313, 50314, 50315, 50316, 50317]]
R3OPUS-RELEASED [[50176, 50245, 50246, 50247, 50248, 50249, 50250], [50306, 50307, 50308, 50309, 50310, 50311]]
R3OPUS-DRYRUN quarantined=false same=true publishes_planned=2 publishes_taken=2 differing=[] planned=[[50368, 50370, 50371, 50372, 50373, 50374, 50375, 50376, 50377], [50378, 50379, 50380, 50381, 50382, 50383]] taken=[[50368, 50370, 50371, 50372, 50373, 50374, 50375, 50376, 50377], [50378, 50379, 50380, 50381, 50382, 50383]]
R3OPUS-RELEASED [[50304, 50343, 50344, 50345, 50346, 50347, 50348, 50349, 50350], [50371, 50373, 50374, 50375, 50376, 50377]]
R3OPUS-DRYRUN quarantined=false same=true publishes_planned=2 publishes_taken=2 differing=[] planned=[[50368, 50370, 50371, 50372, 50373, 50374, 50375, 50376, 50377], [50378, 50379, 50380, 50381, 50382, 50383]] taken=[[50368, 50370, 50371, 50372, 50373, 50374, 50375, 50376, 50377], [50378, 50379, 50380, 50381, 50382, 50383]]
R3OPUS-RELEASED [[50304, 50343, 50344, 50345, 50346, 50347, 50348, 50349, 50350], [50371, 50373, 50374, 50375, 50376, 50377]]
R3OPUS-DRYRUN quarantined=false same=true publishes_planned=3 publishes_taken=3 differing=[] planned=[[50432, 50434, 50435, 50436, 50437, 50438, 50439], [50440, 50441, 50442, 50443, 50444, 50445], [50446, 50447, 50448, 50449, 50450, 50451]] taken=[[50432, 50434, 50435, 50436, 50437, 50438, 50439], [50440, 50441, 50442, 50443, 50444, 50445], [50446, 50447, 50448, 50449, 50450, 50451]]
R3OPUS-RELEASED [[50368, 50378, 50379, 50380, 50381, 50382, 50383], [50434, 50435, 50436, 50437, 50438, 50439], [50440, 50441, 50442, 50443, 50444, 50445]]
R3OPUS-FROZEN2 width=UnitAreaOf384Slots fault=write k=1 fired=1 first=BlockDevice(InputOutput(Custom { kind: Other, error: "注入的写错" })) second=PublishFrozenAfterAWriteFailureIsNotResentYet { checkpoint_txg: CheckpointTxg(11), instance: InstanceGeneration(3) } remount=Ok(instance InstanceGeneration(4), publishes 3) after=Some("Ok") checker=[]
R3OPUS-DRYRUN quarantined=false same=true publishes_planned=2 publishes_taken=2 differing=[] planned=[[50368, 50370, 50371, 50372, 50373, 50374, 50375, 50376, 50377], [50378, 50379, 50380, 50381, 50382, 50383]] taken=[[50368, 50370, 50371, 50372, 50373, 50374, 50375, 50376, 50377], [50378, 50379, 50380, 50381, 50382, 50383]]
R3OPUS-RELEASED [[50304, 50343, 50344, 50345, 50346, 50347, 50348, 50349, 50350], [50371, 50373, 50374, 50375, 50376, 50377]]
R3OPUS-DRYRUN quarantined=false same=true publishes_planned=3 publishes_taken=3 differing=[] planned=[[50432, 50434, 50435, 50436, 50437, 50438, 50439], [50440, 50441, 50442, 50443, 50444, 50445], [50446, 50447, 50448, 50449, 50450, 50451]] taken=[[50432, 50434, 50435, 50436, 50437, 50438, 50439], [50440, 50441, 50442, 50443, 50444, 50445], [50446, 50447, 50448, 50449, 50450, 50451]]
R3OPUS-RELEASED [[50368, 50378, 50379, 50380, 50381, 50382, 50383], [50434, 50435, 50436, 50437, 50438, 50439], [50440, 50441, 50442, 50443, 50444, 50445]]
R3OPUS-FROZEN2 width=UnitAreaOf384Slots fault=write k=2 fired=1 first=BlockDevice(InputOutput(Custom { kind: Other, error: "注入的写错" })) second=PublishFrozenAfterAWriteFailureIsNotResentYet { checkpoint_txg: CheckpointTxg(11), instance: InstanceGeneration(3) } remount=Ok(instance InstanceGeneration(4), publishes 3) after=Some("Ok") checker=[]
R3OPUS-DRYRUN quarantined=false same=true publishes_planned=2 publishes_taken=2 differing=[] planned=[[50368, 50370, 50371, 50372, 50373, 50374, 50375, 50376, 50377], [50378, 50379, 50380, 50381, 50382, 50383]] taken=[[50368, 50370, 50371, 50372, 50373, 50374, 50375, 50376, 50377], [50378, 50379, 50380, 50381, 50382, 50383]]
R3OPUS-RELEASED [[50304, 50343, 50344, 50345, 50346, 50347, 50348, 50349, 50350], [50371, 50373, 50374, 50375, 50376, 50377]]
R3OPUS-DRYRUN quarantined=false same=true publishes_planned=3 publishes_taken=3 differing=[] planned=[[50432, 50434, 50435, 50436, 50437, 50438, 50439], [50440, 50441, 50442, 50443, 50444, 50445], [50446, 50447, 50448, 50449, 50450, 50451]] taken=[[50432, 50434, 50435, 50436, 50437, 50438, 50439], [50440, 50441, 50442, 50443, 50444, 50445], [50446, 50447, 50448, 50449, 50450, 50451]]
R3OPUS-RELEASED [[50368, 50378, 50379, 50380, 50381, 50382, 50383], [50434, 50435, 50436, 50437, 50438, 50439], [50440, 50441, 50442, 50443, 50444, 50445]]
R3OPUS-FROZEN2 width=UnitAreaOf384Slots fault=write k=3 fired=1 first=BlockDevice(InputOutput(Custom { kind: Other, error: "注入的写错" })) second=PublishFrozenAfterAWriteFailureIsNotResentYet { checkpoint_txg: CheckpointTxg(11), instance: InstanceGeneration(3) } remount=Ok(instance InstanceGeneration(4), publishes 3) after=Some("Ok") checker=[]
R3OPUS-DRYRUN quarantined=false same=true publishes_planned=2 publishes_taken=2 differing=[] planned=[[50368, 50370, 50371, 50372, 50373, 50374, 50375, 50376, 50377], [50378, 50379, 50380, 50381, 50382, 50383]] taken=[[50368, 50370, 50371, 50372, 50373, 50374, 50375, 50376, 50377], [50378, 50379, 50380, 50381, 50382, 50383]]
R3OPUS-RELEASED [[50304, 50343, 50344, 50345, 50346, 50347, 50348, 50349, 50350], [50371, 50373, 50374, 50375, 50376, 50377]]
R3OPUS-DRYRUN quarantined=false same=true publishes_planned=3 publishes_taken=3 differing=[] planned=[[50432, 50434, 50435, 50436, 50437, 50438, 50439], [50440, 50441, 50442, 50443, 50444, 50445], [50446, 50447, 50448, 50449, 50450, 50451]] taken=[[50432, 50434, 50435, 50436, 50437, 50438, 50439], [50440, 50441, 50442, 50443, 50444, 50445], [50446, 50447, 50448, 50449, 50450, 50451]]
R3OPUS-RELEASED [[50368, 50378, 50379, 50380, 50381, 50382, 50383], [50434, 50435, 50436, 50437, 50438, 50439], [50440, 50441, 50442, 50443, 50444, 50445]]
R3OPUS-FROZEN2 width=UnitAreaOf384Slots fault=write k=4 fired=1 first=BlockDevice(InputOutput(Custom { kind: Other, error: "注入的写错" })) second=PublishFrozenAfterAWriteFailureIsNotResentYet { checkpoint_txg: CheckpointTxg(11), instance: InstanceGeneration(3) } remount=Ok(instance InstanceGeneration(4), publishes 3) after=Some("Ok") checker=[]
R3OPUS-DRYRUN quarantined=false same=true publishes_planned=2 publishes_taken=2 differing=[] planned=[[50368, 50370, 50371, 50372, 50373, 50374, 50375, 50376, 50377], [50378, 50379, 50380, 50381, 50382, 50383]] taken=[[50368, 50370, 50371, 50372, 50373, 50374, 50375, 50376, 50377], [50378, 50379, 50380, 50381, 50382, 50383]]
R3OPUS-RELEASED [[50304, 50343, 50344, 50345, 50346, 50347, 50348, 50349, 50350], [50371, 50373, 50374, 50375, 50376, 50377]]
R3OPUS-DRYRUN quarantined=false same=true publishes_planned=3 publishes_taken=3 differing=[] planned=[[50432, 50434, 50435, 50436, 50437, 50438, 50439], [50440, 50441, 50442, 50443, 50444, 50445], [50446, 50447, 50448, 50449, 50450, 50451]] taken=[[50432, 50434, 50435, 50436, 50437, 50438, 50439], [50440, 50441, 50442, 50443, 50444, 50445], [50446, 50447, 50448, 50449, 50450, 50451]]
R3OPUS-RELEASED [[50368, 50378, 50379, 50380, 50381, 50382, 50383], [50434, 50435, 50436, 50437, 50438, 50439], [50440, 50441, 50442, 50443, 50444, 50445]]
R3OPUS-FROZEN2 width=UnitAreaOf384Slots fault=write k=5 fired=1 first=BlockDevice(InputOutput(Custom { kind: Other, error: "注入的写错" })) second=PublishFrozenAfterAWriteFailureIsNotResentYet { checkpoint_txg: CheckpointTxg(11), instance: InstanceGeneration(3) } remount=Ok(instance InstanceGeneration(4), publishes 3) after=Some("Ok") checker=[]
R3OPUS-DRYRUN quarantined=false same=true publishes_planned=2 publishes_taken=2 differing=[] planned=[[50368, 50370, 50371, 50372, 50373, 50374, 50375, 50376, 50377], [50378, 50379, 50380, 50381, 50382, 50383]] taken=[[50368, 50370, 50371, 50372, 50373, 50374, 50375, 50376, 50377], [50378, 50379, 50380, 50381, 50382, 50383]]
R3OPUS-RELEASED [[50304, 50343, 50344, 50345, 50346, 50347, 50348, 50349, 50350], [50371, 50373, 50374, 50375, 50376, 50377]]
R3OPUS-DRYRUN quarantined=false same=true publishes_planned=3 publishes_taken=3 differing=[] planned=[[50432, 50434, 50435, 50436, 50437, 50438, 50439], [50440, 50441, 50442, 50443, 50444, 50445], [50446, 50447, 50448, 50449, 50450, 50451]] taken=[[50432, 50434, 50435, 50436, 50437, 50438, 50439], [50440, 50441, 50442, 50443, 50444, 50445], [50446, 50447, 50448, 50449, 50450, 50451]]
R3OPUS-RELEASED [[50368, 50378, 50379, 50380, 50381, 50382, 50383], [50434, 50435, 50436, 50437, 50438, 50439], [50440, 50441, 50442, 50443, 50444, 50445]]
R3OPUS-FROZEN2 width=UnitAreaOf384Slots fault=write k=6 fired=1 first=BlockDevice(InputOutput(Custom { kind: Other, error: "注入的写错" })) second=PublishFrozenAfterAWriteFailureIsNotResentYet { checkpoint_txg: CheckpointTxg(11), instance: InstanceGeneration(3) } remount=Ok(instance InstanceGeneration(4), publishes 3) after=Some("Ok") checker=[]
R3OPUS-DRYRUN quarantined=false same=true publishes_planned=2 publishes_taken=2 differing=[] planned=[[50368, 50370, 50371, 50372, 50373, 50374, 50375, 50376, 50377], [50378, 50379, 50380, 50381, 50382, 50383]] taken=[[50368, 50370, 50371, 50372, 50373, 50374, 50375, 50376, 50377], [50378, 50379, 50380, 50381, 50382, 50383]]
R3OPUS-RELEASED [[50304, 50343, 50344, 50345, 50346, 50347, 50348, 50349, 50350], [50371, 50373, 50374, 50375, 50376, 50377]]
R3OPUS-DRYRUN quarantined=false same=true publishes_planned=3 publishes_taken=3 differing=[] planned=[[50432, 50434, 50435, 50436, 50437, 50438, 50439], [50440, 50441, 50442, 50443, 50444, 50445], [50446, 50447, 50448, 50449, 50450, 50451]] taken=[[50432, 50434, 50435, 50436, 50437, 50438, 50439], [50440, 50441, 50442, 50443, 50444, 50445], [50446, 50447, 50448, 50449, 50450, 50451]]
R3OPUS-RELEASED [[50368, 50378, 50379, 50380, 50381, 50382, 50383], [50434, 50435, 50436, 50437, 50438, 50439], [50440, 50441, 50442, 50443, 50444, 50445]]
R3OPUS-FROZEN2 width=UnitAreaOf384Slots fault=write k=7 fired=1 first=BlockDevice(InputOutput(Custom { kind: Other, error: "注入的写错" })) second=PublishFrozenAfterAWriteFailureIsNotResentYet { checkpoint_txg: CheckpointTxg(11), instance: InstanceGeneration(3) } remount=Ok(instance InstanceGeneration(4), publishes 3) after=Some("Ok") checker=[]
R3OPUS-DRYRUN quarantined=false same=true publishes_planned=2 publishes_taken=2 differing=[] planned=[[50368, 50370, 50371, 50372, 50373, 50374, 50375, 50376, 50377], [50378, 50379, 50380, 50381, 50382, 50383]] taken=[[50368, 50370, 50371, 50372, 50373, 50374, 50375, 50376, 50377], [50378, 50379, 50380, 50381, 50382, 50383]]
R3OPUS-RELEASED [[50304, 50343, 50344, 50345, 50346, 50347, 50348, 50349, 50350], [50371, 50373, 50374, 50375, 50376, 50377]]
R3OPUS-DRYRUN quarantined=false same=true publishes_planned=3 publishes_taken=3 differing=[] planned=[[50432, 50434, 50435, 50436, 50437, 50438, 50439], [50440, 50441, 50442, 50443, 50444, 50445], [50446, 50447, 50448, 50449, 50450, 50451]] taken=[[50432, 50434, 50435, 50436, 50437, 50438, 50439], [50440, 50441, 50442, 50443, 50444, 50445], [50446, 50447, 50448, 50449, 50450, 50451]]
R3OPUS-RELEASED [[50368, 50378, 50379, 50380, 50381, 50382, 50383], [50434, 50435, 50436, 50437, 50438, 50439], [50440, 50441, 50442, 50443, 50444, 50445]]
R3OPUS-FROZEN2 width=UnitAreaOf384Slots fault=write k=8 fired=1 first=BlockDevice(InputOutput(Custom { kind: Other, error: "注入的写错" })) second=PublishFrozenAfterAWriteFailureIsNotResentYet { checkpoint_txg: CheckpointTxg(11), instance: InstanceGeneration(3) } remount=Ok(instance InstanceGeneration(4), publishes 3) after=Some("Ok") checker=[]
R3OPUS-DRYRUN quarantined=false same=true publishes_planned=2 publishes_taken=2 differing=[] planned=[[50368, 50370, 50371, 50372, 50373, 50374, 50375, 50376, 50377], [50378, 50379, 50380, 50381, 50382, 50383]] taken=[[50368, 50370, 50371, 50372, 50373, 50374, 50375, 50376, 50377], [50378, 50379, 50380, 50381, 50382, 50383]]
R3OPUS-RELEASED [[50304, 50343, 50344, 50345, 50346, 50347, 50348, 50349, 50350], [50371, 50373, 50374, 50375, 50376, 50377]]
R3OPUS-DRYRUN quarantined=false same=true publishes_planned=3 publishes_taken=3 differing=[] planned=[[50432, 50434, 50435, 50436, 50437, 50438, 50439], [50440, 50441, 50442, 50443, 50444, 50445], [50446, 50447, 50448, 50449, 50450, 50451]] taken=[[50432, 50434, 50435, 50436, 50437, 50438, 50439], [50440, 50441, 50442, 50443, 50444, 50445], [50446, 50447, 50448, 50449, 50450, 50451]]
R3OPUS-RELEASED [[50368, 50378, 50379, 50380, 50381, 50382, 50383], [50434, 50435, 50436, 50437, 50438, 50439], [50440, 50441, 50442, 50443, 50444, 50445]]
R3OPUS-FROZEN2 width=UnitAreaOf384Slots fault=write k=9 fired=1 first=BlockDevice(InputOutput(Custom { kind: Other, error: "注入的写错" })) second=PublishFrozenAfterAWriteFailureIsNotResentYet { checkpoint_txg: CheckpointTxg(11), instance: InstanceGeneration(3) } remount=Ok(instance InstanceGeneration(4), publishes 3) after=Some("Ok") checker=[]
R3OPUS-DRYRUN quarantined=false same=true publishes_planned=2 publishes_taken=2 differing=[] planned=[[50368, 50370, 50371, 50372, 50373, 50374, 50375, 50376, 50377], [50378, 50379, 50380, 50381, 50382, 50383]] taken=[[50368, 50370, 50371, 50372, 50373, 50374, 50375, 50376, 50377], [50378, 50379, 50380, 50381, 50382, 50383]]
R3OPUS-RELEASED [[50304, 50343, 50344, 50345, 50346, 50347, 50348, 50349, 50350], [50371, 50373, 50374, 50375, 50376, 50377]]
R3OPUS-DRYRUN quarantined=false same=true publishes_planned=3 publishes_taken=3 differing=[] planned=[[50432, 50434, 50435, 50436, 50437, 50438, 50439], [50440, 50441, 50442, 50443, 50444, 50445], [50446, 50447, 50448, 50449, 50450, 50451]] taken=[[50432, 50434, 50435, 50436, 50437, 50438, 50439], [50440, 50441, 50442, 50443, 50444, 50445], [50446, 50447, 50448, 50449, 50450, 50451]]
R3OPUS-RELEASED [[50368, 50378, 50379, 50380, 50381, 50382, 50383], [50434, 50435, 50436, 50437, 50438, 50439], [50440, 50441, 50442, 50443, 50444, 50445]]
R3OPUS-FROZEN2 width=UnitAreaOf384Slots fault=write k=10 fired=1 first=BlockDevice(InputOutput(Custom { kind: Other, error: "注入的写错" })) second=PublishFrozenAfterAWriteFailureIsNotResentYet { checkpoint_txg: CheckpointTxg(11), instance: InstanceGeneration(3) } remount=Ok(instance InstanceGeneration(4), publishes 3) after=Some("Ok") checker=[]
R3OPUS-DRYRUN quarantined=false same=true publishes_planned=2 publishes_taken=2 differing=[] planned=[[50368, 50370, 50371, 50372, 50373, 50374, 50375, 50376, 50377], [50378, 50379, 50380, 50381, 50382, 50383]] taken=[[50368, 50370, 50371, 50372, 50373, 50374, 50375, 50376, 50377], [50378, 50379, 50380, 50381, 50382, 50383]]
R3OPUS-RELEASED [[50304, 50343, 50344, 50345, 50346, 50347, 50348, 50349, 50350], [50371, 50373, 50374, 50375, 50376, 50377]]
R3OPUS-DRYRUN quarantined=false same=true publishes_planned=3 publishes_taken=3 differing=[] planned=[[50432, 50434, 50435, 50436, 50437, 50438, 50439], [50440, 50441, 50442, 50443, 50444, 50445], [50446, 50447, 50448, 50449, 50450, 50451]] taken=[[50432, 50434, 50435, 50436, 50437, 50438, 50439], [50440, 50441, 50442, 50443, 50444, 50445], [50446, 50447, 50448, 50449, 50450, 50451]]
R3OPUS-RELEASED [[50368, 50378, 50379, 50380, 50381, 50382, 50383], [50434, 50435, 50436, 50437, 50438, 50439], [50440, 50441, 50442, 50443, 50444, 50445]]
R3OPUS-FROZEN2 width=UnitAreaOf384Slots fault=write k=11 fired=1 first=BlockDevice(InputOutput(Custom { kind: Other, error: "注入的写错" })) second=PublishFrozenAfterAWriteFailureIsNotResentYet { checkpoint_txg: CheckpointTxg(11), instance: InstanceGeneration(3) } remount=Ok(instance InstanceGeneration(4), publishes 3) after=Some("Ok") checker=[]
R3OPUS-DRYRUN quarantined=false same=true publishes_planned=2 publishes_taken=2 differing=[] planned=[[50368, 50370, 50371, 50372, 50373, 50374, 50375, 50376, 50377], [50378, 50379, 50380, 50381, 50382, 50383]] taken=[[50368, 50370, 50371, 50372, 50373, 50374, 50375, 50376, 50377], [50378, 50379, 50380, 50381, 50382, 50383]]
R3OPUS-RELEASED [[50304, 50343, 50344, 50345, 50346, 50347, 50348, 50349, 50350], [50371, 50373, 50374, 50375, 50376, 50377]]
R3OPUS-DRYRUN quarantined=false same=true publishes_planned=3 publishes_taken=3 differing=[] planned=[[50432, 50434, 50435, 50436, 50437, 50438, 50439], [50440, 50441, 50442, 50443, 50444, 50445], [50446, 50447, 50448, 50449, 50450, 50451]] taken=[[50432, 50434, 50435, 50436, 50437, 50438, 50439], [50440, 50441, 50442, 50443, 50444, 50445], [50446, 50447, 50448, 50449, 50450, 50451]]
R3OPUS-RELEASED [[50368, 50378, 50379, 50380, 50381, 50382, 50383], [50434, 50435, 50436, 50437, 50438, 50439], [50440, 50441, 50442, 50443, 50444, 50445]]
R3OPUS-FROZEN2 width=UnitAreaOf384Slots fault=write k=12 fired=1 first=BlockDevice(InputOutput(Custom { kind: Other, error: "注入的写错" })) second=PublishFrozenAfterAWriteFailureIsNotResentYet { checkpoint_txg: CheckpointTxg(11), instance: InstanceGeneration(3) } remount=Ok(instance InstanceGeneration(4), publishes 3) after=Some("Ok") checker=[]
R3OPUS-DRYRUN quarantined=false same=true publishes_planned=2 publishes_taken=2 differing=[] planned=[[50368, 50370, 50371, 50372, 50373, 50374, 50375, 50376, 50377], [50378, 50379, 50380, 50381, 50382, 50383]] taken=[[50368, 50370, 50371, 50372, 50373, 50374, 50375, 50376, 50377], [50378, 50379, 50380, 50381, 50382, 50383]]
R3OPUS-RELEASED [[50304, 50343, 50344, 50345, 50346, 50347, 50348, 50349, 50350], [50371, 50373, 50374, 50375, 50376, 50377]]
R3OPUS-DRYRUN quarantined=false same=true publishes_planned=3 publishes_taken=3 differing=[] planned=[[50432, 50434, 50435, 50436, 50437, 50438, 50439], [50440, 50441, 50442, 50443, 50444, 50445], [50446, 50447, 50448, 50449, 50450, 50451]] taken=[[50432, 50434, 50435, 50436, 50437, 50438, 50439], [50440, 50441, 50442, 50443, 50444, 50445], [50446, 50447, 50448, 50449, 50450, 50451]]
R3OPUS-RELEASED [[50368, 50378, 50379, 50380, 50381, 50382, 50383], [50434, 50435, 50436, 50437, 50438, 50439], [50440, 50441, 50442, 50443, 50444, 50445]]
R3OPUS-FROZEN2 width=UnitAreaOf384Slots fault=write k=13 fired=1 first=BlockDevice(InputOutput(Custom { kind: Other, error: "注入的写错" })) second=PublishFrozenAfterAWriteFailureIsNotResentYet { checkpoint_txg: CheckpointTxg(11), instance: InstanceGeneration(3) } remount=Ok(instance InstanceGeneration(4), publishes 3) after=Some("Ok") checker=[]
R3OPUS-DRYRUN quarantined=false same=true publishes_planned=2 publishes_taken=2 differing=[] planned=[[50368, 50370, 50371, 50372, 50373, 50374, 50375, 50376, 50377], [50378, 50379, 50380, 50381, 50382, 50383]] taken=[[50368, 50370, 50371, 50372, 50373, 50374, 50375, 50376, 50377], [50378, 50379, 50380, 50381, 50382, 50383]]
R3OPUS-RELEASED [[50304, 50343, 50344, 50345, 50346, 50347, 50348, 50349, 50350], [50371, 50373, 50374, 50375, 50376, 50377]]
R3OPUS-DRYRUN quarantined=false same=true publishes_planned=3 publishes_taken=3 differing=[] planned=[[50432, 50434, 50435, 50436, 50437, 50438, 50439], [50440, 50441, 50442, 50443, 50444, 50445], [50446, 50447, 50448, 50449, 50450, 50451]] taken=[[50432, 50434, 50435, 50436, 50437, 50438, 50439], [50440, 50441, 50442, 50443, 50444, 50445], [50446, 50447, 50448, 50449, 50450, 50451]]
R3OPUS-RELEASED [[50368, 50378, 50379, 50380, 50381, 50382, 50383], [50434, 50435, 50436, 50437, 50438, 50439], [50440, 50441, 50442, 50443, 50444, 50445]]
R3OPUS-FROZEN2 width=UnitAreaOf384Slots fault=write k=14 fired=1 first=BlockDevice(InputOutput(Custom { kind: Other, error: "注入的写错" })) second=PublishFrozenAfterAWriteFailureIsNotResentYet { checkpoint_txg: CheckpointTxg(11), instance: InstanceGeneration(3) } remount=Ok(instance InstanceGeneration(4), publishes 3) after=Some("Ok") checker=[]
R3OPUS-DRYRUN quarantined=false same=true publishes_planned=2 publishes_taken=2 differing=[] planned=[[50368, 50370, 50371, 50372, 50373, 50374, 50375, 50376, 50377], [50378, 50379, 50380, 50381, 50382, 50383]] taken=[[50368, 50370, 50371, 50372, 50373, 50374, 50375, 50376, 50377], [50378, 50379, 50380, 50381, 50382, 50383]]
R3OPUS-RELEASED [[50304, 50343, 50344, 50345, 50346, 50347, 50348, 50349, 50350], [50371, 50373, 50374, 50375, 50376, 50377]]
R3OPUS-DRYRUN quarantined=false same=true publishes_planned=3 publishes_taken=3 differing=[] planned=[[50432, 50434, 50435, 50436, 50437, 50438, 50439], [50440, 50441, 50442, 50443, 50444, 50445], [50446, 50447, 50448, 50449, 50450, 50451]] taken=[[50432, 50434, 50435, 50436, 50437, 50438, 50439], [50440, 50441, 50442, 50443, 50444, 50445], [50446, 50447, 50448, 50449, 50450, 50451]]
R3OPUS-RELEASED [[50368, 50378, 50379, 50380, 50381, 50382, 50383], [50434, 50435, 50436, 50437, 50438, 50439], [50440, 50441, 50442, 50443, 50444, 50445]]
R3OPUS-FROZEN2 width=UnitAreaOf384Slots fault=write k=15 fired=1 first=BlockDevice(InputOutput(Custom { kind: Other, error: "注入的写错" })) second=PublishFrozenAfterAWriteFailureIsNotResentYet { checkpoint_txg: CheckpointTxg(11), instance: InstanceGeneration(3) } remount=Ok(instance InstanceGeneration(4), publishes 3) after=Some("Ok") checker=[]
R3OPUS-DRYRUN quarantined=false same=true publishes_planned=2 publishes_taken=2 differing=[] planned=[[50368, 50370, 50371, 50372, 50373, 50374, 50375, 50376, 50377], [50378, 50379, 50380, 50381, 50382, 50383]] taken=[[50368, 50370, 50371, 50372, 50373, 50374, 50375, 50376, 50377], [50378, 50379, 50380, 50381, 50382, 50383]]
R3OPUS-RELEASED [[50304, 50343, 50344, 50345, 50346, 50347, 50348, 50349, 50350], [50371, 50373, 50374, 50375, 50376, 50377]]
R3OPUS-DRYRUN quarantined=false same=true publishes_planned=3 publishes_taken=3 differing=[] planned=[[50432, 50434, 50435, 50436, 50437, 50438, 50439], [50440, 50441, 50442, 50443, 50444, 50445], [50446, 50447, 50448, 50449, 50450, 50451]] taken=[[50432, 50434, 50435, 50436, 50437, 50438, 50439], [50440, 50441, 50442, 50443, 50444, 50445], [50446, 50447, 50448, 50449, 50450, 50451]]
R3OPUS-RELEASED [[50368, 50378, 50379, 50380, 50381, 50382, 50383], [50434, 50435, 50436, 50437, 50438, 50439], [50440, 50441, 50442, 50443, 50444, 50445]]
R3OPUS-FROZEN2 width=UnitAreaOf384Slots fault=write k=16 fired=1 first=BlockDevice(InputOutput(Custom { kind: Other, error: "注入的写错" })) second=PublishFrozenAfterAWriteFailureIsNotResentYet { checkpoint_txg: CheckpointTxg(11), instance: InstanceGeneration(3) } remount=Ok(instance InstanceGeneration(4), publishes 3) after=Some("Ok") checker=[]
R3OPUS-DRYRUN quarantined=false same=true publishes_planned=2 publishes_taken=2 differing=[] planned=[[50368, 50370, 50371, 50372, 50373, 50374, 50375, 50376, 50377], [50378, 50379, 50380, 50381, 50382, 50383]] taken=[[50368, 50370, 50371, 50372, 50373, 50374, 50375, 50376, 50377], [50378, 50379, 50380, 50381, 50382, 50383]]
R3OPUS-RELEASED [[50304, 50343, 50344, 50345, 50346, 50347, 50348, 50349, 50350], [50371, 50373, 50374, 50375, 50376, 50377]]
R3OPUS-DRYRUN quarantined=false same=true publishes_planned=3 publishes_taken=3 differing=[] planned=[[50432, 50434, 50435, 50436, 50437, 50438, 50439], [50440, 50441, 50442, 50443, 50444, 50445], [50446, 50447, 50448, 50449, 50450, 50451]] taken=[[50432, 50434, 50435, 50436, 50437, 50438, 50439], [50440, 50441, 50442, 50443, 50444, 50445], [50446, 50447, 50448, 50449, 50450, 50451]]
R3OPUS-RELEASED [[50368, 50378, 50379, 50380, 50381, 50382, 50383], [50434, 50435, 50436, 50437, 50438, 50439], [50440, 50441, 50442, 50443, 50444, 50445]]
R3OPUS-FROZEN2 width=UnitAreaOf384Slots fault=write k=17 fired=1 first=BlockDevice(InputOutput(Custom { kind: Other, error: "注入的写错" })) second=PublishFrozenAfterAWriteFailureIsNotResentYet { checkpoint_txg: CheckpointTxg(11), instance: InstanceGeneration(3) } remount=Ok(instance InstanceGeneration(4), publishes 3) after=Some("Ok") checker=[]
R3OPUS-DRYRUN quarantined=false same=true publishes_planned=2 publishes_taken=2 differing=[] planned=[[50368, 50370, 50371, 50372, 50373, 50374, 50375, 50376, 50377], [50378, 50379, 50380, 50381, 50382, 50383]] taken=[[50368, 50370, 50371, 50372, 50373, 50374, 50375, 50376, 50377], [50378, 50379, 50380, 50381, 50382, 50383]]
R3OPUS-RELEASED [[50304, 50343, 50344, 50345, 50346, 50347, 50348, 50349, 50350], [50371, 50373, 50374, 50375, 50376, 50377]]
R3OPUS-DRYRUN quarantined=false same=true publishes_planned=3 publishes_taken=3 differing=[] planned=[[50432, 50434, 50435, 50436, 50437, 50438, 50439], [50440, 50441, 50442, 50443, 50444, 50445], [50446, 50447, 50448, 50449, 50450, 50451]] taken=[[50432, 50434, 50435, 50436, 50437, 50438, 50439], [50440, 50441, 50442, 50443, 50444, 50445], [50446, 50447, 50448, 50449, 50450, 50451]]
R3OPUS-RELEASED [[50368, 50378, 50379, 50380, 50381, 50382, 50383], [50434, 50435, 50436, 50437, 50438, 50439], [50440, 50441, 50442, 50443, 50444, 50445]]
R3OPUS-FROZEN2 width=UnitAreaOf384Slots fault=write k=18 fired=1 first=BlockDevice(InputOutput(Custom { kind: Other, error: "注入的写错" })) second=PublishFrozenAfterAWriteFailureIsNotResentYet { checkpoint_txg: CheckpointTxg(11), instance: InstanceGeneration(3) } remount=Ok(instance InstanceGeneration(4), publishes 3) after=Some("Ok") checker=[]
R3OPUS-DRYRUN quarantined=false same=true publishes_planned=2 publishes_taken=2 differing=[] planned=[[50368, 50370, 50371, 50372, 50373, 50374, 50375, 50376, 50377], [50378, 50379, 50380, 50381, 50382, 50383]] taken=[[50368, 50370, 50371, 50372, 50373, 50374, 50375, 50376, 50377], [50378, 50379, 50380, 50381, 50382, 50383]]
R3OPUS-RELEASED [[50304, 50343, 50344, 50345, 50346, 50347, 50348, 50349, 50350], [50371, 50373, 50374, 50375, 50376, 50377]]
R3OPUS-DRYRUN quarantined=false same=true publishes_planned=3 publishes_taken=3 differing=[] planned=[[50432, 50434, 50435, 50436, 50437, 50438, 50439], [50440, 50441, 50442, 50443, 50444, 50445], [50446, 50447, 50448, 50449, 50450, 50451]] taken=[[50432, 50434, 50435, 50436, 50437, 50438, 50439], [50440, 50441, 50442, 50443, 50444, 50445], [50446, 50447, 50448, 50449, 50450, 50451]]
R3OPUS-RELEASED [[50368, 50378, 50379, 50380, 50381, 50382, 50383], [50434, 50435, 50436, 50437, 50438, 50439], [50440, 50441, 50442, 50443, 50444, 50445]]
R3OPUS-FROZEN2 width=UnitAreaOf384Slots fault=write k=19 fired=1 first=BlockDevice(InputOutput(Custom { kind: Other, error: "注入的写错" })) second=PublishFrozenAfterAWriteFailureIsNotResentYet { checkpoint_txg: CheckpointTxg(11), instance: InstanceGeneration(3) } remount=Ok(instance InstanceGeneration(4), publishes 3) after=Some("Ok") checker=[]
R3OPUS-DRYRUN quarantined=false same=true publishes_planned=2 publishes_taken=2 differing=[] planned=[[50368, 50370, 50371, 50372, 50373, 50374, 50375, 50376, 50377], [50378, 50379, 50380, 50381, 50382, 50383]] taken=[[50368, 50370, 50371, 50372, 50373, 50374, 50375, 50376, 50377], [50378, 50379, 50380, 50381, 50382, 50383]]
R3OPUS-RELEASED [[50304, 50343, 50344, 50345, 50346, 50347, 50348, 50349, 50350], [50371, 50373, 50374, 50375, 50376, 50377]]
R3OPUS-DRYRUN quarantined=false same=true publishes_planned=3 publishes_taken=3 differing=[] planned=[[50432, 50434, 50435, 50436, 50437, 50438, 50439], [50440, 50441, 50442, 50443, 50444, 50445], [50446, 50447, 50448, 50449, 50450, 50451]] taken=[[50432, 50434, 50435, 50436, 50437, 50438, 50439], [50440, 50441, 50442, 50443, 50444, 50445], [50446, 50447, 50448, 50449, 50450, 50451]]
R3OPUS-RELEASED [[50368, 50378, 50379, 50380, 50381, 50382, 50383], [50434, 50435, 50436, 50437, 50438, 50439], [50440, 50441, 50442, 50443, 50444, 50445]]
R3OPUS-FROZEN2 width=UnitAreaOf384Slots fault=write k=20 fired=1 first=BlockDevice(InputOutput(Custom { kind: Other, error: "注入的写错" })) second=PublishFrozenAfterAWriteFailureIsNotResentYet { checkpoint_txg: CheckpointTxg(11), instance: InstanceGeneration(3) } remount=Ok(instance InstanceGeneration(4), publishes 3) after=Some("Ok") checker=[]
R3OPUS-DRYRUN quarantined=false same=true publishes_planned=2 publishes_taken=2 differing=[] planned=[[50368, 50370, 50371, 50372, 50373, 50374, 50375, 50376, 50377], [50378, 50379, 50380, 50381, 50382, 50383]] taken=[[50368, 50370, 50371, 50372, 50373, 50374, 50375, 50376, 50377], [50378, 50379, 50380, 50381, 50382, 50383]]
R3OPUS-RELEASED [[50304, 50343, 50344, 50345, 50346, 50347, 50348, 50349, 50350], [50371, 50373, 50374, 50375, 50376, 50377]]
R3OPUS-DRYRUN quarantined=false same=true publishes_planned=3 publishes_taken=3 differing=[] planned=[[50432, 50434, 50435, 50436, 50437, 50438, 50439], [50440, 50441, 50442, 50443, 50444, 50445], [50446, 50447, 50448, 50449, 50450, 50451]] taken=[[50432, 50434, 50435, 50436, 50437, 50438, 50439], [50440, 50441, 50442, 50443, 50444, 50445], [50446, 50447, 50448, 50449, 50450, 50451]]
R3OPUS-RELEASED [[50368, 50378, 50379, 50380, 50381, 50382, 50383], [50434, 50435, 50436, 50437, 50438, 50439], [50440, 50441, 50442, 50443, 50444, 50445]]
R3OPUS-FROZEN2 width=UnitAreaOf384Slots fault=write k=21 fired=1 first=BlockDevice(InputOutput(Custom { kind: Other, error: "注入的写错" })) second=PublishFrozenAfterAWriteFailureIsNotResentYet { checkpoint_txg: CheckpointTxg(11), instance: InstanceGeneration(3) } remount=Ok(instance InstanceGeneration(4), publishes 3) after=Some("Ok") checker=[]
R3OPUS-DRYRUN quarantined=false same=true publishes_planned=2 publishes_taken=2 differing=[] planned=[[50368, 50370, 50371, 50372, 50373, 50374, 50375, 50376, 50377], [50378, 50379, 50380, 50381, 50382, 50383]] taken=[[50368, 50370, 50371, 50372, 50373, 50374, 50375, 50376, 50377], [50378, 50379, 50380, 50381, 50382, 50383]]
R3OPUS-RELEASED [[50304, 50343, 50344, 50345, 50346, 50347, 50348, 50349, 50350], [50371, 50373, 50374, 50375, 50376, 50377]]
R3OPUS-DRYRUN quarantined=false same=true publishes_planned=3 publishes_taken=3 differing=[] planned=[[50432, 50434, 50435, 50436, 50437, 50438, 50439], [50440, 50441, 50442, 50443, 50444, 50445], [50446, 50447, 50448, 50449, 50450, 50451]] taken=[[50432, 50434, 50435, 50436, 50437, 50438, 50439], [50440, 50441, 50442, 50443, 50444, 50445], [50446, 50447, 50448, 50449, 50450, 50451]]
R3OPUS-RELEASED [[50368, 50378, 50379, 50380, 50381, 50382, 50383], [50434, 50435, 50436, 50437, 50438, 50439], [50440, 50441, 50442, 50443, 50444, 50445]]
R3OPUS-FROZEN2 width=UnitAreaOf384Slots fault=write k=22 fired=1 first=BlockDevice(InputOutput(Custom { kind: Other, error: "注入的写错" })) second=PublishFrozenAfterAWriteFailureIsNotResentYet { checkpoint_txg: CheckpointTxg(11), instance: InstanceGeneration(3) } remount=Ok(instance InstanceGeneration(4), publishes 3) after=Some("Ok") checker=[]
R3OPUS-DRYRUN quarantined=false same=true publishes_planned=2 publishes_taken=2 differing=[] planned=[[50368, 50370, 50371, 50372, 50373, 50374, 50375, 50376, 50377], [50378, 50379, 50380, 50381, 50382, 50383]] taken=[[50368, 50370, 50371, 50372, 50373, 50374, 50375, 50376, 50377], [50378, 50379, 50380, 50381, 50382, 50383]]
R3OPUS-RELEASED [[50304, 50343, 50344, 50345, 50346, 50347, 50348, 50349, 50350], [50371, 50373, 50374, 50375, 50376, 50377]]
R3OPUS-DRYRUN quarantined=false same=true publishes_planned=3 publishes_taken=3 differing=[] planned=[[50432, 50434, 50435, 50436, 50437, 50438, 50439], [50440, 50441, 50442, 50443, 50444, 50445], [50446, 50447, 50448, 50449, 50450, 50451]] taken=[[50432, 50434, 50435, 50436, 50437, 50438, 50439], [50440, 50441, 50442, 50443, 50444, 50445], [50446, 50447, 50448, 50449, 50450, 50451]]
R3OPUS-RELEASED [[50368, 50378, 50379, 50380, 50381, 50382, 50383], [50434, 50435, 50436, 50437, 50438, 50439], [50440, 50441, 50442, 50443, 50444, 50445]]
R3OPUS-FROZEN2 width=UnitAreaOf384Slots fault=write k=23 fired=1 first=BlockDevice(InputOutput(Custom { kind: Other, error: "注入的写错" })) second=PublishFrozenAfterAWriteFailureIsNotResentYet { checkpoint_txg: CheckpointTxg(11), instance: InstanceGeneration(3) } remount=Ok(instance InstanceGeneration(4), publishes 3) after=Some("Ok") checker=[]
R3OPUS-DRYRUN quarantined=false same=true publishes_planned=2 publishes_taken=2 differing=[] planned=[[50368, 50370, 50371, 50372, 50373, 50374, 50375, 50376, 50377], [50378, 50379, 50380, 50381, 50382, 50383]] taken=[[50368, 50370, 50371, 50372, 50373, 50374, 50375, 50376, 50377], [50378, 50379, 50380, 50381, 50382, 50383]]
R3OPUS-RELEASED [[50304, 50343, 50344, 50345, 50346, 50347, 50348, 50349, 50350], [50371, 50373, 50374, 50375, 50376, 50377]]
R3OPUS-DRYRUN quarantined=false same=true publishes_planned=3 publishes_taken=3 differing=[] planned=[[50432, 50434, 50435, 50436, 50437, 50438, 50439], [50440, 50441, 50442, 50443, 50444, 50445], [50446, 50447, 50448, 50449, 50450, 50451]] taken=[[50432, 50434, 50435, 50436, 50437, 50438, 50439], [50440, 50441, 50442, 50443, 50444, 50445], [50446, 50447, 50448, 50449, 50450, 50451]]
R3OPUS-RELEASED [[50368, 50378, 50379, 50380, 50381, 50382, 50383], [50434, 50435, 50436, 50437, 50438, 50439], [50440, 50441, 50442, 50443, 50444, 50445]]
R3OPUS-FROZEN2 width=UnitAreaOf384Slots fault=write k=24 fired=1 first=BlockDevice(InputOutput(Custom { kind: Other, error: "注入的写错" })) second=PublishFrozenAfterAWriteFailureIsNotResentYet { checkpoint_txg: CheckpointTxg(11), instance: InstanceGeneration(3) } remount=Ok(instance InstanceGeneration(4), publishes 3) after=Some("Ok") checker=[]
R3OPUS-DRYRUN quarantined=false same=true publishes_planned=2 publishes_taken=2 differing=[] planned=[[50368, 50370, 50371, 50372, 50373, 50374, 50375, 50376, 50377], [50378, 50379, 50380, 50381, 50382, 50383]] taken=[[50368, 50370, 50371, 50372, 50373, 50374, 50375, 50376, 50377], [50378, 50379, 50380, 50381, 50382, 50383]]
R3OPUS-RELEASED [[50304, 50343, 50344, 50345, 50346, 50347, 50348, 50349, 50350], [50371, 50373, 50374, 50375, 50376, 50377]]
R3OPUS-DRYRUN quarantined=false same=true publishes_planned=3 publishes_taken=3 differing=[] planned=[[50432, 50434, 50435, 50436, 50437, 50438, 50439], [50440, 50441, 50442, 50443, 50444, 50445], [50446, 50447, 50448, 50449, 50450, 50451]] taken=[[50432, 50434, 50435, 50436, 50437, 50438, 50439], [50440, 50441, 50442, 50443, 50444, 50445], [50446, 50447, 50448, 50449, 50450, 50451]]
R3OPUS-RELEASED [[50368, 50378, 50379, 50380, 50381, 50382, 50383], [50434, 50435, 50436, 50437, 50438, 50439], [50440, 50441, 50442, 50443, 50444, 50445]]
R3OPUS-FROZEN2 width=UnitAreaOf384Slots fault=write k=25 fired=1 first=BlockDevice(InputOutput(Custom { kind: Other, error: "注入的写错" })) second=PublishFrozenAfterAWriteFailureIsNotResentYet { checkpoint_txg: CheckpointTxg(11), instance: InstanceGeneration(3) } remount=Ok(instance InstanceGeneration(4), publishes 3) after=Some("Ok") checker=[]
R3OPUS-DRYRUN quarantined=false same=true publishes_planned=2 publishes_taken=2 differing=[] planned=[[50368, 50370, 50371, 50372, 50373, 50374, 50375, 50376, 50377], [50378, 50379, 50380, 50381, 50382, 50383]] taken=[[50368, 50370, 50371, 50372, 50373, 50374, 50375, 50376, 50377], [50378, 50379, 50380, 50381, 50382, 50383]]
R3OPUS-RELEASED [[50304, 50343, 50344, 50345, 50346, 50347, 50348, 50349, 50350], [50371, 50373, 50374, 50375, 50376, 50377]]
R3OPUS-DRYRUN quarantined=false same=true publishes_planned=2 publishes_taken=2 differing=[] planned=[[50432, 50434, 50435, 50436, 50437, 50438, 50439], [50440, 50441, 50442, 50443, 50444, 50445]] taken=[[50432, 50434, 50435, 50436, 50437, 50438, 50439], [50440, 50441, 50442, 50443, 50444, 50445]]
R3OPUS-RELEASED [[50368, 50390, 50392, 50393, 50394, 50395, 50396], [50434, 50435, 50436, 50437, 50438, 50439]]
R3OPUS-FROZEN2 width=UnitAreaOf384Slots fault=write k=26 fired=1 first=BlockDevice(InputOutput(Custom { kind: Other, error: "注入的写错" })) second=PublishFrozenAfterAWriteFailureIsNotResentYet { checkpoint_txg: CheckpointTxg(11), instance: InstanceGeneration(3) } remount=Ok(instance InstanceGeneration(4), publishes 2) after=Some("Ok") checker=[]
R3OPUS-DRYRUN quarantined=false same=true publishes_planned=2 publishes_taken=2 differing=[] planned=[[50368, 50370, 50371, 50372, 50373, 50374, 50375, 50376, 50377], [50378, 50379, 50380, 50381, 50382, 50383]] taken=[[50368, 50370, 50371, 50372, 50373, 50374, 50375, 50376, 50377], [50378, 50379, 50380, 50381, 50382, 50383]]
R3OPUS-RELEASED [[50304, 50343, 50344, 50345, 50346, 50347, 50348, 50349, 50350], [50371, 50373, 50374, 50375, 50376, 50377]]
R3OPUS-DRYRUN quarantined=false same=true publishes_planned=2 publishes_taken=2 differing=[] planned=[[50432, 50434, 50435, 50436, 50437, 50438, 50439], [50440, 50441, 50442, 50443, 50444, 50445]] taken=[[50432, 50434, 50435, 50436, 50437, 50438, 50439], [50440, 50441, 50442, 50443, 50444, 50445]]
R3OPUS-RELEASED [[50368, 50390, 50392, 50393, 50394, 50395, 50396], [50434, 50435, 50436, 50437, 50438, 50439]]
R3OPUS-FROZEN2 width=UnitAreaOf384Slots fault=write k=27 fired=1 first=BlockDevice(InputOutput(Custom { kind: Other, error: "注入的写错" })) second=PublishFrozenAfterAWriteFailureIsNotResentYet { checkpoint_txg: CheckpointTxg(11), instance: InstanceGeneration(3) } remount=Ok(instance InstanceGeneration(4), publishes 2) after=Some("Ok") checker=[]
R3OPUS-DRYRUN quarantined=false same=true publishes_planned=2 publishes_taken=2 differing=[] planned=[[50368, 50370, 50371, 50372, 50373, 50374, 50375, 50376, 50377], [50378, 50379, 50380, 50381, 50382, 50383]] taken=[[50368, 50370, 50371, 50372, 50373, 50374, 50375, 50376, 50377], [50378, 50379, 50380, 50381, 50382, 50383]]
R3OPUS-RELEASED [[50304, 50343, 50344, 50345, 50346, 50347, 50348, 50349, 50350], [50371, 50373, 50374, 50375, 50376, 50377]]
R3OPUS-DRYRUN quarantined=false same=true publishes_planned=2 publishes_taken=2 differing=[] planned=[[50432, 50434, 50435, 50436, 50437, 50438, 50439], [50440, 50441, 50442, 50443, 50444, 50445]] taken=[[50432, 50434, 50435, 50436, 50437, 50438, 50439], [50440, 50441, 50442, 50443, 50444, 50445]]
R3OPUS-RELEASED [[50368, 50390, 50392, 50393, 50394, 50395, 50396], [50434, 50435, 50436, 50437, 50438, 50439]]
R3OPUS-FROZEN2 width=UnitAreaOf384Slots fault=write k=28 fired=1 first=BlockDevice(InputOutput(Custom { kind: Other, error: "注入的写错" })) second=PublishFrozenAfterAWriteFailureIsNotResentYet { checkpoint_txg: CheckpointTxg(11), instance: InstanceGeneration(3) } remount=Ok(instance InstanceGeneration(4), publishes 2) after=Some("Ok") checker=[]
R3OPUS-DRYRUN quarantined=false same=true publishes_planned=2 publishes_taken=2 differing=[] planned=[[50368, 50370, 50371, 50372, 50373, 50374, 50375, 50376, 50377], [50378, 50379, 50380, 50381, 50382, 50383]] taken=[[50368, 50370, 50371, 50372, 50373, 50374, 50375, 50376, 50377], [50378, 50379, 50380, 50381, 50382, 50383]]
R3OPUS-RELEASED [[50304, 50343, 50344, 50345, 50346, 50347, 50348, 50349, 50350], [50371, 50373, 50374, 50375, 50376, 50377]]
R3OPUS-DRYRUN quarantined=false same=true publishes_planned=2 publishes_taken=2 differing=[] planned=[[50432, 50434, 50435, 50436, 50437, 50438, 50439], [50440, 50441, 50442, 50443, 50444, 50445]] taken=[[50432, 50434, 50435, 50436, 50437, 50438, 50439], [50440, 50441, 50442, 50443, 50444, 50445]]
R3OPUS-RELEASED [[50368, 50390, 50392, 50393, 50394, 50395, 50396], [50434, 50435, 50436, 50437, 50438, 50439]]
R3OPUS-FROZEN2 width=UnitAreaOf384Slots fault=write k=29 fired=1 first=BlockDevice(InputOutput(Custom { kind: Other, error: "注入的写错" })) second=PublishFrozenAfterAWriteFailureIsNotResentYet { checkpoint_txg: CheckpointTxg(11), instance: InstanceGeneration(3) } remount=Ok(instance InstanceGeneration(4), publishes 2) after=Some("Ok") checker=[]
R3OPUS-DRYRUN quarantined=false same=true publishes_planned=2 publishes_taken=2 differing=[] planned=[[50368, 50370, 50371, 50372, 50373, 50374, 50375, 50376, 50377], [50378, 50379, 50380, 50381, 50382, 50383]] taken=[[50368, 50370, 50371, 50372, 50373, 50374, 50375, 50376, 50377], [50378, 50379, 50380, 50381, 50382, 50383]]
R3OPUS-RELEASED [[50304, 50343, 50344, 50345, 50346, 50347, 50348, 50349, 50350], [50371, 50373, 50374, 50375, 50376, 50377]]
R3OPUS-DRYRUN quarantined=false same=true publishes_planned=2 publishes_taken=2 differing=[] planned=[[50432, 50434, 50435, 50436, 50437, 50438, 50439], [50440, 50441, 50442, 50443, 50444, 50445]] taken=[[50432, 50434, 50435, 50436, 50437, 50438, 50439], [50440, 50441, 50442, 50443, 50444, 50445]]
R3OPUS-RELEASED [[50368, 50390, 50392, 50393, 50394, 50395, 50396], [50434, 50435, 50436, 50437, 50438, 50439]]
R3OPUS-FROZEN2 width=UnitAreaOf384Slots fault=write k=30 fired=0 first=Ok second=ReleaseTargetAlreadyReleased { unit: Data(DataUnitIndexInFile(0)), device: DeviceIdentity(0), slot: SlotNumber(50186) } remount=Ok(instance InstanceGeneration(4), publishes 2) after=Some("Ok") checker=[]
R3OPUS-DRYRUN quarantined=false same=true publishes_planned=2 publishes_taken=2 differing=[] planned=[[50368, 50370, 50371, 50372, 50373, 50374, 50375, 50376, 50377], [50378, 50379, 50380, 50381, 50382, 50383]] taken=[[50368, 50370, 50371, 50372, 50373, 50374, 50375, 50376, 50377], [50378, 50379, 50380, 50381, 50382, 50383]]
R3OPUS-RELEASED [[50304, 50343, 50344, 50345, 50346, 50347, 50348, 50349, 50350], [50371, 50373, 50374, 50375, 50376, 50377]]
R3OPUS-DRYRUN quarantined=false same=true publishes_planned=2 publishes_taken=2 differing=[] planned=[[50432, 50434, 50435, 50436, 50437, 50438, 50439], [50440, 50441, 50442, 50443, 50444, 50445]] taken=[[50432, 50434, 50435, 50436, 50437, 50438, 50439], [50440, 50441, 50442, 50443, 50444, 50445]]
R3OPUS-RELEASED [[50368, 50390, 50392, 50393, 50394, 50395, 50396], [50434, 50435, 50436, 50437, 50438, 50439]]
R3OPUS-FROZEN2 width=UnitAreaOf384Slots fault=write k=31 fired=0 first=Ok second=ReleaseTargetAlreadyReleased { unit: Data(DataUnitIndexInFile(0)), device: DeviceIdentity(0), slot: SlotNumber(50186) } remount=Ok(instance InstanceGeneration(4), publishes 2) after=Some("Ok") checker=[]
R3OPUS-DRYRUN quarantined=false same=true publishes_planned=2 publishes_taken=2 differing=[] planned=[[50368, 50370, 50371, 50372, 50373, 50374, 50375, 50376, 50377], [50378, 50379, 50380, 50381, 50382, 50383]] taken=[[50368, 50370, 50371, 50372, 50373, 50374, 50375, 50376, 50377], [50378, 50379, 50380, 50381, 50382, 50383]]
R3OPUS-RELEASED [[50304, 50343, 50344, 50345, 50346, 50347, 50348, 50349, 50350], [50371, 50373, 50374, 50375, 50376, 50377]]
R3OPUS-DRYRUN quarantined=false same=true publishes_planned=2 publishes_taken=2 differing=[] planned=[[50432, 50434, 50435, 50436, 50437, 50438, 50439], [50440, 50441, 50442, 50443, 50444, 50445]] taken=[[50432, 50434, 50435, 50436, 50437, 50438, 50439], [50440, 50441, 50442, 50443, 50444, 50445]]
R3OPUS-RELEASED [[50368, 50390, 50392, 50393, 50394, 50395, 50396], [50434, 50435, 50436, 50437, 50438, 50439]]
R3OPUS-FROZEN2 width=UnitAreaOf384Slots fault=write k=32 fired=0 first=Ok second=ReleaseTargetAlreadyReleased { unit: Data(DataUnitIndexInFile(0)), device: DeviceIdentity(0), slot: SlotNumber(50186) } remount=Ok(instance InstanceGeneration(4), publishes 2) after=Some("Ok") checker=[]
R3OPUS-DRYRUN quarantined=false same=true publishes_planned=2 publishes_taken=2 differing=[] planned=[[50368, 50370, 50371, 50372, 50373, 50374, 50375, 50376, 50377], [50378, 50379, 50380, 50381, 50382, 50383]] taken=[[50368, 50370, 50371, 50372, 50373, 50374, 50375, 50376, 50377], [50378, 50379, 50380, 50381, 50382, 50383]]
R3OPUS-RELEASED [[50304, 50343, 50344, 50345, 50346, 50347, 50348, 50349, 50350], [50371, 50373, 50374, 50375, 50376, 50377]]
R3OPUS-DRYRUN quarantined=false same=true publishes_planned=2 publishes_taken=2 differing=[] planned=[[50432, 50434, 50435, 50436, 50437, 50438, 50439], [50440, 50441, 50442, 50443, 50444, 50445]] taken=[[50432, 50434, 50435, 50436, 50437, 50438, 50439], [50440, 50441, 50442, 50443, 50444, 50445]]
R3OPUS-RELEASED [[50368, 50390, 50392, 50393, 50394, 50395, 50396], [50434, 50435, 50436, 50437, 50438, 50439]]
R3OPUS-FROZEN2 width=UnitAreaOf384Slots fault=write k=33 fired=0 first=Ok second=ReleaseTargetAlreadyReleased { unit: Data(DataUnitIndexInFile(0)), device: DeviceIdentity(0), slot: SlotNumber(50186) } remount=Ok(instance InstanceGeneration(4), publishes 2) after=Some("Ok") checker=[]
R3OPUS-DRYRUN quarantined=false same=true publishes_planned=2 publishes_taken=2 differing=[] planned=[[50368, 50370, 50371, 50372, 50373, 50374, 50375, 50376, 50377], [50378, 50379, 50380, 50381, 50382, 50383]] taken=[[50368, 50370, 50371, 50372, 50373, 50374, 50375, 50376, 50377], [50378, 50379, 50380, 50381, 50382, 50383]]
R3OPUS-RELEASED [[50304, 50343, 50344, 50345, 50346, 50347, 50348, 50349, 50350], [50371, 50373, 50374, 50375, 50376, 50377]]
R3OPUS-DRYRUN quarantined=false same=true publishes_planned=2 publishes_taken=2 differing=[] planned=[[50432, 50434, 50435, 50436, 50437, 50438, 50439], [50440, 50441, 50442, 50443, 50444, 50445]] taken=[[50432, 50434, 50435, 50436, 50437, 50438, 50439], [50440, 50441, 50442, 50443, 50444, 50445]]
R3OPUS-RELEASED [[50368, 50390, 50392, 50393, 50394, 50395, 50396], [50434, 50435, 50436, 50437, 50438, 50439]]
R3OPUS-FROZEN2 width=UnitAreaOf384Slots fault=write k=34 fired=0 first=Ok second=ReleaseTargetAlreadyReleased { unit: Data(DataUnitIndexInFile(0)), device: DeviceIdentity(0), slot: SlotNumber(50186) } remount=Ok(instance InstanceGeneration(4), publishes 2) after=Some("Ok") checker=[]
R3OPUS-DRYRUN quarantined=false same=true publishes_planned=2 publishes_taken=2 differing=[] planned=[[50368, 50370, 50371, 50372, 50373, 50374, 50375, 50376, 50377], [50378, 50379, 50380, 50381, 50382, 50383]] taken=[[50368, 50370, 50371, 50372, 50373, 50374, 50375, 50376, 50377], [50378, 50379, 50380, 50381, 50382, 50383]]
R3OPUS-RELEASED [[50304, 50343, 50344, 50345, 50346, 50347, 50348, 50349, 50350], [50371, 50373, 50374, 50375, 50376, 50377]]
R3OPUS-DRYRUN quarantined=false same=true publishes_planned=2 publishes_taken=2 differing=[] planned=[[50432, 50434, 50435, 50436, 50437, 50438, 50439], [50440, 50441, 50442, 50443, 50444, 50445]] taken=[[50432, 50434, 50435, 50436, 50437, 50438, 50439], [50440, 50441, 50442, 50443, 50444, 50445]]
R3OPUS-RELEASED [[50368, 50390, 50392, 50393, 50394, 50395, 50396], [50434, 50435, 50436, 50437, 50438, 50439]]
R3OPUS-FROZEN2 width=UnitAreaOf384Slots fault=write k=35 fired=0 first=Ok second=ReleaseTargetAlreadyReleased { unit: Data(DataUnitIndexInFile(0)), device: DeviceIdentity(0), slot: SlotNumber(50186) } remount=Ok(instance InstanceGeneration(4), publishes 2) after=Some("Ok") checker=[]
R3OPUS-DRYRUN quarantined=false same=true publishes_planned=2 publishes_taken=2 differing=[] planned=[[50368, 50370, 50371, 50372, 50373, 50374, 50375, 50376, 50377], [50378, 50379, 50380, 50381, 50382, 50383]] taken=[[50368, 50370, 50371, 50372, 50373, 50374, 50375, 50376, 50377], [50378, 50379, 50380, 50381, 50382, 50383]]
R3OPUS-RELEASED [[50304, 50343, 50344, 50345, 50346, 50347, 50348, 50349, 50350], [50371, 50373, 50374, 50375, 50376, 50377]]
R3OPUS-DRYRUN quarantined=false same=true publishes_planned=2 publishes_taken=2 differing=[] planned=[[50432, 50434, 50435, 50436, 50437, 50438, 50439], [50440, 50441, 50442, 50443, 50444, 50445]] taken=[[50432, 50434, 50435, 50436, 50437, 50438, 50439], [50440, 50441, 50442, 50443, 50444, 50445]]
R3OPUS-RELEASED [[50368, 50390, 50392, 50393, 50394, 50395, 50396], [50434, 50435, 50436, 50437, 50438, 50439]]
R3OPUS-FROZEN2 width=UnitAreaOf384Slots fault=write k=36 fired=0 first=Ok second=ReleaseTargetAlreadyReleased { unit: Data(DataUnitIndexInFile(0)), device: DeviceIdentity(0), slot: SlotNumber(50186) } remount=Ok(instance InstanceGeneration(4), publishes 2) after=Some("Ok") checker=[]
R3OPUS-DRYRUN quarantined=false same=true publishes_planned=2 publishes_taken=2 differing=[] planned=[[50368, 50370, 50371, 50372, 50373, 50374, 50375, 50376, 50377], [50378, 50379, 50380, 50381, 50382, 50383]] taken=[[50368, 50370, 50371, 50372, 50373, 50374, 50375, 50376, 50377], [50378, 50379, 50380, 50381, 50382, 50383]]
R3OPUS-RELEASED [[50304, 50343, 50344, 50345, 50346, 50347, 50348, 50349, 50350], [50371, 50373, 50374, 50375, 50376, 50377]]
R3OPUS-DRYRUN quarantined=false same=true publishes_planned=2 publishes_taken=2 differing=[] planned=[[50432, 50434, 50435, 50436, 50437, 50438, 50439], [50440, 50441, 50442, 50443, 50444, 50445]] taken=[[50432, 50434, 50435, 50436, 50437, 50438, 50439], [50440, 50441, 50442, 50443, 50444, 50445]]
R3OPUS-RELEASED [[50368, 50390, 50392, 50393, 50394, 50395, 50396], [50434, 50435, 50436, 50437, 50438, 50439]]
R3OPUS-FROZEN2 width=UnitAreaOf384Slots fault=write k=37 fired=0 first=Ok second=ReleaseTargetAlreadyReleased { unit: Data(DataUnitIndexInFile(0)), device: DeviceIdentity(0), slot: SlotNumber(50186) } remount=Ok(instance InstanceGeneration(4), publishes 2) after=Some("Ok") checker=[]
R3OPUS-DRYRUN quarantined=false same=true publishes_planned=2 publishes_taken=2 differing=[] planned=[[50368, 50370, 50371, 50372, 50373, 50374, 50375, 50376, 50377], [50378, 50379, 50380, 50381, 50382, 50383]] taken=[[50368, 50370, 50371, 50372, 50373, 50374, 50375, 50376, 50377], [50378, 50379, 50380, 50381, 50382, 50383]]
R3OPUS-RELEASED [[50304, 50343, 50344, 50345, 50346, 50347, 50348, 50349, 50350], [50371, 50373, 50374, 50375, 50376, 50377]]
R3OPUS-DRYRUN quarantined=false same=true publishes_planned=2 publishes_taken=2 differing=[] planned=[[50432, 50434, 50435, 50436, 50437, 50438, 50439], [50440, 50441, 50442, 50443, 50444, 50445]] taken=[[50432, 50434, 50435, 50436, 50437, 50438, 50439], [50440, 50441, 50442, 50443, 50444, 50445]]
R3OPUS-RELEASED [[50368, 50390, 50392, 50393, 50394, 50395, 50396], [50434, 50435, 50436, 50437, 50438, 50439]]
R3OPUS-FROZEN2 width=UnitAreaOf384Slots fault=write k=38 fired=0 first=Ok second=ReleaseTargetAlreadyReleased { unit: Data(DataUnitIndexInFile(0)), device: DeviceIdentity(0), slot: SlotNumber(50186) } remount=Ok(instance InstanceGeneration(4), publishes 2) after=Some("Ok") checker=[]
R3OPUS-DRYRUN quarantined=false same=true publishes_planned=2 publishes_taken=2 differing=[] planned=[[50368, 50370, 50371, 50372, 50373, 50374, 50375, 50376, 50377], [50378, 50379, 50380, 50381, 50382, 50383]] taken=[[50368, 50370, 50371, 50372, 50373, 50374, 50375, 50376, 50377], [50378, 50379, 50380, 50381, 50382, 50383]]
R3OPUS-RELEASED [[50304, 50343, 50344, 50345, 50346, 50347, 50348, 50349, 50350], [50371, 50373, 50374, 50375, 50376, 50377]]
R3OPUS-DRYRUN quarantined=false same=true publishes_planned=2 publishes_taken=2 differing=[] planned=[[50432, 50434, 50435, 50436, 50437, 50438, 50439], [50440, 50441, 50442, 50443, 50444, 50445]] taken=[[50432, 50434, 50435, 50436, 50437, 50438, 50439], [50440, 50441, 50442, 50443, 50444, 50445]]
R3OPUS-RELEASED [[50368, 50390, 50392, 50393, 50394, 50395, 50396], [50434, 50435, 50436, 50437, 50438, 50439]]
R3OPUS-FROZEN2 width=UnitAreaOf384Slots fault=write k=39 fired=0 first=Ok second=ReleaseTargetAlreadyReleased { unit: Data(DataUnitIndexInFile(0)), device: DeviceIdentity(0), slot: SlotNumber(50186) } remount=Ok(instance InstanceGeneration(4), publishes 2) after=Some("Ok") checker=[]
R3OPUS-DRYRUN quarantined=false same=true publishes_planned=2 publishes_taken=2 differing=[] planned=[[50368, 50370, 50371, 50372, 50373, 50374, 50375, 50376, 50377], [50378, 50379, 50380, 50381, 50382, 50383]] taken=[[50368, 50370, 50371, 50372, 50373, 50374, 50375, 50376, 50377], [50378, 50379, 50380, 50381, 50382, 50383]]
R3OPUS-RELEASED [[50304, 50343, 50344, 50345, 50346, 50347, 50348, 50349, 50350], [50371, 50373, 50374, 50375, 50376, 50377]]
R3OPUS-DRYRUN quarantined=false same=true publishes_planned=2 publishes_taken=2 differing=[] planned=[[50432, 50434, 50435, 50436, 50437, 50438, 50439], [50440, 50441, 50442, 50443, 50444, 50445]] taken=[[50432, 50434, 50435, 50436, 50437, 50438, 50439], [50440, 50441, 50442, 50443, 50444, 50445]]
R3OPUS-RELEASED [[50368, 50390, 50392, 50393, 50394, 50395, 50396], [50434, 50435, 50436, 50437, 50438, 50439]]
R3OPUS-FROZEN2 width=UnitAreaOf384Slots fault=write k=40 fired=0 first=Ok second=ReleaseTargetAlreadyReleased { unit: Data(DataUnitIndexInFile(0)), device: DeviceIdentity(0), slot: SlotNumber(50186) } remount=Ok(instance InstanceGeneration(4), publishes 2) after=Some("Ok") checker=[]
test z16_mount_after_a_frozen_publish_by_hand ... ok

test result: ok. 1 passed; 0 failed; 0 ignored; 0 measured; 5 filtered out; finished in 2.26s

