
running 1 test
R3OPUS-DRYRUN quarantined=false same=true publishes_planned=2 publishes_taken=2 differing=[] planned=[[50304, 50306, 50307, 50308, 50309, 50310, 50311, 50312, 50313], [50314, 50315, 50316, 50317, 50318, 50319, 50320, 50321]] taken=[[50304, 50306, 50307, 50308, 50309, 50310, 50311, 50312, 50313], [50314, 50315, 50316, 50317, 50318, 50319, 50320, 50321]]
R3OPUS-RELEASED [[50176, 50245, 50246, 50247, 50248, 50249, 50250, 50251, 50252], [50306, 50307, 50308, 50309, 50310, 50311, 50312, 50313]]
R3OPUS-DRYRUN quarantined=false same=true publishes_planned=2 publishes_taken=2 differing=[] planned=[[50368, 50370, 50371, 50372, 50373, 50374, 50375, 50376, 50377, 50378, 50379], [50380, 50381, 50382, 50383, 50384, 50385, 50386, 50387]] taken=[[50368, 50370, 50371, 50372, 50373, 50374, 50375, 50376, 50377, 50378, 50379], [50380, 50381, 50382, 50383, 50384, 50385, 50386, 50387]]
R3OPUS-RELEASED [[50304, 50353, 50354, 50355, 50356, 50357, 50358, 50359, 50360, 50361, 50362], [50371, 50373, 50374, 50375, 50376, 50377, 50378, 50379]]
R3OPUS-DRYRUN quarantined=false same=true publishes_planned=2 publishes_taken=2 differing=[] planned=[[50368, 50370, 50371, 50372, 50373, 50374, 50375, 50376, 50377, 50378, 50379], [50380, 50381, 50382, 50383, 50384, 50385, 50386, 50387]] taken=[[50368, 50370, 50371, 50372, 50373, 50374, 50375, 50376, 50377, 50378, 50379], [50380, 50381, 50382, 50383, 50384, 50385, 50386, 50387]]
R3OPUS-RELEASED [[50304, 50353, 50354, 50355, 50356, 50357, 50358, 50359, 50360, 50361, 50362], [50371, 50373, 50374, 50375, 50376, 50377, 50378, 50379]]
R3OPUS-DRYRUN quarantined=false same=true publishes_planned=3 publishes_taken=3 differing=[] planned=[[50432, 50434, 50435, 50436, 50437, 50438, 50439, 50440, 50441], [50442, 50443, 50444, 50445, 50446, 50447, 50448, 50449], [50450, 50451, 50452, 50453, 50454, 50455, 50456, 50457]] taken=[[50432, 50434, 50435, 50436, 50437, 50438, 50439, 50440, 50441], [50442, 50443, 50444, 50445, 50446, 50447, 50448, 50449], [50450, 50451, 50452, 50453, 50454, 50455, 50456, 50457]]
R3OPUS-RELEASED [[50368, 50380, 50381, 50382, 50383, 50384, 50385, 50386, 50387], [50434, 50435, 50436, 50437, 50438, 50439, 50440, 50441], [50442, 50443, 50444, 50445, 50446, 50447, 50448, 50449]]
R3OPUS-FROZEN2 width=FourGibibytes fault=barrier k=1 fired=1 first=BlockDevice(InputOutput(Custom { kind: Other, error: "注入的屏障错" })) second=PublishFrozenAfterAWriteFailureIsNotResentYet { checkpoint_txg: CheckpointTxg(11), instance: InstanceGeneration(3) } remount=Ok(instance InstanceGeneration(4), publishes 3) after=Some("Ok") checker=[]
R3OPUS-DRYRUN quarantined=false same=true publishes_planned=2 publishes_taken=2 differing=[] planned=[[50368, 50370, 50371, 50372, 50373, 50374, 50375, 50376, 50377, 50378, 50379], [50380, 50381, 50382, 50383, 50384, 50385, 50386, 50387]] taken=[[50368, 50370, 50371, 50372, 50373, 50374, 50375, 50376, 50377, 50378, 50379], [50380, 50381, 50382, 50383, 50384, 50385, 50386, 50387]]
R3OPUS-RELEASED [[50304, 50353, 50354, 50355, 50356, 50357, 50358, 50359, 50360, 50361, 50362], [50371, 50373, 50374, 50375, 50376, 50377, 50378, 50379]]
R3OPUS-DRYRUN quarantined=false same=true publishes_planned=3 publishes_taken=3 differing=[] planned=[[50432, 50434, 50435, 50436, 50437, 50438, 50439, 50440, 50441], [50442, 50443, 50444, 50445, 50446, 50447, 50448, 50449], [50450, 50451, 50452, 50453, 50454, 50455, 50456, 50457]] taken=[[50432, 50434, 50435, 50436, 50437, 50438, 50439, 50440, 50441], [50442, 50443, 50444, 50445, 50446, 50447, 50448, 50449], [50450, 50451, 50452, 50453, 50454, 50455, 50456, 50457]]
R3OPUS-RELEASED [[50368, 50380, 50381, 50382, 50383, 50384, 50385, 50386, 50387], [50434, 50435, 50436, 50437, 50438, 50439, 50440, 50441], [50442, 50443, 50444, 50445, 50446, 50447, 50448, 50449]]
R3OPUS-FROZEN2 width=FourGibibytes fault=barrier k=2 fired=1 first=BlockDevice(InputOutput(Custom { kind: Other, error: "注入的屏障错" })) second=PublishFrozenAfterAWriteFailureIsNotResentYet { checkpoint_txg: CheckpointTxg(11), instance: InstanceGeneration(3) } remount=Ok(instance InstanceGeneration(4), publishes 3) after=Some("Ok") checker=[]
R3OPUS-DRYRUN quarantined=false same=true publishes_planned=2 publishes_taken=2 differing=[] planned=[[50368, 50370, 50371, 50372, 50373, 50374, 50375, 50376, 50377, 50378, 50379], [50380, 50381, 50382, 50383, 50384, 50385, 50386, 50387]] taken=[[50368, 50370, 50371, 50372, 50373, 50374, 50375, 50376, 50377, 50378, 50379], [50380, 50381, 50382, 50383, 50384, 50385, 50386, 50387]]
R3OPUS-RELEASED [[50304, 50353, 50354, 50355, 50356, 50357, 50358, 50359, 50360, 50361, 50362], [50371, 50373, 50374, 50375, 50376, 50377, 50378, 50379]]
R3OPUS-DRYRUN quarantined=false same=true publishes_planned=2 publishes_taken=2 differing=[] planned=[[50432, 50434, 50435, 50436, 50437, 50438, 50439, 50440, 50441], [50442, 50443, 50444, 50445, 50446, 50447, 50448, 50449]] taken=[[50432, 50434, 50435, 50436, 50437, 50438, 50439, 50440, 50441], [50442, 50443, 50444, 50445, 50446, 50447, 50448, 50449]]
R3OPUS-RELEASED [[50368, 50394, 50396, 50397, 50398, 50399, 50400, 50401, 50402], [50434, 50435, 50436, 50437, 50438, 50439, 50440, 50441]]
R3OPUS-FROZEN2 width=FourGibibytes fault=barrier k=3 fired=1 first=BlockDevice(InputOutput(Custom { kind: Other, error: "注入的屏障错" })) second=PublishFrozenAfterAWriteFailureIsNotResentYet { checkpoint_txg: CheckpointTxg(11), instance: InstanceGeneration(3) } remount=Ok(instance InstanceGeneration(4), publishes 2) after=Some("Ok") checker=[]
R3OPUS-DRYRUN quarantined=false same=true publishes_planned=2 publishes_taken=2 differing=[] planned=[[50368, 50370, 50371, 50372, 50373, 50374, 50375, 50376, 50377, 50378, 50379], [50380, 50381, 50382, 50383, 50384, 50385, 50386, 50387]] taken=[[50368, 50370, 50371, 50372, 50373, 50374, 50375, 50376, 50377, 50378, 50379], [50380, 50381, 50382, 50383, 50384, 50385, 50386, 50387]]
R3OPUS-RELEASED [[50304, 50353, 50354, 50355, 50356, 50357, 50358, 50359, 50360, 50361, 50362], [50371, 50373, 50374, 50375, 50376, 50377, 50378, 50379]]
R3OPUS-DRYRUN quarantined=false same=true publishes_planned=2 publishes_taken=2 differing=[] planned=[[50432, 50434, 50435, 50436, 50437, 50438, 50439, 50440, 50441], [50442, 50443, 50444, 50445, 50446, 50447, 50448, 50449]] taken=[[50432, 50434, 50435, 50436, 50437, 50438, 50439, 50440, 50441], [50442, 50443, 50444, 50445, 50446, 50447, 50448, 50449]]
R3OPUS-RELEASED [[50368, 50394, 50396, 50397, 50398, 50399, 50400, 50401, 50402], [50434, 50435, 50436, 50437, 50438, 50439, 50440, 50441]]
R3OPUS-FROZEN2 width=FourGibibytes fault=barrier k=4 fired=1 first=BlockDevice(InputOutput(Custom { kind: Other, error: "注入的屏障错" })) second=PublishFrozenAfterAWriteFailureIsNotResentYet { checkpoint_txg: CheckpointTxg(11), instance: InstanceGeneration(3) } remount=Ok(instance InstanceGeneration(4), publishes 2) after=Some("Ok") checker=[]
R3OPUS-DRYRUN quarantined=false same=true publishes_planned=2 publishes_taken=2 differing=[] planned=[[50368, 50370, 50371, 50372, 50373, 50374, 50375, 50376, 50377, 50378, 50379], [50380, 50381, 50382, 50383, 50384, 50385, 50386, 50387]] taken=[[50368, 50370, 50371, 50372, 50373, 50374, 50375, 50376, 50377, 50378, 50379], [50380, 50381, 50382, 50383, 50384, 50385, 50386, 50387]]
R3OPUS-RELEASED [[50304, 50353, 50354, 50355, 50356, 50357, 50358, 50359, 50360, 50361, 50362], [50371, 50373, 50374, 50375, 50376, 50377, 50378, 50379]]
R3OPUS-DRYRUN quarantined=false same=true publishes_planned=2 publishes_taken=2 differing=[] planned=[[50432, 50434, 50435, 50436, 50437, 50438, 50439, 50440, 50441], [50442, 50443, 50444, 50445, 50446, 50447, 50448, 50449]] taken=[[50432, 50434, 50435, 50436, 50437, 50438, 50439, 50440, 50441], [50442, 50443, 50444, 50445, 50446, 50447, 50448, 50449]]
R3OPUS-RELEASED [[50368, 50394, 50396, 50397, 50398, 50399, 50400, 50401, 50402], [50434, 50435, 50436, 50437, 50438, 50439, 50440, 50441]]
R3OPUS-FROZEN2 width=FourGibibytes fault=barrier k=5 fired=0 first=Ok second=ReleaseTargetAlreadyReleased { unit: Data(DataUnitIndexInFile(0)), device: DeviceIdentity(0), slot: SlotNumber(50186) } remount=Ok(instance InstanceGeneration(4), publishes 2) after=Some("Ok") checker=[]
R3OPUS-DRYRUN quarantined=false same=true publishes_planned=2 publishes_taken=2 differing=[] planned=[[50368, 50370, 50371, 50372, 50373, 50374, 50375, 50376, 50377, 50378, 50379], [50380, 50381, 50382, 50383, 50384, 50385, 50386, 50387]] taken=[[50368, 50370, 50371, 50372, 50373, 50374, 50375, 50376, 50377, 50378, 50379], [50380, 50381, 50382, 50383, 50384, 50385, 50386, 50387]]
R3OPUS-RELEASED [[50304, 50353, 50354, 50355, 50356, 50357, 50358, 50359, 50360, 50361, 50362], [50371, 50373, 50374, 50375, 50376, 50377, 50378, 50379]]
R3OPUS-DRYRUN quarantined=false same=true publishes_planned=2 publishes_taken=2 differing=[] planned=[[50432, 50434, 50435, 50436, 50437, 50438, 50439, 50440, 50441], [50442, 50443, 50444, 50445, 50446, 50447, 50448, 50449]] taken=[[50432, 50434, 50435, 50436, 50437, 50438, 50439, 50440, 50441], [50442, 50443, 50444, 50445, 50446, 50447, 50448, 50449]]
R3OPUS-RELEASED [[50368, 50394, 50396, 50397, 50398, 50399, 50400, 50401, 50402], [50434, 50435, 50436, 50437, 50438, 50439, 50440, 50441]]
R3OPUS-FROZEN2 width=FourGibibytes fault=barrier k=6 fired=0 first=Ok second=ReleaseTargetAlreadyReleased { unit: Data(DataUnitIndexInFile(0)), device: DeviceIdentity(0), slot: SlotNumber(50186) } remount=Ok(instance InstanceGeneration(4), publishes 2) after=Some("Ok") checker=[]
R3OPUS-DRYRUN quarantined=false same=true publishes_planned=2 publishes_taken=2 differing=[] planned=[[50368, 50370, 50371, 50372, 50373, 50374, 50375, 50376, 50377, 50378, 50379], [50380, 50381, 50382, 50383, 50384, 50385, 50386, 50387]] taken=[[50368, 50370, 50371, 50372, 50373, 50374, 50375, 50376, 50377, 50378, 50379], [50380, 50381, 50382, 50383, 50384, 50385, 50386, 50387]]
R3OPUS-RELEASED [[50304, 50353, 50354, 50355, 50356, 50357, 50358, 50359, 50360, 50361, 50362], [50371, 50373, 50374, 50375, 50376, 50377, 50378, 50379]]
R3OPUS-DRYRUN quarantined=false same=true publishes_planned=2 publishes_taken=2 differing=[] planned=[[50432, 50434, 50435, 50436, 50437, 50438, 50439, 50440, 50441], [50442, 50443, 50444, 50445, 50446, 50447, 50448, 50449]] taken=[[50432, 50434, 50435, 50436, 50437, 50438, 50439, 50440, 50441], [50442, 50443, 50444, 50445, 50446, 50447, 50448, 50449]]
R3OPUS-RELEASED [[50368, 50394, 50396, 50397, 50398, 50399, 50400, 50401, 50402], [50434, 50435, 50436, 50437, 50438, 50439, 50440, 50441]]
R3OPUS-FROZEN2 width=FourGibibytes fault=barrier k=7 fired=0 first=Ok second=ReleaseTargetAlreadyReleased { unit: Data(DataUnitIndexInFile(0)), device: DeviceIdentity(0), slot: SlotNumber(50186) } remount=Ok(instance InstanceGeneration(4), publishes 2) after=Some("Ok") checker=[]
R3OPUS-DRYRUN quarantined=false same=true publishes_planned=2 publishes_taken=2 differing=[] planned=[[50368, 50370, 50371, 50372, 50373, 50374, 50375, 50376, 50377, 50378, 50379], [50380, 50381, 50382, 50383, 50384, 50385, 50386, 50387]] taken=[[50368, 50370, 50371, 50372, 50373, 50374, 50375, 50376, 50377, 50378, 50379], [50380, 50381, 50382, 50383, 50384, 50385, 50386, 50387]]
R3OPUS-RELEASED [[50304, 50353, 50354, 50355, 50356, 50357, 50358, 50359, 50360, 50361, 50362], [50371, 50373, 50374, 50375, 50376, 50377, 50378, 50379]]
R3OPUS-DRYRUN quarantined=false same=true publishes_planned=2 publishes_taken=2 differing=[] planned=[[50432, 50434, 50435, 50436, 50437, 50438, 50439, 50440, 50441], [50442, 50443, 50444, 50445, 50446, 50447, 50448, 50449]] taken=[[50432, 50434, 50435, 50436, 50437, 50438, 50439, 50440, 50441], [50442, 50443, 50444, 50445, 50446, 50447, 50448, 50449]]
R3OPUS-RELEASED [[50368, 50394, 50396, 50397, 50398, 50399, 50400, 50401, 50402], [50434, 50435, 50436, 50437, 50438, 50439, 50440, 50441]]
R3OPUS-FROZEN2 width=FourGibibytes fault=barrier k=8 fired=0 first=Ok second=ReleaseTargetAlreadyReleased { unit: Data(DataUnitIndexInFile(0)), device: DeviceIdentity(0), slot: SlotNumber(50186) } remount=Ok(instance InstanceGeneration(4), publishes 2) after=Some("Ok") checker=[]
R3OPUS-DRYRUN quarantined=false same=true publishes_planned=2 publishes_taken=2 differing=[] planned=[[50368, 50370, 50371, 50372, 50373, 50374, 50375, 50376, 50377, 50378, 50379], [50380, 50381, 50382, 50383, 50384, 50385, 50386, 50387]] taken=[[50368, 50370, 50371, 50372, 50373, 50374, 50375, 50376, 50377, 50378, 50379], [50380, 50381, 50382, 50383, 50384, 50385, 50386, 50387]]
R3OPUS-RELEASED [[50304, 50353, 50354, 50355, 50356, 50357, 50358, 50359, 50360, 50361, 50362], [50371, 50373, 50374, 50375, 50376, 50377, 50378, 50379]]
R3OPUS-DRYRUN quarantined=false same=true publishes_planned=2 publishes_taken=2 differing=[] planned=[[50432, 50434, 50435, 50436, 50437, 50438, 50439, 50440, 50441], [50442, 50443, 50444, 50445, 50446, 50447, 50448, 50449]] taken=[[50432, 50434, 50435, 50436, 50437, 50438, 50439, 50440, 50441], [50442, 50443, 50444, 50445, 50446, 50447, 50448, 50449]]
R3OPUS-RELEASED [[50368, 50394, 50396, 50397, 50398, 50399, 50400, 50401, 50402], [50434, 50435, 50436, 50437, 50438, 50439, 50440, 50441]]
R3OPUS-FROZEN2 width=FourGibibytes fault=barrier k=9 fired=0 first=Ok second=ReleaseTargetAlreadyReleased { unit: Data(DataUnitIndexInFile(0)), device: DeviceIdentity(0), slot: SlotNumber(50186) } remount=Ok(instance InstanceGeneration(4), publishes 2) after=Some("Ok") checker=[]
R3OPUS-DRYRUN quarantined=false same=true publishes_planned=2 publishes_taken=2 differing=[] planned=[[50368, 50370, 50371, 50372, 50373, 50374, 50375, 50376, 50377, 50378, 50379], [50380, 50381, 50382, 50383, 50384, 50385, 50386, 50387]] taken=[[50368, 50370, 50371, 50372, 50373, 50374, 50375, 50376, 50377, 50378, 50379], [50380, 50381, 50382, 50383, 50384, 50385, 50386, 50387]]
R3OPUS-RELEASED [[50304, 50353, 50354, 50355, 50356, 50357, 50358, 50359, 50360, 50361, 50362], [50371, 50373, 50374, 50375, 50376, 50377, 50378, 50379]]
R3OPUS-DRYRUN quarantined=false same=true publishes_planned=2 publishes_taken=2 differing=[] planned=[[50432, 50434, 50435, 50436, 50437, 50438, 50439, 50440, 50441], [50442, 50443, 50444, 50445, 50446, 50447, 50448, 50449]] taken=[[50432, 50434, 50435, 50436, 50437, 50438, 50439, 50440, 50441], [50442, 50443, 50444, 50445, 50446, 50447, 50448, 50449]]
R3OPUS-RELEASED [[50368, 50394, 50396, 50397, 50398, 50399, 50400, 50401, 50402], [50434, 50435, 50436, 50437, 50438, 50439, 50440, 50441]]
R3OPUS-FROZEN2 width=FourGibibytes fault=barrier k=10 fired=0 first=Ok second=ReleaseTargetAlreadyReleased { unit: Data(DataUnitIndexInFile(0)), device: DeviceIdentity(0), slot: SlotNumber(50186) } remount=Ok(instance InstanceGeneration(4), publishes 2) after=Some("Ok") checker=[]
R3OPUS-DRYRUN quarantined=false same=true publishes_planned=2 publishes_taken=2 differing=[] planned=[[50368, 50370, 50371, 50372, 50373, 50374, 50375, 50376, 50377, 50378, 50379], [50380, 50381, 50382, 50383, 50384, 50385, 50386, 50387]] taken=[[50368, 50370, 50371, 50372, 50373, 50374, 50375, 50376, 50377, 50378, 50379], [50380, 50381, 50382, 50383, 50384, 50385, 50386, 50387]]
R3OPUS-RELEASED [[50304, 50353, 50354, 50355, 50356, 50357, 50358, 50359, 50360, 50361, 50362], [50371, 50373, 50374, 50375, 50376, 50377, 50378, 50379]]
R3OPUS-DRYRUN quarantined=false same=true publishes_planned=2 publishes_taken=2 differing=[] planned=[[50432, 50434, 50435, 50436, 50437, 50438, 50439, 50440, 50441], [50442, 50443, 50444, 50445, 50446, 50447, 50448, 50449]] taken=[[50432, 50434, 50435, 50436, 50437, 50438, 50439, 50440, 50441], [50442, 50443, 50444, 50445, 50446, 50447, 50448, 50449]]
R3OPUS-RELEASED [[50368, 50394, 50396, 50397, 50398, 50399, 50400, 50401, 50402], [50434, 50435, 50436, 50437, 50438, 50439, 50440, 50441]]
R3OPUS-FROZEN2 width=FourGibibytes fault=barrier k=11 fired=0 first=Ok second=ReleaseTargetAlreadyReleased { unit: Data(DataUnitIndexInFile(0)), device: DeviceIdentity(0), slot: SlotNumber(50186) } remount=Ok(instance InstanceGeneration(4), publishes 2) after=Some("Ok") checker=[]
R3OPUS-DRYRUN quarantined=false same=true publishes_planned=2 publishes_taken=2 differing=[] planned=[[50368, 50370, 50371, 50372, 50373, 50374, 50375, 50376, 50377, 50378, 50379], [50380, 50381, 50382, 50383, 50384, 50385, 50386, 50387]] taken=[[50368, 50370, 50371, 50372, 50373, 50374, 50375, 50376, 50377, 50378, 50379], [50380, 50381, 50382, 50383, 50384, 50385, 50386, 50387]]
R3OPUS-RELEASED [[50304, 50353, 50354, 50355, 50356, 50357, 50358, 50359, 50360, 50361, 50362], [50371, 50373, 50374, 50375, 50376, 50377, 50378, 50379]]
R3OPUS-DRYRUN quarantined=false same=true publishes_planned=2 publishes_taken=2 differing=[] planned=[[50432, 50434, 50435, 50436, 50437, 50438, 50439, 50440, 50441], [50442, 50443, 50444, 50445, 50446, 50447, 50448, 50449]] taken=[[50432, 50434, 50435, 50436, 50437, 50438, 50439, 50440, 50441], [50442, 50443, 50444, 50445, 50446, 50447, 50448, 50449]]
R3OPUS-RELEASED [[50368, 50394, 50396, 50397, 50398, 50399, 50400, 50401, 50402], [50434, 50435, 50436, 50437, 50438, 50439, 50440, 50441]]
R3OPUS-FROZEN2 width=FourGibibytes fault=barrier k=12 fired=0 first=Ok second=ReleaseTargetAlreadyReleased { unit: Data(DataUnitIndexInFile(0)), device: DeviceIdentity(0), slot: SlotNumber(50186) } remount=Ok(instance InstanceGeneration(4), publishes 2) after=Some("Ok") checker=[]
R3OPUS-DRYRUN quarantined=false same=true publishes_planned=2 publishes_taken=2 differing=[] planned=[[50368, 50370, 50371, 50372, 50373, 50374, 50375, 50376, 50377, 50378, 50379], [50380, 50381, 50382, 50383, 50384, 50385, 50386, 50387]] taken=[[50368, 50370, 50371, 50372, 50373, 50374, 50375, 50376, 50377, 50378, 50379], [50380, 50381, 50382, 50383, 50384, 50385, 50386, 50387]]
R3OPUS-RELEASED [[50304, 50353, 50354, 50355, 50356, 50357, 50358, 50359, 50360, 50361, 50362], [50371, 50373, 50374, 50375, 50376, 50377, 50378, 50379]]
R3OPUS-DRYRUN quarantined=false same=true publishes_planned=2 publishes_taken=2 differing=[] planned=[[50432, 50434, 50435, 50436, 50437, 50438, 50439, 50440, 50441], [50442, 50443, 50444, 50445, 50446, 50447, 50448, 50449]] taken=[[50432, 50434, 50435, 50436, 50437, 50438, 50439, 50440, 50441], [50442, 50443, 50444, 50445, 50446, 50447, 50448, 50449]]
R3OPUS-RELEASED [[50368, 50394, 50396, 50397, 50398, 50399, 50400, 50401, 50402], [50434, 50435, 50436, 50437, 50438, 50439, 50440, 50441]]
R3OPUS-FROZEN2 width=FourGibibytes fault=barrier k=13 fired=0 first=Ok second=ReleaseTargetAlreadyReleased { unit: Data(DataUnitIndexInFile(0)), device: DeviceIdentity(0), slot: SlotNumber(50186) } remount=Ok(instance InstanceGeneration(4), publishes 2) after=Some("Ok") checker=[]
R3OPUS-DRYRUN quarantined=false same=true publishes_planned=2 publishes_taken=2 differing=[] planned=[[50368, 50370, 50371, 50372, 50373, 50374, 50375, 50376, 50377, 50378, 50379], [50380, 50381, 50382, 50383, 50384, 50385, 50386, 50387]] taken=[[50368, 50370, 50371, 50372, 50373, 50374, 50375, 50376, 50377, 50378, 50379], [50380, 50381, 50382, 50383, 50384, 50385, 50386, 50387]]
R3OPUS-RELEASED [[50304, 50353, 50354, 50355, 50356, 50357, 50358, 50359, 50360, 50361, 50362], [50371, 50373, 50374, 50375, 50376, 50377, 50378, 50379]]
R3OPUS-DRYRUN quarantined=false same=true publishes_planned=2 publishes_taken=2 differing=[] planned=[[50432, 50434, 50435, 50436, 50437, 50438, 50439, 50440, 50441], [50442, 50443, 50444, 50445, 50446, 50447, 50448, 50449]] taken=[[50432, 50434, 50435, 50436, 50437, 50438, 50439, 50440, 50441], [50442, 50443, 50444, 50445, 50446, 50447, 50448, 50449]]
R3OPUS-RELEASED [[50368, 50394, 50396, 50397, 50398, 50399, 50400, 50401, 50402], [50434, 50435, 50436, 50437, 50438, 50439, 50440, 50441]]
R3OPUS-FROZEN2 width=FourGibibytes fault=barrier k=14 fired=0 first=Ok second=ReleaseTargetAlreadyReleased { unit: Data(DataUnitIndexInFile(0)), device: DeviceIdentity(0), slot: SlotNumber(50186) } remount=Ok(instance InstanceGeneration(4), publishes 2) after=Some("Ok") checker=[]
R3OPUS-DRYRUN quarantined=false same=true publishes_planned=2 publishes_taken=2 differing=[] planned=[[50368, 50370, 50371, 50372, 50373, 50374, 50375, 50376, 50377, 50378, 50379], [50380, 50381, 50382, 50383, 50384, 50385, 50386, 50387]] taken=[[50368, 50370, 50371, 50372, 50373, 50374, 50375, 50376, 50377, 50378, 50379], [50380, 50381, 50382, 50383, 50384, 50385, 50386, 50387]]
R3OPUS-RELEASED [[50304, 50353, 50354, 50355, 50356, 50357, 50358, 50359, 50360, 50361, 50362], [50371, 50373, 50374, 50375, 50376, 50377, 50378, 50379]]
R3OPUS-DRYRUN quarantined=false same=true publishes_planned=2 publishes_taken=2 differing=[] planned=[[50432, 50434, 50435, 50436, 50437, 50438, 50439, 50440, 50441], [50442, 50443, 50444, 50445, 50446, 50447, 50448, 50449]] taken=[[50432, 50434, 50435, 50436, 50437, 50438, 50439, 50440, 50441], [50442, 50443, 50444, 50445, 50446, 50447, 50448, 50449]]
R3OPUS-RELEASED [[50368, 50394, 50396, 50397, 50398, 50399, 50400, 50401, 50402], [50434, 50435, 50436, 50437, 50438, 50439, 50440, 50441]]
R3OPUS-FROZEN2 width=FourGibibytes fault=barrier k=15 fired=0 first=Ok second=ReleaseTargetAlreadyReleased { unit: Data(DataUnitIndexInFile(0)), device: DeviceIdentity(0), slot: SlotNumber(50186) } remount=Ok(instance InstanceGeneration(4), publishes 2) after=Some("Ok") checker=[]
R3OPUS-DRYRUN quarantined=false same=true publishes_planned=2 publishes_taken=2 differing=[] planned=[[50368, 50370, 50371, 50372, 50373, 50374, 50375, 50376, 50377, 50378, 50379], [50380, 50381, 50382, 50383, 50384, 50385, 50386, 50387]] taken=[[50368, 50370, 50371, 50372, 50373, 50374, 50375, 50376, 50377, 50378, 50379], [50380, 50381, 50382, 50383, 50384, 50385, 50386, 50387]]
R3OPUS-RELEASED [[50304, 50353, 50354, 50355, 50356, 50357, 50358, 50359, 50360, 50361, 50362], [50371, 50373, 50374, 50375, 50376, 50377, 50378, 50379]]
R3OPUS-DRYRUN quarantined=false same=true publishes_planned=2 publishes_taken=2 differing=[] planned=[[50432, 50434, 50435, 50436, 50437, 50438, 50439, 50440, 50441], [50442, 50443, 50444, 50445, 50446, 50447, 50448, 50449]] taken=[[50432, 50434, 50435, 50436, 50437, 50438, 50439, 50440, 50441], [50442, 50443, 50444, 50445, 50446, 50447, 50448, 50449]]
R3OPUS-RELEASED [[50368, 50394, 50396, 50397, 50398, 50399, 50400, 50401, 50402], [50434, 50435, 50436, 50437, 50438, 50439, 50440, 50441]]
R3OPUS-FROZEN2 width=FourGibibytes fault=barrier k=16 fired=0 first=Ok second=ReleaseTargetAlreadyReleased { unit: Data(DataUnitIndexInFile(0)), device: DeviceIdentity(0), slot: SlotNumber(50186) } remount=Ok(instance InstanceGeneration(4), publishes 2) after=Some("Ok") checker=[]
R3OPUS-DRYRUN quarantined=false same=true publishes_planned=2 publishes_taken=2 differing=[] planned=[[50368, 50370, 50371, 50372, 50373, 50374, 50375, 50376, 50377, 50378, 50379], [50380, 50381, 50382, 50383, 50384, 50385, 50386, 50387]] taken=[[50368, 50370, 50371, 50372, 50373, 50374, 50375, 50376, 50377, 50378, 50379], [50380, 50381, 50382, 50383, 50384, 50385, 50386, 50387]]
R3OPUS-RELEASED [[50304, 50353, 50354, 50355, 50356, 50357, 50358, 50359, 50360, 50361, 50362], [50371, 50373, 50374, 50375, 50376, 50377, 50378, 50379]]
R3OPUS-DRYRUN quarantined=false same=true publishes_planned=2 publishes_taken=2 differing=[] planned=[[50432, 50434, 50435, 50436, 50437, 50438, 50439, 50440, 50441], [50442, 50443, 50444, 50445, 50446, 50447, 50448, 50449]] taken=[[50432, 50434, 50435, 50436, 50437, 50438, 50439, 50440, 50441], [50442, 50443, 50444, 50445, 50446, 50447, 50448, 50449]]
R3OPUS-RELEASED [[50368, 50394, 50396, 50397, 50398, 50399, 50400, 50401, 50402], [50434, 50435, 50436, 50437, 50438, 50439, 50440, 50441]]
R3OPUS-FROZEN2 width=FourGibibytes fault=barrier k=17 fired=0 first=Ok second=ReleaseTargetAlreadyReleased { unit: Data(DataUnitIndexInFile(0)), device: DeviceIdentity(0), slot: SlotNumber(50186) } remount=Ok(instance InstanceGeneration(4), publishes 2) after=Some("Ok") checker=[]
R3OPUS-DRYRUN quarantined=false same=true publishes_planned=2 publishes_taken=2 differing=[] planned=[[50368, 50370, 50371, 50372, 50373, 50374, 50375, 50376, 50377, 50378, 50379], [50380, 50381, 50382, 50383, 50384, 50385, 50386, 50387]] taken=[[50368, 50370, 50371, 50372, 50373, 50374, 50375, 50376, 50377, 50378, 50379], [50380, 50381, 50382, 50383, 50384, 50385, 50386, 50387]]
R3OPUS-RELEASED [[50304, 50353, 50354, 50355, 50356, 50357, 50358, 50359, 50360, 50361, 50362], [50371, 50373, 50374, 50375, 50376, 50377, 50378, 50379]]
R3OPUS-DRYRUN quarantined=false same=true publishes_planned=2 publishes_taken=2 differing=[] planned=[[50432, 50434, 50435, 50436, 50437, 50438, 50439, 50440, 50441], [50442, 50443, 50444, 50445, 50446, 50447, 50448, 50449]] taken=[[50432, 50434, 50435, 50436, 50437, 50438, 50439, 50440, 50441], [50442, 50443, 50444, 50445, 50446, 50447, 50448, 50449]]
R3OPUS-RELEASED [[50368, 50394, 50396, 50397, 50398, 50399, 50400, 50401, 50402], [50434, 50435, 50436, 50437, 50438, 50439, 50440, 50441]]
R3OPUS-FROZEN2 width=FourGibibytes fault=barrier k=18 fired=0 first=Ok second=ReleaseTargetAlreadyReleased { unit: Data(DataUnitIndexInFile(0)), device: DeviceIdentity(0), slot: SlotNumber(50186) } remount=Ok(instance InstanceGeneration(4), publishes 2) after=Some("Ok") checker=[]
R3OPUS-DRYRUN quarantined=false same=true publishes_planned=2 publishes_taken=2 differing=[] planned=[[50368, 50370, 50371, 50372, 50373, 50374, 50375, 50376, 50377, 50378, 50379], [50380, 50381, 50382, 50383, 50384, 50385, 50386, 50387]] taken=[[50368, 50370, 50371, 50372, 50373, 50374, 50375, 50376, 50377, 50378, 50379], [50380, 50381, 50382, 50383, 50384, 50385, 50386, 50387]]
R3OPUS-RELEASED [[50304, 50353, 50354, 50355, 50356, 50357, 50358, 50359, 50360, 50361, 50362], [50371, 50373, 50374, 50375, 50376, 50377, 50378, 50379]]
R3OPUS-DRYRUN quarantined=false same=true publishes_planned=2 publishes_taken=2 differing=[] planned=[[50432, 50434, 50435, 50436, 50437, 50438, 50439, 50440, 50441], [50442, 50443, 50444, 50445, 50446, 50447, 50448, 50449]] taken=[[50432, 50434, 50435, 50436, 50437, 50438, 50439, 50440, 50441], [50442, 50443, 50444, 50445, 50446, 50447, 50448, 50449]]
R3OPUS-RELEASED [[50368, 50394, 50396, 50397, 50398, 50399, 50400, 50401, 50402], [50434, 50435, 50436, 50437, 50438, 50439, 50440, 50441]]
R3OPUS-FROZEN2 width=FourGibibytes fault=barrier k=19 fired=0 first=Ok second=ReleaseTargetAlreadyReleased { unit: Data(DataUnitIndexInFile(0)), device: DeviceIdentity(0), slot: SlotNumber(50186) } remount=Ok(instance InstanceGeneration(4), publishes 2) after=Some("Ok") checker=[]
R3OPUS-DRYRUN quarantined=false same=true publishes_planned=2 publishes_taken=2 differing=[] planned=[[50368, 50370, 50371, 50372, 50373, 50374, 50375, 50376, 50377, 50378, 50379], [50380, 50381, 50382, 50383, 50384, 50385, 50386, 50387]] taken=[[50368, 50370, 50371, 50372, 50373, 50374, 50375, 50376, 50377, 50378, 50379], [50380, 50381, 50382, 50383, 50384, 50385, 50386, 50387]]
R3OPUS-RELEASED [[50304, 50353, 50354, 50355, 50356, 50357, 50358, 50359, 50360, 50361, 50362], [50371, 50373, 50374, 50375, 50376, 50377, 50378, 50379]]
R3OPUS-DRYRUN quarantined=false same=true publishes_planned=2 publishes_taken=2 differing=[] planned=[[50432, 50434, 50435, 50436, 50437, 50438, 50439, 50440, 50441], [50442, 50443, 50444, 50445, 50446, 50447, 50448, 50449]] taken=[[50432, 50434, 50435, 50436, 50437, 50438, 50439, 50440, 50441], [50442, 50443, 50444, 50445, 50446, 50447, 50448, 50449]]
R3OPUS-RELEASED [[50368, 50394, 50396, 50397, 50398, 50399, 50400, 50401, 50402], [50434, 50435, 50436, 50437, 50438, 50439, 50440, 50441]]
R3OPUS-FROZEN2 width=FourGibibytes fault=barrier k=20 fired=0 first=Ok second=ReleaseTargetAlreadyReleased { unit: Data(DataUnitIndexInFile(0)), device: DeviceIdentity(0), slot: SlotNumber(50186) } remount=Ok(instance InstanceGeneration(4), publishes 2) after=Some("Ok") checker=[]
R3OPUS-DRYRUN quarantined=false same=true publishes_planned=2 publishes_taken=2 differing=[] planned=[[50368, 50370, 50371, 50372, 50373, 50374, 50375, 50376, 50377, 50378, 50379], [50380, 50381, 50382, 50383, 50384, 50385, 50386, 50387]] taken=[[50368, 50370, 50371, 50372, 50373, 50374, 50375, 50376, 50377, 50378, 50379], [50380, 50381, 50382, 50383, 50384, 50385, 50386, 50387]]
R3OPUS-RELEASED [[50304, 50353, 50354, 50355, 50356, 50357, 50358, 50359, 50360, 50361, 50362], [50371, 50373, 50374, 50375, 50376, 50377, 50378, 50379]]
R3OPUS-DRYRUN quarantined=false same=true publishes_planned=2 publishes_taken=2 differing=[] planned=[[50432, 50434, 50435, 50436, 50437, 50438, 50439, 50440, 50441], [50442, 50443, 50444, 50445, 50446, 50447, 50448, 50449]] taken=[[50432, 50434, 50435, 50436, 50437, 50438, 50439, 50440, 50441], [50442, 50443, 50444, 50445, 50446, 50447, 50448, 50449]]
R3OPUS-RELEASED [[50368, 50394, 50396, 50397, 50398, 50399, 50400, 50401, 50402], [50434, 50435, 50436, 50437, 50438, 50439, 50440, 50441]]
R3OPUS-FROZEN2 width=FourGibibytes fault=barrier k=21 fired=0 first=Ok second=ReleaseTargetAlreadyReleased { unit: Data(DataUnitIndexInFile(0)), device: DeviceIdentity(0), slot: SlotNumber(50186) } remount=Ok(instance InstanceGeneration(4), publishes 2) after=Some("Ok") checker=[]
R3OPUS-DRYRUN quarantined=false same=true publishes_planned=2 publishes_taken=2 differing=[] planned=[[50368, 50370, 50371, 50372, 50373, 50374, 50375, 50376, 50377, 50378, 50379], [50380, 50381, 50382, 50383, 50384, 50385, 50386, 50387]] taken=[[50368, 50370, 50371, 50372, 50373, 50374, 50375, 50376, 50377, 50378, 50379], [50380, 50381, 50382, 50383, 50384, 50385, 50386, 50387]]
R3OPUS-RELEASED [[50304, 50353, 50354, 50355, 50356, 50357, 50358, 50359, 50360, 50361, 50362], [50371, 50373, 50374, 50375, 50376, 50377, 50378, 50379]]
R3OPUS-DRYRUN quarantined=false same=true publishes_planned=2 publishes_taken=2 differing=[] planned=[[50432, 50434, 50435, 50436, 50437, 50438, 50439, 50440, 50441], [50442, 50443, 50444, 50445, 50446, 50447, 50448, 50449]] taken=[[50432, 50434, 50435, 50436, 50437, 50438, 50439, 50440, 50441], [50442, 50443, 50444, 50445, 50446, 50447, 50448, 50449]]
R3OPUS-RELEASED [[50368, 50394, 50396, 50397, 50398, 50399, 50400, 50401, 50402], [50434, 50435, 50436, 50437, 50438, 50439, 50440, 50441]]
R3OPUS-FROZEN2 width=FourGibibytes fault=barrier k=22 fired=0 first=Ok second=ReleaseTargetAlreadyReleased { unit: Data(DataUnitIndexInFile(0)), device: DeviceIdentity(0), slot: SlotNumber(50186) } remount=Ok(instance InstanceGeneration(4), publishes 2) after=Some("Ok") checker=[]
R3OPUS-DRYRUN quarantined=false same=true publishes_planned=2 publishes_taken=2 differing=[] planned=[[50368, 50370, 50371, 50372, 50373, 50374, 50375, 50376, 50377, 50378, 50379], [50380, 50381, 50382, 50383, 50384, 50385, 50386, 50387]] taken=[[50368, 50370, 50371, 50372, 50373, 50374, 50375, 50376, 50377, 50378, 50379], [50380, 50381, 50382, 50383, 50384, 50385, 50386, 50387]]
R3OPUS-RELEASED [[50304, 50353, 50354, 50355, 50356, 50357, 50358, 50359, 50360, 50361, 50362], [50371, 50373, 50374, 50375, 50376, 50377, 50378, 50379]]
R3OPUS-DRYRUN quarantined=false same=true publishes_planned=2 publishes_taken=2 differing=[] planned=[[50432, 50434, 50435, 50436, 50437, 50438, 50439, 50440, 50441], [50442, 50443, 50444, 50445, 50446, 50447, 50448, 50449]] taken=[[50432, 50434, 50435, 50436, 50437, 50438, 50439, 50440, 50441], [50442, 50443, 50444, 50445, 50446, 50447, 50448, 50449]]
R3OPUS-RELEASED [[50368, 50394, 50396, 50397, 50398, 50399, 50400, 50401, 50402], [50434, 50435, 50436, 50437, 50438, 50439, 50440, 50441]]
R3OPUS-FROZEN2 width=FourGibibytes fault=barrier k=23 fired=0 first=Ok second=ReleaseTargetAlreadyReleased { unit: Data(DataUnitIndexInFile(0)), device: DeviceIdentity(0), slot: SlotNumber(50186) } remount=Ok(instance InstanceGeneration(4), publishes 2) after=Some("Ok") checker=[]
R3OPUS-DRYRUN quarantined=false same=true publishes_planned=2 publishes_taken=2 differing=[] planned=[[50368, 50370, 50371, 50372, 50373, 50374, 50375, 50376, 50377, 50378, 50379], [50380, 50381, 50382, 50383, 50384, 50385, 50386, 50387]] taken=[[50368, 50370, 50371, 50372, 50373, 50374, 50375, 50376, 50377, 50378, 50379], [50380, 50381, 50382, 50383, 50384, 50385, 50386, 50387]]
R3OPUS-RELEASED [[50304, 50353, 50354, 50355, 50356, 50357, 50358, 50359, 50360, 50361, 50362], [50371, 50373, 50374, 50375, 50376, 50377, 50378, 50379]]
R3OPUS-DRYRUN quarantined=false same=true publishes_planned=2 publishes_taken=2 differing=[] planned=[[50432, 50434, 50435, 50436, 50437, 50438, 50439, 50440, 50441], [50442, 50443, 50444, 50445, 50446, 50447, 50448, 50449]] taken=[[50432, 50434, 50435, 50436, 50437, 50438, 50439, 50440, 50441], [50442, 50443, 50444, 50445, 50446, 50447, 50448, 50449]]
R3OPUS-RELEASED [[50368, 50394, 50396, 50397, 50398, 50399, 50400, 50401, 50402], [50434, 50435, 50436, 50437, 50438, 50439, 50440, 50441]]
R3OPUS-FROZEN2 width=FourGibibytes fault=barrier k=24 fired=0 first=Ok second=ReleaseTargetAlreadyReleased { unit: Data(DataUnitIndexInFile(0)), device: DeviceIdentity(0), slot: SlotNumber(50186) } remount=Ok(instance InstanceGeneration(4), publishes 2) after=Some("Ok") checker=[]
R3OPUS-DRYRUN quarantined=false same=true publishes_planned=2 publishes_taken=2 differing=[] planned=[[50368, 50370, 50371, 50372, 50373, 50374, 50375, 50376, 50377, 50378, 50379], [50380, 50381, 50382, 50383, 50384, 50385, 50386, 50387]] taken=[[50368, 50370, 50371, 50372, 50373, 50374, 50375, 50376, 50377, 50378, 50379], [50380, 50381, 50382, 50383, 50384, 50385, 50386, 50387]]
R3OPUS-RELEASED [[50304, 50353, 50354, 50355, 50356, 50357, 50358, 50359, 50360, 50361, 50362], [50371, 50373, 50374, 50375, 50376, 50377, 50378, 50379]]
R3OPUS-DRYRUN quarantined=false same=true publishes_planned=2 publishes_taken=2 differing=[] planned=[[50432, 50434, 50435, 50436, 50437, 50438, 50439, 50440, 50441], [50442, 50443, 50444, 50445, 50446, 50447, 50448, 50449]] taken=[[50432, 50434, 50435, 50436, 50437, 50438, 50439, 50440, 50441], [50442, 50443, 50444, 50445, 50446, 50447, 50448, 50449]]
R3OPUS-RELEASED [[50368, 50394, 50396, 50397, 50398, 50399, 50400, 50401, 50402], [50434, 50435, 50436, 50437, 50438, 50439, 50440, 50441]]
R3OPUS-FROZEN2 width=FourGibibytes fault=barrier k=25 fired=0 first=Ok second=ReleaseTargetAlreadyReleased { unit: Data(DataUnitIndexInFile(0)), device: DeviceIdentity(0), slot: SlotNumber(50186) } remount=Ok(instance InstanceGeneration(4), publishes 2) after=Some("Ok") checker=[]
R3OPUS-DRYRUN quarantined=false same=true publishes_planned=2 publishes_taken=2 differing=[] planned=[[50368, 50370, 50371, 50372, 50373, 50374, 50375, 50376, 50377, 50378, 50379], [50380, 50381, 50382, 50383, 50384, 50385, 50386, 50387]] taken=[[50368, 50370, 50371, 50372, 50373, 50374, 50375, 50376, 50377, 50378, 50379], [50380, 50381, 50382, 50383, 50384, 50385, 50386, 50387]]
R3OPUS-RELEASED [[50304, 50353, 50354, 50355, 50356, 50357, 50358, 50359, 50360, 50361, 50362], [50371, 50373, 50374, 50375, 50376, 50377, 50378, 50379]]
R3OPUS-DRYRUN quarantined=false same=true publishes_planned=2 publishes_taken=2 differing=[] planned=[[50432, 50434, 50435, 50436, 50437, 50438, 50439, 50440, 50441], [50442, 50443, 50444, 50445, 50446, 50447, 50448, 50449]] taken=[[50432, 50434, 50435, 50436, 50437, 50438, 50439, 50440, 50441], [50442, 50443, 50444, 50445, 50446, 50447, 50448, 50449]]
R3OPUS-RELEASED [[50368, 50394, 50396, 50397, 50398, 50399, 50400, 50401, 50402], [50434, 50435, 50436, 50437, 50438, 50439, 50440, 50441]]
R3OPUS-FROZEN2 width=FourGibibytes fault=barrier k=26 fired=0 first=Ok second=ReleaseTargetAlreadyReleased { unit: Data(DataUnitIndexInFile(0)), device: DeviceIdentity(0), slot: SlotNumber(50186) } remount=Ok(instance InstanceGeneration(4), publishes 2) after=Some("Ok") checker=[]
R3OPUS-DRYRUN quarantined=false same=true publishes_planned=2 publishes_taken=2 differing=[] planned=[[50368, 50370, 50371, 50372, 50373, 50374, 50375, 50376, 50377, 50378, 50379], [50380, 50381, 50382, 50383, 50384, 50385, 50386, 50387]] taken=[[50368, 50370, 50371, 50372, 50373, 50374, 50375, 50376, 50377, 50378, 50379], [50380, 50381, 50382, 50383, 50384, 50385, 50386, 50387]]
R3OPUS-RELEASED [[50304, 50353, 50354, 50355, 50356, 50357, 50358, 50359, 50360, 50361, 50362], [50371, 50373, 50374, 50375, 50376, 50377, 50378, 50379]]
R3OPUS-DRYRUN quarantined=false same=true publishes_planned=2 publishes_taken=2 differing=[] planned=[[50432, 50434, 50435, 50436, 50437, 50438, 50439, 50440, 50441], [50442, 50443, 50444, 50445, 50446, 50447, 50448, 50449]] taken=[[50432, 50434, 50435, 50436, 50437, 50438, 50439, 50440, 50441], [50442, 50443, 50444, 50445, 50446, 50447, 50448, 50449]]
R3OPUS-RELEASED [[50368, 50394, 50396, 50397, 50398, 50399, 50400, 50401, 50402], [50434, 50435, 50436, 50437, 50438, 50439, 50440, 50441]]
R3OPUS-FROZEN2 width=FourGibibytes fault=barrier k=27 fired=0 first=Ok second=ReleaseTargetAlreadyReleased { unit: Data(DataUnitIndexInFile(0)), device: DeviceIdentity(0), slot: SlotNumber(50186) } remount=Ok(instance InstanceGeneration(4), publishes 2) after=Some("Ok") checker=[]
R3OPUS-DRYRUN quarantined=false same=true publishes_planned=2 publishes_taken=2 differing=[] planned=[[50368, 50370, 50371, 50372, 50373, 50374, 50375, 50376, 50377, 50378, 50379], [50380, 50381, 50382, 50383, 50384, 50385, 50386, 50387]] taken=[[50368, 50370, 50371, 50372, 50373, 50374, 50375, 50376, 50377, 50378, 50379], [50380, 50381, 50382, 50383, 50384, 50385, 50386, 50387]]
R3OPUS-RELEASED [[50304, 50353, 50354, 50355, 50356, 50357, 50358, 50359, 50360, 50361, 50362], [50371, 50373, 50374, 50375, 50376, 50377, 50378, 50379]]
R3OPUS-DRYRUN quarantined=false same=true publishes_planned=2 publishes_taken=2 differing=[] planned=[[50432, 50434, 50435, 50436, 50437, 50438, 50439, 50440, 50441], [50442, 50443, 50444, 50445, 50446, 50447, 50448, 50449]] taken=[[50432, 50434, 50435, 50436, 50437, 50438, 50439, 50440, 50441], [50442, 50443, 50444, 50445, 50446, 50447, 50448, 50449]]
R3OPUS-RELEASED [[50368, 50394, 50396, 50397, 50398, 50399, 50400, 50401, 50402], [50434, 50435, 50436, 50437, 50438, 50439, 50440, 50441]]
R3OPUS-FROZEN2 width=FourGibibytes fault=barrier k=28 fired=0 first=Ok second=ReleaseTargetAlreadyReleased { unit: Data(DataUnitIndexInFile(0)), device: DeviceIdentity(0), slot: SlotNumber(50186) } remount=Ok(instance InstanceGeneration(4), publishes 2) after=Some("Ok") checker=[]
R3OPUS-DRYRUN quarantined=false same=true publishes_planned=2 publishes_taken=2 differing=[] planned=[[50368, 50370, 50371, 50372, 50373, 50374, 50375, 50376, 50377, 50378, 50379], [50380, 50381, 50382, 50383, 50384, 50385, 50386, 50387]] taken=[[50368, 50370, 50371, 50372, 50373, 50374, 50375, 50376, 50377, 50378, 50379], [50380, 50381, 50382, 50383, 50384, 50385, 50386, 50387]]
R3OPUS-RELEASED [[50304, 50353, 50354, 50355, 50356, 50357, 50358, 50359, 50360, 50361, 50362], [50371, 50373, 50374, 50375, 50376, 50377, 50378, 50379]]
R3OPUS-DRYRUN quarantined=false same=true publishes_planned=2 publishes_taken=2 differing=[] planned=[[50432, 50434, 50435, 50436, 50437, 50438, 50439, 50440, 50441], [50442, 50443, 50444, 50445, 50446, 50447, 50448, 50449]] taken=[[50432, 50434, 50435, 50436, 50437, 50438, 50439, 50440, 50441], [50442, 50443, 50444, 50445, 50446, 50447, 50448, 50449]]
R3OPUS-RELEASED [[50368, 50394, 50396, 50397, 50398, 50399, 50400, 50401, 50402], [50434, 50435, 50436, 50437, 50438, 50439, 50440, 50441]]
R3OPUS-FROZEN2 width=FourGibibytes fault=barrier k=29 fired=0 first=Ok second=ReleaseTargetAlreadyReleased { unit: Data(DataUnitIndexInFile(0)), device: DeviceIdentity(0), slot: SlotNumber(50186) } remount=Ok(instance InstanceGeneration(4), publishes 2) after=Some("Ok") checker=[]
R3OPUS-DRYRUN quarantined=false same=true publishes_planned=2 publishes_taken=2 differing=[] planned=[[50368, 50370, 50371, 50372, 50373, 50374, 50375, 50376, 50377, 50378, 50379], [50380, 50381, 50382, 50383, 50384, 50385, 50386, 50387]] taken=[[50368, 50370, 50371, 50372, 50373, 50374, 50375, 50376, 50377, 50378, 50379], [50380, 50381, 50382, 50383, 50384, 50385, 50386, 50387]]
R3OPUS-RELEASED [[50304, 50353, 50354, 50355, 50356, 50357, 50358, 50359, 50360, 50361, 50362], [50371, 50373, 50374, 50375, 50376, 50377, 50378, 50379]]
R3OPUS-DRYRUN quarantined=false same=true publishes_planned=2 publishes_taken=2 differing=[] planned=[[50432, 50434, 50435, 50436, 50437, 50438, 50439, 50440, 50441], [50442, 50443, 50444, 50445, 50446, 50447, 50448, 50449]] taken=[[50432, 50434, 50435, 50436, 50437, 50438, 50439, 50440, 50441], [50442, 50443, 50444, 50445, 50446, 50447, 50448, 50449]]
R3OPUS-RELEASED [[50368, 50394, 50396, 50397, 50398, 50399, 50400, 50401, 50402], [50434, 50435, 50436, 50437, 50438, 50439, 50440, 50441]]
R3OPUS-FROZEN2 width=FourGibibytes fault=barrier k=30 fired=0 first=Ok second=ReleaseTargetAlreadyReleased { unit: Data(DataUnitIndexInFile(0)), device: DeviceIdentity(0), slot: SlotNumber(50186) } remount=Ok(instance InstanceGeneration(4), publishes 2) after=Some("Ok") checker=[]
R3OPUS-DRYRUN quarantined=false same=true publishes_planned=2 publishes_taken=2 differing=[] planned=[[50368, 50370, 50371, 50372, 50373, 50374, 50375, 50376, 50377, 50378, 50379], [50380, 50381, 50382, 50383, 50384, 50385, 50386, 50387]] taken=[[50368, 50370, 50371, 50372, 50373, 50374, 50375, 50376, 50377, 50378, 50379], [50380, 50381, 50382, 50383, 50384, 50385, 50386, 50387]]
R3OPUS-RELEASED [[50304, 50353, 50354, 50355, 50356, 50357, 50358, 50359, 50360, 50361, 50362], [50371, 50373, 50374, 50375, 50376, 50377, 50378, 50379]]
R3OPUS-DRYRUN quarantined=false same=true publishes_planned=2 publishes_taken=2 differing=[] planned=[[50432, 50434, 50435, 50436, 50437, 50438, 50439, 50440, 50441], [50442, 50443, 50444, 50445, 50446, 50447, 50448, 50449]] taken=[[50432, 50434, 50435, 50436, 50437, 50438, 50439, 50440, 50441], [50442, 50443, 50444, 50445, 50446, 50447, 50448, 50449]]
R3OPUS-RELEASED [[50368, 50394, 50396, 50397, 50398, 50399, 50400, 50401, 50402], [50434, 50435, 50436, 50437, 50438, 50439, 50440, 50441]]
R3OPUS-FROZEN2 width=FourGibibytes fault=barrier k=31 fired=0 first=Ok second=ReleaseTargetAlreadyReleased { unit: Data(DataUnitIndexInFile(0)), device: DeviceIdentity(0), slot: SlotNumber(50186) } remount=Ok(instance InstanceGeneration(4), publishes 2) after=Some("Ok") checker=[]
R3OPUS-DRYRUN quarantined=false same=true publishes_planned=2 publishes_taken=2 differing=[] planned=[[50368, 50370, 50371, 50372, 50373, 50374, 50375, 50376, 50377, 50378, 50379], [50380, 50381, 50382, 50383, 50384, 50385, 50386, 50387]] taken=[[50368, 50370, 50371, 50372, 50373, 50374, 50375, 50376, 50377, 50378, 50379], [50380, 50381, 50382, 50383, 50384, 50385, 50386, 50387]]
R3OPUS-RELEASED [[50304, 50353, 50354, 50355, 50356, 50357, 50358, 50359, 50360, 50361, 50362], [50371, 50373, 50374, 50375, 50376, 50377, 50378, 50379]]
R3OPUS-DRYRUN quarantined=false same=true publishes_planned=2 publishes_taken=2 differing=[] planned=[[50432, 50434, 50435, 50436, 50437, 50438, 50439, 50440, 50441], [50442, 50443, 50444, 50445, 50446, 50447, 50448, 50449]] taken=[[50432, 50434, 50435, 50436, 50437, 50438, 50439, 50440, 50441], [50442, 50443, 50444, 50445, 50446, 50447, 50448, 50449]]
R3OPUS-RELEASED [[50368, 50394, 50396, 50397, 50398, 50399, 50400, 50401, 50402], [50434, 50435, 50436, 50437, 50438, 50439, 50440, 50441]]
R3OPUS-FROZEN2 width=FourGibibytes fault=barrier k=32 fired=0 first=Ok second=ReleaseTargetAlreadyReleased { unit: Data(DataUnitIndexInFile(0)), device: DeviceIdentity(0), slot: SlotNumber(50186) } remount=Ok(instance InstanceGeneration(4), publishes 2) after=Some("Ok") checker=[]
R3OPUS-DRYRUN quarantined=false same=true publishes_planned=2 publishes_taken=2 differing=[] planned=[[50368, 50370, 50371, 50372, 50373, 50374, 50375, 50376, 50377, 50378, 50379], [50380, 50381, 50382, 50383, 50384, 50385, 50386, 50387]] taken=[[50368, 50370, 50371, 50372, 50373, 50374, 50375, 50376, 50377, 50378, 50379], [50380, 50381, 50382, 50383, 50384, 50385, 50386, 50387]]
R3OPUS-RELEASED [[50304, 50353, 50354, 50355, 50356, 50357, 50358, 50359, 50360, 50361, 50362], [50371, 50373, 50374, 50375, 50376, 50377, 50378, 50379]]
R3OPUS-DRYRUN quarantined=false same=true publishes_planned=2 publishes_taken=2 differing=[] planned=[[50432, 50434, 50435, 50436, 50437, 50438, 50439, 50440, 50441], [50442, 50443, 50444, 50445, 50446, 50447, 50448, 50449]] taken=[[50432, 50434, 50435, 50436, 50437, 50438, 50439, 50440, 50441], [50442, 50443, 50444, 50445, 50446, 50447, 50448, 50449]]
R3OPUS-RELEASED [[50368, 50394, 50396, 50397, 50398, 50399, 50400, 50401, 50402], [50434, 50435, 50436, 50437, 50438, 50439, 50440, 50441]]
R3OPUS-FROZEN2 width=FourGibibytes fault=barrier k=33 fired=0 first=Ok second=ReleaseTargetAlreadyReleased { unit: Data(DataUnitIndexInFile(0)), device: DeviceIdentity(0), slot: SlotNumber(50186) } remount=Ok(instance InstanceGeneration(4), publishes 2) after=Some("Ok") checker=[]
R3OPUS-DRYRUN quarantined=false same=true publishes_planned=2 publishes_taken=2 differing=[] planned=[[50368, 50370, 50371, 50372, 50373, 50374, 50375, 50376, 50377, 50378, 50379], [50380, 50381, 50382, 50383, 50384, 50385, 50386, 50387]] taken=[[50368, 50370, 50371, 50372, 50373, 50374, 50375, 50376, 50377, 50378, 50379], [50380, 50381, 50382, 50383, 50384, 50385, 50386, 50387]]
R3OPUS-RELEASED [[50304, 50353, 50354, 50355, 50356, 50357, 50358, 50359, 50360, 50361, 50362], [50371, 50373, 50374, 50375, 50376, 50377, 50378, 50379]]
R3OPUS-DRYRUN quarantined=false same=true publishes_planned=2 publishes_taken=2 differing=[] planned=[[50432, 50434, 50435, 50436, 50437, 50438, 50439, 50440, 50441], [50442, 50443, 50444, 50445, 50446, 50447, 50448, 50449]] taken=[[50432, 50434, 50435, 50436, 50437, 50438, 50439, 50440, 50441], [50442, 50443, 50444, 50445, 50446, 50447, 50448, 50449]]
R3OPUS-RELEASED [[50368, 50394, 50396, 50397, 50398, 50399, 50400, 50401, 50402], [50434, 50435, 50436, 50437, 50438, 50439, 50440, 50441]]
R3OPUS-FROZEN2 width=FourGibibytes fault=barrier k=34 fired=0 first=Ok second=ReleaseTargetAlreadyReleased { unit: Data(DataUnitIndexInFile(0)), device: DeviceIdentity(0), slot: SlotNumber(50186) } remount=Ok(instance InstanceGeneration(4), publishes 2) after=Some("Ok") checker=[]
R3OPUS-DRYRUN quarantined=false same=true publishes_planned=2 publishes_taken=2 differing=[] planned=[[50368, 50370, 50371, 50372, 50373, 50374, 50375, 50376, 50377, 50378, 50379], [50380, 50381, 50382, 50383, 50384, 50385, 50386, 50387]] taken=[[50368, 50370, 50371, 50372, 50373, 50374, 50375, 50376, 50377, 50378, 50379], [50380, 50381, 50382, 50383, 50384, 50385, 50386, 50387]]
R3OPUS-RELEASED [[50304, 50353, 50354, 50355, 50356, 50357, 50358, 50359, 50360, 50361, 50362], [50371, 50373, 50374, 50375, 50376, 50377, 50378, 50379]]
R3OPUS-DRYRUN quarantined=false same=true publishes_planned=2 publishes_taken=2 differing=[] planned=[[50432, 50434, 50435, 50436, 50437, 50438, 50439, 50440, 50441], [50442, 50443, 50444, 50445, 50446, 50447, 50448, 50449]] taken=[[50432, 50434, 50435, 50436, 50437, 50438, 50439, 50440, 50441], [50442, 50443, 50444, 50445, 50446, 50447, 50448, 50449]]
R3OPUS-RELEASED [[50368, 50394, 50396, 50397, 50398, 50399, 50400, 50401, 50402], [50434, 50435, 50436, 50437, 50438, 50439, 50440, 50441]]
R3OPUS-FROZEN2 width=FourGibibytes fault=barrier k=35 fired=0 first=Ok second=ReleaseTargetAlreadyReleased { unit: Data(DataUnitIndexInFile(0)), device: DeviceIdentity(0), slot: SlotNumber(50186) } remount=Ok(instance InstanceGeneration(4), publishes 2) after=Some("Ok") checker=[]
R3OPUS-DRYRUN quarantined=false same=true publishes_planned=2 publishes_taken=2 differing=[] planned=[[50368, 50370, 50371, 50372, 50373, 50374, 50375, 50376, 50377, 50378, 50379], [50380, 50381, 50382, 50383, 50384, 50385, 50386, 50387]] taken=[[50368, 50370, 50371, 50372, 50373, 50374, 50375, 50376, 50377, 50378, 50379], [50380, 50381, 50382, 50383, 50384, 50385, 50386, 50387]]
R3OPUS-RELEASED [[50304, 50353, 50354, 50355, 50356, 50357, 50358, 50359, 50360, 50361, 50362], [50371, 50373, 50374, 50375, 50376, 50377, 50378, 50379]]
R3OPUS-DRYRUN quarantined=false same=true publishes_planned=2 publishes_taken=2 differing=[] planned=[[50432, 50434, 50435, 50436, 50437, 50438, 50439, 50440, 50441], [50442, 50443, 50444, 50445, 50446, 50447, 50448, 50449]] taken=[[50432, 50434, 50435, 50436, 50437, 50438, 50439, 50440, 50441], [50442, 50443, 50444, 50445, 50446, 50447, 50448, 50449]]
R3OPUS-RELEASED [[50368, 50394, 50396, 50397, 50398, 50399, 50400, 50401, 50402], [50434, 50435, 50436, 50437, 50438, 50439, 50440, 50441]]
R3OPUS-FROZEN2 width=FourGibibytes fault=barrier k=36 fired=0 first=Ok second=ReleaseTargetAlreadyReleased { unit: Data(DataUnitIndexInFile(0)), device: DeviceIdentity(0), slot: SlotNumber(50186) } remount=Ok(instance InstanceGeneration(4), publishes 2) after=Some("Ok") checker=[]
R3OPUS-DRYRUN quarantined=false same=true publishes_planned=2 publishes_taken=2 differing=[] planned=[[50368, 50370, 50371, 50372, 50373, 50374, 50375, 50376, 50377, 50378, 50379], [50380, 50381, 50382, 50383, 50384, 50385, 50386, 50387]] taken=[[50368, 50370, 50371, 50372, 50373, 50374, 50375, 50376, 50377, 50378, 50379], [50380, 50381, 50382, 50383, 50384, 50385, 50386, 50387]]
R3OPUS-RELEASED [[50304, 50353, 50354, 50355, 50356, 50357, 50358, 50359, 50360, 50361, 50362], [50371, 50373, 50374, 50375, 50376, 50377, 50378, 50379]]
R3OPUS-DRYRUN quarantined=false same=true publishes_planned=2 publishes_taken=2 differing=[] planned=[[50432, 50434, 50435, 50436, 50437, 50438, 50439, 50440, 50441], [50442, 50443, 50444, 50445, 50446, 50447, 50448, 50449]] taken=[[50432, 50434, 50435, 50436, 50437, 50438, 50439, 50440, 50441], [50442, 50443, 50444, 50445, 50446, 50447, 50448, 50449]]
R3OPUS-RELEASED [[50368, 50394, 50396, 50397, 50398, 50399, 50400, 50401, 50402], [50434, 50435, 50436, 50437, 50438, 50439, 50440, 50441]]
R3OPUS-FROZEN2 width=FourGibibytes fault=barrier k=37 fired=0 first=Ok second=ReleaseTargetAlreadyReleased { unit: Data(DataUnitIndexInFile(0)), device: DeviceIdentity(0), slot: SlotNumber(50186) } remount=Ok(instance InstanceGeneration(4), publishes 2) after=Some("Ok") checker=[]
R3OPUS-DRYRUN quarantined=false same=true publishes_planned=2 publishes_taken=2 differing=[] planned=[[50368, 50370, 50371, 50372, 50373, 50374, 50375, 50376, 50377, 50378, 50379], [50380, 50381, 50382, 50383, 50384, 50385, 50386, 50387]] taken=[[50368, 50370, 50371, 50372, 50373, 50374, 50375, 50376, 50377, 50378, 50379], [50380, 50381, 50382, 50383, 50384, 50385, 50386, 50387]]
R3OPUS-RELEASED [[50304, 50353, 50354, 50355, 50356, 50357, 50358, 50359, 50360, 50361, 50362], [50371, 50373, 50374, 50375, 50376, 50377, 50378, 50379]]
R3OPUS-DRYRUN quarantined=false same=true publishes_planned=2 publishes_taken=2 differing=[] planned=[[50432, 50434, 50435, 50436, 50437, 50438, 50439, 50440, 50441], [50442, 50443, 50444, 50445, 50446, 50447, 50448, 50449]] taken=[[50432, 50434, 50435, 50436, 50437, 50438, 50439, 50440, 50441], [50442, 50443, 50444, 50445, 50446, 50447, 50448, 50449]]
R3OPUS-RELEASED [[50368, 50394, 50396, 50397, 50398, 50399, 50400, 50401, 50402], [50434, 50435, 50436, 50437, 50438, 50439, 50440, 50441]]
R3OPUS-FROZEN2 width=FourGibibytes fault=barrier k=38 fired=0 first=Ok second=ReleaseTargetAlreadyReleased { unit: Data(DataUnitIndexInFile(0)), device: DeviceIdentity(0), slot: SlotNumber(50186) } remount=Ok(instance InstanceGeneration(4), publishes 2) after=Some("Ok") checker=[]
R3OPUS-DRYRUN quarantined=false same=true publishes_planned=2 publishes_taken=2 differing=[] planned=[[50368, 50370, 50371, 50372, 50373, 50374, 50375, 50376, 50377, 50378, 50379], [50380, 50381, 50382, 50383, 50384, 50385, 50386, 50387]] taken=[[50368, 50370, 50371, 50372, 50373, 50374, 50375, 50376, 50377, 50378, 50379], [50380, 50381, 50382, 50383, 50384, 50385, 50386, 50387]]
R3OPUS-RELEASED [[50304, 50353, 50354, 50355, 50356, 50357, 50358, 50359, 50360, 50361, 50362], [50371, 50373, 50374, 50375, 50376, 50377, 50378, 50379]]
R3OPUS-DRYRUN quarantined=false same=true publishes_planned=2 publishes_taken=2 differing=[] planned=[[50432, 50434, 50435, 50436, 50437, 50438, 50439, 50440, 50441], [50442, 50443, 50444, 50445, 50446, 50447, 50448, 50449]] taken=[[50432, 50434, 50435, 50436, 50437, 50438, 50439, 50440, 50441], [50442, 50443, 50444, 50445, 50446, 50447, 50448, 50449]]
R3OPUS-RELEASED [[50368, 50394, 50396, 50397, 50398, 50399, 50400, 50401, 50402], [50434, 50435, 50436, 50437, 50438, 50439, 50440, 50441]]
R3OPUS-FROZEN2 width=FourGibibytes fault=barrier k=39 fired=0 first=Ok second=ReleaseTargetAlreadyReleased { unit: Data(DataUnitIndexInFile(0)), device: DeviceIdentity(0), slot: SlotNumber(50186) } remount=Ok(instance InstanceGeneration(4), publishes 2) after=Some("Ok") checker=[]
R3OPUS-DRYRUN quarantined=false same=true publishes_planned=2 publishes_taken=2 differing=[] planned=[[50368, 50370, 50371, 50372, 50373, 50374, 50375, 50376, 50377, 50378, 50379], [50380, 50381, 50382, 50383, 50384, 50385, 50386, 50387]] taken=[[50368, 50370, 50371, 50372, 50373, 50374, 50375, 50376, 50377, 50378, 50379], [50380, 50381, 50382, 50383, 50384, 50385, 50386, 50387]]
R3OPUS-RELEASED [[50304, 50353, 50354, 50355, 50356, 50357, 50358, 50359, 50360, 50361, 50362], [50371, 50373, 50374, 50375, 50376, 50377, 50378, 50379]]
R3OPUS-DRYRUN quarantined=false same=true publishes_planned=2 publishes_taken=2 differing=[] planned=[[50432, 50434, 50435, 50436, 50437, 50438, 50439, 50440, 50441], [50442, 50443, 50444, 50445, 50446, 50447, 50448, 50449]] taken=[[50432, 50434, 50435, 50436, 50437, 50438, 50439, 50440, 50441], [50442, 50443, 50444, 50445, 50446, 50447, 50448, 50449]]
R3OPUS-RELEASED [[50368, 50394, 50396, 50397, 50398, 50399, 50400, 50401, 50402], [50434, 50435, 50436, 50437, 50438, 50439, 50440, 50441]]
R3OPUS-FROZEN2 width=FourGibibytes fault=barrier k=40 fired=0 first=Ok second=ReleaseTargetAlreadyReleased { unit: Data(DataUnitIndexInFile(0)), device: DeviceIdentity(0), slot: SlotNumber(50186) } remount=Ok(instance InstanceGeneration(4), publishes 2) after=Some("Ok") checker=[]
test z16_mount_after_a_frozen_publish_by_hand ... ok

test result: ok. 1 passed; 0 failed; 0 ignored; 0 measured; 5 filtered out; finished in 6.48s

