RUN_START 2026-09-18T19:05:40Z threads=32 test=second_transaction_step_zero_layer0::full_enumeration_of_the_fixed_script_stream_is_exhaustive_and_clean
RUN_START_UPTIME  19:05:40 up 9 days, 10:07,  7 users,  load average: 24.56, 11.18, 4.53
    Finished `release` profile [optimized + debuginfo] target(s) in 0.00s
     Running tests/second_transaction_step_zero_layer0.rs (target/release/deps/second_transaction_step_zero_layer0-e03819fd0ad18a91)

running 1 test
LAYER0_PARALLEL_START states=2104413 slices=512 states_per_slice=4111 worker_threads=32 configured_worker_threads=32 worker_threads_source=environment_variable
LAYER0_PROGRESS slice=10/512 states=[36999,41110) segments=6..=6 finished_slices=1/512 finished_states=4111/2104413 elapsed_seconds=4.0
LAYER0_PROGRESS slice=9/512 states=[32888,36999) segments=6..=6 finished_slices=2/512 finished_states=8222/2104413 elapsed_seconds=4.0
LAYER0_PROGRESS slice=18/512 states=[69887,73998) segments=6..=6 finished_slices=3/512 finished_states=12333/2104413 elapsed_seconds=4.1
LAYER0_PROGRESS slice=1/512 states=[0,4111) segments=0..=6 finished_slices=4/512 finished_states=16444/2104413 elapsed_seconds=4.1
LAYER0_PROGRESS slice=3/512 states=[8222,12333) segments=6..=6 finished_slices=5/512 finished_states=20555/2104413 elapsed_seconds=4.1
LAYER0_PROGRESS slice=8/512 states=[28777,32888) segments=6..=6 finished_slices=6/512 finished_states=24666/2104413 elapsed_seconds=4.1
LAYER0_PROGRESS slice=19/512 states=[73998,78109) segments=6..=6 finished_slices=7/512 finished_states=28777/2104413 elapsed_seconds=4.2
LAYER0_PROGRESS slice=7/512 states=[24666,28777) segments=6..=6 finished_slices=8/512 finished_states=32888/2104413 elapsed_seconds=4.2
LAYER0_PROGRESS slice=30/512 states=[119219,123330) segments=6..=6 finished_slices=9/512 finished_states=36999/2104413 elapsed_seconds=4.3
LAYER0_PROGRESS slice=16/512 states=[61665,65776) segments=6..=6 finished_slices=10/512 finished_states=41110/2104413 elapsed_seconds=4.5
LAYER0_PROGRESS slice=5/512 states=[16444,20555) segments=6..=6 finished_slices=11/512 finished_states=45221/2104413 elapsed_seconds=4.5
LAYER0_PROGRESS slice=6/512 states=[20555,24666) segments=6..=6 finished_slices=12/512 finished_states=49332/2104413 elapsed_seconds=4.6
LAYER0_PROGRESS slice=13/512 states=[49332,53443) segments=6..=6 finished_slices=13/512 finished_states=53443/2104413 elapsed_seconds=4.6
LAYER0_PROGRESS slice=17/512 states=[65776,69887) segments=6..=6 finished_slices=14/512 finished_states=57554/2104413 elapsed_seconds=4.7
LAYER0_PROGRESS slice=23/512 states=[90442,94553) segments=6..=6 finished_slices=15/512 finished_states=61665/2104413 elapsed_seconds=4.7
LAYER0_PROGRESS slice=21/512 states=[82220,86331) segments=6..=6 finished_slices=16/512 finished_states=65776/2104413 elapsed_seconds=4.8
LAYER0_PROGRESS slice=11/512 states=[41110,45221) segments=6..=6 finished_slices=17/512 finished_states=69887/2104413 elapsed_seconds=4.9
LAYER0_PROGRESS slice=4/512 states=[12333,16444) segments=6..=6 finished_slices=18/512 finished_states=73998/2104413 elapsed_seconds=5.0
LAYER0_PROGRESS slice=15/512 states=[57554,61665) segments=6..=6 finished_slices=19/512 finished_states=78109/2104413 elapsed_seconds=5.0
LAYER0_PROGRESS slice=32/512 states=[127441,131552) segments=6..=6 finished_slices=20/512 finished_states=82220/2104413 elapsed_seconds=5.0
LAYER0_PROGRESS slice=31/512 states=[123330,127441) segments=6..=6 finished_slices=21/512 finished_states=86331/2104413 elapsed_seconds=5.1
LAYER0_PROGRESS slice=29/512 states=[115108,119219) segments=6..=6 finished_slices=22/512 finished_states=90442/2104413 elapsed_seconds=5.1
LAYER0_PROGRESS slice=12/512 states=[45221,49332) segments=6..=6 finished_slices=23/512 finished_states=94553/2104413 elapsed_seconds=5.1
LAYER0_PROGRESS slice=24/512 states=[94553,98664) segments=6..=6 finished_slices=24/512 finished_states=98664/2104413 elapsed_seconds=5.2
LAYER0_PROGRESS slice=20/512 states=[78109,82220) segments=6..=6 finished_slices=25/512 finished_states=102775/2104413 elapsed_seconds=5.2
LAYER0_PROGRESS slice=22/512 states=[86331,90442) segments=6..=6 finished_slices=26/512 finished_states=106886/2104413 elapsed_seconds=5.3
LAYER0_PROGRESS slice=28/512 states=[110997,115108) segments=6..=6 finished_slices=27/512 finished_states=110997/2104413 elapsed_seconds=5.4
LAYER0_PROGRESS slice=14/512 states=[53443,57554) segments=6..=6 finished_slices=28/512 finished_states=115108/2104413 elapsed_seconds=5.5
LAYER0_PROGRESS slice=2/512 states=[4111,8222) segments=6..=6 finished_slices=29/512 finished_states=119219/2104413 elapsed_seconds=5.6
LAYER0_PROGRESS slice=27/512 states=[106886,110997) segments=6..=6 finished_slices=30/512 finished_states=123330/2104413 elapsed_seconds=5.6
LAYER0_PROGRESS slice=25/512 states=[98664,102775) segments=6..=6 finished_slices=31/512 finished_states=127441/2104413 elapsed_seconds=5.6
LAYER0_PROGRESS slice=26/512 states=[102775,106886) segments=6..=6 finished_slices=32/512 finished_states=131552/2104413 elapsed_seconds=6.2
LAYER0_PROGRESS slice=38/512 states=[152107,156218) segments=6..=6 finished_slices=33/512 finished_states=135663/2104413 elapsed_seconds=8.0
LAYER0_PROGRESS slice=41/512 states=[164440,168551) segments=6..=6 finished_slices=34/512 finished_states=139774/2104413 elapsed_seconds=8.1
LAYER0_PROGRESS slice=36/512 states=[143885,147996) segments=6..=6 finished_slices=35/512 finished_states=143885/2104413 elapsed_seconds=8.1
LAYER0_PROGRESS slice=39/512 states=[156218,160329) segments=6..=6 finished_slices=36/512 finished_states=147996/2104413 elapsed_seconds=8.1
LAYER0_PROGRESS slice=35/512 states=[139774,143885) segments=6..=6 finished_slices=37/512 finished_states=152107/2104413 elapsed_seconds=8.1
LAYER0_PROGRESS slice=34/512 states=[135663,139774) segments=6..=6 finished_slices=38/512 finished_states=156218/2104413 elapsed_seconds=8.2
LAYER0_PROGRESS slice=33/512 states=[131552,135663) segments=6..=6 finished_slices=39/512 finished_states=160329/2104413 elapsed_seconds=8.4
LAYER0_PROGRESS slice=42/512 states=[168551,172662) segments=6..=6 finished_slices=40/512 finished_states=164440/2104413 elapsed_seconds=8.4
LAYER0_PROGRESS slice=47/512 states=[189106,193217) segments=6..=6 finished_slices=41/512 finished_states=168551/2104413 elapsed_seconds=8.5
LAYER0_PROGRESS slice=44/512 states=[176773,180884) segments=6..=6 finished_slices=42/512 finished_states=172662/2104413 elapsed_seconds=8.6
LAYER0_PROGRESS slice=37/512 states=[147996,152107) segments=6..=6 finished_slices=43/512 finished_states=176773/2104413 elapsed_seconds=8.6
LAYER0_PROGRESS slice=46/512 states=[184995,189106) segments=6..=6 finished_slices=44/512 finished_states=180884/2104413 elapsed_seconds=8.7
LAYER0_PROGRESS slice=49/512 states=[197328,201439) segments=6..=6 finished_slices=45/512 finished_states=184995/2104413 elapsed_seconds=8.8
LAYER0_PROGRESS slice=45/512 states=[180884,184995) segments=6..=6 finished_slices=46/512 finished_states=189106/2104413 elapsed_seconds=8.8
LAYER0_PROGRESS slice=50/512 states=[201439,205550) segments=6..=6 finished_slices=47/512 finished_states=193217/2104413 elapsed_seconds=8.9
LAYER0_PROGRESS slice=43/512 states=[172662,176773) segments=6..=6 finished_slices=48/512 finished_states=197328/2104413 elapsed_seconds=8.9
LAYER0_PROGRESS slice=48/512 states=[193217,197328) segments=6..=6 finished_slices=49/512 finished_states=201439/2104413 elapsed_seconds=8.9
LAYER0_PROGRESS slice=54/512 states=[217883,221994) segments=6..=6 finished_slices=50/512 finished_states=205550/2104413 elapsed_seconds=8.9
LAYER0_PROGRESS slice=51/512 states=[205550,209661) segments=6..=6 finished_slices=51/512 finished_states=209661/2104413 elapsed_seconds=8.9
LAYER0_PROGRESS slice=55/512 states=[221994,226105) segments=6..=6 finished_slices=52/512 finished_states=213772/2104413 elapsed_seconds=9.0
LAYER0_PROGRESS slice=57/512 states=[230216,234327) segments=6..=6 finished_slices=53/512 finished_states=217883/2104413 elapsed_seconds=9.1
LAYER0_PROGRESS slice=40/512 states=[160329,164440) segments=6..=6 finished_slices=54/512 finished_states=221994/2104413 elapsed_seconds=9.1
LAYER0_PROGRESS slice=59/512 states=[238438,242549) segments=6..=6 finished_slices=55/512 finished_states=226105/2104413 elapsed_seconds=9.3
LAYER0_PROGRESS slice=58/512 states=[234327,238438) segments=6..=6 finished_slices=56/512 finished_states=230216/2104413 elapsed_seconds=9.3
LAYER0_PROGRESS slice=52/512 states=[209661,213772) segments=6..=6 finished_slices=57/512 finished_states=234327/2104413 elapsed_seconds=9.3
LAYER0_PROGRESS slice=60/512 states=[242549,246660) segments=6..=6 finished_slices=58/512 finished_states=238438/2104413 elapsed_seconds=9.4
LAYER0_PROGRESS slice=56/512 states=[226105,230216) segments=6..=6 finished_slices=59/512 finished_states=242549/2104413 elapsed_seconds=9.4
LAYER0_PROGRESS slice=53/512 states=[213772,217883) segments=6..=6 finished_slices=60/512 finished_states=246660/2104413 elapsed_seconds=9.4
LAYER0_PROGRESS slice=61/512 states=[246660,250771) segments=6..=6 finished_slices=61/512 finished_states=250771/2104413 elapsed_seconds=9.6
LAYER0_PROGRESS slice=63/512 states=[254882,258993) segments=6..=6 finished_slices=62/512 finished_states=254882/2104413 elapsed_seconds=9.7
LAYER0_PROGRESS slice=62/512 states=[250771,254882) segments=6..=6 finished_slices=63/512 finished_states=258993/2104413 elapsed_seconds=9.8
LAYER0_PROGRESS slice=64/512 states=[258993,263104) segments=6..=9 finished_slices=64/512 finished_states=263104/2104413 elapsed_seconds=12.4
LAYER0_PROGRESS slice=66/512 states=[267215,271326) segments=9..=9 finished_slices=65/512 finished_states=267215/2104413 elapsed_seconds=20.7
LAYER0_PROGRESS slice=69/512 states=[279548,283659) segments=9..=9 finished_slices=66/512 finished_states=271326/2104413 elapsed_seconds=20.8
LAYER0_PROGRESS slice=72/512 states=[291881,295992) segments=9..=9 finished_slices=67/512 finished_states=275437/2104413 elapsed_seconds=20.9
LAYER0_PROGRESS slice=65/512 states=[263104,267215) segments=9..=9 finished_slices=68/512 finished_states=279548/2104413 elapsed_seconds=21.2
LAYER0_PROGRESS slice=73/512 states=[295992,300103) segments=9..=9 finished_slices=69/512 finished_states=283659/2104413 elapsed_seconds=21.2
LAYER0_PROGRESS slice=68/512 states=[275437,279548) segments=9..=9 finished_slices=70/512 finished_states=287770/2104413 elapsed_seconds=21.3
LAYER0_PROGRESS slice=70/512 states=[283659,287770) segments=9..=9 finished_slices=71/512 finished_states=291881/2104413 elapsed_seconds=21.4
LAYER0_PROGRESS slice=80/512 states=[324769,328880) segments=9..=9 finished_slices=72/512 finished_states=295992/2104413 elapsed_seconds=21.4
LAYER0_PROGRESS slice=82/512 states=[332991,337102) segments=9..=9 finished_slices=73/512 finished_states=300103/2104413 elapsed_seconds=21.4
LAYER0_PROGRESS slice=84/512 states=[341213,345324) segments=9..=9 finished_slices=74/512 finished_states=304214/2104413 elapsed_seconds=21.6
LAYER0_PROGRESS slice=85/512 states=[345324,349435) segments=9..=9 finished_slices=75/512 finished_states=308325/2104413 elapsed_seconds=21.6
LAYER0_PROGRESS slice=78/512 states=[316547,320658) segments=9..=9 finished_slices=76/512 finished_states=312436/2104413 elapsed_seconds=21.6
LAYER0_PROGRESS slice=75/512 states=[304214,308325) segments=9..=9 finished_slices=77/512 finished_states=316547/2104413 elapsed_seconds=21.7
LAYER0_PROGRESS slice=79/512 states=[320658,324769) segments=9..=9 finished_slices=78/512 finished_states=320658/2104413 elapsed_seconds=21.9
LAYER0_PROGRESS slice=90/512 states=[365879,369990) segments=9..=9 finished_slices=79/512 finished_states=324769/2104413 elapsed_seconds=21.9
LAYER0_PROGRESS slice=92/512 states=[374101,378212) segments=9..=9 finished_slices=80/512 finished_states=328880/2104413 elapsed_seconds=22.0
LAYER0_PROGRESS slice=89/512 states=[361768,365879) segments=9..=9 finished_slices=81/512 finished_states=332991/2104413 elapsed_seconds=22.0
LAYER0_PROGRESS slice=83/512 states=[337102,341213) segments=9..=9 finished_slices=82/512 finished_states=337102/2104413 elapsed_seconds=22.2
LAYER0_PROGRESS slice=67/512 states=[271326,275437) segments=9..=9 finished_slices=83/512 finished_states=341213/2104413 elapsed_seconds=22.2
LAYER0_PROGRESS slice=71/512 states=[287770,291881) segments=9..=9 finished_slices=84/512 finished_states=345324/2104413 elapsed_seconds=22.2
LAYER0_PROGRESS slice=86/512 states=[349435,353546) segments=9..=9 finished_slices=85/512 finished_states=349435/2104413 elapsed_seconds=22.3
LAYER0_PROGRESS slice=88/512 states=[357657,361768) segments=9..=9 finished_slices=86/512 finished_states=353546/2104413 elapsed_seconds=22.3
LAYER0_PROGRESS slice=81/512 states=[328880,332991) segments=9..=9 finished_slices=87/512 finished_states=357657/2104413 elapsed_seconds=22.6
LAYER0_PROGRESS slice=74/512 states=[300103,304214) segments=9..=9 finished_slices=88/512 finished_states=361768/2104413 elapsed_seconds=22.6
LAYER0_PROGRESS slice=94/512 states=[382323,386434) segments=9..=9 finished_slices=89/512 finished_states=365879/2104413 elapsed_seconds=22.7
LAYER0_PROGRESS slice=77/512 states=[312436,316547) segments=9..=9 finished_slices=90/512 finished_states=369990/2104413 elapsed_seconds=22.8
LAYER0_PROGRESS slice=87/512 states=[353546,357657) segments=9..=9 finished_slices=91/512 finished_states=374101/2104413 elapsed_seconds=23.0
LAYER0_PROGRESS slice=93/512 states=[378212,382323) segments=9..=9 finished_slices=92/512 finished_states=378212/2104413 elapsed_seconds=23.0
LAYER0_PROGRESS slice=95/512 states=[386434,390545) segments=9..=9 finished_slices=93/512 finished_states=382323/2104413 elapsed_seconds=23.1
LAYER0_PROGRESS slice=76/512 states=[308325,312436) segments=9..=9 finished_slices=94/512 finished_states=386434/2104413 elapsed_seconds=23.3
LAYER0_PROGRESS slice=91/512 states=[369990,374101) segments=9..=9 finished_slices=95/512 finished_states=390545/2104413 elapsed_seconds=23.6
LAYER0_PROGRESS slice=96/512 states=[390545,394656) segments=9..=9 finished_slices=96/512 finished_states=394656/2104413 elapsed_seconds=27.0
LAYER0_PROGRESS slice=99/512 states=[402878,406989) segments=9..=9 finished_slices=97/512 finished_states=398767/2104413 elapsed_seconds=33.4
LAYER0_PROGRESS slice=98/512 states=[398767,402878) segments=9..=9 finished_slices=98/512 finished_states=402878/2104413 elapsed_seconds=33.6
LAYER0_PROGRESS slice=97/512 states=[394656,398767) segments=9..=9 finished_slices=99/512 finished_states=406989/2104413 elapsed_seconds=33.6
LAYER0_PROGRESS slice=100/512 states=[406989,411100) segments=9..=9 finished_slices=100/512 finished_states=411100/2104413 elapsed_seconds=33.7
LAYER0_PROGRESS slice=102/512 states=[415211,419322) segments=9..=9 finished_slices=101/512 finished_states=415211/2104413 elapsed_seconds=33.8
LAYER0_PROGRESS slice=101/512 states=[411100,415211) segments=9..=9 finished_slices=102/512 finished_states=419322/2104413 elapsed_seconds=33.9
LAYER0_PROGRESS slice=105/512 states=[427544,431655) segments=9..=9 finished_slices=103/512 finished_states=423433/2104413 elapsed_seconds=33.9
LAYER0_PROGRESS slice=107/512 states=[435766,439877) segments=9..=9 finished_slices=104/512 finished_states=427544/2104413 elapsed_seconds=34.2
LAYER0_PROGRESS slice=104/512 states=[423433,427544) segments=9..=9 finished_slices=105/512 finished_states=431655/2104413 elapsed_seconds=34.2
LAYER0_PROGRESS slice=106/512 states=[431655,435766) segments=9..=9 finished_slices=106/512 finished_states=435766/2104413 elapsed_seconds=34.2
LAYER0_PROGRESS slice=103/512 states=[419322,423433) segments=9..=9 finished_slices=107/512 finished_states=439877/2104413 elapsed_seconds=34.4
LAYER0_PROGRESS slice=112/512 states=[456321,460432) segments=9..=9 finished_slices=108/512 finished_states=443988/2104413 elapsed_seconds=34.5
LAYER0_PROGRESS slice=111/512 states=[452210,456321) segments=9..=9 finished_slices=109/512 finished_states=448099/2104413 elapsed_seconds=34.5
LAYER0_PROGRESS slice=108/512 states=[439877,443988) segments=9..=9 finished_slices=110/512 finished_states=452210/2104413 elapsed_seconds=34.5
LAYER0_PROGRESS slice=113/512 states=[460432,464543) segments=9..=9 finished_slices=111/512 finished_states=456321/2104413 elapsed_seconds=34.6
LAYER0_PROGRESS slice=110/512 states=[448099,452210) segments=9..=9 finished_slices=112/512 finished_states=460432/2104413 elapsed_seconds=35.0
LAYER0_PROGRESS slice=115/512 states=[468654,472765) segments=9..=9 finished_slices=113/512 finished_states=464543/2104413 elapsed_seconds=35.4
LAYER0_PROGRESS slice=114/512 states=[464543,468654) segments=9..=9 finished_slices=114/512 finished_states=468654/2104413 elapsed_seconds=35.4
LAYER0_PROGRESS slice=120/512 states=[489209,493320) segments=9..=9 finished_slices=115/512 finished_states=472765/2104413 elapsed_seconds=35.4
LAYER0_PROGRESS slice=122/512 states=[497431,501542) segments=9..=9 finished_slices=116/512 finished_states=476876/2104413 elapsed_seconds=35.5
LAYER0_PROGRESS slice=109/512 states=[443988,448099) segments=9..=9 finished_slices=117/512 finished_states=480987/2104413 elapsed_seconds=35.9
LAYER0_PROGRESS slice=121/512 states=[493320,497431) segments=9..=9 finished_slices=118/512 finished_states=485098/2104413 elapsed_seconds=36.0
LAYER0_PROGRESS slice=118/512 states=[480987,485098) segments=9..=9 finished_slices=119/512 finished_states=489209/2104413 elapsed_seconds=36.1
LAYER0_PROGRESS slice=126/512 states=[513875,517986) segments=9..=9 finished_slices=120/512 finished_states=493320/2104413 elapsed_seconds=36.3
LAYER0_PROGRESS slice=116/512 states=[472765,476876) segments=9..=9 finished_slices=121/512 finished_states=497431/2104413 elapsed_seconds=36.6
LAYER0_PROGRESS slice=124/512 states=[505653,509764) segments=9..=9 finished_slices=122/512 finished_states=501542/2104413 elapsed_seconds=36.9
LAYER0_PROGRESS slice=117/512 states=[476876,480987) segments=9..=9 finished_slices=123/512 finished_states=505653/2104413 elapsed_seconds=37.1
LAYER0_PROGRESS slice=119/512 states=[485098,489209) segments=9..=9 finished_slices=124/512 finished_states=509764/2104413 elapsed_seconds=37.5
LAYER0_PROGRESS slice=127/512 states=[517986,522097) segments=9..=9 finished_slices=125/512 finished_states=513875/2104413 elapsed_seconds=37.6
LAYER0_PROGRESS slice=125/512 states=[509764,513875) segments=9..=9 finished_slices=126/512 finished_states=517986/2104413 elapsed_seconds=37.6
LAYER0_PROGRESS slice=123/512 states=[501542,505653) segments=9..=9 finished_slices=127/512 finished_states=522097/2104413 elapsed_seconds=37.9
LAYER0_PROGRESS slice=128/512 states=[522097,526208) segments=9..=16 finished_slices=128/512 finished_states=526208/2104413 elapsed_seconds=45.6
test full_enumeration_of_the_fixed_script_stream_is_exhaustive_and_clean has been running for over 60 seconds
LAYER0_PROGRESS slice=129/512 states=[526208,530319) segments=16..=22 finished_slices=129/512 finished_states=530319/2104413 elapsed_seconds=68.0
LAYER0_PROGRESS slice=131/512 states=[534430,538541) segments=22..=22 finished_slices=130/512 finished_states=534430/2104413 elapsed_seconds=70.2
LAYER0_PROGRESS slice=132/512 states=[538541,542652) segments=22..=22 finished_slices=131/512 finished_states=538541/2104413 elapsed_seconds=70.6
LAYER0_PROGRESS slice=135/512 states=[550874,554985) segments=22..=22 finished_slices=132/512 finished_states=542652/2104413 elapsed_seconds=70.7
LAYER0_PROGRESS slice=130/512 states=[530319,534430) segments=22..=22 finished_slices=133/512 finished_states=546763/2104413 elapsed_seconds=70.7
LAYER0_PROGRESS slice=133/512 states=[542652,546763) segments=22..=22 finished_slices=134/512 finished_states=550874/2104413 elapsed_seconds=70.8
LAYER0_PROGRESS slice=137/512 states=[559096,563207) segments=22..=22 finished_slices=135/512 finished_states=554985/2104413 elapsed_seconds=70.9
LAYER0_PROGRESS slice=134/512 states=[546763,550874) segments=22..=22 finished_slices=136/512 finished_states=559096/2104413 elapsed_seconds=71.1
LAYER0_PROGRESS slice=141/512 states=[575540,579651) segments=22..=22 finished_slices=137/512 finished_states=563207/2104413 elapsed_seconds=71.2
LAYER0_PROGRESS slice=136/512 states=[554985,559096) segments=22..=22 finished_slices=138/512 finished_states=567318/2104413 elapsed_seconds=71.4
LAYER0_PROGRESS slice=138/512 states=[563207,567318) segments=22..=22 finished_slices=139/512 finished_states=571429/2104413 elapsed_seconds=71.5
LAYER0_PROGRESS slice=143/512 states=[583762,587873) segments=22..=22 finished_slices=140/512 finished_states=575540/2104413 elapsed_seconds=71.6
LAYER0_PROGRESS slice=142/512 states=[579651,583762) segments=22..=22 finished_slices=141/512 finished_states=579651/2104413 elapsed_seconds=71.6
LAYER0_PROGRESS slice=140/512 states=[571429,575540) segments=22..=22 finished_slices=142/512 finished_states=583762/2104413 elapsed_seconds=72.0
LAYER0_PROGRESS slice=147/512 states=[600206,604317) segments=22..=22 finished_slices=143/512 finished_states=587873/2104413 elapsed_seconds=72.1
LAYER0_PROGRESS slice=144/512 states=[587873,591984) segments=22..=22 finished_slices=144/512 finished_states=591984/2104413 elapsed_seconds=73.0
LAYER0_PROGRESS slice=139/512 states=[567318,571429) segments=22..=22 finished_slices=145/512 finished_states=596095/2104413 elapsed_seconds=73.1
LAYER0_PROGRESS slice=151/512 states=[616650,620761) segments=22..=22 finished_slices=146/512 finished_states=600206/2104413 elapsed_seconds=73.3
LAYER0_PROGRESS slice=149/512 states=[608428,612539) segments=22..=22 finished_slices=147/512 finished_states=604317/2104413 elapsed_seconds=73.4
LAYER0_PROGRESS slice=148/512 states=[604317,608428) segments=22..=22 finished_slices=148/512 finished_states=608428/2104413 elapsed_seconds=73.5
LAYER0_PROGRESS slice=146/512 states=[596095,600206) segments=22..=22 finished_slices=149/512 finished_states=612539/2104413 elapsed_seconds=73.5
LAYER0_PROGRESS slice=145/512 states=[591984,596095) segments=22..=22 finished_slices=150/512 finished_states=616650/2104413 elapsed_seconds=73.6
LAYER0_PROGRESS slice=150/512 states=[612539,616650) segments=22..=22 finished_slices=151/512 finished_states=620761/2104413 elapsed_seconds=74.5
LAYER0_PROGRESS slice=152/512 states=[620761,624872) segments=22..=22 finished_slices=152/512 finished_states=624872/2104413 elapsed_seconds=74.5
LAYER0_PROGRESS slice=154/512 states=[628983,633094) segments=22..=22 finished_slices=153/512 finished_states=628983/2104413 elapsed_seconds=74.6
LAYER0_PROGRESS slice=153/512 states=[624872,628983) segments=22..=22 finished_slices=154/512 finished_states=633094/2104413 elapsed_seconds=74.7
LAYER0_PROGRESS slice=155/512 states=[633094,637205) segments=22..=22 finished_slices=155/512 finished_states=637205/2104413 elapsed_seconds=74.8
LAYER0_PROGRESS slice=158/512 states=[645427,649538) segments=22..=22 finished_slices=156/512 finished_states=641316/2104413 elapsed_seconds=75.0
LAYER0_PROGRESS slice=156/512 states=[637205,641316) segments=22..=22 finished_slices=157/512 finished_states=645427/2104413 elapsed_seconds=75.2
LAYER0_PROGRESS slice=157/512 states=[641316,645427) segments=22..=22 finished_slices=158/512 finished_states=649538/2104413 elapsed_seconds=75.4
LAYER0_PROGRESS slice=159/512 states=[649538,653649) segments=22..=22 finished_slices=159/512 finished_states=653649/2104413 elapsed_seconds=75.5
LAYER0_PROGRESS slice=160/512 states=[653649,657760) segments=22..=22 finished_slices=160/512 finished_states=657760/2104413 elapsed_seconds=83.1
LAYER0_PROGRESS slice=161/512 states=[657760,661871) segments=22..=22 finished_slices=161/512 finished_states=661871/2104413 elapsed_seconds=105.3
LAYER0_PROGRESS slice=162/512 states=[661871,665982) segments=22..=22 finished_slices=162/512 finished_states=665982/2104413 elapsed_seconds=107.2
LAYER0_PROGRESS slice=167/512 states=[682426,686537) segments=22..=22 finished_slices=163/512 finished_states=670093/2104413 elapsed_seconds=107.3
LAYER0_PROGRESS slice=165/512 states=[674204,678315) segments=22..=22 finished_slices=164/512 finished_states=674204/2104413 elapsed_seconds=107.7
LAYER0_PROGRESS slice=164/512 states=[670093,674204) segments=22..=22 finished_slices=165/512 finished_states=678315/2104413 elapsed_seconds=107.7
LAYER0_PROGRESS slice=163/512 states=[665982,670093) segments=22..=22 finished_slices=166/512 finished_states=682426/2104413 elapsed_seconds=107.7
LAYER0_PROGRESS slice=170/512 states=[694759,698870) segments=22..=22 finished_slices=167/512 finished_states=686537/2104413 elapsed_seconds=107.9
LAYER0_PROGRESS slice=169/512 states=[690648,694759) segments=22..=22 finished_slices=168/512 finished_states=690648/2104413 elapsed_seconds=108.2
LAYER0_PROGRESS slice=166/512 states=[678315,682426) segments=22..=22 finished_slices=169/512 finished_states=694759/2104413 elapsed_seconds=108.4
LAYER0_PROGRESS slice=168/512 states=[686537,690648) segments=22..=22 finished_slices=170/512 finished_states=698870/2104413 elapsed_seconds=108.6
LAYER0_PROGRESS slice=171/512 states=[698870,702981) segments=22..=22 finished_slices=171/512 finished_states=702981/2104413 elapsed_seconds=108.9
LAYER0_PROGRESS slice=175/512 states=[715314,719425) segments=22..=22 finished_slices=172/512 finished_states=707092/2104413 elapsed_seconds=109.0
LAYER0_PROGRESS slice=172/512 states=[702981,707092) segments=22..=22 finished_slices=173/512 finished_states=711203/2104413 elapsed_seconds=109.1
LAYER0_PROGRESS slice=173/512 states=[707092,711203) segments=22..=22 finished_slices=174/512 finished_states=715314/2104413 elapsed_seconds=109.2
LAYER0_PROGRESS slice=174/512 states=[711203,715314) segments=22..=22 finished_slices=175/512 finished_states=719425/2104413 elapsed_seconds=109.6
LAYER0_PROGRESS slice=182/512 states=[744091,748202) segments=22..=22 finished_slices=176/512 finished_states=723536/2104413 elapsed_seconds=110.2
LAYER0_PROGRESS slice=178/512 states=[727647,731758) segments=22..=22 finished_slices=177/512 finished_states=727647/2104413 elapsed_seconds=110.6
LAYER0_PROGRESS slice=176/512 states=[719425,723536) segments=22..=22 finished_slices=178/512 finished_states=731758/2104413 elapsed_seconds=110.7
LAYER0_PROGRESS slice=181/512 states=[739980,744091) segments=22..=22 finished_slices=179/512 finished_states=735869/2104413 elapsed_seconds=110.7
LAYER0_PROGRESS slice=177/512 states=[723536,727647) segments=22..=22 finished_slices=180/512 finished_states=739980/2104413 elapsed_seconds=111.0
LAYER0_PROGRESS slice=179/512 states=[731758,735869) segments=22..=22 finished_slices=181/512 finished_states=744091/2104413 elapsed_seconds=111.1
LAYER0_PROGRESS slice=180/512 states=[735869,739980) segments=22..=22 finished_slices=182/512 finished_states=748202/2104413 elapsed_seconds=111.4
LAYER0_PROGRESS slice=188/512 states=[768757,772868) segments=22..=22 finished_slices=183/512 finished_states=752313/2104413 elapsed_seconds=111.6
LAYER0_PROGRESS slice=185/512 states=[756424,760535) segments=22..=22 finished_slices=184/512 finished_states=756424/2104413 elapsed_seconds=112.2
LAYER0_PROGRESS slice=189/512 states=[772868,776979) segments=22..=22 finished_slices=185/512 finished_states=760535/2104413 elapsed_seconds=112.2
LAYER0_PROGRESS slice=186/512 states=[760535,764646) segments=22..=22 finished_slices=186/512 finished_states=764646/2104413 elapsed_seconds=112.4
LAYER0_PROGRESS slice=184/512 states=[752313,756424) segments=22..=22 finished_slices=187/512 finished_states=768757/2104413 elapsed_seconds=112.4
LAYER0_PROGRESS slice=183/512 states=[748202,752313) segments=22..=22 finished_slices=188/512 finished_states=772868/2104413 elapsed_seconds=112.5
LAYER0_PROGRESS slice=187/512 states=[764646,768757) segments=22..=22 finished_slices=189/512 finished_states=776979/2104413 elapsed_seconds=112.5
LAYER0_PROGRESS slice=190/512 states=[776979,781090) segments=22..=22 finished_slices=190/512 finished_states=781090/2104413 elapsed_seconds=113.0
LAYER0_PROGRESS slice=191/512 states=[781090,785201) segments=22..=22 finished_slices=191/512 finished_states=785201/2104413 elapsed_seconds=113.3
LAYER0_PROGRESS slice=192/512 states=[785201,789312) segments=22..=22 finished_slices=192/512 finished_states=789312/2104413 elapsed_seconds=120.0
LAYER0_PROGRESS slice=194/512 states=[793423,797534) segments=32..=32 finished_slices=193/512 finished_states=793423/2104413 elapsed_seconds=131.7
LAYER0_PROGRESS slice=195/512 states=[797534,801645) segments=32..=32 finished_slices=194/512 finished_states=797534/2104413 elapsed_seconds=132.1
LAYER0_PROGRESS slice=197/512 states=[805756,809867) segments=32..=32 finished_slices=195/512 finished_states=801645/2104413 elapsed_seconds=132.3
LAYER0_PROGRESS slice=196/512 states=[801645,805756) segments=32..=32 finished_slices=196/512 finished_states=805756/2104413 elapsed_seconds=132.3
LAYER0_PROGRESS slice=198/512 states=[809867,813978) segments=32..=32 finished_slices=197/512 finished_states=809867/2104413 elapsed_seconds=132.7
LAYER0_PROGRESS slice=199/512 states=[813978,818089) segments=32..=32 finished_slices=198/512 finished_states=813978/2104413 elapsed_seconds=132.8
LAYER0_PROGRESS slice=200/512 states=[818089,822200) segments=32..=32 finished_slices=199/512 finished_states=818089/2104413 elapsed_seconds=133.3
LAYER0_PROGRESS slice=202/512 states=[826311,830422) segments=32..=32 finished_slices=200/512 finished_states=822200/2104413 elapsed_seconds=133.8
LAYER0_PROGRESS slice=204/512 states=[834533,838644) segments=32..=32 finished_slices=201/512 finished_states=826311/2104413 elapsed_seconds=133.8
LAYER0_PROGRESS slice=203/512 states=[830422,834533) segments=32..=32 finished_slices=202/512 finished_states=830422/2104413 elapsed_seconds=133.8
LAYER0_PROGRESS slice=206/512 states=[842755,846866) segments=32..=32 finished_slices=203/512 finished_states=834533/2104413 elapsed_seconds=133.9
LAYER0_PROGRESS slice=201/512 states=[822200,826311) segments=32..=32 finished_slices=204/512 finished_states=838644/2104413 elapsed_seconds=134.2
LAYER0_PROGRESS slice=205/512 states=[838644,842755) segments=32..=32 finished_slices=205/512 finished_states=842755/2104413 elapsed_seconds=134.3
LAYER0_PROGRESS slice=207/512 states=[846866,850977) segments=32..=32 finished_slices=206/512 finished_states=846866/2104413 elapsed_seconds=134.9
LAYER0_PROGRESS slice=193/512 states=[789312,793423) segments=22..=32 finished_slices=207/512 finished_states=850977/2104413 elapsed_seconds=135.3
LAYER0_PROGRESS slice=211/512 states=[863310,867421) segments=32..=32 finished_slices=208/512 finished_states=855088/2104413 elapsed_seconds=135.3
LAYER0_PROGRESS slice=208/512 states=[850977,855088) segments=32..=32 finished_slices=209/512 finished_states=859199/2104413 elapsed_seconds=135.5
LAYER0_PROGRESS slice=209/512 states=[855088,859199) segments=32..=32 finished_slices=210/512 finished_states=863310/2104413 elapsed_seconds=135.5
LAYER0_PROGRESS slice=213/512 states=[871532,875643) segments=32..=32 finished_slices=211/512 finished_states=867421/2104413 elapsed_seconds=135.8
LAYER0_PROGRESS slice=210/512 states=[859199,863310) segments=32..=32 finished_slices=212/512 finished_states=871532/2104413 elapsed_seconds=136.0
LAYER0_PROGRESS slice=212/512 states=[867421,871532) segments=32..=32 finished_slices=213/512 finished_states=875643/2104413 elapsed_seconds=136.5
LAYER0_PROGRESS slice=215/512 states=[879754,883865) segments=32..=32 finished_slices=214/512 finished_states=879754/2104413 elapsed_seconds=136.6
LAYER0_PROGRESS slice=214/512 states=[875643,879754) segments=32..=32 finished_slices=215/512 finished_states=883865/2104413 elapsed_seconds=136.9
LAYER0_PROGRESS slice=217/512 states=[887976,892087) segments=32..=32 finished_slices=216/512 finished_states=887976/2104413 elapsed_seconds=137.1
LAYER0_PROGRESS slice=221/512 states=[904420,908531) segments=32..=32 finished_slices=217/512 finished_states=892087/2104413 elapsed_seconds=137.3
LAYER0_PROGRESS slice=216/512 states=[883865,887976) segments=32..=32 finished_slices=218/512 finished_states=896198/2104413 elapsed_seconds=137.4
LAYER0_PROGRESS slice=220/512 states=[900309,904420) segments=32..=32 finished_slices=219/512 finished_states=900309/2104413 elapsed_seconds=137.9
LAYER0_PROGRESS slice=219/512 states=[896198,900309) segments=32..=32 finished_slices=220/512 finished_states=904420/2104413 elapsed_seconds=137.9
LAYER0_PROGRESS slice=218/512 states=[892087,896198) segments=32..=32 finished_slices=221/512 finished_states=908531/2104413 elapsed_seconds=138.0
LAYER0_PROGRESS slice=223/512 states=[912642,916753) segments=32..=32 finished_slices=222/512 finished_states=912642/2104413 elapsed_seconds=138.4
LAYER0_PROGRESS slice=222/512 states=[908531,912642) segments=32..=32 finished_slices=223/512 finished_states=916753/2104413 elapsed_seconds=138.7
LAYER0_PROGRESS slice=224/512 states=[916753,920864) segments=32..=32 finished_slices=224/512 finished_states=920864/2104413 elapsed_seconds=144.6
LAYER0_PROGRESS slice=226/512 states=[924975,929086) segments=32..=32 finished_slices=225/512 finished_states=924975/2104413 elapsed_seconds=156.7
LAYER0_PROGRESS slice=228/512 states=[933197,937308) segments=32..=32 finished_slices=226/512 finished_states=929086/2104413 elapsed_seconds=156.8
LAYER0_PROGRESS slice=227/512 states=[929086,933197) segments=32..=32 finished_slices=227/512 finished_states=933197/2104413 elapsed_seconds=156.9
LAYER0_PROGRESS slice=225/512 states=[920864,924975) segments=32..=32 finished_slices=228/512 finished_states=937308/2104413 elapsed_seconds=156.9
LAYER0_PROGRESS slice=229/512 states=[937308,941419) segments=32..=32 finished_slices=229/512 finished_states=941419/2104413 elapsed_seconds=157.4
LAYER0_PROGRESS slice=230/512 states=[941419,945530) segments=32..=32 finished_slices=230/512 finished_states=945530/2104413 elapsed_seconds=157.5
LAYER0_PROGRESS slice=235/512 states=[961974,966085) segments=32..=32 finished_slices=231/512 finished_states=949641/2104413 elapsed_seconds=158.3
LAYER0_PROGRESS slice=231/512 states=[945530,949641) segments=32..=32 finished_slices=232/512 finished_states=953752/2104413 elapsed_seconds=158.6
LAYER0_PROGRESS slice=234/512 states=[957863,961974) segments=32..=32 finished_slices=233/512 finished_states=957863/2104413 elapsed_seconds=158.6
LAYER0_PROGRESS slice=233/512 states=[953752,957863) segments=32..=32 finished_slices=234/512 finished_states=961974/2104413 elapsed_seconds=158.7
LAYER0_PROGRESS slice=237/512 states=[970196,974307) segments=32..=32 finished_slices=235/512 finished_states=966085/2104413 elapsed_seconds=158.9
LAYER0_PROGRESS slice=232/512 states=[949641,953752) segments=32..=32 finished_slices=236/512 finished_states=970196/2104413 elapsed_seconds=159.0
LAYER0_PROGRESS slice=236/512 states=[966085,970196) segments=32..=32 finished_slices=237/512 finished_states=974307/2104413 elapsed_seconds=159.6
LAYER0_PROGRESS slice=238/512 states=[974307,978418) segments=32..=32 finished_slices=238/512 finished_states=978418/2104413 elapsed_seconds=159.9
LAYER0_PROGRESS slice=240/512 states=[982529,986640) segments=32..=32 finished_slices=239/512 finished_states=982529/2104413 elapsed_seconds=159.9
LAYER0_PROGRESS slice=243/512 states=[994862,998973) segments=32..=32 finished_slices=240/512 finished_states=986640/2104413 elapsed_seconds=160.3
LAYER0_PROGRESS slice=239/512 states=[978418,982529) segments=32..=32 finished_slices=241/512 finished_states=990751/2104413 elapsed_seconds=160.6
LAYER0_PROGRESS slice=241/512 states=[986640,990751) segments=32..=32 finished_slices=242/512 finished_states=994862/2104413 elapsed_seconds=160.7
LAYER0_PROGRESS slice=242/512 states=[990751,994862) segments=32..=32 finished_slices=243/512 finished_states=998973/2104413 elapsed_seconds=160.8
LAYER0_PROGRESS slice=244/512 states=[998973,1003084) segments=32..=32 finished_slices=244/512 finished_states=1003084/2104413 elapsed_seconds=161.2
LAYER0_PROGRESS slice=249/512 states=[1019528,1023639) segments=32..=32 finished_slices=245/512 finished_states=1007195/2104413 elapsed_seconds=161.6
LAYER0_PROGRESS slice=245/512 states=[1003084,1007195) segments=32..=32 finished_slices=246/512 finished_states=1011306/2104413 elapsed_seconds=161.8
LAYER0_PROGRESS slice=246/512 states=[1007195,1011306) segments=32..=32 finished_slices=247/512 finished_states=1015417/2104413 elapsed_seconds=162.0
LAYER0_PROGRESS slice=248/512 states=[1015417,1019528) segments=32..=32 finished_slices=248/512 finished_states=1019528/2104413 elapsed_seconds=162.2
LAYER0_PROGRESS slice=247/512 states=[1011306,1015417) segments=32..=32 finished_slices=249/512 finished_states=1023639/2104413 elapsed_seconds=162.3
LAYER0_PROGRESS slice=250/512 states=[1023639,1027750) segments=32..=32 finished_slices=250/512 finished_states=1027750/2104413 elapsed_seconds=162.6
LAYER0_PROGRESS slice=251/512 states=[1027750,1031861) segments=32..=32 finished_slices=251/512 finished_states=1031861/2104413 elapsed_seconds=163.2
LAYER0_PROGRESS slice=253/512 states=[1035972,1040083) segments=32..=32 finished_slices=252/512 finished_states=1035972/2104413 elapsed_seconds=163.3
LAYER0_PROGRESS slice=252/512 states=[1031861,1035972) segments=32..=32 finished_slices=253/512 finished_states=1040083/2104413 elapsed_seconds=163.3
LAYER0_PROGRESS slice=254/512 states=[1040083,1044194) segments=32..=32 finished_slices=254/512 finished_states=1044194/2104413 elapsed_seconds=163.6
LAYER0_PROGRESS slice=255/512 states=[1044194,1048305) segments=32..=32 finished_slices=255/512 finished_states=1048305/2104413 elapsed_seconds=163.9
LAYER0_PROGRESS slice=256/512 states=[1048305,1052416) segments=32..=32 finished_slices=256/512 finished_states=1052416/2104413 elapsed_seconds=169.2
LAYER0_PROGRESS slice=257/512 states=[1052416,1056527) segments=32..=35 finished_slices=257/512 finished_states=1056527/2104413 elapsed_seconds=186.9
LAYER0_PROGRESS slice=258/512 states=[1056527,1060638) segments=35..=35 finished_slices=258/512 finished_states=1060638/2104413 elapsed_seconds=189.2
LAYER0_PROGRESS slice=259/512 states=[1060638,1064749) segments=35..=35 finished_slices=259/512 finished_states=1064749/2104413 elapsed_seconds=189.4
LAYER0_PROGRESS slice=261/512 states=[1068860,1072971) segments=35..=35 finished_slices=260/512 finished_states=1068860/2104413 elapsed_seconds=189.4
LAYER0_PROGRESS slice=260/512 states=[1064749,1068860) segments=35..=35 finished_slices=261/512 finished_states=1072971/2104413 elapsed_seconds=189.9
LAYER0_PROGRESS slice=262/512 states=[1072971,1077082) segments=35..=35 finished_slices=262/512 finished_states=1077082/2104413 elapsed_seconds=190.1
LAYER0_PROGRESS slice=263/512 states=[1077082,1081193) segments=35..=35 finished_slices=263/512 finished_states=1081193/2104413 elapsed_seconds=190.4
LAYER0_PROGRESS slice=267/512 states=[1093526,1097637) segments=35..=35 finished_slices=264/512 finished_states=1085304/2104413 elapsed_seconds=191.1
LAYER0_PROGRESS slice=266/512 states=[1089415,1093526) segments=35..=35 finished_slices=265/512 finished_states=1089415/2104413 elapsed_seconds=191.2
LAYER0_PROGRESS slice=265/512 states=[1085304,1089415) segments=35..=35 finished_slices=266/512 finished_states=1093526/2104413 elapsed_seconds=191.3
LAYER0_PROGRESS slice=268/512 states=[1097637,1101748) segments=35..=35 finished_slices=267/512 finished_states=1097637/2104413 elapsed_seconds=191.9
LAYER0_PROGRESS slice=264/512 states=[1081193,1085304) segments=35..=35 finished_slices=268/512 finished_states=1101748/2104413 elapsed_seconds=191.9
LAYER0_PROGRESS slice=270/512 states=[1105859,1109970) segments=35..=35 finished_slices=269/512 finished_states=1105859/2104413 elapsed_seconds=192.0
LAYER0_PROGRESS slice=271/512 states=[1109970,1114081) segments=35..=35 finished_slices=270/512 finished_states=1109970/2104413 elapsed_seconds=192.1
LAYER0_PROGRESS slice=272/512 states=[1114081,1118192) segments=35..=35 finished_slices=271/512 finished_states=1114081/2104413 elapsed_seconds=192.4
LAYER0_PROGRESS slice=269/512 states=[1101748,1105859) segments=35..=35 finished_slices=272/512 finished_states=1118192/2104413 elapsed_seconds=192.5
LAYER0_PROGRESS slice=274/512 states=[1122303,1126414) segments=35..=35 finished_slices=273/512 finished_states=1122303/2104413 elapsed_seconds=193.1
LAYER0_PROGRESS slice=273/512 states=[1118192,1122303) segments=35..=35 finished_slices=274/512 finished_states=1126414/2104413 elapsed_seconds=193.6
LAYER0_PROGRESS slice=275/512 states=[1126414,1130525) segments=35..=35 finished_slices=275/512 finished_states=1130525/2104413 elapsed_seconds=193.9
LAYER0_PROGRESS slice=276/512 states=[1130525,1134636) segments=35..=35 finished_slices=276/512 finished_states=1134636/2104413 elapsed_seconds=193.9
LAYER0_PROGRESS slice=277/512 states=[1134636,1138747) segments=35..=35 finished_slices=277/512 finished_states=1138747/2104413 elapsed_seconds=194.1
LAYER0_PROGRESS slice=279/512 states=[1142858,1146969) segments=35..=35 finished_slices=278/512 finished_states=1142858/2104413 elapsed_seconds=194.9
LAYER0_PROGRESS slice=280/512 states=[1146969,1151080) segments=35..=35 finished_slices=279/512 finished_states=1146969/2104413 elapsed_seconds=194.9
LAYER0_PROGRESS slice=278/512 states=[1138747,1142858) segments=35..=35 finished_slices=280/512 finished_states=1151080/2104413 elapsed_seconds=195.0
LAYER0_PROGRESS slice=281/512 states=[1151080,1155191) segments=35..=35 finished_slices=281/512 finished_states=1155191/2104413 elapsed_seconds=195.4
LAYER0_PROGRESS slice=282/512 states=[1155191,1159302) segments=35..=35 finished_slices=282/512 finished_states=1159302/2104413 elapsed_seconds=195.7
LAYER0_PROGRESS slice=283/512 states=[1159302,1163413) segments=35..=35 finished_slices=283/512 finished_states=1163413/2104413 elapsed_seconds=195.7
LAYER0_PROGRESS slice=284/512 states=[1163413,1167524) segments=35..=35 finished_slices=284/512 finished_states=1167524/2104413 elapsed_seconds=196.3
LAYER0_PROGRESS slice=285/512 states=[1167524,1171635) segments=35..=35 finished_slices=285/512 finished_states=1171635/2104413 elapsed_seconds=196.3
LAYER0_PROGRESS slice=286/512 states=[1171635,1175746) segments=35..=35 finished_slices=286/512 finished_states=1175746/2104413 elapsed_seconds=196.8
LAYER0_PROGRESS slice=287/512 states=[1175746,1179857) segments=35..=35 finished_slices=287/512 finished_states=1179857/2104413 elapsed_seconds=197.6
LAYER0_PROGRESS slice=288/512 states=[1179857,1183968) segments=35..=35 finished_slices=288/512 finished_states=1183968/2104413 elapsed_seconds=202.0
LAYER0_PROGRESS slice=289/512 states=[1183968,1188079) segments=35..=35 finished_slices=289/512 finished_states=1188079/2104413 elapsed_seconds=218.4
LAYER0_PROGRESS slice=290/512 states=[1188079,1192190) segments=35..=35 finished_slices=290/512 finished_states=1192190/2104413 elapsed_seconds=221.4
LAYER0_PROGRESS slice=294/512 states=[1204523,1208634) segments=35..=35 finished_slices=291/512 finished_states=1196301/2104413 elapsed_seconds=221.7
LAYER0_PROGRESS slice=292/512 states=[1196301,1200412) segments=35..=35 finished_slices=292/512 finished_states=1200412/2104413 elapsed_seconds=221.7
LAYER0_PROGRESS slice=291/512 states=[1192190,1196301) segments=35..=35 finished_slices=293/512 finished_states=1204523/2104413 elapsed_seconds=221.8
LAYER0_PROGRESS slice=295/512 states=[1208634,1212745) segments=35..=35 finished_slices=294/512 finished_states=1208634/2104413 elapsed_seconds=221.9
LAYER0_PROGRESS slice=293/512 states=[1200412,1204523) segments=35..=35 finished_slices=295/512 finished_states=1212745/2104413 elapsed_seconds=222.3
LAYER0_PROGRESS slice=296/512 states=[1212745,1216856) segments=35..=35 finished_slices=296/512 finished_states=1216856/2104413 elapsed_seconds=222.7
LAYER0_PROGRESS slice=297/512 states=[1216856,1220967) segments=35..=35 finished_slices=297/512 finished_states=1220967/2104413 elapsed_seconds=222.9
LAYER0_PROGRESS slice=298/512 states=[1220967,1225078) segments=35..=35 finished_slices=298/512 finished_states=1225078/2104413 elapsed_seconds=223.2
LAYER0_PROGRESS slice=301/512 states=[1233300,1237411) segments=35..=35 finished_slices=299/512 finished_states=1229189/2104413 elapsed_seconds=223.6
LAYER0_PROGRESS slice=302/512 states=[1237411,1241522) segments=35..=35 finished_slices=300/512 finished_states=1233300/2104413 elapsed_seconds=224.0
LAYER0_PROGRESS slice=303/512 states=[1241522,1245633) segments=35..=35 finished_slices=301/512 finished_states=1237411/2104413 elapsed_seconds=224.1
LAYER0_PROGRESS slice=299/512 states=[1225078,1229189) segments=35..=35 finished_slices=302/512 finished_states=1241522/2104413 elapsed_seconds=224.5
LAYER0_PROGRESS slice=300/512 states=[1229189,1233300) segments=35..=35 finished_slices=303/512 finished_states=1245633/2104413 elapsed_seconds=224.5
LAYER0_PROGRESS slice=305/512 states=[1249744,1253855) segments=35..=35 finished_slices=304/512 finished_states=1249744/2104413 elapsed_seconds=224.8
LAYER0_PROGRESS slice=304/512 states=[1245633,1249744) segments=35..=35 finished_slices=305/512 finished_states=1253855/2104413 elapsed_seconds=224.8
LAYER0_PROGRESS slice=306/512 states=[1253855,1257966) segments=35..=35 finished_slices=306/512 finished_states=1257966/2104413 elapsed_seconds=225.2
LAYER0_PROGRESS slice=308/512 states=[1262077,1266188) segments=35..=35 finished_slices=307/512 finished_states=1262077/2104413 elapsed_seconds=225.8
LAYER0_PROGRESS slice=307/512 states=[1257966,1262077) segments=35..=35 finished_slices=308/512 finished_states=1266188/2104413 elapsed_seconds=226.2
LAYER0_PROGRESS slice=309/512 states=[1266188,1270299) segments=35..=35 finished_slices=309/512 finished_states=1270299/2104413 elapsed_seconds=226.8
LAYER0_PROGRESS slice=315/512 states=[1290854,1294965) segments=35..=35 finished_slices=310/512 finished_states=1274410/2104413 elapsed_seconds=227.4
LAYER0_PROGRESS slice=310/512 states=[1270299,1274410) segments=35..=35 finished_slices=311/512 finished_states=1278521/2104413 elapsed_seconds=227.7
LAYER0_PROGRESS slice=314/512 states=[1286743,1290854) segments=35..=35 finished_slices=312/512 finished_states=1282632/2104413 elapsed_seconds=228.2
LAYER0_PROGRESS slice=312/512 states=[1278521,1282632) segments=35..=35 finished_slices=313/512 finished_states=1286743/2104413 elapsed_seconds=228.2
LAYER0_PROGRESS slice=311/512 states=[1274410,1278521) segments=35..=35 finished_slices=314/512 finished_states=1290854/2104413 elapsed_seconds=228.3
LAYER0_PROGRESS slice=313/512 states=[1282632,1286743) segments=35..=35 finished_slices=315/512 finished_states=1294965/2104413 elapsed_seconds=228.5
LAYER0_PROGRESS slice=316/512 states=[1294965,1299076) segments=35..=35 finished_slices=316/512 finished_states=1299076/2104413 elapsed_seconds=229.8
LAYER0_PROGRESS slice=317/512 states=[1299076,1303187) segments=35..=35 finished_slices=317/512 finished_states=1303187/2104413 elapsed_seconds=230.2
LAYER0_PROGRESS slice=318/512 states=[1303187,1307298) segments=35..=35 finished_slices=318/512 finished_states=1307298/2104413 elapsed_seconds=230.3
LAYER0_PROGRESS slice=319/512 states=[1307298,1311409) segments=35..=35 finished_slices=319/512 finished_states=1311409/2104413 elapsed_seconds=230.6
LAYER0_PROGRESS slice=320/512 states=[1311409,1315520) segments=35..=35 finished_slices=320/512 finished_states=1315520/2104413 elapsed_seconds=236.0
LAYER0_PROGRESS slice=321/512 states=[1315520,1319631) segments=35..=38 finished_slices=321/512 finished_states=1319631/2104413 elapsed_seconds=259.7
LAYER0_PROGRESS slice=323/512 states=[1323742,1327853) segments=38..=38 finished_slices=322/512 finished_states=1323742/2104413 elapsed_seconds=263.3
LAYER0_PROGRESS slice=322/512 states=[1319631,1323742) segments=38..=38 finished_slices=323/512 finished_states=1327853/2104413 elapsed_seconds=263.4
LAYER0_PROGRESS slice=329/512 states=[1348408,1352519) segments=38..=38 finished_slices=324/512 finished_states=1331964/2104413 elapsed_seconds=264.0
LAYER0_PROGRESS slice=326/512 states=[1336075,1340186) segments=38..=38 finished_slices=325/512 finished_states=1336075/2104413 elapsed_seconds=264.0
LAYER0_PROGRESS slice=327/512 states=[1340186,1344297) segments=38..=38 finished_slices=326/512 finished_states=1340186/2104413 elapsed_seconds=264.2
LAYER0_PROGRESS slice=330/512 states=[1352519,1356630) segments=38..=38 finished_slices=327/512 finished_states=1344297/2104413 elapsed_seconds=264.6
LAYER0_PROGRESS slice=324/512 states=[1327853,1331964) segments=38..=38 finished_slices=328/512 finished_states=1348408/2104413 elapsed_seconds=264.6
LAYER0_PROGRESS slice=325/512 states=[1331964,1336075) segments=38..=38 finished_slices=329/512 finished_states=1352519/2104413 elapsed_seconds=265.0
LAYER0_PROGRESS slice=331/512 states=[1356630,1360741) segments=38..=38 finished_slices=330/512 finished_states=1356630/2104413 elapsed_seconds=265.0
LAYER0_PROGRESS slice=333/512 states=[1364852,1368963) segments=38..=38 finished_slices=331/512 finished_states=1360741/2104413 elapsed_seconds=265.7
LAYER0_PROGRESS slice=336/512 states=[1377185,1381296) segments=38..=38 finished_slices=332/512 finished_states=1364852/2104413 elapsed_seconds=265.9
LAYER0_PROGRESS slice=328/512 states=[1344297,1348408) segments=38..=38 finished_slices=333/512 finished_states=1368963/2104413 elapsed_seconds=266.0
LAYER0_PROGRESS slice=335/512 states=[1373074,1377185) segments=38..=38 finished_slices=334/512 finished_states=1373074/2104413 elapsed_seconds=266.9
LAYER0_PROGRESS slice=337/512 states=[1381296,1385407) segments=38..=38 finished_slices=335/512 finished_states=1377185/2104413 elapsed_seconds=267.3
LAYER0_PROGRESS slice=338/512 states=[1385407,1389518) segments=38..=38 finished_slices=336/512 finished_states=1381296/2104413 elapsed_seconds=267.3
LAYER0_PROGRESS slice=334/512 states=[1368963,1373074) segments=38..=38 finished_slices=337/512 finished_states=1385407/2104413 elapsed_seconds=267.4
LAYER0_PROGRESS slice=332/512 states=[1360741,1364852) segments=38..=38 finished_slices=338/512 finished_states=1389518/2104413 elapsed_seconds=268.1
LAYER0_PROGRESS slice=343/512 states=[1405962,1410073) segments=38..=38 finished_slices=339/512 finished_states=1393629/2104413 elapsed_seconds=269.4
LAYER0_PROGRESS slice=339/512 states=[1389518,1393629) segments=38..=38 finished_slices=340/512 finished_states=1397740/2104413 elapsed_seconds=269.8
LAYER0_PROGRESS slice=341/512 states=[1397740,1401851) segments=38..=38 finished_slices=341/512 finished_states=1401851/2104413 elapsed_seconds=269.9
LAYER0_PROGRESS slice=348/512 states=[1426517,1430628) segments=38..=38 finished_slices=342/512 finished_states=1405962/2104413 elapsed_seconds=269.9
LAYER0_PROGRESS slice=345/512 states=[1414184,1418295) segments=38..=38 finished_slices=343/512 finished_states=1410073/2104413 elapsed_seconds=270.1
LAYER0_PROGRESS slice=340/512 states=[1393629,1397740) segments=38..=38 finished_slices=344/512 finished_states=1414184/2104413 elapsed_seconds=270.1
LAYER0_PROGRESS slice=347/512 states=[1422406,1426517) segments=38..=38 finished_slices=345/512 finished_states=1418295/2104413 elapsed_seconds=270.3
LAYER0_PROGRESS slice=342/512 states=[1401851,1405962) segments=38..=38 finished_slices=346/512 finished_states=1422406/2104413 elapsed_seconds=270.7
LAYER0_PROGRESS slice=344/512 states=[1410073,1414184) segments=38..=38 finished_slices=347/512 finished_states=1426517/2104413 elapsed_seconds=270.9
LAYER0_PROGRESS slice=350/512 states=[1434739,1438850) segments=38..=38 finished_slices=348/512 finished_states=1430628/2104413 elapsed_seconds=271.1
LAYER0_PROGRESS slice=346/512 states=[1418295,1422406) segments=38..=38 finished_slices=349/512 finished_states=1434739/2104413 elapsed_seconds=271.2
LAYER0_PROGRESS slice=351/512 states=[1438850,1442961) segments=38..=38 finished_slices=350/512 finished_states=1438850/2104413 elapsed_seconds=271.2
LAYER0_PROGRESS slice=349/512 states=[1430628,1434739) segments=38..=38 finished_slices=351/512 finished_states=1442961/2104413 elapsed_seconds=272.5
LAYER0_PROGRESS slice=352/512 states=[1442961,1447072) segments=38..=38 finished_slices=352/512 finished_states=1447072/2104413 elapsed_seconds=277.5
LAYER0_PROGRESS slice=353/512 states=[1447072,1451183) segments=38..=38 finished_slices=353/512 finished_states=1451183/2104413 elapsed_seconds=299.2
LAYER0_PROGRESS slice=355/512 states=[1455294,1459405) segments=38..=38 finished_slices=354/512 finished_states=1455294/2104413 elapsed_seconds=302.8
LAYER0_PROGRESS slice=356/512 states=[1459405,1463516) segments=38..=38 finished_slices=355/512 finished_states=1459405/2104413 elapsed_seconds=303.3
LAYER0_PROGRESS slice=354/512 states=[1451183,1455294) segments=38..=38 finished_slices=356/512 finished_states=1463516/2104413 elapsed_seconds=303.5
LAYER0_PROGRESS slice=359/512 states=[1471738,1475849) segments=38..=38 finished_slices=357/512 finished_states=1467627/2104413 elapsed_seconds=303.9
LAYER0_PROGRESS slice=361/512 states=[1479960,1484071) segments=38..=38 finished_slices=358/512 finished_states=1471738/2104413 elapsed_seconds=304.0
LAYER0_PROGRESS slice=362/512 states=[1484071,1488182) segments=38..=38 finished_slices=359/512 finished_states=1475849/2104413 elapsed_seconds=304.1
LAYER0_PROGRESS slice=357/512 states=[1463516,1467627) segments=38..=38 finished_slices=360/512 finished_states=1479960/2104413 elapsed_seconds=304.2
LAYER0_PROGRESS slice=358/512 states=[1467627,1471738) segments=38..=38 finished_slices=361/512 finished_states=1484071/2104413 elapsed_seconds=304.3
LAYER0_PROGRESS slice=360/512 states=[1475849,1479960) segments=38..=38 finished_slices=362/512 finished_states=1488182/2104413 elapsed_seconds=304.9
LAYER0_PROGRESS slice=363/512 states=[1488182,1492293) segments=38..=38 finished_slices=363/512 finished_states=1492293/2104413 elapsed_seconds=305.0
LAYER0_PROGRESS slice=364/512 states=[1492293,1496404) segments=38..=38 finished_slices=364/512 finished_states=1496404/2104413 elapsed_seconds=305.1
LAYER0_PROGRESS slice=366/512 states=[1500515,1504626) segments=38..=38 finished_slices=365/512 finished_states=1500515/2104413 elapsed_seconds=305.9
LAYER0_PROGRESS slice=365/512 states=[1496404,1500515) segments=38..=38 finished_slices=366/512 finished_states=1504626/2104413 elapsed_seconds=306.1
LAYER0_PROGRESS slice=367/512 states=[1504626,1508737) segments=38..=38 finished_slices=367/512 finished_states=1508737/2104413 elapsed_seconds=306.5
LAYER0_PROGRESS slice=368/512 states=[1508737,1512848) segments=38..=38 finished_slices=368/512 finished_states=1512848/2104413 elapsed_seconds=307.5
LAYER0_PROGRESS slice=369/512 states=[1512848,1516959) segments=38..=38 finished_slices=369/512 finished_states=1516959/2104413 elapsed_seconds=307.7
LAYER0_PROGRESS slice=370/512 states=[1516959,1521070) segments=38..=38 finished_slices=370/512 finished_states=1521070/2104413 elapsed_seconds=308.2
LAYER0_PROGRESS slice=371/512 states=[1521070,1525181) segments=38..=38 finished_slices=371/512 finished_states=1525181/2104413 elapsed_seconds=308.7
LAYER0_PROGRESS slice=374/512 states=[1533403,1537514) segments=38..=38 finished_slices=372/512 finished_states=1529292/2104413 elapsed_seconds=309.2
LAYER0_PROGRESS slice=375/512 states=[1537514,1541625) segments=38..=38 finished_slices=373/512 finished_states=1533403/2104413 elapsed_seconds=309.4
LAYER0_PROGRESS slice=377/512 states=[1545736,1549847) segments=38..=38 finished_slices=374/512 finished_states=1537514/2104413 elapsed_seconds=309.5
LAYER0_PROGRESS slice=372/512 states=[1525181,1529292) segments=38..=38 finished_slices=375/512 finished_states=1541625/2104413 elapsed_seconds=310.1
LAYER0_PROGRESS slice=373/512 states=[1529292,1533403) segments=38..=38 finished_slices=376/512 finished_states=1545736/2104413 elapsed_seconds=310.2
LAYER0_PROGRESS slice=380/512 states=[1558069,1562180) segments=38..=38 finished_slices=377/512 finished_states=1549847/2104413 elapsed_seconds=310.3
LAYER0_PROGRESS slice=382/512 states=[1566291,1570402) segments=38..=38 finished_slices=378/512 finished_states=1553958/2104413 elapsed_seconds=310.3
LAYER0_PROGRESS slice=376/512 states=[1541625,1545736) segments=38..=38 finished_slices=379/512 finished_states=1558069/2104413 elapsed_seconds=310.3
LAYER0_PROGRESS slice=378/512 states=[1549847,1553958) segments=38..=38 finished_slices=380/512 finished_states=1562180/2104413 elapsed_seconds=311.0
LAYER0_PROGRESS slice=379/512 states=[1553958,1558069) segments=38..=38 finished_slices=381/512 finished_states=1566291/2104413 elapsed_seconds=311.1
LAYER0_PROGRESS slice=381/512 states=[1562180,1566291) segments=38..=38 finished_slices=382/512 finished_states=1570402/2104413 elapsed_seconds=311.3
LAYER0_PROGRESS slice=383/512 states=[1570402,1574513) segments=38..=38 finished_slices=383/512 finished_states=1574513/2104413 elapsed_seconds=312.7
LAYER0_PROGRESS slice=384/512 states=[1574513,1578624) segments=38..=41 finished_slices=384/512 finished_states=1578624/2104413 elapsed_seconds=318.7
LAYER0_PROGRESS slice=385/512 states=[1578624,1582735) segments=41..=41 finished_slices=385/512 finished_states=1582735/2104413 elapsed_seconds=346.0
LAYER0_PROGRESS slice=386/512 states=[1582735,1586846) segments=41..=41 finished_slices=386/512 finished_states=1586846/2104413 elapsed_seconds=349.6
LAYER0_PROGRESS slice=387/512 states=[1586846,1590957) segments=41..=41 finished_slices=387/512 finished_states=1590957/2104413 elapsed_seconds=350.0
LAYER0_PROGRESS slice=389/512 states=[1595068,1599179) segments=41..=41 finished_slices=388/512 finished_states=1595068/2104413 elapsed_seconds=350.7
LAYER0_PROGRESS slice=391/512 states=[1603290,1607401) segments=41..=41 finished_slices=389/512 finished_states=1599179/2104413 elapsed_seconds=350.7
LAYER0_PROGRESS slice=390/512 states=[1599179,1603290) segments=41..=41 finished_slices=390/512 finished_states=1603290/2104413 elapsed_seconds=350.9
LAYER0_PROGRESS slice=388/512 states=[1590957,1595068) segments=41..=41 finished_slices=391/512 finished_states=1607401/2104413 elapsed_seconds=351.7
LAYER0_PROGRESS slice=396/512 states=[1623845,1627956) segments=41..=41 finished_slices=392/512 finished_states=1611512/2104413 elapsed_seconds=352.0
LAYER0_PROGRESS slice=395/512 states=[1619734,1623845) segments=41..=41 finished_slices=393/512 finished_states=1615623/2104413 elapsed_seconds=352.1
LAYER0_PROGRESS slice=393/512 states=[1611512,1615623) segments=41..=41 finished_slices=394/512 finished_states=1619734/2104413 elapsed_seconds=352.3
LAYER0_PROGRESS slice=392/512 states=[1607401,1611512) segments=41..=41 finished_slices=395/512 finished_states=1623845/2104413 elapsed_seconds=352.3
LAYER0_PROGRESS slice=397/512 states=[1627956,1632067) segments=41..=41 finished_slices=396/512 finished_states=1627956/2104413 elapsed_seconds=352.7
LAYER0_PROGRESS slice=394/512 states=[1615623,1619734) segments=41..=41 finished_slices=397/512 finished_states=1632067/2104413 elapsed_seconds=352.9
LAYER0_PROGRESS slice=399/512 states=[1636178,1640289) segments=41..=41 finished_slices=398/512 finished_states=1636178/2104413 elapsed_seconds=353.4
LAYER0_PROGRESS slice=398/512 states=[1632067,1636178) segments=41..=41 finished_slices=399/512 finished_states=1640289/2104413 elapsed_seconds=354.1
LAYER0_PROGRESS slice=403/512 states=[1652622,1656733) segments=41..=41 finished_slices=400/512 finished_states=1644400/2104413 elapsed_seconds=355.5
LAYER0_PROGRESS slice=400/512 states=[1640289,1644400) segments=41..=41 finished_slices=401/512 finished_states=1648511/2104413 elapsed_seconds=355.5
LAYER0_PROGRESS slice=401/512 states=[1644400,1648511) segments=41..=41 finished_slices=402/512 finished_states=1652622/2104413 elapsed_seconds=355.7
LAYER0_PROGRESS slice=404/512 states=[1656733,1660844) segments=41..=41 finished_slices=403/512 finished_states=1656733/2104413 elapsed_seconds=355.9
LAYER0_PROGRESS slice=405/512 states=[1660844,1664955) segments=41..=41 finished_slices=404/512 finished_states=1660844/2104413 elapsed_seconds=356.0
LAYER0_PROGRESS slice=402/512 states=[1648511,1652622) segments=41..=41 finished_slices=405/512 finished_states=1664955/2104413 elapsed_seconds=356.1
LAYER0_PROGRESS slice=406/512 states=[1664955,1669066) segments=41..=41 finished_slices=406/512 finished_states=1669066/2104413 elapsed_seconds=356.3
LAYER0_PROGRESS slice=409/512 states=[1677288,1681399) segments=41..=41 finished_slices=407/512 finished_states=1673177/2104413 elapsed_seconds=357.2
LAYER0_PROGRESS slice=410/512 states=[1681399,1685510) segments=41..=41 finished_slices=408/512 finished_states=1677288/2104413 elapsed_seconds=357.5
LAYER0_PROGRESS slice=407/512 states=[1669066,1673177) segments=41..=41 finished_slices=409/512 finished_states=1681399/2104413 elapsed_seconds=358.1
LAYER0_PROGRESS slice=408/512 states=[1673177,1677288) segments=41..=41 finished_slices=410/512 finished_states=1685510/2104413 elapsed_seconds=358.1
LAYER0_PROGRESS slice=411/512 states=[1685510,1689621) segments=41..=41 finished_slices=411/512 finished_states=1689621/2104413 elapsed_seconds=358.3
LAYER0_PROGRESS slice=412/512 states=[1689621,1693732) segments=41..=41 finished_slices=412/512 finished_states=1693732/2104413 elapsed_seconds=359.0
LAYER0_PROGRESS slice=413/512 states=[1693732,1697843) segments=41..=41 finished_slices=413/512 finished_states=1697843/2104413 elapsed_seconds=359.2
LAYER0_PROGRESS slice=414/512 states=[1697843,1701954) segments=41..=41 finished_slices=414/512 finished_states=1701954/2104413 elapsed_seconds=359.4
LAYER0_PROGRESS slice=415/512 states=[1701954,1706065) segments=41..=41 finished_slices=415/512 finished_states=1706065/2104413 elapsed_seconds=360.7
LAYER0_PROGRESS slice=416/512 states=[1706065,1710176) segments=41..=41 finished_slices=416/512 finished_states=1710176/2104413 elapsed_seconds=366.7
LAYER0_PROGRESS slice=417/512 states=[1710176,1714287) segments=41..=41 finished_slices=417/512 finished_states=1714287/2104413 elapsed_seconds=392.8
LAYER0_PROGRESS slice=418/512 states=[1714287,1718398) segments=41..=41 finished_slices=418/512 finished_states=1718398/2104413 elapsed_seconds=396.8
LAYER0_PROGRESS slice=419/512 states=[1718398,1722509) segments=41..=41 finished_slices=419/512 finished_states=1722509/2104413 elapsed_seconds=396.8
LAYER0_PROGRESS slice=421/512 states=[1726620,1730731) segments=41..=41 finished_slices=420/512 finished_states=1726620/2104413 elapsed_seconds=397.5
LAYER0_PROGRESS slice=422/512 states=[1730731,1734842) segments=41..=41 finished_slices=421/512 finished_states=1730731/2104413 elapsed_seconds=397.9
LAYER0_PROGRESS slice=420/512 states=[1722509,1726620) segments=41..=41 finished_slices=422/512 finished_states=1734842/2104413 elapsed_seconds=398.4
LAYER0_PROGRESS slice=424/512 states=[1738953,1743064) segments=41..=41 finished_slices=423/512 finished_states=1738953/2104413 elapsed_seconds=398.9
LAYER0_PROGRESS slice=425/512 states=[1743064,1747175) segments=41..=41 finished_slices=424/512 finished_states=1743064/2104413 elapsed_seconds=399.0
LAYER0_PROGRESS slice=428/512 states=[1755397,1759508) segments=41..=41 finished_slices=425/512 finished_states=1747175/2104413 elapsed_seconds=399.5
LAYER0_PROGRESS slice=423/512 states=[1734842,1738953) segments=41..=41 finished_slices=426/512 finished_states=1751286/2104413 elapsed_seconds=399.7
LAYER0_PROGRESS slice=430/512 states=[1763619,1767730) segments=41..=41 finished_slices=427/512 finished_states=1755397/2104413 elapsed_seconds=400.3
LAYER0_PROGRESS slice=426/512 states=[1747175,1751286) segments=41..=41 finished_slices=428/512 finished_states=1759508/2104413 elapsed_seconds=400.3
LAYER0_PROGRESS slice=427/512 states=[1751286,1755397) segments=41..=41 finished_slices=429/512 finished_states=1763619/2104413 elapsed_seconds=400.3
LAYER0_PROGRESS slice=429/512 states=[1759508,1763619) segments=41..=41 finished_slices=430/512 finished_states=1767730/2104413 elapsed_seconds=400.9
LAYER0_PROGRESS slice=431/512 states=[1767730,1771841) segments=41..=41 finished_slices=431/512 finished_states=1771841/2104413 elapsed_seconds=402.2
LAYER0_PROGRESS slice=432/512 states=[1771841,1775952) segments=41..=41 finished_slices=432/512 finished_states=1775952/2104413 elapsed_seconds=402.2
LAYER0_PROGRESS slice=436/512 states=[1788285,1792396) segments=41..=41 finished_slices=433/512 finished_states=1780063/2104413 elapsed_seconds=402.8
LAYER0_PROGRESS slice=435/512 states=[1784174,1788285) segments=41..=41 finished_slices=434/512 finished_states=1784174/2104413 elapsed_seconds=402.8
LAYER0_PROGRESS slice=438/512 states=[1796507,1800618) segments=41..=41 finished_slices=435/512 finished_states=1788285/2104413 elapsed_seconds=403.1
LAYER0_PROGRESS slice=433/512 states=[1775952,1780063) segments=41..=41 finished_slices=436/512 finished_states=1792396/2104413 elapsed_seconds=403.6
LAYER0_PROGRESS slice=434/512 states=[1780063,1784174) segments=41..=41 finished_slices=437/512 finished_states=1796507/2104413 elapsed_seconds=403.7
LAYER0_PROGRESS slice=439/512 states=[1800618,1804729) segments=41..=41 finished_slices=438/512 finished_states=1800618/2104413 elapsed_seconds=404.1
LAYER0_PROGRESS slice=437/512 states=[1792396,1796507) segments=41..=41 finished_slices=439/512 finished_states=1804729/2104413 elapsed_seconds=404.2
LAYER0_PROGRESS slice=440/512 states=[1804729,1808840) segments=41..=41 finished_slices=440/512 finished_states=1808840/2104413 elapsed_seconds=404.4
LAYER0_PROGRESS slice=441/512 states=[1808840,1812951) segments=41..=41 finished_slices=441/512 finished_states=1812951/2104413 elapsed_seconds=405.5
LAYER0_PROGRESS slice=442/512 states=[1812951,1817062) segments=41..=41 finished_slices=442/512 finished_states=1817062/2104413 elapsed_seconds=406.1
LAYER0_PROGRESS slice=443/512 states=[1817062,1821173) segments=41..=41 finished_slices=443/512 finished_states=1821173/2104413 elapsed_seconds=406.3
LAYER0_PROGRESS slice=444/512 states=[1821173,1825284) segments=41..=41 finished_slices=444/512 finished_states=1825284/2104413 elapsed_seconds=407.0
LAYER0_PROGRESS slice=445/512 states=[1825284,1829395) segments=41..=41 finished_slices=445/512 finished_states=1829395/2104413 elapsed_seconds=407.3
LAYER0_PROGRESS slice=446/512 states=[1829395,1833506) segments=41..=41 finished_slices=446/512 finished_states=1833506/2104413 elapsed_seconds=407.4
LAYER0_PROGRESS slice=447/512 states=[1833506,1837617) segments=41..=41 finished_slices=447/512 finished_states=1837617/2104413 elapsed_seconds=408.8
LAYER0_PROGRESS slice=448/512 states=[1837617,1841728) segments=41..=47 finished_slices=448/512 finished_states=1841728/2104413 elapsed_seconds=415.8
LAYER0_PROGRESS slice=449/512 states=[1841728,1845839) segments=47..=50 finished_slices=449/512 finished_states=1845839/2104413 elapsed_seconds=437.5
LAYER0_PROGRESS slice=450/512 states=[1845839,1849950) segments=50..=50 finished_slices=450/512 finished_states=1849950/2104413 elapsed_seconds=442.5
LAYER0_PROGRESS slice=451/512 states=[1849950,1854061) segments=50..=50 finished_slices=451/512 finished_states=1854061/2104413 elapsed_seconds=442.8
LAYER0_PROGRESS slice=452/512 states=[1854061,1858172) segments=50..=50 finished_slices=452/512 finished_states=1858172/2104413 elapsed_seconds=443.8
LAYER0_PROGRESS slice=456/512 states=[1870505,1874616) segments=50..=50 finished_slices=453/512 finished_states=1862283/2104413 elapsed_seconds=444.4
LAYER0_PROGRESS slice=455/512 states=[1866394,1870505) segments=50..=50 finished_slices=454/512 finished_states=1866394/2104413 elapsed_seconds=444.5
LAYER0_PROGRESS slice=453/512 states=[1858172,1862283) segments=50..=50 finished_slices=455/512 finished_states=1870505/2104413 elapsed_seconds=444.6
LAYER0_PROGRESS slice=457/512 states=[1874616,1878727) segments=50..=50 finished_slices=456/512 finished_states=1874616/2104413 elapsed_seconds=445.0
LAYER0_PROGRESS slice=454/512 states=[1862283,1866394) segments=50..=50 finished_slices=457/512 finished_states=1878727/2104413 elapsed_seconds=445.7
LAYER0_PROGRESS slice=458/512 states=[1878727,1882838) segments=50..=50 finished_slices=458/512 finished_states=1882838/2104413 elapsed_seconds=445.9
LAYER0_PROGRESS slice=459/512 states=[1882838,1886949) segments=50..=50 finished_slices=459/512 finished_states=1886949/2104413 elapsed_seconds=446.2
LAYER0_PROGRESS slice=461/512 states=[1891060,1895171) segments=50..=50 finished_slices=460/512 finished_states=1891060/2104413 elapsed_seconds=447.1
LAYER0_PROGRESS slice=464/512 states=[1903393,1907504) segments=50..=50 finished_slices=461/512 finished_states=1895171/2104413 elapsed_seconds=447.6
LAYER0_PROGRESS slice=460/512 states=[1886949,1891060) segments=50..=50 finished_slices=462/512 finished_states=1899282/2104413 elapsed_seconds=447.6
LAYER0_PROGRESS slice=462/512 states=[1895171,1899282) segments=50..=50 finished_slices=463/512 finished_states=1903393/2104413 elapsed_seconds=447.7
LAYER0_PROGRESS slice=466/512 states=[1911615,1915726) segments=50..=50 finished_slices=464/512 finished_states=1907504/2104413 elapsed_seconds=448.4
LAYER0_PROGRESS slice=467/512 states=[1915726,1919837) segments=50..=50 finished_slices=465/512 finished_states=1911615/2104413 elapsed_seconds=448.6
LAYER0_PROGRESS slice=465/512 states=[1907504,1911615) segments=50..=50 finished_slices=466/512 finished_states=1915726/2104413 elapsed_seconds=449.0
LAYER0_PROGRESS slice=463/512 states=[1899282,1903393) segments=50..=50 finished_slices=467/512 finished_states=1919837/2104413 elapsed_seconds=449.4
LAYER0_PROGRESS slice=470/512 states=[1928059,1932170) segments=50..=50 finished_slices=468/512 finished_states=1923948/2104413 elapsed_seconds=449.7
LAYER0_PROGRESS slice=469/512 states=[1923948,1928059) segments=50..=50 finished_slices=469/512 finished_states=1928059/2104413 elapsed_seconds=449.7
LAYER0_PROGRESS slice=472/512 states=[1936281,1940392) segments=50..=50 finished_slices=470/512 finished_states=1932170/2104413 elapsed_seconds=450.0
LAYER0_PROGRESS slice=468/512 states=[1919837,1923948) segments=50..=50 finished_slices=471/512 finished_states=1936281/2104413 elapsed_seconds=450.6
LAYER0_PROGRESS slice=473/512 states=[1940392,1944503) segments=50..=50 finished_slices=472/512 finished_states=1940392/2104413 elapsed_seconds=451.0
LAYER0_PROGRESS slice=471/512 states=[1932170,1936281) segments=50..=50 finished_slices=473/512 finished_states=1944503/2104413 elapsed_seconds=451.0
LAYER0_PROGRESS slice=476/512 states=[1952725,1956836) segments=50..=50 finished_slices=474/512 finished_states=1948614/2104413 elapsed_seconds=452.7
LAYER0_PROGRESS slice=474/512 states=[1944503,1948614) segments=50..=50 finished_slices=475/512 finished_states=1952725/2104413 elapsed_seconds=452.8
LAYER0_PROGRESS slice=475/512 states=[1948614,1952725) segments=50..=50 finished_slices=476/512 finished_states=1956836/2104413 elapsed_seconds=454.0
LAYER0_PROGRESS slice=477/512 states=[1956836,1960947) segments=50..=50 finished_slices=477/512 finished_states=1960947/2104413 elapsed_seconds=454.2
LAYER0_PROGRESS slice=478/512 states=[1960947,1965058) segments=50..=50 finished_slices=478/512 finished_states=1965058/2104413 elapsed_seconds=454.3
LAYER0_PROGRESS slice=479/512 states=[1965058,1969169) segments=50..=50 finished_slices=479/512 finished_states=1969169/2104413 elapsed_seconds=455.5
LAYER0_PROGRESS slice=480/512 states=[1969169,1973280) segments=50..=50 finished_slices=480/512 finished_states=1973280/2104413 elapsed_seconds=462.4
LAYER0_PROGRESS slice=481/512 states=[1973280,1977391) segments=50..=50 finished_slices=481/512 finished_states=1977391/2104413 elapsed_seconds=483.3
LAYER0_PROGRESS slice=482/512 states=[1977391,1981502) segments=50..=50 finished_slices=482/512 finished_states=1981502/2104413 elapsed_seconds=487.9
LAYER0_PROGRESS slice=483/512 states=[1981502,1985613) segments=50..=50 finished_slices=483/512 finished_states=1985613/2104413 elapsed_seconds=489.2
LAYER0_PROGRESS slice=485/512 states=[1989724,1993835) segments=50..=50 finished_slices=484/512 finished_states=1989724/2104413 elapsed_seconds=489.6
LAYER0_PROGRESS slice=486/512 states=[1993835,1997946) segments=50..=50 finished_slices=485/512 finished_states=1993835/2104413 elapsed_seconds=489.9
LAYER0_PROGRESS slice=484/512 states=[1985613,1989724) segments=50..=50 finished_slices=486/512 finished_states=1997946/2104413 elapsed_seconds=490.1
LAYER0_PROGRESS slice=488/512 states=[2002057,2006168) segments=50..=50 finished_slices=487/512 finished_states=2002057/2104413 elapsed_seconds=490.2
LAYER0_PROGRESS slice=490/512 states=[2010279,2014390) segments=50..=50 finished_slices=488/512 finished_states=2006168/2104413 elapsed_seconds=491.1
LAYER0_PROGRESS slice=487/512 states=[1997946,2002057) segments=50..=50 finished_slices=489/512 finished_states=2010279/2104413 elapsed_seconds=491.1
LAYER0_PROGRESS slice=489/512 states=[2006168,2010279) segments=50..=50 finished_slices=490/512 finished_states=2014390/2104413 elapsed_seconds=492.1
LAYER0_PROGRESS slice=491/512 states=[2014390,2018501) segments=50..=50 finished_slices=491/512 finished_states=2018501/2104413 elapsed_seconds=492.4
LAYER0_PROGRESS slice=493/512 states=[2022612,2026723) segments=50..=50 finished_slices=492/512 finished_states=2022612/2104413 elapsed_seconds=492.6
LAYER0_PROGRESS slice=492/512 states=[2018501,2022612) segments=50..=50 finished_slices=493/512 finished_states=2026723/2104413 elapsed_seconds=493.4
LAYER0_PROGRESS slice=496/512 states=[2034945,2039056) segments=50..=50 finished_slices=494/512 finished_states=2030834/2104413 elapsed_seconds=493.4
LAYER0_PROGRESS slice=494/512 states=[2026723,2030834) segments=50..=50 finished_slices=495/512 finished_states=2034945/2104413 elapsed_seconds=493.7
LAYER0_PROGRESS slice=497/512 states=[2039056,2043167) segments=50..=50 finished_slices=496/512 finished_states=2039056/2104413 elapsed_seconds=493.9
LAYER0_PROGRESS slice=495/512 states=[2030834,2034945) segments=50..=50 finished_slices=497/512 finished_states=2043167/2104413 elapsed_seconds=493.9
LAYER0_PROGRESS slice=498/512 states=[2043167,2047278) segments=50..=50 finished_slices=498/512 finished_states=2047278/2104413 elapsed_seconds=494.2
LAYER0_PROGRESS slice=501/512 states=[2055500,2059611) segments=50..=50 finished_slices=499/512 finished_states=2051389/2104413 elapsed_seconds=494.6
LAYER0_PROGRESS slice=500/512 states=[2051389,2055500) segments=50..=50 finished_slices=500/512 finished_states=2055500/2104413 elapsed_seconds=494.8
LAYER0_PROGRESS slice=502/512 states=[2059611,2063722) segments=50..=50 finished_slices=501/512 finished_states=2059611/2104413 elapsed_seconds=495.0
LAYER0_PROGRESS slice=499/512 states=[2047278,2051389) segments=50..=50 finished_slices=502/512 finished_states=2063722/2104413 elapsed_seconds=495.2
LAYER0_PROGRESS slice=504/512 states=[2067833,2071944) segments=50..=50 finished_slices=503/512 finished_states=2067833/2104413 elapsed_seconds=495.8
LAYER0_PROGRESS slice=503/512 states=[2063722,2067833) segments=50..=50 finished_slices=504/512 finished_states=2071944/2104413 elapsed_seconds=496.4
LAYER0_PROGRESS slice=505/512 states=[2071944,2076055) segments=50..=50 finished_slices=505/512 finished_states=2076055/2104413 elapsed_seconds=496.8
LAYER0_PROGRESS slice=506/512 states=[2076055,2080166) segments=50..=50 finished_slices=506/512 finished_states=2080166/2104413 elapsed_seconds=497.6
LAYER0_PROGRESS slice=507/512 states=[2080166,2084277) segments=50..=50 finished_slices=507/512 finished_states=2084277/2104413 elapsed_seconds=498.3
LAYER0_PROGRESS slice=510/512 states=[2092499,2096610) segments=50..=50 finished_slices=508/512 finished_states=2088388/2104413 elapsed_seconds=499.5
LAYER0_PROGRESS slice=509/512 states=[2088388,2092499) segments=50..=50 finished_slices=509/512 finished_states=2092499/2104413 elapsed_seconds=499.5
LAYER0_PROGRESS slice=508/512 states=[2084277,2088388) segments=50..=50 finished_slices=510/512 finished_states=2096610/2104413 elapsed_seconds=499.6
LAYER0_PROGRESS slice=511/512 states=[2096610,2100721) segments=50..=50 finished_slices=511/512 finished_states=2100721/2104413 elapsed_seconds=500.1
LAYER0_PROGRESS slice=512/512 states=[2100721,2104413) segments=50..=all_persisted finished_slices=512/512 finished_states=2104413/2104413 elapsed_seconds=502.7
LAYER0_PARALLEL_FINISHED states=2104413 slices=512 worker_threads=32 configured_worker_threads=32 worker_threads_source=environment_variable elapsed_seconds=502.7
LAYER0B states=2104413 closed_form=2104413 exhaustive=true violations=0 root_persisted_states=4 no_file=262158 file_read=1842255 failed=0 journal_differing=24 verification_ran=42 verification_failed=0 record_root_without_record=0 record_claimed_state_missing_unit=0 checker_violations=0 I-1.1=2104413/0/0 I-1.3=2104413/0/0 I-1.4=2104413/0/0 I-1.6=2104413/0/0 I-1.7=2104413/0/0 I-2.1=2104413/0/0 I-2.3=2104413/0/0 I-2.4=2104413/0/0 I-2.5=2104413/0/0 I-3.1=1842252/0/262161 I-3.8=2104413/0/0 I-3.9=1842252/0/262161 I-4.8=2104413/0/0 I-5.1=2104413/0/0 I-5.2=1842252/0/262161 I-5.4=1842252/0/262161 I-7.1=2104413/0/0 I-7.2=2104413/0/0 I-7.4=2104413/0/0 I-7.6=2104413/0/0 I-7.7=2104413/0/0 I-7.8=2104413/0/0 I-9.1=1842252/0/262161 I-9.2=1842252/0/262161 I-9.4=1842252/0/262161 I-9.7=1842252/0/262161 I-9.10=1842252/0/262161 I-9.13=1842252/0/262161 I-9.14=1580105/0/524308 first_violation=none
test full_enumeration_of_the_fixed_script_stream_is_exhaustive_and_clean ... ok

test result: ok. 1 passed; 0 failed; 0 ignored; 0 measured; 7 filtered out; finished in 503.06s

RUN_EXIT 0
RUN_WALL_SECONDS 503.08
RUN_END 2026-09-18T19:14:03Z
RUN_END_UPTIME  19:14:03 up 9 days, 10:16,  7 users,  load average: 28.83, 27.94, 16.13
