RUN_START 2026-09-18T19:05:28Z threads=32 test=first_transaction_step_seven_layer0::layer0_enumerates_every_crash_state_of_the_settled_stream_with_zero_violations
RUN_START_UPTIME  19:05:28 up 9 days, 10:07,  7 users,  load average: 17.51, 9.22, 3.80
    Finished `release` profile [optimized + debuginfo] target(s) in 0.00s
     Running tests/first_transaction_step_seven_layer0.rs (target/release/deps/first_transaction_step_seven_layer0-3f7400db40a77e66)

running 1 test
LAYER0_PARALLEL_START states=262165 slices=512 states_per_slice=513 worker_threads=32 configured_worker_threads=32 worker_threads_source=environment_variable
LAYER0_PROGRESS slice=7/512 states=[3078,3591) segments=6..=6 finished_slices=1/512 finished_states=513/262165 elapsed_seconds=0.5
LAYER0_PROGRESS slice=3/512 states=[1026,1539) segments=6..=6 finished_slices=2/512 finished_states=1026/262165 elapsed_seconds=0.5
LAYER0_PROGRESS slice=1/512 states=[0,513) segments=0..=6 finished_slices=3/512 finished_states=1539/262165 elapsed_seconds=0.5
LAYER0_PROGRESS slice=4/512 states=[1539,2052) segments=6..=6 finished_slices=4/512 finished_states=2052/262165 elapsed_seconds=0.5
LAYER0_PROGRESS slice=6/512 states=[2565,3078) segments=6..=6 finished_slices=5/512 finished_states=2565/262165 elapsed_seconds=0.5
LAYER0_PROGRESS slice=12/512 states=[5643,6156) segments=6..=6 finished_slices=6/512 finished_states=3078/262165 elapsed_seconds=0.5
LAYER0_PROGRESS slice=8/512 states=[3591,4104) segments=6..=6 finished_slices=7/512 finished_states=3591/262165 elapsed_seconds=0.5
LAYER0_PROGRESS slice=5/512 states=[2052,2565) segments=6..=6 finished_slices=8/512 finished_states=4104/262165 elapsed_seconds=0.5
LAYER0_PROGRESS slice=2/512 states=[513,1026) segments=6..=6 finished_slices=9/512 finished_states=4617/262165 elapsed_seconds=0.5
LAYER0_PROGRESS slice=22/512 states=[10773,11286) segments=6..=6 finished_slices=10/512 finished_states=5130/262165 elapsed_seconds=0.5
LAYER0_PROGRESS slice=26/512 states=[12825,13338) segments=6..=6 finished_slices=11/512 finished_states=5643/262165 elapsed_seconds=0.5
LAYER0_PROGRESS slice=10/512 states=[4617,5130) segments=6..=6 finished_slices=12/512 finished_states=6156/262165 elapsed_seconds=0.5
LAYER0_PROGRESS slice=14/512 states=[6669,7182) segments=6..=6 finished_slices=13/512 finished_states=6669/262165 elapsed_seconds=0.6
LAYER0_PROGRESS slice=25/512 states=[12312,12825) segments=6..=6 finished_slices=14/512 finished_states=7182/262165 elapsed_seconds=0.7
LAYER0_PROGRESS slice=11/512 states=[5130,5643) segments=6..=6 finished_slices=15/512 finished_states=7695/262165 elapsed_seconds=0.7
LAYER0_PROGRESS slice=21/512 states=[10260,10773) segments=6..=6 finished_slices=16/512 finished_states=8208/262165 elapsed_seconds=0.8
LAYER0_PROGRESS slice=20/512 states=[9747,10260) segments=6..=6 finished_slices=17/512 finished_states=8721/262165 elapsed_seconds=0.8
LAYER0_PROGRESS slice=30/512 states=[14877,15390) segments=6..=6 finished_slices=18/512 finished_states=9234/262165 elapsed_seconds=0.8
LAYER0_PROGRESS slice=32/512 states=[15903,16416) segments=6..=6 finished_slices=19/512 finished_states=9747/262165 elapsed_seconds=0.9
LAYER0_PROGRESS slice=33/512 states=[16416,16929) segments=6..=6 finished_slices=20/512 finished_states=10260/262165 elapsed_seconds=1.0
LAYER0_PROGRESS slice=40/512 states=[20007,20520) segments=6..=6 finished_slices=21/512 finished_states=10773/262165 elapsed_seconds=1.0
LAYER0_PROGRESS slice=35/512 states=[17442,17955) segments=6..=6 finished_slices=22/512 finished_states=11286/262165 elapsed_seconds=1.0
LAYER0_PROGRESS slice=38/512 states=[18981,19494) segments=6..=6 finished_slices=23/512 finished_states=11799/262165 elapsed_seconds=1.0
LAYER0_PROGRESS slice=36/512 states=[17955,18468) segments=6..=6 finished_slices=24/512 finished_states=12312/262165 elapsed_seconds=1.0
LAYER0_PROGRESS slice=39/512 states=[19494,20007) segments=6..=6 finished_slices=25/512 finished_states=12825/262165 elapsed_seconds=1.0
LAYER0_PROGRESS slice=34/512 states=[16929,17442) segments=6..=6 finished_slices=26/512 finished_states=13338/262165 elapsed_seconds=1.0
LAYER0_PROGRESS slice=41/512 states=[20520,21033) segments=6..=6 finished_slices=27/512 finished_states=13851/262165 elapsed_seconds=1.0
LAYER0_PROGRESS slice=28/512 states=[13851,14364) segments=6..=6 finished_slices=28/512 finished_states=14364/262165 elapsed_seconds=1.0
LAYER0_PROGRESS slice=44/512 states=[22059,22572) segments=6..=6 finished_slices=29/512 finished_states=14877/262165 elapsed_seconds=1.0
LAYER0_PROGRESS slice=9/512 states=[4104,4617) segments=6..=6 finished_slices=30/512 finished_states=15390/262165 elapsed_seconds=1.1
LAYER0_PROGRESS slice=18/512 states=[8721,9234) segments=6..=6 finished_slices=31/512 finished_states=15903/262165 elapsed_seconds=1.1
LAYER0_PROGRESS slice=45/512 states=[22572,23085) segments=6..=6 finished_slices=32/512 finished_states=16416/262165 elapsed_seconds=1.1
LAYER0_PROGRESS slice=16/512 states=[7695,8208) segments=6..=6 finished_slices=33/512 finished_states=16929/262165 elapsed_seconds=1.1
LAYER0_PROGRESS slice=13/512 states=[6156,6669) segments=6..=6 finished_slices=34/512 finished_states=17442/262165 elapsed_seconds=1.2
LAYER0_PROGRESS slice=46/512 states=[23085,23598) segments=6..=6 finished_slices=35/512 finished_states=17955/262165 elapsed_seconds=1.2
LAYER0_PROGRESS slice=19/512 states=[9234,9747) segments=6..=6 finished_slices=36/512 finished_states=18468/262165 elapsed_seconds=1.2
LAYER0_PROGRESS slice=49/512 states=[24624,25137) segments=6..=6 finished_slices=37/512 finished_states=18981/262165 elapsed_seconds=1.3
LAYER0_PROGRESS slice=15/512 states=[7182,7695) segments=6..=6 finished_slices=38/512 finished_states=19494/262165 elapsed_seconds=1.3
LAYER0_PROGRESS slice=37/512 states=[18468,18981) segments=6..=6 finished_slices=39/512 finished_states=20007/262165 elapsed_seconds=1.3
LAYER0_PROGRESS slice=47/512 states=[23598,24111) segments=6..=6 finished_slices=40/512 finished_states=20520/262165 elapsed_seconds=1.3
LAYER0_PROGRESS slice=24/512 states=[11799,12312) segments=6..=6 finished_slices=41/512 finished_states=21033/262165 elapsed_seconds=1.4
LAYER0_PROGRESS slice=48/512 states=[24111,24624) segments=6..=6 finished_slices=42/512 finished_states=21546/262165 elapsed_seconds=1.4
LAYER0_PROGRESS slice=42/512 states=[21033,21546) segments=6..=6 finished_slices=43/512 finished_states=22059/262165 elapsed_seconds=1.4
LAYER0_PROGRESS slice=43/512 states=[21546,22059) segments=6..=6 finished_slices=44/512 finished_states=22572/262165 elapsed_seconds=1.4
LAYER0_PROGRESS slice=55/512 states=[27702,28215) segments=6..=6 finished_slices=45/512 finished_states=23085/262165 elapsed_seconds=1.5
LAYER0_PROGRESS slice=54/512 states=[27189,27702) segments=6..=6 finished_slices=46/512 finished_states=23598/262165 elapsed_seconds=1.5
LAYER0_PROGRESS slice=58/512 states=[29241,29754) segments=6..=6 finished_slices=47/512 finished_states=24111/262165 elapsed_seconds=1.5
LAYER0_PROGRESS slice=57/512 states=[28728,29241) segments=6..=6 finished_slices=48/512 finished_states=24624/262165 elapsed_seconds=1.5
LAYER0_PROGRESS slice=56/512 states=[28215,28728) segments=6..=6 finished_slices=49/512 finished_states=25137/262165 elapsed_seconds=1.5
LAYER0_PROGRESS slice=59/512 states=[29754,30267) segments=6..=6 finished_slices=50/512 finished_states=25650/262165 elapsed_seconds=1.5
LAYER0_PROGRESS slice=64/512 states=[32319,32832) segments=6..=6 finished_slices=51/512 finished_states=26163/262165 elapsed_seconds=1.6
LAYER0_PROGRESS slice=17/512 states=[8208,8721) segments=6..=6 finished_slices=52/512 finished_states=26676/262165 elapsed_seconds=1.6
LAYER0_PROGRESS slice=62/512 states=[31293,31806) segments=6..=6 finished_slices=53/512 finished_states=27189/262165 elapsed_seconds=1.6
LAYER0_PROGRESS slice=60/512 states=[30267,30780) segments=6..=6 finished_slices=54/512 finished_states=27702/262165 elapsed_seconds=1.6
LAYER0_PROGRESS slice=31/512 states=[15390,15903) segments=6..=6 finished_slices=55/512 finished_states=28215/262165 elapsed_seconds=1.6
LAYER0_PROGRESS slice=66/512 states=[33345,33858) segments=6..=6 finished_slices=56/512 finished_states=28728/262165 elapsed_seconds=1.7
LAYER0_PROGRESS slice=50/512 states=[25137,25650) segments=6..=6 finished_slices=57/512 finished_states=29241/262165 elapsed_seconds=1.7
LAYER0_PROGRESS slice=51/512 states=[25650,26163) segments=6..=6 finished_slices=58/512 finished_states=29754/262165 elapsed_seconds=1.7
LAYER0_PROGRESS slice=61/512 states=[30780,31293) segments=6..=6 finished_slices=59/512 finished_states=30267/262165 elapsed_seconds=1.7
LAYER0_PROGRESS slice=69/512 states=[34884,35397) segments=6..=6 finished_slices=60/512 finished_states=30780/262165 elapsed_seconds=1.8
LAYER0_PROGRESS slice=72/512 states=[36423,36936) segments=6..=6 finished_slices=61/512 finished_states=31293/262165 elapsed_seconds=1.8
LAYER0_PROGRESS slice=52/512 states=[26163,26676) segments=6..=6 finished_slices=62/512 finished_states=31806/262165 elapsed_seconds=1.9
LAYER0_PROGRESS slice=73/512 states=[36936,37449) segments=6..=6 finished_slices=63/512 finished_states=32319/262165 elapsed_seconds=1.9
LAYER0_PROGRESS slice=74/512 states=[37449,37962) segments=6..=6 finished_slices=64/512 finished_states=32832/262165 elapsed_seconds=1.9
LAYER0_PROGRESS slice=53/512 states=[26676,27189) segments=6..=6 finished_slices=65/512 finished_states=33345/262165 elapsed_seconds=1.9
LAYER0_PROGRESS slice=23/512 states=[11286,11799) segments=6..=6 finished_slices=66/512 finished_states=33858/262165 elapsed_seconds=1.9
LAYER0_PROGRESS slice=77/512 states=[38988,39501) segments=6..=6 finished_slices=67/512 finished_states=34371/262165 elapsed_seconds=1.9
LAYER0_PROGRESS slice=78/512 states=[39501,40014) segments=6..=6 finished_slices=68/512 finished_states=34884/262165 elapsed_seconds=2.0
LAYER0_PROGRESS slice=80/512 states=[40527,41040) segments=6..=6 finished_slices=69/512 finished_states=35397/262165 elapsed_seconds=2.0
LAYER0_PROGRESS slice=82/512 states=[41553,42066) segments=6..=6 finished_slices=70/512 finished_states=35910/262165 elapsed_seconds=2.0
LAYER0_PROGRESS slice=81/512 states=[41040,41553) segments=6..=6 finished_slices=71/512 finished_states=36423/262165 elapsed_seconds=2.0
LAYER0_PROGRESS slice=63/512 states=[31806,32319) segments=6..=6 finished_slices=72/512 finished_states=36936/262165 elapsed_seconds=2.0
LAYER0_PROGRESS slice=65/512 states=[32832,33345) segments=6..=6 finished_slices=73/512 finished_states=37449/262165 elapsed_seconds=2.0
LAYER0_PROGRESS slice=29/512 states=[14364,14877) segments=6..=6 finished_slices=74/512 finished_states=37962/262165 elapsed_seconds=2.0
LAYER0_PROGRESS slice=27/512 states=[13338,13851) segments=6..=6 finished_slices=75/512 finished_states=38475/262165 elapsed_seconds=2.0
LAYER0_PROGRESS slice=67/512 states=[33858,34371) segments=6..=6 finished_slices=76/512 finished_states=38988/262165 elapsed_seconds=2.1
LAYER0_PROGRESS slice=83/512 states=[42066,42579) segments=6..=6 finished_slices=77/512 finished_states=39501/262165 elapsed_seconds=2.1
LAYER0_PROGRESS slice=68/512 states=[34371,34884) segments=6..=6 finished_slices=78/512 finished_states=40014/262165 elapsed_seconds=2.2
LAYER0_PROGRESS slice=76/512 states=[38475,38988) segments=6..=6 finished_slices=79/512 finished_states=40527/262165 elapsed_seconds=2.2
LAYER0_PROGRESS slice=71/512 states=[35910,36423) segments=6..=6 finished_slices=80/512 finished_states=41040/262165 elapsed_seconds=2.2
LAYER0_PROGRESS slice=85/512 states=[43092,43605) segments=6..=6 finished_slices=81/512 finished_states=41553/262165 elapsed_seconds=2.3
LAYER0_PROGRESS slice=91/512 states=[46170,46683) segments=6..=6 finished_slices=82/512 finished_states=42066/262165 elapsed_seconds=2.4
LAYER0_PROGRESS slice=87/512 states=[44118,44631) segments=6..=6 finished_slices=83/512 finished_states=42579/262165 elapsed_seconds=2.4
LAYER0_PROGRESS slice=92/512 states=[46683,47196) segments=6..=6 finished_slices=84/512 finished_states=43092/262165 elapsed_seconds=2.4
LAYER0_PROGRESS slice=96/512 states=[48735,49248) segments=6..=6 finished_slices=85/512 finished_states=43605/262165 elapsed_seconds=2.4
LAYER0_PROGRESS slice=90/512 states=[45657,46170) segments=6..=6 finished_slices=86/512 finished_states=44118/262165 elapsed_seconds=2.4
LAYER0_PROGRESS slice=79/512 states=[40014,40527) segments=6..=6 finished_slices=87/512 finished_states=44631/262165 elapsed_seconds=2.4
LAYER0_PROGRESS slice=99/512 states=[50274,50787) segments=6..=6 finished_slices=88/512 finished_states=45144/262165 elapsed_seconds=2.4
LAYER0_PROGRESS slice=100/512 states=[50787,51300) segments=6..=6 finished_slices=89/512 finished_states=45657/262165 elapsed_seconds=2.5
LAYER0_PROGRESS slice=86/512 states=[43605,44118) segments=6..=6 finished_slices=90/512 finished_states=46170/262165 elapsed_seconds=2.5
LAYER0_PROGRESS slice=101/512 states=[51300,51813) segments=6..=6 finished_slices=91/512 finished_states=46683/262165 elapsed_seconds=2.5
LAYER0_PROGRESS slice=89/512 states=[45144,45657) segments=6..=6 finished_slices=92/512 finished_states=47196/262165 elapsed_seconds=2.5
LAYER0_PROGRESS slice=103/512 states=[52326,52839) segments=6..=6 finished_slices=93/512 finished_states=47709/262165 elapsed_seconds=2.5
LAYER0_PROGRESS slice=95/512 states=[48222,48735) segments=6..=6 finished_slices=94/512 finished_states=48222/262165 elapsed_seconds=2.5
LAYER0_PROGRESS slice=102/512 states=[51813,52326) segments=6..=6 finished_slices=95/512 finished_states=48735/262165 elapsed_seconds=2.6
LAYER0_PROGRESS slice=93/512 states=[47196,47709) segments=6..=6 finished_slices=96/512 finished_states=49248/262165 elapsed_seconds=2.6
LAYER0_PROGRESS slice=108/512 states=[54891,55404) segments=6..=6 finished_slices=97/512 finished_states=49761/262165 elapsed_seconds=2.6
LAYER0_PROGRESS slice=109/512 states=[55404,55917) segments=6..=6 finished_slices=98/512 finished_states=50274/262165 elapsed_seconds=2.6
LAYER0_PROGRESS slice=88/512 states=[44631,45144) segments=6..=6 finished_slices=99/512 finished_states=50787/262165 elapsed_seconds=2.6
LAYER0_PROGRESS slice=107/512 states=[54378,54891) segments=6..=6 finished_slices=100/512 finished_states=51300/262165 elapsed_seconds=2.7
LAYER0_PROGRESS slice=111/512 states=[56430,56943) segments=6..=6 finished_slices=101/512 finished_states=51813/262165 elapsed_seconds=2.7
LAYER0_PROGRESS slice=106/512 states=[53865,54378) segments=6..=6 finished_slices=102/512 finished_states=52326/262165 elapsed_seconds=2.8
LAYER0_PROGRESS slice=75/512 states=[37962,38475) segments=6..=6 finished_slices=103/512 finished_states=52839/262165 elapsed_seconds=2.8
LAYER0_PROGRESS slice=70/512 states=[35397,35910) segments=6..=6 finished_slices=104/512 finished_states=53352/262165 elapsed_seconds=2.8
LAYER0_PROGRESS slice=115/512 states=[58482,58995) segments=6..=6 finished_slices=105/512 finished_states=53865/262165 elapsed_seconds=2.9
LAYER0_PROGRESS slice=94/512 states=[47709,48222) segments=6..=6 finished_slices=106/512 finished_states=54378/262165 elapsed_seconds=2.9
LAYER0_PROGRESS slice=84/512 states=[42579,43092) segments=6..=6 finished_slices=107/512 finished_states=54891/262165 elapsed_seconds=2.9
LAYER0_PROGRESS slice=117/512 states=[59508,60021) segments=6..=6 finished_slices=108/512 finished_states=55404/262165 elapsed_seconds=2.9
LAYER0_PROGRESS slice=97/512 states=[49248,49761) segments=6..=6 finished_slices=109/512 finished_states=55917/262165 elapsed_seconds=3.0
LAYER0_PROGRESS slice=118/512 states=[60021,60534) segments=6..=6 finished_slices=110/512 finished_states=56430/262165 elapsed_seconds=3.0
LAYER0_PROGRESS slice=120/512 states=[61047,61560) segments=6..=6 finished_slices=111/512 finished_states=56943/262165 elapsed_seconds=3.0
LAYER0_PROGRESS slice=123/512 states=[62586,63099) segments=6..=6 finished_slices=112/512 finished_states=57456/262165 elapsed_seconds=3.0
LAYER0_PROGRESS slice=125/512 states=[63612,64125) segments=6..=6 finished_slices=113/512 finished_states=57969/262165 elapsed_seconds=3.0
LAYER0_PROGRESS slice=113/512 states=[57456,57969) segments=6..=6 finished_slices=114/512 finished_states=58482/262165 elapsed_seconds=3.0
LAYER0_PROGRESS slice=104/512 states=[52839,53352) segments=6..=6 finished_slices=115/512 finished_states=58995/262165 elapsed_seconds=3.0
LAYER0_PROGRESS slice=112/512 states=[56943,57456) segments=6..=6 finished_slices=116/512 finished_states=59508/262165 elapsed_seconds=3.0
LAYER0_PROGRESS slice=114/512 states=[57969,58482) segments=6..=6 finished_slices=117/512 finished_states=60021/262165 elapsed_seconds=3.0
LAYER0_PROGRESS slice=124/512 states=[63099,63612) segments=6..=6 finished_slices=118/512 finished_states=60534/262165 elapsed_seconds=3.0
LAYER0_PROGRESS slice=98/512 states=[49761,50274) segments=6..=6 finished_slices=119/512 finished_states=61047/262165 elapsed_seconds=3.0
LAYER0_PROGRESS slice=126/512 states=[64125,64638) segments=6..=6 finished_slices=120/512 finished_states=61560/262165 elapsed_seconds=3.1
LAYER0_PROGRESS slice=105/512 states=[53352,53865) segments=6..=6 finished_slices=121/512 finished_states=62073/262165 elapsed_seconds=3.1
LAYER0_PROGRESS slice=110/512 states=[55917,56430) segments=6..=6 finished_slices=122/512 finished_states=62586/262165 elapsed_seconds=3.1
LAYER0_PROGRESS slice=129/512 states=[65664,66177) segments=6..=6 finished_slices=123/512 finished_states=63099/262165 elapsed_seconds=3.1
LAYER0_PROGRESS slice=133/512 states=[67716,68229) segments=6..=6 finished_slices=124/512 finished_states=63612/262165 elapsed_seconds=3.2
LAYER0_PROGRESS slice=132/512 states=[67203,67716) segments=6..=6 finished_slices=125/512 finished_states=64125/262165 elapsed_seconds=3.2
LAYER0_PROGRESS slice=119/512 states=[60534,61047) segments=6..=6 finished_slices=126/512 finished_states=64638/262165 elapsed_seconds=3.3
LAYER0_PROGRESS slice=134/512 states=[68229,68742) segments=6..=6 finished_slices=127/512 finished_states=65151/262165 elapsed_seconds=3.3
LAYER0_PROGRESS slice=127/512 states=[64638,65151) segments=6..=6 finished_slices=128/512 finished_states=65664/262165 elapsed_seconds=3.3
LAYER0_PROGRESS slice=121/512 states=[61560,62073) segments=6..=6 finished_slices=129/512 finished_states=66177/262165 elapsed_seconds=3.3
LAYER0_PROGRESS slice=143/512 states=[72846,73359) segments=6..=6 finished_slices=130/512 finished_states=66690/262165 elapsed_seconds=3.4
LAYER0_PROGRESS slice=144/512 states=[73359,73872) segments=6..=6 finished_slices=131/512 finished_states=67203/262165 elapsed_seconds=3.5
LAYER0_PROGRESS slice=145/512 states=[73872,74385) segments=6..=6 finished_slices=132/512 finished_states=67716/262165 elapsed_seconds=3.5
LAYER0_PROGRESS slice=142/512 states=[72333,72846) segments=6..=6 finished_slices=133/512 finished_states=68229/262165 elapsed_seconds=3.5
LAYER0_PROGRESS slice=140/512 states=[71307,71820) segments=6..=6 finished_slices=134/512 finished_states=68742/262165 elapsed_seconds=3.5
LAYER0_PROGRESS slice=116/512 states=[58995,59508) segments=6..=6 finished_slices=135/512 finished_states=69255/262165 elapsed_seconds=3.5
LAYER0_PROGRESS slice=148/512 states=[75411,75924) segments=6..=6 finished_slices=136/512 finished_states=69768/262165 elapsed_seconds=3.5
LAYER0_PROGRESS slice=137/512 states=[69768,70281) segments=6..=6 finished_slices=137/512 finished_states=70281/262165 elapsed_seconds=3.5
LAYER0_PROGRESS slice=141/512 states=[71820,72333) segments=6..=6 finished_slices=138/512 finished_states=70794/262165 elapsed_seconds=3.5
LAYER0_PROGRESS slice=151/512 states=[76950,77463) segments=6..=6 finished_slices=139/512 finished_states=71307/262165 elapsed_seconds=3.6
LAYER0_PROGRESS slice=130/512 states=[66177,66690) segments=6..=6 finished_slices=140/512 finished_states=71820/262165 elapsed_seconds=3.6
LAYER0_PROGRESS slice=152/512 states=[77463,77976) segments=6..=6 finished_slices=141/512 finished_states=72333/262165 elapsed_seconds=3.6
LAYER0_PROGRESS slice=135/512 states=[68742,69255) segments=6..=6 finished_slices=142/512 finished_states=72846/262165 elapsed_seconds=3.6
LAYER0_PROGRESS slice=122/512 states=[62073,62586) segments=6..=6 finished_slices=143/512 finished_states=73359/262165 elapsed_seconds=3.7
LAYER0_PROGRESS slice=128/512 states=[65151,65664) segments=6..=6 finished_slices=144/512 finished_states=73872/262165 elapsed_seconds=3.7
LAYER0_PROGRESS slice=155/512 states=[79002,79515) segments=6..=6 finished_slices=145/512 finished_states=74385/262165 elapsed_seconds=3.8
LAYER0_PROGRESS slice=146/512 states=[74385,74898) segments=6..=6 finished_slices=146/512 finished_states=74898/262165 elapsed_seconds=3.8
LAYER0_PROGRESS slice=159/512 states=[81054,81567) segments=6..=6 finished_slices=147/512 finished_states=75411/262165 elapsed_seconds=3.8
LAYER0_PROGRESS slice=158/512 states=[80541,81054) segments=6..=6 finished_slices=148/512 finished_states=75924/262165 elapsed_seconds=3.8
LAYER0_PROGRESS slice=156/512 states=[79515,80028) segments=6..=6 finished_slices=149/512 finished_states=76437/262165 elapsed_seconds=3.9
LAYER0_PROGRESS slice=160/512 states=[81567,82080) segments=6..=6 finished_slices=150/512 finished_states=76950/262165 elapsed_seconds=3.9
LAYER0_PROGRESS slice=136/512 states=[69255,69768) segments=6..=6 finished_slices=151/512 finished_states=77463/262165 elapsed_seconds=3.9
LAYER0_PROGRESS slice=157/512 states=[80028,80541) segments=6..=6 finished_slices=152/512 finished_states=77976/262165 elapsed_seconds=3.9
LAYER0_PROGRESS slice=163/512 states=[83106,83619) segments=6..=6 finished_slices=153/512 finished_states=78489/262165 elapsed_seconds=3.9
LAYER0_PROGRESS slice=165/512 states=[84132,84645) segments=6..=6 finished_slices=154/512 finished_states=79002/262165 elapsed_seconds=4.0
LAYER0_PROGRESS slice=131/512 states=[66690,67203) segments=6..=6 finished_slices=155/512 finished_states=79515/262165 elapsed_seconds=4.0
LAYER0_PROGRESS slice=164/512 states=[83619,84132) segments=6..=6 finished_slices=156/512 finished_states=80028/262165 elapsed_seconds=4.0
LAYER0_PROGRESS slice=149/512 states=[75924,76437) segments=6..=6 finished_slices=157/512 finished_states=80541/262165 elapsed_seconds=4.0
LAYER0_PROGRESS slice=138/512 states=[70281,70794) segments=6..=6 finished_slices=158/512 finished_states=81054/262165 elapsed_seconds=4.0
LAYER0_PROGRESS slice=168/512 states=[85671,86184) segments=6..=6 finished_slices=159/512 finished_states=81567/262165 elapsed_seconds=4.0
LAYER0_PROGRESS slice=170/512 states=[86697,87210) segments=6..=6 finished_slices=160/512 finished_states=82080/262165 elapsed_seconds=4.0
LAYER0_PROGRESS slice=150/512 states=[76437,76950) segments=6..=6 finished_slices=161/512 finished_states=82593/262165 elapsed_seconds=4.1
LAYER0_PROGRESS slice=173/512 states=[88236,88749) segments=6..=6 finished_slices=162/512 finished_states=83106/262165 elapsed_seconds=4.1
LAYER0_PROGRESS slice=161/512 states=[82080,82593) segments=6..=6 finished_slices=163/512 finished_states=83619/262165 elapsed_seconds=4.1
LAYER0_PROGRESS slice=162/512 states=[82593,83106) segments=6..=6 finished_slices=164/512 finished_states=84132/262165 elapsed_seconds=4.1
LAYER0_PROGRESS slice=154/512 states=[78489,79002) segments=6..=6 finished_slices=165/512 finished_states=84645/262165 elapsed_seconds=4.2
LAYER0_PROGRESS slice=147/512 states=[74898,75411) segments=6..=6 finished_slices=166/512 finished_states=85158/262165 elapsed_seconds=4.2
LAYER0_PROGRESS slice=166/512 states=[84645,85158) segments=6..=6 finished_slices=167/512 finished_states=85671/262165 elapsed_seconds=4.3
LAYER0_PROGRESS slice=175/512 states=[89262,89775) segments=6..=6 finished_slices=168/512 finished_states=86184/262165 elapsed_seconds=4.3
LAYER0_PROGRESS slice=172/512 states=[87723,88236) segments=6..=6 finished_slices=169/512 finished_states=86697/262165 elapsed_seconds=4.3
LAYER0_PROGRESS slice=171/512 states=[87210,87723) segments=6..=6 finished_slices=170/512 finished_states=87210/262165 elapsed_seconds=4.3
LAYER0_PROGRESS slice=181/512 states=[92340,92853) segments=6..=6 finished_slices=171/512 finished_states=87723/262165 elapsed_seconds=4.4
LAYER0_PROGRESS slice=139/512 states=[70794,71307) segments=6..=6 finished_slices=172/512 finished_states=88236/262165 elapsed_seconds=4.4
LAYER0_PROGRESS slice=182/512 states=[92853,93366) segments=6..=6 finished_slices=173/512 finished_states=88749/262165 elapsed_seconds=4.4
LAYER0_PROGRESS slice=153/512 states=[77976,78489) segments=6..=6 finished_slices=174/512 finished_states=89262/262165 elapsed_seconds=4.4
LAYER0_PROGRESS slice=184/512 states=[93879,94392) segments=6..=6 finished_slices=175/512 finished_states=89775/262165 elapsed_seconds=4.4
LAYER0_PROGRESS slice=185/512 states=[94392,94905) segments=6..=6 finished_slices=176/512 finished_states=90288/262165 elapsed_seconds=4.5
LAYER0_PROGRESS slice=167/512 states=[85158,85671) segments=6..=6 finished_slices=177/512 finished_states=90801/262165 elapsed_seconds=4.5
LAYER0_PROGRESS slice=188/512 states=[95931,96444) segments=6..=6 finished_slices=178/512 finished_states=91314/262165 elapsed_seconds=4.5
LAYER0_PROGRESS slice=169/512 states=[86184,86697) segments=6..=6 finished_slices=179/512 finished_states=91827/262165 elapsed_seconds=4.5
LAYER0_PROGRESS slice=191/512 states=[97470,97983) segments=6..=6 finished_slices=180/512 finished_states=92340/262165 elapsed_seconds=4.5
LAYER0_PROGRESS slice=189/512 states=[96444,96957) segments=6..=6 finished_slices=181/512 finished_states=92853/262165 elapsed_seconds=4.6
LAYER0_PROGRESS slice=194/512 states=[99009,99522) segments=6..=6 finished_slices=182/512 finished_states=93366/262165 elapsed_seconds=4.6
LAYER0_PROGRESS slice=187/512 states=[95418,95931) segments=6..=6 finished_slices=183/512 finished_states=93879/262165 elapsed_seconds=4.7
LAYER0_PROGRESS slice=174/512 states=[88749,89262) segments=6..=6 finished_slices=184/512 finished_states=94392/262165 elapsed_seconds=4.7
LAYER0_PROGRESS slice=177/512 states=[90288,90801) segments=6..=6 finished_slices=185/512 finished_states=94905/262165 elapsed_seconds=4.7
LAYER0_PROGRESS slice=176/512 states=[89775,90288) segments=6..=6 finished_slices=186/512 finished_states=95418/262165 elapsed_seconds=4.7
LAYER0_PROGRESS slice=179/512 states=[91314,91827) segments=6..=6 finished_slices=187/512 finished_states=95931/262165 elapsed_seconds=4.8
LAYER0_PROGRESS slice=180/512 states=[91827,92340) segments=6..=6 finished_slices=188/512 finished_states=96444/262165 elapsed_seconds=4.8
LAYER0_PROGRESS slice=199/512 states=[101574,102087) segments=6..=6 finished_slices=189/512 finished_states=96957/262165 elapsed_seconds=4.9
LAYER0_PROGRESS slice=200/512 states=[102087,102600) segments=6..=6 finished_slices=190/512 finished_states=97470/262165 elapsed_seconds=4.9
LAYER0_PROGRESS slice=195/512 states=[99522,100035) segments=6..=6 finished_slices=191/512 finished_states=97983/262165 elapsed_seconds=4.9
LAYER0_PROGRESS slice=205/512 states=[104652,105165) segments=6..=6 finished_slices=192/512 finished_states=98496/262165 elapsed_seconds=4.9
LAYER0_PROGRESS slice=207/512 states=[105678,106191) segments=6..=6 finished_slices=193/512 finished_states=99009/262165 elapsed_seconds=4.9
LAYER0_PROGRESS slice=196/512 states=[100035,100548) segments=6..=6 finished_slices=194/512 finished_states=99522/262165 elapsed_seconds=4.9
LAYER0_PROGRESS slice=201/512 states=[102600,103113) segments=6..=6 finished_slices=195/512 finished_states=100035/262165 elapsed_seconds=5.0
LAYER0_PROGRESS slice=208/512 states=[106191,106704) segments=6..=6 finished_slices=196/512 finished_states=100548/262165 elapsed_seconds=5.0
LAYER0_PROGRESS slice=204/512 states=[104139,104652) segments=6..=6 finished_slices=197/512 finished_states=101061/262165 elapsed_seconds=5.0
LAYER0_PROGRESS slice=203/512 states=[103626,104139) segments=6..=6 finished_slices=198/512 finished_states=101574/262165 elapsed_seconds=5.0
LAYER0_PROGRESS slice=178/512 states=[90801,91314) segments=6..=6 finished_slices=199/512 finished_states=102087/262165 elapsed_seconds=5.0
LAYER0_PROGRESS slice=212/512 states=[108243,108756) segments=6..=6 finished_slices=200/512 finished_states=102600/262165 elapsed_seconds=5.0
LAYER0_PROGRESS slice=210/512 states=[107217,107730) segments=6..=6 finished_slices=201/512 finished_states=103113/262165 elapsed_seconds=5.1
LAYER0_PROGRESS slice=193/512 states=[98496,99009) segments=6..=6 finished_slices=202/512 finished_states=103626/262165 elapsed_seconds=5.1
LAYER0_PROGRESS slice=213/512 states=[108756,109269) segments=6..=6 finished_slices=203/512 finished_states=104139/262165 elapsed_seconds=5.1
LAYER0_PROGRESS slice=209/512 states=[106704,107217) segments=6..=6 finished_slices=204/512 finished_states=104652/262165 elapsed_seconds=5.1
LAYER0_PROGRESS slice=214/512 states=[109269,109782) segments=6..=6 finished_slices=205/512 finished_states=105165/262165 elapsed_seconds=5.2
LAYER0_PROGRESS slice=216/512 states=[110295,110808) segments=6..=6 finished_slices=206/512 finished_states=105678/262165 elapsed_seconds=5.2
LAYER0_PROGRESS slice=198/512 states=[101061,101574) segments=6..=6 finished_slices=207/512 finished_states=106191/262165 elapsed_seconds=5.2
LAYER0_PROGRESS slice=197/512 states=[100548,101061) segments=6..=6 finished_slices=208/512 finished_states=106704/262165 elapsed_seconds=5.2
LAYER0_PROGRESS slice=192/512 states=[97983,98496) segments=6..=6 finished_slices=209/512 finished_states=107217/262165 elapsed_seconds=5.2
LAYER0_PROGRESS slice=186/512 states=[94905,95418) segments=6..=6 finished_slices=210/512 finished_states=107730/262165 elapsed_seconds=5.3
LAYER0_PROGRESS slice=215/512 states=[109782,110295) segments=6..=6 finished_slices=211/512 finished_states=108243/262165 elapsed_seconds=5.3
LAYER0_PROGRESS slice=183/512 states=[93366,93879) segments=6..=6 finished_slices=212/512 finished_states=108756/262165 elapsed_seconds=5.3
LAYER0_PROGRESS slice=222/512 states=[113373,113886) segments=6..=6 finished_slices=213/512 finished_states=109269/262165 elapsed_seconds=5.3
LAYER0_PROGRESS slice=224/512 states=[114399,114912) segments=6..=6 finished_slices=214/512 finished_states=109782/262165 elapsed_seconds=5.4
LAYER0_PROGRESS slice=211/512 states=[107730,108243) segments=6..=6 finished_slices=215/512 finished_states=110295/262165 elapsed_seconds=5.4
LAYER0_PROGRESS slice=227/512 states=[115938,116451) segments=6..=6 finished_slices=216/512 finished_states=110808/262165 elapsed_seconds=5.4
LAYER0_PROGRESS slice=228/512 states=[116451,116964) segments=6..=6 finished_slices=217/512 finished_states=111321/262165 elapsed_seconds=5.4
LAYER0_PROGRESS slice=202/512 states=[103113,103626) segments=6..=6 finished_slices=218/512 finished_states=111834/262165 elapsed_seconds=5.5
LAYER0_PROGRESS slice=232/512 states=[118503,119016) segments=6..=6 finished_slices=219/512 finished_states=112347/262165 elapsed_seconds=5.5
LAYER0_PROGRESS slice=190/512 states=[96957,97470) segments=6..=6 finished_slices=220/512 finished_states=112860/262165 elapsed_seconds=5.5
LAYER0_PROGRESS slice=230/512 states=[117477,117990) segments=6..=6 finished_slices=221/512 finished_states=113373/262165 elapsed_seconds=5.5
LAYER0_PROGRESS slice=229/512 states=[116964,117477) segments=6..=6 finished_slices=222/512 finished_states=113886/262165 elapsed_seconds=5.5
LAYER0_PROGRESS slice=225/512 states=[114912,115425) segments=6..=6 finished_slices=223/512 finished_states=114399/262165 elapsed_seconds=5.5
LAYER0_PROGRESS slice=206/512 states=[105165,105678) segments=6..=6 finished_slices=224/512 finished_states=114912/262165 elapsed_seconds=5.5
LAYER0_PROGRESS slice=233/512 states=[119016,119529) segments=6..=6 finished_slices=225/512 finished_states=115425/262165 elapsed_seconds=5.6
LAYER0_PROGRESS slice=221/512 states=[112860,113373) segments=6..=6 finished_slices=226/512 finished_states=115938/262165 elapsed_seconds=5.6
LAYER0_PROGRESS slice=235/512 states=[120042,120555) segments=6..=6 finished_slices=227/512 finished_states=116451/262165 elapsed_seconds=5.6
LAYER0_PROGRESS slice=237/512 states=[121068,121581) segments=6..=6 finished_slices=228/512 finished_states=116964/262165 elapsed_seconds=5.7
LAYER0_PROGRESS slice=218/512 states=[111321,111834) segments=6..=6 finished_slices=229/512 finished_states=117477/262165 elapsed_seconds=5.7
LAYER0_PROGRESS slice=234/512 states=[119529,120042) segments=6..=6 finished_slices=230/512 finished_states=117990/262165 elapsed_seconds=5.7
LAYER0_PROGRESS slice=238/512 states=[121581,122094) segments=6..=6 finished_slices=231/512 finished_states=118503/262165 elapsed_seconds=5.8
LAYER0_PROGRESS slice=223/512 states=[113886,114399) segments=6..=6 finished_slices=232/512 finished_states=119016/262165 elapsed_seconds=5.8
LAYER0_PROGRESS slice=245/512 states=[125172,125685) segments=6..=6 finished_slices=233/512 finished_states=119529/262165 elapsed_seconds=5.8
LAYER0_PROGRESS slice=220/512 states=[112347,112860) segments=6..=6 finished_slices=234/512 finished_states=120042/262165 elapsed_seconds=5.8
LAYER0_PROGRESS slice=226/512 states=[115425,115938) segments=6..=6 finished_slices=235/512 finished_states=120555/262165 elapsed_seconds=5.9
LAYER0_PROGRESS slice=247/512 states=[126198,126711) segments=6..=6 finished_slices=236/512 finished_states=121068/262165 elapsed_seconds=5.9
LAYER0_PROGRESS slice=248/512 states=[126711,127224) segments=6..=6 finished_slices=237/512 finished_states=121581/262165 elapsed_seconds=5.9
LAYER0_PROGRESS slice=231/512 states=[117990,118503) segments=6..=6 finished_slices=238/512 finished_states=122094/262165 elapsed_seconds=5.9
LAYER0_PROGRESS slice=217/512 states=[110808,111321) segments=6..=6 finished_slices=239/512 finished_states=122607/262165 elapsed_seconds=5.9
LAYER0_PROGRESS slice=246/512 states=[125685,126198) segments=6..=6 finished_slices=240/512 finished_states=123120/262165 elapsed_seconds=6.0
LAYER0_PROGRESS slice=251/512 states=[128250,128763) segments=6..=6 finished_slices=241/512 finished_states=123633/262165 elapsed_seconds=6.0
LAYER0_PROGRESS slice=253/512 states=[129276,129789) segments=6..=6 finished_slices=242/512 finished_states=124146/262165 elapsed_seconds=6.0
LAYER0_PROGRESS slice=254/512 states=[129789,130302) segments=6..=6 finished_slices=243/512 finished_states=124659/262165 elapsed_seconds=6.0
LAYER0_PROGRESS slice=257/512 states=[131328,131841) segments=6..=6 finished_slices=244/512 finished_states=125172/262165 elapsed_seconds=6.1
LAYER0_PROGRESS slice=243/512 states=[124146,124659) segments=6..=6 finished_slices=245/512 finished_states=125685/262165 elapsed_seconds=6.1
LAYER0_PROGRESS slice=258/512 states=[131841,132354) segments=6..=6 finished_slices=246/512 finished_states=126198/262165 elapsed_seconds=6.1
LAYER0_PROGRESS slice=259/512 states=[132354,132867) segments=6..=6 finished_slices=247/512 finished_states=126711/262165 elapsed_seconds=6.1
LAYER0_PROGRESS slice=219/512 states=[111834,112347) segments=6..=6 finished_slices=248/512 finished_states=127224/262165 elapsed_seconds=6.1
LAYER0_PROGRESS slice=239/512 states=[122094,122607) segments=6..=6 finished_slices=249/512 finished_states=127737/262165 elapsed_seconds=6.2
LAYER0_PROGRESS slice=260/512 states=[132867,133380) segments=6..=6 finished_slices=250/512 finished_states=128250/262165 elapsed_seconds=6.2
LAYER0_PROGRESS slice=242/512 states=[123633,124146) segments=6..=6 finished_slices=251/512 finished_states=128763/262165 elapsed_seconds=6.2
LAYER0_PROGRESS slice=249/512 states=[127224,127737) segments=6..=6 finished_slices=252/512 finished_states=129276/262165 elapsed_seconds=6.3
LAYER0_PROGRESS slice=236/512 states=[120555,121068) segments=6..=6 finished_slices=253/512 finished_states=129789/262165 elapsed_seconds=6.3
LAYER0_PROGRESS slice=240/512 states=[122607,123120) segments=6..=6 finished_slices=254/512 finished_states=130302/262165 elapsed_seconds=6.4
LAYER0_PROGRESS slice=268/512 states=[136971,137484) segments=6..=6 finished_slices=255/512 finished_states=130815/262165 elapsed_seconds=6.4
LAYER0_PROGRESS slice=244/512 states=[124659,125172) segments=6..=6 finished_slices=256/512 finished_states=131328/262165 elapsed_seconds=6.4
LAYER0_PROGRESS slice=256/512 states=[130815,131328) segments=6..=6 finished_slices=257/512 finished_states=131841/262165 elapsed_seconds=6.4
LAYER0_PROGRESS slice=266/512 states=[135945,136458) segments=6..=6 finished_slices=258/512 finished_states=132354/262165 elapsed_seconds=6.4
LAYER0_PROGRESS slice=262/512 states=[133893,134406) segments=6..=6 finished_slices=259/512 finished_states=132867/262165 elapsed_seconds=6.4
LAYER0_PROGRESS slice=269/512 states=[137484,137997) segments=6..=6 finished_slices=260/512 finished_states=133380/262165 elapsed_seconds=6.5
LAYER0_PROGRESS slice=241/512 states=[123120,123633) segments=6..=6 finished_slices=261/512 finished_states=133893/262165 elapsed_seconds=6.5
LAYER0_PROGRESS slice=270/512 states=[137997,138510) segments=6..=6 finished_slices=262/512 finished_states=134406/262165 elapsed_seconds=6.5
LAYER0_PROGRESS slice=265/512 states=[135432,135945) segments=6..=6 finished_slices=263/512 finished_states=134919/262165 elapsed_seconds=6.6
LAYER0_PROGRESS slice=276/512 states=[141075,141588) segments=6..=6 finished_slices=264/512 finished_states=135432/262165 elapsed_seconds=6.6
LAYER0_PROGRESS slice=261/512 states=[133380,133893) segments=6..=6 finished_slices=265/512 finished_states=135945/262165 elapsed_seconds=6.6
LAYER0_PROGRESS slice=264/512 states=[134919,135432) segments=6..=6 finished_slices=266/512 finished_states=136458/262165 elapsed_seconds=6.6
LAYER0_PROGRESS slice=279/512 states=[142614,143127) segments=6..=6 finished_slices=267/512 finished_states=136971/262165 elapsed_seconds=6.6
LAYER0_PROGRESS slice=252/512 states=[128763,129276) segments=6..=6 finished_slices=268/512 finished_states=137484/262165 elapsed_seconds=6.6
LAYER0_PROGRESS slice=274/512 states=[140049,140562) segments=6..=6 finished_slices=269/512 finished_states=137997/262165 elapsed_seconds=6.6
LAYER0_PROGRESS slice=271/512 states=[138510,139023) segments=6..=6 finished_slices=270/512 finished_states=138510/262165 elapsed_seconds=6.7
LAYER0_PROGRESS slice=282/512 states=[144153,144666) segments=6..=6 finished_slices=271/512 finished_states=139023/262165 elapsed_seconds=6.7
LAYER0_PROGRESS slice=263/512 states=[134406,134919) segments=6..=6 finished_slices=272/512 finished_states=139536/262165 elapsed_seconds=6.7
LAYER0_PROGRESS slice=283/512 states=[144666,145179) segments=6..=6 finished_slices=273/512 finished_states=140049/262165 elapsed_seconds=6.7
LAYER0_PROGRESS slice=255/512 states=[130302,130815) segments=6..=6 finished_slices=274/512 finished_states=140562/262165 elapsed_seconds=6.7
LAYER0_PROGRESS slice=267/512 states=[136458,136971) segments=6..=6 finished_slices=275/512 finished_states=141075/262165 elapsed_seconds=6.7
LAYER0_PROGRESS slice=275/512 states=[140562,141075) segments=6..=6 finished_slices=276/512 finished_states=141588/262165 elapsed_seconds=6.7
LAYER0_PROGRESS slice=272/512 states=[139023,139536) segments=6..=6 finished_slices=277/512 finished_states=142101/262165 elapsed_seconds=6.8
LAYER0_PROGRESS slice=284/512 states=[145179,145692) segments=6..=6 finished_slices=278/512 finished_states=142614/262165 elapsed_seconds=6.8
LAYER0_PROGRESS slice=273/512 states=[139536,140049) segments=6..=6 finished_slices=279/512 finished_states=143127/262165 elapsed_seconds=6.8
LAYER0_PROGRESS slice=278/512 states=[142101,142614) segments=6..=6 finished_slices=280/512 finished_states=143640/262165 elapsed_seconds=6.8
LAYER0_PROGRESS slice=250/512 states=[127737,128250) segments=6..=6 finished_slices=281/512 finished_states=144153/262165 elapsed_seconds=6.8
LAYER0_PROGRESS slice=286/512 states=[146205,146718) segments=6..=6 finished_slices=282/512 finished_states=144666/262165 elapsed_seconds=6.9
LAYER0_PROGRESS slice=287/512 states=[146718,147231) segments=6..=6 finished_slices=283/512 finished_states=145179/262165 elapsed_seconds=6.9
LAYER0_PROGRESS slice=289/512 states=[147744,148257) segments=6..=6 finished_slices=284/512 finished_states=145692/262165 elapsed_seconds=6.9
LAYER0_PROGRESS slice=291/512 states=[148770,149283) segments=6..=6 finished_slices=285/512 finished_states=146205/262165 elapsed_seconds=7.0
LAYER0_PROGRESS slice=294/512 states=[150309,150822) segments=6..=6 finished_slices=286/512 finished_states=146718/262165 elapsed_seconds=7.0
LAYER0_PROGRESS slice=277/512 states=[141588,142101) segments=6..=6 finished_slices=287/512 finished_states=147231/262165 elapsed_seconds=7.0
LAYER0_PROGRESS slice=293/512 states=[149796,150309) segments=6..=6 finished_slices=288/512 finished_states=147744/262165 elapsed_seconds=7.1
LAYER0_PROGRESS slice=292/512 states=[149283,149796) segments=6..=6 finished_slices=289/512 finished_states=148257/262165 elapsed_seconds=7.1
LAYER0_PROGRESS slice=296/512 states=[151335,151848) segments=6..=6 finished_slices=290/512 finished_states=148770/262165 elapsed_seconds=7.1
LAYER0_PROGRESS slice=305/512 states=[155952,156465) segments=6..=6 finished_slices=291/512 finished_states=149283/262165 elapsed_seconds=7.2
LAYER0_PROGRESS slice=304/512 states=[155439,155952) segments=6..=6 finished_slices=292/512 finished_states=149796/262165 elapsed_seconds=7.2
LAYER0_PROGRESS slice=303/512 states=[154926,155439) segments=6..=6 finished_slices=293/512 finished_states=150309/262165 elapsed_seconds=7.2
LAYER0_PROGRESS slice=297/512 states=[151848,152361) segments=6..=6 finished_slices=294/512 finished_states=150822/262165 elapsed_seconds=7.2
LAYER0_PROGRESS slice=298/512 states=[152361,152874) segments=6..=6 finished_slices=295/512 finished_states=151335/262165 elapsed_seconds=7.2
LAYER0_PROGRESS slice=280/512 states=[143127,143640) segments=6..=6 finished_slices=296/512 finished_states=151848/262165 elapsed_seconds=7.3
LAYER0_PROGRESS slice=310/512 states=[158517,159030) segments=6..=6 finished_slices=297/512 finished_states=152361/262165 elapsed_seconds=7.3
LAYER0_PROGRESS slice=300/512 states=[153387,153900) segments=6..=6 finished_slices=298/512 finished_states=152874/262165 elapsed_seconds=7.3
LAYER0_PROGRESS slice=314/512 states=[160569,161082) segments=6..=6 finished_slices=299/512 finished_states=153387/262165 elapsed_seconds=7.4
LAYER0_PROGRESS slice=299/512 states=[152874,153387) segments=6..=6 finished_slices=300/512 finished_states=153900/262165 elapsed_seconds=7.4
LAYER0_PROGRESS slice=285/512 states=[145692,146205) segments=6..=6 finished_slices=301/512 finished_states=154413/262165 elapsed_seconds=7.4
LAYER0_PROGRESS slice=307/512 states=[156978,157491) segments=6..=6 finished_slices=302/512 finished_states=154926/262165 elapsed_seconds=7.4
LAYER0_PROGRESS slice=290/512 states=[148257,148770) segments=6..=6 finished_slices=303/512 finished_states=155439/262165 elapsed_seconds=7.4
LAYER0_PROGRESS slice=311/512 states=[159030,159543) segments=6..=6 finished_slices=304/512 finished_states=155952/262165 elapsed_seconds=7.5
LAYER0_PROGRESS slice=302/512 states=[154413,154926) segments=6..=6 finished_slices=305/512 finished_states=156465/262165 elapsed_seconds=7.5
LAYER0_PROGRESS slice=316/512 states=[161595,162108) segments=6..=6 finished_slices=306/512 finished_states=156978/262165 elapsed_seconds=7.5
LAYER0_PROGRESS slice=301/512 states=[153900,154413) segments=6..=6 finished_slices=307/512 finished_states=157491/262165 elapsed_seconds=7.5
LAYER0_PROGRESS slice=318/512 states=[162621,163134) segments=6..=6 finished_slices=308/512 finished_states=158004/262165 elapsed_seconds=7.6
LAYER0_PROGRESS slice=295/512 states=[150822,151335) segments=6..=6 finished_slices=309/512 finished_states=158517/262165 elapsed_seconds=7.6
LAYER0_PROGRESS slice=321/512 states=[164160,164673) segments=6..=6 finished_slices=310/512 finished_states=159030/262165 elapsed_seconds=7.6
LAYER0_PROGRESS slice=320/512 states=[163647,164160) segments=6..=6 finished_slices=311/512 finished_states=159543/262165 elapsed_seconds=7.6
LAYER0_PROGRESS slice=281/512 states=[143640,144153) segments=6..=6 finished_slices=312/512 finished_states=160056/262165 elapsed_seconds=7.6
LAYER0_PROGRESS slice=315/512 states=[161082,161595) segments=6..=6 finished_slices=313/512 finished_states=160569/262165 elapsed_seconds=7.6
LAYER0_PROGRESS slice=323/512 states=[165186,165699) segments=6..=6 finished_slices=314/512 finished_states=161082/262165 elapsed_seconds=7.7
LAYER0_PROGRESS slice=322/512 states=[164673,165186) segments=6..=6 finished_slices=315/512 finished_states=161595/262165 elapsed_seconds=7.7
LAYER0_PROGRESS slice=288/512 states=[147231,147744) segments=6..=6 finished_slices=316/512 finished_states=162108/262165 elapsed_seconds=7.7
LAYER0_PROGRESS slice=327/512 states=[167238,167751) segments=6..=6 finished_slices=317/512 finished_states=162621/262165 elapsed_seconds=7.7
LAYER0_PROGRESS slice=312/512 states=[159543,160056) segments=6..=6 finished_slices=318/512 finished_states=163134/262165 elapsed_seconds=7.8
LAYER0_PROGRESS slice=317/512 states=[162108,162621) segments=6..=6 finished_slices=319/512 finished_states=163647/262165 elapsed_seconds=7.8
LAYER0_PROGRESS slice=309/512 states=[158004,158517) segments=6..=6 finished_slices=320/512 finished_states=164160/262165 elapsed_seconds=7.8
LAYER0_PROGRESS slice=319/512 states=[163134,163647) segments=6..=6 finished_slices=321/512 finished_states=164673/262165 elapsed_seconds=7.8
LAYER0_PROGRESS slice=329/512 states=[168264,168777) segments=6..=6 finished_slices=322/512 finished_states=165186/262165 elapsed_seconds=7.8
LAYER0_PROGRESS slice=331/512 states=[169290,169803) segments=6..=6 finished_slices=323/512 finished_states=165699/262165 elapsed_seconds=7.8
LAYER0_PROGRESS slice=306/512 states=[156465,156978) segments=6..=6 finished_slices=324/512 finished_states=166212/262165 elapsed_seconds=7.9
LAYER0_PROGRESS slice=313/512 states=[160056,160569) segments=6..=6 finished_slices=325/512 finished_states=166725/262165 elapsed_seconds=7.9
LAYER0_PROGRESS slice=332/512 states=[169803,170316) segments=6..=6 finished_slices=326/512 finished_states=167238/262165 elapsed_seconds=7.9
LAYER0_PROGRESS slice=336/512 states=[171855,172368) segments=6..=6 finished_slices=327/512 finished_states=167751/262165 elapsed_seconds=7.9
LAYER0_PROGRESS slice=325/512 states=[166212,166725) segments=6..=6 finished_slices=328/512 finished_states=168264/262165 elapsed_seconds=8.0
LAYER0_PROGRESS slice=334/512 states=[170829,171342) segments=6..=6 finished_slices=329/512 finished_states=168777/262165 elapsed_seconds=8.0
LAYER0_PROGRESS slice=308/512 states=[157491,158004) segments=6..=6 finished_slices=330/512 finished_states=169290/262165 elapsed_seconds=8.0
LAYER0_PROGRESS slice=326/512 states=[166725,167238) segments=6..=6 finished_slices=331/512 finished_states=169803/262165 elapsed_seconds=8.1
LAYER0_PROGRESS slice=342/512 states=[174933,175446) segments=6..=6 finished_slices=332/512 finished_states=170316/262165 elapsed_seconds=8.1
LAYER0_PROGRESS slice=338/512 states=[172881,173394) segments=6..=6 finished_slices=333/512 finished_states=170829/262165 elapsed_seconds=8.1
LAYER0_PROGRESS slice=333/512 states=[170316,170829) segments=6..=6 finished_slices=334/512 finished_states=171342/262165 elapsed_seconds=8.1
LAYER0_PROGRESS slice=343/512 states=[175446,175959) segments=6..=6 finished_slices=335/512 finished_states=171855/262165 elapsed_seconds=8.1
LAYER0_PROGRESS slice=346/512 states=[176985,177498) segments=6..=6 finished_slices=336/512 finished_states=172368/262165 elapsed_seconds=8.1
LAYER0_PROGRESS slice=324/512 states=[165699,166212) segments=6..=6 finished_slices=337/512 finished_states=172881/262165 elapsed_seconds=8.2
LAYER0_PROGRESS slice=340/512 states=[173907,174420) segments=6..=6 finished_slices=338/512 finished_states=173394/262165 elapsed_seconds=8.3
LAYER0_PROGRESS slice=351/512 states=[179550,180063) segments=6..=6 finished_slices=339/512 finished_states=173907/262165 elapsed_seconds=8.3
LAYER0_PROGRESS slice=345/512 states=[176472,176985) segments=6..=6 finished_slices=340/512 finished_states=174420/262165 elapsed_seconds=8.3
LAYER0_PROGRESS slice=328/512 states=[167751,168264) segments=6..=6 finished_slices=341/512 finished_states=174933/262165 elapsed_seconds=8.3
LAYER0_PROGRESS slice=349/512 states=[178524,179037) segments=6..=6 finished_slices=342/512 finished_states=175446/262165 elapsed_seconds=8.3
LAYER0_PROGRESS slice=354/512 states=[181089,181602) segments=6..=6 finished_slices=343/512 finished_states=175959/262165 elapsed_seconds=8.3
LAYER0_PROGRESS slice=355/512 states=[181602,182115) segments=6..=6 finished_slices=344/512 finished_states=176472/262165 elapsed_seconds=8.3
LAYER0_PROGRESS slice=352/512 states=[180063,180576) segments=6..=6 finished_slices=345/512 finished_states=176985/262165 elapsed_seconds=8.3
LAYER0_PROGRESS slice=353/512 states=[180576,181089) segments=6..=6 finished_slices=346/512 finished_states=177498/262165 elapsed_seconds=8.4
LAYER0_PROGRESS slice=330/512 states=[168777,169290) segments=6..=6 finished_slices=347/512 finished_states=178011/262165 elapsed_seconds=8.4
LAYER0_PROGRESS slice=358/512 states=[183141,183654) segments=6..=6 finished_slices=348/512 finished_states=178524/262165 elapsed_seconds=8.4
LAYER0_PROGRESS slice=359/512 states=[183654,184167) segments=6..=6 finished_slices=349/512 finished_states=179037/262165 elapsed_seconds=8.4
LAYER0_PROGRESS slice=335/512 states=[171342,171855) segments=6..=6 finished_slices=350/512 finished_states=179550/262165 elapsed_seconds=8.5
LAYER0_PROGRESS slice=347/512 states=[177498,178011) segments=6..=6 finished_slices=351/512 finished_states=180063/262165 elapsed_seconds=8.5
LAYER0_PROGRESS slice=341/512 states=[174420,174933) segments=6..=6 finished_slices=352/512 finished_states=180576/262165 elapsed_seconds=8.5
LAYER0_PROGRESS slice=363/512 states=[185706,186219) segments=6..=6 finished_slices=353/512 finished_states=181089/262165 elapsed_seconds=8.5
LAYER0_PROGRESS slice=348/512 states=[178011,178524) segments=6..=6 finished_slices=354/512 finished_states=181602/262165 elapsed_seconds=8.5
LAYER0_PROGRESS slice=360/512 states=[184167,184680) segments=6..=6 finished_slices=355/512 finished_states=182115/262165 elapsed_seconds=8.6
LAYER0_PROGRESS slice=344/512 states=[175959,176472) segments=6..=6 finished_slices=356/512 finished_states=182628/262165 elapsed_seconds=8.6
LAYER0_PROGRESS slice=367/512 states=[187758,188271) segments=6..=6 finished_slices=357/512 finished_states=183141/262165 elapsed_seconds=8.6
LAYER0_PROGRESS slice=366/512 states=[187245,187758) segments=6..=6 finished_slices=358/512 finished_states=183654/262165 elapsed_seconds=8.6
LAYER0_PROGRESS slice=361/512 states=[184680,185193) segments=6..=6 finished_slices=359/512 finished_states=184167/262165 elapsed_seconds=8.6
LAYER0_PROGRESS slice=350/512 states=[179037,179550) segments=6..=6 finished_slices=360/512 finished_states=184680/262165 elapsed_seconds=8.7
LAYER0_PROGRESS slice=364/512 states=[186219,186732) segments=6..=6 finished_slices=361/512 finished_states=185193/262165 elapsed_seconds=8.7
LAYER0_PROGRESS slice=362/512 states=[185193,185706) segments=6..=6 finished_slices=362/512 finished_states=185706/262165 elapsed_seconds=8.7
LAYER0_PROGRESS slice=337/512 states=[172368,172881) segments=6..=6 finished_slices=363/512 finished_states=186219/262165 elapsed_seconds=8.7
LAYER0_PROGRESS slice=372/512 states=[190323,190836) segments=6..=6 finished_slices=364/512 finished_states=186732/262165 elapsed_seconds=8.8
LAYER0_PROGRESS slice=376/512 states=[192375,192888) segments=6..=6 finished_slices=365/512 finished_states=187245/262165 elapsed_seconds=8.8
LAYER0_PROGRESS slice=375/512 states=[191862,192375) segments=6..=6 finished_slices=366/512 finished_states=187758/262165 elapsed_seconds=8.8
LAYER0_PROGRESS slice=377/512 states=[192888,193401) segments=6..=6 finished_slices=367/512 finished_states=188271/262165 elapsed_seconds=8.8
LAYER0_PROGRESS slice=368/512 states=[188271,188784) segments=6..=6 finished_slices=368/512 finished_states=188784/262165 elapsed_seconds=8.8
LAYER0_PROGRESS slice=370/512 states=[189297,189810) segments=6..=6 finished_slices=369/512 finished_states=189297/262165 elapsed_seconds=8.8
LAYER0_PROGRESS slice=339/512 states=[173394,173907) segments=6..=6 finished_slices=370/512 finished_states=189810/262165 elapsed_seconds=8.8
LAYER0_PROGRESS slice=356/512 states=[182115,182628) segments=6..=6 finished_slices=371/512 finished_states=190323/262165 elapsed_seconds=8.9
LAYER0_PROGRESS slice=378/512 states=[193401,193914) segments=6..=6 finished_slices=372/512 finished_states=190836/262165 elapsed_seconds=8.9
LAYER0_PROGRESS slice=357/512 states=[182628,183141) segments=6..=6 finished_slices=373/512 finished_states=191349/262165 elapsed_seconds=8.9
LAYER0_PROGRESS slice=380/512 states=[194427,194940) segments=6..=6 finished_slices=374/512 finished_states=191862/262165 elapsed_seconds=9.0
LAYER0_PROGRESS slice=374/512 states=[191349,191862) segments=6..=6 finished_slices=375/512 finished_states=192375/262165 elapsed_seconds=9.0
LAYER0_PROGRESS slice=365/512 states=[186732,187245) segments=6..=6 finished_slices=376/512 finished_states=192888/262165 elapsed_seconds=9.0
LAYER0_PROGRESS slice=369/512 states=[188784,189297) segments=6..=6 finished_slices=377/512 finished_states=193401/262165 elapsed_seconds=9.0
LAYER0_PROGRESS slice=388/512 states=[198531,199044) segments=6..=6 finished_slices=378/512 finished_states=193914/262165 elapsed_seconds=9.0
LAYER0_PROGRESS slice=371/512 states=[189810,190323) segments=6..=6 finished_slices=379/512 finished_states=194427/262165 elapsed_seconds=9.1
LAYER0_PROGRESS slice=387/512 states=[198018,198531) segments=6..=6 finished_slices=380/512 finished_states=194940/262165 elapsed_seconds=9.1
LAYER0_PROGRESS slice=381/512 states=[194940,195453) segments=6..=6 finished_slices=381/512 finished_states=195453/262165 elapsed_seconds=9.1
LAYER0_PROGRESS slice=385/512 states=[196992,197505) segments=6..=6 finished_slices=382/512 finished_states=195966/262165 elapsed_seconds=9.1
LAYER0_PROGRESS slice=383/512 states=[195966,196479) segments=6..=6 finished_slices=383/512 finished_states=196479/262165 elapsed_seconds=9.2
LAYER0_PROGRESS slice=393/512 states=[201096,201609) segments=6..=6 finished_slices=384/512 finished_states=196992/262165 elapsed_seconds=9.2
LAYER0_PROGRESS slice=389/512 states=[199044,199557) segments=6..=6 finished_slices=385/512 finished_states=197505/262165 elapsed_seconds=9.2
LAYER0_PROGRESS slice=394/512 states=[201609,202122) segments=6..=6 finished_slices=386/512 finished_states=198018/262165 elapsed_seconds=9.2
LAYER0_PROGRESS slice=392/512 states=[200583,201096) segments=6..=6 finished_slices=387/512 finished_states=198531/262165 elapsed_seconds=9.2
LAYER0_PROGRESS slice=379/512 states=[193914,194427) segments=6..=6 finished_slices=388/512 finished_states=199044/262165 elapsed_seconds=9.2
LAYER0_PROGRESS slice=391/512 states=[200070,200583) segments=6..=6 finished_slices=389/512 finished_states=199557/262165 elapsed_seconds=9.3
LAYER0_PROGRESS slice=396/512 states=[202635,203148) segments=6..=6 finished_slices=390/512 finished_states=200070/262165 elapsed_seconds=9.3
LAYER0_PROGRESS slice=382/512 states=[195453,195966) segments=6..=6 finished_slices=391/512 finished_states=200583/262165 elapsed_seconds=9.3
LAYER0_PROGRESS slice=398/512 states=[203661,204174) segments=6..=6 finished_slices=392/512 finished_states=201096/262165 elapsed_seconds=9.3
LAYER0_PROGRESS slice=399/512 states=[204174,204687) segments=6..=6 finished_slices=393/512 finished_states=201609/262165 elapsed_seconds=9.3
LAYER0_PROGRESS slice=397/512 states=[203148,203661) segments=6..=6 finished_slices=394/512 finished_states=202122/262165 elapsed_seconds=9.4
LAYER0_PROGRESS slice=406/512 states=[207765,208278) segments=6..=6 finished_slices=395/512 finished_states=202635/262165 elapsed_seconds=9.5
LAYER0_PROGRESS slice=401/512 states=[205200,205713) segments=6..=6 finished_slices=396/512 finished_states=203148/262165 elapsed_seconds=9.5
LAYER0_PROGRESS slice=390/512 states=[199557,200070) segments=6..=6 finished_slices=397/512 finished_states=203661/262165 elapsed_seconds=9.5
LAYER0_PROGRESS slice=404/512 states=[206739,207252) segments=6..=6 finished_slices=398/512 finished_states=204174/262165 elapsed_seconds=9.5
LAYER0_PROGRESS slice=373/512 states=[190836,191349) segments=6..=6 finished_slices=399/512 finished_states=204687/262165 elapsed_seconds=9.6
LAYER0_PROGRESS slice=412/512 states=[210843,211356) segments=6..=6 finished_slices=400/512 finished_states=205200/262165 elapsed_seconds=9.6
LAYER0_PROGRESS slice=405/512 states=[207252,207765) segments=6..=6 finished_slices=401/512 finished_states=205713/262165 elapsed_seconds=9.6
LAYER0_PROGRESS slice=411/512 states=[210330,210843) segments=6..=6 finished_slices=402/512 finished_states=206226/262165 elapsed_seconds=9.6
LAYER0_PROGRESS slice=400/512 states=[204687,205200) segments=6..=6 finished_slices=403/512 finished_states=206739/262165 elapsed_seconds=9.6
LAYER0_PROGRESS slice=410/512 states=[209817,210330) segments=6..=6 finished_slices=404/512 finished_states=207252/262165 elapsed_seconds=9.7
LAYER0_PROGRESS slice=403/512 states=[206226,206739) segments=6..=6 finished_slices=405/512 finished_states=207765/262165 elapsed_seconds=9.7
LAYER0_PROGRESS slice=416/512 states=[212895,213408) segments=6..=6 finished_slices=406/512 finished_states=208278/262165 elapsed_seconds=9.7
LAYER0_PROGRESS slice=419/512 states=[214434,214947) segments=6..=6 finished_slices=407/512 finished_states=208791/262165 elapsed_seconds=9.7
LAYER0_PROGRESS slice=386/512 states=[197505,198018) segments=6..=6 finished_slices=408/512 finished_states=209304/262165 elapsed_seconds=9.7
LAYER0_PROGRESS slice=422/512 states=[215973,216486) segments=6..=6 finished_slices=409/512 finished_states=209817/262165 elapsed_seconds=9.8
LAYER0_PROGRESS slice=424/512 states=[216999,217512) segments=6..=6 finished_slices=410/512 finished_states=210330/262165 elapsed_seconds=9.8
LAYER0_PROGRESS slice=425/512 states=[217512,218025) segments=6..=6 finished_slices=411/512 finished_states=210843/262165 elapsed_seconds=9.8
LAYER0_PROGRESS slice=421/512 states=[215460,215973) segments=6..=6 finished_slices=412/512 finished_states=211356/262165 elapsed_seconds=9.8
LAYER0_PROGRESS slice=384/512 states=[196479,196992) segments=6..=6 finished_slices=413/512 finished_states=211869/262165 elapsed_seconds=9.8
LAYER0_PROGRESS slice=423/512 states=[216486,216999) segments=6..=6 finished_slices=414/512 finished_states=212382/262165 elapsed_seconds=9.8
LAYER0_PROGRESS slice=407/512 states=[208278,208791) segments=6..=6 finished_slices=415/512 finished_states=212895/262165 elapsed_seconds=9.9
LAYER0_PROGRESS slice=408/512 states=[208791,209304) segments=6..=6 finished_slices=416/512 finished_states=213408/262165 elapsed_seconds=9.9
LAYER0_PROGRESS slice=420/512 states=[214947,215460) segments=6..=6 finished_slices=417/512 finished_states=213921/262165 elapsed_seconds=9.9
LAYER0_PROGRESS slice=409/512 states=[209304,209817) segments=6..=6 finished_slices=418/512 finished_states=214434/262165 elapsed_seconds=9.9
LAYER0_PROGRESS slice=402/512 states=[205713,206226) segments=6..=6 finished_slices=419/512 finished_states=214947/262165 elapsed_seconds=10.0
LAYER0_PROGRESS slice=427/512 states=[218538,219051) segments=6..=6 finished_slices=420/512 finished_states=215460/262165 elapsed_seconds=10.0
LAYER0_PROGRESS slice=428/512 states=[219051,219564) segments=6..=6 finished_slices=421/512 finished_states=215973/262165 elapsed_seconds=10.0
LAYER0_PROGRESS slice=418/512 states=[213921,214434) segments=6..=6 finished_slices=422/512 finished_states=216486/262165 elapsed_seconds=10.0
LAYER0_PROGRESS slice=415/512 states=[212382,212895) segments=6..=6 finished_slices=423/512 finished_states=216999/262165 elapsed_seconds=10.0
LAYER0_PROGRESS slice=395/512 states=[202122,202635) segments=6..=6 finished_slices=424/512 finished_states=217512/262165 elapsed_seconds=10.0
LAYER0_PROGRESS slice=430/512 states=[220077,220590) segments=6..=6 finished_slices=425/512 finished_states=218025/262165 elapsed_seconds=10.0
LAYER0_PROGRESS slice=432/512 states=[221103,221616) segments=6..=6 finished_slices=426/512 finished_states=218538/262165 elapsed_seconds=10.1
LAYER0_PROGRESS slice=434/512 states=[222129,222642) segments=6..=6 finished_slices=427/512 finished_states=219051/262165 elapsed_seconds=10.1
LAYER0_PROGRESS slice=417/512 states=[213408,213921) segments=6..=6 finished_slices=428/512 finished_states=219564/262165 elapsed_seconds=10.1
LAYER0_PROGRESS slice=433/512 states=[221616,222129) segments=6..=6 finished_slices=429/512 finished_states=220077/262165 elapsed_seconds=10.2
LAYER0_PROGRESS slice=435/512 states=[222642,223155) segments=6..=6 finished_slices=430/512 finished_states=220590/262165 elapsed_seconds=10.2
LAYER0_PROGRESS slice=438/512 states=[224181,224694) segments=6..=6 finished_slices=431/512 finished_states=221103/262165 elapsed_seconds=10.2
LAYER0_PROGRESS slice=413/512 states=[211356,211869) segments=6..=6 finished_slices=432/512 finished_states=221616/262165 elapsed_seconds=10.2
LAYER0_PROGRESS slice=439/512 states=[224694,225207) segments=6..=6 finished_slices=433/512 finished_states=222129/262165 elapsed_seconds=10.2
LAYER0_PROGRESS slice=429/512 states=[219564,220077) segments=6..=6 finished_slices=434/512 finished_states=222642/262165 elapsed_seconds=10.3
LAYER0_PROGRESS slice=442/512 states=[226233,226746) segments=6..=6 finished_slices=435/512 finished_states=223155/262165 elapsed_seconds=10.3
LAYER0_PROGRESS slice=443/512 states=[226746,227259) segments=6..=6 finished_slices=436/512 finished_states=223668/262165 elapsed_seconds=10.3
LAYER0_PROGRESS slice=441/512 states=[225720,226233) segments=6..=6 finished_slices=437/512 finished_states=224181/262165 elapsed_seconds=10.3
LAYER0_PROGRESS slice=426/512 states=[218025,218538) segments=6..=6 finished_slices=438/512 finished_states=224694/262165 elapsed_seconds=10.4
LAYER0_PROGRESS slice=444/512 states=[227259,227772) segments=6..=6 finished_slices=439/512 finished_states=225207/262165 elapsed_seconds=10.4
LAYER0_PROGRESS slice=447/512 states=[228798,229311) segments=6..=6 finished_slices=440/512 finished_states=225720/262165 elapsed_seconds=10.4
LAYER0_PROGRESS slice=414/512 states=[211869,212382) segments=6..=6 finished_slices=441/512 finished_states=226233/262165 elapsed_seconds=10.4
LAYER0_PROGRESS slice=448/512 states=[229311,229824) segments=6..=6 finished_slices=442/512 finished_states=226746/262165 elapsed_seconds=10.5
LAYER0_PROGRESS slice=449/512 states=[229824,230337) segments=6..=6 finished_slices=443/512 finished_states=227259/262165 elapsed_seconds=10.5
LAYER0_PROGRESS slice=440/512 states=[225207,225720) segments=6..=6 finished_slices=444/512 finished_states=227772/262165 elapsed_seconds=10.5
LAYER0_PROGRESS slice=452/512 states=[231363,231876) segments=6..=6 finished_slices=445/512 finished_states=228285/262165 elapsed_seconds=10.5
LAYER0_PROGRESS slice=451/512 states=[230850,231363) segments=6..=6 finished_slices=446/512 finished_states=228798/262165 elapsed_seconds=10.5
LAYER0_PROGRESS slice=437/512 states=[223668,224181) segments=6..=6 finished_slices=447/512 finished_states=229311/262165 elapsed_seconds=10.5
LAYER0_PROGRESS slice=458/512 states=[234441,234954) segments=6..=6 finished_slices=448/512 finished_states=229824/262165 elapsed_seconds=10.6
LAYER0_PROGRESS slice=436/512 states=[223155,223668) segments=6..=6 finished_slices=449/512 finished_states=230337/262165 elapsed_seconds=10.6
LAYER0_PROGRESS slice=457/512 states=[233928,234441) segments=6..=6 finished_slices=450/512 finished_states=230850/262165 elapsed_seconds=10.6
LAYER0_PROGRESS slice=459/512 states=[234954,235467) segments=6..=6 finished_slices=451/512 finished_states=231363/262165 elapsed_seconds=10.6
LAYER0_PROGRESS slice=462/512 states=[236493,237006) segments=6..=6 finished_slices=452/512 finished_states=231876/262165 elapsed_seconds=10.7
LAYER0_PROGRESS slice=463/512 states=[237006,237519) segments=6..=6 finished_slices=453/512 finished_states=232389/262165 elapsed_seconds=10.7
LAYER0_PROGRESS slice=465/512 states=[238032,238545) segments=6..=6 finished_slices=454/512 finished_states=232902/262165 elapsed_seconds=10.7
LAYER0_PROGRESS slice=461/512 states=[235980,236493) segments=6..=6 finished_slices=455/512 finished_states=233415/262165 elapsed_seconds=10.8
LAYER0_PROGRESS slice=467/512 states=[239058,239571) segments=6..=6 finished_slices=456/512 finished_states=233928/262165 elapsed_seconds=10.8
LAYER0_PROGRESS slice=456/512 states=[233415,233928) segments=6..=6 finished_slices=457/512 finished_states=234441/262165 elapsed_seconds=10.8
LAYER0_PROGRESS slice=469/512 states=[240084,240597) segments=6..=6 finished_slices=458/512 finished_states=234954/262165 elapsed_seconds=10.8
LAYER0_PROGRESS slice=471/512 states=[241110,241623) segments=6..=6 finished_slices=459/512 finished_states=235467/262165 elapsed_seconds=10.9
LAYER0_PROGRESS slice=468/512 states=[239571,240084) segments=6..=6 finished_slices=460/512 finished_states=235980/262165 elapsed_seconds=10.9
LAYER0_PROGRESS slice=455/512 states=[232902,233415) segments=6..=6 finished_slices=461/512 finished_states=236493/262165 elapsed_seconds=10.9
LAYER0_PROGRESS slice=446/512 states=[228285,228798) segments=6..=6 finished_slices=462/512 finished_states=237006/262165 elapsed_seconds=10.9
LAYER0_PROGRESS slice=453/512 states=[231876,232389) segments=6..=6 finished_slices=463/512 finished_states=237519/262165 elapsed_seconds=10.9
LAYER0_PROGRESS slice=460/512 states=[235467,235980) segments=6..=6 finished_slices=464/512 finished_states=238032/262165 elapsed_seconds=11.0
LAYER0_PROGRESS slice=476/512 states=[243675,244188) segments=6..=6 finished_slices=465/512 finished_states=238545/262165 elapsed_seconds=11.0
LAYER0_PROGRESS slice=472/512 states=[241623,242136) segments=6..=6 finished_slices=466/512 finished_states=239058/262165 elapsed_seconds=11.0
LAYER0_PROGRESS slice=454/512 states=[232389,232902) segments=6..=6 finished_slices=467/512 finished_states=239571/262165 elapsed_seconds=11.0
LAYER0_PROGRESS slice=450/512 states=[230337,230850) segments=6..=6 finished_slices=468/512 finished_states=240084/262165 elapsed_seconds=11.0
LAYER0_PROGRESS slice=474/512 states=[242649,243162) segments=6..=6 finished_slices=469/512 finished_states=240597/262165 elapsed_seconds=11.1
LAYER0_PROGRESS slice=431/512 states=[220590,221103) segments=6..=6 finished_slices=470/512 finished_states=241110/262165 elapsed_seconds=11.1
LAYER0_PROGRESS slice=470/512 states=[240597,241110) segments=6..=6 finished_slices=471/512 finished_states=241623/262165 elapsed_seconds=11.1
LAYER0_PROGRESS slice=480/512 states=[245727,246240) segments=6..=6 finished_slices=472/512 finished_states=242136/262165 elapsed_seconds=11.1
LAYER0_PROGRESS slice=477/512 states=[244188,244701) segments=6..=6 finished_slices=473/512 finished_states=242649/262165 elapsed_seconds=11.1
LAYER0_PROGRESS slice=464/512 states=[237519,238032) segments=6..=6 finished_slices=474/512 finished_states=243162/262165 elapsed_seconds=11.1
LAYER0_PROGRESS slice=482/512 states=[246753,247266) segments=6..=6 finished_slices=475/512 finished_states=243675/262165 elapsed_seconds=11.1
LAYER0_PROGRESS slice=483/512 states=[247266,247779) segments=6..=6 finished_slices=476/512 finished_states=244188/262165 elapsed_seconds=11.1
LAYER0_PROGRESS slice=478/512 states=[244701,245214) segments=6..=6 finished_slices=477/512 finished_states=244701/262165 elapsed_seconds=11.1
LAYER0_PROGRESS slice=475/512 states=[243162,243675) segments=6..=6 finished_slices=478/512 finished_states=245214/262165 elapsed_seconds=11.1
LAYER0_PROGRESS slice=484/512 states=[247779,248292) segments=6..=6 finished_slices=479/512 finished_states=245727/262165 elapsed_seconds=11.2
LAYER0_PROGRESS slice=486/512 states=[248805,249318) segments=6..=6 finished_slices=480/512 finished_states=246240/262165 elapsed_seconds=11.2
LAYER0_PROGRESS slice=512/512 states=[262143,262165) segments=6..=all_persisted finished_slices=481/512 finished_states=246262/262165 elapsed_seconds=11.2
LAYER0_PROGRESS slice=445/512 states=[227772,228285) segments=6..=6 finished_slices=482/512 finished_states=246775/262165 elapsed_seconds=11.2
LAYER0_PROGRESS slice=488/512 states=[249831,250344) segments=6..=6 finished_slices=483/512 finished_states=247288/262165 elapsed_seconds=11.3
LAYER0_PROGRESS slice=492/512 states=[251883,252396) segments=6..=6 finished_slices=484/512 finished_states=247801/262165 elapsed_seconds=11.4
LAYER0_PROGRESS slice=495/512 states=[253422,253935) segments=6..=6 finished_slices=485/512 finished_states=248314/262165 elapsed_seconds=11.5
LAYER0_PROGRESS slice=489/512 states=[250344,250857) segments=6..=6 finished_slices=486/512 finished_states=248827/262165 elapsed_seconds=11.5
LAYER0_PROGRESS slice=496/512 states=[253935,254448) segments=6..=6 finished_slices=487/512 finished_states=249340/262165 elapsed_seconds=11.5
LAYER0_PROGRESS slice=479/512 states=[245214,245727) segments=6..=6 finished_slices=488/512 finished_states=249853/262165 elapsed_seconds=11.5
LAYER0_PROGRESS slice=490/512 states=[250857,251370) segments=6..=6 finished_slices=489/512 finished_states=250366/262165 elapsed_seconds=11.5
LAYER0_PROGRESS slice=497/512 states=[254448,254961) segments=6..=6 finished_slices=490/512 finished_states=250879/262165 elapsed_seconds=11.5
LAYER0_PROGRESS slice=499/512 states=[255474,255987) segments=6..=6 finished_slices=491/512 finished_states=251392/262165 elapsed_seconds=11.5
LAYER0_PROGRESS slice=491/512 states=[251370,251883) segments=6..=6 finished_slices=492/512 finished_states=251905/262165 elapsed_seconds=11.6
LAYER0_PROGRESS slice=481/512 states=[246240,246753) segments=6..=6 finished_slices=493/512 finished_states=252418/262165 elapsed_seconds=11.6
LAYER0_PROGRESS slice=494/512 states=[252909,253422) segments=6..=6 finished_slices=494/512 finished_states=252931/262165 elapsed_seconds=11.6
LAYER0_PROGRESS slice=501/512 states=[256500,257013) segments=6..=6 finished_slices=495/512 finished_states=253444/262165 elapsed_seconds=11.6
LAYER0_PROGRESS slice=500/512 states=[255987,256500) segments=6..=6 finished_slices=496/512 finished_states=253957/262165 elapsed_seconds=11.6
LAYER0_PROGRESS slice=493/512 states=[252396,252909) segments=6..=6 finished_slices=497/512 finished_states=254470/262165 elapsed_seconds=11.6
LAYER0_PROGRESS slice=508/512 states=[260091,260604) segments=6..=6 finished_slices=498/512 finished_states=254983/262165 elapsed_seconds=11.6
LAYER0_PROGRESS slice=485/512 states=[248292,248805) segments=6..=6 finished_slices=499/512 finished_states=255496/262165 elapsed_seconds=11.6
LAYER0_PROGRESS slice=507/512 states=[259578,260091) segments=6..=6 finished_slices=500/512 finished_states=256009/262165 elapsed_seconds=11.6
LAYER0_PROGRESS slice=498/512 states=[254961,255474) segments=6..=6 finished_slices=501/512 finished_states=256522/262165 elapsed_seconds=11.7
LAYER0_PROGRESS slice=504/512 states=[258039,258552) segments=6..=6 finished_slices=502/512 finished_states=257035/262165 elapsed_seconds=11.7
LAYER0_PROGRESS slice=503/512 states=[257526,258039) segments=6..=6 finished_slices=503/512 finished_states=257548/262165 elapsed_seconds=11.7
LAYER0_PROGRESS slice=466/512 states=[238545,239058) segments=6..=6 finished_slices=504/512 finished_states=258061/262165 elapsed_seconds=11.7
LAYER0_PROGRESS slice=511/512 states=[261630,262143) segments=6..=6 finished_slices=505/512 finished_states=258574/262165 elapsed_seconds=11.7
LAYER0_PROGRESS slice=487/512 states=[249318,249831) segments=6..=6 finished_slices=506/512 finished_states=259087/262165 elapsed_seconds=11.7
LAYER0_PROGRESS slice=506/512 states=[259065,259578) segments=6..=6 finished_slices=507/512 finished_states=259600/262165 elapsed_seconds=11.7
LAYER0_PROGRESS slice=473/512 states=[242136,242649) segments=6..=6 finished_slices=508/512 finished_states=260113/262165 elapsed_seconds=11.7
LAYER0_PROGRESS slice=510/512 states=[261117,261630) segments=6..=6 finished_slices=509/512 finished_states=260626/262165 elapsed_seconds=11.8
LAYER0_PROGRESS slice=505/512 states=[258552,259065) segments=6..=6 finished_slices=510/512 finished_states=261139/262165 elapsed_seconds=11.8
LAYER0_PROGRESS slice=509/512 states=[260604,261117) segments=6..=6 finished_slices=511/512 finished_states=261652/262165 elapsed_seconds=11.8
LAYER0_PROGRESS slice=502/512 states=[257013,257526) segments=6..=6 finished_slices=512/512 finished_states=262165/262165 elapsed_seconds=11.9
LAYER0_PARALLEL_FINISHED states=262165 slices=512 worker_threads=32 configured_worker_threads=32 worker_threads_source=environment_variable elapsed_seconds=11.9
LAYER0 states=262165 closed_form=262165 violations=0 root_persisted_states=4 no_file=262158 file_read=7 failed=0 verification_ran=6 verification_failed=0 journal_differing=3 exhaustive=true
CHECKER record_root_without_record=0 record_claimed_state_missing_unit=0 I-1.1=262165/0 I-1.3=262165/0 I-1.4=262165/0 I-1.6=262165/0 I-1.7=262165/0 I-2.1=262165/0 I-2.3=262165/0 I-2.4=262165/0 I-2.5=262165/0 I-3.1=4/0 I-3.8=262165/0 I-3.9=4/0 I-4.8=262165/0 I-5.1=262165/0 I-5.2=4/0 I-5.4=4/0 I-7.1=262165/0 I-7.2=262165/0 I-7.4=262165/0 I-7.6=262165/0 I-7.7=262165/0 I-7.8=262165/0 I-9.1=4/0 I-9.2=4/0 I-9.4=4/0 I-9.7=4/0 I-9.10=4/0 I-9.13=4/0 I-9.14=0/0
CHECKER_FIRST {}
test layer0_enumerates_every_crash_state_of_the_settled_stream_with_zero_violations ... ok

test result: ok. 1 passed; 0 failed; 0 ignored; 0 measured; 5 filtered out; finished in 11.94s

RUN_EXIT 0
RUN_WALL_SECONDS 11.95
RUN_END 2026-09-18T19:05:40Z
RUN_END_UPTIME  19:05:40 up 9 days, 10:07,  7 users,  load average: 24.56, 11.18, 4.53
