放宽的行：
  B1 D13&&已定项 2 → D13（33 → 210 行）
  B6 defer&&已定项 8 → defer（7 → 152 行）
  B13 deadlist&&形态 → deadlist（27 → 193 行）
  B14 fsync&&C80 → fsync（3 → 337 行）
  E1 层 0&&释放 → 层 0（26 → 167 行）
  F4 释放&&门禁 54 号 → 释放（8 → 412 行）
  F7 回退&&门禁 54 号 → 回退（14 → 476 行）
  G3 crates&&(不存在|零代码|四个 crate) → crates（16 → 254 行）
  F7b 复用&&被抛弃的根引用的单元 → 复用（37 → 368 行）
T7 带 && 的实事行退回第一段：--check-facts 退出码 6；罩住 25（T0 为 20）；候选 4190 行、2821 个不同的行

  层 0：结束那一版命中 167 行
  崩溃点重放：结束那一版命中 193 行
  checker：结束那一版命中 476 行
  门禁 54 号：结束那一版命中 37 行
  树表：结束那一版命中 437 行
  树表条目：结束那一版命中 117 行
  第二个事务：结束那一版命中 61 行
  多次挂载：结束那一版命中 17 行
  回退：结束那一版命中 476 行
  释放：结束那一版命中 412 行
  覆盖写：结束那一版命中 43 行
  录制流：结束那一版命中 47 行
  暖机：结束那一版命中 139 行
  抬 F：结束那一版命中 98 行
