E7RESULT name=r2_state_budget world=source_p5_mutant closed_form_state_count=81 enumerated_with_torn=96 writes=18 segments=8
E7RESULT name=r2_state_budget world=source_premature_reuse closed_form_state_count=33554468 enumerated_with_torn=63 writes=74 segments=17
E7RESULT name=r2_b8_canaries every_eighth_state=20 one_state_per_stored_vector=[0, 33, 155] last_occurrence=[152, 154, 158] stored_vectors=[0, 4, 12]
E7RESULT name=r2_b8_version world=RecordsSplitIntoTwoBits placement=NoVersion states=159 old_blocks_found=true refused_at_open=false states_read_with_the_wrong_meaning=4 must_be_nonzero=4
E7RESULT name=r2_b8_version world=RecordsSplitIntoTwoBits placement=LibraryLayoutVersion states=159 old_blocks_found=true refused_at_open=false states_read_with_the_wrong_meaning=4 must_be_nonzero=4
E7RESULT name=r2_b8_version world=RecordsSplitIntoTwoBits placement=DefinitionVersionInKeyBumped states=159 old_blocks_found=false refused_at_open=false states_read_with_the_wrong_meaning=0 must_be_nonzero=-
E7RESULT name=r2_b8_version world=RecordsSplitIntoTwoBits placement=DefinitionVersionInKeyForgotten states=159 old_blocks_found=true refused_at_open=false states_read_with_the_wrong_meaning=4 must_be_nonzero=4
E7RESULT name=r2_b8_version world=RecordsSplitIntoTwoBits placement=SchemaHashInKey states=159 old_blocks_found=false refused_at_open=false states_read_with_the_wrong_meaning=0 must_be_nonzero=-
E7RESULT name=r2_b8_version world=RecordsSplitIntoTwoBits placement=CanaryStatesRejudgedAtOpen states=159 old_blocks_found=true refused_at_open=false states_read_with_the_wrong_meaning=4 must_be_nonzero=4
E7RESULT name=r2_b8_version world=RecordsSplitIntoTwoBits placement=CanaryOneStatePerStoredVector states=159 old_blocks_found=false refused_at_open=true states_read_with_the_wrong_meaning=0 must_be_nonzero=0
E7RESULT name=r2_b8_version world=RecordsSplitIntoTwoBits placement=CanaryOneStatePerStoredVectorLastOccurrence states=159 old_blocks_found=false refused_at_open=true states_read_with_the_wrong_meaning=0 must_be_nonzero=0
E7RESULT name=r2_b8_version world=RecordsSplitIntoTwoBits placement=RawStatusesDerivedAtRead states=159 old_blocks_found=true refused_at_open=false states_read_with_the_wrong_meaning=0 must_be_nonzero=-
E7RESULT name=r2_b8_version world=SameFieldNamesNewMeaning placement=NoVersion states=159 old_blocks_found=true refused_at_open=false states_read_with_the_wrong_meaning=16 must_be_nonzero=16
E7RESULT name=r2_b8_version world=SameFieldNamesNewMeaning placement=LibraryLayoutVersion states=159 old_blocks_found=true refused_at_open=false states_read_with_the_wrong_meaning=16 must_be_nonzero=16
E7RESULT name=r2_b8_version world=SameFieldNamesNewMeaning placement=DefinitionVersionInKeyBumped states=159 old_blocks_found=false refused_at_open=false states_read_with_the_wrong_meaning=0 must_be_nonzero=-
E7RESULT name=r2_b8_version world=SameFieldNamesNewMeaning placement=DefinitionVersionInKeyForgotten states=159 old_blocks_found=true refused_at_open=false states_read_with_the_wrong_meaning=16 must_be_nonzero=16
E7RESULT name=r2_b8_version world=SameFieldNamesNewMeaning placement=SchemaHashInKey states=159 old_blocks_found=true refused_at_open=false states_read_with_the_wrong_meaning=16 must_be_nonzero=16
E7RESULT name=r2_b8_version world=SameFieldNamesNewMeaning placement=CanaryStatesRejudgedAtOpen states=159 old_blocks_found=true refused_at_open=false states_read_with_the_wrong_meaning=16 must_be_nonzero=16
E7RESULT name=r2_b8_version world=SameFieldNamesNewMeaning placement=CanaryOneStatePerStoredVector states=159 old_blocks_found=false refused_at_open=true states_read_with_the_wrong_meaning=0 must_be_nonzero=0
E7RESULT name=r2_b8_version world=SameFieldNamesNewMeaning placement=CanaryOneStatePerStoredVectorLastOccurrence states=159 old_blocks_found=true refused_at_open=false states_read_with_the_wrong_meaning=16 must_be_nonzero=16
E7RESULT name=r2_b8_version world=SameFieldNamesNewMeaning placement=RawStatusesDerivedAtRead states=159 old_blocks_found=true refused_at_open=false states_read_with_the_wrong_meaning=0 must_be_nonzero=-
E7RESULT name=done emitted=22
