warning: unused import: `enumerate_layer0_selecting_versions`
   --> crates/singlefs-harness/tests/opus_r2_probe.rs:777:31
    |
777 | use singlefs_harness::crash::{enumerate_layer0_selecting_versions, evaluate_state_for_versions, Layer0Tally};
    |                               ^^^^^^^^^^^^^^^^^^^^^^^^^^^^^^^^^^^
    |
    = note: `#[warn(unused_imports)]` (part of `#[warn(unused)]`) on by default

warning: variable does not need to be mutable
   --> crates/singlefs-harness/tests/opus_r2_probe.rs:329:9
    |
329 |     let mut result = SegmentComparison { segment_index, in_place: in_place.len(), cow: n, compared: 0, differing: 0, differing_verd...
    |         ----^^^^^^
    |         |
    |         help: remove this `mut`
    |
    = note: `#[warn(unused_mut)]` (part of `#[warn(unused)]`) on by default

warning: `singlefs-harness` (test "opus_r2_probe") generated 2 warnings (run `cargo fix --test "opus_r2_probe" -p singlefs-harness` to apply 2 suggestions)
    Finished `release` profile [optimized + debuginfo] target(s) in 0.00s
     Running tests/opus_r2_probe.rs (target/release/deps/opus_r2_probe-73e2b3dc9d85c497)

running 1 test
Q5 seq=RUSUSMUSOUS applied=-USUSMUSOUS candidates=4 confirmed=true
  CONFIRMED seq=RUSUSMUSOUS seg=102 txg=Some(32) u=#82(dev0 slot50270+1 txgSome(5)) l=#354(dev0 slot50270+2 txgSome(17)) x=#745(dev0 slot50271+1 txgSome(32)) y=#743(dev0 slot50270+1 txgSome(32)) why=record:claimed_state_missing_unit
  SHRINK -> USUSMUSOUS
  SHRINK -> USUSUSOUS
  SHRUNK seq=RUSUSMUSOUS minimal=USUSUSOUS
Q5 seq=UOOUSUSOMMSU applied=UOOUSUSOMMSU candidates=4 confirmed=true
  CONFIRMED seq=UOOUSUSOMMSU seg=109 txg=Some(34) u=#59(dev0 slot50262+1 txgSome(4)) l=#362(dev0 slot50262+2 txgSome(17)) x=#793(dev0 slot50263+1 txgSome(34)) y=#791(dev0 slot50262+1 txgSome(34)) why=record:claimed_state_missing_unit
  SHRINK -> UOOUSSOMMSU
  SHRINK -> UOOUSOMMSU
  SHRINK -> UOOUOMMSU
  SHRINK -> UOOUOMSU
  SHRUNK seq=UOOUSUSOMMSU minimal=UOOUOMSU
Q5 seq=SOMSMOUSSSSOMU applied=SOMSMOUSSSSOMU candidates=4 confirmed=true
  CONFIRMED seq=SOMSMOUSSSSOMU seg=88 txg=Some(28) u=#59(dev0 slot50262+1 txgSome(4)) l=#384(dev0 slot50262+2 txgSome(17)) x=#679(dev0 slot50263+1 txgSome(28)) y=#677(dev0 slot50262+1 txgSome(28)) why=record:claimed_state_missing_unit
  SHRUNK seq=SOMSMOUSSSSOMU minimal=SOMSMOUSSSSOMU
Q5 seq=MMUSOUSMUSU applied=MMUSOUSMUSU candidates=4 confirmed=true
  CONFIRMED seq=MMUSOUSMUSU seg=119 txg=Some(37) u=#59(dev0 slot50262+1 txgSome(4)) l=#508(dev0 slot50262+2 txgSome(23)) x=#860(dev0 slot50263+1 txgSome(37)) y=#858(dev0 slot50262+1 txgSome(37)) why=record:claimed_state_missing_unit
  SHRINK -> MUSOUSMUSU
  SHRINK -> USOUSMUSU
  SHRINK -> USOUSMSU
  SHRUNK seq=MMUSOUSMUSU minimal=USOUSMSU
test q5_confirm_and_shrink ... ok

test result: ok. 1 passed; 0 failed; 0 ignored; 0 measured; 12 filtered out; finished in 14.35s

