warning: variable does not need to be mutable
   --> crates/singlefs-harness/tests/opus_r2_probe.rs:329:9
    |
329 |     let mut result = SegmentComparison { segment_index, in_place: in_place.len(), cow: n, compared: 0, differing: 0, differing_verd...
    |         ----^^^^^^
    |         |
    |         help: remove this `mut`
    |
    = note: `#[warn(unused_mut)]` (part of `#[warn(unused)]`) on by default

warning: `singlefs-harness` (test "opus_r2_probe") generated 1 warning (run `cargo fix --test "opus_r2_probe" -p singlefs-harness` to apply 1 suggestion)
    Finished `release` profile [optimized + debuginfo] target(s) in 0.02s
     Running tests/opus_r2_probe.rs (target/release/deps/opus_r2_probe-73e2b3dc9d85c497)

running 1 test
Q8 seq=UOOUOMSU others_all=false x_dev0=0 x_dev1=0 y_dev0=0 y_dev1=0 red=false 
Q8 seq=UOOUOMSU others_all=false x_dev0=1 x_dev1=0 y_dev0=0 y_dev1=0 red=false 
Q8 seq=UOOUOMSU others_all=false x_dev0=0 x_dev1=1 y_dev0=0 y_dev1=0 red=false 
Q8 seq=UOOUOMSU others_all=false x_dev0=1 x_dev1=1 y_dev0=0 y_dev1=0 red=true record:claimed_state_missing_unit
Q8 seq=UOOUOMSU others_all=false x_dev0=0 x_dev1=0 y_dev0=1 y_dev1=0 red=false 
Q8 seq=UOOUOMSU others_all=false x_dev0=1 x_dev1=0 y_dev0=1 y_dev1=0 red=false 
Q8 seq=UOOUOMSU others_all=false x_dev0=0 x_dev1=1 y_dev0=1 y_dev1=0 red=false 
Q8 seq=UOOUOMSU others_all=false x_dev0=1 x_dev1=1 y_dev0=1 y_dev1=0 red=false 
Q8 seq=UOOUOMSU others_all=false x_dev0=0 x_dev1=0 y_dev0=0 y_dev1=1 red=false 
Q8 seq=UOOUOMSU others_all=false x_dev0=1 x_dev1=0 y_dev0=0 y_dev1=1 red=false 
Q8 seq=UOOUOMSU others_all=false x_dev0=0 x_dev1=1 y_dev0=0 y_dev1=1 red=false 
Q8 seq=UOOUOMSU others_all=false x_dev0=1 x_dev1=1 y_dev0=0 y_dev1=1 red=false 
Q8 seq=UOOUOMSU others_all=false x_dev0=0 x_dev1=0 y_dev0=1 y_dev1=1 red=true record:claimed_state_missing_unit
Q8 seq=UOOUOMSU others_all=false x_dev0=1 x_dev1=0 y_dev0=1 y_dev1=1 red=false 
Q8 seq=UOOUOMSU others_all=false x_dev0=0 x_dev1=1 y_dev0=1 y_dev1=1 red=false 
Q8 seq=UOOUOMSU others_all=false x_dev0=1 x_dev1=1 y_dev0=1 y_dev1=1 red=false 
Q8 seq=UOOUOMSU others_all=true x_dev0=0 x_dev1=0 y_dev0=0 y_dev1=0 red=false 
Q8 seq=UOOUOMSU others_all=true x_dev0=1 x_dev1=0 y_dev0=0 y_dev1=0 red=false 
Q8 seq=UOOUOMSU others_all=true x_dev0=0 x_dev1=1 y_dev0=0 y_dev1=0 red=false 
Q8 seq=UOOUOMSU others_all=true x_dev0=1 x_dev1=1 y_dev0=0 y_dev1=0 red=true record:claimed_state_missing_unit
Q8 seq=UOOUOMSU others_all=true x_dev0=0 x_dev1=0 y_dev0=1 y_dev1=0 red=false 
Q8 seq=UOOUOMSU others_all=true x_dev0=1 x_dev1=0 y_dev0=1 y_dev1=0 red=false 
Q8 seq=UOOUOMSU others_all=true x_dev0=0 x_dev1=1 y_dev0=1 y_dev1=0 red=false 
Q8 seq=UOOUOMSU others_all=true x_dev0=1 x_dev1=1 y_dev0=1 y_dev1=0 red=false 
Q8 seq=UOOUOMSU others_all=true x_dev0=0 x_dev1=0 y_dev0=0 y_dev1=1 red=false 
Q8 seq=UOOUOMSU others_all=true x_dev0=1 x_dev1=0 y_dev0=0 y_dev1=1 red=false 
Q8 seq=UOOUOMSU others_all=true x_dev0=0 x_dev1=1 y_dev0=0 y_dev1=1 red=false 
Q8 seq=UOOUOMSU others_all=true x_dev0=1 x_dev1=1 y_dev0=0 y_dev1=1 red=false 
Q8 seq=UOOUOMSU others_all=true x_dev0=0 x_dev1=0 y_dev0=1 y_dev1=1 red=true record:claimed_state_missing_unit
Q8 seq=UOOUOMSU others_all=true x_dev0=1 x_dev1=0 y_dev0=1 y_dev1=1 red=false 
Q8 seq=UOOUOMSU others_all=true x_dev0=0 x_dev1=1 y_dev0=1 y_dev1=1 red=false 
Q8 seq=UOOUOMSU others_all=true x_dev0=1 x_dev1=1 y_dev0=1 y_dev1=1 red=false 
test q8_four_write_truth_table ... ok

test result: ok. 1 passed; 0 failed; 0 ignored; 0 measured; 15 filtered out; finished in 1.25s

