   Compiling singlefs-harness v0.1.0 (research/prompts/m2-supp3-item2-r2-fix-implementer/copies/proof/crates/singlefs-harness)
    Finished `test` profile [unoptimized + debuginfo] target(s) in 0.37s
     Running tests/second_transaction_supplement_three_random_history.rs (target/debug/deps/second_transaction_supplement_three_random_history-031d214e73b47b79)

running 18 tests
test random_histories_large_tier_seeds_and_length_from_the_environment ... ignored, 大档：SINGLEFS_RANDOM_HISTORY_SEEDS 段、每段 SINGLEFS_RANDOM_HISTORY_OPERATIONS 步，从 SINGLEFS_RANDOM_HISTORY_FIRST_SEED 起，SINGLEFS_RANDOM_HISTORY_THREADS 个线程，比重 SINGLEFS_RANDOM_HISTORY_WEIGHTS，checker SINGLEFS_RANDOM_HISTORY_CHECKER，盘宽 SINGLEFS_RANDOM_HISTORY_DEVICES，收缩 SINGLEFS_RANDOM_HISTORY_SHRINK；release 下后台跑
test shrink_one_failing_seed_from_the_environment ... ignored, 收缩一个种子：SINGLEFS_RANDOM_HISTORY_SHRINK_SEED 必给，SINGLEFS_RANDOM_HISTORY_OPERATIONS 默认 30，SINGLEFS_RANDOM_HISTORY_THREADS 默认全部核
test allocation_records_counted_on_the_image_are_one_per_unit_per_device_and_zero_without_a_file ... ok
test an_allocated_statistic_over_count_after_raising_the_floor_without_a_rollback_is_a_new_finding ... ok
test rolling_back_onto_an_abandoned_root_above_the_floor_is_refused_for_being_abandoned ... ok
test rolling_back_to_the_root_at_the_effective_floor_is_accepted_and_reads_back_that_version ... ok
test an_overwrite_that_fills_the_allocation_node_to_exactly_812_records_succeeds_and_the_next_is_refused ... ok
test rolling_back_to_a_root_whose_warm_up_fills_the_allocation_node_to_exactly_812_records_succeeds ... ok
test row_and_warm_up_publishes_that_reuse_reclaimed_records_have_their_allocation_generations_checked ... ok
test raising_the_floor_with_a_second_empty_publish_that_fills_the_allocation_node_to_exactly_812_records_succeeds ... ok
test raising_the_floor_into_the_gap_left_by_a_rollback_ends_in_the_second_known_red_form ... ok
test turning_the_root_ring_with_overwrites_in_one_mount_ends_in_the_first_known_red_form ... ok
test the_same_seed_runs_to_the_same_outcomes_and_the_same_bytes_twice ... ok
── 随机历史：偏向抬 F 之后回退的取样点 ──
种子 [0, 48)，每段 30 步，比重：偏向抬 F 之后回退（B2 那一格的取样点）；每一步之后跑池级 checker；两块 4 GiB 的盘
历史 48 段：跑完 39、以已知红收尾 {0: 9}、新发现 0；根环转过一圈的 10 段；最高 txg 32
  操作 PublishFirstFile：Ok 3、Err 3、前提不满足没调 11
  操作 PublishOverwrite：Ok 219、Err 28、前提不满足没调 298
  操作 PublishWithoutUnits：Ok 0、Err 0、前提不满足没调 14
  操作 CloseAndMountWritable：Ok 80、Err 1、前提不满足没调 0
  操作 CloseAndMountRollback：Ok 95、Err 272、前提不满足没调 0
  操作 RaiseRollbackFloor：Ok 29、Err 124、前提不满足没调 190
  操作 ColdStartRecover：Ok 17、Err 0、前提不满足没调 0
  内容长度 0 字节：入口被调 29 次、发成 29 次
  内容长度 [1, 载荷容量 − 2]：入口被调 145 次、发成 142 次
  内容长度 数据单元整宽 32768（装不下）：入口被调 11 次、发成 0 次
  内容长度 载荷容量：入口被调 28 次、发成 28 次
  内容长度 载荷容量 + 1（装不下）：入口被调 17 次、发成 0 次
  内容长度 载荷容量 − 1：入口被调 23 次、发成 23 次
  Err 成员 MountError::InstanceRowsOnVersionWithoutFileUnsupported：1 次
  Err 成员 MountError::RaiseNeedsRewrittenInstanceTableUnitInCurrentVersion：28 次
  Err 成员 MountError::RollbackFloorAboveCeiling：96 次
  Err 成员 MountError::RollbackTargetNotACandidate(BelowEffectiveFloor)：3 次
  Err 成员 MountError::RollbackTargetNotACandidate(NotInRing)：38 次
  Err 成员 MountError::RollbackTargetNotACandidate(OnAbandonedTimeline)：15 次
  Err 成员 MountError::RollbackToVersionWithoutFileUnsupported：216 次
  Err 成员 PublishError::ContentExceedsDataUnit：28 次
  Err 成员 PublishError::FirstFileVersionNotRightAfterTheSecondWarmUp：3 次
  前提不满足（没有可写会话）：502 次
  前提不满足（现行版本带文件）：10 次
  前提不满足（现行版本树表 0 条）：1 次
  冷启动结局 FileRead：16 次
  冷启动结局 NoFile：1 次
  一次挂载里最多写出 15 条根；一段历史里最多挂载成功 8 次、最多试挂载 16 次
  抬 F 回收到落点 13 次、共回收 221 个落点；复用已释放的记录 66 条（其中跨度变了 22 条）；已释放的记录被罩住起点 0 条、被删 0 条
  挂载写出的发布比过分配记录 410 次；挂载之前生效根的分配记录读不出、没比的挂载 0 次
  checker 跑了 474 次；一个写都没发、沿用上一次结论的 958 步；已知红第 0 条那一形只记不停 0 步（0 段历史）
  模型对拍 913 步：该拒而拒 400、区间里拒 28、该成而成 485；比过根 754 条、分配记录 13200 条、冷启动内容 16 次、抬 F 上限 125 次；回退到 txg = F_生效 > 0 的根做成 7 次；分配记录墙按镜像上的真条数放行 0 次；单元区墙按区间放行 0 次
  I-1.1：判绿 474 次、不适用 0 次
  I-1.3：判绿 474 次、不适用 0 次
  I-1.4：判绿 474 次、不适用 0 次
  I-1.6：判绿 474 次、不适用 0 次
  I-1.7：判绿 474 次、不适用 0 次
  I-2.1：判绿 474 次、不适用 0 次
  I-2.3：判绿 474 次、不适用 0 次
  I-2.4：判绿 474 次、不适用 0 次
  I-2.5：判绿 474 次、不适用 0 次
  I-3.1：判绿 454 次、不适用 11 次
  I-3.8：判绿 474 次、不适用 0 次
  I-3.9：判绿 463 次、不适用 11 次
  I-4.8：判绿 474 次、不适用 0 次
  I-5.1：判绿 474 次、不适用 0 次
  I-5.2：判绿 463 次、不适用 11 次
  I-5.4：判绿 463 次、不适用 11 次
  I-7.1：判绿 474 次、不适用 0 次
  I-7.2：判绿 474 次、不适用 0 次
  I-7.4：判绿 474 次、不适用 0 次
  I-7.6：判绿 474 次、不适用 0 次
  I-7.7：判绿 474 次、不适用 0 次
  I-7.8：判绿 474 次、不适用 0 次
  I-9.1：判绿 463 次、不适用 11 次
  I-9.2：判绿 463 次、不适用 11 次
  I-9.4：判绿 463 次、不适用 11 次
  I-9.7：判绿 463 次、不适用 11 次
  I-9.10：判绿 463 次、不适用 11 次
  I-9.13：判绿 463 次、不适用 11 次
  I-9.14：判绿 418 次、不适用 56 次
已知红第 0 条（增补 2 收口表第 ② 行（一次挂载转过一整圈根环时 checker 在合法状态上判 I-3.1 红））：9 段；前几个种子 [(0, Operation(23)), (7, Operation(29)), (9, Operation(17)), (14, Operation(28)), (15, Operation(29)), (27, Operation(17)), (34, Operation(20)), (36, Operation(22))]
已知红第 1 条（增补 2 收口表第 43 行）：0 段；前几个种子 []
用时 39.4 秒
test rollback_heavy_random_histories_reach_the_floor_root_and_end_only_in_known_red_forms ... ok
── 随机历史：偏向抬 F 之后复用的取样点 ──
种子 [0, 48)，每段 30 步，比重：偏向抬 F 之后的复用（第 121 行那一类的取样点）；每一步之后跑池级 checker；两块 4 GiB 的盘
历史 48 段：跑完 20、以已知红收尾 {0: 27, 1: 1}、新发现 0；根环转过一圈的 45 段；最高 txg 41
  操作 PublishFirstFile：Ok 5、Err 12、前提不满足没调 2
  操作 PublishOverwrite：Ok 515、Err 87、前提不满足没调 27
  操作 PublishWithoutUnits：Ok 0、Err 0、前提不满足没调 10
  操作 CloseAndMountWritable：Ok 235、Err 4、前提不满足没调 0
  操作 CloseAndMountRollback：Ok 15、Err 8、前提不满足没调 0
  操作 RaiseRollbackFloor：Ok 83、Err 168、前提不满足没调 7
  操作 ColdStartRecover：Ok 9、Err 0、前提不满足没调 0
  内容长度 0 字节：入口被调 76 次、发成 74 次
  内容长度 [1, 载荷容量 − 2]：入口被调 345 次、发成 339 次
  内容长度 数据单元整宽 32768（装不下）：入口被调 45 次、发成 0 次
  内容长度 载荷容量：入口被调 58 次、发成 56 次
  内容长度 载荷容量 + 1（装不下）：入口被调 44 次、发成 0 次
  内容长度 载荷容量 − 1：入口被调 51 次、发成 51 次
  Err 成员 MountError::InstanceRowsOnVersionWithoutFileUnsupported：4 次
  Err 成员 MountError::RaiseNeedsRewrittenInstanceTableUnitInCurrentVersion：37 次
  Err 成员 MountError::RollbackFloorAboveCeiling：131 次
  Err 成员 MountError::RollbackTargetNotACandidate(BelowEffectiveFloor)：1 次
  Err 成员 MountError::RollbackTargetNotACandidate(NotInRing)：3 次
  Err 成员 MountError::RollbackToVersionWithoutFileUnsupported：4 次
  Err 成员 PublishError::ContentExceedsDataUnit：87 次
  Err 成员 PublishError::FirstFileVersionNotRightAfterTheSecondWarmUp：12 次
  前提不满足（没有可写会话）：37 次
  前提不满足（现行版本带文件）：9 次
  冷启动结局 FileRead：8 次
  冷启动结局 NoFile：1 次
  一次挂载里最多写出 28 条根；一段历史里最多挂载成功 8 次、最多试挂载 8 次
  抬 F 回收到落点 62 次、共回收 1750 个落点；复用已释放的记录 798 条（其中跨度变了 142 条）；已释放的记录被罩住起点 16 条、被删 16 条
  挂载写出的发布比过分配记录 581 次；挂载之前生效根的分配记录读不出、没比的挂载 0 次
  checker 跑了 901 次；一个写都没发、沿用上一次结论的 334 步；已知红第 0 条那一形只记不停 0 步（0 段历史）
  模型对拍 1183 步：该拒而拒 242、区间里拒 37、该成而成 904；比过根 1349 条、分配记录 23790 条、冷启动内容 8 次、抬 F 上限 214 次；回退到 txg = F_生效 > 0 的根做成 0 次；分配记录墙按镜像上的真条数放行 0 次；单元区墙按区间放行 0 次
  I-1.1：判绿 901 次、不适用 0 次
  I-1.3：判绿 901 次、不适用 0 次
  I-1.4：判绿 901 次、不适用 0 次
  I-1.6：判绿 901 次、不适用 0 次
  I-1.7：判绿 901 次、不适用 0 次
  I-2.1：判绿 901 次、不适用 0 次
  I-2.3：判绿 901 次、不适用 0 次
  I-2.4：判绿 901 次、不适用 0 次
  I-2.5：判绿 901 次、不适用 0 次
  I-3.1：判绿 861 次、不适用 12 次
  I-3.8：判绿 901 次、不适用 0 次
  I-3.9：判绿 889 次、不适用 12 次
  I-4.8：判绿 901 次、不适用 0 次
  I-5.1：判绿 901 次、不适用 0 次
  I-5.2：判绿 889 次、不适用 12 次
  I-5.4：判绿 889 次、不适用 12 次
  I-7.1：判绿 901 次、不适用 0 次
  I-7.2：判绿 901 次、不适用 0 次
  I-7.4：判绿 901 次、不适用 0 次
  I-7.6：判绿 901 次、不适用 0 次
  I-7.7：判绿 901 次、不适用 0 次
  I-7.8：判绿 901 次、不适用 0 次
  I-9.1：判绿 889 次、不适用 12 次
  I-9.2：判绿 889 次、不适用 12 次
  I-9.4：判绿 889 次、不适用 12 次
  I-9.7：判绿 889 次、不适用 12 次
  I-9.10：判绿 889 次、不适用 12 次
  I-9.13：判绿 889 次、不适用 12 次
  I-9.14：判绿 842 次、不适用 59 次
已知红第 0 条（增补 2 收口表第 ② 行（一次挂载转过一整圈根环时 checker 在合法状态上判 I-3.1 红））：27 段；前几个种子 [(0, Operation(12)), (1, Operation(18)), (3, Operation(22)), (9, Operation(26)), (10, Operation(23)), (12, Operation(23)), (19, Operation(19)), (20, Operation(28))]
已知红第 1 条（增补 2 收口表第 43 行）：1 段；前几个种子 [(4, Operation(17))]
用时 48.8 秒
test reuse_heavy_random_histories_cover_released_records_and_end_only_in_known_red_forms ... ok
── 随机历史：逼近分配记录墙的取样点 ──
种子 [0, 32)，每段 150 步，比重：逼近分配记录墙（812 条那一格的取样点）；每一步之后跑池级 checker，已知红第 0 条那一形只记不停；两块 4 GiB 的盘
历史 32 段：跑完 0、以已知红收尾 {0: 32}、新发现 0；根环转过一圈的 32 段；最高 txg 49
  操作 PublishFirstFile：Ok 0、Err 0、前提不满足没调 0
  操作 PublishOverwrite：Ok 500、Err 79、前提不满足没调 32
  操作 PublishWithoutUnits：Ok 0、Err 0、前提不满足没调 0
  操作 CloseAndMountWritable：Ok 105、Err 0、前提不满足没调 0
  操作 CloseAndMountRollback：Ok 8、Err 6、前提不满足没调 0
  操作 RaiseRollbackFloor：Ok 15、Err 15、前提不满足没调 2
  操作 ColdStartRecover：Ok 10、Err 0、前提不满足没调 0
  内容长度 0 字节：入口被调 55 次、发成 55 次
  内容长度 [1, 载荷容量 − 2]：入口被调 320 次、发成 320 次
  内容长度 数据单元整宽 32768（装不下）：入口被调 36 次、发成 0 次
  内容长度 载荷容量：入口被调 67 次、发成 67 次
  内容长度 载荷容量 + 1（装不下）：入口被调 43 次、发成 0 次
  内容长度 载荷容量 − 1：入口被调 58 次、发成 58 次
  Err 成员 MountError::RaiseNeedsRewrittenInstanceTableUnitInCurrentVersion：9 次
  Err 成员 MountError::RollbackFloorAboveCeiling：6 次
  Err 成员 MountError::RollbackTargetNotACandidate(NotInRing)：4 次
  Err 成员 MountError::RollbackToVersionWithoutFileUnsupported：2 次
  Err 成员 PublishError::ContentExceedsDataUnit：79 次
  前提不满足（没有可写会话）：34 次
  冷启动结局 FileRead：10 次
  一次挂载里最多写出 20 条根；一段历史里最多挂载成功 6 次、最多试挂载 7 次
  抬 F 回收到落点 9 次、共回收 399 个落点；复用已释放的记录 250 条（其中跨度变了 46 条）；已释放的记录被罩住起点 6 条、被删 6 条
  挂载写出的发布比过分配记录 274 次；挂载之前生效根的分配记录读不出、没比的挂载 0 次
  checker 跑了 660 次；一个写都没发、沿用上一次结论的 144 步；已知红第 0 条那一形只记不停 0 步（0 段历史）
  模型对拍 770 步：该拒而拒 91、区间里拒 9、该成而成 670；比过根 844 条、分配记录 14884 条、冷启动内容 10 次、抬 F 上限 21 次；回退到 txg = F_生效 > 0 的根做成 0 次；分配记录墙按镜像上的真条数放行 0 次；单元区墙按区间放行 0 次
  I-1.1：判绿 660 次、不适用 0 次
  I-1.3：判绿 660 次、不适用 0 次
  I-1.4：判绿 660 次、不适用 0 次
  I-1.6：判绿 660 次、不适用 0 次
  I-1.7：判绿 660 次、不适用 0 次
  I-2.1：判绿 660 次、不适用 0 次
  I-2.3：判绿 660 次、不适用 0 次
  I-2.4：判绿 660 次、不适用 0 次
  I-2.5：判绿 660 次、不适用 0 次
  I-3.1：判绿 628 次、不适用 0 次
  I-3.8：判绿 660 次、不适用 0 次
  I-3.9：判绿 660 次、不适用 0 次
  I-4.8：判绿 660 次、不适用 0 次
  I-5.1：判绿 660 次、不适用 0 次
  I-5.2：判绿 660 次、不适用 0 次
  I-5.4：判绿 660 次、不适用 0 次
  I-7.1：判绿 660 次、不适用 0 次
  I-7.2：判绿 660 次、不适用 0 次
  I-7.4：判绿 660 次、不适用 0 次
  I-7.6：判绿 660 次、不适用 0 次
  I-7.7：判绿 660 次、不适用 0 次
  I-7.8：判绿 660 次、不适用 0 次
  I-9.1：判绿 660 次、不适用 0 次
  I-9.2：判绿 660 次、不适用 0 次
  I-9.4：判绿 660 次、不适用 0 次
  I-9.7：判绿 660 次、不适用 0 次
  I-9.10：判绿 660 次、不适用 0 次
  I-9.13：判绿 660 次、不适用 0 次
  I-9.14：判绿 628 次、不适用 32 次
已知红第 0 条（增补 2 收口表第 ② 行（一次挂载转过一整圈根环时 checker 在合法状态上判 I-3.1 红））：32 段；前几个种子 [(0, Operation(28)), (1, Operation(48)), (2, Operation(23)), (3, Operation(19)), (4, Operation(27)), (5, Operation(38)), (6, Operation(18)), (7, Operation(18))]
已知红第 1 条（增补 2 收口表第 43 行）：0 段；前几个种子 []
用时 49.0 秒
test allocation_record_wall_sampling_with_the_checker_refuses_only_above_one_node_by_the_true_count ... FAILED
── 随机历史：小盘上逼近单元区墙的取样点 ──
种子 [0, 32)，每段 150 步，比重：逼近单元区墙（小盘上落点拒绝那一格的取样点）；每一步之后跑池级 checker，已知红第 0 条那一形只记不停；两块单元区 384 槽的小盘（journal 环 128 MiB）
历史 32 段：跑完 0、以已知红收尾 {0: 32}、新发现 0；根环转过一圈的 32 段；最高 txg 47
  操作 PublishFirstFile：Ok 0、Err 0、前提不满足没调 0
  操作 PublishOverwrite：Ok 628、Err 96、前提不满足没调 0
  操作 PublishWithoutUnits：Ok 0、Err 0、前提不满足没调 0
  操作 CloseAndMountWritable：Ok 56、Err 0、前提不满足没调 0
  操作 CloseAndMountRollback：Ok 3、Err 2、前提不满足没调 0
  操作 RaiseRollbackFloor：Ok 8、Err 14、前提不满足没调 0
  操作 ColdStartRecover：Ok 5、Err 0、前提不满足没调 0
  内容长度 0 字节：入口被调 85 次、发成 85 次
  内容长度 [1, 载荷容量 − 2]：入口被调 425 次、发成 425 次
  内容长度 数据单元整宽 32768（装不下）：入口被调 51 次、发成 0 次
  内容长度 载荷容量：入口被调 66 次、发成 66 次
  内容长度 载荷容量 + 1（装不下）：入口被调 45 次、发成 0 次
  内容长度 载荷容量 − 1：入口被调 52 次、发成 52 次
  Err 成员 MountError::RaiseNeedsRewrittenInstanceTableUnitInCurrentVersion：12 次
  Err 成员 MountError::RollbackFloorAboveCeiling：2 次
  Err 成员 MountError::RollbackTargetNotACandidate(NotInRing)：1 次
  Err 成员 MountError::RollbackToVersionWithoutFileUnsupported：1 次
  Err 成员 PublishError::ContentExceedsDataUnit：96 次
  冷启动结局 FileRead：5 次
  一次挂载里最多写出 37 条根；一段历史里最多挂载成功 4 次、最多试挂载 4 次
  抬 F 回收到落点 8 次、共回收 341 个落点；复用已释放的记录 152 条（其中跨度变了 42 条）；已释放的记录被罩住起点 10 条、被删 10 条
  挂载写出的发布比过分配记录 142 次；挂载之前生效根的分配记录读不出、没比的挂载 0 次
  checker 跑了 727 次；一个写都没发、沿用上一次结论的 117 步；已知红第 0 条那一形只记不停 0 步（0 段历史）
  模型对拍 844 步：该拒而拒 100、区间里拒 12、该成而成 732；比过根 822 条、分配记录 14108 条、冷启动内容 5 次、抬 F 上限 10 次；回退到 txg = F_生效 > 0 的根做成 0 次；分配记录墙按镜像上的真条数放行 0 次；单元区墙按区间放行 0 次
  I-1.1：判绿 727 次、不适用 0 次
  I-1.3：判绿 727 次、不适用 0 次
  I-1.4：判绿 727 次、不适用 0 次
  I-1.6：判绿 727 次、不适用 0 次
  I-1.7：判绿 727 次、不适用 0 次
  I-2.1：判绿 727 次、不适用 0 次
  I-2.3：判绿 727 次、不适用 0 次
  I-2.4：判绿 727 次、不适用 0 次
  I-2.5：判绿 727 次、不适用 0 次
  I-3.1：判绿 695 次、不适用 0 次
  I-3.8：判绿 727 次、不适用 0 次
  I-3.9：判绿 727 次、不适用 0 次
  I-4.8：判绿 727 次、不适用 0 次
  I-5.1：判绿 727 次、不适用 0 次
  I-5.2：判绿 727 次、不适用 0 次
  I-5.4：判绿 727 次、不适用 0 次
  I-7.1：判绿 727 次、不适用 0 次
  I-7.2：判绿 727 次、不适用 0 次
  I-7.4：判绿 727 次、不适用 0 次
  I-7.6：判绿 727 次、不适用 0 次
  I-7.7：判绿 727 次、不适用 0 次
  I-7.8：判绿 727 次、不适用 0 次
  I-9.1：判绿 727 次、不适用 0 次
  I-9.2：判绿 727 次、不适用 0 次
  I-9.4：判绿 727 次、不适用 0 次
  I-9.7：判绿 727 次、不适用 0 次
  I-9.10：判绿 727 次、不适用 0 次
  I-9.13：判绿 727 次、不适用 0 次
  I-9.14：判绿 695 次、不适用 32 次
已知红第 0 条（增补 2 收口表第 ② 行（一次挂载转过一整圈根环时 checker 在合法状态上判 I-3.1 红））：32 段；前几个种子 [(0, Operation(18)), (1, Operation(26)), (2, Operation(22)), (3, Operation(21)), (4, Operation(24)), (5, Operation(25)), (6, Operation(25)), (7, Operation(22))]
已知红第 1 条（增补 2 收口表第 43 行）：0 段；前几个种子 []
用时 50.1 秒
test unit_area_wall_sampling_on_small_devices_passes_only_a_placement_refused_on_every_device ... FAILED
── 随机历史快档 ──
种子 [0, 96)，每段 30 步，比重：各类操作都抽（快档、大档）；每一步之后跑池级 checker；两块 4 GiB 的盘
历史 96 段：跑完 45、以已知红收尾 {0: 50, 1: 1}、新发现 0；根环转过一圈的 62 段；最高 txg 37
  操作 PublishFirstFile：Ok 24、Err 62、前提不满足没调 56
  操作 PublishOverwrite：Ok 655、Err 104、前提不满足没调 456
  操作 PublishWithoutUnits：Ok 7、Err 0、前提不满足没调 64
  操作 CloseAndMountWritable：Ok 321、Err 92、前提不满足没调 0
  操作 CloseAndMountRollback：Ok 112、Err 192、前提不满足没调 0
  操作 RaiseRollbackFloor：Ok 42、Err 156、前提不满足没调 142
  操作 ColdStartRecover：Ok 97、Err 0、前提不满足没调 0
  内容长度 0 字节：入口被调 87 次、发成 83 次
  内容长度 [1, 载荷容量 − 2]：入口被调 502 次、发成 466 次
  内容长度 数据单元整宽 32768（装不下）：入口被调 50 次、发成 0 次
  内容长度 载荷容量：入口被调 70 次、发成 66 次
  内容长度 载荷容量 + 1（装不下）：入口被调 66 次、发成 0 次
  内容长度 载荷容量 − 1：入口被调 70 次、发成 64 次
  Err 成员 MountError::InstanceRowsOnVersionWithoutFileUnsupported：92 次
  Err 成员 MountError::RaiseNeedsRewrittenInstanceTableUnitInCurrentVersion：34 次
  Err 成员 MountError::RollbackFloorAboveCeiling：122 次
  Err 成员 MountError::RollbackTargetNotACandidate(BelowEffectiveFloor)：1 次
  Err 成员 MountError::RollbackTargetNotACandidate(NotInRing)：61 次
  Err 成员 MountError::RollbackTargetNotACandidate(OnAbandonedTimeline)：5 次
  Err 成员 MountError::RollbackToVersionWithoutFileUnsupported：125 次
  Err 成员 PublishError::ContentExceedsDataUnit：108 次
  Err 成员 PublishError::FirstFileVersionNotRightAfterTheSecondWarmUp：58 次
  前提不满足（没有可写会话）：660 次
  前提不满足（现行版本带文件）：34 次
  前提不满足（现行版本树表 0 条）：24 次
  冷启动结局 FileRead：78 次
  冷启动结局 NoFile：19 次
  一次挂载里最多写出 23 条根；一段历史里最多挂载成功 9 次、最多试挂载 12 次
  抬 F 回收到落点 31 次、共回收 852 个落点；复用已释放的记录 388 条（其中跨度变了 74 条）；已释放的记录被罩住起点 4 条、被删 4 条
  挂载写出的发布比过分配记录 936 次；挂载之前生效根的分配记录读不出、没比的挂载 0 次
  checker 跑了 1257 次；一个写都没发、沿用上一次结论的 1421 步；已知红第 0 条那一形只记不停 0 步（0 段历史）
  模型对拍 1912 步：该拒而拒 572、区间里拒 34、该成而成 1306；比过根 1862 条、分配记录 31250 条、冷启动内容 78 次、抬 F 上限 164 次；回退到 txg = F_生效 > 0 的根做成 0 次；分配记录墙按镜像上的真条数放行 0 次；单元区墙按区间放行 0 次
  I-1.1：判绿 1257 次、不适用 0 次
  I-1.3：判绿 1257 次、不适用 0 次
  I-1.4：判绿 1257 次、不适用 0 次
  I-1.6：判绿 1257 次、不适用 0 次
  I-1.7：判绿 1257 次、不适用 0 次
  I-2.1：判绿 1257 次、不适用 0 次
  I-2.3：判绿 1257 次、不适用 0 次
  I-2.4：判绿 1257 次、不适用 0 次
  I-2.5：判绿 1257 次、不适用 0 次
  I-3.1：判绿 1103 次、不适用 103 次
  I-3.8：判绿 1257 次、不适用 0 次
  I-3.9：判绿 1154 次、不适用 103 次
  I-4.8：判绿 1257 次、不适用 0 次
  I-5.1：判绿 1257 次、不适用 0 次
  I-5.2：判绿 1154 次、不适用 103 次
  I-5.4：判绿 1154 次、不适用 103 次
  I-7.1：判绿 1257 次、不适用 0 次
  I-7.2：判绿 1257 次、不适用 0 次
  I-7.4：判绿 1257 次、不适用 0 次
  I-7.6：判绿 1257 次、不适用 0 次
  I-7.7：判绿 1257 次、不适用 0 次
  I-7.8：判绿 1257 次、不适用 0 次
  I-9.1：判绿 1154 次、不适用 103 次
  I-9.2：判绿 1154 次、不适用 103 次
  I-9.4：判绿 1154 次、不适用 103 次
  I-9.7：判绿 1154 次、不适用 103 次
  I-9.10：判绿 1154 次、不适用 103 次
  I-9.13：判绿 1154 次、不适用 103 次
  I-9.14：判绿 1082 次、不适用 175 次
已知红第 0 条（增补 2 收口表第 ② 行（一次挂载转过一整圈根环时 checker 在合法状态上判 I-3.1 红））：50 段；前几个种子 [(0, Operation(22)), (1, Operation(24)), (2, Operation(27)), (4, Operation(25)), (11, Operation(21)), (12, Operation(18)), (13, Operation(24)), (16, Operation(18))]
已知红第 1 条（增补 2 收口表第 43 行）：1 段；前几个种子 [(80, Operation(21))]
用时 56.9 秒
test random_histories_fast_tier_end_only_in_known_red_forms_and_exercise_every_operation ... ok

failures:

---- allocation_record_wall_sampling_with_the_checker_refuses_only_above_one_node_by_the_true_count stdout ----

thread 'allocation_record_wall_sampling_with_the_checker_refuses_only_above_one_node_by_the_true_count' (3172554) panicked at crates/singlefs-harness/tests/second_transaction_supplement_three_random_history.rs:328:5:
分配记录墙一次都没按真条数放行过（墙那一格没跑到）
note: run with `RUST_BACKTRACE=1` environment variable to display a backtrace

---- unit_area_wall_sampling_on_small_devices_passes_only_a_placement_refused_on_every_device stdout ----

thread 'unit_area_wall_sampling_on_small_devices_passes_only_a_placement_refused_on_every_device' (3172591) panicked at crates/singlefs-harness/tests/second_transaction_supplement_three_random_history.rs:373:5:
覆盖写、第一个文件一次都没被「每块盘上都没有」拒过（用户数据那一处没跑到）


failures:
    allocation_record_wall_sampling_with_the_checker_refuses_only_above_one_node_by_the_true_count
    unit_area_wall_sampling_on_small_devices_passes_only_a_placement_refused_on_every_device

test result: FAILED. 14 passed; 2 failed; 2 ignored; 0 measured; 0 filtered out; finished in 56.91s

error: test failed, to rerun pass `-p singlefs-harness --test second_transaction_supplement_three_random_history`
