   Compiling singlefs-core v0.1.0 (research/prompts/m2-supp3-item2-r2-fix-implementer/copies/proof/crates/singlefs-core)
   Compiling singlefs-harness v0.1.0 (research/prompts/m2-supp3-item2-r2-fix-implementer/copies/proof/crates/singlefs-harness)
    Finished `test` profile [unoptimized + debuginfo] target(s) in 0.49s
     Running tests/second_transaction_supplement_three_random_history.rs (target/debug/deps/second_transaction_supplement_three_random_history-031d214e73b47b79)

running 18 tests
test random_histories_large_tier_seeds_and_length_from_the_environment ... ignored, 大档：SINGLEFS_RANDOM_HISTORY_SEEDS 段、每段 SINGLEFS_RANDOM_HISTORY_OPERATIONS 步，从 SINGLEFS_RANDOM_HISTORY_FIRST_SEED 起，SINGLEFS_RANDOM_HISTORY_THREADS 个线程，比重 SINGLEFS_RANDOM_HISTORY_WEIGHTS，checker SINGLEFS_RANDOM_HISTORY_CHECKER，盘宽 SINGLEFS_RANDOM_HISTORY_DEVICES，收缩 SINGLEFS_RANDOM_HISTORY_SHRINK；release 下后台跑
test shrink_one_failing_seed_from_the_environment ... ignored, 收缩一个种子：SINGLEFS_RANDOM_HISTORY_SHRINK_SEED 必给，SINGLEFS_RANDOM_HISTORY_OPERATIONS 默认 30，SINGLEFS_RANDOM_HISTORY_THREADS 默认全部核
test allocation_records_counted_on_the_image_are_one_per_unit_per_device_and_zero_without_a_file ... ok
test an_allocated_statistic_over_count_after_raising_the_floor_without_a_rollback_is_a_new_finding ... ok
test rolling_back_onto_an_abandoned_root_above_the_floor_is_refused_for_being_abandoned ... ok
test rolling_back_to_the_root_at_the_effective_floor_is_accepted_and_reads_back_that_version ... ok
test rolling_back_to_a_root_whose_warm_up_fills_the_allocation_node_to_exactly_812_records_succeeds ... ok
test raising_the_floor_with_a_second_empty_publish_that_fills_the_allocation_node_to_exactly_812_records_succeeds ... ok
test row_and_warm_up_publishes_that_reuse_reclaimed_records_have_their_allocation_generations_checked ... ok
test an_overwrite_that_fills_the_allocation_node_to_exactly_812_records_succeeds_and_the_next_is_refused ... ok
test raising_the_floor_into_the_gap_left_by_a_rollback_ends_in_the_second_known_red_form ... ok
── 随机历史：偏向抬 F 之后回退的取样点 ──
种子 [0, 48)，每段 30 步，比重：偏向抬 F 之后回退（B2 那一格的取样点）；每一步之后跑池级 checker；两块 4 GiB 的盘
历史 48 段：跑完 0、以已知红收尾 {0: 2}、新发现 46；根环转过一圈的 2 段；最高 txg 32
  操作 PublishFirstFile：Ok 3、Err 2、前提不满足没调 0
  操作 PublishOverwrite：Ok 99、Err 9、前提不满足没调 13
  操作 PublishWithoutUnits：Ok 0、Err 0、前提不满足没调 2
  操作 CloseAndMountWritable：Ok 21、Err 0、前提不满足没调 0
  操作 CloseAndMountRollback：Ok 26、Err 57、前提不满足没调 0
  操作 RaiseRollbackFloor：Ok 8、Err 48、前提不满足没调 10
  操作 ColdStartRecover：Ok 3、Err 0、前提不满足没调 0
  内容长度 0 字节：入口被调 15 次、发成 15 次
  内容长度 [1, 载荷容量 − 2]：入口被调 70 次、发成 68 次
  内容长度 数据单元整宽 32768（装不下）：入口被调 5 次、发成 0 次
  内容长度 载荷容量：入口被调 10 次、发成 10 次
  内容长度 载荷容量 + 1（装不下）：入口被调 4 次、发成 0 次
  内容长度 载荷容量 − 1：入口被调 9 次、发成 9 次
  Err 成员 MountError::RaiseNeedsRewrittenInstanceTableUnitInCurrentVersion：28 次
  Err 成员 MountError::RollbackFloorAboveCeiling：20 次
  Err 成员 MountError::RollbackTargetNotACandidate(BelowEffectiveFloor)：46 次
  Err 成员 MountError::RollbackTargetNotACandidate(NotInRing)：10 次
  Err 成员 MountError::RollbackTargetNotACandidate(OnAbandonedTimeline)：1 次
  Err 成员 PublishError::ContentExceedsDataUnit：9 次
  Err 成员 PublishError::FirstFileVersionNotRightAfterTheSecondWarmUp：2 次
  前提不满足（没有可写会话）：23 次
  前提不满足（现行版本带文件）：2 次
  冷启动结局 FileRead：2 次
  冷启动结局 NoFile：1 次
  一次挂载里最多写出 9 条根；一段历史里最多挂载成功 7 次、最多试挂载 8 次
  抬 F 回收到落点 2 次、共回收 52 个落点；复用已释放的记录 14 条（其中跨度变了 4 条）；已释放的记录被罩住起点 0 条、被删 0 条
  挂载写出的发布比过分配记录 104 次；挂载之前生效根的分配记录读不出、没比的挂载 0 次
  checker 跑了 205 次；一个写都没发、沿用上一次结论的 144 步；已知红第 0 条那一形只记不停 0 步（0 段历史）
  模型对拍 318 步：该拒而拒 42、区间里拒 28、该成而成 202；比过根 276 条、分配记录 4632 条、冷启动内容 2 次、抬 F 上限 28 次；回退到 txg = F_生效 > 0 的根做成 4 次；分配记录墙按镜像上的真条数放行 0 次；单元区墙按区间放行 0 次
  I-1.1：判绿 205 次、不适用 0 次
  I-1.3：判绿 205 次、不适用 0 次
  I-1.4：判绿 205 次、不适用 0 次
  I-1.6：判绿 205 次、不适用 0 次
  I-1.7：判绿 205 次、不适用 0 次
  I-2.1：判绿 205 次、不适用 0 次
  I-2.3：判绿 205 次、不适用 0 次
  I-2.4：判绿 205 次、不适用 0 次
  I-2.5：判绿 205 次、不适用 0 次
  I-3.1：判绿 193 次、不适用 10 次
  I-3.8：判绿 205 次、不适用 0 次
  I-3.9：判绿 195 次、不适用 10 次
  I-4.8：判绿 205 次、不适用 0 次
  I-5.1：判绿 205 次、不适用 0 次
  I-5.2：判绿 195 次、不适用 10 次
  I-5.4：判绿 195 次、不适用 10 次
  I-7.1：判绿 205 次、不适用 0 次
  I-7.2：判绿 205 次、不适用 0 次
  I-7.4：判绿 205 次、不适用 0 次
  I-7.6：判绿 205 次、不适用 0 次
  I-7.7：判绿 205 次、不适用 0 次
  I-7.8：判绿 205 次、不适用 0 次
  I-9.1：判绿 195 次、不适用 10 次
  I-9.2：判绿 195 次、不适用 10 次
  I-9.4：判绿 195 次、不适用 10 次
  I-9.7：判绿 195 次、不适用 10 次
  I-9.10：判绿 195 次、不适用 10 次
  I-9.13：判绿 195 次、不适用 10 次
  I-9.14：判绿 150 次、不适用 55 次
已知红第 0 条（增补 2 收口表第 ② 行（一次挂载转过一整圈根环时 checker 在合法状态上判 I-3.1 红））：2 段；前几个种子 [(7, Operation(29)), (36, Operation(22))]
已知红第 1 条（增补 2 收口表第 43 行）：0 段；前几个种子 []
新发现 ModelDisagreement { aspect: "拒绝的理由" }：第一个种子 0（同签名的种子 [0, 1, 2, 3, 4, 5, 6, 8, 9, 10, 11, 12, 13, 14, 15, 16, 17, 18, 19, 20, 21, 22, 23, 24, 25, 26, 27, 28, 29, 30, 31, 32, 33, 34, 35, 37, 38, 39, 40, 41, 42, 43, 44, 45, 46, 47]），在 Operation(10)（Some(CloseAndMountRollback)）之后
  模型对不上（拒绝的理由）：模型答 MountRollback 该拒：["回退到树表 0 条的根（第一版不支持）"]；实现 拒了：MountError::RollbackTargetNotACandidate(BelowEffectiveFloor)
  没收缩（这一档只报种子）：SINGLEFS_RANDOM_HISTORY_SHRINK_SEED=0 跑「收缩一个种子」那条 #[ignore] 用例，或跑大档
用时 17.5 秒
test rollback_heavy_random_histories_reach_the_floor_root_and_end_only_in_known_red_forms ... FAILED
test turning_the_root_ring_with_overwrites_in_one_mount_ends_in_the_first_known_red_form ... ok
test the_same_seed_runs_to_the_same_outcomes_and_the_same_bytes_twice ... ok
── 随机历史：偏向抬 F 之后复用的取样点 ──
种子 [0, 48)，每段 30 步，比重：偏向抬 F 之后的复用（第 121 行那一类的取样点）；每一步之后跑池级 checker；两块 4 GiB 的盘
历史 48 段：跑完 18、以已知红收尾 {0: 26, 1: 1}、新发现 3；根环转过一圈的 43 段；最高 txg 41
  操作 PublishFirstFile：Ok 5、Err 12、前提不满足没调 1
  操作 PublishOverwrite：Ok 500、Err 84、前提不满足没调 13
  操作 PublishWithoutUnits：Ok 0、Err 0、前提不满足没调 10
  操作 CloseAndMountWritable：Ok 226、Err 2、前提不满足没调 0
  操作 CloseAndMountRollback：Ok 15、Err 7、前提不满足没调 0
  操作 RaiseRollbackFloor：Ok 79、Err 161、前提不满足没调 3
  操作 ColdStartRecover：Ok 9、Err 0、前提不满足没调 0
  内容长度 0 字节：入口被调 72 次、发成 70 次
  内容长度 [1, 载荷容量 − 2]：入口被调 336 次、发成 330 次
  内容长度 数据单元整宽 32768（装不下）：入口被调 43 次、发成 0 次
  内容长度 载荷容量：入口被调 57 次、发成 55 次
  内容长度 载荷容量 + 1（装不下）：入口被调 43 次、发成 0 次
  内容长度 载荷容量 − 1：入口被调 50 次、发成 50 次
  Err 成员 MountError::InstanceRowsOnVersionWithoutFileUnsupported：2 次
  Err 成员 MountError::RaiseNeedsRewrittenInstanceTableUnitInCurrentVersion：37 次
  Err 成员 MountError::RollbackFloorAboveCeiling：124 次
  Err 成员 MountError::RollbackTargetNotACandidate(BelowEffectiveFloor)：4 次
  Err 成员 MountError::RollbackTargetNotACandidate(NotInRing)：3 次
  Err 成员 PublishError::ContentExceedsDataUnit：84 次
  Err 成员 PublishError::FirstFileVersionNotRightAfterTheSecondWarmUp：12 次
  前提不满足（没有可写会话）：18 次
  前提不满足（现行版本带文件）：9 次
  冷启动结局 FileRead：8 次
  冷启动结局 NoFile：1 次
  一次挂载里最多写出 28 条根；一段历史里最多挂载成功 8 次、最多试挂载 8 次
  抬 F 回收到落点 59 次、共回收 1698 个落点；复用已释放的记录 786 条（其中跨度变了 136 条）；已释放的记录被罩住起点 16 条、被删 16 条
  挂载写出的发布比过分配记录 560 次；挂载之前生效根的分配记录读不出、没比的挂载 0 次
  checker 跑了 873 次；一个写都没发、沿用上一次结论的 302 步；已知红第 0 条那一形只记不停 0 步（0 段历史）
  模型对拍 1142 步：该拒而拒 226、区间里拒 37、该成而成 876；比过根 1305 条、分配记录 22998 条、冷启动内容 8 次、抬 F 上限 203 次；回退到 txg = F_生效 > 0 的根做成 0 次；分配记录墙按镜像上的真条数放行 0 次；单元区墙按区间放行 0 次
  I-1.1：判绿 873 次、不适用 0 次
  I-1.3：判绿 873 次、不适用 0 次
  I-1.4：判绿 873 次、不适用 0 次
  I-1.6：判绿 873 次、不适用 0 次
  I-1.7：判绿 873 次、不适用 0 次
  I-2.1：判绿 873 次、不适用 0 次
  I-2.3：判绿 873 次、不适用 0 次
  I-2.4：判绿 873 次、不适用 0 次
  I-2.5：判绿 873 次、不适用 0 次
  I-3.1：判绿 834 次、不适用 12 次
  I-3.8：判绿 873 次、不适用 0 次
  I-3.9：判绿 861 次、不适用 12 次
  I-4.8：判绿 873 次、不适用 0 次
  I-5.1：判绿 873 次、不适用 0 次
  I-5.2：判绿 861 次、不适用 12 次
  I-5.4：判绿 861 次、不适用 12 次
  I-7.1：判绿 873 次、不适用 0 次
  I-7.2：判绿 873 次、不适用 0 次
  I-7.4：判绿 873 次、不适用 0 次
  I-7.6：判绿 873 次、不适用 0 次
  I-7.7：判绿 873 次、不适用 0 次
  I-7.8：判绿 873 次、不适用 0 次
  I-9.1：判绿 861 次、不适用 12 次
  I-9.2：判绿 861 次、不适用 12 次
  I-9.4：判绿 861 次、不适用 12 次
  I-9.7：判绿 861 次、不适用 12 次
  I-9.10：判绿 861 次、不适用 12 次
  I-9.13：判绿 861 次、不适用 12 次
  I-9.14：判绿 814 次、不适用 59 次
已知红第 0 条（增补 2 收口表第 ② 行（一次挂载转过一整圈根环时 checker 在合法状态上判 I-3.1 红））：26 段；前几个种子 [(0, Operation(12)), (1, Operation(18)), (3, Operation(22)), (9, Operation(26)), (10, Operation(23)), (12, Operation(23)), (19, Operation(19)), (20, Operation(28))]
已知红第 1 条（增补 2 收口表第 43 行）：1 段；前几个种子 [(4, Operation(17))]
新发现 ModelDisagreement { aspect: "拒绝的理由" }：第一个种子 15（同签名的种子 [15, 30, 40]），在 Operation(0)（Some(CloseAndMountRollback)）之后
  模型对不上（拒绝的理由）：模型答 MountRollback 该拒：["回退到树表 0 条的根（第一版不支持）"]；实现 拒了：MountError::RollbackTargetNotACandidate(BelowEffectiveFloor)
  没收缩（这一档只报种子）：SINGLEFS_RANDOM_HISTORY_SHRINK_SEED=15 跑「收缩一个种子」那条 #[ignore] 用例，或跑大档
用时 51.2 秒
test reuse_heavy_random_histories_cover_released_records_and_end_only_in_known_red_forms ... FAILED
── 随机历史快档 ──
种子 [0, 96)，每段 30 步，比重：各类操作都抽（快档、大档）；每一步之后跑池级 checker；两块 4 GiB 的盘
历史 96 段：跑完 13、以已知红收尾 {0: 33}、新发现 50；根环转过一圈的 43 段；最高 txg 37
  操作 PublishFirstFile：Ok 23、Err 45、前提不满足没调 18
  操作 PublishOverwrite：Ok 527、Err 81、前提不满足没调 103
  操作 PublishWithoutUnits：Ok 6、Err 0、前提不满足没调 32
  操作 CloseAndMountWritable：Ok 229、Err 16、前提不满足没调 0
  操作 CloseAndMountRollback：Ok 68、Err 93、前提不满足没调 0
  操作 RaiseRollbackFloor：Ok 37、Err 126、前提不满足没调 26
  操作 ColdStartRecover：Ok 69、Err 0、前提不满足没调 0
  内容长度 0 字节：入口被调 77 次、发成 75 次
  内容长度 [1, 载荷容量 − 2]：入口被调 400 次、发成 375 次
  内容长度 数据单元整宽 32768（装不下）：入口被调 40 次、发成 0 次
  内容长度 载荷容量：入口被调 53 次、发成 50 次
  内容长度 载荷容量 + 1（装不下）：入口被调 51 次、发成 0 次
  内容长度 载荷容量 − 1：入口被调 55 次、发成 50 次
  Err 成员 MountError::InstanceRowsOnVersionWithoutFileUnsupported：16 次
  Err 成员 MountError::RaiseNeedsRewrittenInstanceTableUnitInCurrentVersion：34 次
  Err 成员 MountError::RollbackFloorAboveCeiling：92 次
  Err 成员 MountError::RollbackTargetNotACandidate(BelowEffectiveFloor)：51 次
  Err 成员 MountError::RollbackTargetNotACandidate(NotInRing)：37 次
  Err 成员 MountError::RollbackTargetNotACandidate(OnAbandonedTimeline)：5 次
  Err 成员 PublishError::ContentExceedsDataUnit：85 次
  Err 成员 PublishError::FirstFileVersionNotRightAfterTheSecondWarmUp：41 次
  前提不满足（没有可写会话）：142 次
  前提不满足（现行版本带文件）：25 次
  前提不满足（现行版本树表 0 条）：12 次
  冷启动结局 FileRead：63 次
  冷启动结局 NoFile：6 次
  一次挂载里最多写出 23 条根；一段历史里最多挂载成功 8 次、最多试挂载 10 次
  抬 F 回收到落点 27 次、共回收 763 个落点；复用已释放的记录 358 条（其中跨度变了 64 条）；已释放的记录被罩住起点 4 条、被删 4 条
  挂载写出的发布比过分配记录 637 次；挂载之前生效根的分配记录读不出、没比的挂载 0 次
  checker 跑了 986 次；一个写都没发、沿用上一次结论的 609 步；已知红第 0 条那一形只记不停 0 步（0 段历史）
  模型对拍 1368 步：该拒而拒 277、区间里拒 34、该成而成 1007；比过根 1395 条、分配记录 23334 条、冷启动内容 63 次、抬 F 上限 129 次；回退到 txg = F_生效 > 0 的根做成 0 次；分配记录墙按镜像上的真条数放行 0 次；单元区墙按区间放行 0 次
  I-1.1：判绿 986 次、不适用 0 次
  I-1.3：判绿 986 次、不适用 0 次
  I-1.4：判绿 986 次、不适用 0 次
  I-1.6：判绿 986 次、不适用 0 次
  I-1.7：判绿 986 次、不适用 0 次
  I-2.1：判绿 986 次、不适用 0 次
  I-2.3：判绿 986 次、不适用 0 次
  I-2.4：判绿 986 次、不适用 0 次
  I-2.5：判绿 986 次、不适用 0 次
  I-3.1：判绿 864 次、不适用 89 次
  I-3.8：判绿 986 次、不适用 0 次
  I-3.9：判绿 897 次、不适用 89 次
  I-4.8：判绿 986 次、不适用 0 次
  I-5.1：判绿 986 次、不适用 0 次
  I-5.2：判绿 897 次、不适用 89 次
  I-5.4：判绿 897 次、不适用 89 次
  I-7.1：判绿 986 次、不适用 0 次
  I-7.2：判绿 986 次、不适用 0 次
  I-7.4：判绿 986 次、不适用 0 次
  I-7.6：判绿 986 次、不适用 0 次
  I-7.7：判绿 986 次、不适用 0 次
  I-7.8：判绿 986 次、不适用 0 次
  I-9.1：判绿 897 次、不适用 89 次
  I-9.2：判绿 897 次、不适用 89 次
  I-9.4：判绿 897 次、不适用 89 次
  I-9.7：判绿 897 次、不适用 89 次
  I-9.10：判绿 897 次、不适用 89 次
  I-9.13：判绿 897 次、不适用 89 次
  I-9.14：判绿 826 次、不适用 160 次
已知红第 0 条（增补 2 收口表第 ② 行（一次挂载转过一整圈根环时 checker 在合法状态上判 I-3.1 红））：33 段；前几个种子 [(1, Operation(24)), (2, Operation(27)), (4, Operation(25)), (13, Operation(24)), (16, Operation(18)), (17, Operation(19)), (20, Operation(24)), (21, Operation(16))]
已知红第 1 条（增补 2 收口表第 43 行）：0 段；前几个种子 []
新发现 ModelDisagreement { aspect: "拒绝的理由" }：第一个种子 0（同签名的种子 [0, 5, 6, 9, 10, 11, 12, 14, 18, 19, 22, 23, 24, 25, 27, 28, 30, 31, 33, 38, 39, 40, 41, 43, 44, 45, 50, 52, 53, 55, 58, 59, 63, 67, 68, 72, 75, 76, 78, 79, 80, 83, 85, 86, 88, 90, 91, 92, 93, 95]），在 Operation(8)（Some(CloseAndMountRollback)）之后
  模型对不上（拒绝的理由）：模型答 MountRollback 该拒：["回退到树表 0 条的根（第一版不支持）"]；实现 拒了：MountError::RollbackTargetNotACandidate(BelowEffectiveFloor)
  没收缩（这一档只报种子）：SINGLEFS_RANDOM_HISTORY_SHRINK_SEED=0 跑「收缩一个种子」那条 #[ignore] 用例，或跑大档
用时 51.7 秒
test random_histories_fast_tier_end_only_in_known_red_forms_and_exercise_every_operation ... FAILED
test allocation_record_wall_sampling_with_the_checker_refuses_only_above_one_node_by_the_true_count has been running for over 60 seconds
test unit_area_wall_sampling_on_small_devices_passes_only_a_placement_refused_on_every_device has been running for over 60 seconds
── 随机历史：逼近分配记录墙的取样点 ──
种子 [0, 32)，每段 150 步，比重：逼近分配记录墙（812 条那一格的取样点）；每一步之后跑池级 checker，已知红第 0 条那一形只记不停；两块 4 GiB 的盘
历史 32 段：跑完 30、以已知红收尾 {}、新发现 2；根环转过一圈的 30 段；最高 txg 176
  操作 PublishFirstFile：Ok 0、Err 0、前提不满足没调 0
  操作 PublishOverwrite：Ok 2279、Err 522、前提不满足没调 737
  操作 PublishWithoutUnits：Ok 0、Err 0、前提不满足没调 0
  操作 CloseAndMountWritable：Ok 443、Err 142、前提不满足没调 0
  操作 CloseAndMountRollback：Ok 71、Err 37、前提不满足没调 0
  操作 RaiseRollbackFloor：Ok 120、Err 60、前提不满足没调 50
  操作 ColdStartRecover：Ok 59、Err 0、前提不满足没调 0
  内容长度 0 字节：入口被调 268 次、发成 253 次
  内容长度 [1, 载荷容量 − 2]：入口被调 1624 次、发成 1544 次
  内容长度 数据单元整宽 32768（装不下）：入口被调 195 次、发成 0 次
  内容长度 载荷容量：入口被调 259 次、发成 241 次
  内容长度 载荷容量 + 1（装不下）：入口被调 202 次、发成 0 次
  内容长度 载荷容量 − 1：入口被调 253 次、发成 241 次
  Err 成员 MountError::Publish(PublishError::AllocationRecordsExceedOneNode)：9 次
  Err 成员 MountError::RaiseNeedsRewrittenInstanceTableUnitInCurrentVersion：9 次
  Err 成员 MountError::RollbackFloorAboveCeiling：42 次
  Err 成员 MountError::RollbackTargetNotACandidate(BelowEffectiveFloor)：3 次
  Err 成员 MountError::RollbackTargetNotACandidate(NotInRing)：20 次
  Err 成员 MountError::RollbackTargetNotACandidate(OnAbandonedTimeline)：5 次
  Err 成员 MountError::RowPublishAdmissionRefusedBeforeAcquisition(PublishError::AllocationRecordsExceedOneNode)：99 次
  Err 成员 MountError::WarmUpAdmissionRefusedBeforeAcquisition(PublishError::AllocationRecordsExceedOneNode)：52 次
  Err 成员 PublishError::AllocationRecordsExceedOneNode：125 次
  Err 成员 PublishError::ContentExceedsDataUnit：397 次
  前提不满足（没有可写会话）：787 次
  冷启动结局 FileRead：59 次
  一次挂载里最多写出 32 条根；一段历史里最多挂载成功 29 次、最多试挂载 33 次
  抬 F 回收到落点 112 次、共回收 6341 个落点；复用已释放的记录 22514 条（其中跨度变了 2624 条）；已释放的记录被罩住起点 1236 条、被删 1236 条
  挂载写出的发布比过分配记录 1230 次；挂载之前生效根的分配记录读不出、没比的挂载 0 次
  checker 跑了 2947 次；一个写都没发、沿用上一次结论的 1605 步；已知红第 0 条那一形只记不停 1920 步（30 段历史）
  模型对拍 3765 步：该拒而拒 465、区间里拒 294、该成而成 3004；比过根 3821 条、分配记录 68470 条、冷启动内容 59 次、抬 F 上限 162 次；回退到 txg = F_生效 > 0 的根做成 0 次；分配记录墙按镜像上的真条数放行 285 次；单元区墙按区间放行 0 次
  I-1.1：判绿 2947 次、不适用 0 次
  I-1.3：判绿 2947 次、不适用 0 次
  I-1.4：判绿 2947 次、不适用 0 次
  I-1.6：判绿 2947 次、不适用 0 次
  I-1.7：判绿 2947 次、不适用 0 次
  I-2.1：判绿 2947 次、不适用 0 次
  I-2.3：判绿 2947 次、不适用 0 次
  I-2.4：判绿 2947 次、不适用 0 次
  I-2.5：判绿 2947 次、不适用 0 次
  I-3.1：判绿 1027 次、不适用 0 次
  I-3.8：判绿 2947 次、不适用 0 次
  I-3.9：判绿 2947 次、不适用 0 次
  I-4.8：判绿 2947 次、不适用 0 次
  I-5.1：判绿 2947 次、不适用 0 次
  I-5.2：判绿 2947 次、不适用 0 次
  I-5.4：判绿 2947 次、不适用 0 次
  I-7.1：判绿 2947 次、不适用 0 次
  I-7.2：判绿 2947 次、不适用 0 次
  I-7.4：判绿 2947 次、不适用 0 次
  I-7.6：判绿 2947 次、不适用 0 次
  I-7.7：判绿 2947 次、不适用 0 次
  I-7.8：判绿 2947 次、不适用 0 次
  I-9.1：判绿 2947 次、不适用 0 次
  I-9.2：判绿 2947 次、不适用 0 次
  I-9.4：判绿 2947 次、不适用 0 次
  I-9.7：判绿 2947 次、不适用 0 次
  I-9.10：判绿 2947 次、不适用 0 次
  I-9.13：判绿 2947 次、不适用 0 次
  I-9.14：判绿 2915 次、不适用 32 次
已知红第 0 条（增补 2 收口表第 ② 行（一次挂载转过一整圈根环时 checker 在合法状态上判 I-3.1 红））：0 段；前几个种子 []
已知红第 1 条（增补 2 收口表第 43 行）：0 段；前几个种子 []
新发现 ModelDisagreement { aspect: "拒绝的理由" }：第一个种子 14（同签名的种子 [14, 30]），在 Operation(4)（Some(CloseAndMountRollback)）之后
  模型对不上（拒绝的理由）：模型答 MountRollback 该拒：["回退到树表 0 条的根（第一版不支持）"]；实现 拒了：MountError::RollbackTargetNotACandidate(BelowEffectiveFloor)
  没收缩（这一档只报种子）：SINGLEFS_RANDOM_HISTORY_SHRINK_SEED=14 跑「收缩一个种子」那条 #[ignore] 用例，或跑大档
用时 165.2 秒
test allocation_record_wall_sampling_with_the_checker_refuses_only_above_one_node_by_the_true_count ... FAILED
── 随机历史：小盘上逼近单元区墙的取样点 ──
种子 [0, 32)，每段 150 步，比重：逼近单元区墙（小盘上落点拒绝那一格的取样点）；每一步之后跑池级 checker，已知红第 0 条那一形只记不停；两块单元区 384 槽的小盘（journal 环 128 MiB）
历史 32 段：跑完 31、以已知红收尾 {}、新发现 1；根环转过一圈的 31 段；最高 txg 174
  操作 PublishFirstFile：Ok 0、Err 0、前提不满足没调 0
  操作 PublishOverwrite：Ok 3109、Err 862、前提不满足没调 83
  操作 PublishWithoutUnits：Ok 0、Err 0、前提不满足没调 0
  操作 CloseAndMountWritable：Ok 312、Err 0、前提不满足没调 0
  操作 CloseAndMountRollback：Ok 44、Err 12、前提不满足没调 0
  操作 RaiseRollbackFloor：Ok 122、Err 61、前提不满足没调 0
  操作 ColdStartRecover：Ok 50、Err 0、前提不满足没调 0
  内容长度 0 字节：入口被调 390 次、发成 357 次
  内容长度 [1, 载荷容量 − 2]：入口被调 2338 次、发成 2141 次
  内容长度 数据单元整宽 32768（装不下）：入口被调 314 次、发成 0 次
  内容长度 载荷容量：入口被调 340 次、发成 313 次
  内容长度 载荷容量 + 1（装不下）：入口被调 263 次、发成 0 次
  内容长度 载荷容量 − 1：入口被调 326 次、发成 298 次
  Err 成员 MountError::Publish(PublishError::PlacementRefused(NoFreeSlotOnAnyDevice))：8 次
  Err 成员 MountError::RaiseNeedsRewrittenInstanceTableUnitInCurrentVersion：13 次
  Err 成员 MountError::RollbackFloorAboveCeiling：40 次
  Err 成员 MountError::RollbackTargetNotACandidate(BelowEffectiveFloor)：2 次
  Err 成员 MountError::RollbackTargetNotACandidate(NotInRing)：8 次
  Err 成员 MountError::RollbackTargetNotACandidate(OnAbandonedTimeline)：2 次
  Err 成员 PublishError::ContentExceedsDataUnit：577 次
  Err 成员 PublishError::PlacementRefused(NoFreeSlotOnAnyDevice)：285 次
  前提不满足（没有可写会话）：83 次
  冷启动结局 FileRead：50 次
  一次挂载里最多写出 51 条根；一段历史里最多挂载成功 22 次、最多试挂载 23 次
  抬 F 回收到落点 117 次、共回收 8965 个落点；复用已释放的记录 33940 条（其中跨度变了 9722 条）；已释放的记录被罩住起点 4830 条、被删 4838 条
  挂载写出的发布比过分配记录 851 次；挂载之前生效根的分配记录读不出、没比的挂载 0 次
  checker 跑了 3621 次；一个写都没发、沿用上一次结论的 1066 步；已知红第 0 条那一形只记不停 2468 步（31 段历史）
  模型对拍 4604 步：该拒而拒 628、区间里拒 306、该成而成 3669；比过根 4279 条、分配记录 76272 条、冷启动内容 50 次、抬 F 上限 162 次；回退到 txg = F_生效 > 0 的根做成 0 次；分配记录墙按镜像上的真条数放行 0 次；单元区墙按区间放行 293 次
  I-1.1：判绿 3621 次、不适用 0 次
  I-1.3：判绿 3621 次、不适用 0 次
  I-1.4：判绿 3621 次、不适用 0 次
  I-1.6：判绿 3621 次、不适用 0 次
  I-1.7：判绿 3621 次、不适用 0 次
  I-2.1：判绿 3621 次、不适用 0 次
  I-2.3：判绿 3621 次、不适用 0 次
  I-2.4：判绿 3621 次、不适用 0 次
  I-2.5：判绿 3621 次、不适用 0 次
  I-3.1：判绿 1153 次、不适用 0 次
  I-3.8：判绿 3621 次、不适用 0 次
  I-3.9：判绿 3621 次、不适用 0 次
  I-4.8：判绿 3621 次、不适用 0 次
  I-5.1：判绿 3621 次、不适用 0 次
  I-5.2：判绿 3621 次、不适用 0 次
  I-5.4：判绿 3621 次、不适用 0 次
  I-7.1：判绿 3621 次、不适用 0 次
  I-7.2：判绿 3621 次、不适用 0 次
  I-7.4：判绿 3621 次、不适用 0 次
  I-7.6：判绿 3621 次、不适用 0 次
  I-7.7：判绿 3621 次、不适用 0 次
  I-7.8：判绿 3621 次、不适用 0 次
  I-9.1：判绿 3621 次、不适用 0 次
  I-9.2：判绿 3621 次、不适用 0 次
  I-9.4：判绿 3621 次、不适用 0 次
  I-9.7：判绿 3621 次、不适用 0 次
  I-9.10：判绿 3621 次、不适用 0 次
  I-9.13：判绿 3621 次、不适用 0 次
  I-9.14：判绿 3589 次、不适用 32 次
已知红第 0 条（增补 2 收口表第 ② 行（一次挂载转过一整圈根环时 checker 在合法状态上判 I-3.1 红））：0 段；前几个种子 []
已知红第 1 条（增补 2 收口表第 43 行）：0 段；前几个种子 []
新发现 ModelDisagreement { aspect: "拒绝的理由" }：第一个种子 14（同签名的种子 [14]），在 Operation(4)（Some(CloseAndMountRollback)）之后
  模型对不上（拒绝的理由）：模型答 MountRollback 该拒：["回退到树表 0 条的根（第一版不支持）"]；实现 拒了：MountError::RollbackTargetNotACandidate(BelowEffectiveFloor)
  没收缩（这一档只报种子）：SINGLEFS_RANDOM_HISTORY_SHRINK_SEED=14 跑「收缩一个种子」那条 #[ignore] 用例，或跑大档
用时 176.3 秒
test unit_area_wall_sampling_on_small_devices_passes_only_a_placement_refused_on_every_device ... FAILED

failures:

---- rollback_heavy_random_histories_reach_the_floor_root_and_end_only_in_known_red_forms stdout ----

thread 'rollback_heavy_random_histories_reach_the_floor_root_and_end_only_in_known_red_forms' (3184945) panicked at crates/singlefs-harness/tests/second_transaction_supplement_three_random_history.rs:279:5:
「已知红」清单外的失败：
种子 [0, 48)，每段 30 步，比重：偏向抬 F 之后回退（B2 那一格的取样点）；每一步之后跑池级 checker；两块 4 GiB 的盘
历史 48 段：跑完 0、以已知红收尾 {0: 2}、新发现 46；根环转过一圈的 2 段；最高 txg 32
  操作 PublishFirstFile：Ok 3、Err 2、前提不满足没调 0
  操作 PublishOverwrite：Ok 99、Err 9、前提不满足没调 13
  操作 PublishWithoutUnits：Ok 0、Err 0、前提不满足没调 2
  操作 CloseAndMountWritable：Ok 21、Err 0、前提不满足没调 0
  操作 CloseAndMountRollback：Ok 26、Err 57、前提不满足没调 0
  操作 RaiseRollbackFloor：Ok 8、Err 48、前提不满足没调 10
  操作 ColdStartRecover：Ok 3、Err 0、前提不满足没调 0
  内容长度 0 字节：入口被调 15 次、发成 15 次
  内容长度 [1, 载荷容量 − 2]：入口被调 70 次、发成 68 次
  内容长度 数据单元整宽 32768（装不下）：入口被调 5 次、发成 0 次
  内容长度 载荷容量：入口被调 10 次、发成 10 次
  内容长度 载荷容量 + 1（装不下）：入口被调 4 次、发成 0 次
  内容长度 载荷容量 − 1：入口被调 9 次、发成 9 次
  Err 成员 MountError::RaiseNeedsRewrittenInstanceTableUnitInCurrentVersion：28 次
  Err 成员 MountError::RollbackFloorAboveCeiling：20 次
  Err 成员 MountError::RollbackTargetNotACandidate(BelowEffectiveFloor)：46 次
  Err 成员 MountError::RollbackTargetNotACandidate(NotInRing)：10 次
  Err 成员 MountError::RollbackTargetNotACandidate(OnAbandonedTimeline)：1 次
  Err 成员 PublishError::ContentExceedsDataUnit：9 次
  Err 成员 PublishError::FirstFileVersionNotRightAfterTheSecondWarmUp：2 次
  前提不满足（没有可写会话）：23 次
  前提不满足（现行版本带文件）：2 次
  冷启动结局 FileRead：2 次
  冷启动结局 NoFile：1 次
  一次挂载里最多写出 9 条根；一段历史里最多挂载成功 7 次、最多试挂载 8 次
  抬 F 回收到落点 2 次、共回收 52 个落点；复用已释放的记录 14 条（其中跨度变了 4 条）；已释放的记录被罩住起点 0 条、被删 0 条
  挂载写出的发布比过分配记录 104 次；挂载之前生效根的分配记录读不出、没比的挂载 0 次
  checker 跑了 205 次；一个写都没发、沿用上一次结论的 144 步；已知红第 0 条那一形只记不停 0 步（0 段历史）
  模型对拍 318 步：该拒而拒 42、区间里拒 28、该成而成 202；比过根 276 条、分配记录 4632 条、冷启动内容 2 次、抬 F 上限 28 次；回退到 txg = F_生效 > 0 的根做成 4 次；分配记录墙按镜像上的真条数放行 0 次；单元区墙按区间放行 0 次
  I-1.1：判绿 205 次、不适用 0 次
  I-1.3：判绿 205 次、不适用 0 次
  I-1.4：判绿 205 次、不适用 0 次
  I-1.6：判绿 205 次、不适用 0 次
  I-1.7：判绿 205 次、不适用 0 次
  I-2.1：判绿 205 次、不适用 0 次
  I-2.3：判绿 205 次、不适用 0 次
  I-2.4：判绿 205 次、不适用 0 次
  I-2.5：判绿 205 次、不适用 0 次
  I-3.1：判绿 193 次、不适用 10 次
  I-3.8：判绿 205 次、不适用 0 次
  I-3.9：判绿 195 次、不适用 10 次
  I-4.8：判绿 205 次、不适用 0 次
  I-5.1：判绿 205 次、不适用 0 次
  I-5.2：判绿 195 次、不适用 10 次
  I-5.4：判绿 195 次、不适用 10 次
  I-7.1：判绿 205 次、不适用 0 次
  I-7.2：判绿 205 次、不适用 0 次
  I-7.4：判绿 205 次、不适用 0 次
  I-7.6：判绿 205 次、不适用 0 次
  I-7.7：判绿 205 次、不适用 0 次
  I-7.8：判绿 205 次、不适用 0 次
  I-9.1：判绿 195 次、不适用 10 次
  I-9.2：判绿 195 次、不适用 10 次
  I-9.4：判绿 195 次、不适用 10 次
  I-9.7：判绿 195 次、不适用 10 次
  I-9.10：判绿 195 次、不适用 10 次
  I-9.13：判绿 195 次、不适用 10 次
  I-9.14：判绿 150 次、不适用 55 次
已知红第 0 条（增补 2 收口表第 ② 行（一次挂载转过一整圈根环时 checker 在合法状态上判 I-3.1 红））：2 段；前几个种子 [(7, Operation(29)), (36, Operation(22))]
已知红第 1 条（增补 2 收口表第 43 行）：0 段；前几个种子 []
新发现 ModelDisagreement { aspect: "拒绝的理由" }：第一个种子 0（同签名的种子 [0, 1, 2, 3, 4, 5, 6, 8, 9, 10, 11, 12, 13, 14, 15, 16, 17, 18, 19, 20, 21, 22, 23, 24, 25, 26, 27, 28, 29, 30, 31, 32, 33, 34, 35, 37, 38, 39, 40, 41, 42, 43, 44, 45, 46, 47]），在 Operation(10)（Some(CloseAndMountRollback)）之后
  模型对不上（拒绝的理由）：模型答 MountRollback 该拒：["回退到树表 0 条的根（第一版不支持）"]；实现 拒了：MountError::RollbackTargetNotACandidate(BelowEffectiveFloor)
  没收缩（这一档只报种子）：SINGLEFS_RANDOM_HISTORY_SHRINK_SEED=0 跑「收缩一个种子」那条 #[ignore] 用例，或跑大档

note: run with `RUST_BACKTRACE=1` environment variable to display a backtrace

---- reuse_heavy_random_histories_cover_released_records_and_end_only_in_known_red_forms stdout ----

thread 'reuse_heavy_random_histories_cover_released_records_and_end_only_in_known_red_forms' (3184943) panicked at crates/singlefs-harness/tests/second_transaction_supplement_three_random_history.rs:242:5:
「已知红」清单外的失败：
种子 [0, 48)，每段 30 步，比重：偏向抬 F 之后的复用（第 121 行那一类的取样点）；每一步之后跑池级 checker；两块 4 GiB 的盘
历史 48 段：跑完 18、以已知红收尾 {0: 26, 1: 1}、新发现 3；根环转过一圈的 43 段；最高 txg 41
  操作 PublishFirstFile：Ok 5、Err 12、前提不满足没调 1
  操作 PublishOverwrite：Ok 500、Err 84、前提不满足没调 13
  操作 PublishWithoutUnits：Ok 0、Err 0、前提不满足没调 10
  操作 CloseAndMountWritable：Ok 226、Err 2、前提不满足没调 0
  操作 CloseAndMountRollback：Ok 15、Err 7、前提不满足没调 0
  操作 RaiseRollbackFloor：Ok 79、Err 161、前提不满足没调 3
  操作 ColdStartRecover：Ok 9、Err 0、前提不满足没调 0
  内容长度 0 字节：入口被调 72 次、发成 70 次
  内容长度 [1, 载荷容量 − 2]：入口被调 336 次、发成 330 次
  内容长度 数据单元整宽 32768（装不下）：入口被调 43 次、发成 0 次
  内容长度 载荷容量：入口被调 57 次、发成 55 次
  内容长度 载荷容量 + 1（装不下）：入口被调 43 次、发成 0 次
  内容长度 载荷容量 − 1：入口被调 50 次、发成 50 次
  Err 成员 MountError::InstanceRowsOnVersionWithoutFileUnsupported：2 次
  Err 成员 MountError::RaiseNeedsRewrittenInstanceTableUnitInCurrentVersion：37 次
  Err 成员 MountError::RollbackFloorAboveCeiling：124 次
  Err 成员 MountError::RollbackTargetNotACandidate(BelowEffectiveFloor)：4 次
  Err 成员 MountError::RollbackTargetNotACandidate(NotInRing)：3 次
  Err 成员 PublishError::ContentExceedsDataUnit：84 次
  Err 成员 PublishError::FirstFileVersionNotRightAfterTheSecondWarmUp：12 次
  前提不满足（没有可写会话）：18 次
  前提不满足（现行版本带文件）：9 次
  冷启动结局 FileRead：8 次
  冷启动结局 NoFile：1 次
  一次挂载里最多写出 28 条根；一段历史里最多挂载成功 8 次、最多试挂载 8 次
  抬 F 回收到落点 59 次、共回收 1698 个落点；复用已释放的记录 786 条（其中跨度变了 136 条）；已释放的记录被罩住起点 16 条、被删 16 条
  挂载写出的发布比过分配记录 560 次；挂载之前生效根的分配记录读不出、没比的挂载 0 次
  checker 跑了 873 次；一个写都没发、沿用上一次结论的 302 步；已知红第 0 条那一形只记不停 0 步（0 段历史）
  模型对拍 1142 步：该拒而拒 226、区间里拒 37、该成而成 876；比过根 1305 条、分配记录 22998 条、冷启动内容 8 次、抬 F 上限 203 次；回退到 txg = F_生效 > 0 的根做成 0 次；分配记录墙按镜像上的真条数放行 0 次；单元区墙按区间放行 0 次
  I-1.1：判绿 873 次、不适用 0 次
  I-1.3：判绿 873 次、不适用 0 次
  I-1.4：判绿 873 次、不适用 0 次
  I-1.6：判绿 873 次、不适用 0 次
  I-1.7：判绿 873 次、不适用 0 次
  I-2.1：判绿 873 次、不适用 0 次
  I-2.3：判绿 873 次、不适用 0 次
  I-2.4：判绿 873 次、不适用 0 次
  I-2.5：判绿 873 次、不适用 0 次
  I-3.1：判绿 834 次、不适用 12 次
  I-3.8：判绿 873 次、不适用 0 次
  I-3.9：判绿 861 次、不适用 12 次
  I-4.8：判绿 873 次、不适用 0 次
  I-5.1：判绿 873 次、不适用 0 次
  I-5.2：判绿 861 次、不适用 12 次
  I-5.4：判绿 861 次、不适用 12 次
  I-7.1：判绿 873 次、不适用 0 次
  I-7.2：判绿 873 次、不适用 0 次
  I-7.4：判绿 873 次、不适用 0 次
  I-7.6：判绿 873 次、不适用 0 次
  I-7.7：判绿 873 次、不适用 0 次
  I-7.8：判绿 873 次、不适用 0 次
  I-9.1：判绿 861 次、不适用 12 次
  I-9.2：判绿 861 次、不适用 12 次
  I-9.4：判绿 861 次、不适用 12 次
  I-9.7：判绿 861 次、不适用 12 次
  I-9.10：判绿 861 次、不适用 12 次
  I-9.13：判绿 861 次、不适用 12 次
  I-9.14：判绿 814 次、不适用 59 次
已知红第 0 条（增补 2 收口表第 ② 行（一次挂载转过一整圈根环时 checker 在合法状态上判 I-3.1 红））：26 段；前几个种子 [(0, Operation(12)), (1, Operation(18)), (3, Operation(22)), (9, Operation(26)), (10, Operation(23)), (12, Operation(23)), (19, Operation(19)), (20, Operation(28))]
已知红第 1 条（增补 2 收口表第 43 行）：1 段；前几个种子 [(4, Operation(17))]
新发现 ModelDisagreement { aspect: "拒绝的理由" }：第一个种子 15（同签名的种子 [15, 30, 40]），在 Operation(0)（Some(CloseAndMountRollback)）之后
  模型对不上（拒绝的理由）：模型答 MountRollback 该拒：["回退到树表 0 条的根（第一版不支持）"]；实现 拒了：MountError::RollbackTargetNotACandidate(BelowEffectiveFloor)
  没收缩（这一档只报种子）：SINGLEFS_RANDOM_HISTORY_SHRINK_SEED=15 跑「收缩一个种子」那条 #[ignore] 用例，或跑大档


---- random_histories_fast_tier_end_only_in_known_red_forms_and_exercise_every_operation stdout ----

thread 'random_histories_fast_tier_end_only_in_known_red_forms_and_exercise_every_operation' (3184941) panicked at crates/singlefs-harness/tests/second_transaction_supplement_three_random_history.rs:213:5:
「已知红」清单外的失败：
种子 [0, 96)，每段 30 步，比重：各类操作都抽（快档、大档）；每一步之后跑池级 checker；两块 4 GiB 的盘
历史 96 段：跑完 13、以已知红收尾 {0: 33}、新发现 50；根环转过一圈的 43 段；最高 txg 37
  操作 PublishFirstFile：Ok 23、Err 45、前提不满足没调 18
  操作 PublishOverwrite：Ok 527、Err 81、前提不满足没调 103
  操作 PublishWithoutUnits：Ok 6、Err 0、前提不满足没调 32
  操作 CloseAndMountWritable：Ok 229、Err 16、前提不满足没调 0
  操作 CloseAndMountRollback：Ok 68、Err 93、前提不满足没调 0
  操作 RaiseRollbackFloor：Ok 37、Err 126、前提不满足没调 26
  操作 ColdStartRecover：Ok 69、Err 0、前提不满足没调 0
  内容长度 0 字节：入口被调 77 次、发成 75 次
  内容长度 [1, 载荷容量 − 2]：入口被调 400 次、发成 375 次
  内容长度 数据单元整宽 32768（装不下）：入口被调 40 次、发成 0 次
  内容长度 载荷容量：入口被调 53 次、发成 50 次
  内容长度 载荷容量 + 1（装不下）：入口被调 51 次、发成 0 次
  内容长度 载荷容量 − 1：入口被调 55 次、发成 50 次
  Err 成员 MountError::InstanceRowsOnVersionWithoutFileUnsupported：16 次
  Err 成员 MountError::RaiseNeedsRewrittenInstanceTableUnitInCurrentVersion：34 次
  Err 成员 MountError::RollbackFloorAboveCeiling：92 次
  Err 成员 MountError::RollbackTargetNotACandidate(BelowEffectiveFloor)：51 次
  Err 成员 MountError::RollbackTargetNotACandidate(NotInRing)：37 次
  Err 成员 MountError::RollbackTargetNotACandidate(OnAbandonedTimeline)：5 次
  Err 成员 PublishError::ContentExceedsDataUnit：85 次
  Err 成员 PublishError::FirstFileVersionNotRightAfterTheSecondWarmUp：41 次
  前提不满足（没有可写会话）：142 次
  前提不满足（现行版本带文件）：25 次
  前提不满足（现行版本树表 0 条）：12 次
  冷启动结局 FileRead：63 次
  冷启动结局 NoFile：6 次
  一次挂载里最多写出 23 条根；一段历史里最多挂载成功 8 次、最多试挂载 10 次
  抬 F 回收到落点 27 次、共回收 763 个落点；复用已释放的记录 358 条（其中跨度变了 64 条）；已释放的记录被罩住起点 4 条、被删 4 条
  挂载写出的发布比过分配记录 637 次；挂载之前生效根的分配记录读不出、没比的挂载 0 次
  checker 跑了 986 次；一个写都没发、沿用上一次结论的 609 步；已知红第 0 条那一形只记不停 0 步（0 段历史）
  模型对拍 1368 步：该拒而拒 277、区间里拒 34、该成而成 1007；比过根 1395 条、分配记录 23334 条、冷启动内容 63 次、抬 F 上限 129 次；回退到 txg = F_生效 > 0 的根做成 0 次；分配记录墙按镜像上的真条数放行 0 次；单元区墙按区间放行 0 次
  I-1.1：判绿 986 次、不适用 0 次
  I-1.3：判绿 986 次、不适用 0 次
  I-1.4：判绿 986 次、不适用 0 次
  I-1.6：判绿 986 次、不适用 0 次
  I-1.7：判绿 986 次、不适用 0 次
  I-2.1：判绿 986 次、不适用 0 次
  I-2.3：判绿 986 次、不适用 0 次
  I-2.4：判绿 986 次、不适用 0 次
  I-2.5：判绿 986 次、不适用 0 次
  I-3.1：判绿 864 次、不适用 89 次
  I-3.8：判绿 986 次、不适用 0 次
  I-3.9：判绿 897 次、不适用 89 次
  I-4.8：判绿 986 次、不适用 0 次
  I-5.1：判绿 986 次、不适用 0 次
  I-5.2：判绿 897 次、不适用 89 次
  I-5.4：判绿 897 次、不适用 89 次
  I-7.1：判绿 986 次、不适用 0 次
  I-7.2：判绿 986 次、不适用 0 次
  I-7.4：判绿 986 次、不适用 0 次
  I-7.6：判绿 986 次、不适用 0 次
  I-7.7：判绿 986 次、不适用 0 次
  I-7.8：判绿 986 次、不适用 0 次
  I-9.1：判绿 897 次、不适用 89 次
  I-9.2：判绿 897 次、不适用 89 次
  I-9.4：判绿 897 次、不适用 89 次
  I-9.7：判绿 897 次、不适用 89 次
  I-9.10：判绿 897 次、不适用 89 次
  I-9.13：判绿 897 次、不适用 89 次
  I-9.14：判绿 826 次、不适用 160 次
已知红第 0 条（增补 2 收口表第 ② 行（一次挂载转过一整圈根环时 checker 在合法状态上判 I-3.1 红））：33 段；前几个种子 [(1, Operation(24)), (2, Operation(27)), (4, Operation(25)), (13, Operation(24)), (16, Operation(18)), (17, Operation(19)), (20, Operation(24)), (21, Operation(16))]
已知红第 1 条（增补 2 收口表第 43 行）：0 段；前几个种子 []
新发现 ModelDisagreement { aspect: "拒绝的理由" }：第一个种子 0（同签名的种子 [0, 5, 6, 9, 10, 11, 12, 14, 18, 19, 22, 23, 24, 25, 27, 28, 30, 31, 33, 38, 39, 40, 41, 43, 44, 45, 50, 52, 53, 55, 58, 59, 63, 67, 68, 72, 75, 76, 78, 79, 80, 83, 85, 86, 88, 90, 91, 92, 93, 95]），在 Operation(8)（Some(CloseAndMountRollback)）之后
  模型对不上（拒绝的理由）：模型答 MountRollback 该拒：["回退到树表 0 条的根（第一版不支持）"]；实现 拒了：MountError::RollbackTargetNotACandidate(BelowEffectiveFloor)
  没收缩（这一档只报种子）：SINGLEFS_RANDOM_HISTORY_SHRINK_SEED=0 跑「收缩一个种子」那条 #[ignore] 用例，或跑大档


---- allocation_record_wall_sampling_with_the_checker_refuses_only_above_one_node_by_the_true_count stdout ----

thread 'allocation_record_wall_sampling_with_the_checker_refuses_only_above_one_node_by_the_true_count' (3184935) panicked at crates/singlefs-harness/tests/second_transaction_supplement_three_random_history.rs:320:5:
新发现（checker 除已知红第 0 条那一形之外的判红、模型、执行器的判定与 panic）：
种子 [0, 32)，每段 150 步，比重：逼近分配记录墙（812 条那一格的取样点）；每一步之后跑池级 checker，已知红第 0 条那一形只记不停；两块 4 GiB 的盘
历史 32 段：跑完 30、以已知红收尾 {}、新发现 2；根环转过一圈的 30 段；最高 txg 176
  操作 PublishFirstFile：Ok 0、Err 0、前提不满足没调 0
  操作 PublishOverwrite：Ok 2279、Err 522、前提不满足没调 737
  操作 PublishWithoutUnits：Ok 0、Err 0、前提不满足没调 0
  操作 CloseAndMountWritable：Ok 443、Err 142、前提不满足没调 0
  操作 CloseAndMountRollback：Ok 71、Err 37、前提不满足没调 0
  操作 RaiseRollbackFloor：Ok 120、Err 60、前提不满足没调 50
  操作 ColdStartRecover：Ok 59、Err 0、前提不满足没调 0
  内容长度 0 字节：入口被调 268 次、发成 253 次
  内容长度 [1, 载荷容量 − 2]：入口被调 1624 次、发成 1544 次
  内容长度 数据单元整宽 32768（装不下）：入口被调 195 次、发成 0 次
  内容长度 载荷容量：入口被调 259 次、发成 241 次
  内容长度 载荷容量 + 1（装不下）：入口被调 202 次、发成 0 次
  内容长度 载荷容量 − 1：入口被调 253 次、发成 241 次
  Err 成员 MountError::Publish(PublishError::AllocationRecordsExceedOneNode)：9 次
  Err 成员 MountError::RaiseNeedsRewrittenInstanceTableUnitInCurrentVersion：9 次
  Err 成员 MountError::RollbackFloorAboveCeiling：42 次
  Err 成员 MountError::RollbackTargetNotACandidate(BelowEffectiveFloor)：3 次
  Err 成员 MountError::RollbackTargetNotACandidate(NotInRing)：20 次
  Err 成员 MountError::RollbackTargetNotACandidate(OnAbandonedTimeline)：5 次
  Err 成员 MountError::RowPublishAdmissionRefusedBeforeAcquisition(PublishError::AllocationRecordsExceedOneNode)：99 次
  Err 成员 MountError::WarmUpAdmissionRefusedBeforeAcquisition(PublishError::AllocationRecordsExceedOneNode)：52 次
  Err 成员 PublishError::AllocationRecordsExceedOneNode：125 次
  Err 成员 PublishError::ContentExceedsDataUnit：397 次
  前提不满足（没有可写会话）：787 次
  冷启动结局 FileRead：59 次
  一次挂载里最多写出 32 条根；一段历史里最多挂载成功 29 次、最多试挂载 33 次
  抬 F 回收到落点 112 次、共回收 6341 个落点；复用已释放的记录 22514 条（其中跨度变了 2624 条）；已释放的记录被罩住起点 1236 条、被删 1236 条
  挂载写出的发布比过分配记录 1230 次；挂载之前生效根的分配记录读不出、没比的挂载 0 次
  checker 跑了 2947 次；一个写都没发、沿用上一次结论的 1605 步；已知红第 0 条那一形只记不停 1920 步（30 段历史）
  模型对拍 3765 步：该拒而拒 465、区间里拒 294、该成而成 3004；比过根 3821 条、分配记录 68470 条、冷启动内容 59 次、抬 F 上限 162 次；回退到 txg = F_生效 > 0 的根做成 0 次；分配记录墙按镜像上的真条数放行 285 次；单元区墙按区间放行 0 次
  I-1.1：判绿 2947 次、不适用 0 次
  I-1.3：判绿 2947 次、不适用 0 次
  I-1.4：判绿 2947 次、不适用 0 次
  I-1.6：判绿 2947 次、不适用 0 次
  I-1.7：判绿 2947 次、不适用 0 次
  I-2.1：判绿 2947 次、不适用 0 次
  I-2.3：判绿 2947 次、不适用 0 次
  I-2.4：判绿 2947 次、不适用 0 次
  I-2.5：判绿 2947 次、不适用 0 次
  I-3.1：判绿 1027 次、不适用 0 次
  I-3.8：判绿 2947 次、不适用 0 次
  I-3.9：判绿 2947 次、不适用 0 次
  I-4.8：判绿 2947 次、不适用 0 次
  I-5.1：判绿 2947 次、不适用 0 次
  I-5.2：判绿 2947 次、不适用 0 次
  I-5.4：判绿 2947 次、不适用 0 次
  I-7.1：判绿 2947 次、不适用 0 次
  I-7.2：判绿 2947 次、不适用 0 次
  I-7.4：判绿 2947 次、不适用 0 次
  I-7.6：判绿 2947 次、不适用 0 次
  I-7.7：判绿 2947 次、不适用 0 次
  I-7.8：判绿 2947 次、不适用 0 次
  I-9.1：判绿 2947 次、不适用 0 次
  I-9.2：判绿 2947 次、不适用 0 次
  I-9.4：判绿 2947 次、不适用 0 次
  I-9.7：判绿 2947 次、不适用 0 次
  I-9.10：判绿 2947 次、不适用 0 次
  I-9.13：判绿 2947 次、不适用 0 次
  I-9.14：判绿 2915 次、不适用 32 次
已知红第 0 条（增补 2 收口表第 ② 行（一次挂载转过一整圈根环时 checker 在合法状态上判 I-3.1 红））：0 段；前几个种子 []
已知红第 1 条（增补 2 收口表第 43 行）：0 段；前几个种子 []
新发现 ModelDisagreement { aspect: "拒绝的理由" }：第一个种子 14（同签名的种子 [14, 30]），在 Operation(4)（Some(CloseAndMountRollback)）之后
  模型对不上（拒绝的理由）：模型答 MountRollback 该拒：["回退到树表 0 条的根（第一版不支持）"]；实现 拒了：MountError::RollbackTargetNotACandidate(BelowEffectiveFloor)
  没收缩（这一档只报种子）：SINGLEFS_RANDOM_HISTORY_SHRINK_SEED=14 跑「收缩一个种子」那条 #[ignore] 用例，或跑大档


---- unit_area_wall_sampling_on_small_devices_passes_only_a_placement_refused_on_every_device stdout ----

thread 'unit_area_wall_sampling_on_small_devices_passes_only_a_placement_refused_on_every_device' (3184968) panicked at crates/singlefs-harness/tests/second_transaction_supplement_three_random_history.rs:363:5:
新发现（checker 除已知红第 0 条那一形之外的判红、模型、执行器的判定与 panic）：
种子 [0, 32)，每段 150 步，比重：逼近单元区墙（小盘上落点拒绝那一格的取样点）；每一步之后跑池级 checker，已知红第 0 条那一形只记不停；两块单元区 384 槽的小盘（journal 环 128 MiB）
历史 32 段：跑完 31、以已知红收尾 {}、新发现 1；根环转过一圈的 31 段；最高 txg 174
  操作 PublishFirstFile：Ok 0、Err 0、前提不满足没调 0
  操作 PublishOverwrite：Ok 3109、Err 862、前提不满足没调 83
  操作 PublishWithoutUnits：Ok 0、Err 0、前提不满足没调 0
  操作 CloseAndMountWritable：Ok 312、Err 0、前提不满足没调 0
  操作 CloseAndMountRollback：Ok 44、Err 12、前提不满足没调 0
  操作 RaiseRollbackFloor：Ok 122、Err 61、前提不满足没调 0
  操作 ColdStartRecover：Ok 50、Err 0、前提不满足没调 0
  内容长度 0 字节：入口被调 390 次、发成 357 次
  内容长度 [1, 载荷容量 − 2]：入口被调 2338 次、发成 2141 次
  内容长度 数据单元整宽 32768（装不下）：入口被调 314 次、发成 0 次
  内容长度 载荷容量：入口被调 340 次、发成 313 次
  内容长度 载荷容量 + 1（装不下）：入口被调 263 次、发成 0 次
  内容长度 载荷容量 − 1：入口被调 326 次、发成 298 次
  Err 成员 MountError::Publish(PublishError::PlacementRefused(NoFreeSlotOnAnyDevice))：8 次
  Err 成员 MountError::RaiseNeedsRewrittenInstanceTableUnitInCurrentVersion：13 次
  Err 成员 MountError::RollbackFloorAboveCeiling：40 次
  Err 成员 MountError::RollbackTargetNotACandidate(BelowEffectiveFloor)：2 次
  Err 成员 MountError::RollbackTargetNotACandidate(NotInRing)：8 次
  Err 成员 MountError::RollbackTargetNotACandidate(OnAbandonedTimeline)：2 次
  Err 成员 PublishError::ContentExceedsDataUnit：577 次
  Err 成员 PublishError::PlacementRefused(NoFreeSlotOnAnyDevice)：285 次
  前提不满足（没有可写会话）：83 次
  冷启动结局 FileRead：50 次
  一次挂载里最多写出 51 条根；一段历史里最多挂载成功 22 次、最多试挂载 23 次
  抬 F 回收到落点 117 次、共回收 8965 个落点；复用已释放的记录 33940 条（其中跨度变了 9722 条）；已释放的记录被罩住起点 4830 条、被删 4838 条
  挂载写出的发布比过分配记录 851 次；挂载之前生效根的分配记录读不出、没比的挂载 0 次
  checker 跑了 3621 次；一个写都没发、沿用上一次结论的 1066 步；已知红第 0 条那一形只记不停 2468 步（31 段历史）
  模型对拍 4604 步：该拒而拒 628、区间里拒 306、该成而成 3669；比过根 4279 条、分配记录 76272 条、冷启动内容 50 次、抬 F 上限 162 次；回退到 txg = F_生效 > 0 的根做成 0 次；分配记录墙按镜像上的真条数放行 0 次；单元区墙按区间放行 293 次
  I-1.1：判绿 3621 次、不适用 0 次
  I-1.3：判绿 3621 次、不适用 0 次
  I-1.4：判绿 3621 次、不适用 0 次
  I-1.6：判绿 3621 次、不适用 0 次
  I-1.7：判绿 3621 次、不适用 0 次
  I-2.1：判绿 3621 次、不适用 0 次
  I-2.3：判绿 3621 次、不适用 0 次
  I-2.4：判绿 3621 次、不适用 0 次
  I-2.5：判绿 3621 次、不适用 0 次
  I-3.1：判绿 1153 次、不适用 0 次
  I-3.8：判绿 3621 次、不适用 0 次
  I-3.9：判绿 3621 次、不适用 0 次
  I-4.8：判绿 3621 次、不适用 0 次
  I-5.1：判绿 3621 次、不适用 0 次
  I-5.2：判绿 3621 次、不适用 0 次
  I-5.4：判绿 3621 次、不适用 0 次
  I-7.1：判绿 3621 次、不适用 0 次
  I-7.2：判绿 3621 次、不适用 0 次
  I-7.4：判绿 3621 次、不适用 0 次
  I-7.6：判绿 3621 次、不适用 0 次
  I-7.7：判绿 3621 次、不适用 0 次
  I-7.8：判绿 3621 次、不适用 0 次
  I-9.1：判绿 3621 次、不适用 0 次
  I-9.2：判绿 3621 次、不适用 0 次
  I-9.4：判绿 3621 次、不适用 0 次
  I-9.7：判绿 3621 次、不适用 0 次
  I-9.10：判绿 3621 次、不适用 0 次
  I-9.13：判绿 3621 次、不适用 0 次
  I-9.14：判绿 3589 次、不适用 32 次
已知红第 0 条（增补 2 收口表第 ② 行（一次挂载转过一整圈根环时 checker 在合法状态上判 I-3.1 红））：0 段；前几个种子 []
已知红第 1 条（增补 2 收口表第 43 行）：0 段；前几个种子 []
新发现 ModelDisagreement { aspect: "拒绝的理由" }：第一个种子 14（同签名的种子 [14]），在 Operation(4)（Some(CloseAndMountRollback)）之后
  模型对不上（拒绝的理由）：模型答 MountRollback 该拒：["回退到树表 0 条的根（第一版不支持）"]；实现 拒了：MountError::RollbackTargetNotACandidate(BelowEffectiveFloor)
  没收缩（这一档只报种子）：SINGLEFS_RANDOM_HISTORY_SHRINK_SEED=14 跑「收缩一个种子」那条 #[ignore] 用例，或跑大档



failures:
    allocation_record_wall_sampling_with_the_checker_refuses_only_above_one_node_by_the_true_count
    random_histories_fast_tier_end_only_in_known_red_forms_and_exercise_every_operation
    reuse_heavy_random_histories_cover_released_records_and_end_only_in_known_red_forms
    rollback_heavy_random_histories_reach_the_floor_root_and_end_only_in_known_red_forms
    unit_area_wall_sampling_on_small_devices_passes_only_a_placement_refused_on_every_device

test result: FAILED. 11 passed; 5 failed; 2 ignored; 0 measured; 0 filtered out; finished in 176.32s

error: test failed, to rerun pass `-p singlefs-harness --test second_transaction_supplement_three_random_history`
