S1CAMPAIGN weights=Some("rollback") width=UnitAreaOf384Slots admission=JudgedByTheFormula first_seed=5100000000 seeds=256 ops=40 new_findings=1 known_red=1
种子 [5100000000, 5100000256)，每段 40 步，比重：偏向抬 F 之后回退（B2 那一格的取样点）；每一步之后跑池级 checker；两块单元区 384 槽的小盘（journal 环 128 MiB）
历史 256 段：跑完 18、以已知红收尾 {0: 1}、新发现 237；根环转过一圈的 22 段；最高 txg 47；一版里最多 362 条分配记录
  操作 PublishFirstFile：Ok 15、Err 22、前提不满足没调 3
  操作 PublishOverwrite：Ok 506、Err 79、前提不满足没调 317
  操作 PublishWithoutUnits：Ok 0、Err 0、前提不满足没调 21
  操作 CloseAndMountWritable：Ok 158、Err 18、前提不满足没调 0
  操作 CloseAndMountRollback：Ok 458、Err 111、前提不满足没调 0
  操作 RaiseRollbackFloor：Ok 79、Err 286、前提不满足没调 199
  操作 ColdStartRecover：Ok 25、Err 0、前提不满足没调 0
  内容长度 0 字节：入口被调 70 次、发成 68 次
  内容长度 [1, 载荷容量 − 2]：入口被调 373 次、发成 359 次
  内容长度 数据单元整宽 32768（装不下）：入口被调 38 次、发成 0 次
  内容长度 载荷容量：入口被调 57 次、发成 56 次
  内容长度 载荷容量 + 1（装不下）：入口被调 40 次、发成 0 次
  内容长度 载荷容量 − 1：入口被调 44 次、发成 38 次
  Err 成员 MountError::RollbackFloorAboveCeiling：286 次
  Err 成员 MountError::RollbackTargetNotACandidate(BelowEffectiveFloor)：3 次
  Err 成员 MountError::RollbackTargetNotACandidate(NotInRing)：56 次
  Err 成员 MountError::RollbackTargetNotACandidate(OnAbandonedTimeline)：44 次
  Err 成员 MountError::SpaceAdmissionRefusedBeforeAcquisition：26 次
  Err 成员 PublishError::ContentExceedsDataUnit：75 次
  Err 成员 PublishError::FirstFileVersionOnAVersionThatAlreadyHasAFile：20 次
  Err 成员 PublishError::SpaceAdmissionRefused：6 次
  前提不满足（没有可写会话）：306 次
  前提不满足（现行版本带文件）：17 次
  前提不满足（现行版本树表 0 条）：217 次
  冷启动结局 FileRead：16 次
  冷启动结局 NoFile：9 次
  一次挂载里最多写出 15 条根；一段历史里最多挂载成功 11 次、最多试挂载 15 次
  抬 F 回收到落点 18 次、共回收 280 个落点；复用已释放的记录 496 条（其中跨度变了 106 条）；已释放的记录被罩住起点 30 条、被删 32 条
  挂载写出的发布比过分配记录 609 次；挂载之前生效根的分配记录读不出、没比的挂载 0 次
  checker 跑了 1472 次；一个写都没发、沿用上一次结论的 1081 步
  模型对拍 1986 步：该拒而拒 484、区间里拒 32、该成而成 1233；比过根 1858 条、分配记录 26680 条、冷启动内容 16 次、抬 F 上限 365 次；回退到 txg = F_生效 > 0 的根做成 37 次；单元区墙按区间放行 32 次
  I-1.1：判绿 1472 次、不适用 0 次
  I-1.2：判绿 1472 次、不适用 0 次
  I-1.3：判绿 1472 次、不适用 0 次
  I-1.4：判绿 1472 次、不适用 0 次
  I-1.6：判绿 1472 次、不适用 0 次
  I-1.7：判绿 1472 次、不适用 0 次
  I-1.8：判绿 1472 次、不适用 0 次
  I-1.10：判绿 1432 次、不适用 40 次
  I-2.1：判绿 1472 次、不适用 0 次
  I-2.3：判绿 1472 次、不适用 0 次
  I-2.4：判绿 1472 次、不适用 0 次
  I-2.5：判绿 1472 次、不适用 0 次
  I-3.1：判绿 1082 次、不适用 389 次
  I-3.8：判绿 1472 次、不适用 0 次
  I-3.9：判绿 1083 次、不适用 389 次
  I-3.10：判绿 1432 次、不适用 40 次
  I-3.11：判绿 1083 次、不适用 389 次
  I-4.2：判绿 1472 次、不适用 0 次
  I-4.8：判绿 1472 次、不适用 0 次
  I-5.1：判绿 1472 次、不适用 0 次
  I-5.2：判绿 1083 次、不适用 389 次
  I-5.4：判绿 1083 次、不适用 389 次
  I-7.1：判绿 1472 次、不适用 0 次
  I-7.2：判绿 1472 次、不适用 0 次
  I-7.3：判绿 1472 次、不适用 0 次
  I-7.4：判绿 1472 次、不适用 0 次
  I-7.6：判绿 1472 次、不适用 0 次
  I-7.7：判绿 1472 次、不适用 0 次
  I-7.8：判绿 1472 次、不适用 0 次
  I-7.9：判绿 192 次、不适用 1280 次
  I-7.10：判绿 1472 次、不适用 0 次
  I-7.11：判绿 1472 次、不适用 0 次
  I-8.6：判绿 1445 次、不适用 27 次
  I-8.7：判绿 881 次、不适用 591 次
  I-8.8：判绿 0 次、不适用 1472 次
  I-8.9：判绿 1445 次、不适用 27 次
  I-9.1：判绿 1083 次、不适用 389 次
  I-9.2：判绿 1083 次、不适用 389 次
  I-9.4：判绿 1083 次、不适用 389 次
  I-9.6：判绿 1083 次、不适用 389 次
  I-9.7：判绿 1083 次、不适用 389 次
  I-9.10：判绿 1083 次、不适用 389 次
  I-9.12：判绿 1083 次、不适用 389 次
  I-9.13：判绿 1083 次、不适用 389 次
  I-9.14：判绿 839 次、不适用 633 次
  I-9.15：判绿 1083 次、不适用 389 次
已知红第 0 条（增补 2 收口表第 43 行）：1 段；前几个种子 [(5100000089, Operation(27))]
新发现 ModelDisagreement { aspect: "写的实例表行" }：第一个种子 5100000000（同签名的种子 [5100000000, 5100000001, 5100000002, 5100000003, 5100000004, 5100000005, 5100000008, 5100000009, 5100000010, 5100000011, 5100000012, 5100000013, 5100000014, 5100000015, 5100000016, 5100000017, 5100000018, 5100000019, 5100000020, 5100000021, 5100000022, 5100000023, 5100000024, 5100000025, 5100000026, 5100000027, 5100000028, 5100000029, 5100000030, 5100000031, 5100000033, 5100000034, 5100000035, 5100000036, 5100000037, 5100000038, 5100000039, 5100000040, 5100000041, 5100000042, 5100000043, 5100000044, 5100000045, 5100000046, 5100000047, 5100000048, 5100000049, 5100000050, 5100000051, 5100000052, 5100000053, 5100000054, 5100000055, 5100000056, 5100000057, 5100000058, 5100000059, 5100000060, 5100000061, 5100000062, 5100000063, 5100000064, 5100000065, 5100000066, 5100000067, 5100000068, 5100000069, 5100000070, 5100000071, 5100000072, 5100000073, 5100000074, 5100000075, 5100000076, 5100000077, 5100000078, 5100000079, 5100000080, 5100000082, 5100000083, 5100000084, 5100000085, 5100000087, 5100000088, 5100000090, 5100000091, 5100000092, 5100000093, 5100000094, 5100000095, 5100000096, 5100000098, 5100000099, 5100000100, 5100000101, 5100000103, 5100000104, 5100000105, 5100000107, 5100000108, 5100000109, 5100000112, 5100000113, 5100000114, 5100000115, 5100000116, 5100000117, 5100000118, 5100000119, 5100000120, 5100000121, 5100000122, 5100000123, 5100000125, 5100000126, 5100000127, 5100000128, 5100000129, 5100000130, 5100000131, 5100000132, 5100000133, 5100000135, 5100000136, 5100000137, 5100000138, 5100000139, 5100000140, 5100000141, 5100000142, 5100000143, 5100000144, 5100000145, 5100000146, 5100000147, 5100000148, 5100000149, 5100000150, 5100000151, 5100000152, 5100000153, 5100000154, 5100000155, 5100000157, 5100000158, 5100000159, 5100000160, 5100000161, 5100000162, 5100000163, 5100000164, 5100000165, 5100000166, 5100000167, 5100000168, 5100000169, 5100000170, 5100000172, 5100000173, 5100000174, 5100000175, 5100000176, 5100000177, 5100000178, 5100000179, 5100000180, 5100000181, 5100000182, 5100000183, 5100000184, 5100000185, 5100000186, 5100000187, 5100000188, 5100000190, 5100000191, 5100000192, 5100000193, 5100000194, 5100000195, 5100000196, 5100000197, 5100000198, 5100000199, 5100000200, 5100000201, 5100000202, 5100000203, 5100000204, 5100000205, 5100000206, 5100000208, 5100000209, 5100000210, 5100000211, 5100000212, 5100000213, 5100000214, 5100000215, 5100000216, 5100000217, 5100000218, 5100000219, 5100000220, 5100000221, 5100000222, 5100000223, 5100000224, 5100000225, 5100000226, 5100000227, 5100000229, 5100000230, 5100000231, 5100000232, 5100000233, 5100000234, 5100000235, 5100000236, 5100000237, 5100000238, 5100000239, 5100000241, 5100000242, 5100000243, 5100000244, 5100000245, 5100000246, 5100000247, 5100000248, 5100000249, 5100000250, 5100000251, 5100000252, 5100000253, 5100000254, 5100000255]），在 Operation(2)（Some(CloseAndMountRollback)）之后
  模型对不上（写的实例表行）：模型答 写行 [ModelInstanceRow { instance: ModelInstanceGeneration(1), selected_root_txg: ModelCheckpointTxg(0), applied_transaction_high_water: 0, is_rollback: false }]；实现 写行 [ModelInstanceRow { instance: ModelInstanceGeneration(0), selected_root_txg: ModelCheckpointTxg(0), applied_transaction_high_water: 0, is_rollback: true }, ModelInstanceRow { instance: ModelInstanceGeneration(1), selected_root_txg: ModelCheckpointTxg(0), applied_transaction_high_water: 0, is_rollback: false }]
  没收缩（这一档只报种子）：SINGLEFS_RANDOM_HISTORY_SHRINK_SEED=5100000000 跑「收缩一个种子」那条 #[ignore] 用例，或跑大档

test s1_campaign ... ok

test result: ok. 1 passed; 0 failed; 0 ignored; 0 measured; 3 filtered out; finished in 3.01s

