S1CAMPAIGN weights=Some("broad") width=UnitAreaOf384Slots admission=SkippedByTheTestOnlySwitch first_seed=5100000000 seeds=256 ops=40 new_findings=2 known_red=10
种子 [5100000000, 5100000256)，每段 40 步，比重：各类操作都抽（快档、大档）；每一步之后跑池级 checker；两块单元区 384 槽的小盘（journal 环 128 MiB）；空间准入关掉（只供测试的开关，space_admission=skipped）
历史 256 段：跑完 239、以已知红收尾 {0: 10}、新发现 7；根环转过一圈的 239 段；最高 txg 58；一版里最多 636 条分配记录
  操作 PublishFirstFile：Ok 168、Err 269、前提不满足没调 46
  操作 PublishOverwrite：Ok 2867、Err 508、前提不满足没调 1516
  操作 PublishWithoutUnits：Ok 74、Err 0、前提不满足没调 170
  操作 CloseAndMountWritable：Ok 1451、Err 0、前提不满足没调 0
  操作 CloseAndMountRollback：Ok 732、Err 324、前提不满足没调 0
  操作 RaiseRollbackFloor：Ok 369、Err 662、前提不满足没调 428
  操作 ColdStartRecover：Ok 418、Err 0、前提不满足没调 0
  内容长度 0 字节：入口被调 374 次、发成 353 次
  内容长度 [1, 载荷容量 − 2]：入口被调 2251 次、发成 2108 次
  内容长度 数据单元整宽 32768（装不下）：入口被调 301 次、发成 0 次
  内容长度 载荷容量：入口被调 308 次、发成 287 次
  内容长度 载荷容量 + 1（装不下）：入口被调 268 次、发成 0 次
  内容长度 载荷容量 − 1：入口被调 310 次、发成 287 次
  Err 成员 MountError::RollbackFloorAboveCeiling：662 次
  Err 成员 MountError::RollbackTargetNotACandidate(BelowEffectiveFloor)：12 次
  Err 成员 MountError::RollbackTargetNotACandidate(NotInRing)：206 次
  Err 成员 MountError::RollbackTargetNotACandidate(OnAbandonedTimeline)：106 次
  Err 成员 PublishError::ContentExceedsDataUnit：531 次
  Err 成员 PublishError::FirstFileVersionOnAVersionThatAlreadyHasAFile：246 次
  前提不满足（没有可写会话）：875 次
  前提不满足（现行版本带文件）：148 次
  前提不满足（现行版本树表 0 条）：1137 次
  冷启动结局 FileRead：319 次
  冷启动结局 NoFile：99 次
  一次挂载里最多写出 21 条根；一段历史里最多挂载成功 16 次、最多试挂载 17 次
  抬 F 回收到落点 183 次、共回收 7538 个落点；复用已释放的记录 18728 条（其中跨度变了 3094 条）；已释放的记录被罩住起点 1188 条、被删 1202 条
  挂载写出的发布比过分配记录 3740 次；挂载之前生效根的分配记录读不出、没比的挂载 0 次
  checker 跑了 5917 次；一个写都没发、沿用上一次结论的 4341 步
  模型对拍 7967 步：该拒而拒 1763、区间里拒 0、该成而成 6197；比过根 9509 条、分配记录 137954 条、冷启动内容 319 次、抬 F 上限 1031 次；回退到 txg = F_生效 > 0 的根做成 3 次；单元区墙按区间放行 0 次
  I-1.1：判绿 5917 次、不适用 0 次
  I-1.2：判绿 5917 次、不适用 0 次
  I-1.3：判绿 5917 次、不适用 0 次
  I-1.4：判绿 5917 次、不适用 0 次
  I-1.6：判绿 5917 次、不适用 0 次
  I-1.7：判绿 5917 次、不适用 0 次
  I-1.8：判绿 5917 次、不适用 0 次
  I-1.10：判绿 5613 次、不适用 304 次
  I-2.1：判绿 5917 次、不适用 0 次
  I-2.3：判绿 5917 次、不适用 0 次
  I-2.4：判绿 5917 次、不适用 0 次
  I-2.5：判绿 5917 次、不适用 0 次
  I-3.1：判绿 5052 次、不适用 855 次
  I-3.8：判绿 5917 次、不适用 0 次
  I-3.9：判绿 5062 次、不适用 855 次
  I-3.10：判绿 5613 次、不适用 304 次
  I-3.11：判绿 5062 次、不适用 855 次
  I-4.2：判绿 5917 次、不适用 0 次
  I-4.8：判绿 5917 次、不适用 0 次
  I-5.1：判绿 5917 次、不适用 0 次
  I-5.2：判绿 5062 次、不适用 855 次
  I-5.4：判绿 5062 次、不适用 855 次
  I-7.1：判绿 5917 次、不适用 0 次
  I-7.2：判绿 5917 次、不适用 0 次
  I-7.3：判绿 5917 次、不适用 0 次
  I-7.4：判绿 5917 次、不适用 0 次
  I-7.6：判绿 5917 次、不适用 0 次
  I-7.7：判绿 5917 次、不适用 0 次
  I-7.8：判绿 5917 次、不适用 0 次
  I-7.9：判绿 1807 次、不适用 4110 次
  I-7.10：判绿 5917 次、不适用 0 次
  I-7.11：判绿 5917 次、不适用 0 次
  I-8.6：判绿 5786 次、不适用 131 次
  I-8.7：判绿 4703 次、不适用 1214 次
  I-8.8：判绿 0 次、不适用 5917 次
  I-8.9：判绿 5786 次、不适用 131 次
  I-9.1：判绿 5062 次、不适用 855 次
  I-9.2：判绿 5062 次、不适用 855 次
  I-9.4：判绿 5062 次、不适用 855 次
  I-9.6：判绿 5062 次、不适用 855 次
  I-9.7：判绿 5062 次、不适用 855 次
  I-9.10：判绿 5062 次、不适用 855 次
  I-9.12：判绿 5062 次、不适用 855 次
  I-9.13：判绿 5062 次、不适用 855 次
  I-9.14：判绿 4769 次、不适用 1148 次
  I-9.15：判绿 5062 次、不适用 855 次
已知红第 0 条（增补 2 收口表第 43 行）：10 段；前几个种子 [(5100000026, Operation(24)), (5100000071, Operation(25)), (5100000075, Operation(21)), (5100000097, Operation(20)), (5100000129, Operation(34)), (5100000171, Operation(33)), (5100000184, Operation(12)), (5100000193, Operation(23))]
新发现 ModelDisagreement { aspect: "写出的根的条数" }：第一个种子 5100000006（同签名的种子 [5100000006, 5100000108, 5100000169, 5100000173, 5100000224]），在 Operation(31)（Some(CloseAndMountRollback)）之后
  模型对不上（写出的根的条数）：模型答 写出 2 条根：[ModelRootKey { checkpoint_txg: ModelCheckpointTxg(24), instance: ModelInstanceGeneration(9) }, ModelRootKey { checkpoint_txg: ModelCheckpointTxg(25), instance: ModelInstanceGeneration(9) }]；实现 写出 3 条根：[ModelRootKey { checkpoint_txg: ModelCheckpointTxg(26), instance: ModelInstanceGeneration(9) }, ModelRootKey { checkpoint_txg: ModelCheckpointTxg(27), instance: ModelInstanceGeneration(9) }, ModelRootKey { checkpoint_txg: ModelCheckpointTxg(28), instance: ModelInstanceGeneration(9) }]
  没收缩（这一档只报种子）：SINGLEFS_RANDOM_HISTORY_SHRINK_SEED=5100000006 跑「收缩一个种子」那条 #[ignore] 用例，或跑大档
新发现 ModelDisagreement { aspect: "根的 (txg, 实例)" }：第一个种子 5100000157（同签名的种子 [5100000157, 5100000233]），在 Operation(27)（Some(CloseAndMountRollback)）之后
  模型对不上（根的 (txg, 实例)）：模型答 ModelRootKey { checkpoint_txg: ModelCheckpointTxg(35), instance: ModelInstanceGeneration(10) }；实现 ModelRootKey { checkpoint_txg: ModelCheckpointTxg(38), instance: ModelInstanceGeneration(10) }
  没收缩（这一档只报种子）：SINGLEFS_RANDOM_HISTORY_SHRINK_SEED=5100000157 跑「收缩一个种子」那条 #[ignore] 用例，或跑大档

test s1_campaign ... ok

test result: ok. 1 passed; 0 failed; 0 ignored; 0 measured; 3 filtered out; finished in 25.29s

