S1CAMPAIGN weights=Some("rollback") width=UnitAreaOf384Slots admission=SkippedByTheTestOnlySwitch first_seed=5100000000 seeds=256 ops=40 new_findings=0 known_red=2
种子 [5100000000, 5100000256)，每段 40 步，比重：偏向抬 F 之后回退（B2 那一格的取样点）；每一步之后跑池级 checker；两块单元区 384 槽的小盘（journal 环 128 MiB）；空间准入关掉（只供测试的开关，space_admission=skipped）
历史 256 段：跑完 254、以已知红收尾 {0: 2}、新发现 0；根环转过一圈的 246 段；最高 txg 61；一版里最多 482 条分配记录
  操作 PublishFirstFile：Ok 99、Err 31、前提不满足没调 15
  操作 PublishOverwrite：Ok 723、Err 104、前提不满足没调 3153
  操作 PublishWithoutUnits：Ok 60、Err 0、前提不满足没调 40
  操作 CloseAndMountWritable：Ok 759、Err 0、前提不满足没调 0
  操作 CloseAndMountRollback：Ok 1978、Err 637、前提不满足没调 0
  操作 RaiseRollbackFloor：Ok 130、Err 389、前提不满足没调 1975
  操作 ColdStartRecover：Ok 113、Err 0、前提不满足没调 0
  内容长度 0 字节：入口被调 96 次、发成 95 次
  内容长度 [1, 载荷容量 − 2]：入口被调 587 次、发成 574 次
  内容长度 数据单元整宽 32768（装不下）：入口被调 57 次、发成 0 次
  内容长度 载荷容量：入口被调 86 次、发成 86 次
  内容长度 载荷容量 + 1（装不下）：入口被调 61 次、发成 0 次
  内容长度 载荷容量 − 1：入口被调 70 次、发成 67 次
  Err 成员 MountError::RollbackFloorAboveCeiling：389 次
  Err 成员 MountError::RollbackTargetNotACandidate(BelowEffectiveFloor)：6 次
  Err 成员 MountError::RollbackTargetNotACandidate(NotInRing)：241 次
  Err 成员 MountError::RollbackTargetNotACandidate(OnAbandonedTimeline)：390 次
  Err 成员 PublishError::ContentExceedsDataUnit：115 次
  Err 成员 PublishError::FirstFileVersionOnAVersionThatAlreadyHasAFile：20 次
  前提不满足（没有可写会话）：1083 次
  前提不满足（现行版本带文件）：23 次
  前提不满足（现行版本树表 0 条）：4077 次
  冷启动结局 FileRead：21 次
  冷启动结局 NoFile：92 次
  一次挂载里最多写出 15 条根；一段历史里最多挂载成功 20 次、最多试挂载 21 次
  抬 F 回收到落点 34 次、共回收 774 个落点；复用已释放的记录 1496 条（其中跨度变了 250 条）；已释放的记录被罩住起点 64 条、被删 68 条
  挂载写出的发布比过分配记录 989 次；挂载之前生效根的分配记录读不出、没比的挂载 0 次
  checker 跑了 4005 次；一个写都没发、沿用上一次结论的 6457 步
  模型对拍 5252 步：该拒而拒 1161、区间里拒 0、该成而成 4091；比过根 8990 条、分配记录 40702 条、冷启动内容 21 次、抬 F 上限 519 次；回退到 txg = F_生效 > 0 的根做成 48 次；单元区墙按区间放行 0 次
  I-1.1：判绿 4005 次、不适用 0 次
  I-1.2：判绿 4005 次、不适用 0 次
  I-1.3：判绿 4005 次、不适用 0 次
  I-1.4：判绿 4005 次、不适用 0 次
  I-1.6：判绿 4005 次、不适用 0 次
  I-1.7：判绿 4005 次、不适用 0 次
  I-1.8：判绿 4005 次、不适用 0 次
  I-1.10：判绿 3951 次、不适用 54 次
  I-2.1：判绿 4005 次、不适用 0 次
  I-2.3：判绿 4005 次、不适用 0 次
  I-2.4：判绿 4005 次、不适用 0 次
  I-2.5：判绿 4005 次、不适用 0 次
  I-3.1：判绿 1591 次、不适用 2412 次
  I-3.8：判绿 4005 次、不适用 0 次
  I-3.9：判绿 1593 次、不适用 2412 次
  I-3.10：判绿 3951 次、不适用 54 次
  I-3.11：判绿 1593 次、不适用 2412 次
  I-4.2：判绿 4005 次、不适用 0 次
  I-4.8：判绿 4005 次、不适用 0 次
  I-5.1：判绿 4005 次、不适用 0 次
  I-5.2：判绿 1593 次、不适用 2412 次
  I-5.4：判绿 1593 次、不适用 2412 次
  I-7.1：判绿 4005 次、不适用 0 次
  I-7.2：判绿 4005 次、不适用 0 次
  I-7.3：判绿 4005 次、不适用 0 次
  I-7.4：判绿 4005 次、不适用 0 次
  I-7.6：判绿 4005 次、不适用 0 次
  I-7.7：判绿 4005 次、不适用 0 次
  I-7.8：判绿 4005 次、不适用 0 次
  I-7.9：判绿 386 次、不适用 3619 次
  I-7.10：判绿 4005 次、不适用 0 次
  I-7.11：判绿 4005 次、不适用 0 次
  I-8.6：判绿 3978 次、不适用 27 次
  I-8.7：判绿 2318 次、不适用 1687 次
  I-8.8：判绿 0 次、不适用 4005 次
  I-8.9：判绿 3978 次、不适用 27 次
  I-9.1：判绿 1593 次、不适用 2412 次
  I-9.2：判绿 1593 次、不适用 2412 次
  I-9.4：判绿 1593 次、不适用 2412 次
  I-9.6：判绿 1593 次、不适用 2412 次
  I-9.7：判绿 1593 次、不适用 2412 次
  I-9.10：判绿 1593 次、不适用 2412 次
  I-9.12：判绿 1593 次、不适用 2412 次
  I-9.13：判绿 1593 次、不适用 2412 次
  I-9.14：判绿 1265 次、不适用 2740 次
  I-9.15：判绿 1593 次、不适用 2412 次
已知红第 0 条（增补 2 收口表第 43 行）：2 段；前几个种子 [(5100000089, Operation(27)), (5100000212, Operation(17))]

test s1_campaign ... ok

test result: ok. 1 passed; 0 failed; 0 ignored; 0 measured; 3 filtered out; finished in 8.31s

