S1CAMPAIGN weights=Some("rollback") width=UnitAreaOf384Slots admission=SkippedByTheTestOnlySwitch first_seed=5100000000 seeds=256 ops=40 new_findings=2 known_red=2
种子 [5100000000, 5100000256)，每段 40 步，比重：偏向抬 F 之后回退（B2 那一格的取样点）；每一步之后跑池级 checker；两块单元区 384 槽的小盘（journal 环 128 MiB）；空间准入关掉（只供测试的开关，space_admission=skipped）
历史 256 段：跑完 131、以已知红收尾 {0: 2}、新发现 123；根环转过一圈的 246 段；最高 txg 58；一版里最多 482 条分配记录
  操作 PublishFirstFile：Ok 80、Err 28、前提不满足没调 11
  操作 PublishOverwrite：Ok 663、Err 97、前提不满足没调 2527
  操作 PublishWithoutUnits：Ok 37、Err 0、前提不满足没调 36
  操作 CloseAndMountWritable：Ok 624、Err 0、前提不满足没调 0
  操作 CloseAndMountRollback：Ok 1639、Err 527、前提不满足没调 0
  操作 RaiseRollbackFloor：Ok 100、Err 370、前提不满足没调 1593
  操作 ColdStartRecover：Ok 89、Err 0、前提不满足没调 0
  内容长度 0 字节：入口被调 87 次、发成 86 次
  内容长度 [1, 载荷容量 − 2]：入口被调 531 次、发成 518 次
  内容长度 数据单元整宽 32768（装不下）：入口被调 51 次、发成 0 次
  内容长度 载荷容量：入口被调 76 次、发成 76 次
  内容长度 载荷容量 + 1（装不下）：入口被调 57 次、发成 0 次
  内容长度 载荷容量 − 1：入口被调 66 次、发成 63 次
  Err 成员 MountError::RollbackFloorAboveCeiling：370 次
  Err 成员 MountError::RollbackTargetNotACandidate(BelowEffectiveFloor)：6 次
  Err 成员 MountError::RollbackTargetNotACandidate(NotInRing)：202 次
  Err 成员 MountError::RollbackTargetNotACandidate(OnAbandonedTimeline)：319 次
  Err 成员 PublishError::ContentExceedsDataUnit：105 次
  Err 成员 PublishError::FirstFileVersionOnAVersionThatAlreadyHasAFile：20 次
  前提不满足（没有可写会话）：914 次
  前提不满足（现行版本带文件）：20 次
  前提不满足（现行版本树表 0 条）：3233 次
  冷启动结局 FileRead：18 次
  冷启动结局 NoFile：71 次
  一次挂载里最多写出 15 条根；一段历史里最多挂载成功 19 次、最多试挂载 20 次
  抬 F 回收到落点 32 次、共回收 755 个落点；复用已释放的记录 1178 条（其中跨度变了 206 条）；已释放的记录被罩住起点 56 条、被删 60 条
  挂载写出的发布比过分配记录 869 次；挂载之前生效根的分配记录读不出、没比的挂载 0 次
  checker 跑了 3399 次；一个写都没发、沿用上一次结论的 5278 步
  模型对拍 4483 步：该拒而拒 1022、区间里拒 0、该成而成 3338；比过根 7077 条、分配记录 35490 条、冷启动内容 18 次、抬 F 上限 470 次；回退到 txg = F_生效 > 0 的根做成 39 次；单元区墙按区间放行 0 次
  I-1.1：判绿 3399 次、不适用 0 次
  I-1.2：判绿 3399 次、不适用 0 次
  I-1.3：判绿 3399 次、不适用 0 次
  I-1.4：判绿 3399 次、不适用 0 次
  I-1.6：判绿 3399 次、不适用 0 次
  I-1.7：判绿 3399 次、不适用 0 次
  I-1.8：判绿 3399 次、不适用 0 次
  I-1.10：判绿 3345 次、不适用 54 次
  I-2.1：判绿 3399 次、不适用 0 次
  I-2.3：判绿 3399 次、不适用 0 次
  I-2.4：判绿 3399 次、不适用 0 次
  I-2.5：判绿 3399 次、不适用 0 次
  I-3.1：判绿 1433 次、不适用 1964 次
  I-3.8：判绿 3399 次、不适用 0 次
  I-3.9：判绿 1435 次、不适用 1964 次
  I-3.10：判绿 3345 次、不适用 54 次
  I-3.11：判绿 1435 次、不适用 1964 次
  I-4.2：判绿 3399 次、不适用 0 次
  I-4.8：判绿 3399 次、不适用 0 次
  I-5.1：判绿 3399 次、不适用 0 次
  I-5.2：判绿 1435 次、不适用 1964 次
  I-5.4：判绿 1435 次、不适用 1964 次
  I-7.1：判绿 3399 次、不适用 0 次
  I-7.2：判绿 3399 次、不适用 0 次
  I-7.3：判绿 3399 次、不适用 0 次
  I-7.4：判绿 3399 次、不适用 0 次
  I-7.6：判绿 3399 次、不适用 0 次
  I-7.7：判绿 3399 次、不适用 0 次
  I-7.8：判绿 3399 次、不适用 0 次
  I-7.9：判绿 275 次、不适用 3121 次
  I-7.10：判绿 3399 次、不适用 0 次
  I-7.11：判绿 3399 次、不适用 0 次
  I-8.6：判绿 3372 次、不适用 27 次
  I-8.7：判绿 1927 次、不适用 1472 次
  I-8.8：判绿 0 次、不适用 3399 次
  I-8.9：判绿 3372 次、不适用 27 次
  I-9.1：判绿 1435 次、不适用 1964 次
  I-9.2：判绿 1435 次、不适用 1964 次
  I-9.4：判绿 1435 次、不适用 1964 次
  I-9.6：判绿 1435 次、不适用 1964 次
  I-9.7：判绿 1435 次、不适用 1964 次
  I-9.10：判绿 1435 次、不适用 1964 次
  I-9.12：判绿 1435 次、不适用 1964 次
  I-9.13：判绿 1435 次、不适用 1964 次
  I-9.14：判绿 1126 次、不适用 2273 次
  I-9.15：判绿 1435 次、不适用 1964 次
已知红第 0 条（增补 2 收口表第 43 行）：2 段；前几个种子 [(5100000089, Operation(27)), (5100000212, Operation(17))]
新发现 ModelDisagreement { aspect: "写出的根的条数" }：第一个种子 5100000000（同签名的种子 [5100000000, 5100000001, 5100000003, 5100000004, 5100000008, 5100000009, 5100000010, 5100000012, 5100000014, 5100000015, 5100000016, 5100000019, 5100000026, 5100000029, 5100000030, 5100000031, 5100000036, 5100000040, 5100000042, 5100000044, 5100000046, 5100000050, 5100000051, 5100000053, 5100000054, 5100000056, 5100000058, 5100000059, 5100000060, 5100000066, 5100000070, 5100000072, 5100000073, 5100000074, 5100000075, 5100000077, 5100000080, 5100000083, 5100000087, 5100000088, 5100000092, 5100000093, 5100000096, 5100000098, 5100000101, 5100000103, 5100000107, 5100000108, 5100000110, 5100000112, 5100000114, 5100000118, 5100000119, 5100000120, 5100000121, 5100000122, 5100000124, 5100000126, 5100000129, 5100000130, 5100000131, 5100000137, 5100000145, 5100000151, 5100000153, 5100000154, 5100000156, 5100000157, 5100000161, 5100000162, 5100000163, 5100000165, 5100000166, 5100000169, 5100000172, 5100000173, 5100000174, 5100000176, 5100000177, 5100000179, 5100000181, 5100000182, 5100000183, 5100000186, 5100000191, 5100000195, 5100000196, 5100000197, 5100000199, 5100000200, 5100000202, 5100000203, 5100000204, 5100000208, 5100000210, 5100000211, 5100000217, 5100000218, 5100000220, 5100000221, 5100000222, 5100000225, 5100000226, 5100000227, 5100000229, 5100000231, 5100000236, 5100000241, 5100000244, 5100000249, 5100000252, 5100000253, 5100000254]），在 Operation(20)（Some(CloseAndMountRollback)）之后
  模型对不上（写出的根的条数）：模型答 写出 3 条根：[ModelRootKey { checkpoint_txg: ModelCheckpointTxg(23), instance: ModelInstanceGeneration(9) }, ModelRootKey { checkpoint_txg: ModelCheckpointTxg(24), instance: ModelInstanceGeneration(9) }, ModelRootKey { checkpoint_txg: ModelCheckpointTxg(25), instance: ModelInstanceGeneration(9) }]；实现 写出 2 条根：[ModelRootKey { checkpoint_txg: ModelCheckpointTxg(25), instance: ModelInstanceGeneration(9) }, ModelRootKey { checkpoint_txg: ModelCheckpointTxg(26), instance: ModelInstanceGeneration(9) }]
  没收缩（这一档只报种子）：SINGLEFS_RANDOM_HISTORY_SHRINK_SEED=5100000000 跑「收缩一个种子」那条 #[ignore] 用例，或跑大档
新发现 ModelDisagreement { aspect: "根的 (txg, 实例)" }：第一个种子 5100000002（同签名的种子 [5100000002, 5100000095, 5100000115, 5100000134, 5100000149, 5100000206, 5100000228, 5100000232, 5100000240, 5100000247]），在 Operation(21)（Some(CloseAndMountRollback)）之后
  模型对不上（根的 (txg, 实例)）：模型答 ModelRootKey { checkpoint_txg: ModelCheckpointTxg(24), instance: ModelInstanceGeneration(9) }；实现 ModelRootKey { checkpoint_txg: ModelCheckpointTxg(25), instance: ModelInstanceGeneration(9) }
  没收缩（这一档只报种子）：SINGLEFS_RANDOM_HISTORY_SHRINK_SEED=5100000002 跑「收缩一个种子」那条 #[ignore] 用例，或跑大档

test s1_campaign ... ok

test result: ok. 1 passed; 0 failed; 0 ignored; 0 measured; 3 filtered out; finished in 6.89s

