# c143r3_debug.py output
## d1 CK: first f5 script valid for C and invalid for CK
arm=C kw={} script=[rb(1,none,0) u(1) crash mount(r4) u(1)] failed_at=None fs=4 fr=4 violations=[((12, 2, 6), [2, 3], True)]
    txg1 i1 c1 root->disk1 wm=
    txg2 i1 c2 root->disk0 wm=
    txg3 i1 c3 root->disk0 creates (12,1,bg3) wm=12:2
    ROLLBACK u=none: R_old=txg3 i1; readable ring max txg3; k_bad=20; first new root txg4 i2; records from c4; wm=12:2
    txg4 i2 c4 root->disk1 wm=12:2
    txg5 i2 c5 root->disk0 wm=12:2
    txg6 i2 c6 root->disk0 creates (12,2,bg6) wm=12:3
    CRASH (nothing in flight)
    MOUNT u=r4: selects txg2 i1, replays to txg3 (prefix end c3), new i3 from txg4, wm=12:2
    txg4 i3 c4 root->disk1 wm=12:2
    txg5 i3 c5 root->disk0 wm=12:2
    txg6 i3 c6 root->disk0 creates (12,2,bg6) wm=12:3
    ring=(0, 0):txg0/i0 (0, 1):txg3/i1/h12 (0, 2):txg6/i3/h12 (1, 0):txg1/i1 (1, 1):txg4/i3/h12 (2, 0):txg2/i1 (2, 1):txg5/i3/h12
arm=CK kw={} script=[rb(1,none,0) u(1) crash mount(r4) u(1)] failed_at=('mount', (None, 4, 0, (), ())) fs=4 fr=4 violations=None
    txg1 i1 c1 root->disk1 wm=
    txg2 i1 c2 root->disk0 wm=
    txg3 i1 c3 root->disk0 creates (12,1,bg3) wm=12:2
    ROLLBACK u=none: R_old=txg3 i1; readable ring max txg3; k_bad=20; first new root txg24 i2; records from c4; wm=12:2
    txg24 i2 c4 root->disk0 wm=12:2
    txg25 i2 c5 root->disk1 wm=12:2
    txg26 i2 c6 root->disk0 creates (12,2,bg26) wm=12:3
    CRASH (nothing in flight)
    ring=(0, 0):txg24/i2/h12 (0, 1):txg3/i1/h12 (1, 0):txg25/i2/h12 (2, 0):txg26/i2/h12
## d2 CJ2: first f12a (prefix end = R_old's) script valid for C and invalid for CJ2
arm=C kw={'rbp': 'rold'} script=[p(1) rbxk(1,none) mount(none) rb(1,d1+r2,0) u(2)] failed_at=None fs=3 fr=3 violations=[]
    txg4 i1 c4 root->disk1 creates (12,2,bg4) wm=12:3
    ROLLBACK ATTEMPT u=none: R_old=txg4 i1; readable ring max txg4; k_bad=19; first new root txg5 i2; records from c5; wm=12:3
    txg5 i2: record c5 durable, CRASH before root
    MOUNT u=none: selects txg4 i1, replays to txg4 (prefix end c4), new i3 from txg5, wm=12:3
    txg5 i3 c5 root->disk0 wm=12:3
    txg6 i3 c6 root->disk0 wm=12:3
    txg7 i3 c7 root->disk1 wm=12:3
    ROLLBACK u=d1+r2: R_old=txg3 i1; readable ring max txg3; k_bad=21; first new root txg4 i4; records from c4; wm=12:2
    txg4 i4 c4 root->disk1 wm=12:2
    txg5 i4 c5 root->disk0 wm=12:2
    txg6 i4 c6 root->disk0 creates (12,2,bg6) wm=12:3
    txg7 i4 c7 root->disk1 creates (12,3,bg7) wm=12:4
    ring=(0, 0):txg0/i0 (0, 1):txg3/i1/h12 (0, 2):txg6/i4/h12 (1, 0):txg1/i1 (1, 1):txg4/i4/h12 (1, 2):txg7/i4/h12 (2, 0):txg2/i1 (2, 1):txg5/i4/h12
arm=CJ2 kw={'rbp': 'rold'} script=[p(1) rbxk(1,none) mount(none) rb(1,d1+r2,0) u(2)] failed_at=('rb', 1, (1, 2, 0, (), ()), 0) fs=3 fr=3 violations=None
    txg1 i1 c1 root->disk1 wm=
    txg2 i1 c2 root->disk0 wm=
    txg3 i1 c3 root->disk0 creates (12,1,bg3) wm=12:2
    txg4 i1 c4 root->disk1 creates (12,2,bg4) wm=12:3
    ROLLBACK ATTEMPT u=none: R_old=txg4 i1; readable ring max txg4; k_bad=19; first new root txg5 i2; records from c5; wm=12:3
    txg5 i2: record c5 durable, CRASH before root
    MOUNT u=none: selects txg4 i1, replays to txg4 (prefix end c4), new i3 from txg6, wm=12:3
    txg6 i3 c5 root->disk0 wm=12:3
    txg7 i3 c6 root->disk1 wm=12:3
    ring=(0, 0):txg0/i0 (0, 1):txg3/i1/h12 (0, 2):txg6/i3/h12 (1, 0):txg1/i1 (1, 1):txg4/i1/h12 (1, 2):txg7/i3/h12 (2, 0):txg2/i1
## d3 CR2 after a rollback with a jump: the jump leaves a txg gap, 4 root slots hide it
arm=C kw={} script=[rb(1,none,0) u(1) crash mount(r4) u(1)] failed_at=None fs=4 fr=4 violations=[((12, 2, 6), [2, 3], True)]
    txg1 i1 c1 root->disk1 wm=
    txg2 i1 c2 root->disk0 wm=
    txg3 i1 c3 root->disk0 creates (12,1,bg3) wm=12:2
    ROLLBACK u=none: R_old=txg3 i1; readable ring max txg3; k_bad=20; first new root txg4 i2; records from c4; wm=12:2
    txg4 i2 c4 root->disk1 wm=12:2
    txg5 i2 c5 root->disk0 wm=12:2
    txg6 i2 c6 root->disk0 creates (12,2,bg6) wm=12:3
    CRASH (nothing in flight)
    MOUNT u=r4: selects txg2 i1, replays to txg3 (prefix end c3), new i3 from txg4, wm=12:2
    txg4 i3 c4 root->disk1 wm=12:2
    txg5 i3 c5 root->disk0 wm=12:2
    txg6 i3 c6 root->disk0 creates (12,2,bg6) wm=12:3
    ring=(0, 0):txg0/i0 (0, 1):txg3/i1/h12 (0, 2):txg6/i3/h12 (1, 0):txg1/i1 (1, 1):txg4/i3/h12 (2, 0):txg2/i1 (2, 1):txg5/i3/h12
arm=CR kw={} script=[rb(1,none,0) u(1) crash mount(r4) u(1)] failed_at=None fs=4 fr=4 violations=[]
    txg1 i1 c1 root->disk1 wm=
    txg2 i1 c2 root->disk0 wm=
    txg3 i1 c3 root->disk0 creates (12,1,bg3) wm=12:2
    ROLLBACK u=none: R_old=txg3 i1; readable ring max txg3; k_bad=20; first new root txg28 i2; records from c4; wm=12:2
    txg28 i2 c4 root->disk1 wm=12:2
    txg29 i2 c5 root->disk0 wm=12:2
    txg30 i2 c6 root->disk0 creates (12,2,bg30) wm=12:3
    CRASH (nothing in flight)
    MOUNT u=r4: selects txg2 i1, replays to txg3 (prefix end c3), new i3 from txg4, wm=12:2
    txg4 i3 c4 root->disk1 wm=12:2
    txg5 i3 c5 root->disk0 wm=12:2
    txg6 i3 c6 root->disk0 creates (12,2,bg6) wm=12:3
    ring=(0, 0):txg0/i0 (0, 1):txg3/i1/h12 (0, 2):txg6/i3/h12 (1, 0):txg1/i1 (1, 1):txg4/i3/h12 (2, 0):txg2/i1 (2, 1):txg5/i3/h12
arm=CR2 kw={} script=[rb(1,none,0) u(1) crash mount(r4) u(1)] failed_at=None fs=4 fr=4 violations=[((12, 2, 30), [2, 3], True)]
    txg1 i1 c1 root->disk1 wm=
    txg2 i1 c2 root->disk0 wm=
    txg3 i1 c3 root->disk0 creates (12,1,bg3) wm=12:2
    ROLLBACK u=none: R_old=txg3 i1; readable ring max txg3; k_bad=20; first new root txg28 i2; records from c4; wm=12:2
    txg28 i2 c4 root->disk1 wm=12:2
    txg29 i2 c5 root->disk0 wm=12:2
    txg30 i2 c6 root->disk0 creates (12,2,bg30) wm=12:3
    CRASH (nothing in flight)
    MOUNT u=r4: selects txg2 i1, replays to txg3 (prefix end c3), new i3 from txg28, wm=12:2
    txg28 i3 c4 root->disk1 wm=12:2
    txg29 i3 c5 root->disk0 wm=12:2
    txg30 i3 c6 root->disk0 creates (12,2,bg30) wm=12:3
    ring=(0, 0):txg0/i0 (0, 1):txg3/i1/h12 (0, 2):txg30/i3/h12 (1, 0):txg1/i1 (1, 1):txg28/i3/h12 (2, 0):txg2/i1 (2, 1):txg29/i3/h12
## d4 first f12d script where CR2 is hit and C is not
arm=C kw={} script=[f(1) rb(1,none,0) u(1) crash mount(d0+r2) rb(1,d0+r2,0) u(1)] failed_at=None fs=4 fr=4 violations=[]
    txg9 i3 c9 root->disk0 wm=12:3
    txg10 i3 c10 root->disk1 wm=12:3
    txg11 i3 c11 root->disk0 creates (12,3,bg11) wm=12:4
    CRASH (nothing in flight)
    MOUNT u=d0+r2: selects txg1 i1, replays to txg3 (prefix end c3), new i4 from txg4, wm=12:2
    txg4 i4 c4 root->disk1 wm=12:2
    txg5 i4 c5 root->disk0 wm=12:2
    ROLLBACK u=d0+r2: R_old=txg4 i4; readable ring max txg4; k_bad=22; first new root txg5 i5; records from c5; wm=12:2
    txg5 i5 c5 root->disk0 wm=12:2
    txg6 i5 c6 root->disk0 wm=12:2
    txg7 i5 c7 root->disk1 wm=12:2
    txg8 i5 c8 root->disk0 creates (12,2,bg8) wm=12:3
    ring=(0, 0):txg0/i0 (0, 1):txg3/i1/h12 (0, 2):txg6/i5/h12 (0, 3):txg9/i3/h12 (1, 0):txg1/i1 (1, 1):txg4/i4/h12 (1, 2):txg7/i5/h12 (1, 3):txg10/i3/h12 (2, 0):txg2/i1 (2, 1):txg5/i5/h12 (2, 2):txg8/i5/h12 (2, 3):txg11/i3/h12
arm=CR2 kw={} script=[f(1) rb(1,none,0) u(1) crash mount(d0+r2) rb(1,d0+r2,0) u(1)] failed_at=None fs=5 fr=5 violations=[((12, 3, 35), [3, 4], True)]
    txg33 i3 c9 root->disk0 wm=12:3
    txg34 i3 c10 root->disk1 wm=12:3
    txg35 i3 c11 root->disk0 creates (12,3,bg35) wm=12:4
    CRASH (nothing in flight)
    MOUNT u=d0+r2: selects txg1 i1, replays to txg3 (prefix end c3), new i4 from txg28, wm=12:2
    txg28 i4 c4 root->disk1 wm=12:2
    txg29 i4 c5 root->disk0 wm=12:2
    ROLLBACK u=d0+r2: R_old=txg7 i2; readable ring max txg7; k_bad=22; first new root txg32 i5; records from c8; wm=12:3
    txg32 i5 c8 root->disk0 wm=12:3
    txg33 i5 c9 root->disk0 wm=12:3
    txg34 i5 c10 root->disk1 wm=12:3
    txg35 i5 c11 root->disk0 creates (12,3,bg35) wm=12:4
    ring=(0, 0):txg0/i0 (0, 1):txg3/i1/h12 (0, 2):txg6/i2/h12 (0, 3):txg33/i5/h12 (1, 0):txg1/i1 (1, 1):txg28/i4/h12 (1, 2):txg7/i2/h12 (1, 3):txg34/i5/h12 (2, 0):txg2/i1 (2, 1):txg29/i4/h12 (2, 2):txg32/i5/h12 (2, 3):txg35/i5/h12
## d5 first f12b-like script where CR is hit (three rollbacks, faults at the third)
arm=C kw={} script=[rb(1,none,0) u(1) rb(1,none,0) u(1) rb(1,r3,0) u(2)] failed_at=None fs=3 fr=3 violations=[((12, 3, 9), [3, 4], True)]
    txg4 i2 c4 root->disk1 wm=12:2
    txg5 i2 c5 root->disk0 wm=12:2
    txg6 i2 c6 root->disk0 creates (12,2,bg6) wm=12:3
    ROLLBACK u=none: R_old=txg6 i2; readable ring max txg6; k_bad=17; first new root txg7 i3; records from c7; wm=12:3
    txg7 i3 c7 root->disk1 wm=12:3
    txg8 i3 c8 root->disk0 wm=12:3
    txg9 i3 c9 root->disk0 creates (12,3,bg9) wm=12:4
    ROLLBACK u=r3: R_old=txg6 i2; readable ring max txg6; k_bad=17; first new root txg7 i4; records from c7; wm=12:3
    txg7 i4 c7 root->disk1 wm=12:3
    txg8 i4 c8 root->disk0 wm=12:3
    txg9 i4 c9 root->disk0 creates (12,3,bg9) wm=12:4
    txg10 i4 c10 root->disk1 creates (12,4,bg10) wm=12:5
    ring=(0, 0):txg0/i0 (0, 1):txg3/i1/h12 (0, 2):txg6/i2/h12 (0, 3):txg9/i4/h12 (1, 0):txg1/i1 (1, 1):txg4/i2/h12 (1, 2):txg7/i4/h12 (1, 3):txg10/i4/h12 (2, 0):txg2/i1 (2, 1):txg5/i2/h12 (2, 2):txg8/i4/h12
arm=CR kw={} script=[rb(1,none,0) u(1) rb(1,none,0) u(1) rb(1,r3,0) u(2)] failed_at=None fs=3 fr=3 violations=[((12, 3, 57), [3, 4], True)]
    txg28 i2 c4 root->disk1 wm=12:2
    txg29 i2 c5 root->disk0 wm=12:2
    txg30 i2 c6 root->disk0 creates (12,2,bg30) wm=12:3
    ROLLBACK u=none: R_old=txg30 i2; readable ring max txg30; k_bad=17; first new root txg55 i3; records from c7; wm=12:3
    txg55 i3 c7 root->disk1 wm=12:3
    txg56 i3 c8 root->disk0 wm=12:3
    txg57 i3 c9 root->disk0 creates (12,3,bg57) wm=12:4
    ROLLBACK u=r3: R_old=txg30 i2; readable ring max txg30; k_bad=17; first new root txg55 i4; records from c7; wm=12:3
    txg55 i4 c7 root->disk1 wm=12:3
    txg56 i4 c8 root->disk0 wm=12:3
    txg57 i4 c9 root->disk0 creates (12,3,bg57) wm=12:4
    txg58 i4 c10 root->disk1 creates (12,4,bg58) wm=12:5
    ring=(0, 0):txg0/i0 (0, 1):txg3/i1/h12 (0, 2):txg30/i2/h12 (0, 3):txg57/i4/h12 (1, 0):txg1/i1 (1, 1):txg28/i2/h12 (1, 2):txg55/i4/h12 (1, 3):txg58/i4/h12 (2, 0):txg2/i1 (2, 1):txg29/i2/h12 (2, 2):txg56/i4/h12
END c143r3_debug lines_before_this=153
