ARM control(with-1058)
SIG 4097 device0-dropped eff=Some((1, 4)) Failed:InvariantViolated { invariant: "I-1.1", detail: "分配记录树内部条目的 key 不是这个节点里一个孩子那一段的起点" } vfail=0 applied=0 below_floor=false oracle=ok checker=[] record=(false,false)
SIG 5 device0-dropped eff=Some((1, 4)) Failed:InvariantViolated { invariant: "I-1.1", detail: "分配记录树内部条目的 key 不是这个节点里一个孩子那一段的起点" } vfail=1 applied=0 below_floor=false oracle=ok checker=[] record=(false,false)
SIG 4099 device1-dropped eff=Some((1, 3)) Failed:InvariantViolated { invariant: "I-1.1", detail: "分配记录树内部条目的 key 不是这个节点里一个孩子那一段的起点" } vfail=1 applied=0 below_floor=true oracle=ok checker=[] record=(false,false)
SIG 3 device1-dropped eff=Some((1, 5)) Failed:InvariantViolated { invariant: "I-1.1", detail: "分配记录树内部条目的 key 不是这个节点里一个孩子那一段的起点" } vfail=0 applied=0 below_floor=false oracle=ok checker=[] record=(false,false)
SIG 4096 floor-records-unreadable eff=Some((1, 4)) FileRead(1,4) vfail=0 applied=0 below_floor=false oracle=ok checker=[] record=(false,false)
SIG 3 floor-records-unreadable eff=Some((1, 5)) FileRead(1,3)|(1,5) vfail=0 applied=0 below_floor=false oracle=ok checker=[] record=(false,false)
SIG 3 floor-records-unreadable eff=Some((1, 5)) FileRead(1,3)|(1,5) vfail=0 applied=1 below_floor=false oracle=ok checker=[] record=(false,false)
SIG 4099 floor-root-and-records-unreadable eff=Some((1, 3)) FileRead(1,3)|(1,5) vfail=0 applied=0 below_floor=true oracle=ok checker=[] record=(false,false)
SIG 3 floor-root-and-records-unreadable eff=Some((1, 5)) FileRead(1,3)|(1,5) vfail=0 applied=0 below_floor=false oracle=ok checker=[] record=(false,false)
SIG 4096 floor-root-slot-unreadable eff=Some((1, 4)) FileRead(1,4) vfail=0 applied=1 below_floor=false oracle=ok checker=[] record=(false,false)
SIG 3 floor-root-slot-unreadable eff=Some((1, 5)) FileRead(1,3)|(1,5) vfail=0 applied=0 below_floor=false oracle=ok checker=[] record=(false,false)
SIG 3 floor-root-slot-unreadable eff=Some((1, 5)) FileRead(1,3)|(1,5) vfail=0 applied=1 below_floor=false oracle=ok checker=[] record=(false,false)
SIG 4096 none eff=Some((1, 4)) FileRead(1,4) vfail=0 applied=0 below_floor=false oracle=ok checker=[] record=(false,false)
SIG 3 none eff=Some((1, 5)) FileRead(1,3)|(1,5) vfail=0 applied=0 below_floor=false oracle=ok checker=[] record=(false,false)
SIG 3 none eff=Some((1, 5)) FileRead(1,3)|(1,5) vfail=0 applied=1 below_floor=false oracle=ok checker=[] record=(false,false)
SIG 4032 unit-copy-dev0-unreadable eff=Some((1, 4)) FileRead(1,4) vfail=0 applied=0 below_floor=false oracle=ok checker=[] record=(false,false)
SIG 3 unit-copy-dev0-unreadable eff=Some((1, 4)) FileRead(1,4) vfail=1 applied=0 below_floor=false oracle=ok checker=[] record=(false,false)
SIG 3 unit-copy-dev0-unreadable eff=Some((1, 5)) FileRead(1,3)|(1,5) vfail=0 applied=0 below_floor=false oracle=ok checker=[] record=(false,false)
SIG 4032 unit-copy-dev1-unreadable eff=Some((1, 4)) FileRead(1,4) vfail=0 applied=0 below_floor=false oracle=ok checker=[] record=(false,false)
SIG 3 unit-copy-dev1-unreadable eff=Some((1, 4)) FileRead(1,4) vfail=1 applied=0 below_floor=false oracle=ok checker=[] record=(false,false)
SIG 3 unit-copy-dev1-unreadable eff=Some((1, 5)) FileRead(1,3)|(1,5) vfail=0 applied=0 below_floor=false oracle=ok checker=[] record=(false,false)
FAULT-RECOVERIES 32688 states=4102
WALL 7s rc=0
