ARM mutated(no-1058)
SIG 1184 device0-dropped eff=Some((1, 2)) NoFile vfail=1 applied=1 below_floor=true oracle=ok checker=[] record=(false,false)
SIG 3 device0-dropped eff=Some((1, 4)) Failed:InvariantViolated { invariant: "I-1.1", detail: "分配记录树内部条目的 key 不是这个节点里一个孩子那一段的起点" } vfail=0 applied=0 below_floor=false oracle=ok checker=[] record=(false,false)
SIG 592 device1-dropped eff=Some((1, 3)) Failed:InvariantViolated { invariant: "I-1.1", detail: "分配记录树内部条目的 key 不是这个节点里一个孩子那一段的起点" } vfail=0 applied=0 below_floor=false oracle=ok checker=[] record=(false,false)
SIG 595 device1-dropped eff=Some((1, 3)) Failed:InvariantViolated { invariant: "I-1.1", detail: "分配记录树内部条目的 key 不是这个节点里一个孩子那一段的起点" } vfail=1 applied=0 below_floor=false oracle=ok checker=[] record=(false,false)
SIG 422 floor-records-unreadable eff=Some((1, 3)) FileRead(1,3) vfail=0 applied=0 below_floor=false oracle=ok checker=[] record=(false,false)
SIG 753 floor-records-unreadable eff=Some((1, 3)) FileRead(1,3) vfail=1 applied=0 below_floor=false oracle=ok checker=[] record=(false,false)
SIG 3 floor-records-unreadable eff=Some((1, 4)) FileRead(1,4) vfail=0 applied=0 below_floor=false oracle=ok checker=[] record=(false,false)
SIG 9 floor-records-unreadable eff=Some((1, 4)) FileRead(1,4) vfail=0 applied=1 below_floor=false oracle=ok checker=[] record=(false,false)
SIG 1184 floor-root-and-records-unreadable eff=Some((1, 2)) NoFile vfail=0 applied=0 below_floor=true oracle=ok checker=[] record=(false,false)
SIG 3 floor-root-and-records-unreadable eff=Some((1, 4)) FileRead(1,4) vfail=0 applied=0 below_floor=false oracle=ok checker=[] record=(false,false)
SIG 422 floor-root-slot-unreadable eff=Some((1, 3)) FileRead(1,3) vfail=0 applied=1 below_floor=false oracle=ok checker=[] record=(false,false)
SIG 753 floor-root-slot-unreadable eff=Some((1, 3)) FileRead(1,3) vfail=1 applied=1 below_floor=false oracle=ok checker=[] record=(false,false)
SIG 3 floor-root-slot-unreadable eff=Some((1, 4)) FileRead(1,4) vfail=0 applied=0 below_floor=false oracle=ok checker=[] record=(false,false)
SIG 9 floor-root-slot-unreadable eff=Some((1, 4)) FileRead(1,4) vfail=0 applied=1 below_floor=false oracle=ok checker=[] record=(false,false)
SIG 422 none eff=Some((1, 3)) FileRead(1,3) vfail=0 applied=0 below_floor=false oracle=ok checker=[] record=(false,false)
SIG 753 none eff=Some((1, 3)) FileRead(1,3) vfail=1 applied=0 below_floor=false oracle=ok checker=[] record=(false,false)
SIG 3 none eff=Some((1, 4)) FileRead(1,4) vfail=0 applied=0 below_floor=false oracle=ok checker=[] record=(false,false)
SIG 9 none eff=Some((1, 4)) FileRead(1,4) vfail=0 applied=1 below_floor=false oracle=ok checker=[] record=(false,false)
SIG 288 unit-copy-dev0-unreadable eff=Some((1, 3)) FileRead(1,3) vfail=0 applied=0 below_floor=false oracle=ok checker=[] record=(false,false)
SIG 864 unit-copy-dev0-unreadable eff=Some((1, 3)) FileRead(1,3) vfail=1 applied=0 below_floor=false oracle=ok checker=[] record=(false,false)
SIG 3 unit-copy-dev0-unreadable eff=Some((1, 4)) FileRead(1,4) vfail=0 applied=0 below_floor=false oracle=ok checker=[] record=(false,false)
SIG 288 unit-copy-dev1-unreadable eff=Some((1, 3)) FileRead(1,3) vfail=0 applied=0 below_floor=false oracle=ok checker=[] record=(false,false)
SIG 864 unit-copy-dev1-unreadable eff=Some((1, 3)) FileRead(1,3) vfail=1 applied=0 below_floor=false oracle=ok checker=[] record=(false,false)
SIG 3 unit-copy-dev1-unreadable eff=Some((1, 4)) FileRead(1,4) vfail=0 applied=0 below_floor=false oracle=ok checker=[] record=(false,false)
FAULT-RECOVERIES 9432 states=1187
WALL 2s rc=0
