ARM mutated(no-1058)
SEGMENTS rollback [14:journal_recordx2,unit_writex12] [1:root_record_fuax1] [2:system_configuration_slotx2]
LAYER0_PARALLEL_START states=16393 slices=160 states_per_slice=103 worker_threads=10 configured_worker_threads=10 worker_threads_source=environment_variable resumed_slices=0 freshly_run_slices=160
LAYER0_PROGRESS slice=5/160 states=[412,515) segments=0..=0 finished_slices=1/160 finished_states=103/16393 resumed_slices=0 elapsed_seconds=0.7
LAYER0_PROGRESS slice=7/160 states=[618,721) segments=0..=0 finished_slices=2/160 finished_states=206/16393 resumed_slices=0 elapsed_seconds=0.8
LAYER0_PROGRESS slice=6/160 states=[515,618) segments=0..=0 finished_slices=3/160 finished_states=309/16393 resumed_slices=0 elapsed_seconds=0.8
LAYER0_PROGRESS slice=4/160 states=[309,412) segments=0..=0 finished_slices=4/160 finished_states=412/16393 resumed_slices=0 elapsed_seconds=0.8
LAYER0_PROGRESS slice=1/160 states=[0,103) segments=0..=0 finished_slices=5/160 finished_states=515/16393 resumed_slices=0 elapsed_seconds=0.8
LAYER0_PROGRESS slice=9/160 states=[824,927) segments=0..=0 finished_slices=6/160 finished_states=618/16393 resumed_slices=0 elapsed_seconds=0.9
LAYER0_PROGRESS slice=8/160 states=[721,824) segments=0..=0 finished_slices=7/160 finished_states=721/16393 resumed_slices=0 elapsed_seconds=1.0
LAYER0_PROGRESS slice=2/160 states=[103,206) segments=0..=0 finished_slices=8/160 finished_states=824/16393 resumed_slices=0 elapsed_seconds=1.0
LAYER0_PROGRESS slice=10/160 states=[927,1030) segments=0..=0 finished_slices=9/160 finished_states=927/16393 resumed_slices=0 elapsed_seconds=1.1
LAYER0_PROGRESS slice=3/160 states=[206,309) segments=0..=0 finished_slices=10/160 finished_states=1030/16393 resumed_slices=0 elapsed_seconds=1.1
LAYER0_PROGRESS slice=11/160 states=[1030,1133) segments=0..=0 finished_slices=11/160 finished_states=1133/16393 resumed_slices=0 elapsed_seconds=1.5
LAYER0_PROGRESS slice=15/160 states=[1442,1545) segments=0..=0 finished_slices=12/160 finished_states=1236/16393 resumed_slices=0 elapsed_seconds=1.5
LAYER0_PROGRESS slice=12/160 states=[1133,1236) segments=0..=0 finished_slices=13/160 finished_states=1339/16393 resumed_slices=0 elapsed_seconds=1.5
LAYER0_PROGRESS slice=14/160 states=[1339,1442) segments=0..=0 finished_slices=14/160 finished_states=1442/16393 resumed_slices=0 elapsed_seconds=1.5
LAYER0_PROGRESS slice=13/160 states=[1236,1339) segments=0..=0 finished_slices=15/160 finished_states=1545/16393 resumed_slices=0 elapsed_seconds=1.6
LAYER0_PROGRESS slice=16/160 states=[1545,1648) segments=0..=0 finished_slices=16/160 finished_states=1648/16393 resumed_slices=0 elapsed_seconds=1.6
LAYER0_PROGRESS slice=18/160 states=[1751,1854) segments=0..=0 finished_slices=17/160 finished_states=1751/16393 resumed_slices=0 elapsed_seconds=1.7
LAYER0_PROGRESS slice=17/160 states=[1648,1751) segments=0..=0 finished_slices=18/160 finished_states=1854/16393 resumed_slices=0 elapsed_seconds=1.7
LAYER0_PROGRESS slice=20/160 states=[1957,2060) segments=0..=0 finished_slices=19/160 finished_states=1957/16393 resumed_slices=0 elapsed_seconds=1.8
LAYER0_PROGRESS slice=19/160 states=[1854,1957) segments=0..=0 finished_slices=20/160 finished_states=2060/16393 resumed_slices=0 elapsed_seconds=1.9
LAYER0_PROGRESS slice=21/160 states=[2060,2163) segments=0..=0 finished_slices=21/160 finished_states=2163/16393 resumed_slices=0 elapsed_seconds=2.2
LAYER0_PROGRESS slice=22/160 states=[2163,2266) segments=0..=0 finished_slices=22/160 finished_states=2266/16393 resumed_slices=0 elapsed_seconds=2.2
LAYER0_PROGRESS slice=23/160 states=[2266,2369) segments=0..=0 finished_slices=23/160 finished_states=2369/16393 resumed_slices=0 elapsed_seconds=2.3
LAYER0_PROGRESS slice=24/160 states=[2369,2472) segments=0..=0 finished_slices=24/160 finished_states=2472/16393 resumed_slices=0 elapsed_seconds=2.3
LAYER0_PROGRESS slice=25/160 states=[2472,2575) segments=0..=0 finished_slices=25/160 finished_states=2575/16393 resumed_slices=0 elapsed_seconds=2.3
LAYER0_PROGRESS slice=26/160 states=[2575,2678) segments=0..=0 finished_slices=26/160 finished_states=2678/16393 resumed_slices=0 elapsed_seconds=2.4
LAYER0_PROGRESS slice=27/160 states=[2678,2781) segments=0..=0 finished_slices=27/160 finished_states=2781/16393 resumed_slices=0 elapsed_seconds=2.4
LAYER0_PROGRESS slice=28/160 states=[2781,2884) segments=0..=0 finished_slices=28/160 finished_states=2884/16393 resumed_slices=0 elapsed_seconds=2.5
LAYER0_PROGRESS slice=29/160 states=[2884,2987) segments=0..=0 finished_slices=29/160 finished_states=2987/16393 resumed_slices=0 elapsed_seconds=2.5
LAYER0_PROGRESS slice=30/160 states=[2987,3090) segments=0..=0 finished_slices=30/160 finished_states=3090/16393 resumed_slices=0 elapsed_seconds=2.6
LAYER0_PROGRESS slice=31/160 states=[3090,3193) segments=0..=0 finished_slices=31/160 finished_states=3193/16393 resumed_slices=0 elapsed_seconds=3.0
LAYER0_PROGRESS slice=32/160 states=[3193,3296) segments=0..=0 finished_slices=32/160 finished_states=3296/16393 resumed_slices=0 elapsed_seconds=3.0
LAYER0_PROGRESS slice=34/160 states=[3399,3502) segments=0..=0 finished_slices=33/160 finished_states=3399/16393 resumed_slices=0 elapsed_seconds=3.0
LAYER0_PROGRESS slice=33/160 states=[3296,3399) segments=0..=0 finished_slices=34/160 finished_states=3502/16393 resumed_slices=0 elapsed_seconds=3.0
LAYER0_PROGRESS slice=35/160 states=[3502,3605) segments=0..=0 finished_slices=35/160 finished_states=3605/16393 resumed_slices=0 elapsed_seconds=3.1
LAYER0_PROGRESS slice=36/160 states=[3605,3708) segments=0..=0 finished_slices=36/160 finished_states=3708/16393 resumed_slices=0 elapsed_seconds=3.1
LAYER0_PROGRESS slice=37/160 states=[3708,3811) segments=0..=0 finished_slices=37/160 finished_states=3811/16393 resumed_slices=0 elapsed_seconds=3.1
LAYER0_PROGRESS slice=38/160 states=[3811,3914) segments=0..=0 finished_slices=38/160 finished_states=3914/16393 resumed_slices=0 elapsed_seconds=3.2
LAYER0_PROGRESS slice=39/160 states=[3914,4017) segments=0..=0 finished_slices=39/160 finished_states=4017/16393 resumed_slices=0 elapsed_seconds=3.3
LAYER0_PROGRESS slice=40/160 states=[4017,4120) segments=0..=0 finished_slices=40/160 finished_states=4120/16393 resumed_slices=0 elapsed_seconds=3.3
LAYER0_PROGRESS slice=42/160 states=[4223,4326) segments=0..=0 finished_slices=41/160 finished_states=4223/16393 resumed_slices=0 elapsed_seconds=3.7
LAYER0_PROGRESS slice=41/160 states=[4120,4223) segments=0..=0 finished_slices=42/160 finished_states=4326/16393 resumed_slices=0 elapsed_seconds=3.7
LAYER0_PROGRESS slice=43/160 states=[4326,4429) segments=0..=0 finished_slices=43/160 finished_states=4429/16393 resumed_slices=0 elapsed_seconds=3.8
LAYER0_PROGRESS slice=44/160 states=[4429,4532) segments=0..=0 finished_slices=44/160 finished_states=4532/16393 resumed_slices=0 elapsed_seconds=3.8
LAYER0_PROGRESS slice=46/160 states=[4635,4738) segments=0..=0 finished_slices=45/160 finished_states=4635/16393 resumed_slices=0 elapsed_seconds=3.8
LAYER0_PROGRESS slice=45/160 states=[4532,4635) segments=0..=0 finished_slices=46/160 finished_states=4738/16393 resumed_slices=0 elapsed_seconds=3.9
LAYER0_PROGRESS slice=47/160 states=[4738,4841) segments=0..=0 finished_slices=47/160 finished_states=4841/16393 resumed_slices=0 elapsed_seconds=3.9
LAYER0_PROGRESS slice=48/160 states=[4841,4944) segments=0..=0 finished_slices=48/160 finished_states=4944/16393 resumed_slices=0 elapsed_seconds=4.0
LAYER0_PROGRESS slice=49/160 states=[4944,5047) segments=0..=0 finished_slices=49/160 finished_states=5047/16393 resumed_slices=0 elapsed_seconds=4.0
LAYER0_PROGRESS slice=50/160 states=[5047,5150) segments=0..=0 finished_slices=50/160 finished_states=5150/16393 resumed_slices=0 elapsed_seconds=4.1
LAYER0_PROGRESS slice=52/160 states=[5253,5356) segments=0..=0 finished_slices=51/160 finished_states=5253/16393 resumed_slices=0 elapsed_seconds=4.5
LAYER0_PROGRESS slice=51/160 states=[5150,5253) segments=0..=0 finished_slices=52/160 finished_states=5356/16393 resumed_slices=0 elapsed_seconds=4.5
LAYER0_PROGRESS slice=53/160 states=[5356,5459) segments=0..=0 finished_slices=53/160 finished_states=5459/16393 resumed_slices=0 elapsed_seconds=4.5
LAYER0_PROGRESS slice=54/160 states=[5459,5562) segments=0..=0 finished_slices=54/160 finished_states=5562/16393 resumed_slices=0 elapsed_seconds=4.5
LAYER0_PROGRESS slice=55/160 states=[5562,5665) segments=0..=0 finished_slices=55/160 finished_states=5665/16393 resumed_slices=0 elapsed_seconds=4.6
LAYER0_PROGRESS slice=57/160 states=[5768,5871) segments=0..=0 finished_slices=56/160 finished_states=5768/16393 resumed_slices=0 elapsed_seconds=4.6
LAYER0_PROGRESS slice=56/160 states=[5665,5768) segments=0..=0 finished_slices=57/160 finished_states=5871/16393 resumed_slices=0 elapsed_seconds=4.7
LAYER0_PROGRESS slice=58/160 states=[5871,5974) segments=0..=0 finished_slices=58/160 finished_states=5974/16393 resumed_slices=0 elapsed_seconds=4.8
LAYER0_PROGRESS slice=59/160 states=[5974,6077) segments=0..=0 finished_slices=59/160 finished_states=6077/16393 resumed_slices=0 elapsed_seconds=4.8
LAYER0_PROGRESS slice=60/160 states=[6077,6180) segments=0..=0 finished_slices=60/160 finished_states=6180/16393 resumed_slices=0 elapsed_seconds=4.9
LAYER0_PROGRESS slice=61/160 states=[6180,6283) segments=0..=0 finished_slices=61/160 finished_states=6283/16393 resumed_slices=0 elapsed_seconds=5.2
LAYER0_PROGRESS slice=62/160 states=[6283,6386) segments=0..=0 finished_slices=62/160 finished_states=6386/16393 resumed_slices=0 elapsed_seconds=5.2
LAYER0_PROGRESS slice=63/160 states=[6386,6489) segments=0..=0 finished_slices=63/160 finished_states=6489/16393 resumed_slices=0 elapsed_seconds=5.2
LAYER0_PROGRESS slice=65/160 states=[6592,6695) segments=0..=0 finished_slices=64/160 finished_states=6592/16393 resumed_slices=0 elapsed_seconds=5.3
LAYER0_PROGRESS slice=64/160 states=[6489,6592) segments=0..=0 finished_slices=65/160 finished_states=6695/16393 resumed_slices=0 elapsed_seconds=5.3
LAYER0_PROGRESS slice=66/160 states=[6695,6798) segments=0..=0 finished_slices=66/160 finished_states=6798/16393 resumed_slices=0 elapsed_seconds=5.3
LAYER0_PROGRESS slice=67/160 states=[6798,6901) segments=0..=0 finished_slices=67/160 finished_states=6901/16393 resumed_slices=0 elapsed_seconds=5.4
LAYER0_PROGRESS slice=68/160 states=[6901,7004) segments=0..=0 finished_slices=68/160 finished_states=7004/16393 resumed_slices=0 elapsed_seconds=5.5
LAYER0_PROGRESS slice=69/160 states=[7004,7107) segments=0..=0 finished_slices=69/160 finished_states=7107/16393 resumed_slices=0 elapsed_seconds=5.6
LAYER0_PROGRESS slice=70/160 states=[7107,7210) segments=0..=0 finished_slices=70/160 finished_states=7210/16393 resumed_slices=0 elapsed_seconds=5.6
LAYER0_PROGRESS slice=71/160 states=[7210,7313) segments=0..=0 finished_slices=71/160 finished_states=7313/16393 resumed_slices=0 elapsed_seconds=5.9
LAYER0_PROGRESS slice=73/160 states=[7416,7519) segments=0..=0 finished_slices=72/160 finished_states=7416/16393 resumed_slices=0 elapsed_seconds=6.0
LAYER0_PROGRESS slice=72/160 states=[7313,7416) segments=0..=0 finished_slices=73/160 finished_states=7519/16393 resumed_slices=0 elapsed_seconds=6.0
LAYER0_PROGRESS slice=74/160 states=[7519,7622) segments=0..=0 finished_slices=74/160 finished_states=7622/16393 resumed_slices=0 elapsed_seconds=6.0
LAYER0_PROGRESS slice=75/160 states=[7622,7725) segments=0..=0 finished_slices=75/160 finished_states=7725/16393 resumed_slices=0 elapsed_seconds=6.0
LAYER0_PROGRESS slice=76/160 states=[7725,7828) segments=0..=0 finished_slices=76/160 finished_states=7828/16393 resumed_slices=0 elapsed_seconds=6.1
LAYER0_PROGRESS slice=77/160 states=[7828,7931) segments=0..=0 finished_slices=77/160 finished_states=7931/16393 resumed_slices=0 elapsed_seconds=6.2
LAYER0_PROGRESS slice=78/160 states=[7931,8034) segments=0..=0 finished_slices=78/160 finished_states=8034/16393 resumed_slices=0 elapsed_seconds=6.3
LAYER0_PROGRESS slice=80/160 states=[8137,8240) segments=0..=0 finished_slices=79/160 finished_states=8137/16393 resumed_slices=0 elapsed_seconds=6.4
LAYER0_PROGRESS slice=79/160 states=[8034,8137) segments=0..=0 finished_slices=80/160 finished_states=8240/16393 resumed_slices=0 elapsed_seconds=6.4
LAYER0_PROGRESS slice=81/160 states=[8240,8343) segments=0..=0 finished_slices=81/160 finished_states=8343/16393 resumed_slices=0 elapsed_seconds=6.6
LAYER0_PROGRESS slice=83/160 states=[8446,8549) segments=0..=0 finished_slices=82/160 finished_states=8446/16393 resumed_slices=0 elapsed_seconds=6.7
LAYER0_PROGRESS slice=82/160 states=[8343,8446) segments=0..=0 finished_slices=83/160 finished_states=8549/16393 resumed_slices=0 elapsed_seconds=6.7
LAYER0_PROGRESS slice=84/160 states=[8549,8652) segments=0..=0 finished_slices=84/160 finished_states=8652/16393 resumed_slices=0 elapsed_seconds=6.8
LAYER0_PROGRESS slice=86/160 states=[8755,8858) segments=0..=0 finished_slices=85/160 finished_states=8755/16393 resumed_slices=0 elapsed_seconds=6.8
LAYER0_PROGRESS slice=85/160 states=[8652,8755) segments=0..=0 finished_slices=86/160 finished_states=8858/16393 resumed_slices=0 elapsed_seconds=6.8
LAYER0_PROGRESS slice=87/160 states=[8858,8961) segments=0..=0 finished_slices=87/160 finished_states=8961/16393 resumed_slices=0 elapsed_seconds=6.9
LAYER0_PROGRESS slice=88/160 states=[8961,9064) segments=0..=0 finished_slices=88/160 finished_states=9064/16393 resumed_slices=0 elapsed_seconds=7.0
LAYER0_PROGRESS slice=89/160 states=[9064,9167) segments=0..=0 finished_slices=89/160 finished_states=9167/16393 resumed_slices=0 elapsed_seconds=7.1
LAYER0_PROGRESS slice=90/160 states=[9167,9270) segments=0..=0 finished_slices=90/160 finished_states=9270/16393 resumed_slices=0 elapsed_seconds=7.1
LAYER0_PROGRESS slice=91/160 states=[9270,9373) segments=0..=0 finished_slices=91/160 finished_states=9373/16393 resumed_slices=0 elapsed_seconds=7.4
LAYER0_PROGRESS slice=92/160 states=[9373,9476) segments=0..=0 finished_slices=92/160 finished_states=9476/16393 resumed_slices=0 elapsed_seconds=7.4
LAYER0_PROGRESS slice=93/160 states=[9476,9579) segments=0..=0 finished_slices=93/160 finished_states=9579/16393 resumed_slices=0 elapsed_seconds=7.4
LAYER0_PROGRESS slice=94/160 states=[9579,9682) segments=0..=0 finished_slices=94/160 finished_states=9682/16393 resumed_slices=0 elapsed_seconds=7.5
LAYER0_PROGRESS slice=95/160 states=[9682,9785) segments=0..=0 finished_slices=95/160 finished_states=9785/16393 resumed_slices=0 elapsed_seconds=7.5
LAYER0_PROGRESS slice=96/160 states=[9785,9888) segments=0..=0 finished_slices=96/160 finished_states=9888/16393 resumed_slices=0 elapsed_seconds=7.6
LAYER0_PROGRESS slice=97/160 states=[9888,9991) segments=0..=0 finished_slices=97/160 finished_states=9991/16393 resumed_slices=0 elapsed_seconds=7.7
LAYER0_PROGRESS slice=98/160 states=[9991,10094) segments=0..=0 finished_slices=98/160 finished_states=10094/16393 resumed_slices=0 elapsed_seconds=7.8
LAYER0_PROGRESS slice=99/160 states=[10094,10197) segments=0..=0 finished_slices=99/160 finished_states=10197/16393 resumed_slices=0 elapsed_seconds=7.8
LAYER0_PROGRESS slice=100/160 states=[10197,10300) segments=0..=0 finished_slices=100/160 finished_states=10300/16393 resumed_slices=0 elapsed_seconds=8.0
LAYER0_PROGRESS slice=102/160 states=[10403,10506) segments=0..=0 finished_slices=101/160 finished_states=10403/16393 resumed_slices=0 elapsed_seconds=8.2
LAYER0_PROGRESS slice=101/160 states=[10300,10403) segments=0..=0 finished_slices=102/160 finished_states=10506/16393 resumed_slices=0 elapsed_seconds=8.2
LAYER0_PROGRESS slice=103/160 states=[10506,10609) segments=0..=0 finished_slices=103/160 finished_states=10609/16393 resumed_slices=0 elapsed_seconds=8.2
LAYER0_PROGRESS slice=104/160 states=[10609,10712) segments=0..=0 finished_slices=104/160 finished_states=10712/16393 resumed_slices=0 elapsed_seconds=8.2
LAYER0_PROGRESS slice=105/160 states=[10712,10815) segments=0..=0 finished_slices=105/160 finished_states=10815/16393 resumed_slices=0 elapsed_seconds=8.3
LAYER0_PROGRESS slice=106/160 states=[10815,10918) segments=0..=0 finished_slices=106/160 finished_states=10918/16393 resumed_slices=0 elapsed_seconds=8.3
LAYER0_PROGRESS slice=107/160 states=[10918,11021) segments=0..=0 finished_slices=107/160 finished_states=11021/16393 resumed_slices=0 elapsed_seconds=8.5
LAYER0_PROGRESS slice=108/160 states=[11021,11124) segments=0..=0 finished_slices=108/160 finished_states=11124/16393 resumed_slices=0 elapsed_seconds=8.6
LAYER0_PROGRESS slice=109/160 states=[11124,11227) segments=0..=0 finished_slices=109/160 finished_states=11227/16393 resumed_slices=0 elapsed_seconds=8.6
LAYER0_PROGRESS slice=110/160 states=[11227,11330) segments=0..=0 finished_slices=110/160 finished_states=11330/16393 resumed_slices=0 elapsed_seconds=8.8
LAYER0_PROGRESS slice=111/160 states=[11330,11433) segments=0..=0 finished_slices=111/160 finished_states=11433/16393 resumed_slices=0 elapsed_seconds=8.9
LAYER0_PROGRESS slice=113/160 states=[11536,11639) segments=0..=0 finished_slices=112/160 finished_states=11536/16393 resumed_slices=0 elapsed_seconds=8.9
LAYER0_PROGRESS slice=112/160 states=[11433,11536) segments=0..=0 finished_slices=113/160 finished_states=11639/16393 resumed_slices=0 elapsed_seconds=8.9
LAYER0_PROGRESS slice=114/160 states=[11639,11742) segments=0..=0 finished_slices=114/160 finished_states=11742/16393 resumed_slices=0 elapsed_seconds=9.0
LAYER0_PROGRESS slice=115/160 states=[11742,11845) segments=0..=0 finished_slices=115/160 finished_states=11845/16393 resumed_slices=0 elapsed_seconds=9.0
LAYER0_PROGRESS slice=116/160 states=[11845,11948) segments=0..=0 finished_slices=116/160 finished_states=11948/16393 resumed_slices=0 elapsed_seconds=9.0
LAYER0_PROGRESS slice=117/160 states=[11948,12051) segments=0..=0 finished_slices=117/160 finished_states=12051/16393 resumed_slices=0 elapsed_seconds=9.3
LAYER0_PROGRESS slice=119/160 states=[12154,12257) segments=0..=0 finished_slices=118/160 finished_states=12154/16393 resumed_slices=0 elapsed_seconds=9.3
LAYER0_PROGRESS slice=118/160 states=[12051,12154) segments=0..=0 finished_slices=119/160 finished_states=12257/16393 resumed_slices=0 elapsed_seconds=9.3
LAYER0_PROGRESS slice=120/160 states=[12257,12360) segments=0..=0 finished_slices=120/160 finished_states=12360/16393 resumed_slices=0 elapsed_seconds=9.6
LAYER0_PROGRESS slice=121/160 states=[12360,12463) segments=0..=0 finished_slices=121/160 finished_states=12463/16393 resumed_slices=0 elapsed_seconds=9.6
LAYER0_PROGRESS slice=122/160 states=[12463,12566) segments=0..=0 finished_slices=122/160 finished_states=12566/16393 resumed_slices=0 elapsed_seconds=9.7
LAYER0_PROGRESS slice=123/160 states=[12566,12669) segments=0..=0 finished_slices=123/160 finished_states=12669/16393 resumed_slices=0 elapsed_seconds=9.7
LAYER0_PROGRESS slice=124/160 states=[12669,12772) segments=0..=0 finished_slices=124/160 finished_states=12772/16393 resumed_slices=0 elapsed_seconds=9.7
LAYER0_PROGRESS slice=126/160 states=[12875,12978) segments=0..=0 finished_slices=125/160 finished_states=12875/16393 resumed_slices=0 elapsed_seconds=9.8
LAYER0_PROGRESS slice=125/160 states=[12772,12875) segments=0..=0 finished_slices=126/160 finished_states=12978/16393 resumed_slices=0 elapsed_seconds=9.8
LAYER0_PROGRESS slice=127/160 states=[12978,13081) segments=0..=0 finished_slices=127/160 finished_states=13081/16393 resumed_slices=0 elapsed_seconds=10.0
LAYER0_PROGRESS slice=128/160 states=[13081,13184) segments=0..=0 finished_slices=128/160 finished_states=13184/16393 resumed_slices=0 elapsed_seconds=10.0
LAYER0_PROGRESS slice=129/160 states=[13184,13287) segments=0..=0 finished_slices=129/160 finished_states=13287/16393 resumed_slices=0 elapsed_seconds=10.1
LAYER0_PROGRESS slice=130/160 states=[13287,13390) segments=0..=0 finished_slices=130/160 finished_states=13390/16393 resumed_slices=0 elapsed_seconds=10.3
LAYER0_PROGRESS slice=131/160 states=[13390,13493) segments=0..=0 finished_slices=131/160 finished_states=13493/16393 resumed_slices=0 elapsed_seconds=10.4
LAYER0_PROGRESS slice=132/160 states=[13493,13596) segments=0..=0 finished_slices=132/160 finished_states=13596/16393 resumed_slices=0 elapsed_seconds=10.4
LAYER0_PROGRESS slice=133/160 states=[13596,13699) segments=0..=0 finished_slices=133/160 finished_states=13699/16393 resumed_slices=0 elapsed_seconds=10.4
LAYER0_PROGRESS slice=134/160 states=[13699,13802) segments=0..=0 finished_slices=134/160 finished_states=13802/16393 resumed_slices=0 elapsed_seconds=10.5
LAYER0_PROGRESS slice=135/160 states=[13802,13905) segments=0..=0 finished_slices=135/160 finished_states=13905/16393 resumed_slices=0 elapsed_seconds=10.5
LAYER0_PROGRESS slice=136/160 states=[13905,14008) segments=0..=0 finished_slices=136/160 finished_states=14008/16393 resumed_slices=0 elapsed_seconds=10.6
LAYER0_PROGRESS slice=137/160 states=[14008,14111) segments=0..=0 finished_slices=137/160 finished_states=14111/16393 resumed_slices=0 elapsed_seconds=10.8
LAYER0_PROGRESS slice=138/160 states=[14111,14214) segments=0..=0 finished_slices=138/160 finished_states=14214/16393 resumed_slices=0 elapsed_seconds=10.8
LAYER0_PROGRESS slice=139/160 states=[14214,14317) segments=0..=0 finished_slices=139/160 finished_states=14317/16393 resumed_slices=0 elapsed_seconds=10.8
LAYER0_PROGRESS slice=140/160 states=[14317,14420) segments=0..=0 finished_slices=140/160 finished_states=14420/16393 resumed_slices=0 elapsed_seconds=11.1
LAYER0_PROGRESS slice=141/160 states=[14420,14523) segments=0..=0 finished_slices=141/160 finished_states=14523/16393 resumed_slices=0 elapsed_seconds=11.1
LAYER0_PROGRESS slice=142/160 states=[14523,14626) segments=0..=0 finished_slices=142/160 finished_states=14626/16393 resumed_slices=0 elapsed_seconds=11.2
LAYER0_PROGRESS slice=144/160 states=[14729,14832) segments=0..=0 finished_slices=143/160 finished_states=14729/16393 resumed_slices=0 elapsed_seconds=11.2
LAYER0_PROGRESS slice=143/160 states=[14626,14729) segments=0..=0 finished_slices=144/160 finished_states=14832/16393 resumed_slices=0 elapsed_seconds=11.2
LAYER0_PROGRESS slice=145/160 states=[14832,14935) segments=0..=0 finished_slices=145/160 finished_states=14935/16393 resumed_slices=0 elapsed_seconds=11.3
LAYER0_PROGRESS slice=146/160 states=[14935,15038) segments=0..=0 finished_slices=146/160 finished_states=15038/16393 resumed_slices=0 elapsed_seconds=11.3
LAYER0_PROGRESS slice=147/160 states=[15038,15141) segments=0..=0 finished_slices=147/160 finished_states=15141/16393 resumed_slices=0 elapsed_seconds=11.5
LAYER0_PROGRESS slice=148/160 states=[15141,15244) segments=0..=0 finished_slices=148/160 finished_states=15244/16393 resumed_slices=0 elapsed_seconds=11.6
LAYER0_PROGRESS slice=149/160 states=[15244,15347) segments=0..=0 finished_slices=149/160 finished_states=15347/16393 resumed_slices=0 elapsed_seconds=11.6
LAYER0_PROGRESS slice=150/160 states=[15347,15450) segments=0..=0 finished_slices=150/160 finished_states=15450/16393 resumed_slices=0 elapsed_seconds=11.9
LAYER0_PROGRESS slice=151/160 states=[15450,15553) segments=0..=0 finished_slices=151/160 finished_states=15553/16393 resumed_slices=0 elapsed_seconds=11.9
LAYER0_PROGRESS slice=152/160 states=[15553,15656) segments=0..=0 finished_slices=152/160 finished_states=15656/16393 resumed_slices=0 elapsed_seconds=11.9
LAYER0_PROGRESS slice=153/160 states=[15656,15759) segments=0..=0 finished_slices=153/160 finished_states=15759/16393 resumed_slices=0 elapsed_seconds=12.0
LAYER0_PROGRESS slice=154/160 states=[15759,15862) segments=0..=0 finished_slices=154/160 finished_states=15862/16393 resumed_slices=0 elapsed_seconds=12.0
LAYER0_PROGRESS slice=160/160 states=[16377,16393) segments=0..=all_persisted finished_slices=155/160 finished_states=15878/16393 resumed_slices=0 elapsed_seconds=12.0
LAYER0_PROGRESS slice=155/160 states=[15862,15965) segments=0..=0 finished_slices=156/160 finished_states=15981/16393 resumed_slices=0 elapsed_seconds=12.1
LAYER0_PROGRESS slice=156/160 states=[15965,16068) segments=0..=0 finished_slices=157/160 finished_states=16084/16393 resumed_slices=0 elapsed_seconds=12.1
LAYER0_PROGRESS slice=157/160 states=[16068,16171) segments=0..=0 finished_slices=158/160 finished_states=16187/16393 resumed_slices=0 elapsed_seconds=12.3
LAYER0_PROGRESS slice=158/160 states=[16171,16274) segments=0..=0 finished_slices=159/160 finished_states=16290/16393 resumed_slices=0 elapsed_seconds=12.3
LAYER0_PROGRESS slice=159/160 states=[16274,16377) segments=0..=0 finished_slices=160/160 finished_states=16393/16393 resumed_slices=0 elapsed_seconds=12.4
LAYER0_FINDINGS signatures=0 red_states=0 states=16393
LAYER0_PARALLEL_FINISHED states=16393 slices=160 worker_threads=10 configured_worker_threads=10 worker_threads_source=environment_variable resumed_slices=0 freshly_run_slices=160 progress_file_after_completion=none elapsed_seconds=12.4
SIG 4096 rollback eff=Some((1, 4)) FileRead(1,4) vfail=0 applied=0 below_floor=false oracle=ok checker=[] record=(false,false)
SIG 12285 rollback eff=Some((1, 4)) FileRead(1,4) vfail=1 applied=0 below_floor=false oracle=ok checker=[] record=(false,false)
SIG 9 rollback eff=Some((1, 5)) FileRead(1,3)|(1,5) vfail=0 applied=0 below_floor=false oracle=ok checker=[] record=(false,false)
SIG 3 rollback eff=Some((1, 5)) FileRead(1,3)|(1,5) vfail=0 applied=1 below_floor=false oracle=ok checker=[] record=(false,false)
TALLY rollback states=16393 violations=0 ignored_violations=0 checker_violated={} record_root_without_record=0 record_claimed_state_missing_unit=0 verification_failed_states=12285 root_persisted_states=9 failed_states=0 first_violation=None
ELAPSED 12.4s
WALL 12s rc=0
