[甲] k=Some(16) later=[] actions=[Retry] crash=None lying=false
  steps=["err(BlockDevice)", "ok(txg 5)"] writes_after_c=17 writes=38
  checker@crash=[]
  remount=ok(chosen 5)
  checker@after=[]
[乙] k=Some(16) later=[] actions=[Retry] crash=None lying=false
  steps=["uncertain(txg 5)", "ok(txg 6)"] writes_after_c=17 writes=38
  checker@crash=["I-3.1: Violated(\"盘 0：记账的已分配 Some(704512)，遍历全部有效根得到 540672\")"]
  remount=ok(chosen 6)
  checker@after=["I-3.1: Violated(\"盘 0：记账的已分配 Some(868352)，遍历全部有效根得到 704512\")"]
[丙] k=Some(16) later=[] actions=[Retry] crash=None lying=false
  steps=["err(BlockDevice)", "err(C381WriterStopped)"] writes_after_c=17 writes=17
  checker@crash=[]
  remount=ok(chosen 4)
  checker@after=[]
[丁] k=Some(16) later=[] actions=[Retry] crash=None lying=false
  steps=["err(BlockDevice)", "ok(txg 5)"] writes_after_c=17 writes=38
  checker@crash=[]
  remount=ok(chosen 5)
  checker@after=[]
[甲] k=Some(17) later=[] actions=[Retry] crash=None lying=false
  steps=["err(BlockDevice)", "ok(txg 5)"] writes_after_c=18 writes=39
  checker@crash=[]
  remount=ok(chosen 5)
  checker@after=[]
[乙] k=Some(17) later=[] actions=[Retry] crash=None lying=false
  steps=["uncertain(txg 5)", "ok(txg 6)"] writes_after_c=18 writes=39
  checker@crash=["I-3.1: Violated(\"盘 0：记账的已分配 Some(704512)，遍历全部有效根得到 540672\")"]
  remount=ok(chosen 6)
  checker@after=["I-3.1: Violated(\"盘 0：记账的已分配 Some(868352)，遍历全部有效根得到 704512\")"]
[丙] k=Some(17) later=[] actions=[Retry] crash=None lying=false
  steps=["err(BlockDevice)", "err(C381WriterStopped)"] writes_after_c=18 writes=18
  checker@crash=[]
  remount=ok(chosen 4)
  checker@after=["I-3.1: Violated(\"盘 0：记账的已分配 Some(704512)，遍历全部有效根得到 638976\")"]
[丁] k=Some(17) later=[] actions=[Retry] crash=None lying=false
  steps=["err(BlockDevice)", "ok(txg 5)"] writes_after_c=18 writes=39
  checker@crash=[]
  remount=ok(chosen 5)
  checker@after=[]
[甲] k=Some(18) later=[] actions=[Retry] crash=None lying=false
  steps=["err(BlockDevice)", "ok(txg 5)"] writes_after_c=19 writes=40
  checker@crash=[]
  remount=ok(chosen 5)
  checker@after=[]
[乙] k=Some(18) later=[] actions=[Retry] crash=None lying=false
  steps=["uncertain(txg 5)", "ok(txg 6)"] writes_after_c=19 writes=40
  checker@crash=["I-3.1: Violated(\"盘 0：记账的已分配 Some(704512)，遍历全部有效根得到 540672\")"]
  remount=ok(chosen 6)
  checker@after=["I-3.1: Violated(\"盘 0：记账的已分配 Some(868352)，遍历全部有效根得到 704512\")"]
[丙] k=Some(18) later=[] actions=[Retry] crash=None lying=false
  steps=["err(BlockDevice)", "err(C381WriterStopped)"] writes_after_c=19 writes=19
  checker@crash=[]
  remount=ok(chosen 4)
  checker@after=["I-3.1: Violated(\"盘 0：记账的已分配 Some(704512)，遍历全部有效根得到 638976\")"]
[丁] k=Some(18) later=[] actions=[Retry] crash=None lying=false
  steps=["err(BlockDevice)", "ok(txg 5)"] writes_after_c=19 writes=40
  checker@crash=[]
  remount=ok(chosen 5)
  checker@after=[]
