
running 1 test
test opus_r2_gap_probe has been running for over 60 seconds
GAP seed=80 step=21 F=8 in_gap=true gaps=[step5:(2,8)->(8,9),step6:(2,7)->(7,11)] ring_before=Some([(19, 5), (18, 5), (17, 5), (16, 5), (15, 5), (14, 4), (13, 4), (12, 4), (11, 4), (10, 3), (9, 3), (8, 2), (7, 2), (6, 2), (5, 2), (4, 2)]) overcount_bytes=Some(98304)
GAP seed=174 step=10 F=6 in_gap=true gaps=[step3:(2,4)->(4,7)] ring_before=Some([(13, 3), (12, 3), (11, 3), (10, 3), (9, 3), (8, 3), (7, 3), (6, 2), (5, 2), (4, 2), (3, 1), (2, 1), (1, 1), (0, 0)]) overcount_bytes=Some(98304)
GAP seed=254 step=15 F=4 in_gap=true gaps=[step2:(1,3)->(3,6),step6:(2,6)->(6,9)] ring_before=Some([(19, 4), (18, 4), (17, 4), (16, 4), (15, 4), (14, 4), (13, 4), (12, 4), (11, 4), (10, 3), (9, 3), (8, 2), (7, 2), (6, 2), (5, 1), (4, 1)]) overcount_bytes=Some(98304)
GAP seed=292 step=15 F=4 in_gap=true gaps=[step1:(1,3)->(3,5),step7:(2,10)->(10,14)] ring_before=Some([(20, 5), (19, 5), (18, 5), (17, 4), (16, 4), (15, 4), (14, 4), (13, 3), (12, 3), (11, 3), (10, 2), (9, 2), (8, 2), (7, 2), (6, 2), (5, 2)]) overcount_bytes=Some(98304)
GAP seed=435 step=17 F=14 in_gap=true gaps=[step10:(2,5)->(5,13),step12:(2,4)->(4,15)] ring_before=Some([(20, 6), (19, 6), (18, 6), (17, 6), (16, 6), (15, 6), (14, 5), (13, 5), (12, 4), (11, 4), (10, 4), (9, 3), (8, 3), (7, 3), (6, 2), (5, 2)]) overcount_bytes=Some(98304)
GAP seed=556 step=37 F=6 in_gap=true gaps=[step21:(2,4)->(4,7)] ring_before=Some([(19, 6), (18, 6), (17, 6), (16, 5), (15, 5), (14, 5), (13, 5), (12, 5), (11, 4), (10, 4), (9, 4), (8, 3), (7, 3), (6, 2), (5, 2), (4, 2)]) overcount_bytes=Some(98304)
GAP seed=616 step=11 F=4 in_gap=true gaps=[step2:(1,3)->(3,5)] ring_before=Some([(14, 2), (13, 2), (12, 2), (11, 2), (10, 2), (9, 2), (8, 2), (7, 2), (6, 2), (5, 2), (4, 1), (3, 1), (2, 1), (1, 1), (0, 0)]) overcount_bytes=Some(98304)
GAP seed=659 step=26 F=7 in_gap=true gaps=[step12:(1,6)->(6,10)] ring_before=Some([(19, 3), (18, 3), (17, 3), (16, 3), (15, 3), (14, 3), (13, 3), (12, 2), (11, 2), (10, 2), (9, 1), (8, 1), (7, 1), (6, 1), (5, 1), (4, 1)]) overcount_bytes=Some(98304)
GAP seed=693 step=14 F=5 in_gap=true gaps=[step5:(1,4)->(4,7)] ring_before=Some([(13, 2), (12, 2), (11, 2), (10, 2), (9, 2), (8, 2), (7, 2), (6, 1), (5, 1), (4, 1), (3, 1), (2, 1), (1, 1), (0, 0)]) overcount_bytes=Some(98304)
GAP seed=701 step=21 F=5 in_gap=true gaps=[step5:(1,3)->(3,6)] ring_before=Some([(20, 3), (19, 3), (18, 3), (17, 3), (16, 3), (15, 3), (14, 3), (13, 3), (12, 3), (11, 3), (10, 2), (9, 2), (8, 2), (7, 2), (6, 2), (5, 1)]) overcount_bytes=Some(98304)
GAP seed=752 step=19 F=6 in_gap=true gaps=[step9:(2,5)->(5,9),step11:(4,9)->(9,11)] ring_before=Some([(18, 5), (17, 5), (16, 5), (15, 5), (14, 5), (13, 5), (12, 5), (11, 5), (10, 4), (9, 4), (8, 3), (7, 3), (6, 3), (5, 2), (4, 2), (3, 1)]) overcount_bytes=Some(98304)
GAP seed=832 step=33 F=9 in_gap=true gaps=[step26:(3,7)->(7,16)] ring_before=Some([(21, 5), (20, 5), (19, 5), (18, 5), (17, 5), (16, 5), (15, 4), (14, 4), (13, 4), (12, 4), (11, 4), (10, 3), (9, 3), (8, 3), (7, 3), (6, 3)]) overcount_bytes=Some(98304)
GAP seed=1055 step=18 F=8 in_gap=true gaps=[step9:(2,7)->(7,8),step10:(2,5)->(5,11)] ring_before=Some([(19, 4), (18, 4), (17, 4), (16, 4), (15, 4), (14, 4), (13, 4), (12, 4), (11, 4), (10, 3), (9, 3), (8, 3), (7, 2), (6, 2), (5, 2), (4, 1)]) overcount_bytes=Some(98304)
GAP seed=1091 step=10 F=8 in_gap=true gaps=[step1:(1,3)->(3,4),step4:(2,5)->(5,9)] ring_before=Some([(14, 3), (13, 3), (12, 3), (11, 3), (10, 3), (9, 3), (8, 2), (7, 2), (6, 2), (5, 2), (4, 2), (3, 1), (2, 1), (1, 1), (0, 0)]) overcount_bytes=Some(98304)
GAP seed=1150 step=18 F=8 in_gap=true gaps=[step4:(3,7)->(7,9)] ring_before=Some([(20, 7), (19, 7), (18, 7), (17, 6), (16, 6), (15, 6), (14, 5), (13, 5), (12, 5), (11, 4), (10, 4), (9, 4), (8, 3), (7, 3), (6, 2), (5, 2)]) overcount_bytes=Some(98304)
GAP seed=1378 step=31 F=11 in_gap=true gaps=[step21:(2,9)->(9,12)] ring_before=Some([(18, 3), (17, 3), (16, 3), (15, 3), (14, 3), (13, 3), (12, 3), (11, 2), (10, 2), (9, 2), (8, 2), (7, 2), (6, 2), (5, 2), (4, 2), (3, 1)]) overcount_bytes=Some(98304)
GAP seed=1540 step=17 F=10 in_gap=true gaps=[step7:(3,7)->(7,12)] ring_before=Some([(21, 5), (20, 5), (19, 5), (18, 5), (17, 5), (16, 5), (15, 5), (14, 5), (13, 4), (12, 4), (11, 3), (10, 3), (9, 3), (8, 3), (7, 3), (6, 2)]) overcount_bytes=Some(98304)
GAP seed=1567 step=23 F=4 in_gap=true gaps=[step3:(1,3)->(3,5),step19:(3,11)->(11,12)] ring_before=Some([(16, 4), (15, 4), (14, 4), (13, 4), (12, 4), (11, 3), (10, 3), (9, 3), (8, 2), (7, 2), (6, 2), (5, 2), (4, 1), (3, 1), (2, 1), (1, 1)]) overcount_bytes=Some(98304)
GAP seed=1670 step=20 F=8 in_gap=true gaps=[step8:(2,5)->(5,9)] ring_before=Some([(18, 3), (17, 3), (16, 3), (15, 3), (14, 3), (13, 3), (12, 3), (11, 3), (10, 3), (9, 3), (8, 2), (7, 2), (6, 2), (5, 2), (4, 2), (3, 1)]) overcount_bytes=Some(98304)
GAP seed=1925 step=14 F=7 in_gap=true gaps=[step8:(1,6)->(6,8)] ring_before=Some([(14, 2), (13, 2), (12, 2), (11, 2), (10, 2), (9, 2), (8, 2), (7, 1), (6, 1), (5, 1), (4, 1), (3, 1), (2, 1), (1, 1), (0, 0)]) overcount_bytes=Some(98304)
GAP seed=1978 step=18 F=4 in_gap=true gaps=[step5:(1,3)->(3,5)] ring_before=Some([(19, 4), (18, 4), (17, 4), (16, 4), (15, 4), (14, 4), (13, 4), (12, 4), (11, 4), (10, 3), (9, 3), (8, 2), (7, 2), (6, 2), (5, 2), (4, 1)]) overcount_bytes=Some(98304)
GAP seed=2081 step=11 F=5 in_gap=true gaps=[step4:(1,4)->(4,6)] ring_before=Some([(14, 3), (13, 3), (12, 3), (11, 3), (10, 2), (9, 2), (8, 2), (7, 2), (6, 2), (5, 1), (4, 1), (3, 1), (2, 1), (1, 1), (0, 0)]) overcount_bytes=Some(98304)
GAP seed=2132 step=20 F=4 in_gap=true gaps=[step7:(1,3)->(3,7)] ring_before=Some([(18, 3), (17, 3), (16, 3), (15, 3), (14, 2), (13, 2), (12, 2), (11, 2), (10, 2), (9, 2), (8, 2), (7, 2), (6, 1), (5, 1), (4, 1), (3, 1)]) overcount_bytes=Some(98304)
GAP seed=2367 step=26 F=6 in_gap=true gaps=[step11:(3,7)->(7,8),step13:(1,3)->(3,12)] ring_before=Some([(21, 7), (20, 7), (19, 7), (18, 6), (17, 6), (16, 6), (15, 6), (14, 5), (13, 5), (12, 5), (11, 4), (10, 4), (9, 4), (8, 4), (7, 3), (6, 3)]) overcount_bytes=Some(98304)
GAP seed=2480 step=33 F=4 in_gap=true gaps=[step3:(1,3)->(3,7)] ring_before=Some([(15, 4), (14, 4), (13, 4), (12, 4), (11, 4), (10, 4), (9, 3), (8, 3), (7, 3), (6, 2), (5, 2), (4, 2), (3, 1), (2, 1), (1, 1), (0, 0)]) overcount_bytes=Some(98304)
GAP seed=2561 step=13 F=5 in_gap=true gaps=[step2:(2,4)->(4,6)] ring_before=Some([(17, 4), (16, 4), (15, 3), (14, 3), (13, 3), (12, 3), (11, 3), (10, 3), (9, 3), (8, 3), (7, 3), (6, 3), (5, 2), (4, 2), (3, 1), (2, 1)]) overcount_bytes=Some(98304)
GAP seed=2781 step=18 F=5 in_gap=true gaps=[step9:(2,4)->(4,8)] ring_before=Some([(17, 5), (16, 5), (15, 5), (14, 4), (13, 4), (12, 4), (11, 4), (10, 4), (9, 4), (8, 4), (7, 3), (6, 3), (5, 2), (4, 2), (3, 1), (2, 1)]) overcount_bytes=Some(98304)
GAP seed=2811 step=16 F=9 in_gap=true gaps=[step7:(2,8)->(8,10)] ring_before=Some([(19, 5), (18, 5), (17, 5), (16, 5), (15, 4), (14, 4), (13, 4), (12, 3), (11, 3), (10, 3), (9, 2), (8, 2), (7, 2), (6, 1), (5, 1), (4, 1)]) overcount_bytes=Some(98304)
GAP seed=2825 step=32 F=12 in_gap=true gaps=[step7:(1,5)->(5,9),step18:(1,5)->(5,13)] ring_before=Some([(20, 4), (19, 4), (18, 4), (17, 3), (16, 3), (15, 3), (14, 3), (13, 3), (12, 2), (11, 2), (10, 2), (9, 2), (8, 1), (7, 1), (6, 1), (5, 1)]) overcount_bytes=Some(98304)
GAP seed=2966 step=30 F=7 in_gap=true gaps=[step14:(1,4)->(4,9)] ring_before=Some([(19, 4), (18, 4), (17, 4), (16, 3), (15, 3), (14, 3), (13, 3), (12, 2), (11, 2), (10, 2), (9, 2), (8, 1), (7, 1), (6, 1), (5, 1), (4, 1)]) overcount_bytes=Some(98304)
SUMMARY first=0 seeds=3000 ops=40 weights=各类操作都抽（快档、大档） {"completed": 1041, "form1_in_gap=true": 30, "known_red_0": 1929, "known_red_1": 30}
test opus_r2_gap_probe ... ok

test result: ok. 1 passed; 0 failed; 0 ignored; 0 measured; 0 filtered out; finished in 127.14s

