
running 1 test
Y2 mode=off tier=fast new_findings=0 mount_rewrites=154 other_rewrites=242 mount_records=4129
  种子 [0, 96)，每段 30 步，比重：各类操作都抽（快档、大档）
  历史 96 段：跑完 45、以已知红收尾 {0: 50, 1: 1}、新发现 0；根环转过一圈的 62 段；最高 txg 37
    操作 PublishFirstFile：Ok 24、Err 62、前提不满足没调 56
    操作 PublishOverwrite：Ok 655、Err 104、前提不满足没调 456
    操作 PublishWithoutUnits：Ok 7、Err 0、前提不满足没调 64
    操作 CloseAndMountWritable：Ok 321、Err 92、前提不满足没调 0
    操作 CloseAndMountRollback：Ok 112、Err 192、前提不满足没调 0
    操作 RaiseRollbackFloor：Ok 42、Err 156、前提不满足没调 142
    操作 ColdStartRecover：Ok 97、Err 0、前提不满足没调 0
    内容长度 0 字节：入口被调 87 次、发成 83 次
    内容长度 [1, 载荷容量 − 2]：入口被调 502 次、发成 466 次
    内容长度 数据单元整宽 32768（装不下）：入口被调 50 次、发成 0 次
    内容长度 载荷容量：入口被调 70 次、发成 66 次
    内容长度 载荷容量 + 1（装不下）：入口被调 66 次、发成 0 次
    内容长度 载荷容量 − 1：入口被调 70 次、发成 64 次
    Err 成员 MountError::InstanceRowsOnVersionWithoutFileUnsupported：92 次
    Err 成员 MountError::RaiseNeedsRewrittenInstanceTableUnitInCurrentVersion：34 次
    Err 成员 MountError::RollbackFloorAboveCeiling：122 次
    Err 成员 MountError::RollbackTargetNotACandidate（txg 低于生效的回退下界 F）：1 次
    Err 成员 MountError::RollbackTargetNotACandidate（实例表里那个实例的行 T 更小：这是被抛弃时间线的根）：5 次
    Err 成员 MountError::RollbackTargetNotInRing：61 次
    Err 成员 MountError::RollbackToVersionWithoutFileUnsupported：125 次
    Err 成员 PublishError::ContentExceedsDataUnit：108 次
    Err 成员 PublishError::FirstFileVersionNotRightAfterTheSecondWarmUp：58 次
    前提不满足（没有可写会话）：660 次
    前提不满足（现行版本带文件）：34 次
    前提不满足（现行版本树表 0 条）：24 次
    冷启动结局 FileRead：78 次
    冷启动结局 NoFile：19 次
    一次挂载里最多写出 23 条根；一段历史里最多挂载成功 9 次、最多试挂载 12 次
    抬 F 回收到落点 31 次、共回收 852 个落点；复用已释放的记录 234 条（其中跨度变了 52 条）；已释放的记录被罩住起点 4 条、被删 4 条
    checker 跑了 1257 次；一个写都没发、沿用上一次结论的 1421 步
    I-1.1：判绿 1257 次、不适用 0 次
    I-1.3：判绿 1257 次、不适用 0 次
    I-1.4：判绿 1257 次、不适用 0 次
    I-1.6：判绿 1257 次、不适用 0 次
    I-1.7：判绿 1257 次、不适用 0 次
    I-2.1：判绿 1257 次、不适用 0 次
    I-2.3：判绿 1257 次、不适用 0 次
    I-2.4：判绿 1257 次、不适用 0 次
Y2 mode=off tier=reuse new_findings=0 mount_rewrites=368 other_rewrites=450 mount_records=2568
  种子 [0, 48)，每段 30 步，比重：偏向抬 F 之后的复用（第 121 行那一类的取样点）
  历史 48 段：跑完 20、以已知红收尾 {0: 27, 1: 1}、新发现 0；根环转过一圈的 45 段；最高 txg 41
    操作 PublishFirstFile：Ok 5、Err 12、前提不满足没调 2
    操作 PublishOverwrite：Ok 515、Err 87、前提不满足没调 27
    操作 PublishWithoutUnits：Ok 0、Err 0、前提不满足没调 10
    操作 CloseAndMountWritable：Ok 235、Err 4、前提不满足没调 0
    操作 CloseAndMountRollback：Ok 15、Err 8、前提不满足没调 0
    操作 RaiseRollbackFloor：Ok 83、Err 168、前提不满足没调 7
    操作 ColdStartRecover：Ok 9、Err 0、前提不满足没调 0
    内容长度 0 字节：入口被调 76 次、发成 74 次
    内容长度 [1, 载荷容量 − 2]：入口被调 345 次、发成 339 次
    内容长度 数据单元整宽 32768（装不下）：入口被调 45 次、发成 0 次
    内容长度 载荷容量：入口被调 58 次、发成 56 次
    内容长度 载荷容量 + 1（装不下）：入口被调 44 次、发成 0 次
    内容长度 载荷容量 − 1：入口被调 51 次、发成 51 次
    Err 成员 MountError::InstanceRowsOnVersionWithoutFileUnsupported：4 次
    Err 成员 MountError::RaiseNeedsRewrittenInstanceTableUnitInCurrentVersion：37 次
    Err 成员 MountError::RollbackFloorAboveCeiling：131 次
    Err 成员 MountError::RollbackTargetNotACandidate（txg 低于生效的回退下界 F）：1 次
    Err 成员 MountError::RollbackTargetNotInRing：3 次
    Err 成员 MountError::RollbackToVersionWithoutFileUnsupported：4 次
    Err 成员 PublishError::ContentExceedsDataUnit：87 次
    Err 成员 PublishError::FirstFileVersionNotRightAfterTheSecondWarmUp：12 次
    前提不满足（没有可写会话）：37 次
    前提不满足（现行版本带文件）：9 次
    冷启动结局 FileRead：8 次
    冷启动结局 NoFile：1 次
    一次挂载里最多写出 28 条根；一段历史里最多挂载成功 8 次、最多试挂载 8 次
    抬 F 回收到落点 62 次、共回收 1750 个落点；复用已释放的记录 430 条（其中跨度变了 104 条）；已释放的记录被罩住起点 14 条、被删 14 条
    checker 跑了 901 次；一个写都没发、沿用上一次结论的 334 步
    I-1.1：判绿 901 次、不适用 0 次
    I-1.3：判绿 901 次、不适用 0 次
    I-1.4：判绿 901 次、不适用 0 次
    I-1.6：判绿 901 次、不适用 0 次
    I-1.7：判绿 901 次、不适用 0 次
    I-2.1：判绿 901 次、不适用 0 次
    I-2.3：判绿 901 次、不适用 0 次
    I-2.4：判绿 901 次、不适用 0 次
    I-2.5：判绿 901 次、不适用 0 次
    I-3.1：判绿 861 次、不适用 12 次
test opus_r2_y2_mount_only_generation ... ok

test result: ok. 1 passed; 0 failed; 0 ignored; 0 measured; 0 filtered out; finished in 12.41s

