
running 1 test
Y2 mode=a tier=fast new_findings=1 mount_rewrites=118 other_rewrites=140 mount_records=4023
  种子 [0, 96)，每段 30 步，比重：各类操作都抽（快档、大档）
  历史 96 段：跑完 41、以已知红收尾 {0: 47, 1: 1}、新发现 7；根环转过一圈的 60 段；最高 txg 35
    操作 PublishFirstFile：Ok 24、Err 60、前提不满足没调 56
    操作 PublishOverwrite：Ok 628、Err 101、前提不满足没调 456
    操作 PublishWithoutUnits：Ok 7、Err 0、前提不满足没调 63
    操作 CloseAndMountWritable：Ok 314、Err 92、前提不满足没调 0
    操作 CloseAndMountRollback：Ok 109、Err 192、前提不满足没调 0
    操作 RaiseRollbackFloor：Ok 41、Err 154、前提不满足没调 142
    操作 ColdStartRecover：Ok 96、Err 0、前提不满足没调 0
    内容长度 0 字节：入口被调 85 次、发成 82 次
    内容长度 [1, 载荷容量 − 2]：入口被调 478 次、发成 443 次
    内容长度 数据单元整宽 32768（装不下）：入口被调 49 次、发成 0 次
    内容长度 载荷容量：入口被调 70 次、发成 66 次
    内容长度 载荷容量 + 1（装不下）：入口被调 64 次、发成 0 次
    内容长度 载荷容量 − 1：入口被调 67 次、发成 61 次
    Err 成员 MountError::InstanceRowsOnVersionWithoutFileUnsupported：92 次
    Err 成员 MountError::RaiseNeedsRewrittenInstanceTableUnitInCurrentVersion：34 次
    Err 成员 MountError::RollbackFloorAboveCeiling：120 次
    Err 成员 MountError::RollbackTargetNotACandidate（txg 低于生效的回退下界 F）：1 次
    Err 成员 MountError::RollbackTargetNotACandidate（实例表里那个实例的行 T 更小：这是被抛弃时间线的根）：5 次
    Err 成员 MountError::RollbackTargetNotInRing：61 次
    Err 成员 MountError::RollbackToVersionWithoutFileUnsupported：125 次
    Err 成员 PublishError::ContentExceedsDataUnit：105 次
    Err 成员 PublishError::FirstFileVersionNotRightAfterTheSecondWarmUp：56 次
    前提不满足（没有可写会话）：660 次
    前提不满足（现行版本带文件）：33 次
    前提不满足（现行版本树表 0 条）：24 次
    冷启动结局 FileRead：77 次
    冷启动结局 NoFile：19 次
    一次挂载里最多写出 23 条根；一段历史里最多挂载成功 9 次、最多试挂载 12 次
    抬 F 回收到落点 30 次、共回收 836 个落点；复用已释放的记录 132 条（其中跨度变了 40 条）；已释放的记录被罩住起点 2 条、被删 2 条
    checker 跑了 1219 次；一个写都没发、沿用上一次结论的 1412 步
    I-1.1：判绿 1219 次、不适用 0 次
    I-1.3：判绿 1219 次、不适用 0 次
    I-1.4：判绿 1219 次、不适用 0 次
    I-1.6：判绿 1219 次、不适用 0 次
    I-1.7：判绿 1219 次、不适用 0 次
    I-2.1：判绿 1219 次、不适用 0 次
    I-2.3：判绿 1219 次、不适用 0 次
    I-2.4：判绿 1219 次、不适用 0 次
Y2 mode=a tier=reuse new_findings=1 mount_rewrites=214 other_rewrites=310 mount_records=2344
  种子 [0, 48)，每段 30 步，比重：偏向抬 F 之后的复用（第 121 行那一类的取样点）
  历史 48 段：跑完 11、以已知红收尾 {0: 24, 1: 1}、新发现 12；根环转过一圈的 42 段；最高 txg 37
    操作 PublishFirstFile：Ok 5、Err 11、前提不满足没调 2
    操作 PublishOverwrite：Ok 481、Err 80、前提不满足没调 27
    操作 PublishWithoutUnits：Ok 0、Err 0、前提不满足没调 9
    操作 CloseAndMountWritable：Ok 219、Err 4、前提不满足没调 0
    操作 CloseAndMountRollback：Ok 11、Err 8、前提不满足没调 0
    操作 RaiseRollbackFloor：Ok 72、Err 162、前提不满足没调 7
    操作 ColdStartRecover：Ok 7、Err 0、前提不满足没调 0
    内容长度 0 字节：入口被调 73 次、发成 71 次
    内容长度 [1, 载荷容量 − 2]：入口被调 318 次、发成 313 次
    内容长度 数据单元整宽 32768（装不下）：入口被调 39 次、发成 0 次
    内容长度 载荷容量：入口被调 55 次、发成 53 次
    内容长度 载荷容量 + 1（装不下）：入口被调 43 次、发成 0 次
    内容长度 载荷容量 − 1：入口被调 49 次、发成 49 次
    Err 成员 MountError::InstanceRowsOnVersionWithoutFileUnsupported：4 次
    Err 成员 MountError::RaiseNeedsRewrittenInstanceTableUnitInCurrentVersion：37 次
    Err 成员 MountError::RollbackFloorAboveCeiling：125 次
    Err 成员 MountError::RollbackTargetNotACandidate（txg 低于生效的回退下界 F）：1 次
    Err 成员 MountError::RollbackTargetNotInRing：3 次
    Err 成员 MountError::RollbackToVersionWithoutFileUnsupported：4 次
    Err 成员 PublishError::ContentExceedsDataUnit：80 次
    Err 成员 PublishError::FirstFileVersionNotRightAfterTheSecondWarmUp：11 次
    前提不满足（没有可写会话）：37 次
    前提不满足（现行版本带文件）：8 次
    冷启动结局 FileRead：6 次
    冷启动结局 NoFile：1 次
    一次挂载里最多写出 28 条根；一段历史里最多挂载成功 8 次、最多试挂载 8 次
    抬 F 回收到落点 52 次、共回收 1399 个落点；复用已释放的记录 296 条（其中跨度变了 90 条）；已释放的记录被罩住起点 10 条、被删 10 条
    checker 跑了 836 次；一个写都没发、沿用上一次结论的 317 步
    I-1.1：判绿 836 次、不适用 0 次
    I-1.3：判绿 836 次、不适用 0 次
    I-1.4：判绿 836 次、不适用 0 次
    I-1.6：判绿 836 次、不适用 0 次
    I-1.7：判绿 836 次、不适用 0 次
    I-2.1：判绿 836 次、不适用 0 次
    I-2.3：判绿 836 次、不适用 0 次
    I-2.4：判绿 836 次、不适用 0 次
    I-2.5：判绿 836 次、不适用 0 次
    I-3.1：判绿 799 次、不适用 12 次
test opus_r2_y2_mount_only_generation ... ok

test result: ok. 1 passed; 0 failed; 0 ignored; 0 measured; 0 filtered out; finished in 11.83s

