
running 1 test
Y2 mode=b tier=fast new_findings=1 mount_rewrites=0 other_rewrites=0 mount_records=776
  种子 [0, 96)，每段 30 步，比重：各类操作都抽（快档、大档）
  历史 96 段：跑完 24、以已知红收尾 {}、新发现 72；根环转过一圈的 0 段；最高 txg 16
    操作 PublishFirstFile：Ok 24、Err 17、前提不满足没调 46
    操作 PublishOverwrite：Ok 134、Err 18、前提不满足没调 365
    操作 PublishWithoutUnits：Ok 7、Err 0、前提不满足没调 29
    操作 CloseAndMountWritable：Ok 108、Err 92、前提不满足没调 0
    操作 CloseAndMountRollback：Ok 12、Err 129、前提不满足没调 0
    操作 RaiseRollbackFloor：Ok 0、Err 34、前提不满足没调 117
    操作 ColdStartRecover：Ok 41、Err 0、前提不满足没调 0
    内容长度 0 字节：入口被调 21 次、发成 21 次
    内容长度 [1, 载荷容量 − 2]：入口被调 112 次、发成 104 次
    内容长度 数据单元整宽 32768（装不下）：入口被调 12 次、发成 0 次
    内容长度 载荷容量：入口被调 17 次、发成 17 次
    内容长度 载荷容量 + 1（装不下）：入口被调 13 次、发成 0 次
    内容长度 载荷容量 − 1：入口被调 18 次、发成 16 次
    Err 成员 MountError::InstanceRowsOnVersionWithoutFileUnsupported：92 次
    Err 成员 MountError::RaiseNeedsRewrittenInstanceTableUnitInCurrentVersion：34 次
    Err 成员 MountError::RollbackTargetNotInRing：22 次
    Err 成员 MountError::RollbackToVersionWithoutFileUnsupported：107 次
    Err 成员 PublishError::ContentExceedsDataUnit：22 次
    Err 成员 PublishError::FirstFileVersionNotRightAfterTheSecondWarmUp：13 次
    前提不满足（没有可写会话）：529 次
    前提不满足（现行版本带文件）：4 次
    前提不满足（现行版本树表 0 条）：24 次
    冷启动结局 FileRead：22 次
    冷启动结局 NoFile：19 次
    一次挂载里最多写出 13 条根；一段历史里最多挂载成功 2 次、最多试挂载 12 次
    抬 F 回收到落点 0 次、共回收 0 个落点；复用已释放的记录 0 条（其中跨度变了 0 条）；已释放的记录被罩住起点 0 条、被删 0 条
    checker 跑了 381 次；一个写都没发、沿用上一次结论的 888 步
    I-1.1：判绿 381 次、不适用 0 次
    I-1.3：判绿 381 次、不适用 0 次
    I-1.4：判绿 381 次、不适用 0 次
    I-1.6：判绿 381 次、不适用 0 次
    I-1.7：判绿 381 次、不适用 0 次
    I-2.1：判绿 381 次、不适用 0 次
    I-2.3：判绿 381 次、不适用 0 次
    I-2.4：判绿 381 次、不适用 0 次
    I-2.5：判绿 381 次、不适用 0 次
    I-3.1：判绿 278 次、不适用 103 次
    I-3.8：判绿 381 次、不适用 0 次
Y2 mode=b tier=reuse new_findings=1 mount_rewrites=0 other_rewrites=0 mount_records=479
  种子 [0, 48)，每段 30 步，比重：偏向抬 F 之后的复用（第 121 行那一类的取样点）
  历史 48 段：跑完 1、以已知红收尾 {}、新发现 47；根环转过一圈的 0 段；最高 txg 13
    操作 PublishFirstFile：Ok 5、Err 1、前提不满足没调 2
    操作 PublishOverwrite：Ok 91、Err 8、前提不满足没调 19
    操作 PublishWithoutUnits：Ok 0、Err 0、前提不满足没调 3
    操作 CloseAndMountWritable：Ok 51、Err 4、前提不满足没调 0
    操作 CloseAndMountRollback：Ok 2、Err 3、前提不满足没调 0
    操作 RaiseRollbackFloor：Ok 0、Err 37、前提不满足没调 4
    操作 ColdStartRecover：Ok 2、Err 0、前提不满足没调 0
    内容长度 0 字节：入口被调 19 次、发成 19 次
    内容长度 [1, 载荷容量 − 2]：入口被调 57 次、发成 56 次
    内容长度 数据单元整宽 32768（装不下）：入口被调 3 次、发成 0 次
    内容长度 载荷容量：入口被调 11 次、发成 11 次
    内容长度 载荷容量 + 1（装不下）：入口被调 5 次、发成 0 次
    内容长度 载荷容量 − 1：入口被调 10 次、发成 10 次
    Err 成员 MountError::InstanceRowsOnVersionWithoutFileUnsupported：4 次
    Err 成员 MountError::RaiseNeedsRewrittenInstanceTableUnitInCurrentVersion：37 次
    Err 成员 MountError::RollbackToVersionWithoutFileUnsupported：3 次
    Err 成员 PublishError::ContentExceedsDataUnit：8 次
    Err 成员 PublishError::FirstFileVersionNotRightAfterTheSecondWarmUp：1 次
    前提不满足（没有可写会话）：26 次
    前提不满足（现行版本带文件）：2 次
    冷启动结局 FileRead：1 次
    冷启动结局 NoFile：1 次
    一次挂载里最多写出 10 条根；一段历史里最多挂载成功 2 次、最多试挂载 7 次
    抬 F 回收到落点 0 次、共回收 0 个落点；复用已释放的记录 0 条（其中跨度变了 0 条）；已释放的记录被罩住起点 0 条、被删 0 条
    checker 跑了 197 次；一个写都没发、沿用上一次结论的 83 步
    I-1.1：判绿 197 次、不适用 0 次
    I-1.3：判绿 197 次、不适用 0 次
    I-1.4：判绿 197 次、不适用 0 次
    I-1.6：判绿 197 次、不适用 0 次
    I-1.7：判绿 197 次、不适用 0 次
    I-2.1：判绿 197 次、不适用 0 次
    I-2.3：判绿 197 次、不适用 0 次
    I-2.4：判绿 197 次、不适用 0 次
    I-2.5：判绿 197 次、不适用 0 次
    I-3.1：判绿 185 次、不适用 12 次
    I-3.8：判绿 197 次、不适用 0 次
    I-3.9：判绿 185 次、不适用 12 次
    I-4.8：判绿 197 次、不适用 0 次
test opus_r2_y2_mount_only_generation ... ok

test result: ok. 1 passed; 0 failed; 0 ignored; 0 measured; 0 filtered out; finished in 2.03s

