R3A seq=UOOUOMSU applied=UOOUOMSU writes=589 segments=83 closed_form_full=3438215360
  R3A seq=UOOUOMSU images_identical(X,Y)=true differing_sectors=0 images_identical(X2,Y2)=false differing_sectors=2
test result: ok. 1 passed; 0 failed; 0 ignored; 0 measured; 19 filtered out; finished in 0.95s
R3B writes=99 segments=16 closed_form_full=201326619 txg=(4, 5) data_slots=(50178, 50178)
  R3STATE C513_units_of_txg5_landed_records_and_root_not eff=Some((1, 4)) layer0: oracle=1 oracle_ignored=1 checker_violated=7 record_root_without_record=0 record_claimed_state_missing_unit=1 red=true why=oracle=走读失败：MappingStillUnreadable { slot: SlotNumber(50178) }（持久的写：system_configuration_slot|system_configuration_slot|journal_record|journal_record|root_record_fua|s | oracle_ignored=走读失败：MappingStillUnreadable { slot: SlotNumber(50178) } | record:claimed_state_missing_unit | I-2.1:数据单元 在盘 0 槽 50178 的那一份与位置条目里的校验和对不上 | I-3.1:盘 0：记账的已分配 Some(262144)，遍历全部有效根得到 507904（其中隔离豁免 0）；机理：根环槽数 24、最新根 txg 4、环里自证过的根槽 5 个、最老的自证过的根 txg 0、遍历的候选根槽 5 个、并进遍历的由记录施加出来的版本 0 个、被实例表判抛弃的根槽 0 个、回退下界 F 0、低于 F 的根槽 0 个 | I-3.10:盘 1 槽 50178 的分配记录（未释放、跨 2 槽）分配代 4，它罩住的单元头里的诞生代号是 5 | I-4.8:最新根（txg 4）出发的遍历有单元对不上或读不出 | I-5.1:盘 0：树表单元（槽 50178 跨 1）与 数据单元（槽 50178）重叠 | I-7.2:最新的根走不完：数据单元两份都读不到对得上的；映射条目指的单元两份都读不到对得上的 | I-7.4:最新根（txg 4）引用的单元已被复用或抹头（校验和对不上或头用不了）
  R3STATE C513_everything_but_the_txg5_root eff=Some((1, 5)) layer0: oracle=0 oracle_ignored=1 checker_violated=7 record_root_without_record=0 record_claimed_state_missing_unit=1 red=true why=oracle_ignored=走读失败：MappingStillUnreadable { slot: SlotNumber(50178) } | record:claimed_state_missing_unit | I-2.1:数据单元 在盘 0 槽 50178 的那一份与位置条目里的校验和对不上 | I-3.1:盘 0：记账的已分配 Some(262144)，遍历全部有效根得到 507904（其中隔离豁免 0）；机理：根环槽数 24、最新根 txg 4、环里自证过的根槽 5 个、最老的自证过的根 txg 0、遍历的候选根槽 5 个、并进遍历的由记录施加出来的版本 0 个、被实例表判抛弃的根槽 0 个、回退下界 F 0、低于 F 的根槽 0 个 | I-3.10:盘 1 槽 50178 的分配记录（未释放、跨 2 槽）分配代 4，它罩住的单元头里的诞生代号是 5 | I-4.8:最新根（txg 4）出发的遍历有单元对不上或读不出 | I-5.1:盘 0：树表单元（槽 50178 跨 1）与 数据单元（槽 50178）重叠 | I-7.2:最新的根走不完：数据单元两份都读不到对得上的；映射条目指的单元两份都读不到对得上的 | I-7.4:最新根（txg 4）引用的单元已被复用或抹头（校验和对不上或头用不了）
  R3STATE C513_every_write_persisted eff=Some((1, 5)) layer0: oracle=0 oracle_ignored=0 checker_violated=6 record_root_without_record=0 record_claimed_state_missing_unit=1 red=true why=record:claimed_state_missing_unit | I-2.1:树表单元 在盘 0 槽 50178 的那一份与位置条目里的校验和对不上 | I-3.1:盘 0：记账的已分配 Some(262144)，遍历全部有效根得到 704512（其中隔离豁免 0）；机理：根环槽数 24、最新根 txg 5、环里自证过的根槽 6 个、最老的自证过的根 txg 0、遍历的候选根槽 6 个、并进遍历的由记录施加出来的版本 0 个、被实例表判抛弃的根槽 0 个、回退下界 F 0、低于 F 的根槽 0 个 | I-3.10:盘 1 槽 50178 的分配记录（未释放、跨 2 槽）分配代 4，它罩住的单元头里的诞生代号是 5 | I-4.8:候选根 txg 0 出发的遍历有单元对不上或读不出 | I-5.1:盘 0：树表单元（槽 50178 跨 1）与 数据单元（槽 50178）重叠 | I-7.4:候选根 txg 0 引用的单元已被复用或抹头（校验和对不上或头用不了）
test result: ok. 1 passed; 0 failed; 0 ignored; 0 measured; 19 filtered out; finished in 0.05s
SCENARIO S0_baseline toolchain=[cargo 1.98.0 (797e8a9bc 2026-08-05);rustc 1.98.0 (88d9e12ae 2026-08-18);] toolchain_sha256=d6562b4791e169cb compiled=1 OPUS_R3_ENV overflow_checks=true debug_assertions=false cfg_opus_probe=false build_env=None run_env=None
SCENARIO S1_ancestor_dot_cargo_config toolchain=[cargo 1.98.0 (797e8a9bc 2026-08-05);rustc 1.98.0 (88d9e12ae 2026-08-18);] toolchain_sha256=d6562b4791e169cb compiled=1 OPUS_R3_ENV overflow_checks=false debug_assertions=false cfg_opus_probe=false build_env=Some("from-ancestor-config") run_env=Some("from-ancestor-config")
SCENARIO S2_CARGO_HOME_config toolchain=[cargo 1.98.0 (797e8a9bc 2026-08-05);rustc 1.98.0 (88d9e12ae 2026-08-18);] toolchain_sha256=d6562b4791e169cb compiled=1 OPUS_R3_ENV overflow_checks=true debug_assertions=false cfg_opus_probe=true build_env=None run_env=None
SCENARIO S3_CARGO_TARGET_triple_RUSTFLAGS toolchain=[cargo 1.98.0 (797e8a9bc 2026-08-05);rustc 1.98.0 (88d9e12ae 2026-08-18);] toolchain_sha256=d6562b4791e169cb compiled=0 OPUS_R3_ENV overflow_checks=true debug_assertions=false cfg_opus_probe=true build_env=None run_env=None
SCENARIO S6_CARGO_TARGET_triple_RUNNER toolchain=[cargo 1.98.0 (797e8a9bc 2026-08-05);rustc 1.98.0 (88d9e12ae 2026-08-18);] toolchain_sha256=d6562b4791e169cb compiled=0 OPUS_R3_ENV overflow_checks=true debug_assertions=false cfg_opus_probe=false build_env=None run_env=Some("from-runner")
SCENARIO S7_RUSTC_WORKSPACE_WRAPPER toolchain=[cargo 1.98.0 (797e8a9bc 2026-08-05);rustc 1.98.0 (88d9e12ae 2026-08-18);] toolchain_sha256=d6562b4791e169cb compiled=1 OPUS_R3_ENV overflow_checks=true debug_assertions=false cfg_opus_probe=true build_env=None run_env=None
SCENARIO S0b_baseline_fresh_target toolchain=[cargo 1.98.0 (797e8a9bc 2026-08-05);rustc 1.98.0 (88d9e12ae 2026-08-18);] toolchain_sha256=d6562b4791e169cb compiled=1 OPUS_R3_ENV overflow_checks=true debug_assertions=false cfg_opus_probe=false build_env=None run_env=None
SCENARIO S4b_RUSTC_WRAPPER_fresh_target toolchain=[cargo 1.98.0 (797e8a9bc 2026-08-05);rustc 1.98.0 (88d9e12ae 2026-08-18);] toolchain_sha256=d6562b4791e169cb compiled=1 OPUS_R3_ENV overflow_checks=true debug_assertions=false cfg_opus_probe=true build_env=None run_env=None
SCENARIO S5b_RUSTC_fresh_target toolchain=[cargo 1.98.0 (797e8a9bc 2026-08-05);rustc 1.98.0 (88d9e12ae 2026-08-18);] toolchain_sha256=d6562b4791e169cb compiled=1 OPUS_R3_ENV overflow_checks=true debug_assertions=false cfg_opus_probe=true build_env=None run_env=None
SCENARIO S4c_RUSTC_WRAPPER_old_target toolchain=[cargo 1.98.0 (797e8a9bc 2026-08-05);rustc 1.98.0 (88d9e12ae 2026-08-18);] toolchain_sha256=d6562b4791e169cb compiled=0 OPUS_R3_ENV overflow_checks=true debug_assertions=false cfg_opus_probe=false build_env=None run_env=None
SCENARIO S8_back_to_baseline toolchain=[cargo 1.98.0 (797e8a9bc 2026-08-05);rustc 1.98.0 (88d9e12ae 2026-08-18);] toolchain_sha256=d6562b4791e169cb compiled=0 OPUS_R3_ENV overflow_checks=true debug_assertions=false cfg_opus_probe=false build_env=None run_env=None
X_only_y:Today=21 X_only_y:SecPers=0 X_only_y:SecPers513=0 X_only_y:SecDisk=0 X_only_y:SecDisk513=0 X_only_y:SecDiskRec=0 X_only_y:SecDiskRec513=0 X_only_y:layer0_red=21
Y_u2:Today=21 Y_u2:SecPers=21 Y_u2:SecPers513=21 Y_u2:SecDisk=0 Y_u2:SecDisk513=0 Y_u2:SecDiskRec=0 Y_u2:SecDiskRec513=0 Y_u2:layer0_red=21
Yp_only:Today=0 Yp_only:SecPers=21 Yp_only:SecPers513=21 Yp_only:SecDisk=21 Yp_only:SecDisk513=21 Yp_only:SecDiskRec=21 Yp_only:SecDiskRec513=21 Yp_only:layer0_red=0
C_u_and:Today=21 C_u_and:SecPers=21 C_u_and:SecPers513=21 C_u_and:SecDisk=21 C_u_and:SecDisk513=21 C_u_and:SecDiskRec=21 C_u_and:SecDiskRec513=21 C_u_and:layer0_red=21
images_identical(X,Y)=true in 21 of 21 histories with a u2
rerun exit=0
