2026-09-24T17:04:40Z
    Finished `release` profile [optimized + debuginfo] target(s) in 0.00s
     Running tests/opus_r1_attack.rs (target/release/deps/opus_r1_attack-89915c639d7b9cff)

running 1 test
test z6_a2_random_histories_on_fresh_seeds has been running for over 60 seconds
OBS a2-broad seeds=[7463871032433355113, +1500) ops=60 known_red=107 new_findings=0 secs=441.1
种子 [7463871032433355113, 7463871032433356613)，每段 60 步，比重：各类操作都抽（快档、大档）；每一步之后跑池级 checker；两块 4 GiB 的盘
历史 1500 段：跑完 1393、以已知红收尾 {0: 107}、新发现 0；根环转过一圈的 1467 段；最高 txg 92
  操作 PublishFirstFile：Ok 1136、Err 2467、前提不满足没调 448
  操作 PublishOverwrite：Ok 25312、Err 4092、前提不满足没调 12749
  操作 PublishWithoutUnits：Ok 549、Err 0、前提不满足没调 1374
  操作 CloseAndMountWritable：Ok 12995、Err 0、前提不满足没调 0
  操作 CloseAndMountRollback：Ok 6254、Err 2949、前提不满足没调 0
  操作 RaiseRollbackFloor：Ok 3958、Err 5232、前提不满足没调 3903
  操作 ColdStartRecover：Ok 3753、Err 0、前提不满足没调 0
  内容长度 0 字节：入口被调 3242 次、发成 3035 次
  内容长度 [1, 载荷容量 − 2]：入口被调 19843 次、发成 18483 次
  内容长度 数据单元整宽 32768（装不下）：入口被调 2291 次、发成 0 次
  内容长度 载荷容量：入口被调 2642 次、发成 2457 次
  内容长度 载荷容量 + 1（装不下）：入口被调 2338 次、发成 0 次
  内容长度 载荷容量 − 1：入口被调 2651 次、发成 2473 次
  Err 成员 MountError::RollbackFloorAboveCeiling：5232 次
  Err 成员 MountError::RollbackTargetNotACandidate(BelowEffectiveFloor)：162 次
  Err 成员 MountError::RollbackTargetNotACandidate(NotInRing)：1875 次
  Err 成员 MountError::RollbackTargetNotACandidate(OnAbandonedTimeline)：912 次
  Err 成员 PublishError::ContentExceedsDataUnit：4274 次
  Err 成员 PublishError::FirstFileVersionOnAVersionThatAlreadyHasAFile：2285 次
  前提不满足（没有可写会话）：7504 次
  前提不满足（现行版本带文件）：1158 次
  前提不满足（现行版本树表 0 条）：9812 次
  冷启动结局 FileRead：2913 次
  冷启动结局 NoFile：840 次
  一次挂载里最多写出 32 条根；一段历史里最多挂载成功 23 次、最多试挂载 26 次
  抬 F 回收到落点 1956 次、共回收 58024 个落点；复用已释放的记录 137948 条（其中跨度变了 14616 条）；已释放的记录被罩住起点 3746 条、被删 3746 条
  挂载写出的发布比过分配记录 34291 次；挂载之前生效根的分配记录读不出、没比的挂载 0 次
  checker 跑了 51704 次；一个写都没发、沿用上一次结论的 36967 步
  模型对拍 69450 步：该拒而拒 14740、区间里拒 0、该成而成 54710；比过根 85215 条、分配记录 1266280 条、冷启动内容 2913 次、抬 F 上限 9190 次；回退到 txg = F_生效 > 0 的根做成 27 次；分配记录墙按镜像上的真条数放行 0 次；单元区墙按区间放行 0 次
  I-1.1：判绿 51704 次、不适用 0 次
  I-1.2：判绿 51704 次、不适用 0 次
  I-1.3：判绿 51704 次、不适用 0 次
  I-1.4：判绿 51704 次、不适用 0 次
  I-1.6：判绿 51704 次、不适用 0 次
  I-1.7：判绿 51704 次、不适用 0 次
  I-1.8：判绿 51704 次、不适用 0 次
  I-1.10：判绿 45234 次、不适用 6470 次
  I-2.1：判绿 51704 次、不适用 0 次
  I-2.3：判绿 51704 次、不适用 0 次
  I-2.4：判绿 51704 次、不适用 0 次
  I-2.5：判绿 51704 次、不适用 0 次
  I-3.1：判绿 45127 次、不适用 6470 次
  I-3.8：判绿 51704 次、不适用 0 次
  I-3.9：判绿 45234 次、不适用 6470 次
  I-3.10：判绿 49997 次、不适用 1707 次
  I-3.11：判绿 45234 次、不适用 6470 次
  I-4.2：判绿 51704 次、不适用 0 次
  I-4.8：判绿 51704 次、不适用 0 次
  I-5.1：判绿 51704 次、不适用 0 次
  I-5.2：判绿 45234 次、不适用 6470 次
  I-5.4：判绿 45234 次、不适用 6470 次
  I-7.1：判绿 51704 次、不适用 0 次
  I-7.2：判绿 51704 次、不适用 0 次
  I-7.3：判绿 51704 次、不适用 0 次
  I-7.4：判绿 51704 次、不适用 0 次
  I-7.6：判绿 51704 次、不适用 0 次
  I-7.7：判绿 51704 次、不适用 0 次
  I-7.8：判绿 51704 次、不适用 0 次
  I-7.9：判绿 22956 次、不适用 28748 次
  I-8.6：判绿 50957 次、不适用 747 次
  I-8.7：判绿 44236 次、不适用 7468 次
  I-8.8：判绿 0 次、不适用 51704 次
  I-8.9：判绿 50957 次、不适用 747 次
  I-9.1：判绿 45234 次、不适用 6470 次
  I-9.2：判绿 45234 次、不适用 6470 次
  I-9.4：判绿 45234 次、不适用 6470 次
  I-9.6：判绿 45234 次、不适用 6470 次
  I-9.7：判绿 45234 次、不适用 6470 次
  I-9.10：判绿 45234 次、不适用 6470 次
  I-9.12：判绿 45234 次、不适用 6470 次
  I-9.13：判绿 45234 次、不适用 6470 次
  I-9.14：判绿 43345 次、不适用 8359 次
  I-9.15：判绿 45234 次、不适用 6470 次
已知红第 0 条（增补 2 收口表第 43 行）：107 段；前几个种子 [(7463871032433355126, Operation(9)), (7463871032433355127, Operation(47)), (7463871032433355141, Operation(33)), (7463871032433355157, Operation(49)), (7463871032433355169, Operation(34)), (7463871032433355174, Operation(21)), (7463871032433355176, Operation(52)), (7463871032433355191, Operation(20))]

OBS a2-rollback seeds=[7463871032434355113, +1500) ops=60 known_red=14 new_findings=0 secs=270.7
种子 [7463871032434355113, 7463871032434356613)，每段 60 步，比重：偏向抬 F 之后回退（B2 那一格的取样点）；每一步之后跑池级 checker；两块 4 GiB 的盘
历史 1500 段：跑完 1486、以已知红收尾 {0: 14}、新发现 0；根环转过一圈的 1488 段；最高 txg 97
  操作 PublishFirstFile：Ok 624、Err 275、前提不满足没调 144
  操作 PublishOverwrite：Ok 5078、Err 833、前提不满足没调 29446
  操作 PublishWithoutUnits：Ok 596、Err 0、前提不满足没调 277
  操作 CloseAndMountWritable：Ok 6712、Err 0、前提不满足没调 0
  操作 CloseAndMountRollback：Ok 17416、Err 5140、前提不满足没调 0
  操作 RaiseRollbackFloor：Ok 1183、Err 2595、前提不满足没调 18258
  操作 ColdStartRecover：Ok 925、Err 0、前提不满足没调 0
  内容长度 0 字节：入口被调 679 次、发成 657 次
  内容长度 [1, 载荷容量 − 2]：入口被调 4076 次、发成 3979 次
  内容长度 数据单元整宽 32768（装不下）：入口被调 477 次、发成 0 次
  内容长度 载荷容量：入口被调 567 次、发成 548 次
  内容长度 载荷容量 + 1（装不下）：入口被调 486 次、发成 0 次
  内容长度 载荷容量 − 1：入口被调 525 次、发成 518 次
  Err 成员 MountError::RollbackFloorAboveCeiling：2595 次
  Err 成员 MountError::RollbackTargetNotACandidate(BelowEffectiveFloor)：38 次
  Err 成员 MountError::RollbackTargetNotACandidate(NotInRing)：2247 次
  Err 成员 MountError::RollbackTargetNotACandidate(OnAbandonedTimeline)：2855 次
  Err 成员 PublishError::ContentExceedsDataUnit：943 次
  Err 成员 PublishError::FirstFileVersionOnAVersionThatAlreadyHasAFile：165 次
  前提不满足（没有可写会话）：10052 次
  前提不满足（现行版本带文件）：138 次
  前提不满足（现行版本树表 0 条）：37935 次
  冷启动结局 FileRead：181 次
  冷启动结局 NoFile：744 次
  一次挂载里最多写出 25 条根；一段历史里最多挂载成功 27 次、最多试挂载 32 次
  抬 F 回收到落点 269 次、共回收 5099 个落点；复用已释放的记录 12560 条（其中跨度变了 1304 条）；已释放的记录被罩住起点 198 条、被删 198 条
  挂载写出的发布比过分配记录 8171 次；挂载之前生效根的分配记录读不出、没比的挂载 0 次
  checker 跑了 33109 次；一个写都没发、沿用上一次结论的 57893 步
  模型对拍 42716 步：该拒而拒 8843、区间里拒 0、该成而成 33873；比过根 78608 条、分配记录 315794 条、冷启动内容 181 次、抬 F 上限 3778 次；回退到 txg = F_生效 > 0 的根做成 419 次；分配记录墙按镜像上的真条数放行 0 次；单元区墙按区间放行 0 次
  I-1.1：判绿 33109 次、不适用 0 次
  I-1.2：判绿 33109 次、不适用 0 次
  I-1.3：判绿 33109 次、不适用 0 次
  I-1.4：判绿 33109 次、不适用 0 次
  I-1.6：判绿 33109 次、不适用 0 次
  I-1.7：判绿 33109 次、不适用 0 次
  I-1.8：判绿 33109 次、不适用 0 次
  I-1.10：判绿 11539 次、不适用 21570 次
  I-2.1：判绿 33109 次、不适用 0 次
  I-2.3：判绿 33109 次、不适用 0 次
  I-2.4：判绿 33109 次、不适用 0 次
  I-2.5：判绿 33109 次、不适用 0 次
  I-3.1：判绿 11525 次、不适用 21570 次
  I-3.8：判绿 33109 次、不适用 0 次
  I-3.9：判绿 11539 次、不适用 21570 次
  I-3.10：判绿 32781 次、不适用 328 次
  I-3.11：判绿 11539 次、不适用 21570 次
  I-4.2：判绿 33109 次、不适用 0 次
  I-4.8：判绿 33109 次、不适用 0 次
  I-5.1：判绿 33109 次、不适用 0 次
  I-5.2：判绿 11539 次、不适用 21570 次
  I-5.4：判绿 11539 次、不适用 21570 次
  I-7.1：判绿 33109 次、不适用 0 次
  I-7.2：判绿 33109 次、不适用 0 次
  I-7.3：判绿 33109 次、不适用 0 次
  I-7.4：判绿 33109 次、不适用 0 次
  I-7.6：判绿 33109 次、不适用 0 次
  I-7.7：判绿 33109 次、不适用 0 次
  I-7.8：判绿 33109 次、不适用 0 次
  I-7.9：判绿 4679 次、不适用 28430 次
  I-8.6：判绿 32948 次、不适用 161 次
  I-8.7：判绿 20128 次、不适用 12981 次
  I-8.8：判绿 0 次、不适用 33109 次
  I-8.9：判绿 32948 次、不适用 161 次
  I-9.1：判绿 11539 次、不适用 21570 次
  I-9.2：判绿 11539 次、不适用 21570 次
  I-9.4：判绿 11539 次、不适用 21570 次
  I-9.6：判绿 11539 次、不适用 21570 次
  I-9.7：判绿 11539 次、不适用 21570 次
  I-9.10：判绿 11539 次、不适用 21570 次
  I-9.12：判绿 11539 次、不适用 21570 次
  I-9.13：判绿 11539 次、不适用 21570 次
  I-9.14：判绿 9576 次、不适用 23533 次
  I-9.15：判绿 11539 次、不适用 21570 次
已知红第 0 条（增补 2 收口表第 43 行）：14 段；前几个种子 [(7463871032434355156, Operation(13)), (7463871032434355175, Operation(48)), (7463871032434355302, Operation(22)), (7463871032434355308, Operation(39)), (7463871032434355484, Operation(17)), (7463871032434355546, Operation(16)), (7463871032434355825, Operation(15)), (7463871032434355834, Operation(10))]

OBS a2-reuse seeds=[7463871032435355113, +1500) ops=60 known_red=45 new_findings=0 secs=646.2
种子 [7463871032435355113, 7463871032435356613)，每段 60 步，比重：偏向抬 F 之后的复用（第 121 行那一类的取样点）；每一步之后跑池级 checker；两块 4 GiB 的盘
历史 1500 段：跑完 1455、以已知红收尾 {0: 45}、新发现 0；根环转过一圈的 1494 段；最高 txg 105
  操作 PublishFirstFile：Ok 155、Err 854、前提不满足没调 25
  操作 PublishOverwrite：Ok 38482、Err 6113、前提不满足没调 3728
  操作 PublishWithoutUnits：Ok 49、Err 0、前提不满足没调 837
  操作 CloseAndMountWritable：Ok 16646、Err 0、前提不满足没调 0
  操作 CloseAndMountRollback：Ok 1329、Err 479、前提不满足没调 0
  操作 RaiseRollbackFloor：Ok 8173、Err 9624、前提不满足没调 1488
  操作 ColdStartRecover：Ok 968、Err 0、前提不满足没调 0
  内容长度 0 字节：入口被调 4592 次、发成 4511 次
  内容长度 [1, 载荷容量 − 2]：入口被调 27488 次、发成 26990 次
  内容长度 数据单元整宽 32768（装不下）：入口被调 3109 次、发成 0 次
  内容长度 载荷容量：入口被调 3692 次、发成 3627 次
  内容长度 载荷容量 + 1（装不下）：入口被调 3149 次、发成 0 次
  内容长度 载荷容量 − 1：入口被调 3574 次、发成 3509 次
  Err 成员 MountError::RollbackFloorAboveCeiling：9624 次
  Err 成员 MountError::RollbackTargetNotACandidate(BelowEffectiveFloor)：61 次
  Err 成员 MountError::RollbackTargetNotACandidate(NotInRing)：376 次
  Err 成员 MountError::RollbackTargetNotACandidate(OnAbandonedTimeline)：42 次
  Err 成员 PublishError::ContentExceedsDataUnit：6144 次
  Err 成员 PublishError::FirstFileVersionOnAVersionThatAlreadyHasAFile：823 次
  前提不满足（没有可写会话）：1754 次
  前提不满足（现行版本带文件）：811 次
  前提不满足（现行版本树表 0 条）：3513 次
  冷启动结局 FileRead：903 次
  冷启动结局 NoFile：65 次
  一次挂载里最多写出 44 条根；一段历史里最多挂载成功 25 次、最多试挂载 25 次
  抬 F 回收到落点 5347 次、共回收 191819 个落点；复用已释放的记录 311100 条（其中跨度变了 32910 条）；已释放的记录被罩住起点 12052 条、被删 12052 条
  挂载写出的发布比过分配记录 40918 次；挂载之前生效根的分配记录读不出、没比的挂载 0 次
  checker 跑了 66334 次；一个写都没发、沿用上一次结论的 24116 步
  模型对拍 84231 步：该拒而拒 17070、区间里拒 0、该成而成 67161；比过根 103830 条、分配记录 1799692 条、冷启动内容 903 次、抬 F 上限 17797 次；回退到 txg = F_生效 > 0 的根做成 10 次；分配记录墙按镜像上的真条数放行 0 次；单元区墙按区间放行 0 次
  I-1.1：判绿 66334 次、不适用 0 次
  I-1.2：判绿 66334 次、不适用 0 次
  I-1.3：判绿 66334 次、不适用 0 次
  I-1.4：判绿 66334 次、不适用 0 次
  I-1.6：判绿 66334 次、不适用 0 次
  I-1.7：判绿 66334 次、不适用 0 次
  I-1.8：判绿 66334 次、不适用 0 次
  I-1.10：判绿 64995 次、不适用 1339 次
  I-2.1：判绿 66334 次、不适用 0 次
  I-2.3：判绿 66334 次、不适用 0 次
  I-2.4：判绿 66334 次、不适用 0 次
  I-2.5：判绿 66334 次、不适用 0 次
  I-3.1：判绿 64950 次、不适用 1339 次
  I-3.8：判绿 66334 次、不适用 0 次
  I-3.9：判绿 64995 次、不适用 1339 次
  I-3.10：判绿 66048 次、不适用 286 次
  I-3.11：判绿 64995 次、不适用 1339 次
  I-4.2：判绿 66334 次、不适用 0 次
  I-4.8：判绿 66334 次、不适用 0 次
  I-5.1：判绿 66334 次、不适用 0 次
  I-5.2：判绿 64995 次、不适用 1339 次
  I-5.4：判绿 64995 次、不适用 1339 次
  I-7.1：判绿 66334 次、不适用 0 次
  I-7.2：判绿 66334 次、不适用 0 次
  I-7.3：判绿 66334 次、不适用 0 次
  I-7.4：判绿 66334 次、不适用 0 次
  I-7.6：判绿 66334 次、不适用 0 次
  I-7.7：判绿 66334 次、不适用 0 次
  I-7.8：判绿 66334 次、不适用 0 次
  I-7.9：判绿 44352 次、不适用 21982 次
  I-8.6：判绿 66193 次、不适用 141 次
  I-8.7：判绿 62302 次、不适用 4032 次
  I-8.8：判绿 0 次、不适用 66334 次
  I-8.9：判绿 66193 次、不适用 141 次
  I-9.1：判绿 64995 次、不适用 1339 次
  I-9.2：判绿 64995 次、不适用 1339 次
  I-9.4：判绿 64995 次、不适用 1339 次
  I-9.6：判绿 64995 次、不适用 1339 次
  I-9.7：判绿 64995 次、不适用 1339 次
  I-9.10：判绿 64995 次、不适用 1339 次
  I-9.12：判绿 64995 次、不适用 1339 次
  I-9.13：判绿 64995 次、不适用 1339 次
  I-9.14：判绿 63481 次、不适用 2853 次
  I-9.15：判绿 64995 次、不适用 1339 次
已知红第 0 条（增补 2 收口表第 43 行）：45 段；前几个种子 [(7463871032435355128, Operation(27)), (7463871032435355150, Operation(24)), (7463871032435355188, Operation(40)), (7463871032435355209, Operation(30)), (7463871032435355211, Operation(27)), (7463871032435355253, Operation(40)), (7463871032435355328, Operation(43)), (7463871032435355356, Operation(41))]

test z6_a2_random_histories_on_fresh_seeds ... ok

test result: ok. 1 passed; 0 failed; 0 ignored; 0 measured; 2 filtered out; finished in 1357.94s

rc=0
2026-09-24T17:27:17Z
