Q1RESULT name=grid c=1 arm=jia_pool_once demand=logical series_gate=none states=1049760 t1_equal_data_fits=160 t1_short_data_fits=18560 t1_data_itself_does_not_fit=416360 t2_total=0 t2_caused_by_term8=0 t1_equal_smallest=free0=1:free1=1:in_flight=0:request=1 t1_short_smallest=free0=1:free1=2:in_flight=0:request=1 t2_term8_smallest=none
Q1RESULT name=grid c=1 arm=jia_pool_once demand=logical series_gate=d16_per_copy states=1049760 t1_equal_data_fits=0 t1_short_data_fits=0 t1_data_itself_does_not_fit=0 t2_total=374400 t2_caused_by_term8=0 t1_equal_smallest=none t1_short_smallest=none t2_term8_smallest=none
Q1RESULT name=grid c=1 arm=jia_pool_once demand=logical series_gate=d16_summed states=1049760 t1_equal_data_fits=66 t1_short_data_fits=16440 t1_data_itself_does_not_fit=282209 t2_total=7635 t2_caused_by_term8=0 t1_equal_smallest=free0=26:free1=26:in_flight=3:request=23 t1_short_smallest=free0=25:free1=26:in_flight=3:request=22 t2_term8_smallest=none
Q1RESULT name=grid c=1 arm=jia_pool_once demand=disk series_gate=none states=1049760 t1_equal_data_fits=0 t1_short_data_fits=18560 t1_data_itself_does_not_fit=262900 t2_total=0 t2_caused_by_term8=0 t1_equal_smallest=none t1_short_smallest=free0=1:free1=2:in_flight=0:request=1 t2_term8_smallest=none
Q1RESULT name=grid c=1 arm=jia_pool_once demand=disk series_gate=d16_per_copy states=1049760 t1_equal_data_fits=0 t1_short_data_fits=0 t1_data_itself_does_not_fit=0 t2_total=374400 t2_caused_by_term8=0 t1_equal_smallest=none t1_short_smallest=none t2_term8_smallest=none
Q1RESULT name=grid c=1 arm=jia_pool_once demand=disk series_gate=d16_summed states=1049760 t1_equal_data_fits=0 t1_short_data_fits=10560 t1_data_itself_does_not_fit=104176 t2_total=48000 t2_caused_by_term8=0 t1_equal_smallest=none t1_short_smallest=free0=1:free1=27:in_flight=0:request=1 t2_term8_smallest=none
Q1RESULT name=grid c=1 arm=yi_pool_times_2 demand=logical series_gate=none states=1049760 t1_equal_data_fits=159 t1_short_data_fits=18560 t1_data_itself_does_not_fit=412521 t2_total=0 t2_caused_by_term8=0 t1_equal_smallest=free0=2:free1=2:in_flight=1:request=1 t1_short_smallest=free0=1:free1=2:in_flight=0:request=1 t2_term8_smallest=none
Q1RESULT name=grid c=1 arm=yi_pool_times_2 demand=logical series_gate=d16_per_copy states=1049760 t1_equal_data_fits=0 t1_short_data_fits=0 t1_data_itself_does_not_fit=0 t2_total=374400 t2_caused_by_term8=0 t1_equal_smallest=none t1_short_smallest=none t2_term8_smallest=none
Q1RESULT name=grid c=1 arm=yi_pool_times_2 demand=logical series_gate=d16_summed states=1049760 t1_equal_data_fits=66 t1_short_data_fits=16440 t1_data_itself_does_not_fit=282209 t2_total=7635 t2_caused_by_term8=0 t1_equal_smallest=free0=26:free1=26:in_flight=3:request=23 t1_short_smallest=free0=25:free1=26:in_flight=3:request=22 t2_term8_smallest=none
Q1RESULT name=grid c=1 arm=yi_pool_times_2 demand=disk series_gate=none states=1049760 t1_equal_data_fits=0 t1_short_data_fits=18240 t1_data_itself_does_not_fit=255920 t2_total=0 t2_caused_by_term8=0 t1_equal_smallest=none t1_short_smallest=free0=1:free1=3:in_flight=0:request=1 t2_term8_smallest=none
Q1RESULT name=grid c=1 arm=yi_pool_times_2 demand=disk series_gate=d16_per_copy states=1049760 t1_equal_data_fits=0 t1_short_data_fits=0 t1_data_itself_does_not_fit=0 t2_total=374400 t2_caused_by_term8=0 t1_equal_smallest=none t1_short_smallest=none t2_term8_smallest=none
Q1RESULT name=grid c=1 arm=yi_pool_times_2 demand=disk series_gate=d16_summed states=1049760 t1_equal_data_fits=0 t1_short_data_fits=10560 t1_data_itself_does_not_fit=104176 t2_total=48000 t2_caused_by_term8=0 t1_equal_smallest=none t1_short_smallest=free0=1:free1=27:in_flight=0:request=1 t2_term8_smallest=none
Q1RESULT name=grid c=1 arm=bing_inside_sum demand=logical series_gate=none states=1049760 t1_equal_data_fits=159 t1_short_data_fits=18560 t1_data_itself_does_not_fit=412521 t2_total=0 t2_caused_by_term8=0 t1_equal_smallest=free0=2:free1=2:in_flight=1:request=1 t1_short_smallest=free0=1:free1=2:in_flight=0:request=1 t2_term8_smallest=none
Q1RESULT name=grid c=1 arm=bing_inside_sum demand=logical series_gate=d16_per_copy states=1049760 t1_equal_data_fits=0 t1_short_data_fits=0 t1_data_itself_does_not_fit=0 t2_total=374400 t2_caused_by_term8=0 t1_equal_smallest=none t1_short_smallest=none t2_term8_smallest=none
Q1RESULT name=grid c=1 arm=bing_inside_sum demand=logical series_gate=d16_summed states=1049760 t1_equal_data_fits=66 t1_short_data_fits=16440 t1_data_itself_does_not_fit=282209 t2_total=7635 t2_caused_by_term8=0 t1_equal_smallest=free0=26:free1=26:in_flight=3:request=23 t1_short_smallest=free0=25:free1=26:in_flight=3:request=22 t2_term8_smallest=none
Q1RESULT name=grid c=1 arm=bing_inside_sum demand=disk series_gate=none states=1049760 t1_equal_data_fits=0 t1_short_data_fits=18240 t1_data_itself_does_not_fit=255920 t2_total=0 t2_caused_by_term8=0 t1_equal_smallest=none t1_short_smallest=free0=1:free1=3:in_flight=0:request=1 t2_term8_smallest=none
Q1RESULT name=grid c=1 arm=bing_inside_sum demand=disk series_gate=d16_per_copy states=1049760 t1_equal_data_fits=0 t1_short_data_fits=0 t1_data_itself_does_not_fit=0 t2_total=374400 t2_caused_by_term8=0 t1_equal_smallest=none t1_short_smallest=none t2_term8_smallest=none
Q1RESULT name=grid c=1 arm=bing_inside_sum demand=disk series_gate=d16_summed states=1049760 t1_equal_data_fits=0 t1_short_data_fits=10560 t1_data_itself_does_not_fit=104176 t2_total=48000 t2_caused_by_term8=0 t1_equal_smallest=none t1_short_smallest=free0=1:free1=27:in_flight=0:request=1 t2_term8_smallest=none
Q1RESULT name=grid c=1 arm=bing_per_device_conjunction demand=logical series_gate=none states=1049760 t1_equal_data_fits=0 t1_short_data_fits=0 t1_data_itself_does_not_fit=0 t2_total=0 t2_caused_by_term8=0 t1_equal_smallest=none t1_short_smallest=none t2_term8_smallest=none
Q1RESULT name=grid c=1 arm=bing_per_device_conjunction demand=logical series_gate=d16_per_copy states=1049760 t1_equal_data_fits=0 t1_short_data_fits=0 t1_data_itself_does_not_fit=0 t2_total=374400 t2_caused_by_term8=0 t1_equal_smallest=none t1_short_smallest=none t2_term8_smallest=none
Q1RESULT name=grid c=1 arm=bing_per_device_conjunction demand=logical series_gate=d16_summed states=1049760 t1_equal_data_fits=0 t1_short_data_fits=0 t1_data_itself_does_not_fit=0 t2_total=7635 t2_caused_by_term8=0 t1_equal_smallest=none t1_short_smallest=none t2_term8_smallest=none
Q1RESULT name=grid c=1 arm=bing_per_device_conjunction demand=disk series_gate=none states=1049760 t1_equal_data_fits=0 t1_short_data_fits=0 t1_data_itself_does_not_fit=0 t2_total=0 t2_caused_by_term8=0 t1_equal_smallest=none t1_short_smallest=none t2_term8_smallest=none
Q1RESULT name=grid c=1 arm=bing_per_device_conjunction demand=disk series_gate=d16_per_copy states=1049760 t1_equal_data_fits=0 t1_short_data_fits=0 t1_data_itself_does_not_fit=0 t2_total=374400 t2_caused_by_term8=0 t1_equal_smallest=none t1_short_smallest=none t2_term8_smallest=none
Q1RESULT name=grid c=1 arm=bing_per_device_conjunction demand=disk series_gate=d16_summed states=1049760 t1_equal_data_fits=0 t1_short_data_fits=0 t1_data_itself_does_not_fit=0 t2_total=48000 t2_caused_by_term8=0 t1_equal_smallest=none t1_short_smallest=none t2_term8_smallest=none
Q1RESULT name=grid c=2 arm=jia_pool_once demand=logical series_gate=none states=1049760 t1_equal_data_fits=319 t1_short_data_fits=36800 t1_data_itself_does_not_fit=412521 t2_total=0 t2_caused_by_term8=0 t1_equal_smallest=free0=2:free1=2:in_flight=0:request=1 t1_short_smallest=free0=1:free1=2:in_flight=0:request=1 t2_term8_smallest=none
Q1RESULT name=grid c=2 arm=jia_pool_once demand=logical series_gate=d16_per_copy states=1049760 t1_equal_data_fits=0 t1_short_data_fits=0 t1_data_itself_does_not_fit=0 t2_total=455841 t2_caused_by_term8=0 t1_equal_smallest=none t1_short_smallest=none t2_term8_smallest=none
Q1RESULT name=grid c=2 arm=jia_pool_once demand=logical series_gate=d16_summed states=1049760 t1_equal_data_fits=52 t1_short_data_fits=28072 t1_data_itself_does_not_fit=207211 t2_total=20895 t2_caused_by_term8=0 t1_equal_smallest=free0=36:free1=36:in_flight=3:request=32 t1_short_smallest=free0=35:free1=36:in_flight=3:request=31 t2_term8_smallest=none
Q1RESULT name=grid c=2 arm=jia_pool_once demand=disk series_gate=none states=1049760 t1_equal_data_fits=160 t1_short_data_fits=36480 t1_data_itself_does_not_fit=255920 t2_total=0 t2_caused_by_term8=0 t1_equal_smallest=free0=2:free1=2:in_flight=0:request=1 t1_short_smallest=free0=2:free1=3:in_flight=0:request=1 t2_term8_smallest=none
Q1RESULT name=grid c=2 arm=jia_pool_once demand=disk series_gate=d16_per_copy states=1049760 t1_equal_data_fits=0 t1_short_data_fits=0 t1_data_itself_does_not_fit=0 t2_total=455841 t2_caused_by_term8=0 t1_equal_smallest=none t1_short_smallest=none t2_term8_smallest=none
Q1RESULT name=grid c=2 arm=jia_pool_once demand=disk series_gate=d16_summed states=1049760 t1_equal_data_fits=0 t1_short_data_fits=14400 t1_data_itself_does_not_fit=54004 t2_total=89760 t2_caused_by_term8=0 t1_equal_smallest=none t1_short_smallest=free0=2:free1=37:in_flight=0:request=1 t2_term8_smallest=none
Q1RESULT name=grid c=2 arm=yi_pool_times_2 demand=logical series_gate=none states=1049760 t1_equal_data_fits=313 t1_short_data_fits=36792 t1_data_itself_does_not_fit=404375 t2_total=0 t2_caused_by_term8=0 t1_equal_smallest=free0=3:free1=3:in_flight=1:request=1 t1_short_smallest=free0=2:free1=3:in_flight=0:request=1 t2_term8_smallest=none
Q1RESULT name=grid c=2 arm=yi_pool_times_2 demand=logical series_gate=d16_per_copy states=1049760 t1_equal_data_fits=0 t1_short_data_fits=0 t1_data_itself_does_not_fit=0 t2_total=455841 t2_caused_by_term8=0 t1_equal_smallest=none t1_short_smallest=none t2_term8_smallest=none
Q1RESULT name=grid c=2 arm=yi_pool_times_2 demand=logical series_gate=d16_summed states=1049760 t1_equal_data_fits=52 t1_short_data_fits=28072 t1_data_itself_does_not_fit=207211 t2_total=20895 t2_caused_by_term8=0 t1_equal_smallest=free0=36:free1=36:in_flight=3:request=32 t1_short_smallest=free0=35:free1=36:in_flight=3:request=31 t2_term8_smallest=none
Q1RESULT name=grid c=2 arm=yi_pool_times_2 demand=disk series_gate=none states=1049760 t1_equal_data_fits=0 t1_short_data_fits=35520 t1_data_itself_does_not_fit=242028 t2_total=0 t2_caused_by_term8=0 t1_equal_smallest=none t1_short_smallest=free0=2:free1=4:in_flight=0:request=1 t2_term8_smallest=none
Q1RESULT name=grid c=2 arm=yi_pool_times_2 demand=disk series_gate=d16_per_copy states=1049760 t1_equal_data_fits=0 t1_short_data_fits=0 t1_data_itself_does_not_fit=0 t2_total=455841 t2_caused_by_term8=0 t1_equal_smallest=none t1_short_smallest=none t2_term8_smallest=none
Q1RESULT name=grid c=2 arm=yi_pool_times_2 demand=disk series_gate=d16_summed states=1049760 t1_equal_data_fits=0 t1_short_data_fits=14400 t1_data_itself_does_not_fit=54004 t2_total=89760 t2_caused_by_term8=0 t1_equal_smallest=none t1_short_smallest=free0=2:free1=37:in_flight=0:request=1 t2_term8_smallest=none
Q1RESULT name=grid c=2 arm=bing_inside_sum demand=logical series_gate=none states=1049760 t1_equal_data_fits=313 t1_short_data_fits=36792 t1_data_itself_does_not_fit=404375 t2_total=0 t2_caused_by_term8=0 t1_equal_smallest=free0=3:free1=3:in_flight=1:request=1 t1_short_smallest=free0=2:free1=3:in_flight=0:request=1 t2_term8_smallest=none
Q1RESULT name=grid c=2 arm=bing_inside_sum demand=logical series_gate=d16_per_copy states=1049760 t1_equal_data_fits=0 t1_short_data_fits=0 t1_data_itself_does_not_fit=0 t2_total=455841 t2_caused_by_term8=0 t1_equal_smallest=none t1_short_smallest=none t2_term8_smallest=none
Q1RESULT name=grid c=2 arm=bing_inside_sum demand=logical series_gate=d16_summed states=1049760 t1_equal_data_fits=52 t1_short_data_fits=28072 t1_data_itself_does_not_fit=207211 t2_total=20895 t2_caused_by_term8=0 t1_equal_smallest=free0=36:free1=36:in_flight=3:request=32 t1_short_smallest=free0=35:free1=36:in_flight=3:request=31 t2_term8_smallest=none
Q1RESULT name=grid c=2 arm=bing_inside_sum demand=disk series_gate=none states=1049760 t1_equal_data_fits=0 t1_short_data_fits=35520 t1_data_itself_does_not_fit=242028 t2_total=0 t2_caused_by_term8=0 t1_equal_smallest=none t1_short_smallest=free0=2:free1=4:in_flight=0:request=1 t2_term8_smallest=none
Q1RESULT name=grid c=2 arm=bing_inside_sum demand=disk series_gate=d16_per_copy states=1049760 t1_equal_data_fits=0 t1_short_data_fits=0 t1_data_itself_does_not_fit=0 t2_total=455841 t2_caused_by_term8=0 t1_equal_smallest=none t1_short_smallest=none t2_term8_smallest=none
Q1RESULT name=grid c=2 arm=bing_inside_sum demand=disk series_gate=d16_summed states=1049760 t1_equal_data_fits=0 t1_short_data_fits=14400 t1_data_itself_does_not_fit=54004 t2_total=89760 t2_caused_by_term8=0 t1_equal_smallest=none t1_short_smallest=free0=2:free1=37:in_flight=0:request=1 t2_term8_smallest=none
Q1RESULT name=grid c=2 arm=bing_per_device_conjunction demand=logical series_gate=none states=1049760 t1_equal_data_fits=0 t1_short_data_fits=0 t1_data_itself_does_not_fit=0 t2_total=0 t2_caused_by_term8=0 t1_equal_smallest=none t1_short_smallest=none t2_term8_smallest=none
Q1RESULT name=grid c=2 arm=bing_per_device_conjunction demand=logical series_gate=d16_per_copy states=1049760 t1_equal_data_fits=0 t1_short_data_fits=0 t1_data_itself_does_not_fit=0 t2_total=455841 t2_caused_by_term8=0 t1_equal_smallest=none t1_short_smallest=none t2_term8_smallest=none
Q1RESULT name=grid c=2 arm=bing_per_device_conjunction demand=logical series_gate=d16_summed states=1049760 t1_equal_data_fits=0 t1_short_data_fits=0 t1_data_itself_does_not_fit=0 t2_total=20895 t2_caused_by_term8=0 t1_equal_smallest=none t1_short_smallest=none t2_term8_smallest=none
Q1RESULT name=grid c=2 arm=bing_per_device_conjunction demand=disk series_gate=none states=1049760 t1_equal_data_fits=0 t1_short_data_fits=0 t1_data_itself_does_not_fit=0 t2_total=0 t2_caused_by_term8=0 t1_equal_smallest=none t1_short_smallest=none t2_term8_smallest=none
Q1RESULT name=grid c=2 arm=bing_per_device_conjunction demand=disk series_gate=d16_per_copy states=1049760 t1_equal_data_fits=0 t1_short_data_fits=0 t1_data_itself_does_not_fit=0 t2_total=455841 t2_caused_by_term8=0 t1_equal_smallest=none t1_short_smallest=none t2_term8_smallest=none
Q1RESULT name=grid c=2 arm=bing_per_device_conjunction demand=disk series_gate=d16_summed states=1049760 t1_equal_data_fits=0 t1_short_data_fits=0 t1_data_itself_does_not_fit=0 t2_total=89760 t2_caused_by_term8=0 t1_equal_smallest=none t1_short_smallest=none t2_term8_smallest=none
Q1RESULT name=grid c=3 arm=jia_pool_once demand=logical series_gate=none states=1049760 t1_equal_data_fits=477 t1_short_data_fits=54718 t1_data_itself_does_not_fit=408525 t2_total=0 t2_caused_by_term8=0 t1_equal_smallest=free0=2:free1=2:in_flight=0:request=1 t1_short_smallest=free0=2:free1=3:in_flight=0:request=1 t2_term8_smallest=none
Q1RESULT name=grid c=3 arm=jia_pool_once demand=logical series_gate=d16_per_copy states=1049760 t1_equal_data_fits=0 t1_short_data_fits=0 t1_data_itself_does_not_fit=0 t2_total=493880 t2_caused_by_term8=0 t1_equal_smallest=none t1_short_smallest=none t2_term8_smallest=none
Q1RESULT name=grid c=3 arm=jia_pool_once demand=logical series_gate=d16_summed states=1049760 t1_equal_data_fits=0 t1_short_data_fits=32640 t1_data_itself_does_not_fit=131018 t2_total=44360 t2_caused_by_term8=0 t1_equal_smallest=none t1_short_smallest=free0=45:free1=46:in_flight=3:request=40 t2_term8_smallest=none
Q1RESULT name=grid c=3 arm=jia_pool_once demand=disk series_gate=none states=1049760 t1_equal_data_fits=160 t1_short_data_fits=54080 t1_data_itself_does_not_fit=248960 t2_total=0 t2_caused_by_term8=0 t1_equal_smallest=free0=3:free1=3:in_flight=0:request=1 t1_short_smallest=free0=2:free1=3:in_flight=0:request=1 t2_term8_smallest=none
Q1RESULT name=grid c=3 arm=jia_pool_once demand=disk series_gate=d16_per_copy states=1049760 t1_equal_data_fits=0 t1_short_data_fits=0 t1_data_itself_does_not_fit=0 t2_total=493880 t2_caused_by_term8=0 t1_equal_smallest=none t1_short_smallest=none t2_term8_smallest=none
Q1RESULT name=grid c=3 arm=jia_pool_once demand=disk series_gate=d16_summed states=1049760 t1_equal_data_fits=0 t1_short_data_fits=12308 t1_data_itself_does_not_fit=22258 t2_total=144090 t2_caused_by_term8=0 t1_equal_smallest=none t1_short_smallest=free0=3:free1=47:in_flight=0:request=1 t2_term8_smallest=none
Q1RESULT name=grid c=3 arm=yi_pool_times_2 demand=logical series_gate=none states=1049760 t1_equal_data_fits=459 t1_short_data_fits=54672 t1_data_itself_does_not_fit=395629 t2_total=0 t2_caused_by_term8=0 t1_equal_smallest=free0=4:free1=4:in_flight=1:request=1 t1_short_smallest=free0=3:free1=4:in_flight=0:request=1 t2_term8_smallest=none
Q1RESULT name=grid c=3 arm=yi_pool_times_2 demand=logical series_gate=d16_per_copy states=1049760 t1_equal_data_fits=0 t1_short_data_fits=0 t1_data_itself_does_not_fit=0 t2_total=493880 t2_caused_by_term8=0 t1_equal_smallest=none t1_short_smallest=none t2_term8_smallest=none
Q1RESULT name=grid c=3 arm=yi_pool_times_2 demand=logical series_gate=d16_summed states=1049760 t1_equal_data_fits=0 t1_short_data_fits=32640 t1_data_itself_does_not_fit=131018 t2_total=44360 t2_caused_by_term8=0 t1_equal_smallest=none t1_short_smallest=free0=45:free1=46:in_flight=3:request=40 t2_term8_smallest=none
Q1RESULT name=grid c=3 arm=yi_pool_times_2 demand=disk series_gate=none states=1049760 t1_equal_data_fits=0 t1_short_data_fits=51840 t1_data_itself_does_not_fit=228256 t2_total=0 t2_caused_by_term8=0 t1_equal_smallest=none t1_short_smallest=free0=3:free1=5:in_flight=0:request=1 t2_term8_smallest=none
Q1RESULT name=grid c=3 arm=yi_pool_times_2 demand=disk series_gate=d16_per_copy states=1049760 t1_equal_data_fits=0 t1_short_data_fits=0 t1_data_itself_does_not_fit=0 t2_total=493880 t2_caused_by_term8=0 t1_equal_smallest=none t1_short_smallest=none t2_term8_smallest=none
Q1RESULT name=grid c=3 arm=yi_pool_times_2 demand=disk series_gate=d16_summed states=1049760 t1_equal_data_fits=0 t1_short_data_fits=12308 t1_data_itself_does_not_fit=22258 t2_total=144090 t2_caused_by_term8=0 t1_equal_smallest=none t1_short_smallest=free0=3:free1=47:in_flight=0:request=1 t2_term8_smallest=none
Q1RESULT name=grid c=3 arm=bing_inside_sum demand=logical series_gate=none states=1049760 t1_equal_data_fits=459 t1_short_data_fits=54672 t1_data_itself_does_not_fit=395629 t2_total=0 t2_caused_by_term8=0 t1_equal_smallest=free0=4:free1=4:in_flight=1:request=1 t1_short_smallest=free0=3:free1=4:in_flight=0:request=1 t2_term8_smallest=none
Q1RESULT name=grid c=3 arm=bing_inside_sum demand=logical series_gate=d16_per_copy states=1049760 t1_equal_data_fits=0 t1_short_data_fits=0 t1_data_itself_does_not_fit=0 t2_total=493880 t2_caused_by_term8=0 t1_equal_smallest=none t1_short_smallest=none t2_term8_smallest=none
Q1RESULT name=grid c=3 arm=bing_inside_sum demand=logical series_gate=d16_summed states=1049760 t1_equal_data_fits=0 t1_short_data_fits=32640 t1_data_itself_does_not_fit=131018 t2_total=44360 t2_caused_by_term8=0 t1_equal_smallest=none t1_short_smallest=free0=45:free1=46:in_flight=3:request=40 t2_term8_smallest=none
Q1RESULT name=grid c=3 arm=bing_inside_sum demand=disk series_gate=none states=1049760 t1_equal_data_fits=0 t1_short_data_fits=51840 t1_data_itself_does_not_fit=228256 t2_total=0 t2_caused_by_term8=0 t1_equal_smallest=none t1_short_smallest=free0=3:free1=5:in_flight=0:request=1 t2_term8_smallest=none
Q1RESULT name=grid c=3 arm=bing_inside_sum demand=disk series_gate=d16_per_copy states=1049760 t1_equal_data_fits=0 t1_short_data_fits=0 t1_data_itself_does_not_fit=0 t2_total=493880 t2_caused_by_term8=0 t1_equal_smallest=none t1_short_smallest=none t2_term8_smallest=none
Q1RESULT name=grid c=3 arm=bing_inside_sum demand=disk series_gate=d16_summed states=1049760 t1_equal_data_fits=0 t1_short_data_fits=12308 t1_data_itself_does_not_fit=22258 t2_total=144090 t2_caused_by_term8=0 t1_equal_smallest=none t1_short_smallest=free0=3:free1=47:in_flight=0:request=1 t2_term8_smallest=none
Q1RESULT name=grid c=3 arm=bing_per_device_conjunction demand=logical series_gate=none states=1049760 t1_equal_data_fits=0 t1_short_data_fits=0 t1_data_itself_does_not_fit=0 t2_total=0 t2_caused_by_term8=0 t1_equal_smallest=none t1_short_smallest=none t2_term8_smallest=none
Q1RESULT name=grid c=3 arm=bing_per_device_conjunction demand=logical series_gate=d16_per_copy states=1049760 t1_equal_data_fits=0 t1_short_data_fits=0 t1_data_itself_does_not_fit=0 t2_total=493880 t2_caused_by_term8=0 t1_equal_smallest=none t1_short_smallest=none t2_term8_smallest=none
Q1RESULT name=grid c=3 arm=bing_per_device_conjunction demand=logical series_gate=d16_summed states=1049760 t1_equal_data_fits=0 t1_short_data_fits=0 t1_data_itself_does_not_fit=0 t2_total=44360 t2_caused_by_term8=0 t1_equal_smallest=none t1_short_smallest=none t2_term8_smallest=none
Q1RESULT name=grid c=3 arm=bing_per_device_conjunction demand=disk series_gate=none states=1049760 t1_equal_data_fits=0 t1_short_data_fits=0 t1_data_itself_does_not_fit=0 t2_total=0 t2_caused_by_term8=0 t1_equal_smallest=none t1_short_smallest=none t2_term8_smallest=none
Q1RESULT name=grid c=3 arm=bing_per_device_conjunction demand=disk series_gate=d16_per_copy states=1049760 t1_equal_data_fits=0 t1_short_data_fits=0 t1_data_itself_does_not_fit=0 t2_total=493880 t2_caused_by_term8=0 t1_equal_smallest=none t1_short_smallest=none t2_term8_smallest=none
Q1RESULT name=grid c=3 arm=bing_per_device_conjunction demand=disk series_gate=d16_summed states=1049760 t1_equal_data_fits=0 t1_short_data_fits=0 t1_data_itself_does_not_fit=0 t2_total=144090 t2_caused_by_term8=0 t1_equal_smallest=none t1_short_smallest=none t2_term8_smallest=none
Q1RESULT name=grid c=4 arm=jia_pool_once demand=logical series_gate=none states=1049760 t1_equal_data_fits=633 t1_short_data_fits=72312 t1_data_itself_does_not_fit=404375 t2_total=0 t2_caused_by_term8=0 t1_equal_smallest=free0=3:free1=3:in_flight=0:request=1 t1_short_smallest=free0=2:free1=3:in_flight=0:request=1 t2_term8_smallest=none
Q1RESULT name=grid c=4 arm=jia_pool_once demand=logical series_gate=d16_per_copy states=1049760 t1_equal_data_fits=0 t1_short_data_fits=0 t1_data_itself_does_not_fit=0 t2_total=499984 t2_caused_by_term8=0 t1_equal_smallest=none t1_short_smallest=none t2_term8_smallest=none
Q1RESULT name=grid c=4 arm=jia_pool_once demand=logical series_gate=d16_summed states=1049760 t1_equal_data_fits=0 t1_short_data_fits=30080 t1_data_itself_does_not_fit=63962 t2_total=80360 t2_caused_by_term8=0 t1_equal_smallest=none t1_short_smallest=free0=46:free1=56:in_flight=3:request=40 t2_term8_smallest=none
Q1RESULT name=grid c=4 arm=jia_pool_once demand=disk series_gate=none states=1049760 t1_equal_data_fits=320 t1_short_data_fits=71040 t1_data_itself_does_not_fit=242028 t2_total=0 t2_caused_by_term8=0 t1_equal_smallest=free0=3:free1=3:in_flight=0:request=1 t1_short_smallest=free0=3:free1=4:in_flight=0:request=1 t2_term8_smallest=none
Q1RESULT name=grid c=4 arm=jia_pool_once demand=disk series_gate=d16_per_copy states=1049760 t1_equal_data_fits=0 t1_short_data_fits=0 t1_data_itself_does_not_fit=0 t2_total=499984 t2_caused_by_term8=0 t1_equal_smallest=none t1_short_smallest=none t2_term8_smallest=none
Q1RESULT name=grid c=4 arm=jia_pool_once demand=disk series_gate=d16_summed states=1049760 t1_equal_data_fits=0 t1_short_data_fits=7432 t1_data_itself_does_not_fit=6230 t2_total=206110 t2_caused_by_term8=0 t1_equal_smallest=none t1_short_smallest=free0=4:free1=57:in_flight=0:request=1 t2_term8_smallest=none
Q1RESULT name=grid c=4 arm=yi_pool_times_2 demand=logical series_gate=none states=1049760 t1_equal_data_fits=597 t1_short_data_fits=72168 t1_data_itself_does_not_fit=386315 t2_total=0 t2_caused_by_term8=0 t1_equal_smallest=free0=5:free1=5:in_flight=1:request=1 t1_short_smallest=free0=4:free1=5:in_flight=0:request=1 t2_term8_smallest=none
Q1RESULT name=grid c=4 arm=yi_pool_times_2 demand=logical series_gate=d16_per_copy states=1049760 t1_equal_data_fits=0 t1_short_data_fits=0 t1_data_itself_does_not_fit=0 t2_total=499984 t2_caused_by_term8=0 t1_equal_smallest=none t1_short_smallest=none t2_term8_smallest=none
Q1RESULT name=grid c=4 arm=yi_pool_times_2 demand=logical series_gate=d16_summed states=1049760 t1_equal_data_fits=0 t1_short_data_fits=30080 t1_data_itself_does_not_fit=63962 t2_total=80360 t2_caused_by_term8=0 t1_equal_smallest=none t1_short_smallest=free0=46:free1=56:in_flight=3:request=40 t2_term8_smallest=none
Q1RESULT name=grid c=4 arm=yi_pool_times_2 demand=disk series_gate=none states=1049760 t1_equal_data_fits=0 t1_short_data_fits=67200 t1_data_itself_does_not_fit=214636 t2_total=0 t2_caused_by_term8=0 t1_equal_smallest=none t1_short_smallest=free0=4:free1=6:in_flight=0:request=1 t2_term8_smallest=none
Q1RESULT name=grid c=4 arm=yi_pool_times_2 demand=disk series_gate=d16_per_copy states=1049760 t1_equal_data_fits=0 t1_short_data_fits=0 t1_data_itself_does_not_fit=0 t2_total=499984 t2_caused_by_term8=0 t1_equal_smallest=none t1_short_smallest=none t2_term8_smallest=none
Q1RESULT name=grid c=4 arm=yi_pool_times_2 demand=disk series_gate=d16_summed states=1049760 t1_equal_data_fits=0 t1_short_data_fits=7432 t1_data_itself_does_not_fit=6230 t2_total=206110 t2_caused_by_term8=0 t1_equal_smallest=none t1_short_smallest=free0=4:free1=57:in_flight=0:request=1 t2_term8_smallest=none
Q1RESULT name=grid c=4 arm=bing_inside_sum demand=logical series_gate=none states=1049760 t1_equal_data_fits=597 t1_short_data_fits=72168 t1_data_itself_does_not_fit=386315 t2_total=0 t2_caused_by_term8=0 t1_equal_smallest=free0=5:free1=5:in_flight=1:request=1 t1_short_smallest=free0=4:free1=5:in_flight=0:request=1 t2_term8_smallest=none
Q1RESULT name=grid c=4 arm=bing_inside_sum demand=logical series_gate=d16_per_copy states=1049760 t1_equal_data_fits=0 t1_short_data_fits=0 t1_data_itself_does_not_fit=0 t2_total=499984 t2_caused_by_term8=0 t1_equal_smallest=none t1_short_smallest=none t2_term8_smallest=none
Q1RESULT name=grid c=4 arm=bing_inside_sum demand=logical series_gate=d16_summed states=1049760 t1_equal_data_fits=0 t1_short_data_fits=30080 t1_data_itself_does_not_fit=63962 t2_total=80360 t2_caused_by_term8=0 t1_equal_smallest=none t1_short_smallest=free0=46:free1=56:in_flight=3:request=40 t2_term8_smallest=none
Q1RESULT name=grid c=4 arm=bing_inside_sum demand=disk series_gate=none states=1049760 t1_equal_data_fits=0 t1_short_data_fits=67200 t1_data_itself_does_not_fit=214636 t2_total=0 t2_caused_by_term8=0 t1_equal_smallest=none t1_short_smallest=free0=4:free1=6:in_flight=0:request=1 t2_term8_smallest=none
Q1RESULT name=grid c=4 arm=bing_inside_sum demand=disk series_gate=d16_per_copy states=1049760 t1_equal_data_fits=0 t1_short_data_fits=0 t1_data_itself_does_not_fit=0 t2_total=499984 t2_caused_by_term8=0 t1_equal_smallest=none t1_short_smallest=none t2_term8_smallest=none
Q1RESULT name=grid c=4 arm=bing_inside_sum demand=disk series_gate=d16_summed states=1049760 t1_equal_data_fits=0 t1_short_data_fits=7432 t1_data_itself_does_not_fit=6230 t2_total=206110 t2_caused_by_term8=0 t1_equal_smallest=none t1_short_smallest=free0=4:free1=57:in_flight=0:request=1 t2_term8_smallest=none
Q1RESULT name=grid c=4 arm=bing_per_device_conjunction demand=logical series_gate=none states=1049760 t1_equal_data_fits=0 t1_short_data_fits=0 t1_data_itself_does_not_fit=0 t2_total=0 t2_caused_by_term8=0 t1_equal_smallest=none t1_short_smallest=none t2_term8_smallest=none
Q1RESULT name=grid c=4 arm=bing_per_device_conjunction demand=logical series_gate=d16_per_copy states=1049760 t1_equal_data_fits=0 t1_short_data_fits=0 t1_data_itself_does_not_fit=0 t2_total=499984 t2_caused_by_term8=0 t1_equal_smallest=none t1_short_smallest=none t2_term8_smallest=none
Q1RESULT name=grid c=4 arm=bing_per_device_conjunction demand=logical series_gate=d16_summed states=1049760 t1_equal_data_fits=0 t1_short_data_fits=0 t1_data_itself_does_not_fit=0 t2_total=80360 t2_caused_by_term8=0 t1_equal_smallest=none t1_short_smallest=none t2_term8_smallest=none
Q1RESULT name=grid c=4 arm=bing_per_device_conjunction demand=disk series_gate=none states=1049760 t1_equal_data_fits=0 t1_short_data_fits=0 t1_data_itself_does_not_fit=0 t2_total=0 t2_caused_by_term8=0 t1_equal_smallest=none t1_short_smallest=none t2_term8_smallest=none
Q1RESULT name=grid c=4 arm=bing_per_device_conjunction demand=disk series_gate=d16_per_copy states=1049760 t1_equal_data_fits=0 t1_short_data_fits=0 t1_data_itself_does_not_fit=0 t2_total=499984 t2_caused_by_term8=0 t1_equal_smallest=none t1_short_smallest=none t2_term8_smallest=none
Q1RESULT name=grid c=4 arm=bing_per_device_conjunction demand=disk series_gate=d16_summed states=1049760 t1_equal_data_fits=0 t1_short_data_fits=0 t1_data_itself_does_not_fit=0 t2_total=206110 t2_caused_by_term8=0 t1_equal_smallest=none t1_short_smallest=none t2_term8_smallest=none
Q1RESULT name=grid c=5 arm=jia_pool_once demand=logical series_gate=none states=1049760 t1_equal_data_fits=787 t1_short_data_fits=89578 t1_data_itself_does_not_fit=400075 t2_total=0 t2_caused_by_term8=0 t1_equal_smallest=free0=3:free1=3:in_flight=0:request=1 t1_short_smallest=free0=3:free1=4:in_flight=0:request=1 t2_term8_smallest=none
Q1RESULT name=grid c=5 arm=jia_pool_once demand=logical series_gate=d16_per_copy states=1049760 t1_equal_data_fits=0 t1_short_data_fits=0 t1_data_itself_does_not_fit=0 t2_total=487976 t2_caused_by_term8=0 t1_equal_smallest=none t1_short_smallest=none t2_term8_smallest=none
Q1RESULT name=grid c=5 arm=jia_pool_once demand=logical series_gate=d16_summed states=1049760 t1_equal_data_fits=0 t1_short_data_fits=20800 t1_data_itself_does_not_fit=16750 t2_total=129320 t2_caused_by_term8=0 t1_equal_smallest=none t1_short_smallest=free0=47:free1=66:in_flight=3:request=40 t2_term8_smallest=none
Q1RESULT name=grid c=5 arm=jia_pool_once demand=disk series_gate=none states=1049760 t1_equal_data_fits=320 t1_short_data_fits=87680 t1_data_itself_does_not_fit=235124 t2_total=0 t2_caused_by_term8=0 t1_equal_smallest=free0=4:free1=4:in_flight=0:request=1 t1_short_smallest=free0=3:free1=4:in_flight=0:request=1 t2_term8_smallest=none
Q1RESULT name=grid c=5 arm=jia_pool_once demand=disk series_gate=d16_per_copy states=1049760 t1_equal_data_fits=0 t1_short_data_fits=0 t1_data_itself_does_not_fit=0 t2_total=487976 t2_caused_by_term8=0 t1_equal_smallest=none t1_short_smallest=none t2_term8_smallest=none
Q1RESULT name=grid c=5 arm=jia_pool_once demand=disk series_gate=d16_summed states=1049760 t1_equal_data_fits=0 t1_short_data_fits=2480 t1_data_itself_does_not_fit=610 t2_total=267890 t2_caused_by_term8=0 t1_equal_smallest=none t1_short_smallest=free0=5:free1=67:in_flight=0:request=1 t2_term8_smallest=none
Q1RESULT name=grid c=5 arm=yi_pool_times_2 demand=logical series_gate=none states=1049760 t1_equal_data_fits=727 t1_short_data_fits=89248 t1_data_itself_does_not_fit=376465 t2_total=0 t2_caused_by_term8=0 t1_equal_smallest=free0=6:free1=6:in_flight=1:request=1 t1_short_smallest=free0=5:free1=6:in_flight=0:request=1 t2_term8_smallest=none
Q1RESULT name=grid c=5 arm=yi_pool_times_2 demand=logical series_gate=d16_per_copy states=1049760 t1_equal_data_fits=0 t1_short_data_fits=0 t1_data_itself_does_not_fit=0 t2_total=487976 t2_caused_by_term8=0 t1_equal_smallest=none t1_short_smallest=none t2_term8_smallest=none
Q1RESULT name=grid c=5 arm=yi_pool_times_2 demand=logical series_gate=d16_summed states=1049760 t1_equal_data_fits=0 t1_short_data_fits=20800 t1_data_itself_does_not_fit=16750 t2_total=129320 t2_caused_by_term8=0 t1_equal_smallest=none t1_short_smallest=free0=47:free1=66:in_flight=3:request=40 t2_term8_smallest=none
Q1RESULT name=grid c=5 arm=yi_pool_times_2 demand=disk series_gate=none states=1049760 t1_equal_data_fits=0 t1_short_data_fits=81600 t1_data_itself_does_not_fit=201200 t2_total=0 t2_caused_by_term8=0 t1_equal_smallest=none t1_short_smallest=free0=5:free1=7:in_flight=0:request=1 t2_term8_smallest=none
Q1RESULT name=grid c=5 arm=yi_pool_times_2 demand=disk series_gate=d16_per_copy states=1049760 t1_equal_data_fits=0 t1_short_data_fits=0 t1_data_itself_does_not_fit=0 t2_total=487976 t2_caused_by_term8=0 t1_equal_smallest=none t1_short_smallest=none t2_term8_smallest=none
Q1RESULT name=grid c=5 arm=yi_pool_times_2 demand=disk series_gate=d16_summed states=1049760 t1_equal_data_fits=0 t1_short_data_fits=2480 t1_data_itself_does_not_fit=610 t2_total=267890 t2_caused_by_term8=0 t1_equal_smallest=none t1_short_smallest=free0=5:free1=67:in_flight=0:request=1 t2_term8_smallest=none
Q1RESULT name=grid c=5 arm=bing_inside_sum demand=logical series_gate=none states=1049760 t1_equal_data_fits=727 t1_short_data_fits=89248 t1_data_itself_does_not_fit=376465 t2_total=0 t2_caused_by_term8=0 t1_equal_smallest=free0=6:free1=6:in_flight=1:request=1 t1_short_smallest=free0=5:free1=6:in_flight=0:request=1 t2_term8_smallest=none
Q1RESULT name=grid c=5 arm=bing_inside_sum demand=logical series_gate=d16_per_copy states=1049760 t1_equal_data_fits=0 t1_short_data_fits=0 t1_data_itself_does_not_fit=0 t2_total=487976 t2_caused_by_term8=0 t1_equal_smallest=none t1_short_smallest=none t2_term8_smallest=none
Q1RESULT name=grid c=5 arm=bing_inside_sum demand=logical series_gate=d16_summed states=1049760 t1_equal_data_fits=0 t1_short_data_fits=20800 t1_data_itself_does_not_fit=16750 t2_total=129320 t2_caused_by_term8=0 t1_equal_smallest=none t1_short_smallest=free0=47:free1=66:in_flight=3:request=40 t2_term8_smallest=none
Q1RESULT name=grid c=5 arm=bing_inside_sum demand=disk series_gate=none states=1049760 t1_equal_data_fits=0 t1_short_data_fits=81600 t1_data_itself_does_not_fit=201200 t2_total=0 t2_caused_by_term8=0 t1_equal_smallest=none t1_short_smallest=free0=5:free1=7:in_flight=0:request=1 t2_term8_smallest=none
Q1RESULT name=grid c=5 arm=bing_inside_sum demand=disk series_gate=d16_per_copy states=1049760 t1_equal_data_fits=0 t1_short_data_fits=0 t1_data_itself_does_not_fit=0 t2_total=487976 t2_caused_by_term8=0 t1_equal_smallest=none t1_short_smallest=none t2_term8_smallest=none
Q1RESULT name=grid c=5 arm=bing_inside_sum demand=disk series_gate=d16_summed states=1049760 t1_equal_data_fits=0 t1_short_data_fits=2480 t1_data_itself_does_not_fit=610 t2_total=267890 t2_caused_by_term8=0 t1_equal_smallest=none t1_short_smallest=free0=5:free1=67:in_flight=0:request=1 t2_term8_smallest=none
Q1RESULT name=grid c=5 arm=bing_per_device_conjunction demand=logical series_gate=none states=1049760 t1_equal_data_fits=0 t1_short_data_fits=0 t1_data_itself_does_not_fit=0 t2_total=0 t2_caused_by_term8=0 t1_equal_smallest=none t1_short_smallest=none t2_term8_smallest=none
Q1RESULT name=grid c=5 arm=bing_per_device_conjunction demand=logical series_gate=d16_per_copy states=1049760 t1_equal_data_fits=0 t1_short_data_fits=0 t1_data_itself_does_not_fit=0 t2_total=487976 t2_caused_by_term8=0 t1_equal_smallest=none t1_short_smallest=none t2_term8_smallest=none
Q1RESULT name=grid c=5 arm=bing_per_device_conjunction demand=logical series_gate=d16_summed states=1049760 t1_equal_data_fits=0 t1_short_data_fits=0 t1_data_itself_does_not_fit=0 t2_total=129320 t2_caused_by_term8=0 t1_equal_smallest=none t1_short_smallest=none t2_term8_smallest=none
Q1RESULT name=grid c=5 arm=bing_per_device_conjunction demand=disk series_gate=none states=1049760 t1_equal_data_fits=0 t1_short_data_fits=0 t1_data_itself_does_not_fit=0 t2_total=0 t2_caused_by_term8=0 t1_equal_smallest=none t1_short_smallest=none t2_term8_smallest=none
Q1RESULT name=grid c=5 arm=bing_per_device_conjunction demand=disk series_gate=d16_per_copy states=1049760 t1_equal_data_fits=0 t1_short_data_fits=0 t1_data_itself_does_not_fit=0 t2_total=487976 t2_caused_by_term8=0 t1_equal_smallest=none t1_short_smallest=none t2_term8_smallest=none
Q1RESULT name=grid c=5 arm=bing_per_device_conjunction demand=disk series_gate=d16_summed states=1049760 t1_equal_data_fits=0 t1_short_data_fits=0 t1_data_itself_does_not_fit=0 t2_total=267890 t2_caused_by_term8=0 t1_equal_smallest=none t1_short_smallest=none t2_term8_smallest=none
Q1RESULT name=grid c=9 arm=jia_pool_once demand=logical series_gate=none states=1049760 t1_equal_data_fits=1383 t1_short_data_fits=155282 t1_data_itself_does_not_fit=381455 t2_total=0 t2_caused_by_term8=0 t1_equal_smallest=free0=5:free1=5:in_flight=0:request=1 t1_short_smallest=free0=5:free1=6:in_flight=0:request=1 t2_term8_smallest=none
Q1RESULT name=grid c=9 arm=jia_pool_once demand=logical series_gate=d16_per_copy states=1049760 t1_equal_data_fits=0 t1_short_data_fits=0 t1_data_itself_does_not_fit=0 t2_total=421520 t2_caused_by_term8=0 t1_equal_smallest=none t1_short_smallest=none t2_term8_smallest=none
Q1RESULT name=grid c=9 arm=jia_pool_once demand=logical series_gate=d16_summed states=1049760 t1_equal_data_fits=0 t1_short_data_fits=0 t1_data_itself_does_not_fit=0 t2_total=358760 t2_caused_by_term8=0 t1_equal_smallest=none t1_short_smallest=none t2_term8_smallest=none
Q1RESULT name=grid c=9 arm=jia_pool_once demand=disk series_gate=none states=1049760 t1_equal_data_fits=640 t1_short_data_fits=149120 t1_data_itself_does_not_fit=207892 t2_total=0 t2_caused_by_term8=0 t1_equal_smallest=free0=6:free1=6:in_flight=0:request=1 t1_short_smallest=free0=5:free1=6:in_flight=0:request=1 t2_term8_smallest=none
Q1RESULT name=grid c=9 arm=jia_pool_once demand=disk series_gate=d16_per_copy states=1049760 t1_equal_data_fits=0 t1_short_data_fits=0 t1_data_itself_does_not_fit=0 t2_total=421520 t2_caused_by_term8=0 t1_equal_smallest=none t1_short_smallest=none t2_term8_smallest=none
Q1RESULT name=grid c=9 arm=jia_pool_once demand=disk series_gate=d16_summed states=1049760 t1_equal_data_fits=0 t1_short_data_fits=0 t1_data_itself_does_not_fit=0 t2_total=393890 t2_caused_by_term8=0 t1_equal_smallest=none t1_short_smallest=none t2_term8_smallest=none
Q1RESULT name=grid c=9 arm=yi_pool_times_2 demand=logical series_gate=none states=1049760 t1_equal_data_fits=1167 t1_short_data_fits=152768 t1_data_itself_does_not_fit=332345 t2_total=0 t2_caused_by_term8=0 t1_equal_smallest=free0=10:free1=10:in_flight=1:request=1 t1_short_smallest=free0=9:free1=10:in_flight=0:request=1 t2_term8_smallest=none
Q1RESULT name=grid c=9 arm=yi_pool_times_2 demand=logical series_gate=d16_per_copy states=1049760 t1_equal_data_fits=0 t1_short_data_fits=0 t1_data_itself_does_not_fit=0 t2_total=421520 t2_caused_by_term8=0 t1_equal_smallest=none t1_short_smallest=none t2_term8_smallest=none
Q1RESULT name=grid c=9 arm=yi_pool_times_2 demand=logical series_gate=d16_summed states=1049760 t1_equal_data_fits=0 t1_short_data_fits=0 t1_data_itself_does_not_fit=0 t2_total=358760 t2_caused_by_term8=0 t1_equal_smallest=none t1_short_smallest=none t2_term8_smallest=none
Q1RESULT name=grid c=9 arm=yi_pool_times_2 demand=disk series_gate=none states=1049760 t1_equal_data_fits=0 t1_short_data_fits=129600 t1_data_itself_does_not_fit=149936 t2_total=0 t2_caused_by_term8=0 t1_equal_smallest=none t1_short_smallest=free0=9:free1=11:in_flight=0:request=1 t2_term8_smallest=none
Q1RESULT name=grid c=9 arm=yi_pool_times_2 demand=disk series_gate=d16_per_copy states=1049760 t1_equal_data_fits=0 t1_short_data_fits=0 t1_data_itself_does_not_fit=0 t2_total=421520 t2_caused_by_term8=0 t1_equal_smallest=none t1_short_smallest=none t2_term8_smallest=none
Q1RESULT name=grid c=9 arm=yi_pool_times_2 demand=disk series_gate=d16_summed states=1049760 t1_equal_data_fits=0 t1_short_data_fits=0 t1_data_itself_does_not_fit=0 t2_total=393890 t2_caused_by_term8=0 t1_equal_smallest=none t1_short_smallest=none t2_term8_smallest=none
Q1RESULT name=grid c=9 arm=bing_inside_sum demand=logical series_gate=none states=1049760 t1_equal_data_fits=1167 t1_short_data_fits=152768 t1_data_itself_does_not_fit=332345 t2_total=0 t2_caused_by_term8=0 t1_equal_smallest=free0=10:free1=10:in_flight=1:request=1 t1_short_smallest=free0=9:free1=10:in_flight=0:request=1 t2_term8_smallest=none
Q1RESULT name=grid c=9 arm=bing_inside_sum demand=logical series_gate=d16_per_copy states=1049760 t1_equal_data_fits=0 t1_short_data_fits=0 t1_data_itself_does_not_fit=0 t2_total=421520 t2_caused_by_term8=0 t1_equal_smallest=none t1_short_smallest=none t2_term8_smallest=none
Q1RESULT name=grid c=9 arm=bing_inside_sum demand=logical series_gate=d16_summed states=1049760 t1_equal_data_fits=0 t1_short_data_fits=0 t1_data_itself_does_not_fit=0 t2_total=358760 t2_caused_by_term8=0 t1_equal_smallest=none t1_short_smallest=none t2_term8_smallest=none
Q1RESULT name=grid c=9 arm=bing_inside_sum demand=disk series_gate=none states=1049760 t1_equal_data_fits=0 t1_short_data_fits=129600 t1_data_itself_does_not_fit=149936 t2_total=0 t2_caused_by_term8=0 t1_equal_smallest=none t1_short_smallest=free0=9:free1=11:in_flight=0:request=1 t2_term8_smallest=none
Q1RESULT name=grid c=9 arm=bing_inside_sum demand=disk series_gate=d16_per_copy states=1049760 t1_equal_data_fits=0 t1_short_data_fits=0 t1_data_itself_does_not_fit=0 t2_total=421520 t2_caused_by_term8=0 t1_equal_smallest=none t1_short_smallest=none t2_term8_smallest=none
Q1RESULT name=grid c=9 arm=bing_inside_sum demand=disk series_gate=d16_summed states=1049760 t1_equal_data_fits=0 t1_short_data_fits=0 t1_data_itself_does_not_fit=0 t2_total=393890 t2_caused_by_term8=0 t1_equal_smallest=none t1_short_smallest=none t2_term8_smallest=none
Q1RESULT name=grid c=9 arm=bing_per_device_conjunction demand=logical series_gate=none states=1049760 t1_equal_data_fits=0 t1_short_data_fits=0 t1_data_itself_does_not_fit=0 t2_total=0 t2_caused_by_term8=0 t1_equal_smallest=none t1_short_smallest=none t2_term8_smallest=none
Q1RESULT name=grid c=9 arm=bing_per_device_conjunction demand=logical series_gate=d16_per_copy states=1049760 t1_equal_data_fits=0 t1_short_data_fits=0 t1_data_itself_does_not_fit=0 t2_total=421520 t2_caused_by_term8=0 t1_equal_smallest=none t1_short_smallest=none t2_term8_smallest=none
Q1RESULT name=grid c=9 arm=bing_per_device_conjunction demand=logical series_gate=d16_summed states=1049760 t1_equal_data_fits=0 t1_short_data_fits=0 t1_data_itself_does_not_fit=0 t2_total=358760 t2_caused_by_term8=0 t1_equal_smallest=none t1_short_smallest=none t2_term8_smallest=none
Q1RESULT name=grid c=9 arm=bing_per_device_conjunction demand=disk series_gate=none states=1049760 t1_equal_data_fits=0 t1_short_data_fits=0 t1_data_itself_does_not_fit=0 t2_total=0 t2_caused_by_term8=0 t1_equal_smallest=none t1_short_smallest=none t2_term8_smallest=none
Q1RESULT name=grid c=9 arm=bing_per_device_conjunction demand=disk series_gate=d16_per_copy states=1049760 t1_equal_data_fits=0 t1_short_data_fits=0 t1_data_itself_does_not_fit=0 t2_total=421520 t2_caused_by_term8=0 t1_equal_smallest=none t1_short_smallest=none t2_term8_smallest=none
Q1RESULT name=grid c=9 arm=bing_per_device_conjunction demand=disk series_gate=d16_summed states=1049760 t1_equal_data_fits=0 t1_short_data_fits=0 t1_data_itself_does_not_fit=0 t2_total=393890 t2_caused_by_term8=0 t1_equal_smallest=none t1_short_smallest=none t2_term8_smallest=none
Q1RESULT name=yi_versus_bing_inside_sum states=12597120 disagreements=0
Q1RESULT name=df_false_enospc arm=jia_pool_once reading=df_is_d16_row first_c_with_cell=15 cells_c4=0 cells_c9=0 smallest_c9=none
Q1RESULT name=df_false_enospc arm=jia_pool_once reading=df_is_d28_available first_c_with_cell=1 cells_c4=2700 cells_c9=957 smallest_c9=free_each=122:request=1
Q1RESULT name=df_false_enospc arm=jia_pool_once reading=df_is_min_of_both first_c_with_cell=none cells_c4=0 cells_c9=0 smallest_c9=none
Q1RESULT name=df_false_enospc arm=yi_pool_times_2 reading=df_is_d16_row first_c_with_cell=8 cells_c4=0 cells_c9=953 smallest_c9=free_each=124:request=1
Q1RESULT name=df_false_enospc arm=yi_pool_times_2 reading=df_is_d28_available first_c_with_cell=1 cells_c4=1617 cells_c9=0 smallest_c9=none
Q1RESULT name=df_false_enospc arm=yi_pool_times_2 reading=df_is_min_of_both first_c_with_cell=none cells_c4=0 cells_c9=0 smallest_c9=none
Q1RESULT name=df_false_enospc arm=bing_inside_sum reading=df_is_d16_row first_c_with_cell=8 cells_c4=0 cells_c9=953 smallest_c9=free_each=124:request=1
Q1RESULT name=df_false_enospc arm=bing_inside_sum reading=df_is_d28_available first_c_with_cell=1 cells_c4=1617 cells_c9=0 smallest_c9=none
Q1RESULT name=df_false_enospc arm=bing_inside_sum reading=df_is_min_of_both first_c_with_cell=none cells_c4=0 cells_c9=0 smallest_c9=none
Q1RESULT name=df_false_enospc arm=bing_per_device_conjunction reading=df_is_d16_row first_c_with_cell=8 cells_c4=0 cells_c9=953 smallest_c9=free_each=124:request=1
Q1RESULT name=df_false_enospc arm=bing_per_device_conjunction reading=df_is_d28_available first_c_with_cell=1 cells_c4=1617 cells_c9=0 smallest_c9=none
Q1RESULT name=df_false_enospc arm=bing_per_device_conjunction reading=df_is_min_of_both first_c_with_cell=none cells_c4=0 cells_c9=0 smallest_c9=none
Q1RESULT name=done
