
running 1 test
── 随机历史大档 ──
种子 [0, 48)，每段 20 步，比重：偏向抬 F 之后的复用（第 121 行那一类的取样点）
历史 48 段：跑完 28、以已知红收尾 {0: 14, 1: 1}、新发现 5；根环转过一圈的 26 段；最高 txg 30
  操作 PublishFirstFile：Ok 5、Err 8、前提不满足没调 2
  操作 PublishOverwrite：Ok 393、Err 54、前提不满足没调 19
  操作 PublishWithoutUnits：Ok 0、Err 0、前提不满足没调 9
  操作 CloseAndMountWritable：Ok 188、Err 2、前提不满足没调 0
  操作 CloseAndMountRollback：Ok 10、Err 7、前提不满足没调 0
  操作 RaiseRollbackFloor：Ok 54、Err 135、前提不满足没调 5
  操作 ColdStartRecover：Ok 7、Err 0、前提不满足没调 0
  内容长度 0 字节：入口被调 58 次、发成 57 次
  内容长度 [1, 载荷容量 − 2]：入口被调 262 次、发成 257 次
  内容长度 数据单元整宽 32768（装不下）：入口被调 25 次、发成 0 次
  内容长度 载荷容量：入口被调 46 次、发成 44 次
  内容长度 载荷容量 + 1（装不下）：入口被调 29 次、发成 0 次
  内容长度 载荷容量 − 1：入口被调 40 次、发成 40 次
  Err 成员 MountError::InstanceRowsOnVersionWithoutFileUnsupported：2 次
  Err 成员 MountError::RaiseNeedsRewrittenInstanceTableUnitInCurrentVersion：37 次
  Err 成员 MountError::RollbackFloorAboveCeiling：98 次
  Err 成员 MountError::RollbackTargetNotInRing：3 次
  Err 成员 MountError::RollbackToVersionWithoutFileUnsupported：4 次
  Err 成员 PublishError::ContentExceedsDataUnit：54 次
  Err 成员 PublishError::FirstFileVersionNotRightAfterTheSecondWarmUp：8 次
  前提不满足（没有可写会话）：27 次
  前提不满足（现行版本带文件）：8 次
  冷启动结局 FileRead：6 次
  冷启动结局 NoFile：1 次
  一次挂载里最多写出 18 条根；一段历史里最多挂载成功 8 次、最多试挂载 8 次
  抬 F 回收到落点 34 次、共回收 873 个落点；复用已释放的记录 200 条（其中跨度变了 48 条）；已释放的记录被罩住起点 0 条、被删 0 条
  挂载写出的发布比过分配记录 456 次；挂载之前生效根的分配记录读不出、没比的挂载 0 次
  checker 跑了 698 次；一个写都没发、沿用上一次结论的 248 步
  I-1.1：判绿 698 次、不适用 0 次
  I-1.3：判绿 698 次、不适用 0 次
  I-1.4：判绿 698 次、不适用 0 次
  I-1.6：判绿 698 次、不适用 0 次
  I-1.7：判绿 698 次、不适用 0 次
  I-2.1：判绿 698 次、不适用 0 次
  I-2.3：判绿 698 次、不适用 0 次
  I-2.4：判绿 698 次、不适用 0 次
  I-2.5：判绿 698 次、不适用 0 次
  I-3.1：判绿 671 次、不适用 12 次
  I-3.8：判绿 698 次、不适用 0 次
  I-3.9：判绿 686 次、不适用 12 次
  I-4.8：判绿 698 次、不适用 0 次
  I-5.1：判绿 698 次、不适用 0 次
  I-5.2：判绿 686 次、不适用 12 次
  I-5.4：判绿 686 次、不适用 12 次
  I-7.1：判绿 698 次、不适用 0 次
  I-7.2：判绿 698 次、不适用 0 次
  I-7.4：判绿 698 次、不适用 0 次
  I-7.6：判绿 698 次、不适用 0 次
  I-7.7：判绿 698 次、不适用 0 次
  I-7.8：判绿 698 次、不适用 0 次
  I-9.1：判绿 686 次、不适用 12 次
  I-9.2：判绿 686 次、不适用 12 次
  I-9.4：判绿 686 次、不适用 12 次
  I-9.7：判绿 686 次、不适用 12 次
  I-9.10：判绿 686 次、不适用 12 次
  I-9.13：判绿 686 次、不适用 12 次
  I-9.14：判绿 639 次、不适用 59 次
已知红第 0 条（增补 2 收口表第 ② 行（一次挂载转过一整圈根环时 checker 在合法状态上判 I-3.1 红））：14 段；前几个种子 [(0, Operation(12)), (1, Operation(18)), (19, Operation(19)), (22, Operation(13)), (23, Operation(14)), (26, Operation(18)), (27, Operation(19)), (28, Operation(13))]
已知红第 1 条（增补 2 收口表第 43 行）：1 段；前几个种子 [(4, Operation(17))]
新发现 HarnessJudgement { judgement: "改写或新增的分配记录的代不是这次发布的 txg" }：第一个种子 5（同签名的种子 [5, 9, 12, 25, 35]），在 Operation(19)（Some(CloseAndMountWritable)）之后
  执行器判出：改写或新增的分配记录的代不是这次发布的 txg：AllocationGenerationIsNotThePublishTxg { records: [AllocationRecord { device: DeviceIdentity(0), slot: SlotNumber(50304), span_slots: 2, generation: CheckpointTxg(9), is_released: false }, AllocationRecord { device: DeviceIdentity(0), slot: SlotNumber(50306), span_slots: 1, generation: CheckpointTxg(7), is_released: false }, AllocationRecord { device: DeviceIdentity(0), slot: SlotNumber(50307), span_slots: 1, generation: CheckpointTxg(7), is_released: false }, AllocationRecord { device: DeviceIdentity(0), slot: SlotNumber(50308), span_slots: 1, generation: CheckpointTxg(7), is_released: false }, AllocationRecord { device: DeviceIdentity(0), slot: SlotNumber(50309), span_slots: 1, generation: CheckpointTxg(7), is_released: false }, AllocationRecord { device: DeviceIdentity(1), slot: SlotNumber(50304), span_slots: 2, generation: CheckpointTxg(9), is_released: false }, AllocationRecord { device: DeviceIdentity(1), slot: SlotNumber(50306), span_slots: 1, generation: CheckpointTxg(7), is_released: false }, AllocationRecord { device: DeviceIdentity(1), slot: SlotNumber(50307), span_slots: 1, generation: CheckpointTxg(7), is_released: false }, AllocationRecord { device: DeviceIdentity(1), slot: SlotNumber(50308), span_slots: 1, generation: CheckpointTxg(7), is_released: false }, AllocationRecord { device: DeviceIdentity(1), slot: SlotNumber(50309), span_slots: 1, generation: CheckpointTxg(7), is_released: false }], first_publish_txg: CheckpointTxg(27), last_publish_txg: CheckpointTxg(27) }
  没收缩（这一档只报种子）：SINGLEFS_RANDOM_HISTORY_SHRINK_SEED=5 跑「收缩一个种子」那条 #[ignore] 用例，或跑大档
每个新发现的种子：[(5, HarnessJudgement { judgement: "改写或新增的分配记录的代不是这次发布的 txg" }), (9, HarnessJudgement { judgement: "改写或新增的分配记录的代不是这次发布的 txg" }), (12, HarnessJudgement { judgement: "改写或新增的分配记录的代不是这次发布的 txg" }), (25, HarnessJudgement { judgement: "改写或新增的分配记录的代不是这次发布的 txg" }), (35, HarnessJudgement { judgement: "改写或新增的分配记录的代不是这次发布的 txg" })]
用时 1.0 秒
test random_histories_large_tier_seeds_and_length_from_the_environment ... FAILED

failures:

failures:
    random_histories_large_tier_seeds_and_length_from_the_environment

test result: FAILED. 0 passed; 1 failed; 0 ignored; 0 measured; 8 filtered out; finished in 1.03s

    Finished `release` profile [optimized + debuginfo] target(s) in 0.00s
     Running tests/second_transaction_supplement_three_random_history.rs (target/release/deps/second_transaction_supplement_three_random_history-febc0246c8ac82b5)

thread 'random_histories_large_tier_seeds_and_length_from_the_environment' (3667356) panicked at crates/singlefs-harness/tests/second_transaction_supplement_three_random_history.rs:523:5:
「已知红」清单外的失败：
种子 [0, 48)，每段 20 步，比重：偏向抬 F 之后的复用（第 121 行那一类的取样点）
历史 48 段：跑完 28、以已知红收尾 {0: 14, 1: 1}、新发现 5；根环转过一圈的 26 段；最高 txg 30
  操作 PublishFirstFile：Ok 5、Err 8、前提不满足没调 2
  操作 PublishOverwrite：Ok 393、Err 54、前提不满足没调 19
  操作 PublishWithoutUnits：Ok 0、Err 0、前提不满足没调 9
  操作 CloseAndMountWritable：Ok 188、Err 2、前提不满足没调 0
  操作 CloseAndMountRollback：Ok 10、Err 7、前提不满足没调 0
  操作 RaiseRollbackFloor：Ok 54、Err 135、前提不满足没调 5
  操作 ColdStartRecover：Ok 7、Err 0、前提不满足没调 0
  内容长度 0 字节：入口被调 58 次、发成 57 次
  内容长度 [1, 载荷容量 − 2]：入口被调 262 次、发成 257 次
  内容长度 数据单元整宽 32768（装不下）：入口被调 25 次、发成 0 次
  内容长度 载荷容量：入口被调 46 次、发成 44 次
  内容长度 载荷容量 + 1（装不下）：入口被调 29 次、发成 0 次
  内容长度 载荷容量 − 1：入口被调 40 次、发成 40 次
  Err 成员 MountError::InstanceRowsOnVersionWithoutFileUnsupported：2 次
  Err 成员 MountError::RaiseNeedsRewrittenInstanceTableUnitInCurrentVersion：37 次
  Err 成员 MountError::RollbackFloorAboveCeiling：98 次
  Err 成员 MountError::RollbackTargetNotInRing：3 次
  Err 成员 MountError::RollbackToVersionWithoutFileUnsupported：4 次
  Err 成员 PublishError::ContentExceedsDataUnit：54 次
  Err 成员 PublishError::FirstFileVersionNotRightAfterTheSecondWarmUp：8 次
  前提不满足（没有可写会话）：27 次
  前提不满足（现行版本带文件）：8 次
  冷启动结局 FileRead：6 次
  冷启动结局 NoFile：1 次
  一次挂载里最多写出 18 条根；一段历史里最多挂载成功 8 次、最多试挂载 8 次
  抬 F 回收到落点 34 次、共回收 873 个落点；复用已释放的记录 200 条（其中跨度变了 48 条）；已释放的记录被罩住起点 0 条、被删 0 条
  挂载写出的发布比过分配记录 456 次；挂载之前生效根的分配记录读不出、没比的挂载 0 次
  checker 跑了 698 次；一个写都没发、沿用上一次结论的 248 步
  I-1.1：判绿 698 次、不适用 0 次
  I-1.3：判绿 698 次、不适用 0 次
  I-1.4：判绿 698 次、不适用 0 次
  I-1.6：判绿 698 次、不适用 0 次
  I-1.7：判绿 698 次、不适用 0 次
  I-2.1：判绿 698 次、不适用 0 次
  I-2.3：判绿 698 次、不适用 0 次
  I-2.4：判绿 698 次、不适用 0 次
  I-2.5：判绿 698 次、不适用 0 次
  I-3.1：判绿 671 次、不适用 12 次
  I-3.8：判绿 698 次、不适用 0 次
  I-3.9：判绿 686 次、不适用 12 次
  I-4.8：判绿 698 次、不适用 0 次
  I-5.1：判绿 698 次、不适用 0 次
  I-5.2：判绿 686 次、不适用 12 次
  I-5.4：判绿 686 次、不适用 12 次
  I-7.1：判绿 698 次、不适用 0 次
  I-7.2：判绿 698 次、不适用 0 次
  I-7.4：判绿 698 次、不适用 0 次
  I-7.6：判绿 698 次、不适用 0 次
  I-7.7：判绿 698 次、不适用 0 次
  I-7.8：判绿 698 次、不适用 0 次
  I-9.1：判绿 686 次、不适用 12 次
  I-9.2：判绿 686 次、不适用 12 次
  I-9.4：判绿 686 次、不适用 12 次
  I-9.7：判绿 686 次、不适用 12 次
  I-9.10：判绿 686 次、不适用 12 次
  I-9.13：判绿 686 次、不适用 12 次
  I-9.14：判绿 639 次、不适用 59 次
已知红第 0 条（增补 2 收口表第 ② 行（一次挂载转过一整圈根环时 checker 在合法状态上判 I-3.1 红））：14 段；前几个种子 [(0, Operation(12)), (1, Operation(18)), (19, Operation(19)), (22, Operation(13)), (23, Operation(14)), (26, Operation(18)), (27, Operation(19)), (28, Operation(13))]
已知红第 1 条（增补 2 收口表第 43 行）：1 段；前几个种子 [(4, Operation(17))]
新发现 HarnessJudgement { judgement: "改写或新增的分配记录的代不是这次发布的 txg" }：第一个种子 5（同签名的种子 [5, 9, 12, 25, 35]），在 Operation(19)（Some(CloseAndMountWritable)）之后
  执行器判出：改写或新增的分配记录的代不是这次发布的 txg：AllocationGenerationIsNotThePublishTxg { records: [AllocationRecord { device: DeviceIdentity(0), slot: SlotNumber(50304), span_slots: 2, generation: CheckpointTxg(9), is_released: false }, AllocationRecord { device: DeviceIdentity(0), slot: SlotNumber(50306), span_slots: 1, generation: CheckpointTxg(7), is_released: false }, AllocationRecord { device: DeviceIdentity(0), slot: SlotNumber(50307), span_slots: 1, generation: CheckpointTxg(7), is_released: false }, AllocationRecord { device: DeviceIdentity(0), slot: SlotNumber(50308), span_slots: 1, generation: CheckpointTxg(7), is_released: false }, AllocationRecord { device: DeviceIdentity(0), slot: SlotNumber(50309), span_slots: 1, generation: CheckpointTxg(7), is_released: false }, AllocationRecord { device: DeviceIdentity(1), slot: SlotNumber(50304), span_slots: 2, generation: CheckpointTxg(9), is_released: false }, AllocationRecord { device: DeviceIdentity(1), slot: SlotNumber(50306), span_slots: 1, generation: CheckpointTxg(7), is_released: false }, AllocationRecord { device: DeviceIdentity(1), slot: SlotNumber(50307), span_slots: 1, generation: CheckpointTxg(7), is_released: false }, AllocationRecord { device: DeviceIdentity(1), slot: SlotNumber(50308), span_slots: 1, generation: CheckpointTxg(7), is_released: false }, AllocationRecord { device: DeviceIdentity(1), slot: SlotNumber(50309), span_slots: 1, generation: CheckpointTxg(7), is_released: false }], first_publish_txg: CheckpointTxg(27), last_publish_txg: CheckpointTxg(27) }
  没收缩（这一档只报种子）：SINGLEFS_RANDOM_HISTORY_SHRINK_SEED=5 跑「收缩一个种子」那条 #[ignore] 用例，或跑大档

note: run with `RUST_BACKTRACE=1` environment variable to display a backtrace
error: test failed, to rerun pass `-p singlefs-harness --test second_transaction_supplement_three_random_history`
