
running 1 test
── 随机历史大档 ──
种子 [0, 96)，每段 30 步，比重：各类操作都抽（快档、大档）
历史 96 段：跑完 41、以已知红收尾 {0: 47, 1: 1}、新发现 7；根环转过一圈的 60 段；最高 txg 35
  操作 PublishFirstFile：Ok 24、Err 60、前提不满足没调 56
  操作 PublishOverwrite：Ok 628、Err 101、前提不满足没调 456
  操作 PublishWithoutUnits：Ok 7、Err 0、前提不满足没调 63
  操作 CloseAndMountWritable：Ok 314、Err 92、前提不满足没调 0
  操作 CloseAndMountRollback：Ok 109、Err 192、前提不满足没调 0
  操作 RaiseRollbackFloor：Ok 41、Err 154、前提不满足没调 142
  操作 ColdStartRecover：Ok 96、Err 0、前提不满足没调 0
  内容长度 0 字节：入口被调 85 次、发成 82 次
  内容长度 [1, 载荷容量 − 2]：入口被调 478 次、发成 443 次
  内容长度 数据单元整宽 32768（装不下）：入口被调 49 次、发成 0 次
  内容长度 载荷容量：入口被调 70 次、发成 66 次
  内容长度 载荷容量 + 1（装不下）：入口被调 64 次、发成 0 次
  内容长度 载荷容量 − 1：入口被调 67 次、发成 61 次
  Err 成员 MountError::InstanceRowsOnVersionWithoutFileUnsupported：92 次
  Err 成员 MountError::RaiseNeedsRewrittenInstanceTableUnitInCurrentVersion：34 次
  Err 成员 MountError::RollbackFloorAboveCeiling：120 次
  Err 成员 MountError::RollbackTargetNotACandidate（txg 低于生效的回退下界 F）：1 次
  Err 成员 MountError::RollbackTargetNotACandidate（实例表里那个实例的行 T 更小：这是被抛弃时间线的根）：5 次
  Err 成员 MountError::RollbackTargetNotInRing：61 次
  Err 成员 MountError::RollbackToVersionWithoutFileUnsupported：125 次
  Err 成员 PublishError::ContentExceedsDataUnit：105 次
  Err 成员 PublishError::FirstFileVersionNotRightAfterTheSecondWarmUp：56 次
  前提不满足（没有可写会话）：660 次
  前提不满足（现行版本带文件）：33 次
  前提不满足（现行版本树表 0 条）：24 次
  冷启动结局 FileRead：77 次
  冷启动结局 NoFile：19 次
  一次挂载里最多写出 23 条根；一段历史里最多挂载成功 9 次、最多试挂载 12 次
  抬 F 回收到落点 30 次、共回收 836 个落点；复用已释放的记录 250 条（其中跨度变了 62 条）；已释放的记录被罩住起点 2 条、被删 2 条
  挂载写出的发布比过分配记录 912 次；挂载之前生效根的分配记录读不出、没比的挂载 0 次
  checker 跑了 1219 次；一个写都没发、沿用上一次结论的 1412 步
  I-1.1：判绿 1219 次、不适用 0 次
  I-1.3：判绿 1219 次、不适用 0 次
  I-1.4：判绿 1219 次、不适用 0 次
  I-1.6：判绿 1219 次、不适用 0 次
  I-1.7：判绿 1219 次、不适用 0 次
  I-2.1：判绿 1219 次、不适用 0 次
  I-2.3：判绿 1219 次、不适用 0 次
  I-2.4：判绿 1219 次、不适用 0 次
  I-2.5：判绿 1219 次、不适用 0 次
  I-3.1：判绿 1068 次、不适用 103 次
  I-3.8：判绿 1219 次、不适用 0 次
  I-3.9：判绿 1116 次、不适用 103 次
  I-4.8：判绿 1219 次、不适用 0 次
  I-5.1：判绿 1219 次、不适用 0 次
  I-5.2：判绿 1116 次、不适用 103 次
  I-5.4：判绿 1116 次、不适用 103 次
  I-7.1：判绿 1219 次、不适用 0 次
  I-7.2：判绿 1219 次、不适用 0 次
  I-7.4：判绿 1219 次、不适用 0 次
  I-7.6：判绿 1219 次、不适用 0 次
  I-7.7：判绿 1219 次、不适用 0 次
  I-7.8：判绿 1219 次、不适用 0 次
  I-9.1：判绿 1116 次、不适用 103 次
  I-9.2：判绿 1116 次、不适用 103 次
  I-9.4：判绿 1116 次、不适用 103 次
  I-9.7：判绿 1116 次、不适用 103 次
  I-9.10：判绿 1116 次、不适用 103 次
  I-9.13：判绿 1116 次、不适用 103 次
  I-9.14：判绿 1044 次、不适用 175 次
已知红第 0 条（增补 2 收口表第 ② 行（一次挂载转过一整圈根环时 checker 在合法状态上判 I-3.1 红））：47 段；前几个种子 [(0, Operation(22)), (1, Operation(24)), (2, Operation(27)), (4, Operation(25)), (11, Operation(21)), (12, Operation(18)), (13, Operation(24)), (16, Operation(18))]
已知红第 1 条（增补 2 收口表第 43 行）：1 段；前几个种子 [(80, Operation(21))]
新发现 HarnessJudgement { judgement: "改写或新增的分配记录的代不是这次发布的 txg" }：第一个种子 7（同签名的种子 [7, 46, 62, 68, 69, 71, 94]），在 Operation(23)（Some(CloseAndMountWritable)）之后
  执行器判出：改写或新增的分配记录的代不是这次发布的 txg：AllocationGenerationIsNotThePublishTxg { records: [AllocationRecord { device: DeviceIdentity(0), slot: SlotNumber(50240), span_slots: 2, generation: CheckpointTxg(4), is_released: false }, AllocationRecord { device: DeviceIdentity(0), slot: SlotNumber(50242), span_slots: 1, generation: CheckpointTxg(4), is_released: false }, AllocationRecord { device: DeviceIdentity(0), slot: SlotNumber(50244), span_slots: 1, generation: CheckpointTxg(4), is_released: false }, AllocationRecord { device: DeviceIdentity(0), slot: SlotNumber(50245), span_slots: 1, generation: CheckpointTxg(4), is_released: false }, AllocationRecord { device: DeviceIdentity(1), slot: SlotNumber(50240), span_slots: 2, generation: CheckpointTxg(4), is_released: false }, AllocationRecord { device: DeviceIdentity(1), slot: SlotNumber(50242), span_slots: 1, generation: CheckpointTxg(4), is_released: false }, AllocationRecord { device: DeviceIdentity(1), slot: SlotNumber(50244), span_slots: 1, generation: CheckpointTxg(4), is_released: false }, AllocationRecord { device: DeviceIdentity(1), slot: SlotNumber(50245), span_slots: 1, generation: CheckpointTxg(4), is_released: false }], first_publish_txg: CheckpointTxg(27), last_publish_txg: CheckpointTxg(27) }
  没收缩（这一档只报种子）：SINGLEFS_RANDOM_HISTORY_SHRINK_SEED=7 跑「收缩一个种子」那条 #[ignore] 用例，或跑大档
每个新发现的种子：[(7, HarnessJudgement { judgement: "改写或新增的分配记录的代不是这次发布的 txg" }), (46, HarnessJudgement { judgement: "改写或新增的分配记录的代不是这次发布的 txg" }), (62, HarnessJudgement { judgement: "改写或新增的分配记录的代不是这次发布的 txg" }), (68, HarnessJudgement { judgement: "改写或新增的分配记录的代不是这次发布的 txg" }), (69, HarnessJudgement { judgement: "改写或新增的分配记录的代不是这次发布的 txg" }), (71, HarnessJudgement { judgement: "改写或新增的分配记录的代不是这次发布的 txg" }), (94, HarnessJudgement { judgement: "改写或新增的分配记录的代不是这次发布的 txg" })]
用时 2.2 秒
test random_histories_large_tier_seeds_and_length_from_the_environment ... FAILED

failures:

failures:
    random_histories_large_tier_seeds_and_length_from_the_environment

test result: FAILED. 0 passed; 1 failed; 0 ignored; 0 measured; 8 filtered out; finished in 2.20s

    Finished `release` profile [optimized + debuginfo] target(s) in 0.00s
     Running tests/second_transaction_supplement_three_random_history.rs (target/release/deps/second_transaction_supplement_three_random_history-febc0246c8ac82b5)

thread 'random_histories_large_tier_seeds_and_length_from_the_environment' (3667193) panicked at crates/singlefs-harness/tests/second_transaction_supplement_three_random_history.rs:523:5:
「已知红」清单外的失败：
种子 [0, 96)，每段 30 步，比重：各类操作都抽（快档、大档）
历史 96 段：跑完 41、以已知红收尾 {0: 47, 1: 1}、新发现 7；根环转过一圈的 60 段；最高 txg 35
  操作 PublishFirstFile：Ok 24、Err 60、前提不满足没调 56
  操作 PublishOverwrite：Ok 628、Err 101、前提不满足没调 456
  操作 PublishWithoutUnits：Ok 7、Err 0、前提不满足没调 63
  操作 CloseAndMountWritable：Ok 314、Err 92、前提不满足没调 0
  操作 CloseAndMountRollback：Ok 109、Err 192、前提不满足没调 0
  操作 RaiseRollbackFloor：Ok 41、Err 154、前提不满足没调 142
  操作 ColdStartRecover：Ok 96、Err 0、前提不满足没调 0
  内容长度 0 字节：入口被调 85 次、发成 82 次
  内容长度 [1, 载荷容量 − 2]：入口被调 478 次、发成 443 次
  内容长度 数据单元整宽 32768（装不下）：入口被调 49 次、发成 0 次
  内容长度 载荷容量：入口被调 70 次、发成 66 次
  内容长度 载荷容量 + 1（装不下）：入口被调 64 次、发成 0 次
  内容长度 载荷容量 − 1：入口被调 67 次、发成 61 次
  Err 成员 MountError::InstanceRowsOnVersionWithoutFileUnsupported：92 次
  Err 成员 MountError::RaiseNeedsRewrittenInstanceTableUnitInCurrentVersion：34 次
  Err 成员 MountError::RollbackFloorAboveCeiling：120 次
  Err 成员 MountError::RollbackTargetNotACandidate（txg 低于生效的回退下界 F）：1 次
  Err 成员 MountError::RollbackTargetNotACandidate（实例表里那个实例的行 T 更小：这是被抛弃时间线的根）：5 次
  Err 成员 MountError::RollbackTargetNotInRing：61 次
  Err 成员 MountError::RollbackToVersionWithoutFileUnsupported：125 次
  Err 成员 PublishError::ContentExceedsDataUnit：105 次
  Err 成员 PublishError::FirstFileVersionNotRightAfterTheSecondWarmUp：56 次
  前提不满足（没有可写会话）：660 次
  前提不满足（现行版本带文件）：33 次
  前提不满足（现行版本树表 0 条）：24 次
  冷启动结局 FileRead：77 次
  冷启动结局 NoFile：19 次
  一次挂载里最多写出 23 条根；一段历史里最多挂载成功 9 次、最多试挂载 12 次
  抬 F 回收到落点 30 次、共回收 836 个落点；复用已释放的记录 250 条（其中跨度变了 62 条）；已释放的记录被罩住起点 2 条、被删 2 条
  挂载写出的发布比过分配记录 912 次；挂载之前生效根的分配记录读不出、没比的挂载 0 次
  checker 跑了 1219 次；一个写都没发、沿用上一次结论的 1412 步
  I-1.1：判绿 1219 次、不适用 0 次
  I-1.3：判绿 1219 次、不适用 0 次
  I-1.4：判绿 1219 次、不适用 0 次
  I-1.6：判绿 1219 次、不适用 0 次
  I-1.7：判绿 1219 次、不适用 0 次
  I-2.1：判绿 1219 次、不适用 0 次
  I-2.3：判绿 1219 次、不适用 0 次
  I-2.4：判绿 1219 次、不适用 0 次
  I-2.5：判绿 1219 次、不适用 0 次
  I-3.1：判绿 1068 次、不适用 103 次
  I-3.8：判绿 1219 次、不适用 0 次
  I-3.9：判绿 1116 次、不适用 103 次
  I-4.8：判绿 1219 次、不适用 0 次
  I-5.1：判绿 1219 次、不适用 0 次
  I-5.2：判绿 1116 次、不适用 103 次
  I-5.4：判绿 1116 次、不适用 103 次
  I-7.1：判绿 1219 次、不适用 0 次
  I-7.2：判绿 1219 次、不适用 0 次
  I-7.4：判绿 1219 次、不适用 0 次
  I-7.6：判绿 1219 次、不适用 0 次
  I-7.7：判绿 1219 次、不适用 0 次
  I-7.8：判绿 1219 次、不适用 0 次
  I-9.1：判绿 1116 次、不适用 103 次
  I-9.2：判绿 1116 次、不适用 103 次
  I-9.4：判绿 1116 次、不适用 103 次
  I-9.7：判绿 1116 次、不适用 103 次
  I-9.10：判绿 1116 次、不适用 103 次
  I-9.13：判绿 1116 次、不适用 103 次
  I-9.14：判绿 1044 次、不适用 175 次
已知红第 0 条（增补 2 收口表第 ② 行（一次挂载转过一整圈根环时 checker 在合法状态上判 I-3.1 红））：47 段；前几个种子 [(0, Operation(22)), (1, Operation(24)), (2, Operation(27)), (4, Operation(25)), (11, Operation(21)), (12, Operation(18)), (13, Operation(24)), (16, Operation(18))]
已知红第 1 条（增补 2 收口表第 43 行）：1 段；前几个种子 [(80, Operation(21))]
新发现 HarnessJudgement { judgement: "改写或新增的分配记录的代不是这次发布的 txg" }：第一个种子 7（同签名的种子 [7, 46, 62, 68, 69, 71, 94]），在 Operation(23)（Some(CloseAndMountWritable)）之后
  执行器判出：改写或新增的分配记录的代不是这次发布的 txg：AllocationGenerationIsNotThePublishTxg { records: [AllocationRecord { device: DeviceIdentity(0), slot: SlotNumber(50240), span_slots: 2, generation: CheckpointTxg(4), is_released: false }, AllocationRecord { device: DeviceIdentity(0), slot: SlotNumber(50242), span_slots: 1, generation: CheckpointTxg(4), is_released: false }, AllocationRecord { device: DeviceIdentity(0), slot: SlotNumber(50244), span_slots: 1, generation: CheckpointTxg(4), is_released: false }, AllocationRecord { device: DeviceIdentity(0), slot: SlotNumber(50245), span_slots: 1, generation: CheckpointTxg(4), is_released: false }, AllocationRecord { device: DeviceIdentity(1), slot: SlotNumber(50240), span_slots: 2, generation: CheckpointTxg(4), is_released: false }, AllocationRecord { device: DeviceIdentity(1), slot: SlotNumber(50242), span_slots: 1, generation: CheckpointTxg(4), is_released: false }, AllocationRecord { device: DeviceIdentity(1), slot: SlotNumber(50244), span_slots: 1, generation: CheckpointTxg(4), is_released: false }, AllocationRecord { device: DeviceIdentity(1), slot: SlotNumber(50245), span_slots: 1, generation: CheckpointTxg(4), is_released: false }], first_publish_txg: CheckpointTxg(27), last_publish_txg: CheckpointTxg(27) }
  没收缩（这一档只报种子）：SINGLEFS_RANDOM_HISTORY_SHRINK_SEED=7 跑「收缩一个种子」那条 #[ignore] 用例，或跑大档

note: run with `RUST_BACKTRACE=1` environment variable to display a backtrace
error: test failed, to rerun pass `-p singlefs-harness --test second_transaction_supplement_three_random_history`
