warning: variants `Transient`, `Lying`, `TornError`, and `TornSilent` are never constructed
  --> crates/singlefs-harness/tests/c381r2_probe_common.rs:53:5
   |
51 | pub enum Fault {
   |          ----- variants in this enum
52 |     /// 报错、不落盘（第一轮的瞬时错）。
53 |     Transient,
   |     ^^^^^^^^^
54 |     /// 写落了、设备照样报错（第一轮的 `LYING`）。
55 |     Lying,
   |     ^^^^^
56 |     /// 前半落盘、后半不落，然后报错（撕裂 + 报错）。
57 |     TornError,
   |     ^^^^^^^^^
58 |     /// 前半落盘、后半不落，返回成功（撕裂而设备不说：写不做原子性承诺的那一形）。
59 |     TornSilent,
   |     ^^^^^^^^^^
   |
   = note: `Fault` has derived impls for the traits `Debug` and `Clone`, but these are intentionally ignored during dead code analysis
   = note: `#[warn(dead_code)]` (part of `#[warn(unused)]`) on by default

warning: variants `Empty` and `Other` are never constructed
   --> crates/singlefs-harness/tests/c381r2_probe_common.rs:563:5
    |
559 | pub enum Action {
    |          ------ variants in this enum
...
563 |     Empty,
    |     ^^^^^
564 |     /// 从现行版发一次内容不同的覆盖写。
565 |     Other,
    |     ^^^^^
    |
    = note: `Action` has derived impls for the traits `Debug` and `Clone`, but these are intentionally ignored during dead code analysis

warning: constant `ACTIONS` is never used
   --> crates/singlefs-harness/tests/c381r2_probe_common.rs:569:11
    |
569 | pub const ACTIONS: [Action; 4] = [Action::Retry, Action::Empty, Action::Other, Action::Remount];
    |           ^^^^^^^

warning: function `sweep` is never used
    --> crates/singlefs-harness/tests/c381r2_probe_common.rs:1051:8
     |
1051 | pub fn sweep<T: Send, F: Fn(&MakeFilesystemParameters, usize) -> T + Sync>(
     |        ^^^^^

warning: `singlefs-harness` (test "c381r2_badsector") generated 4 warnings
    Finished `release` profile [optimized + debuginfo] target(s) in 0.00s
     Running tests/c381r2_badsector.rs (target/release/deps/c381r2_badsector-d1a65c1280da0961)

running 1 test
test bad_sector_under_each_arm ... --- 前缀 base：A(txg3) → B(txg4)，实例 1；C 是 txg 5（根落区域 2）（C 共 21 次写）
  [坏扇区在 C 的第0次写：盘0 偏移822214656 长32768] [甲] 分类=干净 切换=0 只读=false 实例=2 探针=0 写=45 实例表行数=Some(2)
      steps=["C err(BlockDevice)", "重开 ok(所选根 4)", "Retry err(BlockDevice)"]
      remount=ok(chosen 7) after红=[] 内容=同一份
  [坏扇区在 C 的第0次写：盘0 偏移822214656 长32768] [丙] 分类=干净 切换=0 只读=false 实例=2 探针=0 写=45 实例表行数=Some(2)
      steps=["C err(BlockDevice)", "重开 ok(所选根 4)", "Retry err(BlockDevice)"]
      remount=ok(chosen 7) after红=[] 内容=同一份
  [坏扇区在 C 的第0次写：盘0 偏移822214656 长32768] [戊-A] 分类=转只读 切换=3 只读=true 实例=4 探针=4 写=137 实例表行数=Some(4)
      steps=["C err(BlockDevice)", "探针写(盘 0) 过", "切换#1（近似：进程内可写重开）ok(所选根 txg 4，新实例 2，现行 txg 7)", "重发在飞 checkpoint err(BlockDevice)", "探针写(盘 0) 过", "切换#2（近似：进程内可写重开）ok(所选根 txg 7，新实例 3，现行 txg 10)", "重发在飞 checkpoint err(BlockDevice)", "探针写(盘 0) 过", "切换#3（近似：进程内可写重开）ok(所选根 txg 10，新实例 4，现行 txg 13)", "重发在飞 checkpoint err(BlockDevice)", "探针写(盘 0) 过", "连续切换越过 N_switch = 3 → 转只读"]
      remount=ok(chosen 13) after红=[] 内容=同一份
  [坏扇区在 C 的第0次写：盘0 偏移822214656 长32768] [戊-B] 分类=转只读 切换=3 只读=true 实例=4 探针=4 写=137 实例表行数=Some(4)
      steps=["C err(BlockDevice)", "探针写(盘 0) 过", "切换#1（近似：进程内可写重开）ok(所选根 txg 4，新实例 2，现行 txg 7)", "重发在飞 checkpoint err(BlockDevice)", "探针写(盘 0) 过", "切换#2（近似：进程内可写重开）ok(所选根 txg 7，新实例 3，现行 txg 10)", "重发在飞 checkpoint err(BlockDevice)", "探针写(盘 0) 过", "切换#3（近似：进程内可写重开）ok(所选根 txg 10，新实例 4，现行 txg 13)", "重发在飞 checkpoint err(BlockDevice)", "探针写(盘 0) 过", "连续切换越过 N_switch = 3 → 转只读"]
      remount=ok(chosen 13) after红=[] 内容=同一份
  [坏扇区在 C 的第16次写：盘0 偏移16793600 长4096] [甲] 分类=挂不上 切换=0 只读=false 实例=1 探针=0 写=30 实例表行数=Some(0)
      steps=["C err(BlockDevice)", "重开 err(Publish(BlockDevice(InputOutput(Custom { kind: Other, error:)"]
      remount=REFUSED Publish(BlockDevice(InputOutput(Custom { kind: Other, error: "坏扇区：这一段永远写不进去" }))) after红=[] 内容=同一份
  [坏扇区在 C 的第16次写：盘0 偏移16793600 长4096] [丙] 分类=挂不上 切换=0 只读=false 实例=1 探针=0 写=30 实例表行数=Some(0)
      steps=["C err(BlockDevice)", "重开 err(Publish(BlockDevice(InputOutput(Custom { kind: Other, error:)"]
      remount=REFUSED Publish(BlockDevice(InputOutput(Custom { kind: Other, error: "坏扇区：这一段永远写不进去" }))) after红=[] 内容=同一份
  [坏扇区在 C 的第16次写：盘0 偏移16793600 长4096] [戊-A] 分类=挂不上+转只读 切换=3 只读=true 实例=1 探针=4 写=60 实例表行数=Some(0)
      steps=["C err(BlockDevice)", "探针写(盘 0) 过", "切换#1 挂载失败(Publish(BlockDevice(InputOutput(Custom { kind: Other, error:)", "探针写(盘 0) 过", "切换#2 挂载失败(Publish(BlockDevice(InputOutput(Custom { kind: Other, error:)", "探针写(盘 0) 过", "切换#3 挂载失败(Publish(BlockDevice(InputOutput(Custom { kind: Other, error:)", "探针写(盘 0) 过", "连续切换越过 N_switch = 3 → 转只读"]
      remount=REFUSED Publish(BlockDevice(InputOutput(Custom { kind: Other, error: "坏扇区：这一段永远写不进去" }))) after红=[] 内容=同一份
  [坏扇区在 C 的第16次写：盘0 偏移16793600 长4096] [戊-B] 分类=挂不上+转只读 切换=3 只读=true 实例=1 探针=4 写=60 实例表行数=Some(0)
      steps=["C err(BlockDevice)", "探针写(盘 0) 过", "切换#1 挂载失败(Publish(BlockDevice(InputOutput(Custom { kind: Other, error:)", "探针写(盘 0) 过", "切换#2 挂载失败(Publish(BlockDevice(InputOutput(Custom { kind: Other, error:)", "探针写(盘 0) 过", "切换#3 挂载失败(Publish(BlockDevice(InputOutput(Custom { kind: Other, error:)", "探针写(盘 0) 过", "连续切换越过 N_switch = 3 → 转只读"]
      remount=REFUSED Publish(BlockDevice(InputOutput(Custom { kind: Other, error: "坏扇区：这一段永远写不进去" }))) after红=[] 内容=同一份
  [坏扇区在 C 的第18次写：盘0 偏移7344128 长512] [甲] 分类=红 切换=0 只读=false 实例=2 探针=0 写=70 实例表行数=Some(2)
      steps=["C err(BlockDevice)", "重开 ok(所选根 4)", "Retry ok(txg 8)"]
      remount=ok(chosen 8) after红=["I-3.1: Violated(\"盘 0：记账的已分配 Some(1032192)，遍历全部有效根得到 966656；机理：根环槽数 24、最新根 txg 10、环里自证过的根槽 10 个、最老的自证过的根 txg 0、遍历的候选根槽 10 个、被实例表判抛弃的根槽 0 个、回退下界 F 0、低于 F 的根槽 0 个\")"] 内容=同一份
  [坏扇区在 C 的第18次写：盘0 偏移7344128 长512] [丙] 分类=红 切换=0 只读=false 实例=2 探针=0 写=70 实例表行数=Some(2)
      steps=["C err(BlockDevice)", "重开 ok(所选根 4)", "Retry ok(txg 8)"]
      remount=ok(chosen 8) after红=["I-3.1: Violated(\"盘 0：记账的已分配 Some(1032192)，遍历全部有效根得到 966656；机理：根环槽数 24、最新根 txg 10、环里自证过的根槽 10 个、最老的自证过的根 txg 0、遍历的候选根槽 10 个、被实例表判抛弃的根槽 0 个、回退下界 F 0、低于 F 的根槽 0 个\")"] 内容=同一份
  [坏扇区在 C 的第18次写：盘0 偏移7344128 长512] [戊-A] 分类=红 切换=1 只读=false 实例=2 探针=1 写=71 实例表行数=Some(2)
      steps=["C err(BlockDevice)", "探针写(盘 0) 过", "切换#1（近似：进程内可写重开）ok(所选根 txg 4，新实例 2，现行 txg 7)", "重发在飞 checkpoint ok(txg 8)"]
      remount=ok(chosen 8) after红=["I-3.1: Violated(\"盘 0：记账的已分配 Some(1032192)，遍历全部有效根得到 966656；机理：根环槽数 24、最新根 txg 10、环里自证过的根槽 10 个、最老的自证过的根 txg 0、遍历的候选根槽 10 个、被实例表判抛弃的根槽 0 个、回退下界 F 0、低于 F 的根槽 0 个\")"] 内容=同一份
  [坏扇区在 C 的第18次写：盘0 偏移7344128 长512] [戊-B] 分类=干净 切换=1 只读=false 实例=2 探针=1 写=71 实例表行数=Some(2)
      steps=["C err(BlockDevice)", "探针写(盘 0) 过", "切换#1（近似：进程内可写重开）ok(所选根 txg 4，新实例 2，现行 txg 7)", "重发在飞 checkpoint ok(txg 8)"]
      remount=ok(chosen 8) after红=[] 内容=同一份
--- 前缀 txg6：base + 1 次空发布；C 是 txg 6（根落区域 0）（C 共 21 次写）
  [坏扇区在 C 的第0次写：盘0 偏移822214656 长32768] [甲] 分类=干净 切换=0 只读=false 实例=2 探针=0 写=32 实例表行数=Some(2)
      steps=["C err(BlockDevice)", "重开 ok(所选根 5)", "Retry err(BlockDevice)"]
      remount=ok(chosen 7) after红=[] 内容=同一份
  [坏扇区在 C 的第0次写：盘0 偏移822214656 长32768] [丙] 分类=干净 切换=0 只读=false 实例=2 探针=0 写=32 实例表行数=Some(2)
      steps=["C err(BlockDevice)", "重开 ok(所选根 5)", "Retry err(BlockDevice)"]
      remount=ok(chosen 7) after红=[] 内容=同一份
  [坏扇区在 C 的第0次写：盘0 偏移822214656 长32768] [戊-A] 分类=转只读 切换=3 只读=true 实例=4 探针=4 写=124 实例表行数=Some(4)
      steps=["C err(BlockDevice)", "探针写(盘 0) 过", "切换#1（近似：进程内可写重开）ok(所选根 txg 5，新实例 2，现行 txg 7)", "重发在飞 checkpoint err(BlockDevice)", "探针写(盘 0) 过", "切换#2（近似：进程内可写重开）ok(所选根 txg 7，新实例 3，现行 txg 10)", "重发在飞 checkpoint err(BlockDevice)", "探针写(盘 0) 过", "切换#3（近似：进程内可写重开）ok(所选根 txg 10，新实例 4，现行 txg 13)", "重发在飞 checkpoint err(BlockDevice)", "探针写(盘 0) 过", "连续切换越过 N_switch = 3 → 转只读"]
      remount=ok(chosen 13) after红=[] 内容=同一份
  [坏扇区在 C 的第0次写：盘0 偏移822214656 长32768] [戊-B] 分类=转只读 切换=3 只读=true 实例=4 探针=4 写=124 实例表行数=Some(4)
      steps=["C err(BlockDevice)", "探针写(盘 0) 过", "切换#1（近似：进程内可写重开）ok(所选根 txg 5，新实例 2，现行 txg 7)", "重发在飞 checkpoint err(BlockDevice)", "探针写(盘 0) 过", "切换#2（近似：进程内可写重开）ok(所选根 txg 7，新实例 3，现行 txg 10)", "重发在飞 checkpoint err(BlockDevice)", "探针写(盘 0) 过", "切换#3（近似：进程内可写重开）ok(所选根 txg 10，新实例 4，现行 txg 13)", "重发在飞 checkpoint err(BlockDevice)", "探针写(盘 0) 过", "连续切换越过 N_switch = 3 → 转只读"]
      remount=ok(chosen 13) after红=[] 内容=同一份
  [坏扇区在 C 的第16次写：盘0 偏移16797696 长4096] [甲] 分类=挂不上 切换=0 只读=false 实例=1 探针=0 写=30 实例表行数=Some(0)
      steps=["C err(BlockDevice)", "重开 err(Publish(BlockDevice(InputOutput(Custom { kind: Other, error:)"]
      remount=REFUSED Publish(BlockDevice(InputOutput(Custom { kind: Other, error: "坏扇区：这一段永远写不进去" }))) after红=[] 内容=同一份
  [坏扇区在 C 的第16次写：盘0 偏移16797696 长4096] [丙] 分类=挂不上 切换=0 只读=false 实例=1 探针=0 写=30 实例表行数=Some(0)
      steps=["C err(BlockDevice)", "重开 err(Publish(BlockDevice(InputOutput(Custom { kind: Other, error:)"]
      remount=REFUSED Publish(BlockDevice(InputOutput(Custom { kind: Other, error: "坏扇区：这一段永远写不进去" }))) after红=[] 内容=同一份
  [坏扇区在 C 的第16次写：盘0 偏移16797696 长4096] [戊-A] 分类=挂不上+转只读 切换=3 只读=true 实例=1 探针=4 写=60 实例表行数=Some(0)
      steps=["C err(BlockDevice)", "探针写(盘 0) 过", "切换#1 挂载失败(Publish(BlockDevice(InputOutput(Custom { kind: Other, error:)", "探针写(盘 0) 过", "切换#2 挂载失败(Publish(BlockDevice(InputOutput(Custom { kind: Other, error:)", "探针写(盘 0) 过", "切换#3 挂载失败(Publish(BlockDevice(InputOutput(Custom { kind: Other, error:)", "探针写(盘 0) 过", "连续切换越过 N_switch = 3 → 转只读"]
      remount=REFUSED Publish(BlockDevice(InputOutput(Custom { kind: Other, error: "坏扇区：这一段永远写不进去" }))) after红=[] 内容=同一份
  [坏扇区在 C 的第16次写：盘0 偏移16797696 长4096] [戊-B] 分类=挂不上+转只读 切换=3 只读=true 实例=1 探针=4 写=60 实例表行数=Some(0)
      steps=["C err(BlockDevice)", "探针写(盘 0) 过", "切换#1 挂载失败(Publish(BlockDevice(InputOutput(Custom { kind: Other, error:)", "探针写(盘 0) 过", "切换#2 挂载失败(Publish(BlockDevice(InputOutput(Custom { kind: Other, error:)", "探针写(盘 0) 过", "切换#3 挂载失败(Publish(BlockDevice(InputOutput(Custom { kind: Other, error:)", "探针写(盘 0) 过", "连续切换越过 N_switch = 3 → 转只读"]
      remount=REFUSED Publish(BlockDevice(InputOutput(Custom { kind: Other, error: "坏扇区：这一段永远写不进去" }))) after红=[] 内容=同一份
  [坏扇区在 C 的第18次写：盘0 偏移1056768 长512] [甲] 分类=红 切换=0 只读=false 实例=2 探针=0 写=70 实例表行数=Some(2)
      steps=["C err(BlockDevice)", "重开 ok(所选根 5)", "Retry ok(txg 9)"]
      remount=ok(chosen 9) after红=["I-3.1: Violated(\"盘 0：记账的已分配 Some(1097728)，遍历全部有效根得到 1032192；机理：根环槽数 24、最新根 txg 11、环里自证过的根槽 11 个、最老的自证过的根 txg 0、遍历的候选根槽 11 个、被实例表判抛弃的根槽 0 个、回退下界 F 0、低于 F 的根槽 0 个\")"] 内容=同一份
  [坏扇区在 C 的第18次写：盘0 偏移1056768 长512] [丙] 分类=红 切换=0 只读=false 实例=2 探针=0 写=70 实例表行数=Some(2)
      steps=["C err(BlockDevice)", "重开 ok(所选根 5)", "Retry ok(txg 9)"]
      remount=ok(chosen 9) after红=["I-3.1: Violated(\"盘 0：记账的已分配 Some(1097728)，遍历全部有效根得到 1032192；机理：根环槽数 24、最新根 txg 11、环里自证过的根槽 11 个、最老的自证过的根 txg 0、遍历的候选根槽 11 个、被实例表判抛弃的根槽 0 个、回退下界 F 0、低于 F 的根槽 0 个\")"] 内容=同一份
  [坏扇区在 C 的第18次写：盘0 偏移1056768 长512] [戊-A] 分类=红 切换=1 只读=false 实例=2 探针=1 写=71 实例表行数=Some(2)
      steps=["C err(BlockDevice)", "探针写(盘 0) 过", "切换#1（近似：进程内可写重开）ok(所选根 txg 5，新实例 2，现行 txg 8)", "重发在飞 checkpoint ok(txg 9)"]
      remount=ok(chosen 9) after红=["I-3.1: Violated(\"盘 0：记账的已分配 Some(1097728)，遍历全部有效根得到 1032192；机理：根环槽数 24、最新根 txg 11、环里自证过的根槽 11 个、最老的自证过的根 txg 0、遍历的候选根槽 11 个、被实例表判抛弃的根槽 0 个、回退下界 F 0、低于 F 的根槽 0 个\")"] 内容=同一份
  [坏扇区在 C 的第18次写：盘0 偏移1056768 长512] [戊-B] 分类=干净 切换=1 只读=false 实例=2 探针=1 写=71 实例表行数=Some(2)
      steps=["C err(BlockDevice)", "探针写(盘 0) 过", "切换#1（近似：进程内可写重开）ok(所选根 txg 5，新实例 2，现行 txg 8)", "重发在飞 checkpoint ok(txg 9)"]
      remount=ok(chosen 9) after红=[] 内容=同一份
--- 前缀 remounted：base + 进程内可写重开（实例 2，写行 + 暖机）；C 是 txg 8（根落区域 2）（C 共 21 次写）
  [坏扇区在 C 的第0次写：盘0 偏移822214656 长32768] [甲] 分类=干净 切换=0 只读=false 实例=3 探针=0 写=45 实例表行数=Some(3)
      steps=["C err(BlockDevice)", "重开 ok(所选根 7)", "Retry err(BlockDevice)"]
      remount=ok(chosen 10) after红=[] 内容=同一份
  [坏扇区在 C 的第0次写：盘0 偏移822214656 长32768] [丙] 分类=干净 切换=0 只读=false 实例=3 探针=0 写=45 实例表行数=Some(3)
      steps=["C err(BlockDevice)", "重开 ok(所选根 7)", "Retry err(BlockDevice)"]
      remount=ok(chosen 10) after红=[] 内容=同一份
  [坏扇区在 C 的第0次写：盘0 偏移822214656 长32768] [戊-A] 分类=转只读 切换=3 只读=true 实例=5 探针=4 写=137 实例表行数=Some(5)
      steps=["C err(BlockDevice)", "探针写(盘 0) 过", "切换#1（近似：进程内可写重开）ok(所选根 txg 7，新实例 3，现行 txg 10)", "重发在飞 checkpoint err(BlockDevice)", "探针写(盘 0) 过", "切换#2（近似：进程内可写重开）ok(所选根 txg 10，新实例 4，现行 txg 13)", "重发在飞 checkpoint err(BlockDevice)", "探针写(盘 0) 过", "切换#3（近似：进程内可写重开）ok(所选根 txg 13，新实例 5，现行 txg 16)", "重发在飞 checkpoint err(BlockDevice)", "探针写(盘 0) 过", "连续切换越过 N_switch = 3 → 转只读"]
      remount=ok(chosen 16) after红=[] 内容=同一份
  [坏扇区在 C 的第0次写：盘0 偏移822214656 长32768] [戊-B] 分类=转只读 切换=3 只读=true 实例=5 探针=4 写=137 实例表行数=Some(5)
      steps=["C err(BlockDevice)", "探针写(盘 0) 过", "切换#1（近似：进程内可写重开）ok(所选根 txg 7，新实例 3，现行 txg 10)", "重发在飞 checkpoint err(BlockDevice)", "探针写(盘 0) 过", "切换#2（近似：进程内可写重开）ok(所选根 txg 10，新实例 4，现行 txg 13)", "重发在飞 checkpoint err(BlockDevice)", "探针写(盘 0) 过", "切换#3（近似：进程内可写重开）ok(所选根 txg 13，新实例 5，现行 txg 16)", "重发在飞 checkpoint err(BlockDevice)", "探针写(盘 0) 过", "连续切换越过 N_switch = 3 → 转只读"]
      remount=ok(chosen 16) after红=[] 内容=同一份
  [坏扇区在 C 的第16次写：盘0 偏移16805888 长4096] [甲] 分类=挂不上 切换=0 只读=false 实例=2 探针=0 写=30 实例表行数=Some(1)
      steps=["C err(BlockDevice)", "重开 err(Publish(BlockDevice(InputOutput(Custom { kind: Other, error:)"]
      remount=REFUSED Publish(BlockDevice(InputOutput(Custom { kind: Other, error: "坏扇区：这一段永远写不进去" }))) after红=[] 内容=同一份
  [坏扇区在 C 的第16次写：盘0 偏移16805888 长4096] [丙] 分类=挂不上 切换=0 只读=false 实例=2 探针=0 写=30 实例表行数=Some(1)
      steps=["C err(BlockDevice)", "重开 err(Publish(BlockDevice(InputOutput(Custom { kind: Other, error:)"]
      remount=REFUSED Publish(BlockDevice(InputOutput(Custom { kind: Other, error: "坏扇区：这一段永远写不进去" }))) after红=[] 内容=同一份
  [坏扇区在 C 的第16次写：盘0 偏移16805888 长4096] [戊-A] 分类=挂不上+转只读 切换=3 只读=true 实例=2 探针=4 写=60 实例表行数=Some(1)
      steps=["C err(BlockDevice)", "探针写(盘 0) 过", "切换#1 挂载失败(Publish(BlockDevice(InputOutput(Custom { kind: Other, error:)", "探针写(盘 0) 过", "切换#2 挂载失败(Publish(BlockDevice(InputOutput(Custom { kind: Other, error:)", "探针写(盘 0) 过", "切换#3 挂载失败(Publish(BlockDevice(InputOutput(Custom { kind: Other, error:)", "探针写(盘 0) 过", "连续切换越过 N_switch = 3 → 转只读"]
      remount=REFUSED Publish(BlockDevice(InputOutput(Custom { kind: Other, error: "坏扇区：这一段永远写不进去" }))) after红=[] 内容=同一份
  [坏扇区在 C 的第16次写：盘0 偏移16805888 长4096] [戊-B] 分类=挂不上+转只读 切换=3 只读=true 实例=2 探针=4 写=60 实例表行数=Some(1)
      steps=["C err(BlockDevice)", "探针写(盘 0) 过", "切换#1 挂载失败(Publish(BlockDevice(InputOutput(Custom { kind: Other, error:)", "探针写(盘 0) 过", "切换#2 挂载失败(Publish(BlockDevice(InputOutput(Custom { kind: Other, error:)", "探针写(盘 0) 过", "切换#3 挂载失败(Publish(BlockDevice(InputOutput(Custom { kind: Other, error:)", "探针写(盘 0) 过", "连续切换越过 N_switch = 3 → 转只读"]
      remount=REFUSED Publish(BlockDevice(InputOutput(Custom { kind: Other, error: "坏扇区：这一段永远写不进去" }))) after红=[] 内容=同一份
  [坏扇区在 C 的第18次写：盘0 偏移7348224 长512] [甲] 分类=红 切换=0 只读=false 实例=3 探针=0 写=70 实例表行数=Some(3)
      steps=["C err(BlockDevice)", "重开 ok(所选根 7)", "Retry ok(txg 11)"]
      remount=ok(chosen 11) after红=["I-3.1: Violated(\"盘 0：记账的已分配 Some(1261568)，遍历全部有效根得到 1196032；机理：根环槽数 24、最新根 txg 13、环里自证过的根槽 13 个、最老的自证过的根 txg 0、遍历的候选根槽 13 个、被实例表判抛弃的根槽 0 个、回退下界 F 0、低于 F 的根槽 0 个\")"] 内容=同一份
  [坏扇区在 C 的第18次写：盘0 偏移7348224 长512] [丙] 分类=红 切换=0 只读=false 实例=3 探针=0 写=70 实例表行数=Some(3)
      steps=["C err(BlockDevice)", "重开 ok(所选根 7)", "Retry ok(txg 11)"]
      remount=ok(chosen 11) after红=["I-3.1: Violated(\"盘 0：记账的已分配 Some(1261568)，遍历全部有效根得到 1196032；机理：根环槽数 24、最新根 txg 13、环里自证过的根槽 13 个、最老的自证过的根 txg 0、遍历的候选根槽 13 个、被实例表判抛弃的根槽 0 个、回退下界 F 0、低于 F 的根槽 0 个\")"] 内容=同一份
  [坏扇区在 C 的第18次写：盘0 偏移7348224 长512] [戊-A] 分类=红 切换=1 只读=false 实例=3 探针=1 写=71 实例表行数=Some(3)
      steps=["C err(BlockDevice)", "探针写(盘 0) 过", "切换#1（近似：进程内可写重开）ok(所选根 txg 7，新实例 3，现行 txg 10)", "重发在飞 checkpoint ok(txg 11)"]
      remount=ok(chosen 11) after红=["I-3.1: Violated(\"盘 0：记账的已分配 Some(1261568)，遍历全部有效根得到 1196032；机理：根环槽数 24、最新根 txg 13、环里自证过的根槽 13 个、最老的自证过的根 txg 0、遍历的候选根槽 13 个、被实例表判抛弃的根槽 0 个、回退下界 F 0、低于 F 的根槽 0 个\")"] 内容=同一份
  [坏扇区在 C 的第18次写：盘0 偏移7348224 长512] [戊-B] 分类=干净 切换=1 只读=false 实例=3 探针=1 写=71 实例表行数=Some(3)
      steps=["C err(BlockDevice)", "探针写(盘 0) 过", "切换#1（近似：进程内可写重开）ok(所选根 txg 7，新实例 3，现行 txg 10)", "重发在飞 checkpoint ok(txg 11)"]
      remount=ok(chosen 11) after红=[] 内容=同一份
--- 前缀 rolled_back：重开 + 再写一版 + 回退挂载到 (1, 3)（实例 3，盘上已有被抛弃的时间线）；C 是 txg 11（根落区域 2）（C 共 21 次写）
  [坏扇区在 C 的第0次写：盘0 偏移822247424 长32768] [甲] 分类=干净 切换=0 只读=false 实例=4 探针=0 写=45 实例表行数=Some(4)
      steps=["C err(BlockDevice)", "重开 ok(所选根 10)", "Retry err(BlockDevice)"]
      remount=ok(chosen 13) after红=[] 内容=同一份
  [坏扇区在 C 的第0次写：盘0 偏移822247424 长32768] [丙] 分类=干净 切换=0 只读=false 实例=4 探针=0 写=45 实例表行数=Some(4)
      steps=["C err(BlockDevice)", "重开 ok(所选根 10)", "Retry err(BlockDevice)"]
      remount=ok(chosen 13) after红=[] 内容=同一份
  [坏扇区在 C 的第0次写：盘0 偏移822247424 长32768] [戊-A] 分类=转只读 切换=3 只读=true 实例=6 探针=4 写=137 实例表行数=Some(6)
      steps=["C err(BlockDevice)", "探针写(盘 0) 过", "切换#1（近似：进程内可写重开）ok(所选根 txg 10，新实例 4，现行 txg 13)", "重发在飞 checkpoint err(BlockDevice)", "探针写(盘 0) 过", "切换#2（近似：进程内可写重开）ok(所选根 txg 13，新实例 5，现行 txg 16)", "重发在飞 checkpoint err(BlockDevice)", "探针写(盘 0) 过", "切换#3（近似：进程内可写重开）ok(所选根 txg 16，新实例 6，现行 txg 19)", "重发在飞 checkpoint err(BlockDevice)", "探针写(盘 0) 过", "连续切换越过 N_switch = 3 → 转只读"]
      remount=ok(chosen 19) after红=[] 内容=同一份
  [坏扇区在 C 的第0次写：盘0 偏移822247424 长32768] [戊-B] 分类=转只读 切换=3 只读=true 实例=6 探针=4 写=137 实例表行数=Some(6)
      steps=["C err(BlockDevice)", "探针写(盘 0) 过", "切换#1（近似：进程内可写重开）ok(所选根 txg 10，新实例 4，现行 txg 13)", "重发在飞 checkpoint err(BlockDevice)", "探针写(盘 0) 过", "切换#2（近似：进程内可写重开）ok(所选根 txg 13，新实例 5，现行 txg 16)", "重发在飞 checkpoint err(BlockDevice)", "探针写(盘 0) 过", "切换#3（近似：进程内可写重开）ok(所选根 txg 16，新实例 6，现行 txg 19)", "重发在飞 checkpoint err(BlockDevice)", "探针写(盘 0) 过", "连续切换越过 N_switch = 3 → 转只读"]
      remount=ok(chosen 19) after红=[] 内容=同一份
  [坏扇区在 C 的第16次写：盘0 偏移16818176 长4096] [甲] 分类=挂不上 切换=0 只读=false 实例=3 探针=0 写=30 实例表行数=Some(2)
      steps=["C err(BlockDevice)", "重开 err(Publish(BlockDevice(InputOutput(Custom { kind: Other, error:)"]
      remount=REFUSED Publish(BlockDevice(InputOutput(Custom { kind: Other, error: "坏扇区：这一段永远写不进去" }))) after红=[] 内容=同一份
  [坏扇区在 C 的第16次写：盘0 偏移16818176 长4096] [丙] 分类=挂不上 切换=0 只读=false 实例=3 探针=0 写=30 实例表行数=Some(2)
      steps=["C err(BlockDevice)", "重开 err(Publish(BlockDevice(InputOutput(Custom { kind: Other, error:)"]
      remount=REFUSED Publish(BlockDevice(InputOutput(Custom { kind: Other, error: "坏扇区：这一段永远写不进去" }))) after红=[] 内容=同一份
  [坏扇区在 C 的第16次写：盘0 偏移16818176 长4096] [戊-A] 分类=挂不上+转只读 切换=3 只读=true 实例=3 探针=4 写=60 实例表行数=Some(2)
      steps=["C err(BlockDevice)", "探针写(盘 0) 过", "切换#1 挂载失败(Publish(BlockDevice(InputOutput(Custom { kind: Other, error:)", "探针写(盘 0) 过", "切换#2 挂载失败(Publish(BlockDevice(InputOutput(Custom { kind: Other, error:)", "探针写(盘 0) 过", "切换#3 挂载失败(Publish(BlockDevice(InputOutput(Custom { kind: Other, error:)", "探针写(盘 0) 过", "连续切换越过 N_switch = 3 → 转只读"]
      remount=REFUSED Publish(BlockDevice(InputOutput(Custom { kind: Other, error: "坏扇区：这一段永远写不进去" }))) after红=[] 内容=同一份
  [坏扇区在 C 的第16次写：盘0 偏移16818176 长4096] [戊-B] 分类=挂不上+转只读 切换=3 只读=true 实例=3 探针=4 写=60 实例表行数=Some(2)
      steps=["C err(BlockDevice)", "探针写(盘 0) 过", "切换#1 挂载失败(Publish(BlockDevice(InputOutput(Custom { kind: Other, error:)", "探针写(盘 0) 过", "切换#2 挂载失败(Publish(BlockDevice(InputOutput(Custom { kind: Other, error:)", "探针写(盘 0) 过", "切换#3 挂载失败(Publish(BlockDevice(InputOutput(Custom { kind: Other, error:)", "探针写(盘 0) 过", "连续切换越过 N_switch = 3 → 转只读"]
      remount=REFUSED Publish(BlockDevice(InputOutput(Custom { kind: Other, error: "坏扇区：这一段永远写不进去" }))) after红=[] 内容=同一份
  [坏扇区在 C 的第18次写：盘0 偏移7352320 长512] [甲] 分类=红 切换=0 只读=false 实例=4 探针=0 写=70 实例表行数=Some(4)
      steps=["C err(BlockDevice)", "重开 ok(所选根 10)", "Retry ok(txg 14)"]
      remount=ok(chosen 14) after红=["I-3.1: Violated(\"盘 0：记账的已分配 Some(1032192)，遍历全部有效根得到 966656；机理：根环槽数 24、最新根 txg 16、环里自证过的根槽 16 个、最老的自证过的根 txg 0、遍历的候选根槽 11 个、被实例表判抛弃的根槽 5 个、回退下界 F 0、低于 F 的根槽 0 个\")"] 内容=同一份
  [坏扇区在 C 的第18次写：盘0 偏移7352320 长512] [丙] 分类=红 切换=0 只读=false 实例=4 探针=0 写=70 实例表行数=Some(4)
      steps=["C err(BlockDevice)", "重开 ok(所选根 10)", "Retry ok(txg 14)"]
      remount=ok(chosen 14) after红=["I-3.1: Violated(\"盘 0：记账的已分配 Some(1032192)，遍历全部有效根得到 966656；机理：根环槽数 24、最新根 txg 16、环里自证过的根槽 16 个、最老的自证过的根 txg 0、遍历的候选根槽 11 个、被实例表判抛弃的根槽 5 个、回退下界 F 0、低于 F 的根槽 0 个\")"] 内容=同一份
  [坏扇区在 C 的第18次写：盘0 偏移7352320 长512] [戊-A] 分类=红 切换=1 只读=false 实例=4 探针=1 写=71 实例表行数=Some(4)
      steps=["C err(BlockDevice)", "探针写(盘 0) 过", "切换#1（近似：进程内可写重开）ok(所选根 txg 10，新实例 4，现行 txg 13)", "重发在飞 checkpoint ok(txg 14)"]
      remount=ok(chosen 14) after红=["I-3.1: Violated(\"盘 0：记账的已分配 Some(1032192)，遍历全部有效根得到 966656；机理：根环槽数 24、最新根 txg 16、环里自证过的根槽 16 个、最老的自证过的根 txg 0、遍历的候选根槽 11 个、被实例表判抛弃的根槽 5 个、回退下界 F 0、低于 F 的根槽 0 个\")"] 内容=同一份
  [坏扇区在 C 的第18次写：盘0 偏移7352320 长512] [戊-B] 分类=干净 切换=1 只读=false 实例=4 探针=1 写=71 实例表行数=Some(4)
      steps=["C err(BlockDevice)", "探针写(盘 0) 过", "切换#1（近似：进程内可写重开）ok(所选根 txg 10，新实例 4，现行 txg 13)", "重发在飞 checkpoint ok(txg 14)"]
      remount=ok(chosen 14) after红=[] 内容=同一份
--- 前缀 floor_raised：抬 F 到 9：2 次空发布、回收 38 个落点（F = Some(9)）；C 是 txg 15（根落区域 0）（C 共 21 次写）
  [坏扇区在 C 的第0次写：盘0 偏移822083584 长32768] [甲] 分类=干净 切换=0 只读=false 实例=3 探针=0 写=32 实例表行数=Some(3)
      steps=["C err(BlockDevice)", "重开 ok(所选根 14)", "Retry err(BlockDevice)"]
      remount=ok(chosen 16) after红=[] 内容=同一份
  [坏扇区在 C 的第0次写：盘0 偏移822083584 长32768] [丙] 分类=干净 切换=0 只读=false 实例=3 探针=0 写=32 实例表行数=Some(3)
      steps=["C err(BlockDevice)", "重开 ok(所选根 14)", "Retry err(BlockDevice)"]
      remount=ok(chosen 16) after红=[] 内容=同一份
  [坏扇区在 C 的第0次写：盘0 偏移822083584 长32768] [戊-A] 分类=转只读 切换=3 只读=true 实例=5 探针=4 写=124 实例表行数=Some(5)
      steps=["C err(BlockDevice)", "探针写(盘 0) 过", "切换#1（近似：进程内可写重开）ok(所选根 txg 14，新实例 3，现行 txg 16)", "重发在飞 checkpoint err(BlockDevice)", "探针写(盘 0) 过", "切换#2（近似：进程内可写重开）ok(所选根 txg 16，新实例 4，现行 txg 19)", "重发在飞 checkpoint err(BlockDevice)", "探针写(盘 0) 过", "切换#3（近似：进程内可写重开）ok(所选根 txg 19，新实例 5，现行 txg 22)", "重发在飞 checkpoint err(BlockDevice)", "探针写(盘 0) 过", "连续切换越过 N_switch = 3 → 转只读"]
      remount=ok(chosen 22) after红=[] 内容=同一份
  [坏扇区在 C 的第0次写：盘0 偏移822083584 长32768] [戊-B] 分类=转只读 切换=3 只读=true 实例=5 探针=4 写=124 实例表行数=Some(5)
      steps=["C err(BlockDevice)", "探针写(盘 0) 过", "切换#1（近似：进程内可写重开）ok(所选根 txg 14，新实例 3，现行 txg 16)", "重发在飞 checkpoint err(BlockDevice)", "探针写(盘 0) 过", "切换#2（近似：进程内可写重开）ok(所选根 txg 16，新实例 4，现行 txg 19)", "重发在飞 checkpoint err(BlockDevice)", "探针写(盘 0) 过", "切换#3（近似：进程内可写重开）ok(所选根 txg 19，新实例 5，现行 txg 22)", "重发在飞 checkpoint err(BlockDevice)", "探针写(盘 0) 过", "连续切换越过 N_switch = 3 → 转只读"]
      remount=ok(chosen 22) after红=[] 内容=同一份
  [坏扇区在 C 的第16次写：盘0 偏移16834560 长4096] [甲] 分类=挂不上 切换=0 只读=false 实例=2 探针=0 写=30 实例表行数=Some(1)
      steps=["C err(BlockDevice)", "重开 err(Publish(BlockDevice(InputOutput(Custom { kind: Other, error:)"]
      remount=REFUSED Publish(BlockDevice(InputOutput(Custom { kind: Other, error: "坏扇区：这一段永远写不进去" }))) after红=[] 内容=同一份
  [坏扇区在 C 的第16次写：盘0 偏移16834560 长4096] [丙] 分类=挂不上 切换=0 只读=false 实例=2 探针=0 写=30 实例表行数=Some(1)
      steps=["C err(BlockDevice)", "重开 err(Publish(BlockDevice(InputOutput(Custom { kind: Other, error:)"]
      remount=REFUSED Publish(BlockDevice(InputOutput(Custom { kind: Other, error: "坏扇区：这一段永远写不进去" }))) after红=[] 内容=同一份
  [坏扇区在 C 的第16次写：盘0 偏移16834560 长4096] [戊-A] 分类=挂不上+转只读 切换=3 只读=true 实例=2 探针=4 写=60 实例表行数=Some(1)
      steps=["C err(BlockDevice)", "探针写(盘 0) 过", "切换#1 挂载失败(Publish(BlockDevice(InputOutput(Custom { kind: Other, error:)", "探针写(盘 0) 过", "切换#2 挂载失败(Publish(BlockDevice(InputOutput(Custom { kind: Other, error:)", "探针写(盘 0) 过", "切换#3 挂载失败(Publish(BlockDevice(InputOutput(Custom { kind: Other, error:)", "探针写(盘 0) 过", "连续切换越过 N_switch = 3 → 转只读"]
      remount=REFUSED Publish(BlockDevice(InputOutput(Custom { kind: Other, error: "坏扇区：这一段永远写不进去" }))) after红=[] 内容=同一份
  [坏扇区在 C 的第16次写：盘0 偏移16834560 长4096] [戊-B] 分类=挂不上+转只读 切换=3 只读=true 实例=2 探针=4 写=60 实例表行数=Some(1)
      steps=["C err(BlockDevice)", "探针写(盘 0) 过", "切换#1 挂载失败(Publish(BlockDevice(InputOutput(Custom { kind: Other, error:)", "探针写(盘 0) 过", "切换#2 挂载失败(Publish(BlockDevice(InputOutput(Custom { kind: Other, error:)", "探针写(盘 0) 过", "切换#3 挂载失败(Publish(BlockDevice(InputOutput(Custom { kind: Other, error:)", "探针写(盘 0) 过", "连续切换越过 N_switch = 3 → 转只读"]
      remount=REFUSED Publish(BlockDevice(InputOutput(Custom { kind: Other, error: "坏扇区：这一段永远写不进去" }))) after红=[] 内容=同一份
  [坏扇区在 C 的第18次写：盘0 偏移1069056 长512] [甲] 分类=红 切换=0 只读=false 实例=3 探针=0 写=70 实例表行数=Some(3)
      steps=["C err(BlockDevice)", "重开 ok(所选根 14)", "Retry ok(txg 18)"]
      remount=ok(chosen 18) after红=["I-3.1: Violated(\"盘 0：记账的已分配 Some(1474560)，遍历全部有效根得到 1409024；机理：根环槽数 24、最新根 txg 20、环里自证过的根槽 20 个、最老的自证过的根 txg 0、遍历的候选根槽 11 个、被实例表判抛弃的根槽 0 个、回退下界 F 9、低于 F 的根槽 9 个\")"] 内容=同一份
  [坏扇区在 C 的第18次写：盘0 偏移1069056 长512] [丙] 分类=红 切换=0 只读=false 实例=3 探针=0 写=70 实例表行数=Some(3)
      steps=["C err(BlockDevice)", "重开 ok(所选根 14)", "Retry ok(txg 18)"]
      remount=ok(chosen 18) after红=["I-3.1: Violated(\"盘 0：记账的已分配 Some(1474560)，遍历全部有效根得到 1409024；机理：根环槽数 24、最新根 txg 20、环里自证过的根槽 20 个、最老的自证过的根 txg 0、遍历的候选根槽 11 个、被实例表判抛弃的根槽 0 个、回退下界 F 9、低于 F 的根槽 9 个\")"] 内容=同一份
  [坏扇区在 C 的第18次写：盘0 偏移1069056 长512] [戊-A] 分类=红 切换=1 只读=false 实例=3 探针=1 写=71 实例表行数=Some(3)
      steps=["C err(BlockDevice)", "探针写(盘 0) 过", "切换#1（近似：进程内可写重开）ok(所选根 txg 14，新实例 3，现行 txg 17)", "重发在飞 checkpoint ok(txg 18)"]
      remount=ok(chosen 18) after红=["I-3.1: Violated(\"盘 0：记账的已分配 Some(1474560)，遍历全部有效根得到 1409024；机理：根环槽数 24、最新根 txg 20、环里自证过的根槽 20 个、最老的自证过的根 txg 0、遍历的候选根槽 11 个、被实例表判抛弃的根槽 0 个、回退下界 F 9、低于 F 的根槽 9 个\")"] 内容=同一份
  [坏扇区在 C 的第18次写：盘0 偏移1069056 长512] [戊-B] 分类=干净 切换=1 只读=false 实例=3 探针=1 写=71 实例表行数=Some(3)
      steps=["C err(BlockDevice)", "探针写(盘 0) 过", "切换#1（近似：进程内可写重开）ok(所选根 txg 14，新实例 3，现行 txg 17)", "重发在飞 checkpoint ok(txg 18)"]
      remount=ok(chosen 18) after红=[] 内容=同一份
ok

test result: ok. 1 passed; 0 failed; 0 ignored; 0 measured; 0 filtered out; finished in 7.24s

