warning: unused import: `singlefs_harness::scenario::e142_parameters`
 --> crates/singlefs-harness/tests/c381r2_sweep.rs:5:5
  |
5 | use singlefs_harness::scenario::e142_parameters;
  |     ^^^^^^^^^^^^^^^^^^^^^^^^^^^^^^^^^^^^^^^^^^^
  |
  = note: `#[warn(unused_imports)]` (part of `#[warn(unused)]`) on by default

warning: field `note` is never read
   --> crates/singlefs-harness/tests/c381r2_probe_common.rs:267:9
    |
260 | pub struct Snapshot {
    |            -------- field in this struct
...
267 |     pub note: String,
    |         ^^^^
    |
    = note: `Snapshot` has a derived impl for the trait `Clone`, but this is intentionally ignored during dead code analysis
    = note: `#[warn(dead_code)]` (part of `#[warn(unused)]`) on by default

warning: variants `Empty` and `Other` are never constructed
   --> crates/singlefs-harness/tests/c381r2_probe_common.rs:563:5
    |
559 | pub enum Action {
    |          ------ variants in this enum
...
563 |     Empty,
    |     ^^^^^
564 |     /// 从现行版发一次内容不同的覆盖写。
565 |     Other,
    |     ^^^^^
    |
    = note: `Action` has derived impls for the traits `Debug` and `Clone`, but these are intentionally ignored during dead code analysis

warning: constant `ACTIONS` is never used
   --> crates/singlefs-harness/tests/c381r2_probe_common.rs:569:11
    |
569 | pub const ACTIONS: [Action; 4] = [Action::Retry, Action::Empty, Action::Other, Action::Remount];
    |           ^^^^^^^

warning: function `writes_of_c` is never used
   --> crates/singlefs-harness/tests/c381r2_probe_common.rs:981:8
    |
981 | pub fn writes_of_c(parameters: &MakeFilesystemParameters, snapshot: &Snapshot) -> Vec<(u32, u64, usize)> {
    |        ^^^^^^^^^^^

warning: `singlefs-harness` (test "c381r2_sweep") generated 5 warnings (run `cargo fix --test "c381r2_sweep" -p singlefs-harness` to apply 1 suggestion)
    Finished `release` profile [optimized + debuginfo] target(s) in 0.00s
     Running tests/c381r2_sweep.rs (target/release/deps/c381r2_sweep-b80c280302700ce7)

running 1 test
test phase_t_torn_crash ... progress 25/2520 at 107.384385ms
progress 50/2520 at 163.348775ms
progress 75/2520 at 234.069894ms
progress 100/2520 at 305.183594ms
progress 125/2520 at 373.692362ms
progress 150/2520 at 447.310154ms
progress 175/2520 at 518.074733ms
progress 200/2520 at 586.916242ms
progress 225/2520 at 664.507826ms
progress 250/2520 at 760.665974ms
progress 275/2520 at 834.078735ms
progress 300/2520 at 899.425241ms
progress 325/2520 at 997.314028ms
progress 350/2520 at 1.092387164s
progress 375/2520 at 1.15889142s
progress 400/2520 at 1.227291578s
progress 425/2520 at 1.30398941s
progress 450/2520 at 1.372551988s
progress 475/2520 at 1.442729726s
progress 500/2520 at 1.521259461s
progress 525/2520 at 1.59294754s
progress 550/2520 at 1.653461702s
progress 575/2520 at 1.717881457s
progress 600/2520 at 1.828897123s
progress 625/2520 at 1.918596925s
progress 650/2520 at 1.98538056s
progress 675/2520 at 2.082346427s
progress 700/2520 at 2.166745504s
progress 725/2520 at 2.26322781s
progress 750/2520 at 2.332220897s
progress 775/2520 at 2.40945998s
progress 800/2520 at 2.48408466s
progress 825/2520 at 2.547892154s
progress 850/2520 at 2.627094238s
progress 875/2520 at 2.70388435s
progress 900/2520 at 2.77685804s
progress 925/2520 at 2.849232509s
progress 950/2520 at 2.95471339s
progress 975/2520 at 3.053496627s
progress 1000/2520 at 3.129573628s
progress 1025/2520 at 3.20662775s
progress 1050/2520 at 3.297964071s
progress 1075/2520 at 3.402761321s
progress 1100/2520 at 3.462771692s
progress 1125/2520 at 3.529405087s
progress 1150/2520 at 3.600352364s
progress 1175/2520 at 3.672444013s
progress 1200/2520 at 3.741796639s
progress 1225/2520 at 3.818498891s
progress 1250/2520 at 3.893396121s
progress 1275/2520 at 3.9529023s
progress 1300/2520 at 4.038304017s
progress 1325/2520 at 4.13434111s
progress 1350/2520 at 4.222788249s
progress 1375/2520 at 4.292208335s
progress 1400/2520 at 4.37588033s
progress 1425/2520 at 4.463919118s
progress 1450/2520 at 4.562107813s
progress 1475/2520 at 4.661728249s
progress 1500/2520 at 4.748355817s
progress 1525/2520 at 4.849232913s
progress 1550/2520 at 4.945703406s
progress 1575/2520 at 5.04351447s
progress 1600/2520 at 5.133868709s
progress 1625/2520 at 5.231302523s
progress 1650/2520 at 5.325001504s
progress 1675/2520 at 5.455521649s
progress 1700/2520 at 5.569608403s
progress 1725/2520 at 5.657679941s
progress 1750/2520 at 5.771037585s
progress 1775/2520 at 5.889820882s
progress 1800/2520 at 5.996752311s
progress 1825/2520 at 6.075979912s
progress 1850/2520 at 6.159162755s
progress 1875/2520 at 6.239652467s
progress 1900/2520 at 6.318769367s
progress 1925/2520 at 6.397458528s
progress 1950/2520 at 6.480961772s
progress 1975/2520 at 6.564621045s
progress 2000/2520 at 6.644795617s
progress 2025/2520 at 6.741461009s
progress 2050/2520 at 6.849754918s
progress 2075/2520 at 6.937601144s
progress 2100/2520 at 7.01064531s
progress 2125/2520 at 7.129419685s
progress 2150/2520 at 7.227076617s
progress 2175/2520 at 7.298567403s
progress 2200/2520 at 7.365121115s
progress 2225/2520 at 7.427948514s
progress 2250/2520 at 7.494514397s
progress 2275/2520 at 7.560590168s
progress 2300/2520 at 7.616949164s
progress 2325/2520 at 7.685671317s
progress 2350/2520 at 7.759177664s
progress 2375/2520 at 7.83217613s
progress 2400/2520 at 7.920518555s
progress 2425/2520 at 7.999427914s
progress 2450/2520 at 8.065575405s
progress 2475/2520 at 8.139905702s
progress 2500/2520 at 8.235756662s
progress 2520/2520 at 8.319879544s
=== 六（断电撕裂） 汇总 ===
[base 丙 干净] runs=84
[base 丙 没确认的那一版] runs=2
    first: 断电撕裂 crash=19 C第16次写瞬时错=false steps=["C err(BlockDevice)"] remount=ok(chosen 5) crash红=[] after红=[] 内容=没确认的 C 那一份 切换=0 只读=false 实例=1 探针=0
[base 丙 没确认的那一版+红] runs=4
    first: 断电撕裂 crash=16 C第16次写瞬时错=false steps=["C err(BlockDevice)"] remount=ok(chosen 4) crash红=[] after红=["I-3.1: Violated(\"盘 0：记账的已分配 Some(704512)，遍历全部有效根得到 638976；机理：根环槽数 24、最新根 txg 7、环里自证过的根槽 7 个、最老的自证过的根 txg 0、遍历的候选根槽 7 个、被实例表判抛弃的根槽 0 个、回退下界 F 0、低于 F 的根槽 0 个\")"] 内容=没确认的 C 那一份 切换=0 只读=false 实例=1 探针=0
[base 戊-A 干净] runs=24
[base 戊-A 没确认的那一版+红+转只读] runs=4
    first: 断电撕裂 crash=16 C第16次写瞬时错=false steps=["C err(BlockDevice)", "探针写(盘 0) 不过", "持续失败 → 转只读到下次挂载"] remount=ok(chosen 4) crash红=[] after红=["I-3.1: Violated(\"盘 0：记账的已分配 Some(704512)，遍历全部有效根得到 638976；机理：根环槽数 24、最新根 txg 7、环里自证过的根槽 7 个、最老的自证过的根 txg 0、遍历的候选根槽 7 个、被实例表判抛弃的根槽 0 个、回退下界 F 0、低于 F 的根槽 0 个\")"] 内容=没确认的 C 那一份 切换=0 只读=true 实例=1 探针=1
[base 戊-A 没确认的那一版+转只读] runs=2
    first: 断电撕裂 crash=19 C第16次写瞬时错=false steps=["C err(BlockDevice)", "探针写(盘 0) 不过", "持续失败 → 转只读到下次挂载"] remount=ok(chosen 5) crash红=[] after红=[] 内容=没确认的 C 那一份 切换=0 只读=true 实例=1 探针=1
[base 戊-A 红+转只读] runs=2
    first: 断电撕裂 crash=43 C第16次写瞬时错=true steps=["C err(BlockDevice)", "探针写(盘 0) 过", "切换#1 挂载失败(Publish(BlockDevice(InputOutput(Custom { kind: Other, error:)", "探针写(盘 0) 不过", "持续失败 → 转只读到下次挂载"] remount=ok(chosen 5) crash红=[] after红=["I-3.1: Violated(\"盘 0：记账的已分配 Some(704512)，遍历全部有效根得到 638976；机理：根环槽数 24、最新根 txg 8、环里自证过的根槽 8 个、最老的自证过的根 txg 0、遍历的候选根槽 8 个、被实例表判抛弃的根槽 0 个、回退下界 F 0、低于 F 的根槽 0 个\")"] 内容=同一份 切换=1 只读=true 实例=1 探针=2
[base 戊-A 转只读] runs=58
    first: 断电撕裂 crash=0 C第16次写瞬时错=false steps=["C err(BlockDevice)", "探针写(盘 0) 不过", "持续失败 → 转只读到下次挂载"] remount=ok(chosen 4) crash红=[] after红=[] 内容=同一份 切换=0 只读=true 实例=1 探针=1
[base 戊-B 干净] runs=24
[base 戊-B 没确认的那一版+红+转只读] runs=4
    first: 断电撕裂 crash=16 C第16次写瞬时错=false steps=["C err(BlockDevice)", "探针写(盘 0) 不过", "持续失败 → 转只读到下次挂载"] remount=ok(chosen 4) crash红=[] after红=["I-3.1: Violated(\"盘 0：记账的已分配 Some(704512)，遍历全部有效根得到 638976；机理：根环槽数 24、最新根 txg 7、环里自证过的根槽 7 个、最老的自证过的根 txg 0、遍历的候选根槽 7 个、被实例表判抛弃的根槽 0 个、回退下界 F 0、低于 F 的根槽 0 个\")"] 内容=没确认的 C 那一份 切换=0 只读=true 实例=1 探针=1
[base 戊-B 没确认的那一版+转只读] runs=2
    first: 断电撕裂 crash=19 C第16次写瞬时错=false steps=["C err(BlockDevice)", "探针写(盘 0) 不过", "持续失败 → 转只读到下次挂载"] remount=ok(chosen 5) crash红=[] after红=[] 内容=没确认的 C 那一份 切换=0 只读=true 实例=1 探针=1
[base 戊-B 红+转只读] runs=2
    first: 断电撕裂 crash=43 C第16次写瞬时错=true steps=["C err(BlockDevice)", "探针写(盘 0) 过", "切换#1 挂载失败(Publish(BlockDevice(InputOutput(Custom { kind: Other, error:)", "探针写(盘 0) 不过", "持续失败 → 转只读到下次挂载"] remount=ok(chosen 5) crash红=[] after红=["I-3.1: Violated(\"盘 0：记账的已分配 Some(704512)，遍历全部有效根得到 638976；机理：根环槽数 24、最新根 txg 8、环里自证过的根槽 8 个、最老的自证过的根 txg 0、遍历的候选根槽 8 个、被实例表判抛弃的根槽 0 个、回退下界 F 0、低于 F 的根槽 0 个\")"] 内容=同一份 切换=1 只读=true 实例=1 探针=2
[base 戊-B 转只读] runs=58
    first: 断电撕裂 crash=0 C第16次写瞬时错=false steps=["C err(BlockDevice)", "探针写(盘 0) 不过", "持续失败 → 转只读到下次挂载"] remount=ok(chosen 4) crash红=[] after红=[] 内容=同一份 切换=0 只读=true 实例=1 探针=1
[base 甲 干净] runs=84
[base 甲 没确认的那一版] runs=2
    first: 断电撕裂 crash=19 C第16次写瞬时错=false steps=["C err(BlockDevice)"] remount=ok(chosen 5) crash红=[] after红=[] 内容=没确认的 C 那一份 切换=0 只读=false 实例=1 探针=0
[base 甲 没确认的那一版+红] runs=4
    first: 断电撕裂 crash=16 C第16次写瞬时错=false steps=["C err(BlockDevice)"] remount=ok(chosen 4) crash红=[] after红=["I-3.1: Violated(\"盘 0：记账的已分配 Some(704512)，遍历全部有效根得到 638976；机理：根环槽数 24、最新根 txg 7、环里自证过的根槽 7 个、最老的自证过的根 txg 0、遍历的候选根槽 7 个、被实例表判抛弃的根槽 0 个、回退下界 F 0、低于 F 的根槽 0 个\")"] 内容=没确认的 C 那一份 切换=0 只读=false 实例=1 探针=0
[floor_raised 丙 干净] runs=84
[floor_raised 丙 没确认的那一版] runs=2
    first: 断电撕裂 crash=19 C第16次写瞬时错=false steps=["C err(BlockDevice)"] remount=ok(chosen 15) crash红=[] after红=[] 内容=没确认的 C 那一份 切换=0 只读=false 实例=2 探针=0
[floor_raised 丙 没确认的那一版+红] runs=4
    first: 断电撕裂 crash=16 C第16次写瞬时错=false steps=["C err(BlockDevice)"] remount=ok(chosen 14) crash红=[] after红=["I-3.1: Violated(\"盘 0：记账的已分配 Some(1146880)，遍历全部有效根得到 1081344；机理：根环槽数 24、最新根 txg 17、环里自证过的根槽 17 个、最老的自证过的根 txg 0、遍历的候选根槽 8 个、被实例表判抛弃的根槽 0 个、回退下界 F 9、低于 F 的根槽 9 个\")"] 内容=没确认的 C 那一份 切换=0 只读=false 实例=2 探针=0
[floor_raised 戊-A 干净] runs=24
[floor_raised 戊-A 没确认的那一版+红+转只读] runs=4
    first: 断电撕裂 crash=16 C第16次写瞬时错=false steps=["C err(BlockDevice)", "探针写(盘 0) 不过", "持续失败 → 转只读到下次挂载"] remount=ok(chosen 14) crash红=[] after红=["I-3.1: Violated(\"盘 0：记账的已分配 Some(1146880)，遍历全部有效根得到 1081344；机理：根环槽数 24、最新根 txg 17、环里自证过的根槽 17 个、最老的自证过的根 txg 0、遍历的候选根槽 8 个、被实例表判抛弃的根槽 0 个、回退下界 F 9、低于 F 的根槽 9 个\")"] 内容=没确认的 C 那一份 切换=0 只读=true 实例=2 探针=1
[floor_raised 戊-A 没确认的那一版+转只读] runs=2
    first: 断电撕裂 crash=19 C第16次写瞬时错=false steps=["C err(BlockDevice)", "探针写(盘 0) 不过", "持续失败 → 转只读到下次挂载"] remount=ok(chosen 15) crash红=[] after红=[] 内容=没确认的 C 那一份 切换=0 只读=true 实例=2 探针=1
[floor_raised 戊-A 红+转只读] runs=2
    first: 断电撕裂 crash=43 C第16次写瞬时错=true steps=["C err(BlockDevice)", "探针写(盘 0) 过", "切换#1 挂载失败(Publish(BlockDevice(InputOutput(Custom { kind: Other, error:)", "探针写(盘 0) 不过", "持续失败 → 转只读到下次挂载"] remount=ok(chosen 15) crash红=[] after红=["I-3.1: Violated(\"盘 0：记账的已分配 Some(1212416)，遍历全部有效根得到 1146880；机理：根环槽数 24、最新根 txg 19、环里自证过的根槽 19 个、最老的自证过的根 txg 0、遍历的候选根槽 10 个、被实例表判抛弃的根槽 0 个、回退下界 F 9、低于 F 的根槽 9 个\")"] 内容=同一份 切换=1 只读=true 实例=2 探针=2
[floor_raised 戊-A 转只读] runs=58
    first: 断电撕裂 crash=0 C第16次写瞬时错=false steps=["C err(BlockDevice)", "探针写(盘 0) 不过", "持续失败 → 转只读到下次挂载"] remount=ok(chosen 14) crash红=[] after红=[] 内容=同一份 切换=0 只读=true 实例=2 探针=1
[floor_raised 戊-B 干净] runs=24
[floor_raised 戊-B 没确认的那一版+红+转只读] runs=4
    first: 断电撕裂 crash=16 C第16次写瞬时错=false steps=["C err(BlockDevice)", "探针写(盘 0) 不过", "持续失败 → 转只读到下次挂载"] remount=ok(chosen 14) crash红=[] after红=["I-3.1: Violated(\"盘 0：记账的已分配 Some(1146880)，遍历全部有效根得到 1081344；机理：根环槽数 24、最新根 txg 17、环里自证过的根槽 17 个、最老的自证过的根 txg 0、遍历的候选根槽 8 个、被实例表判抛弃的根槽 0 个、回退下界 F 9、低于 F 的根槽 9 个\")"] 内容=没确认的 C 那一份 切换=0 只读=true 实例=2 探针=1
[floor_raised 戊-B 没确认的那一版+转只读] runs=2
    first: 断电撕裂 crash=19 C第16次写瞬时错=false steps=["C err(BlockDevice)", "探针写(盘 0) 不过", "持续失败 → 转只读到下次挂载"] remount=ok(chosen 15) crash红=[] after红=[] 内容=没确认的 C 那一份 切换=0 只读=true 实例=2 探针=1
[floor_raised 戊-B 红+转只读] runs=2
    first: 断电撕裂 crash=43 C第16次写瞬时错=true steps=["C err(BlockDevice)", "探针写(盘 0) 过", "切换#1 挂载失败(Publish(BlockDevice(InputOutput(Custom { kind: Other, error:)", "探针写(盘 0) 不过", "持续失败 → 转只读到下次挂载"] remount=ok(chosen 15) crash红=[] after红=["I-3.1: Violated(\"盘 0：记账的已分配 Some(1212416)，遍历全部有效根得到 1146880；机理：根环槽数 24、最新根 txg 19、环里自证过的根槽 19 个、最老的自证过的根 txg 0、遍历的候选根槽 10 个、被实例表判抛弃的根槽 0 个、回退下界 F 9、低于 F 的根槽 9 个\")"] 内容=同一份 切换=1 只读=true 实例=2 探针=2
[floor_raised 戊-B 转只读] runs=58
    first: 断电撕裂 crash=0 C第16次写瞬时错=false steps=["C err(BlockDevice)", "探针写(盘 0) 不过", "持续失败 → 转只读到下次挂载"] remount=ok(chosen 14) crash红=[] after红=[] 内容=同一份 切换=0 只读=true 实例=2 探针=1
[floor_raised 甲 干净] runs=84
[floor_raised 甲 没确认的那一版] runs=2
    first: 断电撕裂 crash=19 C第16次写瞬时错=false steps=["C err(BlockDevice)"] remount=ok(chosen 15) crash红=[] after红=[] 内容=没确认的 C 那一份 切换=0 只读=false 实例=2 探针=0
[floor_raised 甲 没确认的那一版+红] runs=4
    first: 断电撕裂 crash=16 C第16次写瞬时错=false steps=["C err(BlockDevice)"] remount=ok(chosen 14) crash红=[] after红=["I-3.1: Violated(\"盘 0：记账的已分配 Some(1146880)，遍历全部有效根得到 1081344；机理：根环槽数 24、最新根 txg 17、环里自证过的根槽 17 个、最老的自证过的根 txg 0、遍历的候选根槽 8 个、被实例表判抛弃的根槽 0 个、回退下界 F 9、低于 F 的根槽 9 个\")"] 内容=没确认的 C 那一份 切换=0 只读=false 实例=2 探针=0
[many_overwrites 丙 干净] runs=84
[many_overwrites 丙 没确认的那一版] runs=2
    first: 断电撕裂 crash=19 C第16次写瞬时错=false steps=["C err(BlockDevice)"] remount=ok(chosen 13) crash红=[] after红=[] 内容=没确认的 C 那一份 切换=0 只读=false 实例=2 探针=0
[many_overwrites 丙 没确认的那一版+红] runs=4
    first: 断电撕裂 crash=16 C第16次写瞬时错=false steps=["C err(BlockDevice)"] remount=ok(chosen 12) crash红=[] after红=["I-3.1: Violated(\"盘 0：记账的已分配 Some(1818624)，遍历全部有效根得到 1753088；机理：根环槽数 24、最新根 txg 16、环里自证过的根槽 16 个、最老的自证过的根 txg 0、遍历的候选根槽 16 个、被实例表判抛弃的根槽 0 个、回退下界 F 0、低于 F 的根槽 0 个\")"] 内容=没确认的 C 那一份 切换=0 只读=false 实例=2 探针=0
[many_overwrites 戊-A 干净] runs=24
[many_overwrites 戊-A 没确认的那一版+红+转只读] runs=4
    first: 断电撕裂 crash=16 C第16次写瞬时错=false steps=["C err(BlockDevice)", "探针写(盘 0) 不过", "持续失败 → 转只读到下次挂载"] remount=ok(chosen 12) crash红=[] after红=["I-3.1: Violated(\"盘 0：记账的已分配 Some(1818624)，遍历全部有效根得到 1753088；机理：根环槽数 24、最新根 txg 16、环里自证过的根槽 16 个、最老的自证过的根 txg 0、遍历的候选根槽 16 个、被实例表判抛弃的根槽 0 个、回退下界 F 0、低于 F 的根槽 0 个\")"] 内容=没确认的 C 那一份 切换=0 只读=true 实例=2 探针=1
[many_overwrites 戊-A 没确认的那一版+转只读] runs=2
    first: 断电撕裂 crash=19 C第16次写瞬时错=false steps=["C err(BlockDevice)", "探针写(盘 0) 不过", "持续失败 → 转只读到下次挂载"] remount=ok(chosen 13) crash红=[] after红=[] 内容=没确认的 C 那一份 切换=0 只读=true 实例=2 探针=1
[many_overwrites 戊-A 红+转只读] runs=2
    first: 断电撕裂 crash=43 C第16次写瞬时错=true steps=["C err(BlockDevice)", "探针写(盘 0) 过", "切换#1 挂载失败(Publish(BlockDevice(InputOutput(Custom { kind: Other, error:)", "探针写(盘 0) 不过", "持续失败 → 转只读到下次挂载"] remount=ok(chosen 13) crash红=[] after红=["I-3.1: Violated(\"盘 0：记账的已分配 Some(1753088)，遍历全部有效根得到 1687552；机理：根环槽数 24、最新根 txg 16、环里自证过的根槽 16 个、最老的自证过的根 txg 0、遍历的候选根槽 16 个、被实例表判抛弃的根槽 0 个、回退下界 F 0、低于 F 的根槽 0 个\")"] 内容=同一份 切换=1 只读=true 实例=2 探针=2
[many_overwrites 戊-A 转只读] runs=58
    first: 断电撕裂 crash=0 C第16次写瞬时错=false steps=["C err(BlockDevice)", "探针写(盘 0) 不过", "持续失败 → 转只读到下次挂载"] remount=ok(chosen 12) crash红=[] after红=[] 内容=同一份 切换=0 只读=true 实例=2 探针=1
[many_overwrites 戊-B 干净] runs=24
[many_overwrites 戊-B 没确认的那一版+红+转只读] runs=4
    first: 断电撕裂 crash=16 C第16次写瞬时错=false steps=["C err(BlockDevice)", "探针写(盘 0) 不过", "持续失败 → 转只读到下次挂载"] remount=ok(chosen 12) crash红=[] after红=["I-3.1: Violated(\"盘 0：记账的已分配 Some(1818624)，遍历全部有效根得到 1753088；机理：根环槽数 24、最新根 txg 16、环里自证过的根槽 16 个、最老的自证过的根 txg 0、遍历的候选根槽 16 个、被实例表判抛弃的根槽 0 个、回退下界 F 0、低于 F 的根槽 0 个\")"] 内容=没确认的 C 那一份 切换=0 只读=true 实例=2 探针=1
[many_overwrites 戊-B 没确认的那一版+转只读] runs=2
    first: 断电撕裂 crash=19 C第16次写瞬时错=false steps=["C err(BlockDevice)", "探针写(盘 0) 不过", "持续失败 → 转只读到下次挂载"] remount=ok(chosen 13) crash红=[] after红=[] 内容=没确认的 C 那一份 切换=0 只读=true 实例=2 探针=1
[many_overwrites 戊-B 红+转只读] runs=2
    first: 断电撕裂 crash=43 C第16次写瞬时错=true steps=["C err(BlockDevice)", "探针写(盘 0) 过", "切换#1 挂载失败(Publish(BlockDevice(InputOutput(Custom { kind: Other, error:)", "探针写(盘 0) 不过", "持续失败 → 转只读到下次挂载"] remount=ok(chosen 13) crash红=[] after红=["I-3.1: Violated(\"盘 0：记账的已分配 Some(1753088)，遍历全部有效根得到 1687552；机理：根环槽数 24、最新根 txg 16、环里自证过的根槽 16 个、最老的自证过的根 txg 0、遍历的候选根槽 16 个、被实例表判抛弃的根槽 0 个、回退下界 F 0、低于 F 的根槽 0 个\")"] 内容=同一份 切换=1 只读=true 实例=2 探针=2
[many_overwrites 戊-B 转只读] runs=58
    first: 断电撕裂 crash=0 C第16次写瞬时错=false steps=["C err(BlockDevice)", "探针写(盘 0) 不过", "持续失败 → 转只读到下次挂载"] remount=ok(chosen 12) crash红=[] after红=[] 内容=同一份 切换=0 只读=true 实例=2 探针=1
[many_overwrites 甲 干净] runs=84
[many_overwrites 甲 没确认的那一版] runs=2
    first: 断电撕裂 crash=19 C第16次写瞬时错=false steps=["C err(BlockDevice)"] remount=ok(chosen 13) crash红=[] after红=[] 内容=没确认的 C 那一份 切换=0 只读=false 实例=2 探针=0
[many_overwrites 甲 没确认的那一版+红] runs=4
    first: 断电撕裂 crash=16 C第16次写瞬时错=false steps=["C err(BlockDevice)"] remount=ok(chosen 12) crash红=[] after红=["I-3.1: Violated(\"盘 0：记账的已分配 Some(1818624)，遍历全部有效根得到 1753088；机理：根环槽数 24、最新根 txg 16、环里自证过的根槽 16 个、最老的自证过的根 txg 0、遍历的候选根槽 16 个、被实例表判抛弃的根槽 0 个、回退下界 F 0、低于 F 的根槽 0 个\")"] 内容=没确认的 C 那一份 切换=0 只读=false 实例=2 探针=0
[remounted 丙 干净] runs=84
[remounted 丙 没确认的那一版] runs=2
    first: 断电撕裂 crash=19 C第16次写瞬时错=false steps=["C err(BlockDevice)"] remount=ok(chosen 8) crash红=[] after红=[] 内容=没确认的 C 那一份 切换=0 只读=false 实例=2 探针=0
[remounted 丙 没确认的那一版+红] runs=4
    first: 断电撕裂 crash=16 C第16次写瞬时错=false steps=["C err(BlockDevice)"] remount=ok(chosen 7) crash红=[] after红=["I-3.1: Violated(\"盘 0：记账的已分配 Some(933888)，遍历全部有效根得到 868352；机理：根环槽数 24、最新根 txg 10、环里自证过的根槽 10 个、最老的自证过的根 txg 0、遍历的候选根槽 10 个、被实例表判抛弃的根槽 0 个、回退下界 F 0、低于 F 的根槽 0 个\")"] 内容=没确认的 C 那一份 切换=0 只读=false 实例=2 探针=0
[remounted 戊-A 干净] runs=24
[remounted 戊-A 没确认的那一版+红+转只读] runs=4
    first: 断电撕裂 crash=16 C第16次写瞬时错=false steps=["C err(BlockDevice)", "探针写(盘 0) 不过", "持续失败 → 转只读到下次挂载"] remount=ok(chosen 7) crash红=[] after红=["I-3.1: Violated(\"盘 0：记账的已分配 Some(933888)，遍历全部有效根得到 868352；机理：根环槽数 24、最新根 txg 10、环里自证过的根槽 10 个、最老的自证过的根 txg 0、遍历的候选根槽 10 个、被实例表判抛弃的根槽 0 个、回退下界 F 0、低于 F 的根槽 0 个\")"] 内容=没确认的 C 那一份 切换=0 只读=true 实例=2 探针=1
[remounted 戊-A 没确认的那一版+转只读] runs=2
    first: 断电撕裂 crash=19 C第16次写瞬时错=false steps=["C err(BlockDevice)", "探针写(盘 0) 不过", "持续失败 → 转只读到下次挂载"] remount=ok(chosen 8) crash红=[] after红=[] 内容=没确认的 C 那一份 切换=0 只读=true 实例=2 探针=1
[remounted 戊-A 红+转只读] runs=2
    first: 断电撕裂 crash=43 C第16次写瞬时错=true steps=["C err(BlockDevice)", "探针写(盘 0) 过", "切换#1 挂载失败(Publish(BlockDevice(InputOutput(Custom { kind: Other, error:)", "探针写(盘 0) 不过", "持续失败 → 转只读到下次挂载"] remount=ok(chosen 8) crash红=[] after红=["I-3.1: Violated(\"盘 0：记账的已分配 Some(933888)，遍历全部有效根得到 868352；机理：根环槽数 24、最新根 txg 11、环里自证过的根槽 11 个、最老的自证过的根 txg 0、遍历的候选根槽 11 个、被实例表判抛弃的根槽 0 个、回退下界 F 0、低于 F 的根槽 0 个\")"] 内容=同一份 切换=1 只读=true 实例=2 探针=2
[remounted 戊-A 转只读] runs=58
    first: 断电撕裂 crash=0 C第16次写瞬时错=false steps=["C err(BlockDevice)", "探针写(盘 0) 不过", "持续失败 → 转只读到下次挂载"] remount=ok(chosen 7) crash红=[] after红=[] 内容=同一份 切换=0 只读=true 实例=2 探针=1
[remounted 戊-B 干净] runs=24
[remounted 戊-B 没确认的那一版+红+转只读] runs=4
    first: 断电撕裂 crash=16 C第16次写瞬时错=false steps=["C err(BlockDevice)", "探针写(盘 0) 不过", "持续失败 → 转只读到下次挂载"] remount=ok(chosen 7) crash红=[] after红=["I-3.1: Violated(\"盘 0：记账的已分配 Some(933888)，遍历全部有效根得到 868352；机理：根环槽数 24、最新根 txg 10、环里自证过的根槽 10 个、最老的自证过的根 txg 0、遍历的候选根槽 10 个、被实例表判抛弃的根槽 0 个、回退下界 F 0、低于 F 的根槽 0 个\")"] 内容=没确认的 C 那一份 切换=0 只读=true 实例=2 探针=1
[remounted 戊-B 没确认的那一版+转只读] runs=2
    first: 断电撕裂 crash=19 C第16次写瞬时错=false steps=["C err(BlockDevice)", "探针写(盘 0) 不过", "持续失败 → 转只读到下次挂载"] remount=ok(chosen 8) crash红=[] after红=[] 内容=没确认的 C 那一份 切换=0 只读=true 实例=2 探针=1
[remounted 戊-B 红+转只读] runs=2
    first: 断电撕裂 crash=43 C第16次写瞬时错=true steps=["C err(BlockDevice)", "探针写(盘 0) 过", "切换#1 挂载失败(Publish(BlockDevice(InputOutput(Custom { kind: Other, error:)", "探针写(盘 0) 不过", "持续失败 → 转只读到下次挂载"] remount=ok(chosen 8) crash红=[] after红=["I-3.1: Violated(\"盘 0：记账的已分配 Some(933888)，遍历全部有效根得到 868352；机理：根环槽数 24、最新根 txg 11、环里自证过的根槽 11 个、最老的自证过的根 txg 0、遍历的候选根槽 11 个、被实例表判抛弃的根槽 0 个、回退下界 F 0、低于 F 的根槽 0 个\")"] 内容=同一份 切换=1 只读=true 实例=2 探针=2
[remounted 戊-B 转只读] runs=58
    first: 断电撕裂 crash=0 C第16次写瞬时错=false steps=["C err(BlockDevice)", "探针写(盘 0) 不过", "持续失败 → 转只读到下次挂载"] remount=ok(chosen 7) crash红=[] after红=[] 内容=同一份 切换=0 只读=true 实例=2 探针=1
[remounted 甲 干净] runs=84
[remounted 甲 没确认的那一版] runs=2
    first: 断电撕裂 crash=19 C第16次写瞬时错=false steps=["C err(BlockDevice)"] remount=ok(chosen 8) crash红=[] after红=[] 内容=没确认的 C 那一份 切换=0 只读=false 实例=2 探针=0
[remounted 甲 没确认的那一版+红] runs=4
    first: 断电撕裂 crash=16 C第16次写瞬时错=false steps=["C err(BlockDevice)"] remount=ok(chosen 7) crash红=[] after红=["I-3.1: Violated(\"盘 0：记账的已分配 Some(933888)，遍历全部有效根得到 868352；机理：根环槽数 24、最新根 txg 10、环里自证过的根槽 10 个、最老的自证过的根 txg 0、遍历的候选根槽 10 个、被实例表判抛弃的根槽 0 个、回退下界 F 0、低于 F 的根槽 0 个\")"] 内容=没确认的 C 那一份 切换=0 只读=false 实例=2 探针=0
[rolled_back 丙 干净] runs=84
[rolled_back 丙 没确认的那一版] runs=2
    first: 断电撕裂 crash=19 C第16次写瞬时错=false steps=["C err(BlockDevice)"] remount=ok(chosen 11) crash红=[] after红=[] 内容=没确认的 C 那一份 切换=0 只读=false 实例=3 探针=0
[rolled_back 丙 没确认的那一版+红] runs=4
    first: 断电撕裂 crash=16 C第16次写瞬时错=false steps=["C err(BlockDevice)"] remount=ok(chosen 10) crash红=[] after红=["I-3.1: Violated(\"盘 0：记账的已分配 Some(704512)，遍历全部有效根得到 638976；机理：根环槽数 24、最新根 txg 13、环里自证过的根槽 13 个、最老的自证过的根 txg 0、遍历的候选根槽 8 个、被实例表判抛弃的根槽 5 个、回退下界 F 0、低于 F 的根槽 0 个\")"] 内容=没确认的 C 那一份 切换=0 只读=false 实例=3 探针=0
[rolled_back 戊-A 干净] runs=24
[rolled_back 戊-A 没确认的那一版+红+转只读] runs=4
    first: 断电撕裂 crash=16 C第16次写瞬时错=false steps=["C err(BlockDevice)", "探针写(盘 0) 不过", "持续失败 → 转只读到下次挂载"] remount=ok(chosen 10) crash红=[] after红=["I-3.1: Violated(\"盘 0：记账的已分配 Some(704512)，遍历全部有效根得到 638976；机理：根环槽数 24、最新根 txg 13、环里自证过的根槽 13 个、最老的自证过的根 txg 0、遍历的候选根槽 8 个、被实例表判抛弃的根槽 5 个、回退下界 F 0、低于 F 的根槽 0 个\")"] 内容=没确认的 C 那一份 切换=0 只读=true 实例=3 探针=1
[rolled_back 戊-A 没确认的那一版+转只读] runs=2
    first: 断电撕裂 crash=19 C第16次写瞬时错=false steps=["C err(BlockDevice)", "探针写(盘 0) 不过", "持续失败 → 转只读到下次挂载"] remount=ok(chosen 11) crash红=[] after红=[] 内容=没确认的 C 那一份 切换=0 只读=true 实例=3 探针=1
[rolled_back 戊-A 红+转只读] runs=2
    first: 断电撕裂 crash=43 C第16次写瞬时错=true steps=["C err(BlockDevice)", "探针写(盘 0) 过", "切换#1 挂载失败(Publish(BlockDevice(InputOutput(Custom { kind: Other, error:)", "探针写(盘 0) 不过", "持续失败 → 转只读到下次挂载"] remount=ok(chosen 11) crash红=[] after红=["I-3.1: Violated(\"盘 0：记账的已分配 Some(704512)，遍历全部有效根得到 638976；机理：根环槽数 24、最新根 txg 14、环里自证过的根槽 14 个、最老的自证过的根 txg 0、遍历的候选根槽 9 个、被实例表判抛弃的根槽 5 个、回退下界 F 0、低于 F 的根槽 0 个\")"] 内容=同一份 切换=1 只读=true 实例=3 探针=2
[rolled_back 戊-A 转只读] runs=58
    first: 断电撕裂 crash=0 C第16次写瞬时错=false steps=["C err(BlockDevice)", "探针写(盘 0) 不过", "持续失败 → 转只读到下次挂载"] remount=ok(chosen 10) crash红=[] after红=[] 内容=同一份 切换=0 只读=true 实例=3 探针=1
[rolled_back 戊-B 干净] runs=24
[rolled_back 戊-B 没确认的那一版+红+转只读] runs=4
    first: 断电撕裂 crash=16 C第16次写瞬时错=false steps=["C err(BlockDevice)", "探针写(盘 0) 不过", "持续失败 → 转只读到下次挂载"] remount=ok(chosen 10) crash红=[] after红=["I-3.1: Violated(\"盘 0：记账的已分配 Some(704512)，遍历全部有效根得到 638976；机理：根环槽数 24、最新根 txg 13、环里自证过的根槽 13 个、最老的自证过的根 txg 0、遍历的候选根槽 8 个、被实例表判抛弃的根槽 5 个、回退下界 F 0、低于 F 的根槽 0 个\")"] 内容=没确认的 C 那一份 切换=0 只读=true 实例=3 探针=1
[rolled_back 戊-B 没确认的那一版+转只读] runs=2
    first: 断电撕裂 crash=19 C第16次写瞬时错=false steps=["C err(BlockDevice)", "探针写(盘 0) 不过", "持续失败 → 转只读到下次挂载"] remount=ok(chosen 11) crash红=[] after红=[] 内容=没确认的 C 那一份 切换=0 只读=true 实例=3 探针=1
[rolled_back 戊-B 红+转只读] runs=2
    first: 断电撕裂 crash=43 C第16次写瞬时错=true steps=["C err(BlockDevice)", "探针写(盘 0) 过", "切换#1 挂载失败(Publish(BlockDevice(InputOutput(Custom { kind: Other, error:)", "探针写(盘 0) 不过", "持续失败 → 转只读到下次挂载"] remount=ok(chosen 11) crash红=[] after红=["I-3.1: Violated(\"盘 0：记账的已分配 Some(704512)，遍历全部有效根得到 638976；机理：根环槽数 24、最新根 txg 14、环里自证过的根槽 14 个、最老的自证过的根 txg 0、遍历的候选根槽 9 个、被实例表判抛弃的根槽 5 个、回退下界 F 0、低于 F 的根槽 0 个\")"] 内容=同一份 切换=1 只读=true 实例=3 探针=2
[rolled_back 戊-B 转只读] runs=58
    first: 断电撕裂 crash=0 C第16次写瞬时错=false steps=["C err(BlockDevice)", "探针写(盘 0) 不过", "持续失败 → 转只读到下次挂载"] remount=ok(chosen 10) crash红=[] after红=[] 内容=同一份 切换=0 只读=true 实例=3 探针=1
[rolled_back 甲 干净] runs=84
[rolled_back 甲 没确认的那一版] runs=2
    first: 断电撕裂 crash=19 C第16次写瞬时错=false steps=["C err(BlockDevice)"] remount=ok(chosen 11) crash红=[] after红=[] 内容=没确认的 C 那一份 切换=0 只读=false 实例=3 探针=0
[rolled_back 甲 没确认的那一版+红] runs=4
    first: 断电撕裂 crash=16 C第16次写瞬时错=false steps=["C err(BlockDevice)"] remount=ok(chosen 10) crash红=[] after红=["I-3.1: Violated(\"盘 0：记账的已分配 Some(704512)，遍历全部有效根得到 638976；机理：根环槽数 24、最新根 txg 13、环里自证过的根槽 13 个、最老的自证过的根 txg 0、遍历的候选根槽 8 个、被实例表判抛弃的根槽 5 个、回退下界 F 0、低于 F 的根槽 0 个\")"] 内容=没确认的 C 那一份 切换=0 只读=false 实例=3 探针=0
[txg6 丙 干净] runs=84
[txg6 丙 没确认的那一版] runs=2
    first: 断电撕裂 crash=19 C第16次写瞬时错=false steps=["C err(BlockDevice)"] remount=ok(chosen 6) crash红=[] after红=[] 内容=没确认的 C 那一份 切换=0 只读=false 实例=1 探针=0
[txg6 丙 没确认的那一版+红] runs=4
    first: 断电撕裂 crash=16 C第16次写瞬时错=false steps=["C err(BlockDevice)"] remount=ok(chosen 5) crash红=[] after红=["I-3.1: Violated(\"盘 0：记账的已分配 Some(770048)，遍历全部有效根得到 704512；机理：根环槽数 24、最新根 txg 8、环里自证过的根槽 8 个、最老的自证过的根 txg 0、遍历的候选根槽 8 个、被实例表判抛弃的根槽 0 个、回退下界 F 0、低于 F 的根槽 0 个\")"] 内容=没确认的 C 那一份 切换=0 只读=false 实例=1 探针=0
[txg6 戊-A 干净] runs=24
[txg6 戊-A 没确认的那一版+红+转只读] runs=4
    first: 断电撕裂 crash=16 C第16次写瞬时错=false steps=["C err(BlockDevice)", "探针写(盘 0) 不过", "持续失败 → 转只读到下次挂载"] remount=ok(chosen 5) crash红=[] after红=["I-3.1: Violated(\"盘 0：记账的已分配 Some(770048)，遍历全部有效根得到 704512；机理：根环槽数 24、最新根 txg 8、环里自证过的根槽 8 个、最老的自证过的根 txg 0、遍历的候选根槽 8 个、被实例表判抛弃的根槽 0 个、回退下界 F 0、低于 F 的根槽 0 个\")"] 内容=没确认的 C 那一份 切换=0 只读=true 实例=1 探针=1
[txg6 戊-A 没确认的那一版+转只读] runs=2
    first: 断电撕裂 crash=19 C第16次写瞬时错=false steps=["C err(BlockDevice)", "探针写(盘 0) 不过", "持续失败 → 转只读到下次挂载"] remount=ok(chosen 6) crash红=[] after红=[] 内容=没确认的 C 那一份 切换=0 只读=true 实例=1 探针=1
[txg6 戊-A 红+转只读] runs=2
    first: 断电撕裂 crash=43 C第16次写瞬时错=true steps=["C err(BlockDevice)", "探针写(盘 0) 过", "切换#1 挂载失败(Publish(BlockDevice(InputOutput(Custom { kind: Other, error:)", "探针写(盘 0) 不过", "持续失败 → 转只读到下次挂载"] remount=ok(chosen 6) crash红=[] after红=["I-3.1: Violated(\"盘 0：记账的已分配 Some(835584)，遍历全部有效根得到 770048；机理：根环槽数 24、最新根 txg 10、环里自证过的根槽 10 个、最老的自证过的根 txg 0、遍历的候选根槽 10 个、被实例表判抛弃的根槽 0 个、回退下界 F 0、低于 F 的根槽 0 个\")"] 内容=同一份 切换=1 只读=true 实例=1 探针=2
[txg6 戊-A 转只读] runs=58
    first: 断电撕裂 crash=0 C第16次写瞬时错=false steps=["C err(BlockDevice)", "探针写(盘 0) 不过", "持续失败 → 转只读到下次挂载"] remount=ok(chosen 5) crash红=[] after红=[] 内容=同一份 切换=0 只读=true 实例=1 探针=1
[txg6 戊-B 干净] runs=24
[txg6 戊-B 没确认的那一版+红+转只读] runs=4
    first: 断电撕裂 crash=16 C第16次写瞬时错=false steps=["C err(BlockDevice)", "探针写(盘 0) 不过", "持续失败 → 转只读到下次挂载"] remount=ok(chosen 5) crash红=[] after红=["I-3.1: Violated(\"盘 0：记账的已分配 Some(770048)，遍历全部有效根得到 704512；机理：根环槽数 24、最新根 txg 8、环里自证过的根槽 8 个、最老的自证过的根 txg 0、遍历的候选根槽 8 个、被实例表判抛弃的根槽 0 个、回退下界 F 0、低于 F 的根槽 0 个\")"] 内容=没确认的 C 那一份 切换=0 只读=true 实例=1 探针=1
[txg6 戊-B 没确认的那一版+转只读] runs=2
    first: 断电撕裂 crash=19 C第16次写瞬时错=false steps=["C err(BlockDevice)", "探针写(盘 0) 不过", "持续失败 → 转只读到下次挂载"] remount=ok(chosen 6) crash红=[] after红=[] 内容=没确认的 C 那一份 切换=0 只读=true 实例=1 探针=1
[txg6 戊-B 红+转只读] runs=2
    first: 断电撕裂 crash=43 C第16次写瞬时错=true steps=["C err(BlockDevice)", "探针写(盘 0) 过", "切换#1 挂载失败(Publish(BlockDevice(InputOutput(Custom { kind: Other, error:)", "探针写(盘 0) 不过", "持续失败 → 转只读到下次挂载"] remount=ok(chosen 6) crash红=[] after红=["I-3.1: Violated(\"盘 0：记账的已分配 Some(835584)，遍历全部有效根得到 770048；机理：根环槽数 24、最新根 txg 10、环里自证过的根槽 10 个、最老的自证过的根 txg 0、遍历的候选根槽 10 个、被实例表判抛弃的根槽 0 个、回退下界 F 0、低于 F 的根槽 0 个\")"] 内容=同一份 切换=1 只读=true 实例=1 探针=2
[txg6 戊-B 转只读] runs=58
    first: 断电撕裂 crash=0 C第16次写瞬时错=false steps=["C err(BlockDevice)", "探针写(盘 0) 不过", "持续失败 → 转只读到下次挂载"] remount=ok(chosen 5) crash红=[] after红=[] 内容=同一份 切换=0 只读=true 实例=1 探针=1
[txg6 甲 干净] runs=84
[txg6 甲 没确认的那一版] runs=2
    first: 断电撕裂 crash=19 C第16次写瞬时错=false steps=["C err(BlockDevice)"] remount=ok(chosen 6) crash红=[] after红=[] 内容=没确认的 C 那一份 切换=0 只读=false 实例=1 探针=0
[txg6 甲 没确认的那一版+红] runs=4
    first: 断电撕裂 crash=16 C第16次写瞬时错=false steps=["C err(BlockDevice)"] remount=ok(chosen 5) crash红=[] after红=["I-3.1: Violated(\"盘 0：记账的已分配 Some(770048)，遍历全部有效根得到 704512；机理：根环槽数 24、最新根 txg 8、环里自证过的根槽 8 个、最老的自证过的根 txg 0、遍历的候选根槽 8 个、被实例表判抛弃的根槽 0 个、回退下界 F 0、低于 F 的根槽 0 个\")"] 内容=没确认的 C 那一份 切换=0 只读=false 实例=1 探针=0
[txg7 丙 干净] runs=84
[txg7 丙 没确认的那一版] runs=2
    first: 断电撕裂 crash=19 C第16次写瞬时错=false steps=["C err(BlockDevice)"] remount=ok(chosen 7) crash红=[] after红=[] 内容=没确认的 C 那一份 切换=0 只读=false 实例=1 探针=0
[txg7 丙 没确认的那一版+红] runs=4
    first: 断电撕裂 crash=16 C第16次写瞬时错=false steps=["C err(BlockDevice)"] remount=ok(chosen 6) crash红=[] after红=["I-3.1: Violated(\"盘 0：记账的已分配 Some(901120)，遍历全部有效根得到 835584；机理：根环槽数 24、最新根 txg 10、环里自证过的根槽 10 个、最老的自证过的根 txg 0、遍历的候选根槽 10 个、被实例表判抛弃的根槽 0 个、回退下界 F 0、低于 F 的根槽 0 个\")"] 内容=没确认的 C 那一份 切换=0 只读=false 实例=1 探针=0
[txg7 戊-A 干净] runs=24
[txg7 戊-A 没确认的那一版+红+转只读] runs=4
    first: 断电撕裂 crash=16 C第16次写瞬时错=false steps=["C err(BlockDevice)", "探针写(盘 0) 不过", "持续失败 → 转只读到下次挂载"] remount=ok(chosen 6) crash红=[] after红=["I-3.1: Violated(\"盘 0：记账的已分配 Some(901120)，遍历全部有效根得到 835584；机理：根环槽数 24、最新根 txg 10、环里自证过的根槽 10 个、最老的自证过的根 txg 0、遍历的候选根槽 10 个、被实例表判抛弃的根槽 0 个、回退下界 F 0、低于 F 的根槽 0 个\")"] 内容=没确认的 C 那一份 切换=0 只读=true 实例=1 探针=1
[txg7 戊-A 没确认的那一版+转只读] runs=2
    first: 断电撕裂 crash=19 C第16次写瞬时错=false steps=["C err(BlockDevice)", "探针写(盘 0) 不过", "持续失败 → 转只读到下次挂载"] remount=ok(chosen 7) crash红=[] after红=[] 内容=没确认的 C 那一份 切换=0 只读=true 实例=1 探针=1
[txg7 戊-A 红+转只读] runs=2
    first: 断电撕裂 crash=43 C第16次写瞬时错=true steps=["C err(BlockDevice)", "探针写(盘 0) 过", "切换#1 挂载失败(Publish(BlockDevice(InputOutput(Custom { kind: Other, error:)", "探针写(盘 0) 不过", "持续失败 → 转只读到下次挂载"] remount=ok(chosen 7) crash红=[] after红=["I-3.1: Violated(\"盘 0：记账的已分配 Some(835584)，遍历全部有效根得到 770048；机理：根环槽数 24、最新根 txg 10、环里自证过的根槽 10 个、最老的自证过的根 txg 0、遍历的候选根槽 10 个、被实例表判抛弃的根槽 0 个、回退下界 F 0、低于 F 的根槽 0 个\")"] 内容=同一份 切换=1 只读=true 实例=1 探针=2
[txg7 戊-A 转只读] runs=58
    first: 断电撕裂 crash=0 C第16次写瞬时错=false steps=["C err(BlockDevice)", "探针写(盘 0) 不过", "持续失败 → 转只读到下次挂载"] remount=ok(chosen 6) crash红=[] after红=[] 内容=同一份 切换=0 只读=true 实例=1 探针=1
[txg7 戊-B 干净] runs=24
[txg7 戊-B 没确认的那一版+红+转只读] runs=4
    first: 断电撕裂 crash=16 C第16次写瞬时错=false steps=["C err(BlockDevice)", "探针写(盘 0) 不过", "持续失败 → 转只读到下次挂载"] remount=ok(chosen 6) crash红=[] after红=["I-3.1: Violated(\"盘 0：记账的已分配 Some(901120)，遍历全部有效根得到 835584；机理：根环槽数 24、最新根 txg 10、环里自证过的根槽 10 个、最老的自证过的根 txg 0、遍历的候选根槽 10 个、被实例表判抛弃的根槽 0 个、回退下界 F 0、低于 F 的根槽 0 个\")"] 内容=没确认的 C 那一份 切换=0 只读=true 实例=1 探针=1
[txg7 戊-B 没确认的那一版+转只读] runs=2
    first: 断电撕裂 crash=19 C第16次写瞬时错=false steps=["C err(BlockDevice)", "探针写(盘 0) 不过", "持续失败 → 转只读到下次挂载"] remount=ok(chosen 7) crash红=[] after红=[] 内容=没确认的 C 那一份 切换=0 只读=true 实例=1 探针=1
[txg7 戊-B 红+转只读] runs=2
    first: 断电撕裂 crash=43 C第16次写瞬时错=true steps=["C err(BlockDevice)", "探针写(盘 0) 过", "切换#1 挂载失败(Publish(BlockDevice(InputOutput(Custom { kind: Other, error:)", "探针写(盘 0) 不过", "持续失败 → 转只读到下次挂载"] remount=ok(chosen 7) crash红=[] after红=["I-3.1: Violated(\"盘 0：记账的已分配 Some(835584)，遍历全部有效根得到 770048；机理：根环槽数 24、最新根 txg 10、环里自证过的根槽 10 个、最老的自证过的根 txg 0、遍历的候选根槽 10 个、被实例表判抛弃的根槽 0 个、回退下界 F 0、低于 F 的根槽 0 个\")"] 内容=同一份 切换=1 只读=true 实例=1 探针=2
[txg7 戊-B 转只读] runs=58
    first: 断电撕裂 crash=0 C第16次写瞬时错=false steps=["C err(BlockDevice)", "探针写(盘 0) 不过", "持续失败 → 转只读到下次挂载"] remount=ok(chosen 6) crash红=[] after红=[] 内容=同一份 切换=0 只读=true 实例=1 探针=1
[txg7 甲 干净] runs=84
[txg7 甲 没确认的那一版] runs=2
    first: 断电撕裂 crash=19 C第16次写瞬时错=false steps=["C err(BlockDevice)"] remount=ok(chosen 7) crash红=[] after红=[] 内容=没确认的 C 那一份 切换=0 只读=false 实例=1 探针=0
[txg7 甲 没确认的那一版+红] runs=4
    first: 断电撕裂 crash=16 C第16次写瞬时错=false steps=["C err(BlockDevice)"] remount=ok(chosen 6) crash红=[] after红=["I-3.1: Violated(\"盘 0：记账的已分配 Some(901120)，遍历全部有效根得到 835584；机理：根环槽数 24、最新根 txg 10、环里自证过的根槽 10 个、最老的自证过的根 txg 0、遍历的候选根槽 10 个、被实例表判抛弃的根槽 0 个、回退下界 F 0、低于 F 的根槽 0 个\")"] 内容=没确认的 C 那一份 切换=0 只读=false 实例=1 探针=0
ok

test result: ok. 1 passed; 0 failed; 0 ignored; 0 measured; 5 filtered out; finished in 8.45s

