warning: unused import: `singlefs_harness::scenario::e142_parameters`
 --> crates/singlefs-harness/tests/c381r2_sweep.rs:5:5
  |
5 | use singlefs_harness::scenario::e142_parameters;
  |     ^^^^^^^^^^^^^^^^^^^^^^^^^^^^^^^^^^^^^^^^^^^
  |
  = note: `#[warn(unused_imports)]` (part of `#[warn(unused)]`) on by default

warning: field `note` is never read
   --> crates/singlefs-harness/tests/c381r2_probe_common.rs:267:9
    |
260 | pub struct Snapshot {
    |            -------- field in this struct
...
267 |     pub note: String,
    |         ^^^^
    |
    = note: `Snapshot` has a derived impl for the trait `Clone`, but this is intentionally ignored during dead code analysis
    = note: `#[warn(dead_code)]` (part of `#[warn(unused)]`) on by default

warning: variants `Empty` and `Other` are never constructed
   --> crates/singlefs-harness/tests/c381r2_probe_common.rs:563:5
    |
559 | pub enum Action {
    |          ------ variants in this enum
...
563 |     Empty,
    |     ^^^^^
564 |     /// 从现行版发一次内容不同的覆盖写。
565 |     Other,
    |     ^^^^^
    |
    = note: `Action` has derived impls for the traits `Debug` and `Clone`, but these are intentionally ignored during dead code analysis

warning: constant `ACTIONS` is never used
   --> crates/singlefs-harness/tests/c381r2_probe_common.rs:569:11
    |
569 | pub const ACTIONS: [Action; 4] = [Action::Retry, Action::Empty, Action::Other, Action::Remount];
    |           ^^^^^^^

warning: function `writes_of_c` is never used
   --> crates/singlefs-harness/tests/c381r2_probe_common.rs:981:8
    |
981 | pub fn writes_of_c(parameters: &MakeFilesystemParameters, snapshot: &Snapshot) -> Vec<(u32, u64, usize)> {
    |        ^^^^^^^^^^^

warning: `singlefs-harness` (test "c381r2_sweep") generated 5 warnings (run `cargo fix --test "c381r2_sweep" -p singlefs-harness` to apply 1 suggestion)
    Finished `release` profile [optimized + debuginfo] target(s) in 0.00s
     Running tests/c381r2_sweep.rs (target/release/deps/c381r2_sweep-b80c280302700ce7)

running 1 test
test phase_c_crash_points ... progress 25/30744 at 311.33889ms
progress 50/30744 at 471.242169ms
progress 75/30744 at 663.176326ms
progress 100/30744 at 852.252073ms
progress 125/30744 at 1.061251718s
progress 150/30744 at 1.225835921s
progress 175/30744 at 1.441112957s
progress 200/30744 at 1.593294166s
progress 225/30744 at 1.812300992s
progress 250/30744 at 2.00243715s
progress 275/30744 at 2.161485211s
progress 300/30744 at 2.372203519s
progress 325/30744 at 2.530343756s
progress 350/30744 at 2.762448673s
progress 375/30744 at 2.935836021s
progress 400/30744 at 3.115541161s
progress 425/30744 at 3.320704967s
progress 450/30744 at 3.512820627s
progress 475/30744 at 3.686820804s
progress 500/30744 at 3.897793146s
progress 525/30744 at 4.062900514s
progress 550/30744 at 4.280634239s
progress 575/30744 at 4.452161678s
progress 600/30744 at 4.641266543s
progress 625/30744 at 4.865739968s
progress 650/30744 at 5.046326855s
progress 675/30744 at 5.248692975s
progress 700/30744 at 5.422505639s
progress 725/30744 at 5.620956033s
progress 750/30744 at 5.813983939s
progress 775/30744 at 6.033837894s
progress 800/30744 at 6.217474579s
progress 825/30744 at 6.417072327s
progress 850/30744 at 6.576667418s
progress 875/30744 at 6.815459494s
progress 900/30744 at 7.0093964s
progress 925/30744 at 7.194073265s
progress 950/30744 at 7.382516362s
progress 975/30744 at 7.58968643s
progress 1000/30744 at 7.794159578s
progress 1025/30744 at 7.984009607s
progress 1050/30744 at 8.177497249s
progress 1075/30744 at 8.343471759s
progress 1100/30744 at 8.562373373s
progress 1125/30744 at 8.741713235s
progress 1150/30744 at 8.93716299s
progress 1175/30744 at 9.12513656s
progress 1200/30744 at 9.339825329s
progress 1225/30744 at 9.536994767s
progress 1250/30744 at 9.70822202s
progress 1275/30744 at 9.865561897s
progress 1300/30744 at 10.053566035s
progress 1325/30744 at 10.212671188s
progress 1350/30744 at 10.392087897s
progress 1375/30744 at 10.572884809s
progress 1400/30744 at 10.754921154s
progress 1425/30744 at 10.906895671s
progress 1450/30744 at 11.097558115s
progress 1475/30744 at 11.260170707s
progress 1500/30744 at 11.44784837s
progress 1525/30744 at 11.616967871s
progress 1550/30744 at 11.790895507s
progress 1575/30744 at 11.960495549s
progress 1600/30744 at 12.134299265s
progress 1625/30744 at 12.291187526s
progress 1650/30744 at 12.495410319s
progress 1675/30744 at 12.654744786s
progress 1700/30744 at 12.838484961s
progress 1725/30744 at 13.009058244s
progress 1750/30744 at 13.195169437s
progress 1775/30744 at 13.379764716s
progress 1800/30744 at 13.555701303s
progress 1825/30744 at 13.704424923s
progress 1850/30744 at 13.865262202s
progress 1875/30744 at 14.044952732s
progress 1900/30744 at 14.15919133s
progress 1925/30744 at 14.327129702s
progress 1950/30744 at 14.452075444s
progress 1975/30744 at 14.613632853s
progress 2000/30744 at 14.767944749s
progress 2025/30744 at 14.905043359s
progress 2050/30744 at 15.037634845s
progress 2075/30744 at 15.163096188s
progress 2100/30744 at 15.310574701s
progress 2125/30744 at 15.452950848s
progress 2150/30744 at 15.569764291s
progress 2175/30744 at 15.695720374s
progress 2200/30744 at 15.837394967s
progress 2225/30744 at 16.082267629s
progress 2250/30744 at 16.233086271s
progress 2275/30744 at 16.388304157s
progress 2300/30744 at 16.56829282s
progress 2325/30744 at 16.715666539s
progress 2350/30744 at 16.899154533s
progress 2375/30744 at 17.027411571s
progress 2400/30744 at 17.179848796s
progress 2425/30744 at 17.348577283s
progress 2450/30744 at 17.445812561s
progress 2475/30744 at 17.617955857s
progress 2500/30744 at 17.765876445s
progress 2525/30744 at 17.91593392s
progress 2550/30744 at 18.064573421s
progress 2575/30744 at 18.18092496s
progress 2600/30744 at 18.367588051s
progress 2625/30744 at 18.495787485s
progress 2650/30744 at 18.63362084s
progress 2675/30744 at 18.798267799s
progress 2700/30744 at 18.881478181s
progress 2725/30744 at 19.087721211s
progress 2750/30744 at 19.189860093s
progress 2775/30744 at 19.325998952s
progress 2800/30744 at 19.479079623s
progress 2825/30744 at 19.626897047s
progress 2850/30744 at 19.771928382s
progress 2875/30744 at 19.854890992s
progress 2900/30744 at 19.995205063s
progress 2925/30744 at 20.130074696s
progress 2950/30744 at 20.283726008s
progress 2975/30744 at 20.423531006s
progress 3000/30744 at 20.509582775s
progress 3025/30744 at 20.644014425s
progress 3050/30744 at 20.781946615s
progress 3075/30744 at 20.923396897s
progress 3100/30744 at 21.063941376s
progress 3125/30744 at 21.145740141s
progress 3150/30744 at 21.27988335s
progress 3175/30744 at 21.414124799s
progress 3200/30744 at 21.548129596s
progress 3225/30744 at 21.673825326s
progress 3250/30744 at 21.753511304s
progress 3275/30744 at 21.894311542s
progress 3300/30744 at 21.996989491s
progress 3325/30744 at 22.130877427s
progress 3350/30744 at 22.249855387s
progress 3375/30744 at 22.384346415s
progress 3400/30744 at 22.510686666s
progress 3425/30744 at 22.587642874s
progress 3450/30744 at 22.718716499s
progress 3475/30744 at 22.835912492s
progress 3500/30744 at 22.967058107s
progress 3525/30744 at 23.094870593s
progress 3550/30744 at 23.169234243s
progress 3575/30744 at 23.299586696s
progress 3600/30744 at 23.420349869s
progress 3625/30744 at 23.554746663s
progress 3650/30744 at 23.678596884s
progress 3675/30744 at 23.754538938s
progress 3700/30744 at 23.891882881s
progress 3725/30744 at 24.016029253s
progress 3750/30744 at 24.146302444s
progress 3775/30744 at 24.250131144s
progress 3800/30744 at 24.332455267s
progress 3825/30744 at 24.474273833s
progress 3850/30744 at 24.57139309s
progress 3875/30744 at 24.711920431s
progress 3900/30744 at 24.824934117s
progress 3925/30744 at 24.918283033s
progress 3950/30744 at 25.085246935s
progress 3975/30744 at 25.157659487s
progress 4000/30744 at 25.301687498s
progress 4025/30744 at 25.397196931s
progress 4050/30744 at 25.531612311s
progress 4075/30744 at 25.648568557s
progress 4100/30744 at 25.720354746s
progress 4125/30744 at 25.852549759s
progress 4150/30744 at 25.945720414s
progress 4175/30744 at 26.074196365s
progress 4200/30744 at 26.201128332s
progress 4225/30744 at 26.272791091s
progress 4250/30744 at 26.40696384s
progress 4275/30744 at 26.496368971s
progress 4300/30744 at 26.629398085s
progress 4325/30744 at 26.750487922s
progress 4350/30744 at 26.827948117s
progress 4375/30744 at 26.956959509s
progress 4400/30744 at 27.047507994s
progress 4425/30744 at 27.125530521s
progress 4450/30744 at 27.202096243s
progress 4475/30744 at 27.279068696s
progress 4500/30744 at 27.351994838s
progress 4525/30744 at 27.43182192s
progress 4550/30744 at 27.510895909s
progress 4575/30744 at 27.584422621s
progress 4600/30744 at 27.661052692s
progress 4625/30744 at 27.742189667s
progress 4650/30744 at 27.81255602s
progress 4675/30744 at 27.88882976s
progress 4700/30744 at 27.96838888s
progress 4725/30744 at 28.043986639s
progress 4750/30744 at 28.122545246s
progress 4775/30744 at 28.198701166s
progress 4800/30744 at 28.274678246s
progress 4825/30744 at 28.350582795s
progress 4850/30744 at 28.428866581s
progress 4875/30744 at 28.504832619s
progress 4900/30744 at 28.581268549s
progress 4925/30744 at 28.659698395s
progress 4950/30744 at 28.727644499s
progress 4975/30744 at 28.809149854s
progress 5000/30744 at 28.876128245s
progress 5025/30744 at 28.955022613s
progress 5050/30744 at 29.030884771s
progress 5075/30744 at 29.10399884s
progress 5100/30744 at 29.174263362s
progress 5125/30744 at 29.248646065s
progress 5150/30744 at 29.322985619s
progress 5175/30744 at 29.397823834s
progress 5200/30744 at 29.472043276s
progress 5225/30744 at 29.54704799s
progress 5250/30744 at 29.619985278s
progress 5275/30744 at 29.699269365s
progress 5300/30744 at 29.774681071s
progress 5325/30744 at 29.845823294s
progress 5350/30744 at 29.923861227s
progress 5375/30744 at 29.992900834s
progress 5400/30744 at 30.070880767s
progress 5425/30744 at 30.147116075s
progress 5450/30744 at 30.216372442s
progress 5475/30744 at 30.287780126s
progress 5500/30744 at 30.362805011s
progress 5525/30744 at 30.424100404s
progress 5550/30744 at 30.493671171s
progress 5575/30744 at 30.56728136s
progress 5600/30744 at 30.633777848s
progress 5625/30744 at 30.707513387s
progress 5650/30744 at 30.776857074s
progress 5675/30744 at 30.847900685s
progress 5700/30744 at 30.922292027s
progress 5725/30744 at 30.992045534s
progress 5750/30744 at 31.063817288s
progress 5775/30744 at 31.136005153s
progress 5800/30744 at 31.199666072s
progress 5825/30744 at 31.274833676s
progress 5850/30744 at 31.344588114s
progress 5875/30744 at 31.419286786s
progress 5900/30744 at 31.490446487s
progress 5925/30744 at 31.559808232s
progress 5950/30744 at 31.631514985s
progress 5975/30744 at 31.70401874s
progress 6000/30744 at 31.776888956s
progress 6025/30744 at 31.855491648s
progress 6050/30744 at 31.924981844s
progress 6075/30744 at 31.993933589s
progress 6100/30744 at 32.071320888s
progress 6125/30744 at 32.14637109s
progress 6150/30744 at 32.215007893s
progress 6175/30744 at 32.280257657s
progress 6200/30744 at 32.356942014s
progress 6225/30744 at 32.420241071s
progress 6250/30744 at 32.500568198s
progress 6275/30744 at 32.580785985s
progress 6300/30744 at 32.649948139s
progress 6325/30744 at 32.722534193s
progress 6350/30744 at 32.79270323s
progress 6375/30744 at 32.866039426s
progress 6400/30744 at 32.935947082s
progress 6425/30744 at 33.002692599s
progress 6450/30744 at 33.068264022s
progress 6475/30744 at 33.135100079s
progress 6500/30744 at 33.209335628s
progress 6525/30744 at 33.280102817s
progress 6550/30744 at 33.355649489s
progress 6575/30744 at 33.428767884s
progress 6600/30744 at 33.48877213s
progress 6625/30744 at 33.619379934s
progress 6650/30744 at 33.715258215s
progress 6675/30744 at 33.833025501s
progress 6700/30744 at 33.94185196s
progress 6725/30744 at 34.010503151s
progress 6750/30744 at 34.135549728s
progress 6775/30744 at 34.230432037s
progress 6800/30744 at 34.343416338s
progress 6825/30744 at 34.461534224s
progress 6850/30744 at 34.536302262s
progress 6875/30744 at 34.653389914s
progress 6900/30744 at 34.745859884s
progress 6925/30744 at 34.868446022s
progress 6950/30744 at 34.977742391s
progress 6975/30744 at 35.072698138s
progress 7000/30744 at 35.170325233s
progress 7025/30744 at 35.259005682s
progress 7050/30744 at 35.385347191s
progress 7075/30744 at 35.495639382s
progress 7100/30744 at 35.606263293s
progress 7125/30744 at 35.713732306s
progress 7150/30744 at 35.797669109s
progress 7175/30744 at 35.916997636s
progress 7200/30744 at 36.03535305s
progress 7225/30744 at 36.156674703s
progress 7250/30744 at 36.255856421s
progress 7275/30744 at 36.319113765s
progress 7300/30744 at 36.453573374s
progress 7325/30744 at 36.542627472s
progress 7350/30744 at 36.666821191s
progress 7375/30744 at 36.771326953s
progress 7400/30744 at 36.848044125s
progress 7425/30744 at 36.979218494s
progress 7450/30744 at 37.066883868s
progress 7475/30744 at 37.200134733s
progress 7500/30744 at 37.315828938s
progress 7525/30744 at 37.394295614s
progress 7550/30744 at 37.578670005s
progress 7575/30744 at 37.68460064s
progress 7600/30744 at 37.962060338s
progress 7625/30744 at 38.08451739s
progress 7650/30744 at 38.280680475s
progress 7675/30744 at 38.496192713s
progress 7700/30744 at 38.676444199s
progress 7725/30744 at 38.845405423s
progress 7750/30744 at 39.039667069s
progress 7775/30744 at 39.25991051s
progress 7800/30744 at 39.419861357s
progress 7825/30744 at 39.619594946s
progress 7850/30744 at 39.817162809s
progress 7875/30744 at 39.957305458s
progress 7900/30744 at 40.207562771s
progress 7925/30744 at 40.363269485s
progress 7950/30744 at 40.548108329s
progress 7975/30744 at 40.778214092s
progress 8000/30744 at 40.917275646s
progress 8025/30744 at 41.148798792s
progress 8050/30744 at 41.31378659s
progress 8075/30744 at 41.491769283s
progress 8100/30744 at 41.729453263s
progress 8125/30744 at 41.860162862s
progress 8150/30744 at 42.093861561s
progress 8175/30744 at 42.258130434s
progress 8200/30744 at 42.426632009s
progress 8225/30744 at 42.657113306s
progress 8250/30744 at 42.794371341s
progress 8275/30744 at 43.023702835s
progress 8300/30744 at 43.180183414s
progress 8325/30744 at 43.355813127s
progress 8350/30744 at 43.580429825s
progress 8375/30744 at 43.74338725s
progress 8400/30744 at 43.939426717s
progress 8425/30744 at 44.133599979s
progress 8450/30744 at 44.356628422s
progress 8475/30744 at 44.506756189s
progress 8500/30744 at 44.704433329s
progress 8525/30744 at 44.869881498s
progress 8550/30744 at 45.043528121s
progress 8575/30744 at 45.279776637s
progress 8600/30744 at 45.440924494s
progress 8625/30744 at 45.612581799s
progress 8650/30744 at 45.827086612s
progress 8675/30744 at 45.961641854s
progress 8700/30744 at 46.216112077s
progress 8725/30744 at 46.361385189s
progress 8750/30744 at 46.545379825s
progress 8775/30744 at 46.73613662s
progress 8800/30744 at 46.880511727s
progress 8825/30744 at 47.009404722s
progress 8850/30744 at 47.15423001s
progress 8875/30744 at 47.276750397s
progress 8900/30744 at 47.419103818s
progress 8925/30744 at 47.542890657s
progress 8950/30744 at 47.67185289s
progress 8975/30744 at 47.806366568s
progress 9000/30744 at 47.949517739s
progress 9025/30744 at 48.065511157s
progress 9050/30744 at 48.21288323s
progress 9075/30744 at 48.319560982s
progress 9100/30744 at 48.476101739s
progress 9125/30744 at 48.582170578s
progress 9150/30744 at 48.732081916s
progress 9175/30744 at 48.837132592s
progress 9200/30744 at 48.992812376s
progress 9225/30744 at 49.104884081s
progress 9250/30744 at 49.254644689s
progress 9275/30744 at 49.377018912s
progress 9300/30744 at 49.504555428s
progress 9325/30744 at 49.647144464s
progress 9350/30744 at 49.777773058s
progress 9375/30744 at 49.899654098s
progress 9400/30744 at 50.043138787s
progress 9425/30744 at 50.15874823s
progress 9450/30744 at 50.29896954s
progress 9475/30744 at 50.421344521s
progress 9500/30744 at 50.54373775s
progress 9525/30744 at 50.664071275s
progress 9550/30744 at 50.780067527s
progress 9575/30744 at 50.901686995s
progress 9600/30744 at 51.021967689s
progress 9625/30744 at 51.164114932s
progress 9650/30744 at 51.256280221s
progress 9675/30744 at 51.373956708s
progress 9700/30744 at 51.514757566s
progress 9725/30744 at 51.622684165s
progress 9750/30744 at 51.741178762s
progress 9775/30744 at 51.854422246s
progress 9800/30744 at 51.97135702s
progress 9825/30744 at 52.087385931s
progress 9850/30744 at 52.19541007s
progress 9875/30744 at 52.290956366s
progress 9900/30744 at 52.401760013s
progress 9925/30744 at 52.511898107s
progress 9950/30744 at 52.60313249s
progress 9975/30744 at 52.695523517s
progress 10000/30744 at 52.793421918s
progress 10025/30744 at 52.881538763s
progress 10050/30744 at 52.974911752s
progress 10075/30744 at 53.063513628s
progress 10100/30744 at 53.150611101s
progress 10125/30744 at 53.24418926s
progress 10150/30744 at 53.327973124s
progress 10175/30744 at 53.410730954s
progress 10200/30744 at 53.502118627s
progress 10225/30744 at 53.582846161s
progress 10250/30744 at 53.664063336s
progress 10275/30744 at 53.74088226s
progress 10300/30744 at 53.824448482s
progress 10325/30744 at 53.903467552s
progress 10350/30744 at 53.979656524s
progress 10375/30744 at 54.061578861s
progress 10400/30744 at 54.144563941s
progress 10425/30744 at 54.217724635s
progress 10450/30744 at 54.296833405s
progress 10475/30744 at 54.370855272s
progress 10500/30744 at 54.453051019s
progress 10525/30744 at 54.530036792s
progress 10550/30744 at 54.61258688s
progress 10575/30744 at 54.690807477s
progress 10600/30744 at 54.770371797s
progress 10625/30744 at 54.84738808s
progress 10650/30744 at 54.927904102s
progress 10675/30744 at 55.006227259s
progress 10700/30744 at 55.088305956s
progress 10725/30744 at 55.164991758s
progress 10750/30744 at 55.240180757s
progress 10775/30744 at 55.319727767s
progress 10800/30744 at 55.398179494s
progress 10825/30744 at 55.47677503s
progress 10850/30744 at 55.553087261s
progress 10875/30744 at 55.625728221s
progress 10900/30744 at 55.704396128s
progress 10925/30744 at 55.78139403s
progress 10950/30744 at 55.86136333s
progress 10975/30744 at 55.936447037s
progress 11000/30744 at 56.039603098s
progress 11025/30744 at 56.160443955s
progress 11050/30744 at 56.24588378s
progress 11075/30744 at 56.372411812s
progress 11100/30744 at 56.502188371s
progress 11125/30744 at 56.636911633s
progress 11150/30744 at 56.770657682s
progress 11175/30744 at 56.842106989s
progress 11200/30744 at 56.97272225s
progress 11225/30744 at 57.074985898s
progress 11250/30744 at 57.202850311s
progress 11275/30744 at 57.335595638s
progress 11300/30744 at 57.397067929s
progress 11325/30744 at 57.530746626s
progress 11350/30744 at 57.63221452s
progress 11375/30744 at 57.759991652s
progress 11400/30744 at 57.886748061s
progress 11425/30744 at 57.965276615s
progress 11450/30744 at 58.089446858s
progress 11475/30744 at 58.183301862s
progress 11500/30744 at 58.312557068s
progress 11525/30744 at 58.43695768s
progress 11550/30744 at 58.555024566s
progress 11575/30744 at 58.652410047s
progress 11600/30744 at 58.729398226s
progress 11625/30744 at 58.8625316s
progress 11650/30744 at 58.989117998s
progress 11675/30744 at 59.115007133s
progress 11700/30744 at 59.211257332s
progress 11725/30744 at 59.282639046s
progress 11750/30744 at 59.417114474s
progress 11775/30744 at 59.534220055s
progress 11800/30744 at 59.661614372s
progress 11825/30744 at 59.768223636s
progress 11850/30744 at 59.840328452s
progress 11875/30744 at 59.974323176s
progress 11900/30744 at 60.075665167s
progress 11925/30744 at 60.199977957s
progress 11950/30744 at 60.305224647s
progress 11975/30744 at 60.384432031s
progress 12000/30744 at 60.518536524s
progress 12025/30744 at 60.611670622s
progress 12050/30744 at 60.738849607s
progress 12075/30744 at 60.858925815s
progress 12100/30744 at 60.971810083s
progress 12125/30744 at 61.072823372s
progress 12150/30744 at 61.163246023s
progress 12175/30744 at 61.293476766s
progress 12200/30744 at 61.407295827s
progress 12225/30744 at 61.542581561s
progress 12250/30744 at 61.671422829s
progress 12275/30744 at 61.755000742s
progress 12300/30744 at 61.889121733s
progress 12325/30744 at 61.983175272s
progress 12350/30744 at 62.113339853s
progress 12375/30744 at 62.228256706s
progress 12400/30744 at 62.307269257s
progress 12425/30744 at 62.437316237s
progress 12450/30744 at 62.535097834s
progress 12475/30744 at 62.666014876s
progress 12500/30744 at 62.774688761s
progress 12525/30744 at 62.870568723s
progress 12550/30744 at 62.984951843s
progress 12575/30744 at 63.071642362s
progress 12600/30744 at 63.199190865s
progress 12625/30744 at 63.3198951s
progress 12650/30744 at 63.445240537s
progress 12675/30744 at 63.544707687s
progress 12700/30744 at 63.606586043s
progress 12725/30744 at 63.739995548s
progress 12750/30744 at 63.855259068s
progress 12775/30744 at 63.963467791s
progress 12800/30744 at 64.061809838s
progress 12825/30744 at 64.152043535s
progress 12850/30744 at 64.27706128s
progress 12875/30744 at 64.389886014s
progress 12900/30744 at 64.509952585s
progress 12925/30744 at 64.616886272s
progress 12950/30744 at 64.702350766s
progress 12975/30744 at 64.84361578s
progress 13000/30744 at 64.929018514s
progress 13025/30744 at 65.060381523s
progress 13050/30744 at 65.167917352s
progress 13075/30744 at 65.241919507s
progress 13100/30744 at 65.383049311s
progress 13125/30744 at 65.465013015s
progress 13150/30744 at 65.592181372s
progress 13175/30744 at 65.698008465s
progress 13200/30744 at 65.758921817s
progress 13225/30744 at 65.826735645s
progress 13250/30744 at 65.897074731s
progress 13275/30744 at 65.967663076s
progress 13300/30744 at 66.030289332s
progress 13325/30744 at 66.099832376s
progress 13350/30744 at 66.171662704s
progress 13375/30744 at 66.244186425s
progress 13400/30744 at 66.311115322s
progress 13425/30744 at 66.379683692s
progress 13450/30744 at 66.453401885s
progress 13475/30744 at 66.518498946s
progress 13500/30744 at 66.586410405s
progress 13525/30744 at 66.659009284s
progress 13550/30744 at 66.729273668s
progress 13575/30744 at 66.785901649s
progress 13600/30744 at 66.857385826s
progress 13625/30744 at 66.933630695s
progress 13650/30744 at 67.00039339s
progress 13675/30744 at 67.065884602s
progress 13700/30744 at 67.134974153s
progress 13725/30744 at 67.21043478s
progress 13750/30744 at 67.275739212s
progress 13775/30744 at 67.34378289s
progress 13800/30744 at 67.422198004s
progress 13825/30744 at 67.493042559s
progress 13850/30744 at 67.55844448s
progress 13875/30744 at 67.62752285s
progress 13900/30744 at 67.69263128s
progress 13925/30744 at 67.764830088s
progress 13950/30744 at 67.84275904s
progress 13975/30744 at 67.909378504s
progress 14000/30744 at 67.978771165s
progress 14025/30744 at 68.051685795s
progress 14050/30744 at 68.1269189s
progress 14075/30744 at 68.199766249s
progress 14100/30744 at 68.269339831s
progress 14125/30744 at 68.348911197s
progress 14150/30744 at 68.428609203s
progress 14175/30744 at 68.507474416s
progress 14200/30744 at 68.577091167s
progress 14225/30744 at 68.647271148s
progress 14250/30744 at 68.718305042s
progress 14275/30744 at 68.789290736s
progress 14300/30744 at 68.861137432s
progress 14325/30744 at 68.930524272s
progress 14350/30744 at 68.993489567s
progress 14375/30744 at 69.061375813s
progress 14400/30744 at 69.131523055s
progress 14425/30744 at 69.202244058s
progress 14450/30744 at 69.271536038s
progress 14475/30744 at 69.3417805s
progress 14500/30744 at 69.409850256s
progress 14525/30744 at 69.479256825s
progress 14550/30744 at 69.546270599s
progress 14575/30744 at 69.616063259s
progress 14600/30744 at 69.682754611s
progress 14625/30744 at 69.745089983s
progress 14650/30744 at 69.818926553s
progress 14675/30744 at 69.893419644s
progress 14700/30744 at 69.957656301s
progress 14725/30744 at 70.023693992s
progress 14750/30744 at 70.094950856s
progress 14775/30744 at 70.169479517s
progress 14800/30744 at 70.234758956s
progress 14825/30744 at 70.299447624s
progress 14850/30744 at 70.366250807s
progress 14875/30744 at 70.439448954s
progress 14900/30744 at 70.503301029s
progress 14925/30744 at 70.575318944s
progress 14950/30744 at 70.64830644s
progress 14975/30744 at 70.719067412s
progress 15000/30744 at 70.783996969s
progress 15025/30744 at 70.85864328s
progress 15050/30744 at 70.933315831s
progress 15075/30744 at 70.995041841s
progress 15100/30744 at 71.069499341s
progress 15125/30744 at 71.141764786s
progress 15150/30744 at 71.211515055s
progress 15175/30744 at 71.281266654s
progress 15200/30744 at 71.352537517s
progress 15225/30744 at 71.426531606s
progress 15250/30744 at 71.500170133s
progress 15275/30744 at 71.564304418s
progress 15300/30744 at 71.637414024s
progress 15325/30744 at 71.703802944s
progress 15350/30744 at 71.775358826s
progress 15375/30744 at 71.843917562s
progress 15400/30744 at 71.965548705s
progress 15425/30744 at 72.072774293s
progress 15450/30744 at 72.147321673s
progress 15475/30744 at 72.263901243s
progress 15500/30744 at 72.363947155s
progress 15525/30744 at 72.49124086s
progress 15550/30744 at 72.590972309s
progress 15575/30744 at 72.694824378s
progress 15600/30744 at 72.791085229s
progress 15625/30744 at 72.874483849s
progress 15650/30744 at 72.996879322s
progress 15675/30744 at 73.119211115s
progress 15700/30744 at 73.228047676s
progress 15725/30744 at 73.322701673s
progress 15750/30744 at 73.40106157s
progress 15775/30744 at 73.524844235s
progress 15800/30744 at 73.635168768s
progress 15825/30744 at 73.748522099s
progress 15850/30744 at 73.852506286s
progress 15875/30744 at 73.923022144s
progress 15900/30744 at 74.060081361s
progress 15925/30744 at 74.152353821s
progress 15950/30744 at 74.272074296s
progress 15975/30744 at 74.371788394s
progress 16000/30744 at 74.44600533s
progress 16025/30744 at 74.57245019s
progress 16050/30744 at 74.661517961s
progress 16075/30744 at 74.783186989s
progress 16100/30744 at 74.886121573s
progress 16125/30744 at 74.969631091s
progress 16150/30744 at 75.096362792s
progress 16175/30744 at 75.176854852s
progress 16200/30744 at 75.302911811s
progress 16225/30744 at 75.402655177s
progress 16250/30744 at 75.520531625s
progress 16275/30744 at 75.615591579s
progress 16300/30744 at 75.694382985s
progress 16325/30744 at 75.828765772s
progress 16350/30744 at 75.919211585s
progress 16375/30744 at 76.041055192s
progress 16400/30744 at 76.137256139s
progress 16425/30744 at 76.203409175s
progress 16450/30744 at 76.333770302s
progress 16475/30744 at 76.43057042s
progress 16500/30744 at 76.548371706s
progress 16525/30744 at 76.655047336s
progress 16550/30744 at 76.750271359s
progress 16575/30744 at 76.856761308s
progress 16600/30744 at 76.948592994s
progress 16625/30744 at 77.072745395s
progress 16650/30744 at 77.180893178s
progress 16675/30744 at 77.284581701s
progress 16700/30744 at 77.384776496s
progress 16725/30744 at 77.473009422s
progress 16750/30744 at 77.594343824s
progress 16775/30744 at 77.710311615s
progress 16800/30744 at 77.822311606s
progress 16825/30744 at 77.934115886s
progress 16850/30744 at 77.994946538s
progress 16875/30744 at 78.122379315s
progress 16900/30744 at 78.232383212s
progress 16925/30744 at 78.352862032s
progress 16950/30744 at 78.454363398s
progress 16975/30744 at 78.512158192s
progress 17000/30744 at 78.644420749s
progress 17025/30744 at 78.752646979s
progress 17050/30744 at 78.883293562s
progress 17075/30744 at 78.971297096s
progress 17100/30744 at 79.04631856s
progress 17125/30744 at 79.172478172s
progress 17150/30744 at 79.261020997s
progress 17175/30744 at 79.38716255s
progress 17200/30744 at 79.489817616s
progress 17225/30744 at 79.581449767s
progress 17250/30744 at 79.698413197s
progress 17275/30744 at 79.777409639s
progress 17300/30744 at 79.905142993s
progress 17325/30744 at 80.00352395s
progress 17350/30744 at 80.110748347s
progress 17375/30744 at 80.218207775s
progress 17400/30744 at 80.281676511s
progress 17425/30744 at 80.408902534s
progress 17450/30744 at 80.510969718s
progress 17475/30744 at 80.629415379s
progress 17500/30744 at 80.727985355s
progress 17525/30744 at 80.79553753s
progress 17550/30744 at 80.920820987s
progress 17575/30744 at 81.030329948s
progress 17600/30744 at 81.126219418s
progress 17625/30744 at 81.226025996s
progress 17650/30744 at 81.323974311s
progress 17675/30744 at 81.421186783s
progress 17700/30744 at 81.514843706s
progress 17725/30744 at 81.606889326s
progress 17750/30744 at 81.705691671s
progress 17775/30744 at 81.803046993s
progress 17800/30744 at 81.887552195s
progress 17825/30744 at 81.987435583s
progress 17850/30744 at 82.085524317s
progress 17875/30744 at 82.182592318s
progress 17900/30744 at 82.277652494s
progress 17925/30744 at 82.361636246s
progress 17950/30744 at 82.447926551s
progress 17975/30744 at 82.550182143s
progress 18000/30744 at 82.631263306s
progress 18025/30744 at 82.741009005s
progress 18050/30744 at 82.832451622s
progress 18075/30744 at 82.934377693s
progress 18100/30744 at 83.029264628s
progress 18125/30744 at 83.128010472s
progress 18150/30744 at 83.229349941s
progress 18175/30744 at 83.320345977s
progress 18200/30744 at 83.413002407s
progress 18225/30744 at 83.517804693s
progress 18250/30744 at 83.615656233s
progress 18275/30744 at 83.71167877s
progress 18300/30744 at 83.797537503s
progress 18325/30744 at 83.902344189s
progress 18350/30744 at 84.005898392s
progress 18375/30744 at 84.103019781s
progress 18400/30744 at 84.193221184s
progress 18425/30744 at 84.28889735s
progress 18450/30744 at 84.38679405s
progress 18475/30744 at 84.495531954s
progress 18500/30744 at 84.58763829s
progress 18525/30744 at 84.682536342s
progress 18550/30744 at 84.773524686s
progress 18575/30744 at 84.875760515s
progress 18600/30744 at 84.983471326s
progress 18625/30744 at 85.073658848s
progress 18650/30744 at 85.160010822s
progress 18675/30744 at 85.253440441s
progress 18700/30744 at 85.34681236s
progress 18725/30744 at 85.448289297s
progress 18750/30744 at 85.542401846s
progress 18775/30744 at 85.644002542s
progress 18800/30744 at 85.743251363s
progress 18825/30744 at 85.837719233s
progress 18850/30744 at 85.931915943s
progress 18875/30744 at 86.030291942s
progress 18900/30744 at 86.127261268s
progress 18925/30744 at 86.224851355s
progress 18950/30744 at 86.325994431s
progress 18975/30744 at 86.420953402s
progress 19000/30744 at 86.523867649s
progress 19025/30744 at 86.622728138s
progress 19050/30744 at 86.715289933s
progress 19075/30744 at 86.813574961s
progress 19100/30744 at 86.906659317s
progress 19125/30744 at 87.004490693s
progress 19150/30744 at 87.097165738s
progress 19175/30744 at 87.18365295s
progress 19200/30744 at 87.287283639s
progress 19225/30744 at 87.385949387s
progress 19250/30744 at 87.49178047s
progress 19275/30744 at 87.584580775s
progress 19300/30744 at 87.691192999s
progress 19325/30744 at 87.794280456s
progress 19350/30744 at 87.894978048s
progress 19375/30744 at 87.991008939s
progress 19400/30744 at 88.083808583s
progress 19425/30744 at 88.176575997s
progress 19450/30744 at 88.279098713s
progress 19475/30744 at 88.377466909s
progress 19500/30744 at 88.480848246s
progress 19525/30744 at 88.581378976s
progress 19550/30744 at 88.685833404s
progress 19575/30744 at 88.792185327s
progress 19600/30744 at 88.886838364s
progress 19625/30744 at 88.989222348s
progress 19650/30744 at 89.080812138s
progress 19675/30744 at 89.173352881s
progress 19700/30744 at 89.275698855s
progress 19725/30744 at 89.379801722s
progress 19750/30744 at 89.480838842s
progress 19775/30744 at 89.577348512s
progress 19800/30744 at 89.729982844s
progress 19825/30744 at 89.846632068s
progress 19850/30744 at 89.994277059s
progress 19875/30744 at 90.128500711s
progress 19900/30744 at 90.225471962s
progress 19925/30744 at 90.383930366s
progress 19950/30744 at 90.499803207s
progress 19975/30744 at 90.643450567s
progress 20000/30744 at 90.785223924s
progress 20025/30744 at 90.885576511s
progress 20050/30744 at 91.040856487s
progress 20075/30744 at 91.149876512s
progress 20100/30744 at 91.299641746s
progress 20125/30744 at 91.441378572s
progress 20150/30744 at 91.557763722s
progress 20175/30744 at 91.700747299s
progress 20200/30744 at 91.797917738s
progress 20225/30744 at 91.954968346s
progress 20250/30744 at 92.109559378s
progress 20275/30744 at 92.238379885s
progress 20300/30744 at 92.399491901s
progress 20325/30744 at 92.479392742s
progress 20350/30744 at 92.612678686s
progress 20375/30744 at 92.763626299s
progress 20400/30744 at 92.916836766s
progress 20425/30744 at 93.045698201s
progress 20450/30744 at 93.140190413s
progress 20475/30744 at 93.309182134s
progress 20500/30744 at 93.411571343s
progress 20525/30744 at 93.565991471s
progress 20550/30744 at 93.702751361s
progress 20575/30744 at 93.792032451s
progress 20600/30744 at 93.950692568s
progress 20625/30744 at 94.06005479s
progress 20650/30744 at 94.215913071s
progress 20675/30744 at 94.348486552s
progress 20700/30744 at 94.461590962s
progress 20725/30744 at 94.616860089s
progress 20750/30744 at 94.713668184s
progress 20775/30744 at 94.862159817s
progress 20800/30744 at 95.001199561s
progress 20825/30744 at 95.13826109s
progress 20850/30744 at 95.267492803s
progress 20875/30744 at 95.357160352s
progress 20900/30744 at 95.508846551s
progress 20925/30744 at 95.644905886s
progress 20950/30744 at 95.7942469s
progress 20975/30744 at 95.937676061s
progress 21000/30744 at 96.042594101s
progress 21025/30744 at 96.196954105s
progress 21050/30744 at 96.298258777s
progress 21075/30744 at 96.450094575s
progress 21100/30744 at 96.60129334s
progress 21125/30744 at 96.725382829s
progress 21150/30744 at 96.857734595s
progress 21175/30744 at 96.956619851s
progress 21200/30744 at 97.099242099s
progress 21225/30744 at 97.254004692s
progress 21250/30744 at 97.391158998s
progress 21275/30744 at 97.509899884s
progress 21300/30744 at 97.60435627s
progress 21325/30744 at 97.75882968s
progress 21350/30744 at 97.910181474s
progress 21375/30744 at 98.061029376s
progress 21400/30744 at 98.19323529s
progress 21425/30744 at 98.291971115s
progress 21450/30744 at 98.407336174s
progress 21475/30744 at 98.556643542s
progress 21500/30744 at 98.709052926s
progress 21525/30744 at 98.856333509s
progress 21550/30744 at 98.960013903s
progress 21575/30744 at 99.111373384s
progress 21600/30744 at 99.201948351s
progress 21625/30744 at 99.359618096s
progress 21650/30744 at 99.502327499s
progress 21675/30744 at 99.608682286s
progress 21700/30744 at 99.753739433s
progress 21725/30744 at 99.850461922s
progress 21750/30744 at 100.000656849s
progress 21775/30744 at 100.139673864s
progress 21800/30744 at 100.270440761s
progress 21825/30744 at 100.392371271s
progress 21850/30744 at 100.489471639s
progress 21875/30744 at 100.636491198s
progress 21900/30744 at 100.782878766s
progress 21925/30744 at 100.917935581s
progress 21950/30744 at 101.031463822s
progress 21975/30744 at 101.115270432s
progress 22000/30744 at 101.20265522s
progress 22025/30744 at 101.285123688s
progress 22050/30744 at 101.365379851s
progress 22075/30744 at 101.450172153s
progress 22100/30744 at 101.535997767s
progress 22125/30744 at 101.61156129s
progress 22150/30744 at 101.69604099s
progress 22175/30744 at 101.772371685s
progress 22200/30744 at 101.861119024s
progress 22225/30744 at 101.936764017s
progress 22250/30744 at 102.016319458s
progress 22275/30744 at 102.09648645s
progress 22300/30744 at 102.18523133s
progress 22325/30744 at 102.273286948s
progress 22350/30744 at 102.349601272s
progress 22375/30744 at 102.436342457s
progress 22400/30744 at 102.520754947s
progress 22425/30744 at 102.600097546s
progress 22450/30744 at 102.679238085s
progress 22475/30744 at 102.770896049s
progress 22500/30744 at 102.85582915s
progress 22525/30744 at 102.927724805s
progress 22550/30744 at 103.008845828s
progress 22575/30744 at 103.099136669s
progress 22600/30744 at 103.185142192s
progress 22625/30744 at 103.260868114s
progress 22650/30744 at 103.351388616s
progress 22675/30744 at 103.436108866s
progress 22700/30744 at 103.514981063s
progress 22725/30744 at 103.594626883s
progress 22750/30744 at 103.686837457s
progress 22775/30744 at 103.769957433s
progress 22800/30744 at 103.854380741s
progress 22825/30744 at 103.934908142s
progress 22850/30744 at 104.014712682s
progress 22875/30744 at 104.092249807s
progress 22900/30744 at 104.178279488s
progress 22925/30744 at 104.26441461s
progress 22950/30744 at 104.345218342s
progress 22975/30744 at 104.432729196s
progress 23000/30744 at 104.51524677s
progress 23025/30744 at 104.598984516s
progress 23050/30744 at 104.68175317s
progress 23075/30744 at 104.766036978s
progress 23100/30744 at 104.84765684s
progress 23125/30744 at 104.915958365s
progress 23150/30744 at 104.999442731s
progress 23175/30744 at 105.082885817s
progress 23200/30744 at 105.15992449s
progress 23225/30744 at 105.243770226s
progress 23250/30744 at 105.329813907s
progress 23275/30744 at 105.418315732s
progress 23300/30744 at 105.496144206s
progress 23325/30744 at 105.583344038s
progress 23350/30744 at 105.656552072s
progress 23375/30744 at 105.739887497s
progress 23400/30744 at 105.818377191s
progress 23425/30744 at 105.901106105s
progress 23450/30744 at 105.978765718s
progress 23475/30744 at 106.062230052s
progress 23500/30744 at 106.144595955s
progress 23525/30744 at 106.233780761s
progress 23550/30744 at 106.315142991s
progress 23575/30744 at 106.391764562s
progress 23600/30744 at 106.473821103s
progress 23625/30744 at 106.555449214s
progress 23650/30744 at 106.633830887s
progress 23675/30744 at 106.713644484s
progress 23700/30744 at 106.80387238s
progress 23725/30744 at 106.900179699s
progress 23750/30744 at 106.974660095s
progress 23775/30744 at 107.051975567s
progress 23800/30744 at 107.131212382s
progress 23825/30744 at 107.215245047s
progress 23850/30744 at 107.303053949s
progress 23875/30744 at 107.377273944s
progress 23900/30744 at 107.471083287s
progress 23925/30744 at 107.558730768s
progress 23950/30744 at 107.640629397s
progress 23975/30744 at 107.719815212s
progress 24000/30744 at 107.804722157s
progress 24025/30744 at 107.891371986s
progress 24050/30744 at 107.971148971s
progress 24075/30744 at 108.041514908s
progress 24100/30744 at 108.116907365s
progress 24125/30744 at 108.207351151s
progress 24150/30744 at 108.297793528s
progress 24175/30744 at 108.395463508s
progress 24200/30744 at 108.528422395s
progress 24225/30744 at 108.627692747s
progress 24250/30744 at 108.757430938s
progress 24275/30744 at 108.891048587s
progress 24300/30744 at 108.996705381s
progress 24325/30744 at 109.120587861s
progress 24350/30744 at 109.21320469s
progress 24375/30744 at 109.34751774s
progress 24400/30744 at 109.473743244s
progress 24425/30744 at 109.596076829s
progress 24450/30744 at 109.728898984s
progress 24475/30744 at 109.802109615s
progress 24500/30744 at 109.95005806s
progress 24525/30744 at 110.063958249s
progress 24550/30744 at 110.192884827s
progress 24575/30744 at 110.317019985s
progress 24600/30744 at 110.402354339s
progress 24625/30744 at 110.543017538s
progress 24650/30744 at 110.636978968s
progress 24675/30744 at 110.772231076s
progress 24700/30744 at 110.895076801s
progress 24725/30744 at 110.980969815s
progress 24750/30744 at 111.125764571s
progress 24775/30744 at 111.210769464s
progress 24800/30744 at 111.354055878s
progress 24825/30744 at 111.484426746s
progress 24850/30744 at 111.593591723s
progress 24875/30744 at 111.72397138s
progress 24900/30744 at 111.804611684s
progress 24925/30744 at 111.927611157s
progress 24950/30744 at 112.05581229s
progress 24975/30744 at 112.190048225s
progress 25000/30744 at 112.305109744s
progress 25025/30744 at 112.372734082s
progress 25050/30744 at 112.511722704s
progress 25075/30744 at 112.633330664s
progress 25100/30744 at 112.770744873s
progress 25125/30744 at 112.878982107s
progress 25150/30744 at 112.948841319s
progress 25175/30744 at 113.097098178s
progress 25200/30744 at 113.207890508s
progress 25225/30744 at 113.338144783s
progress 25250/30744 at 113.452043337s
progress 25275/30744 at 113.567363843s
progress 25300/30744 at 113.67233451s
progress 25325/30744 at 113.780918384s
progress 25350/30744 at 113.918874122s
progress 25375/30744 at 114.050419889s
progress 25400/30744 at 114.172149257s
progress 25425/30744 at 114.302325121s
progress 25450/30744 at 114.379237895s
progress 25475/30744 at 114.499241198s
progress 25500/30744 at 114.637063485s
progress 25525/30744 at 114.774998122s
progress 25550/30744 at 114.898974973s
progress 25575/30744 at 114.973558831s
progress 25600/30744 at 115.115912606s
progress 25625/30744 at 115.22512537s
progress 25650/30744 at 115.354902121s
progress 25675/30744 at 115.499347749s
progress 25700/30744 at 115.591269709s
progress 25725/30744 at 115.709600728s
progress 25750/30744 at 115.814174811s
progress 25775/30744 at 115.942788019s
progress 25800/30744 at 116.071032606s
progress 25825/30744 at 116.189099605s
progress 25850/30744 at 116.304726068s
progress 25875/30744 at 116.381973041s
progress 25900/30744 at 116.523181121s
progress 25925/30744 at 116.649273953s
progress 25950/30744 at 116.776916007s
progress 25975/30744 at 116.882243871s
progress 26000/30744 at 116.969310541s
progress 26025/30744 at 117.100409101s
progress 26050/30744 at 117.222020705s
progress 26075/30744 at 117.353609427s
progress 26100/30744 at 117.472345494s
progress 26125/30744 at 117.537910873s
progress 26150/30744 at 117.675775515s
progress 26175/30744 at 117.79926469s
progress 26200/30744 at 117.932126243s
progress 26225/30744 at 118.03996895s
progress 26250/30744 at 118.126385327s
progress 26275/30744 at 118.266650413s
progress 26300/30744 at 118.361717987s
progress 26325/30744 at 118.502006692s
progress 26350/30744 at 118.606340161s
progress 26375/30744 at 118.668978494s
progress 26400/30744 at 118.744038651s
progress 26425/30744 at 118.811479953s
progress 26450/30744 at 118.882292071s
progress 26475/30744 at 118.95355337s
progress 26500/30744 at 119.016825565s
progress 26525/30744 at 119.090492308s
progress 26550/30744 at 119.156845589s
progress 26575/30744 at 119.220668455s
progress 26600/30744 at 119.287531496s
progress 26625/30744 at 119.358068794s
progress 26650/30744 at 119.417492111s
progress 26675/30744 at 119.489819871s
progress 26700/30744 at 119.56094866s
progress 26725/30744 at 119.624103003s
progress 26750/30744 at 119.685131553s
progress 26775/30744 at 119.752273934s
progress 26800/30744 at 119.822856201s
progress 26825/30744 at 119.890679443s
progress 26850/30744 at 119.962592013s
progress 26875/30744 at 120.030676625s
progress 26900/30744 at 120.096900245s
progress 26925/30744 at 120.162476383s
progress 26950/30744 at 120.219920526s
progress 26975/30744 at 120.285247004s
progress 27000/30744 at 120.354998529s
progress 27025/30744 at 120.424017483s
progress 27050/30744 at 120.492587986s
progress 27075/30744 at 120.564504355s
progress 27100/30744 at 120.632007595s
progress 27125/30744 at 120.702197491s
progress 27150/30744 at 120.768500359s
progress 27175/30744 at 120.828563877s
progress 27200/30744 at 120.89708177s
progress 27225/30744 at 120.965243722s
progress 27250/30744 at 121.030629818s
progress 27275/30744 at 121.092262079s
progress 27300/30744 at 121.16564535s
progress 27325/30744 at 121.232259159s
progress 27350/30744 at 121.303765057s
progress 27375/30744 at 121.369605135s
progress 27400/30744 at 121.429405541s
progress 27425/30744 at 121.501608389s
progress 27450/30744 at 121.574085918s
progress 27475/30744 at 121.637979852s
progress 27500/30744 at 121.701308164s
progress 27525/30744 at 121.772507801s
progress 27550/30744 at 121.837304276s
progress 27575/30744 at 121.893953497s
progress 27600/30744 at 121.964033911s
progress 27625/30744 at 122.031906982s
progress 27650/30744 at 122.099984473s
progress 27675/30744 at 122.175946628s
progress 27700/30744 at 122.234828962s
progress 27725/30744 at 122.302949713s
progress 27750/30744 at 122.370720774s
progress 27775/30744 at 122.43673193s
progress 27800/30744 at 122.503704159s
progress 27825/30744 at 122.56659292s
progress 27850/30744 at 122.630393602s
progress 27875/30744 at 122.701161367s
progress 27900/30744 at 122.761537664s
progress 27925/30744 at 122.821092949s
progress 27950/30744 at 122.885143072s
progress 27975/30744 at 122.95196563s
progress 28000/30744 at 123.022941345s
progress 28025/30744 at 123.07659929s
progress 28050/30744 at 123.147102144s
progress 28075/30744 at 123.216014586s
progress 28100/30744 at 123.28643088s
progress 28125/30744 at 123.355195881s
progress 28150/30744 at 123.412792362s
progress 28175/30744 at 123.481512683s
progress 28200/30744 at 123.543335321s
progress 28225/30744 at 123.605117849s
progress 28250/30744 at 123.681066282s
progress 28275/30744 at 123.745956856s
progress 28300/30744 at 123.813839655s
progress 28325/30744 at 123.882797986s
progress 28350/30744 at 123.946096737s
progress 28375/30744 at 124.018635164s
progress 28400/30744 at 124.084292719s
progress 28425/30744 at 124.143652083s
progress 28450/30744 at 124.21598943s
progress 28475/30744 at 124.27895584s
progress 28500/30744 at 124.344138175s
progress 28525/30744 at 124.411232182s
progress 28550/30744 at 124.474465942s
progress 28575/30744 at 124.599120729s
progress 28600/30744 at 124.714878831s
progress 28625/30744 at 124.770621748s
progress 28650/30744 at 124.893608452s
progress 28675/30744 at 124.986847204s
progress 28700/30744 at 125.114704826s
progress 28725/30744 at 125.218675827s
progress 28750/30744 at 125.302984484s
progress 28775/30744 at 125.403666419s
progress 28800/30744 at 125.498677234s
progress 28825/30744 at 125.631841964s
progress 28850/30744 at 125.720615237s
progress 28875/30744 at 125.829898986s
progress 28900/30744 at 125.920298592s
progress 28925/30744 at 126.007391353s
progress 28950/30744 at 126.122978053s
progress 28975/30744 at 126.233964015s
progress 29000/30744 at 126.316711158s
progress 29025/30744 at 126.430988125s
progress 29050/30744 at 126.503131999s
progress 29075/30744 at 126.632741581s
progress 29100/30744 at 126.721795984s
progress 29125/30744 at 126.839655446s
progress 29150/30744 at 126.933266117s
progress 29175/30744 at 126.994722583s
progress 29200/30744 at 127.126052108s
progress 29225/30744 at 127.222505324s
progress 29250/30744 at 127.327214593s
progress 29275/30744 at 127.435628149s
progress 29300/30744 at 127.50112016s
progress 29325/30744 at 127.626692665s
progress 29350/30744 at 127.707130552s
progress 29375/30744 at 127.821848717s
progress 29400/30744 at 127.925932265s
progress 29425/30744 at 128.0229641s
progress 29450/30744 at 128.121238678s
progress 29475/30744 at 128.199646661s
progress 29500/30744 at 128.322123s
progress 29525/30744 at 128.414069687s
progress 29550/30744 at 128.510824711s
progress 29575/30744 at 128.605460931s
progress 29600/30744 at 128.682636081s
progress 29625/30744 at 128.81186578s
progress 29650/30744 at 128.899502348s
progress 29675/30744 at 129.01882596s
progress 29700/30744 at 129.113972412s
progress 29725/30744 at 129.193082906s
progress 29750/30744 at 129.31415219s
progress 29775/30744 at 129.406270336s
progress 29800/30744 at 129.532413028s
progress 29825/30744 at 129.62259118s
progress 29850/30744 at 129.72359704s
progress 29875/30744 at 129.812411189s
progress 29900/30744 at 129.898182863s
progress 29925/30744 at 130.018407375s
progress 29950/30744 at 130.125196325s
progress 29975/30744 at 130.221593867s
progress 30000/30744 at 130.329413638s
progress 30025/30744 at 130.402667281s
progress 30050/30744 at 130.513667696s
progress 30075/30744 at 130.621747527s
progress 30100/30744 at 130.737826641s
progress 30125/30744 at 130.830252825s
progress 30150/30744 at 130.897335997s
progress 30175/30744 at 131.02482109s
progress 30200/30744 at 131.114571109s
progress 30225/30744 at 131.224907543s
progress 30250/30744 at 131.327776805s
progress 30275/30744 at 131.387924165s
progress 30300/30744 at 131.510121068s
progress 30325/30744 at 131.604007304s
progress 30350/30744 at 131.724548994s
progress 30375/30744 at 131.814439843s
progress 30400/30744 at 131.913922357s
progress 30425/30744 at 132.013021262s
progress 30450/30744 at 132.089662319s
progress 30475/30744 at 132.208640276s
progress 30500/30744 at 132.308186601s
progress 30525/30744 at 132.408418657s
progress 30550/30744 at 132.50139512s
progress 30575/30744 at 132.573209348s
progress 30600/30744 at 132.691849473s
progress 30625/30744 at 132.796962296s
progress 30650/30744 at 132.900096186s
progress 30675/30744 at 132.988258881s
progress 30700/30744 at 133.058440876s
progress 30725/30744 at 133.173835986s
progress 30744/30744 at 133.26097595s
=== 二（故障型 × 断电点） 汇总 ===
[base 丙 干净] runs=482
[base 丙 没确认的那一版] runs=294
    first: k=18 已落盘但报错 crash=19 steps=["C err(BlockDevice)"] remount=ok(chosen 5) crash红=[] after红=[] 内容=没确认的 C 那一份 切换=0 只读=false 实例=1 探针=0
[base 丙 没确认的那一版+红] runs=322
    first: k=16 已落盘但报错 crash=17 steps=["C err(BlockDevice)"] remount=ok(chosen 4) crash红=[] after红=["I-3.1: Violated(\"盘 0：记账的已分配 Some(704512)，遍历全部有效根得到 638976；机理：根环槽数 24、最新根 txg 7、环里自证过的根槽 7 个、最老的自证过的根 txg 0、遍历的候选根槽 7 个、被实例表判抛弃的根槽 0 个、回退下界 F 0、低于 F 的根槽 0 个\")"] 内容=没确认的 C 那一份 切换=0 只读=false 实例=1 探针=0
[base 戊-A 没确认的那一版+红+转只读] runs=336
    first: k=16 已落盘但报错 crash=17 steps=["C err(BlockDevice)", "探针写(盘 0) 不过", "持续失败 → 转只读到下次挂载"] remount=ok(chosen 4) crash红=[] after红=["I-3.1: Violated(\"盘 0：记账的已分配 Some(704512)，遍历全部有效根得到 638976；机理：根环槽数 24、最新根 txg 7、环里自证过的根槽 7 个、最老的自证过的根 txg 0、遍历的候选根槽 7 个、被实例表判抛弃的根槽 0 个、回退下界 F 0、低于 F 的根槽 0 个\")"] 内容=没确认的 C 那一份 切换=0 只读=true 实例=1 探针=1
[base 戊-A 没确认的那一版+转只读] runs=280
    first: k=18 已落盘但报错 crash=19 steps=["C err(BlockDevice)", "探针写(盘 0) 不过", "持续失败 → 转只读到下次挂载"] remount=ok(chosen 5) crash红=[] after红=[] 内容=没确认的 C 那一份 切换=0 只读=true 实例=1 探针=1
[base 戊-A 红+转只读] runs=16
    first: k=15 瞬时 crash=43 steps=["C err(BlockDevice)", "探针写(盘 1) 过", "切换#1 挂载失败(Publish(BlockDevice(InputOutput(Custom { kind: Other, error:)", "探针写(盘 1) 不过", "持续失败 → 转只读到下次挂载"] remount=ok(chosen 5) crash红=[] after红=["I-3.1: Violated(\"盘 0：记账的已分配 Some(704512)，遍历全部有效根得到 638976；机理：根环槽数 24、最新根 txg 8、环里自证过的根槽 8 个、最老的自证过的根 txg 0、遍历的候选根槽 8 个、被实例表判抛弃的根槽 0 个、回退下界 F 0、低于 F 的根槽 0 个\")"] 内容=同一份 切换=1 只读=true 实例=1 探针=2
[base 戊-A 转只读] runs=466
    first: k=15 瞬时 crash=0 steps=["C err(BlockDevice)", "探针写(盘 0) 不过", "持续失败 → 转只读到下次挂载"] remount=ok(chosen 4) crash红=[] after红=[] 内容=同一份 切换=0 只读=true 实例=1 探针=1
[base 戊-B 没确认的那一版+红+转只读] runs=133
    first: k=16 已落盘但报错 crash=17 steps=["C err(BlockDevice)", "探针写(盘 0) 不过", "持续失败 → 转只读到下次挂载"] remount=ok(chosen 4) crash红=[] after红=["I-3.1: Violated(\"盘 0：记账的已分配 Some(704512)，遍历全部有效根得到 638976；机理：根环槽数 24、最新根 txg 7、环里自证过的根槽 7 个、最老的自证过的根 txg 0、遍历的候选根槽 7 个、被实例表判抛弃的根槽 0 个、回退下界 F 0、低于 F 的根槽 0 个\")"] 内容=没确认的 C 那一份 切换=0 只读=true 实例=1 探针=1
[base 戊-B 没确认的那一版+转只读] runs=121
    first: k=18 已落盘但报错 crash=19 steps=["C err(BlockDevice)", "探针写(盘 0) 不过", "持续失败 → 转只读到下次挂载"] remount=ok(chosen 5) crash红=[] after红=[] 内容=没确认的 C 那一份 切换=0 只读=true 实例=1 探针=1
[base 戊-B 红+转只读] runs=44
    first: k=15 瞬时 crash=43 steps=["C err(BlockDevice)", "探针写(盘 1) 过", "切换#1 挂载失败(Publish(BlockDevice(InputOutput(Custom { kind: Other, error:)", "探针写(盘 1) 不过", "持续失败 → 转只读到下次挂载"] remount=ok(chosen 5) crash红=[] after红=["I-3.1: Violated(\"盘 0：记账的已分配 Some(704512)，遍历全部有效根得到 638976；机理：根环槽数 24、最新根 txg 8、环里自证过的根槽 8 个、最老的自证过的根 txg 0、遍历的候选根槽 8 个、被实例表判抛弃的根槽 0 个、回退下界 F 0、低于 F 的根槽 0 个\")"] 内容=同一份 切换=1 只读=true 实例=1 探针=2
[base 戊-B 转只读] runs=800
    first: k=15 瞬时 crash=0 steps=["C err(BlockDevice)", "探针写(盘 0) 不过", "持续失败 → 转只读到下次挂载"] remount=ok(chosen 4) crash红=[] after红=[] 内容=同一份 切换=0 只读=true 实例=1 探针=1
[base 甲 干净] runs=482
[base 甲 没确认的那一版] runs=294
    first: k=18 已落盘但报错 crash=19 steps=["C err(BlockDevice)"] remount=ok(chosen 5) crash红=[] after红=[] 内容=没确认的 C 那一份 切换=0 只读=false 实例=1 探针=0
[base 甲 没确认的那一版+红] runs=322
    first: k=16 已落盘但报错 crash=17 steps=["C err(BlockDevice)"] remount=ok(chosen 4) crash红=[] after红=["I-3.1: Violated(\"盘 0：记账的已分配 Some(704512)，遍历全部有效根得到 638976；机理：根环槽数 24、最新根 txg 7、环里自证过的根槽 7 个、最老的自证过的根 txg 0、遍历的候选根槽 7 个、被实例表判抛弃的根槽 0 个、回退下界 F 0、低于 F 的根槽 0 个\")"] 内容=没确认的 C 那一份 切换=0 只读=false 实例=1 探针=0
[floor_raised 丙 干净] runs=482
[floor_raised 丙 没确认的那一版] runs=294
    first: k=18 已落盘但报错 crash=19 steps=["C err(BlockDevice)"] remount=ok(chosen 15) crash红=[] after红=[] 内容=没确认的 C 那一份 切换=0 只读=false 实例=2 探针=0
[floor_raised 丙 没确认的那一版+红] runs=322
    first: k=16 已落盘但报错 crash=17 steps=["C err(BlockDevice)"] remount=ok(chosen 14) crash红=[] after红=["I-3.1: Violated(\"盘 0：记账的已分配 Some(1146880)，遍历全部有效根得到 1081344；机理：根环槽数 24、最新根 txg 17、环里自证过的根槽 17 个、最老的自证过的根 txg 0、遍历的候选根槽 8 个、被实例表判抛弃的根槽 0 个、回退下界 F 9、低于 F 的根槽 9 个\")"] 内容=没确认的 C 那一份 切换=0 只读=false 实例=2 探针=0
[floor_raised 戊-A 没确认的那一版+红+转只读] runs=336
    first: k=16 已落盘但报错 crash=17 steps=["C err(BlockDevice)", "探针写(盘 0) 不过", "持续失败 → 转只读到下次挂载"] remount=ok(chosen 14) crash红=[] after红=["I-3.1: Violated(\"盘 0：记账的已分配 Some(1146880)，遍历全部有效根得到 1081344；机理：根环槽数 24、最新根 txg 17、环里自证过的根槽 17 个、最老的自证过的根 txg 0、遍历的候选根槽 8 个、被实例表判抛弃的根槽 0 个、回退下界 F 9、低于 F 的根槽 9 个\")"] 内容=没确认的 C 那一份 切换=0 只读=true 实例=2 探针=1
[floor_raised 戊-A 没确认的那一版+转只读] runs=280
    first: k=18 已落盘但报错 crash=19 steps=["C err(BlockDevice)", "探针写(盘 0) 不过", "持续失败 → 转只读到下次挂载"] remount=ok(chosen 15) crash红=[] after红=[] 内容=没确认的 C 那一份 切换=0 只读=true 实例=2 探针=1
[floor_raised 戊-A 红+转只读] runs=8
    first: k=15 瞬时 crash=43 steps=["C err(BlockDevice)", "探针写(盘 1) 过", "切换#1 挂载失败(Publish(BlockDevice(InputOutput(Custom { kind: Other, error:)", "探针写(盘 1) 不过", "持续失败 → 转只读到下次挂载"] remount=ok(chosen 15) crash红=[] after红=["I-3.1: Violated(\"盘 0：记账的已分配 Some(1212416)，遍历全部有效根得到 1146880；机理：根环槽数 24、最新根 txg 19、环里自证过的根槽 19 个、最老的自证过的根 txg 0、遍历的候选根槽 10 个、被实例表判抛弃的根槽 0 个、回退下界 F 9、低于 F 的根槽 9 个\")"] 内容=同一份 切换=1 只读=true 实例=2 探针=2
[floor_raised 戊-A 转只读] runs=474
    first: k=15 瞬时 crash=0 steps=["C err(BlockDevice)", "探针写(盘 0) 不过", "持续失败 → 转只读到下次挂载"] remount=ok(chosen 14) crash红=[] after红=[] 内容=同一份 切换=0 只读=true 实例=2 探针=1
[floor_raised 戊-B 没确认的那一版+红+转只读] runs=49
    first: k=16 已落盘但报错 crash=17 steps=["C err(BlockDevice)", "探针写(盘 0) 不过", "持续失败 → 转只读到下次挂载"] remount=ok(chosen 14) crash红=[] after红=["I-3.1: Violated(\"盘 0：记账的已分配 Some(1146880)，遍历全部有效根得到 1081344；机理：根环槽数 24、最新根 txg 17、环里自证过的根槽 17 个、最老的自证过的根 txg 0、遍历的候选根槽 8 个、被实例表判抛弃的根槽 0 个、回退下界 F 9、低于 F 的根槽 9 个\")"] 内容=没确认的 C 那一份 切换=0 只读=true 实例=2 探针=1
[floor_raised 戊-B 没确认的那一版+转只读] runs=121
    first: k=18 已落盘但报错 crash=19 steps=["C err(BlockDevice)", "探针写(盘 0) 不过", "持续失败 → 转只读到下次挂载"] remount=ok(chosen 15) crash红=[] after红=[] 内容=没确认的 C 那一份 切换=0 只读=true 实例=2 探针=1
[floor_raised 戊-B 红+转只读] runs=36
    first: k=15 瞬时 crash=43 steps=["C err(BlockDevice)", "探针写(盘 1) 过", "切换#1 挂载失败(Publish(BlockDevice(InputOutput(Custom { kind: Other, error:)", "探针写(盘 1) 不过", "持续失败 → 转只读到下次挂载"] remount=ok(chosen 15) crash红=[] after红=["I-3.1: Violated(\"盘 0：记账的已分配 Some(1212416)，遍历全部有效根得到 1146880；机理：根环槽数 24、最新根 txg 19、环里自证过的根槽 19 个、最老的自证过的根 txg 0、遍历的候选根槽 10 个、被实例表判抛弃的根槽 0 个、回退下界 F 9、低于 F 的根槽 9 个\")"] 内容=同一份 切换=1 只读=true 实例=2 探针=2
[floor_raised 戊-B 转只读] runs=892
    first: k=15 瞬时 crash=0 steps=["C err(BlockDevice)", "探针写(盘 0) 不过", "持续失败 → 转只读到下次挂载"] remount=ok(chosen 14) crash红=[] after红=[] 内容=同一份 切换=0 只读=true 实例=2 探针=1
[floor_raised 甲 干净] runs=482
[floor_raised 甲 没确认的那一版] runs=294
    first: k=18 已落盘但报错 crash=19 steps=["C err(BlockDevice)"] remount=ok(chosen 15) crash红=[] after红=[] 内容=没确认的 C 那一份 切换=0 只读=false 实例=2 探针=0
[floor_raised 甲 没确认的那一版+红] runs=322
    first: k=16 已落盘但报错 crash=17 steps=["C err(BlockDevice)"] remount=ok(chosen 14) crash红=[] after红=["I-3.1: Violated(\"盘 0：记账的已分配 Some(1146880)，遍历全部有效根得到 1081344；机理：根环槽数 24、最新根 txg 17、环里自证过的根槽 17 个、最老的自证过的根 txg 0、遍历的候选根槽 8 个、被实例表判抛弃的根槽 0 个、回退下界 F 9、低于 F 的根槽 9 个\")"] 内容=没确认的 C 那一份 切换=0 只读=false 实例=2 探针=0
[many_overwrites 丙 干净] runs=482
[many_overwrites 丙 没确认的那一版] runs=294
    first: k=18 已落盘但报错 crash=19 steps=["C err(BlockDevice)"] remount=ok(chosen 13) crash红=[] after红=[] 内容=没确认的 C 那一份 切换=0 只读=false 实例=2 探针=0
[many_overwrites 丙 没确认的那一版+红] runs=322
    first: k=16 已落盘但报错 crash=17 steps=["C err(BlockDevice)"] remount=ok(chosen 12) crash红=[] after红=["I-3.1: Violated(\"盘 0：记账的已分配 Some(1818624)，遍历全部有效根得到 1753088；机理：根环槽数 24、最新根 txg 16、环里自证过的根槽 16 个、最老的自证过的根 txg 0、遍历的候选根槽 16 个、被实例表判抛弃的根槽 0 个、回退下界 F 0、低于 F 的根槽 0 个\")"] 内容=没确认的 C 那一份 切换=0 只读=false 实例=2 探针=0
[many_overwrites 戊-A 没确认的那一版+红+转只读] runs=341
    first: k=16 已落盘但报错 crash=17 steps=["C err(BlockDevice)", "探针写(盘 0) 不过", "持续失败 → 转只读到下次挂载"] remount=ok(chosen 12) crash红=[] after红=["I-3.1: Violated(\"盘 0：记账的已分配 Some(1818624)，遍历全部有效根得到 1753088；机理：根环槽数 24、最新根 txg 16、环里自证过的根槽 16 个、最老的自证过的根 txg 0、遍历的候选根槽 16 个、被实例表判抛弃的根槽 0 个、回退下界 F 0、低于 F 的根槽 0 个\")"] 内容=没确认的 C 那一份 切换=0 只读=true 实例=2 探针=1
[many_overwrites 戊-A 没确认的那一版+转只读] runs=275
    first: k=18 已落盘但报错 crash=19 steps=["C err(BlockDevice)", "探针写(盘 1) 不过", "持续失败 → 转只读到下次挂载"] remount=ok(chosen 13) crash红=[] after红=[] 内容=没确认的 C 那一份 切换=0 只读=true 实例=2 探针=1
[many_overwrites 戊-A 红+转只读] runs=8
    first: k=15 瞬时 crash=43 steps=["C err(BlockDevice)", "探针写(盘 1) 过", "切换#1 挂载失败(Publish(BlockDevice(InputOutput(Custom { kind: Other, error:)", "探针写(盘 1) 不过", "持续失败 → 转只读到下次挂载"] remount=ok(chosen 13) crash红=[] after红=["I-3.1: Violated(\"盘 0：记账的已分配 Some(1753088)，遍历全部有效根得到 1687552；机理：根环槽数 24、最新根 txg 16、环里自证过的根槽 16 个、最老的自证过的根 txg 0、遍历的候选根槽 16 个、被实例表判抛弃的根槽 0 个、回退下界 F 0、低于 F 的根槽 0 个\")"] 内容=同一份 切换=1 只读=true 实例=2 探针=2
[many_overwrites 戊-A 转只读] runs=474
    first: k=15 瞬时 crash=0 steps=["C err(BlockDevice)", "探针写(盘 0) 不过", "持续失败 → 转只读到下次挂载"] remount=ok(chosen 12) crash红=[] after红=[] 内容=同一份 切换=0 只读=true 实例=2 探针=1
[many_overwrites 戊-B 没确认的那一版+红+转只读] runs=133
    first: k=16 已落盘但报错 crash=17 steps=["C err(BlockDevice)", "探针写(盘 0) 不过", "持续失败 → 转只读到下次挂载"] remount=ok(chosen 12) crash红=[] after红=["I-3.1: Violated(\"盘 0：记账的已分配 Some(1818624)，遍历全部有效根得到 1753088；机理：根环槽数 24、最新根 txg 16、环里自证过的根槽 16 个、最老的自证过的根 txg 0、遍历的候选根槽 16 个、被实例表判抛弃的根槽 0 个、回退下界 F 0、低于 F 的根槽 0 个\")"] 内容=没确认的 C 那一份 切换=0 只读=true 实例=2 探针=1
[many_overwrites 戊-B 没确认的那一版+转只读] runs=121
    first: k=18 已落盘但报错 crash=19 steps=["C err(BlockDevice)", "探针写(盘 1) 不过", "持续失败 → 转只读到下次挂载"] remount=ok(chosen 13) crash红=[] after红=[] 内容=没确认的 C 那一份 切换=0 只读=true 实例=2 探针=1
[many_overwrites 戊-B 红+转只读] runs=55
    first: k=15 瞬时 crash=43 steps=["C err(BlockDevice)", "探针写(盘 1) 过", "切换#1 挂载失败(Publish(BlockDevice(InputOutput(Custom { kind: Other, error:)", "探针写(盘 1) 不过", "持续失败 → 转只读到下次挂载"] remount=ok(chosen 13) crash红=[] after红=["I-3.1: Violated(\"盘 0：记账的已分配 Some(1753088)，遍历全部有效根得到 1687552；机理：根环槽数 24、最新根 txg 16、环里自证过的根槽 16 个、最老的自证过的根 txg 0、遍历的候选根槽 16 个、被实例表判抛弃的根槽 0 个、回退下界 F 0、低于 F 的根槽 0 个\")"] 内容=同一份 切换=1 只读=true 实例=2 探针=2
[many_overwrites 戊-B 转只读] runs=789
    first: k=15 瞬时 crash=0 steps=["C err(BlockDevice)", "探针写(盘 0) 不过", "持续失败 → 转只读到下次挂载"] remount=ok(chosen 12) crash红=[] after红=[] 内容=同一份 切换=0 只读=true 实例=2 探针=1
[many_overwrites 甲 干净] runs=482
[many_overwrites 甲 没确认的那一版] runs=294
    first: k=18 已落盘但报错 crash=19 steps=["C err(BlockDevice)"] remount=ok(chosen 13) crash红=[] after红=[] 内容=没确认的 C 那一份 切换=0 只读=false 实例=2 探针=0
[many_overwrites 甲 没确认的那一版+红] runs=322
    first: k=16 已落盘但报错 crash=17 steps=["C err(BlockDevice)"] remount=ok(chosen 12) crash红=[] after红=["I-3.1: Violated(\"盘 0：记账的已分配 Some(1818624)，遍历全部有效根得到 1753088；机理：根环槽数 24、最新根 txg 16、环里自证过的根槽 16 个、最老的自证过的根 txg 0、遍历的候选根槽 16 个、被实例表判抛弃的根槽 0 个、回退下界 F 0、低于 F 的根槽 0 个\")"] 内容=没确认的 C 那一份 切换=0 只读=false 实例=2 探针=0
[remounted 丙 干净] runs=482
[remounted 丙 没确认的那一版] runs=294
    first: k=18 已落盘但报错 crash=19 steps=["C err(BlockDevice)"] remount=ok(chosen 8) crash红=[] after红=[] 内容=没确认的 C 那一份 切换=0 只读=false 实例=2 探针=0
[remounted 丙 没确认的那一版+红] runs=322
    first: k=16 已落盘但报错 crash=17 steps=["C err(BlockDevice)"] remount=ok(chosen 7) crash红=[] after红=["I-3.1: Violated(\"盘 0：记账的已分配 Some(933888)，遍历全部有效根得到 868352；机理：根环槽数 24、最新根 txg 10、环里自证过的根槽 10 个、最老的自证过的根 txg 0、遍历的候选根槽 10 个、被实例表判抛弃的根槽 0 个、回退下界 F 0、低于 F 的根槽 0 个\")"] 内容=没确认的 C 那一份 切换=0 只读=false 实例=2 探针=0
[remounted 戊-A 没确认的那一版+红+转只读] runs=336
    first: k=16 已落盘但报错 crash=17 steps=["C err(BlockDevice)", "探针写(盘 0) 不过", "持续失败 → 转只读到下次挂载"] remount=ok(chosen 7) crash红=[] after红=["I-3.1: Violated(\"盘 0：记账的已分配 Some(933888)，遍历全部有效根得到 868352；机理：根环槽数 24、最新根 txg 10、环里自证过的根槽 10 个、最老的自证过的根 txg 0、遍历的候选根槽 10 个、被实例表判抛弃的根槽 0 个、回退下界 F 0、低于 F 的根槽 0 个\")"] 内容=没确认的 C 那一份 切换=0 只读=true 实例=2 探针=1
[remounted 戊-A 没确认的那一版+转只读] runs=280
    first: k=18 已落盘但报错 crash=19 steps=["C err(BlockDevice)", "探针写(盘 0) 不过", "持续失败 → 转只读到下次挂载"] remount=ok(chosen 8) crash红=[] after红=[] 内容=没确认的 C 那一份 切换=0 只读=true 实例=2 探针=1
[remounted 戊-A 红+转只读] runs=16
    first: k=15 瞬时 crash=43 steps=["C err(BlockDevice)", "探针写(盘 1) 过", "切换#1 挂载失败(Publish(BlockDevice(InputOutput(Custom { kind: Other, error:)", "探针写(盘 1) 不过", "持续失败 → 转只读到下次挂载"] remount=ok(chosen 8) crash红=[] after红=["I-3.1: Violated(\"盘 0：记账的已分配 Some(933888)，遍历全部有效根得到 868352；机理：根环槽数 24、最新根 txg 11、环里自证过的根槽 11 个、最老的自证过的根 txg 0、遍历的候选根槽 11 个、被实例表判抛弃的根槽 0 个、回退下界 F 0、低于 F 的根槽 0 个\")"] 内容=同一份 切换=1 只读=true 实例=2 探针=2
[remounted 戊-A 转只读] runs=466
    first: k=15 瞬时 crash=0 steps=["C err(BlockDevice)", "探针写(盘 0) 不过", "持续失败 → 转只读到下次挂载"] remount=ok(chosen 7) crash红=[] after红=[] 内容=同一份 切换=0 只读=true 实例=2 探针=1
[remounted 戊-B 没确认的那一版+红+转只读] runs=133
    first: k=16 已落盘但报错 crash=17 steps=["C err(BlockDevice)", "探针写(盘 0) 不过", "持续失败 → 转只读到下次挂载"] remount=ok(chosen 7) crash红=[] after红=["I-3.1: Violated(\"盘 0：记账的已分配 Some(933888)，遍历全部有效根得到 868352；机理：根环槽数 24、最新根 txg 10、环里自证过的根槽 10 个、最老的自证过的根 txg 0、遍历的候选根槽 10 个、被实例表判抛弃的根槽 0 个、回退下界 F 0、低于 F 的根槽 0 个\")"] 内容=没确认的 C 那一份 切换=0 只读=true 实例=2 探针=1
[remounted 戊-B 没确认的那一版+转只读] runs=121
    first: k=18 已落盘但报错 crash=19 steps=["C err(BlockDevice)", "探针写(盘 0) 不过", "持续失败 → 转只读到下次挂载"] remount=ok(chosen 8) crash红=[] after红=[] 内容=没确认的 C 那一份 切换=0 只读=true 实例=2 探针=1
[remounted 戊-B 红+转只读] runs=44
    first: k=15 瞬时 crash=43 steps=["C err(BlockDevice)", "探针写(盘 1) 过", "切换#1 挂载失败(Publish(BlockDevice(InputOutput(Custom { kind: Other, error:)", "探针写(盘 1) 不过", "持续失败 → 转只读到下次挂载"] remount=ok(chosen 8) crash红=[] after红=["I-3.1: Violated(\"盘 0：记账的已分配 Some(933888)，遍历全部有效根得到 868352；机理：根环槽数 24、最新根 txg 11、环里自证过的根槽 11 个、最老的自证过的根 txg 0、遍历的候选根槽 11 个、被实例表判抛弃的根槽 0 个、回退下界 F 0、低于 F 的根槽 0 个\")"] 内容=同一份 切换=1 只读=true 实例=2 探针=2
[remounted 戊-B 转只读] runs=800
    first: k=15 瞬时 crash=0 steps=["C err(BlockDevice)", "探针写(盘 0) 不过", "持续失败 → 转只读到下次挂载"] remount=ok(chosen 7) crash红=[] after红=[] 内容=同一份 切换=0 只读=true 实例=2 探针=1
[remounted 甲 干净] runs=482
[remounted 甲 没确认的那一版] runs=294
    first: k=18 已落盘但报错 crash=19 steps=["C err(BlockDevice)"] remount=ok(chosen 8) crash红=[] after红=[] 内容=没确认的 C 那一份 切换=0 只读=false 实例=2 探针=0
[remounted 甲 没确认的那一版+红] runs=322
    first: k=16 已落盘但报错 crash=17 steps=["C err(BlockDevice)"] remount=ok(chosen 7) crash红=[] after红=["I-3.1: Violated(\"盘 0：记账的已分配 Some(933888)，遍历全部有效根得到 868352；机理：根环槽数 24、最新根 txg 10、环里自证过的根槽 10 个、最老的自证过的根 txg 0、遍历的候选根槽 10 个、被实例表判抛弃的根槽 0 个、回退下界 F 0、低于 F 的根槽 0 个\")"] 内容=没确认的 C 那一份 切换=0 只读=false 实例=2 探针=0
[rolled_back 丙 干净] runs=482
[rolled_back 丙 没确认的那一版] runs=294
    first: k=18 已落盘但报错 crash=19 steps=["C err(BlockDevice)"] remount=ok(chosen 11) crash红=[] after红=[] 内容=没确认的 C 那一份 切换=0 只读=false 实例=3 探针=0
[rolled_back 丙 没确认的那一版+红] runs=322
    first: k=16 已落盘但报错 crash=17 steps=["C err(BlockDevice)"] remount=ok(chosen 10) crash红=[] after红=["I-3.1: Violated(\"盘 0：记账的已分配 Some(704512)，遍历全部有效根得到 638976；机理：根环槽数 24、最新根 txg 13、环里自证过的根槽 13 个、最老的自证过的根 txg 0、遍历的候选根槽 8 个、被实例表判抛弃的根槽 5 个、回退下界 F 0、低于 F 的根槽 0 个\")"] 内容=没确认的 C 那一份 切换=0 只读=false 实例=3 探针=0
[rolled_back 戊-A 没确认的那一版+红+转只读] runs=336
    first: k=16 已落盘但报错 crash=17 steps=["C err(BlockDevice)", "探针写(盘 0) 不过", "持续失败 → 转只读到下次挂载"] remount=ok(chosen 10) crash红=[] after红=["I-3.1: Violated(\"盘 0：记账的已分配 Some(704512)，遍历全部有效根得到 638976；机理：根环槽数 24、最新根 txg 13、环里自证过的根槽 13 个、最老的自证过的根 txg 0、遍历的候选根槽 8 个、被实例表判抛弃的根槽 5 个、回退下界 F 0、低于 F 的根槽 0 个\")"] 内容=没确认的 C 那一份 切换=0 只读=true 实例=3 探针=1
[rolled_back 戊-A 没确认的那一版+转只读] runs=280
    first: k=18 已落盘但报错 crash=19 steps=["C err(BlockDevice)", "探针写(盘 0) 不过", "持续失败 → 转只读到下次挂载"] remount=ok(chosen 11) crash红=[] after红=[] 内容=没确认的 C 那一份 切换=0 只读=true 实例=3 探针=1
[rolled_back 戊-A 红+转只读] runs=16
    first: k=15 瞬时 crash=43 steps=["C err(BlockDevice)", "探针写(盘 1) 过", "切换#1 挂载失败(Publish(BlockDevice(InputOutput(Custom { kind: Other, error:)", "探针写(盘 1) 不过", "持续失败 → 转只读到下次挂载"] remount=ok(chosen 11) crash红=[] after红=["I-3.1: Violated(\"盘 0：记账的已分配 Some(704512)，遍历全部有效根得到 638976；机理：根环槽数 24、最新根 txg 14、环里自证过的根槽 14 个、最老的自证过的根 txg 0、遍历的候选根槽 9 个、被实例表判抛弃的根槽 5 个、回退下界 F 0、低于 F 的根槽 0 个\")"] 内容=同一份 切换=1 只读=true 实例=3 探针=2
[rolled_back 戊-A 转只读] runs=466
    first: k=15 瞬时 crash=0 steps=["C err(BlockDevice)", "探针写(盘 0) 不过", "持续失败 → 转只读到下次挂载"] remount=ok(chosen 10) crash红=[] after红=[] 内容=同一份 切换=0 只读=true 实例=3 探针=1
[rolled_back 戊-B 没确认的那一版+红+转只读] runs=133
    first: k=16 已落盘但报错 crash=17 steps=["C err(BlockDevice)", "探针写(盘 0) 不过", "持续失败 → 转只读到下次挂载"] remount=ok(chosen 10) crash红=[] after红=["I-3.1: Violated(\"盘 0：记账的已分配 Some(704512)，遍历全部有效根得到 638976；机理：根环槽数 24、最新根 txg 13、环里自证过的根槽 13 个、最老的自证过的根 txg 0、遍历的候选根槽 8 个、被实例表判抛弃的根槽 5 个、回退下界 F 0、低于 F 的根槽 0 个\")"] 内容=没确认的 C 那一份 切换=0 只读=true 实例=3 探针=1
[rolled_back 戊-B 没确认的那一版+转只读] runs=121
    first: k=18 已落盘但报错 crash=19 steps=["C err(BlockDevice)", "探针写(盘 0) 不过", "持续失败 → 转只读到下次挂载"] remount=ok(chosen 11) crash红=[] after红=[] 内容=没确认的 C 那一份 切换=0 只读=true 实例=3 探针=1
[rolled_back 戊-B 红+转只读] runs=44
    first: k=15 瞬时 crash=43 steps=["C err(BlockDevice)", "探针写(盘 1) 过", "切换#1 挂载失败(Publish(BlockDevice(InputOutput(Custom { kind: Other, error:)", "探针写(盘 1) 不过", "持续失败 → 转只读到下次挂载"] remount=ok(chosen 11) crash红=[] after红=["I-3.1: Violated(\"盘 0：记账的已分配 Some(704512)，遍历全部有效根得到 638976；机理：根环槽数 24、最新根 txg 14、环里自证过的根槽 14 个、最老的自证过的根 txg 0、遍历的候选根槽 9 个、被实例表判抛弃的根槽 5 个、回退下界 F 0、低于 F 的根槽 0 个\")"] 内容=同一份 切换=1 只读=true 实例=3 探针=2
[rolled_back 戊-B 转只读] runs=800
    first: k=15 瞬时 crash=0 steps=["C err(BlockDevice)", "探针写(盘 0) 不过", "持续失败 → 转只读到下次挂载"] remount=ok(chosen 10) crash红=[] after红=[] 内容=同一份 切换=0 只读=true 实例=3 探针=1
[rolled_back 甲 干净] runs=482
[rolled_back 甲 没确认的那一版] runs=294
    first: k=18 已落盘但报错 crash=19 steps=["C err(BlockDevice)"] remount=ok(chosen 11) crash红=[] after红=[] 内容=没确认的 C 那一份 切换=0 只读=false 实例=3 探针=0
[rolled_back 甲 没确认的那一版+红] runs=322
    first: k=16 已落盘但报错 crash=17 steps=["C err(BlockDevice)"] remount=ok(chosen 10) crash红=[] after红=["I-3.1: Violated(\"盘 0：记账的已分配 Some(704512)，遍历全部有效根得到 638976；机理：根环槽数 24、最新根 txg 13、环里自证过的根槽 13 个、最老的自证过的根 txg 0、遍历的候选根槽 8 个、被实例表判抛弃的根槽 5 个、回退下界 F 0、低于 F 的根槽 0 个\")"] 内容=没确认的 C 那一份 切换=0 只读=false 实例=3 探针=0
[txg6 丙 干净] runs=482
[txg6 丙 没确认的那一版] runs=294
    first: k=18 已落盘但报错 crash=19 steps=["C err(BlockDevice)"] remount=ok(chosen 6) crash红=[] after红=[] 内容=没确认的 C 那一份 切换=0 只读=false 实例=1 探针=0
[txg6 丙 没确认的那一版+红] runs=322
    first: k=16 已落盘但报错 crash=17 steps=["C err(BlockDevice)"] remount=ok(chosen 5) crash红=[] after红=["I-3.1: Violated(\"盘 0：记账的已分配 Some(770048)，遍历全部有效根得到 704512；机理：根环槽数 24、最新根 txg 8、环里自证过的根槽 8 个、最老的自证过的根 txg 0、遍历的候选根槽 8 个、被实例表判抛弃的根槽 0 个、回退下界 F 0、低于 F 的根槽 0 个\")"] 内容=没确认的 C 那一份 切换=0 只读=false 实例=1 探针=0
[txg6 戊-A 没确认的那一版+红+转只读] runs=336
    first: k=16 已落盘但报错 crash=17 steps=["C err(BlockDevice)", "探针写(盘 0) 不过", "持续失败 → 转只读到下次挂载"] remount=ok(chosen 5) crash红=[] after红=["I-3.1: Violated(\"盘 0：记账的已分配 Some(770048)，遍历全部有效根得到 704512；机理：根环槽数 24、最新根 txg 8、环里自证过的根槽 8 个、最老的自证过的根 txg 0、遍历的候选根槽 8 个、被实例表判抛弃的根槽 0 个、回退下界 F 0、低于 F 的根槽 0 个\")"] 内容=没确认的 C 那一份 切换=0 只读=true 实例=1 探针=1
[txg6 戊-A 没确认的那一版+转只读] runs=280
    first: k=18 已落盘但报错 crash=19 steps=["C err(BlockDevice)", "探针写(盘 0) 不过", "持续失败 → 转只读到下次挂载"] remount=ok(chosen 6) crash红=[] after红=[] 内容=没确认的 C 那一份 切换=0 只读=true 实例=1 探针=1
[txg6 戊-A 红+转只读] runs=8
    first: k=15 瞬时 crash=43 steps=["C err(BlockDevice)", "探针写(盘 1) 过", "切换#1 挂载失败(Publish(BlockDevice(InputOutput(Custom { kind: Other, error:)", "探针写(盘 1) 不过", "持续失败 → 转只读到下次挂载"] remount=ok(chosen 6) crash红=[] after红=["I-3.1: Violated(\"盘 0：记账的已分配 Some(835584)，遍历全部有效根得到 770048；机理：根环槽数 24、最新根 txg 10、环里自证过的根槽 10 个、最老的自证过的根 txg 0、遍历的候选根槽 10 个、被实例表判抛弃的根槽 0 个、回退下界 F 0、低于 F 的根槽 0 个\")"] 内容=同一份 切换=1 只读=true 实例=1 探针=2
[txg6 戊-A 转只读] runs=474
    first: k=15 瞬时 crash=0 steps=["C err(BlockDevice)", "探针写(盘 0) 不过", "持续失败 → 转只读到下次挂载"] remount=ok(chosen 5) crash红=[] after红=[] 内容=同一份 切换=0 只读=true 实例=1 探针=1
[txg6 戊-B 没确认的那一版+红+转只读] runs=133
    first: k=16 已落盘但报错 crash=17 steps=["C err(BlockDevice)", "探针写(盘 0) 不过", "持续失败 → 转只读到下次挂载"] remount=ok(chosen 5) crash红=[] after红=["I-3.1: Violated(\"盘 0：记账的已分配 Some(770048)，遍历全部有效根得到 704512；机理：根环槽数 24、最新根 txg 8、环里自证过的根槽 8 个、最老的自证过的根 txg 0、遍历的候选根槽 8 个、被实例表判抛弃的根槽 0 个、回退下界 F 0、低于 F 的根槽 0 个\")"] 内容=没确认的 C 那一份 切换=0 只读=true 实例=1 探针=1
[txg6 戊-B 没确认的那一版+转只读] runs=121
    first: k=18 已落盘但报错 crash=19 steps=["C err(BlockDevice)", "探针写(盘 0) 不过", "持续失败 → 转只读到下次挂载"] remount=ok(chosen 6) crash红=[] after红=[] 内容=没确认的 C 那一份 切换=0 只读=true 实例=1 探针=1
[txg6 戊-B 红+转只读] runs=36
    first: k=15 瞬时 crash=43 steps=["C err(BlockDevice)", "探针写(盘 1) 过", "切换#1 挂载失败(Publish(BlockDevice(InputOutput(Custom { kind: Other, error:)", "探针写(盘 1) 不过", "持续失败 → 转只读到下次挂载"] remount=ok(chosen 6) crash红=[] after红=["I-3.1: Violated(\"盘 0：记账的已分配 Some(835584)，遍历全部有效根得到 770048；机理：根环槽数 24、最新根 txg 10、环里自证过的根槽 10 个、最老的自证过的根 txg 0、遍历的候选根槽 10 个、被实例表判抛弃的根槽 0 个、回退下界 F 0、低于 F 的根槽 0 个\")"] 内容=同一份 切换=1 只读=true 实例=1 探针=2
[txg6 戊-B 转只读] runs=808
    first: k=15 瞬时 crash=0 steps=["C err(BlockDevice)", "探针写(盘 0) 不过", "持续失败 → 转只读到下次挂载"] remount=ok(chosen 5) crash红=[] after红=[] 内容=同一份 切换=0 只读=true 实例=1 探针=1
[txg6 甲 干净] runs=482
[txg6 甲 没确认的那一版] runs=294
    first: k=18 已落盘但报错 crash=19 steps=["C err(BlockDevice)"] remount=ok(chosen 6) crash红=[] after红=[] 内容=没确认的 C 那一份 切换=0 只读=false 实例=1 探针=0
[txg6 甲 没确认的那一版+红] runs=322
    first: k=16 已落盘但报错 crash=17 steps=["C err(BlockDevice)"] remount=ok(chosen 5) crash红=[] after红=["I-3.1: Violated(\"盘 0：记账的已分配 Some(770048)，遍历全部有效根得到 704512；机理：根环槽数 24、最新根 txg 8、环里自证过的根槽 8 个、最老的自证过的根 txg 0、遍历的候选根槽 8 个、被实例表判抛弃的根槽 0 个、回退下界 F 0、低于 F 的根槽 0 个\")"] 内容=没确认的 C 那一份 切换=0 只读=false 实例=1 探针=0
[txg7 丙 干净] runs=482
[txg7 丙 没确认的那一版] runs=294
    first: k=18 已落盘但报错 crash=19 steps=["C err(BlockDevice)"] remount=ok(chosen 7) crash红=[] after红=[] 内容=没确认的 C 那一份 切换=0 只读=false 实例=1 探针=0
[txg7 丙 没确认的那一版+红] runs=322
    first: k=16 已落盘但报错 crash=17 steps=["C err(BlockDevice)"] remount=ok(chosen 6) crash红=[] after红=["I-3.1: Violated(\"盘 0：记账的已分配 Some(901120)，遍历全部有效根得到 835584；机理：根环槽数 24、最新根 txg 10、环里自证过的根槽 10 个、最老的自证过的根 txg 0、遍历的候选根槽 10 个、被实例表判抛弃的根槽 0 个、回退下界 F 0、低于 F 的根槽 0 个\")"] 内容=没确认的 C 那一份 切换=0 只读=false 实例=1 探针=0
[txg7 戊-A 没确认的那一版+红+转只读] runs=341
    first: k=16 已落盘但报错 crash=17 steps=["C err(BlockDevice)", "探针写(盘 0) 不过", "持续失败 → 转只读到下次挂载"] remount=ok(chosen 6) crash红=[] after红=["I-3.1: Violated(\"盘 0：记账的已分配 Some(901120)，遍历全部有效根得到 835584；机理：根环槽数 24、最新根 txg 10、环里自证过的根槽 10 个、最老的自证过的根 txg 0、遍历的候选根槽 10 个、被实例表判抛弃的根槽 0 个、回退下界 F 0、低于 F 的根槽 0 个\")"] 内容=没确认的 C 那一份 切换=0 只读=true 实例=1 探针=1
[txg7 戊-A 没确认的那一版+转只读] runs=275
    first: k=18 已落盘但报错 crash=19 steps=["C err(BlockDevice)", "探针写(盘 1) 不过", "持续失败 → 转只读到下次挂载"] remount=ok(chosen 7) crash红=[] after红=[] 内容=没确认的 C 那一份 切换=0 只读=true 实例=1 探针=1
[txg7 戊-A 红+转只读] runs=8
    first: k=15 瞬时 crash=43 steps=["C err(BlockDevice)", "探针写(盘 1) 过", "切换#1 挂载失败(Publish(BlockDevice(InputOutput(Custom { kind: Other, error:)", "探针写(盘 1) 不过", "持续失败 → 转只读到下次挂载"] remount=ok(chosen 7) crash红=[] after红=["I-3.1: Violated(\"盘 0：记账的已分配 Some(835584)，遍历全部有效根得到 770048；机理：根环槽数 24、最新根 txg 10、环里自证过的根槽 10 个、最老的自证过的根 txg 0、遍历的候选根槽 10 个、被实例表判抛弃的根槽 0 个、回退下界 F 0、低于 F 的根槽 0 个\")"] 内容=同一份 切换=1 只读=true 实例=1 探针=2
[txg7 戊-A 转只读] runs=474
    first: k=15 瞬时 crash=0 steps=["C err(BlockDevice)", "探针写(盘 0) 不过", "持续失败 → 转只读到下次挂载"] remount=ok(chosen 6) crash红=[] after红=[] 内容=同一份 切换=0 只读=true 实例=1 探针=1
[txg7 戊-B 没确认的那一版+红+转只读] runs=133
    first: k=16 已落盘但报错 crash=17 steps=["C err(BlockDevice)", "探针写(盘 0) 不过", "持续失败 → 转只读到下次挂载"] remount=ok(chosen 6) crash红=[] after红=["I-3.1: Violated(\"盘 0：记账的已分配 Some(901120)，遍历全部有效根得到 835584；机理：根环槽数 24、最新根 txg 10、环里自证过的根槽 10 个、最老的自证过的根 txg 0、遍历的候选根槽 10 个、被实例表判抛弃的根槽 0 个、回退下界 F 0、低于 F 的根槽 0 个\")"] 内容=没确认的 C 那一份 切换=0 只读=true 实例=1 探针=1
[txg7 戊-B 没确认的那一版+转只读] runs=121
    first: k=18 已落盘但报错 crash=19 steps=["C err(BlockDevice)", "探针写(盘 1) 不过", "持续失败 → 转只读到下次挂载"] remount=ok(chosen 7) crash红=[] after红=[] 内容=没确认的 C 那一份 切换=0 只读=true 实例=1 探针=1
[txg7 戊-B 红+转只读] runs=55
    first: k=15 瞬时 crash=43 steps=["C err(BlockDevice)", "探针写(盘 1) 过", "切换#1 挂载失败(Publish(BlockDevice(InputOutput(Custom { kind: Other, error:)", "探针写(盘 1) 不过", "持续失败 → 转只读到下次挂载"] remount=ok(chosen 7) crash红=[] after红=["I-3.1: Violated(\"盘 0：记账的已分配 Some(835584)，遍历全部有效根得到 770048；机理：根环槽数 24、最新根 txg 10、环里自证过的根槽 10 个、最老的自证过的根 txg 0、遍历的候选根槽 10 个、被实例表判抛弃的根槽 0 个、回退下界 F 0、低于 F 的根槽 0 个\")"] 内容=同一份 切换=1 只读=true 实例=1 探针=2
[txg7 戊-B 转只读] runs=789
    first: k=15 瞬时 crash=0 steps=["C err(BlockDevice)", "探针写(盘 0) 不过", "持续失败 → 转只读到下次挂载"] remount=ok(chosen 6) crash红=[] after红=[] 内容=同一份 切换=0 只读=true 实例=1 探针=1
[txg7 甲 干净] runs=482
[txg7 甲 没确认的那一版] runs=294
    first: k=18 已落盘但报错 crash=19 steps=["C err(BlockDevice)"] remount=ok(chosen 7) crash红=[] after红=[] 内容=没确认的 C 那一份 切换=0 只读=false 实例=1 探针=0
[txg7 甲 没确认的那一版+红] runs=322
    first: k=16 已落盘但报错 crash=17 steps=["C err(BlockDevice)"] remount=ok(chosen 6) crash红=[] after红=["I-3.1: Violated(\"盘 0：记账的已分配 Some(901120)，遍历全部有效根得到 835584；机理：根环槽数 24、最新根 txg 10、环里自证过的根槽 10 个、最老的自证过的根 txg 0、遍历的候选根槽 10 个、被实例表判抛弃的根槽 0 个、回退下界 F 0、低于 F 的根槽 0 个\")"] 内容=没确认的 C 那一份 切换=0 只读=false 实例=1 探针=0
ok

test result: ok. 1 passed; 0 failed; 0 ignored; 0 measured; 5 filtered out; finished in 133.49s

