warning: unused import: `singlefs_harness::scenario::e142_parameters`
 --> crates/singlefs-harness/tests/c381r2_sweep.rs:5:5
  |
5 | use singlefs_harness::scenario::e142_parameters;
  |     ^^^^^^^^^^^^^^^^^^^^^^^^^^^^^^^^^^^^^^^^^^^
  |
  = note: `#[warn(unused_imports)]` (part of `#[warn(unused)]`) on by default

warning: field `note` is never read
   --> crates/singlefs-harness/tests/c381r2_probe_common.rs:267:9
    |
260 | pub struct Snapshot {
    |            -------- field in this struct
...
267 |     pub note: String,
    |         ^^^^
    |
    = note: `Snapshot` has a derived impl for the trait `Clone`, but this is intentionally ignored during dead code analysis
    = note: `#[warn(dead_code)]` (part of `#[warn(unused)]`) on by default

warning: variants `Empty` and `Other` are never constructed
   --> crates/singlefs-harness/tests/c381r2_probe_common.rs:563:5
    |
559 | pub enum Action {
    |          ------ variants in this enum
...
563 |     Empty,
    |     ^^^^^
564 |     /// 从现行版发一次内容不同的覆盖写。
565 |     Other,
    |     ^^^^^
    |
    = note: `Action` has derived impls for the traits `Debug` and `Clone`, but these are intentionally ignored during dead code analysis

warning: constant `ACTIONS` is never used
   --> crates/singlefs-harness/tests/c381r2_probe_common.rs:569:11
    |
569 | pub const ACTIONS: [Action; 4] = [Action::Retry, Action::Empty, Action::Other, Action::Remount];
    |           ^^^^^^^

warning: function `writes_of_c` is never used
   --> crates/singlefs-harness/tests/c381r2_probe_common.rs:981:8
    |
981 | pub fn writes_of_c(parameters: &MakeFilesystemParameters, snapshot: &Snapshot) -> Vec<(u32, u64, usize)> {
    |        ^^^^^^^^^^^

warning: `singlefs-harness` (test "c381r2_sweep") generated 5 warnings (run `cargo fix --test "c381r2_sweep" -p singlefs-harness` to apply 1 suggestion)
    Finished `release` profile [optimized + debuginfo] target(s) in 0.00s
     Running tests/c381r2_sweep.rs (target/release/deps/c381r2_sweep-b80c280302700ce7)

running 1 test
test phase_e_switch_steps ... progress 25/4116 at 247.365012ms
progress 50/4116 at 395.168091ms
progress 75/4116 at 593.183081ms
progress 100/4116 at 775.807735ms
progress 125/4116 at 957.275348ms
progress 150/4116 at 1.132470295s
progress 175/4116 at 1.322882346s
progress 200/4116 at 1.499311352s
progress 225/4116 at 1.682697345s
progress 250/4116 at 1.874062206s
progress 275/4116 at 2.049963852s
progress 300/4116 at 2.243864625s
progress 325/4116 at 2.404085163s
progress 350/4116 at 2.577016874s
progress 375/4116 at 2.760047135s
progress 400/4116 at 2.901845095s
progress 425/4116 at 3.097708828s
progress 450/4116 at 3.269502627s
progress 475/4116 at 3.417163702s
progress 500/4116 at 3.577516308s
progress 525/4116 at 3.772865989s
progress 550/4116 at 3.935861889s
progress 575/4116 at 4.097445337s
progress 600/4116 at 4.289540234s
progress 625/4116 at 4.469500977s
progress 650/4116 at 4.661663293s
progress 675/4116 at 4.839875936s
progress 700/4116 at 5.020637501s
progress 725/4116 at 5.197135581s
progress 750/4116 at 5.382367298s
progress 775/4116 at 5.585312423s
progress 800/4116 at 5.725863197s
progress 825/4116 at 5.912273605s
progress 850/4116 at 6.100106355s
progress 875/4116 at 6.267573645s
progress 900/4116 at 6.460057397s
progress 925/4116 at 6.641217658s
progress 950/4116 at 6.800061968s
progress 975/4116 at 6.979714198s
progress 1000/4116 at 7.163843272s
progress 1025/4116 at 7.341701839s
progress 1050/4116 at 7.527343093s
progress 1075/4116 at 7.71610838s
progress 1100/4116 at 7.906939468s
progress 1125/4116 at 8.06959801s
progress 1150/4116 at 8.250313869s
progress 1175/4116 at 8.439091284s
progress 1200/4116 at 8.595912119s
progress 1225/4116 at 8.758173499s
progress 1250/4116 at 8.95405945s
progress 1275/4116 at 9.134586877s
progress 1300/4116 at 9.329054046s
progress 1325/4116 at 9.521423702s
progress 1350/4116 at 9.700584256s
progress 1375/4116 at 9.89120802s
progress 1400/4116 at 10.075169319s
progress 1425/4116 at 10.282420677s
progress 1450/4116 at 10.469911917s
progress 1475/4116 at 10.657467927s
progress 1500/4116 at 10.839164891s
progress 1525/4116 at 11.010933646s
progress 1550/4116 at 11.172537593s
progress 1575/4116 at 11.367313207s
progress 1600/4116 at 11.548073909s
progress 1625/4116 at 11.731982613s
progress 1650/4116 at 11.926100297s
progress 1675/4116 at 12.110434472s
progress 1700/4116 at 12.300390801s
progress 1725/4116 at 12.479727869s
progress 1750/4116 at 12.65019073s
progress 1775/4116 at 12.816411617s
progress 1800/4116 at 12.984234645s
progress 1825/4116 at 13.155791387s
progress 1850/4116 at 13.349894457s
progress 1875/4116 at 13.538277431s
progress 1900/4116 at 13.702164424s
progress 1925/4116 at 13.901126508s
progress 1950/4116 at 14.078099463s
progress 1975/4116 at 14.249705792s
progress 2000/4116 at 14.448349904s
progress 2025/4116 at 14.634698645s
progress 2050/4116 at 14.827509191s
progress 2075/4116 at 15.017001435s
progress 2100/4116 at 15.164881432s
progress 2125/4116 at 15.326664751s
progress 2150/4116 at 15.504552383s
progress 2175/4116 at 15.680690073s
progress 2200/4116 at 15.86534448s
progress 2225/4116 at 16.042741502s
progress 2250/4116 at 16.198356034s
progress 2275/4116 at 16.378357276s
progress 2300/4116 at 16.559854939s
progress 2325/4116 at 16.732798365s
progress 2350/4116 at 16.921378234s
progress 2375/4116 at 17.13079858s
progress 2400/4116 at 17.334808391s
progress 2425/4116 at 17.53806226s
progress 2450/4116 at 17.748965036s
progress 2475/4116 at 17.943682258s
progress 2500/4116 at 18.13812737s
progress 2525/4116 at 18.346548712s
progress 2550/4116 at 18.566462863s
progress 2575/4116 at 18.770587411s
progress 2600/4116 at 18.979900343s
progress 2625/4116 at 19.202343266s
progress 2650/4116 at 19.396226413s
progress 2675/4116 at 19.60095348s
progress 2700/4116 at 19.795120147s
progress 2725/4116 at 20.003034086s
progress 2750/4116 at 20.185775304s
progress 2775/4116 at 20.365363349s
progress 2800/4116 at 20.577280549s
progress 2825/4116 at 20.779941091s
progress 2850/4116 at 20.975956399s
progress 2875/4116 at 21.18966529s
progress 2900/4116 at 21.383206243s
progress 2925/4116 at 21.581715141s
progress 2950/4116 at 21.781033008s
progress 2975/4116 at 21.957539688s
progress 3000/4116 at 22.158548497s
progress 3025/4116 at 22.362096297s
progress 3050/4116 at 22.538960365s
progress 3075/4116 at 22.733754647s
progress 3100/4116 at 22.94207691s
progress 3125/4116 at 23.112874494s
progress 3150/4116 at 23.295963056s
progress 3175/4116 at 23.500817284s
progress 3200/4116 at 23.694197043s
progress 3225/4116 at 23.874188832s
progress 3250/4116 at 24.072060515s
progress 3275/4116 at 24.268621966s
progress 3300/4116 at 24.476030454s
progress 3325/4116 at 24.661234665s
progress 3350/4116 at 24.83789166s
progress 3375/4116 at 25.038909313s
progress 3400/4116 at 25.220273451s
progress 3425/4116 at 25.382624833s
progress 3450/4116 at 25.560112836s
progress 3475/4116 at 25.748383958s
progress 3500/4116 at 25.93749418s
progress 3525/4116 at 26.134930028s
progress 3550/4116 at 26.286917332s
progress 3575/4116 at 26.466081085s
progress 3600/4116 at 26.656105835s
progress 3625/4116 at 26.836180929s
progress 3650/4116 at 27.000626151s
progress 3675/4116 at 27.174105459s
progress 3700/4116 at 27.358512314s
progress 3725/4116 at 27.534192513s
progress 3750/4116 at 27.692053648s
progress 3775/4116 at 27.868024887s
progress 3800/4116 at 28.03558367s
progress 3825/4116 at 28.219130524s
progress 3850/4116 at 28.396426502s
progress 3875/4116 at 28.568538856s
progress 3900/4116 at 28.743581202s
progress 3925/4116 at 28.918968989s
progress 3950/4116 at 29.090168672s
progress 3975/4116 at 29.25387404s
progress 4000/4116 at 29.412672053s
progress 4025/4116 at 29.577879151s
progress 4050/4116 at 29.756185857s
progress 4075/4116 at 29.927769509s
progress 4100/4116 at 30.084257031s
progress 4116/4116 at 30.180721259s
=== 五（戊自己那几步上再失败） 汇总 ===
[base 戊-A 干净] runs=176
[base 戊-A 红] runs=118
    first: C 第16次写瞬时错 + 第43次写撕裂+报错 steps=["C err(BlockDevice)", "探针写(盘 0) 过", "切换#1 挂载失败(Publish(BlockDevice(InputOutput(Custom { kind: Other, error:)", "探针写(盘 0) 过", "切换#2（近似：进程内可写重开）ok(所选根 txg 5，新实例 3，现行 txg 8)", "重发在飞 checkpoint ok(txg 9)"] remount=ok(chosen 9) crash红=["I-3.1: Violated(\"盘 0：记账的已分配 Some(868352)，遍历全部有效根得到 802816；机理：根环槽数 24、最新根 txg 9、环里自证过的根槽 9 个、最老的自证过的根 txg 0、遍历的候选根槽 9 个、被实例表判抛弃的根槽 0 个、回退下界 F 0、低于 F 的根槽 0 个\")"] after红=["I-3.1: Violated(\"盘 0：记账的已分配 Some(1032192)，遍历全部有效根得到 966656；机理：根环槽数 24、最新根 txg 11、环里自证过的根槽 11 个、最老的自证过的根 txg 0、遍历的候选根槽 11 个、被实例表判抛弃的根槽 0 个、回退下界 F 0、低于 F 的根槽 0 个\")"] 内容=同一份 切换=2 只读=false 实例=3 探针=2
[base 戊-B 干净] runs=294
[floor_raised 戊-A 干净] runs=176
[floor_raised 戊-A 红] runs=118
    first: C 第16次写瞬时错 + 第43次写撕裂+报错 steps=["C err(BlockDevice)", "探针写(盘 0) 过", "切换#1 挂载失败(Publish(BlockDevice(InputOutput(Custom { kind: Other, error:)", "探针写(盘 0) 过", "切换#2（近似：进程内可写重开）ok(所选根 txg 15，新实例 4，现行 txg 19)", "重发在飞 checkpoint ok(txg 20)"] remount=ok(chosen 20) crash红=["I-3.1: Violated(\"盘 0：记账的已分配 Some(1376256)，遍历全部有效根得到 1310720；机理：根环槽数 24、最新根 txg 20、环里自证过的根槽 20 个、最老的自证过的根 txg 0、遍历的候选根槽 11 个、被实例表判抛弃的根槽 0 个、回退下界 F 9、低于 F 的根槽 9 个\")"] after红=["I-3.1: Violated(\"盘 0：记账的已分配 Some(1540096)，遍历全部有效根得到 1474560；机理：根环槽数 24、最新根 txg 22、环里自证过的根槽 22 个、最老的自证过的根 txg 0、遍历的候选根槽 13 个、被实例表判抛弃的根槽 0 个、回退下界 F 9、低于 F 的根槽 9 个\")"] 内容=同一份 切换=2 只读=false 实例=4 探针=2
[floor_raised 戊-B 干净] runs=294
[many_overwrites 戊-A 干净] runs=176
[many_overwrites 戊-A 红] runs=118
    first: C 第16次写瞬时错 + 第43次写撕裂+报错 steps=["C err(BlockDevice)", "探针写(盘 0) 过", "切换#1 挂载失败(Publish(BlockDevice(InputOutput(Custom { kind: Other, error:)", "探针写(盘 0) 过", "切换#2（近似：进程内可写重开）ok(所选根 txg 13，新实例 4，现行 txg 16)", "重发在飞 checkpoint ok(txg 17)"] remount=ok(chosen 17) crash红=["I-3.1: Violated(\"盘 0：记账的已分配 Some(1916928)，遍历全部有效根得到 1851392；机理：根环槽数 24、最新根 txg 17、环里自证过的根槽 17 个、最老的自证过的根 txg 0、遍历的候选根槽 17 个、被实例表判抛弃的根槽 0 个、回退下界 F 0、低于 F 的根槽 0 个\")"] after红=["I-3.1: Violated(\"盘 0：记账的已分配 Some(2080768)，遍历全部有效根得到 2015232；机理：根环槽数 24、最新根 txg 19、环里自证过的根槽 19 个、最老的自证过的根 txg 0、遍历的候选根槽 19 个、被实例表判抛弃的根槽 0 个、回退下界 F 0、低于 F 的根槽 0 个\")"] 内容=同一份 切换=2 只读=false 实例=4 探针=2
[many_overwrites 戊-B 干净] runs=294
[remounted 戊-A 干净] runs=176
[remounted 戊-A 红] runs=118
    first: C 第16次写瞬时错 + 第43次写撕裂+报错 steps=["C err(BlockDevice)", "探针写(盘 0) 过", "切换#1 挂载失败(Publish(BlockDevice(InputOutput(Custom { kind: Other, error:)", "探针写(盘 0) 过", "切换#2（近似：进程内可写重开）ok(所选根 txg 8，新实例 4，现行 txg 11)", "重发在飞 checkpoint ok(txg 12)"] remount=ok(chosen 12) crash红=["I-3.1: Violated(\"盘 0：记账的已分配 Some(1097728)，遍历全部有效根得到 1032192；机理：根环槽数 24、最新根 txg 12、环里自证过的根槽 12 个、最老的自证过的根 txg 0、遍历的候选根槽 12 个、被实例表判抛弃的根槽 0 个、回退下界 F 0、低于 F 的根槽 0 个\")"] after红=["I-3.1: Violated(\"盘 0：记账的已分配 Some(1261568)，遍历全部有效根得到 1196032；机理：根环槽数 24、最新根 txg 14、环里自证过的根槽 14 个、最老的自证过的根 txg 0、遍历的候选根槽 14 个、被实例表判抛弃的根槽 0 个、回退下界 F 0、低于 F 的根槽 0 个\")"] 内容=同一份 切换=2 只读=false 实例=4 探针=2
[remounted 戊-B 干净] runs=294
[rolled_back 戊-A 干净] runs=176
[rolled_back 戊-A 红] runs=118
    first: C 第16次写瞬时错 + 第43次写撕裂+报错 steps=["C err(BlockDevice)", "探针写(盘 0) 过", "切换#1 挂载失败(Publish(BlockDevice(InputOutput(Custom { kind: Other, error:)", "探针写(盘 0) 过", "切换#2（近似：进程内可写重开）ok(所选根 txg 11，新实例 5，现行 txg 14)", "重发在飞 checkpoint ok(txg 15)"] remount=ok(chosen 15) crash红=["I-3.1: Violated(\"盘 0：记账的已分配 Some(868352)，遍历全部有效根得到 802816；机理：根环槽数 24、最新根 txg 15、环里自证过的根槽 15 个、最老的自证过的根 txg 0、遍历的候选根槽 10 个、被实例表判抛弃的根槽 5 个、回退下界 F 0、低于 F 的根槽 0 个\")"] after红=["I-3.1: Violated(\"盘 0：记账的已分配 Some(1032192)，遍历全部有效根得到 966656；机理：根环槽数 24、最新根 txg 17、环里自证过的根槽 17 个、最老的自证过的根 txg 0、遍历的候选根槽 12 个、被实例表判抛弃的根槽 5 个、回退下界 F 0、低于 F 的根槽 0 个\")"] 内容=同一份 切换=2 只读=false 实例=5 探针=2
[rolled_back 戊-B 干净] runs=294
[txg6 戊-A 干净] runs=176
[txg6 戊-A 红] runs=118
    first: C 第16次写瞬时错 + 第43次写撕裂+报错 steps=["C err(BlockDevice)", "探针写(盘 0) 过", "切换#1 挂载失败(Publish(BlockDevice(InputOutput(Custom { kind: Other, error:)", "探针写(盘 0) 过", "切换#2（近似：进程内可写重开）ok(所选根 txg 6，新实例 3，现行 txg 10)", "重发在飞 checkpoint ok(txg 11)"] remount=ok(chosen 11) crash红=["I-3.1: Violated(\"盘 0：记账的已分配 Some(999424)，遍历全部有效根得到 933888；机理：根环槽数 24、最新根 txg 11、环里自证过的根槽 11 个、最老的自证过的根 txg 0、遍历的候选根槽 11 个、被实例表判抛弃的根槽 0 个、回退下界 F 0、低于 F 的根槽 0 个\")"] after红=["I-3.1: Violated(\"盘 0：记账的已分配 Some(1163264)，遍历全部有效根得到 1097728；机理：根环槽数 24、最新根 txg 13、环里自证过的根槽 13 个、最老的自证过的根 txg 0、遍历的候选根槽 13 个、被实例表判抛弃的根槽 0 个、回退下界 F 0、低于 F 的根槽 0 个\")"] 内容=同一份 切换=2 只读=false 实例=3 探针=2
[txg6 戊-B 干净] runs=294
[txg7 戊-A 干净] runs=176
[txg7 戊-A 红] runs=118
    first: C 第16次写瞬时错 + 第43次写撕裂+报错 steps=["C err(BlockDevice)", "探针写(盘 0) 过", "切换#1 挂载失败(Publish(BlockDevice(InputOutput(Custom { kind: Other, error:)", "探针写(盘 0) 过", "切换#2（近似：进程内可写重开）ok(所选根 txg 7，新实例 3，现行 txg 10)", "重发在飞 checkpoint ok(txg 11)"] remount=ok(chosen 11) crash红=["I-3.1: Violated(\"盘 0：记账的已分配 Some(999424)，遍历全部有效根得到 933888；机理：根环槽数 24、最新根 txg 11、环里自证过的根槽 11 个、最老的自证过的根 txg 0、遍历的候选根槽 11 个、被实例表判抛弃的根槽 0 个、回退下界 F 0、低于 F 的根槽 0 个\")"] after红=["I-3.1: Violated(\"盘 0：记账的已分配 Some(1163264)，遍历全部有效根得到 1097728；机理：根环槽数 24、最新根 txg 13、环里自证过的根槽 13 个、最老的自证过的根 txg 0、遍历的候选根槽 13 个、被实例表判抛弃的根槽 0 个、回退下界 F 0、低于 F 的根槽 0 个\")"] 内容=同一份 切换=2 只读=false 实例=3 探针=2
[txg7 戊-B 干净] runs=294
ok

test result: ok. 1 passed; 0 failed; 0 ignored; 0 measured; 5 filtered out; finished in 30.32s

