warning: unused import: `singlefs_harness::scenario::e142_parameters`
 --> crates/singlefs-harness/tests/c381r2_sweep.rs:5:5
  |
5 | use singlefs_harness::scenario::e142_parameters;
  |     ^^^^^^^^^^^^^^^^^^^^^^^^^^^^^^^^^^^^^^^^^^^
  |
  = note: `#[warn(unused_imports)]` (part of `#[warn(unused)]`) on by default

warning: field `note` is never read
   --> crates/singlefs-harness/tests/c381r2_probe_common.rs:267:9
    |
260 | pub struct Snapshot {
    |            -------- field in this struct
...
267 |     pub note: String,
    |         ^^^^
    |
    = note: `Snapshot` has a derived impl for the trait `Clone`, but this is intentionally ignored during dead code analysis
    = note: `#[warn(dead_code)]` (part of `#[warn(unused)]`) on by default

warning: variants `Empty` and `Other` are never constructed
   --> crates/singlefs-harness/tests/c381r2_probe_common.rs:563:5
    |
559 | pub enum Action {
    |          ------ variants in this enum
...
563 |     Empty,
    |     ^^^^^
564 |     /// 从现行版发一次内容不同的覆盖写。
565 |     Other,
    |     ^^^^^
    |
    = note: `Action` has derived impls for the traits `Debug` and `Clone`, but these are intentionally ignored during dead code analysis

warning: constant `ACTIONS` is never used
   --> crates/singlefs-harness/tests/c381r2_probe_common.rs:569:11
    |
569 | pub const ACTIONS: [Action; 4] = [Action::Retry, Action::Empty, Action::Other, Action::Remount];
    |           ^^^^^^^

warning: function `writes_of_c` is never used
   --> crates/singlefs-harness/tests/c381r2_probe_common.rs:981:8
    |
981 | pub fn writes_of_c(parameters: &MakeFilesystemParameters, snapshot: &Snapshot) -> Vec<(u32, u64, usize)> {
    |        ^^^^^^^^^^^

warning: `singlefs-harness` (test "c381r2_sweep") generated 5 warnings (run `cargo fix --test "c381r2_sweep" -p singlefs-harness` to apply 1 suggestion)
    Finished `release` profile [optimized + debuginfo] target(s) in 0.00s
     Running tests/c381r2_sweep.rs (target/release/deps/c381r2_sweep-b80c280302700ce7)

running 1 test
test phase_b_barrier ... progress 25/9828 at 136.934094ms
progress 50/9828 at 201.409159ms
progress 75/9828 at 272.783526ms
progress 100/9828 at 350.861983ms
progress 125/9828 at 423.349912ms
progress 150/9828 at 504.041844ms
progress 175/9828 at 580.485388ms
progress 200/9828 at 666.243108ms
progress 225/9828 at 752.6399ms
progress 250/9828 at 831.122098ms
progress 275/9828 at 914.370184ms
progress 300/9828 at 990.703958ms
progress 325/9828 at 1.076087907s
progress 350/9828 at 1.149255845s
progress 375/9828 at 1.229097755s
progress 400/9828 at 1.313573432s
progress 425/9828 at 1.374599071s
progress 450/9828 at 1.453494039s
progress 475/9828 at 1.528987981s
progress 500/9828 at 1.618676817s
progress 525/9828 at 1.6950015s
progress 550/9828 at 1.78110314s
progress 575/9828 at 1.859301607s
progress 600/9828 at 1.93535277s
progress 625/9828 at 2.01549532s
progress 650/9828 at 2.094048776s
progress 675/9828 at 2.176053888s
progress 700/9828 at 2.265473602s
progress 725/9828 at 2.359268893s
progress 750/9828 at 2.472461225s
progress 775/9828 at 2.56851049s
progress 800/9828 at 2.673278709s
progress 825/9828 at 2.743807122s
progress 850/9828 at 2.822561819s
progress 875/9828 at 2.900825955s
progress 900/9828 at 2.977846039s
progress 925/9828 at 3.062959905s
progress 950/9828 at 3.14731141s
progress 975/9828 at 3.22838089s
progress 1000/9828 at 3.311227442s
progress 1025/9828 at 3.382623936s
progress 1050/9828 at 3.465793789s
progress 1075/9828 at 3.571831899s
progress 1100/9828 at 3.677572047s
progress 1125/9828 at 3.771438798s
progress 1150/9828 at 3.877935818s
progress 1175/9828 at 3.952452737s
progress 1200/9828 at 4.034950088s
progress 1225/9828 at 4.106368931s
progress 1250/9828 at 4.191353716s
progress 1275/9828 at 4.270128981s
progress 1300/9828 at 4.350010908s
progress 1325/9828 at 4.43337064s
progress 1350/9828 at 4.518703226s
progress 1375/9828 at 4.600615336s
progress 1400/9828 at 4.662522984s
progress 1425/9828 at 4.749948423s
progress 1450/9828 at 4.824796381s
progress 1475/9828 at 4.908051383s
progress 1500/9828 at 4.985782746s
progress 1525/9828 at 5.079414124s
progress 1550/9828 at 5.166895752s
progress 1575/9828 at 5.250376413s
progress 1600/9828 at 5.331986382s
progress 1625/9828 at 5.421738063s
progress 1650/9828 at 5.504607254s
progress 1675/9828 at 5.593800734s
progress 1700/9828 at 5.672372508s
progress 1725/9828 at 5.750487271s
progress 1750/9828 at 5.828078453s
progress 1775/9828 at 5.912284046s
progress 1800/9828 at 5.982874097s
progress 1825/9828 at 6.077299394s
progress 1850/9828 at 6.153865124s
progress 1875/9828 at 6.243408634s
progress 1900/9828 at 6.326933085s
progress 1925/9828 at 6.412304448s
progress 1950/9828 at 6.493109274s
progress 1975/9828 at 6.575841324s
progress 2000/9828 at 6.660481536s
progress 2025/9828 at 6.750213526s
progress 2050/9828 at 6.838067074s
progress 2075/9828 at 6.910554687s
progress 2100/9828 at 6.991974434s
progress 2125/9828 at 7.109818257s
progress 2150/9828 at 7.217243134s
progress 2175/9828 at 7.31833135s
progress 2200/9828 at 7.436525014s
progress 2225/9828 at 7.510754429s
progress 2250/9828 at 7.597948775s
progress 2275/9828 at 7.676501486s
progress 2300/9828 at 7.759976646s
progress 2325/9828 at 7.845037308s
progress 2350/9828 at 7.933280865s
progress 2375/9828 at 8.016842874s
progress 2400/9828 at 8.101506784s
progress 2425/9828 at 8.172606934s
progress 2450/9828 at 8.249284972s
progress 2475/9828 at 8.373447773s
progress 2500/9828 at 8.479089966s
progress 2525/9828 at 8.583150216s
progress 2550/9828 at 8.699220025s
progress 2575/9828 at 8.775450042s
progress 2600/9828 at 8.857560979s
progress 2625/9828 at 8.937816542s
progress 2650/9828 at 9.021615551s
progress 2675/9828 at 9.104092097s
progress 2700/9828 at 9.196712868s
progress 2725/9828 at 9.281323188s
progress 2750/9828 at 9.353448088s
progress 2775/9828 at 9.435060643s
progress 2800/9828 at 9.51856121s
progress 2825/9828 at 9.596114219s
progress 2850/9828 at 9.684245794s
progress 2875/9828 at 9.775238743s
progress 2900/9828 at 9.866653482s
progress 2925/9828 at 9.953805646s
progress 2950/9828 at 10.039358616s
progress 2975/9828 at 10.130402824s
progress 3000/9828 at 10.219330109s
progress 3025/9828 at 10.30613178s
progress 3050/9828 at 10.395994147s
progress 3075/9828 at 10.47083623s
progress 3100/9828 at 10.56286391s
progress 3125/9828 at 10.643349922s
progress 3150/9828 at 10.723080533s
progress 3175/9828 at 10.815784233s
progress 3200/9828 at 10.904903469s
progress 3225/9828 at 10.990707839s
progress 3250/9828 at 11.078732481s
progress 3275/9828 at 11.159853283s
progress 3300/9828 at 11.252296592s
progress 3325/9828 at 11.339223973s
progress 3350/9828 at 11.429247829s
progress 3375/9828 at 11.519609745s
progress 3400/9828 at 11.605225954s
progress 3425/9828 at 11.68873068s
progress 3450/9828 at 11.772002775s
progress 3475/9828 at 11.85511008s
progress 3500/9828 at 11.943400073s
progress 3525/9828 at 12.056906253s
progress 3550/9828 at 12.171354503s
progress 3575/9828 at 12.28261292s
progress 3600/9828 at 12.396195859s
progress 3625/9828 at 12.492263173s
progress 3650/9828 at 12.575612798s
progress 3675/9828 at 12.660369704s
progress 3700/9828 at 12.747624154s
progress 3725/9828 at 12.836227867s
progress 3750/9828 at 12.921562394s
progress 3775/9828 at 13.002359975s
progress 3800/9828 at 13.07341562s
progress 3825/9828 at 13.170316624s
progress 3850/9828 at 13.252298475s
progress 3875/9828 at 13.385228432s
progress 3900/9828 at 13.492900032s
progress 3925/9828 at 13.598361708s
progress 3950/9828 at 13.706413718s
progress 3975/9828 at 13.799866307s
progress 4000/9828 at 13.886287245s
progress 4025/9828 at 13.983306339s
progress 4050/9828 at 14.068620514s
progress 4075/9828 at 14.156359293s
progress 4100/9828 at 14.233217686s
progress 4125/9828 at 14.323730199s
progress 4150/9828 at 14.402921196s
progress 4175/9828 at 14.48747673s
progress 4200/9828 at 14.57556687s
progress 4225/9828 at 14.658099101s
progress 4250/9828 at 14.747333873s
progress 4275/9828 at 14.824004125s
progress 4300/9828 at 14.908295839s
progress 4325/9828 at 14.995718478s
progress 4350/9828 at 15.080121291s
progress 4375/9828 at 15.162658991s
progress 4400/9828 at 15.241291786s
progress 4425/9828 at 15.328044263s
progress 4450/9828 at 15.395936492s
progress 4475/9828 at 15.48380196s
progress 4500/9828 at 15.553795912s
progress 4525/9828 at 15.635959012s
progress 4550/9828 at 15.715343508s
progress 4575/9828 at 15.793032771s
progress 4600/9828 at 15.872722808s
progress 4625/9828 at 15.961518487s
progress 4650/9828 at 16.041939324s
progress 4675/9828 at 16.125453465s
progress 4700/9828 at 16.211313119s
progress 4725/9828 at 16.297750094s
progress 4750/9828 at 16.381057575s
progress 4775/9828 at 16.454199901s
progress 4800/9828 at 16.528013508s
progress 4825/9828 at 16.601489774s
progress 4850/9828 at 16.685843106s
progress 4875/9828 at 16.763909589s
progress 4900/9828 at 16.848165562s
progress 4925/9828 at 16.964131269s
progress 4950/9828 at 17.066654037s
progress 4975/9828 at 17.172835369s
progress 5000/9828 at 17.277251049s
progress 5025/9828 at 17.362820922s
progress 5050/9828 at 17.447257623s
progress 5075/9828 at 17.537841544s
progress 5100/9828 at 17.621541944s
progress 5125/9828 at 17.696435182s
progress 5150/9828 at 17.780608052s
progress 5175/9828 at 17.850645173s
progress 5200/9828 at 17.927042773s
progress 5225/9828 at 18.007658658s
progress 5250/9828 at 18.089212464s
progress 5275/9828 at 18.202731956s
progress 5300/9828 at 18.304057091s
progress 5325/9828 at 18.406062766s
progress 5350/9828 at 18.512677578s
progress 5375/9828 at 18.600280023s
progress 5400/9828 at 18.685399814s
progress 5425/9828 at 18.780154239s
progress 5450/9828 at 18.865303261s
progress 5475/9828 at 18.936295602s
progress 5500/9828 at 19.002814916s
progress 5525/9828 at 19.086474095s
progress 5550/9828 at 19.169555362s
progress 5575/9828 at 19.254329702s
progress 5600/9828 at 19.333541284s
progress 5625/9828 at 19.435744018s
progress 5650/9828 at 19.554638327s
progress 5675/9828 at 19.662617819s
progress 5700/9828 at 19.771948574s
progress 5725/9828 at 19.878282874s
progress 5750/9828 at 19.994331588s
progress 5775/9828 at 20.1097377s
progress 5800/9828 at 20.20993775s
progress 5825/9828 at 20.307546077s
progress 5850/9828 at 20.417175751s
progress 5875/9828 at 20.521296387s
progress 5900/9828 at 20.614080767s
progress 5925/9828 at 20.728118877s
progress 5950/9828 at 20.846230403s
progress 5975/9828 at 20.950419269s
progress 6000/9828 at 21.062392315s
progress 6025/9828 at 21.175980143s
progress 6050/9828 at 21.289453421s
progress 6075/9828 at 21.395281798s
progress 6100/9828 at 21.513282512s
progress 6125/9828 at 21.624600967s
progress 6150/9828 at 21.708819324s
progress 6175/9828 at 21.817526726s
progress 6200/9828 at 21.912529338s
progress 6225/9828 at 22.02973161s
progress 6250/9828 at 22.139629422s
progress 6275/9828 at 22.245569298s
progress 6300/9828 at 22.35565756s
progress 6325/9828 at 22.500086799s
progress 6350/9828 at 22.635641597s
progress 6375/9828 at 22.750622995s
progress 6400/9828 at 22.879831694s
progress 6425/9828 at 23.007199099s
progress 6450/9828 at 23.12465643s
progress 6475/9828 at 23.240795649s
progress 6500/9828 at 23.347448575s
progress 6525/9828 at 23.443084336s
progress 6550/9828 at 23.534688311s
progress 6575/9828 at 23.649752238s
progress 6600/9828 at 23.754200461s
progress 6625/9828 at 23.871877513s
progress 6650/9828 at 23.979277429s
progress 6675/9828 at 24.11227066s
progress 6700/9828 at 24.248792365s
progress 6725/9828 at 24.367860237s
progress 6750/9828 at 24.509138939s
progress 6775/9828 at 24.629512812s
progress 6800/9828 at 24.751679528s
progress 6825/9828 at 24.851695964s
progress 6850/9828 at 24.948474605s
progress 6875/9828 at 25.0558765s
progress 6900/9828 at 25.15959117s
progress 6925/9828 at 25.27121166s
progress 6950/9828 at 25.380877447s
progress 6975/9828 at 25.489390594s
progress 7000/9828 at 25.59802086s
progress 7025/9828 at 25.69472569s
progress 7050/9828 at 25.786574784s
progress 7075/9828 at 25.890122853s
progress 7100/9828 at 25.986636043s
progress 7125/9828 at 26.082789801s
progress 7150/9828 at 26.1641256s
progress 7175/9828 at 26.248551073s
progress 7200/9828 at 26.342076337s
progress 7225/9828 at 26.439282047s
progress 7250/9828 at 26.532829262s
progress 7275/9828 at 26.632542185s
progress 7300/9828 at 26.720513483s
progress 7325/9828 at 26.815093699s
progress 7350/9828 at 26.910070836s
progress 7375/9828 at 27.003081349s
progress 7400/9828 at 27.102903992s
progress 7425/9828 at 27.202479023s
progress 7450/9828 at 27.299378712s
progress 7475/9828 at 27.390580443s
progress 7500/9828 at 27.476620467s
progress 7525/9828 at 27.555332741s
progress 7550/9828 at 27.649082565s
progress 7575/9828 at 27.748049366s
progress 7600/9828 at 27.842151091s
progress 7625/9828 at 27.939144649s
progress 7650/9828 at 28.03897565s
progress 7675/9828 at 28.135179177s
progress 7700/9828 at 28.234045366s
progress 7725/9828 at 28.342253918s
progress 7750/9828 at 28.470712257s
progress 7775/9828 at 28.570868139s
progress 7800/9828 at 28.695730642s
progress 7825/9828 at 28.807137799s
progress 7850/9828 at 28.895957915s
progress 7875/9828 at 28.980431096s
progress 7900/9828 at 29.071081374s
progress 7925/9828 at 29.162029792s
progress 7950/9828 at 29.255954615s
progress 7975/9828 at 29.36007702s
progress 8000/9828 at 29.45227792s
progress 8025/9828 at 29.555778955s
progress 8050/9828 at 29.650630388s
progress 8075/9828 at 29.758958999s
progress 8100/9828 at 29.865092267s
progress 8125/9828 at 29.987188466s
progress 8150/9828 at 30.107879021s
progress 8175/9828 at 30.216586581s
progress 8200/9828 at 30.313207336s
progress 8225/9828 at 30.40133117s
progress 8250/9828 at 30.493243088s
progress 8275/9828 at 30.58780562s
progress 8300/9828 at 30.684676186s
progress 8325/9828 at 30.783597833s
progress 8350/9828 at 30.875793062s
progress 8375/9828 at 30.978355954s
progress 8400/9828 at 31.073083546s
progress 8425/9828 at 31.153510258s
progress 8450/9828 at 31.227387043s
progress 8475/9828 at 31.312078281s
progress 8500/9828 at 31.377084665s
progress 8525/9828 at 31.452177051s
progress 8550/9828 at 31.528072758s
progress 8575/9828 at 31.604784686s
progress 8600/9828 at 31.680306953s
progress 8625/9828 at 31.753327336s
progress 8650/9828 at 31.833452899s
progress 8675/9828 at 31.908664707s
progress 8700/9828 at 31.986285946s
progress 8725/9828 at 32.064852436s
progress 8750/9828 at 32.143176255s
progress 8775/9828 at 32.224196218s
progress 8800/9828 at 32.303401608s
progress 8825/9828 at 32.374805618s
progress 8850/9828 at 32.445543868s
progress 8875/9828 at 32.514100075s
progress 8900/9828 at 32.597572991s
progress 8925/9828 at 32.669930703s
progress 8950/9828 at 32.747451761s
progress 8975/9828 at 32.828138863s
progress 9000/9828 at 32.908436665s
progress 9025/9828 at 32.977873213s
progress 9050/9828 at 33.055737921s
progress 9075/9828 at 33.133372369s
progress 9100/9828 at 33.211913728s
progress 9125/9828 at 33.298479027s
progress 9150/9828 at 33.389168671s
progress 9175/9828 at 33.505054536s
progress 9200/9828 at 33.599521095s
progress 9225/9828 at 33.70661025s
progress 9250/9828 at 33.771425941s
progress 9275/9828 at 33.845760165s
progress 9300/9828 at 33.923944483s
progress 9325/9828 at 33.996355704s
progress 9350/9828 at 34.077131984s
progress 9375/9828 at 34.154468461s
progress 9400/9828 at 34.231907387s
progress 9425/9828 at 34.312527598s
progress 9450/9828 at 34.392725558s
progress 9475/9828 at 34.470699995s
progress 9500/9828 at 34.57088664s
progress 9525/9828 at 34.681571878s
progress 9550/9828 at 34.778259988s
progress 9575/9828 at 34.871838705s
progress 9600/9828 at 34.946645188s
progress 9625/9828 at 35.02068926s
progress 9650/9828 at 35.100866949s
progress 9675/9828 at 35.181550298s
progress 9700/9828 at 35.254161488s
progress 9725/9828 at 35.330854013s
progress 9750/9828 at 35.405186505s
progress 9775/9828 at 35.488161517s
progress 9800/9828 at 35.561549298s
progress 9825/9828 at 35.647641124s
progress 9828/9828 at 35.66076572s
=== 三（屏障报错） 汇总 ===
[base 丙 干净] runs=302
[base 丙 没确认的那一版+红] runs=36
    first: 屏障2 actions=[] crash=None steps=["C err(BlockDevice)"] remount=ok(chosen 4) crash红=[] after红=["I-3.1: Violated(\"盘 0：记账的已分配 Some(704512)，遍历全部有效根得到 638976；机理：根环槽数 24、最新根 txg 7、环里自证过的根槽 7 个、最老的自证过的根 txg 0、遍历的候选根槽 7 个、被实例表判抛弃的根槽 0 个、回退下界 F 0、低于 F 的根槽 0 个\")"] 内容=没确认的 C 那一份 切换=0 只读=false 实例=1 探针=0
[base 丙 红] runs=13
    first: 屏障0 actions=[Remount] crash=Some(56) steps=["C err(BlockDevice)", "重开 err(Publish(BlockDevice(InputOutput(Custom { kind: Other, error:)"] remount=ok(chosen 6) crash红=[] after红=["I-3.1: Violated(\"盘 0：记账的已分配 Some(835584)，遍历全部有效根得到 770048；机理：根环槽数 24、最新根 txg 10、环里自证过的根槽 10 个、最老的自证过的根 txg 0、遍历的候选根槽 10 个、被实例表判抛弃的根槽 0 个、回退下界 F 0、低于 F 的根槽 0 个\")"] 内容=同一份 切换=0 只读=false 实例=1 探针=0
[base 戊-A 干净] runs=157
[base 戊-A 没确认的那一版+红+转只读] runs=30
    first: 屏障2 actions=[] crash=Some(24) steps=["C err(BlockDevice)", "探针写(盘 0) 过", "切换#1 挂载失败(Publish(BlockDevice(InputOutput(Custom { kind: Other, error:)", "探针写(盘 1) 不过", "持续失败 → 转只读到下次挂载"] remount=ok(chosen 4) crash红=[] after红=["I-3.1: Violated(\"盘 0：记账的已分配 Some(704512)，遍历全部有效根得到 638976；机理：根环槽数 24、最新根 txg 7、环里自证过的根槽 7 个、最老的自证过的根 txg 0、遍历的候选根槽 7 个、被实例表判抛弃的根槽 0 个、回退下界 F 0、低于 F 的根槽 0 个\")"] 内容=没确认的 C 那一份 切换=1 只读=true 实例=1 探针=2
[base 戊-A 红] runs=17
    first: 屏障2 actions=[] crash=None steps=["C err(BlockDevice)", "探针写(盘 0) 过", "切换#1（近似：进程内可写重开）ok(所选根 txg 4，新实例 2，现行 txg 7)", "重发在飞 checkpoint ok(txg 8)"] remount=ok(chosen 8) crash红=["I-3.1: Violated(\"盘 0：记账的已分配 Some(868352)，遍历全部有效根得到 802816；机理：根环槽数 24、最新根 txg 8、环里自证过的根槽 8 个、最老的自证过的根 txg 0、遍历的候选根槽 8 个、被实例表判抛弃的根槽 0 个、回退下界 F 0、低于 F 的根槽 0 个\")"] after红=["I-3.1: Violated(\"盘 0：记账的已分配 Some(1032192)，遍历全部有效根得到 966656；机理：根环槽数 24、最新根 txg 10、环里自证过的根槽 10 个、最老的自证过的根 txg 0、遍历的候选根槽 10 个、被实例表判抛弃的根槽 0 个、回退下界 F 0、低于 F 的根槽 0 个\")"] 内容=同一份 切换=1 只读=false 实例=2 探针=1
[base 戊-A 红+转只读] runs=6
    first: 屏障0 actions=[] crash=Some(56) steps=["C err(BlockDevice)", "探针写(盘 0) 过", "切换#1 挂载失败(Publish(BlockDevice(InputOutput(Custom { kind: Other, error:)", "探针写(盘 1) 不过", "持续失败 → 转只读到下次挂载"] remount=ok(chosen 6) crash红=[] after红=["I-3.1: Violated(\"盘 0：记账的已分配 Some(835584)，遍历全部有效根得到 770048；机理：根环槽数 24、最新根 txg 10、环里自证过的根槽 10 个、最老的自证过的根 txg 0、遍历的候选根槽 10 个、被实例表判抛弃的根槽 0 个、回退下界 F 0、低于 F 的根槽 0 个\")"] 内容=同一份 切换=1 只读=true 实例=1 探针=2
[base 戊-A 转只读] runs=141
    first: 屏障0 actions=[] crash=Some(0) steps=["C err(BlockDevice)", "探针写(盘 0) 不过", "持续失败 → 转只读到下次挂载"] remount=ok(chosen 4) crash红=[] after红=[] 内容=同一份 切换=0 只读=true 实例=1 探针=1
[base 戊-B 干净] runs=163
[base 戊-B 没确认的那一版+红+转只读] runs=12
    first: 屏障2 actions=[] crash=Some(24) steps=["C err(BlockDevice)", "探针写(盘 0) 过", "切换#1 挂载失败(Publish(BlockDevice(InputOutput(Custom { kind: Other, error:)", "探针写(盘 1) 不过", "持续失败 → 转只读到下次挂载"] remount=ok(chosen 4) crash红=[] after红=["I-3.1: Violated(\"盘 0：记账的已分配 Some(704512)，遍历全部有效根得到 638976；机理：根环槽数 24、最新根 txg 7、环里自证过的根槽 7 个、最老的自证过的根 txg 0、遍历的候选根槽 7 个、被实例表判抛弃的根槽 0 个、回退下界 F 0、低于 F 的根槽 0 个\")"] 内容=没确认的 C 那一份 切换=1 只读=true 实例=1 探针=2
[base 戊-B 红] runs=11
    first: 屏障6 actions=[Retry] crash=None steps=["C ok(txg 5)", "Retry err(BlockDevice)"] remount=ok(chosen 5) crash红=[] after红=["I-3.1: Violated(\"盘 0：记账的已分配 Some(868352)，遍历全部有效根得到 802816；机理：根环槽数 24、最新根 txg 8、环里自证过的根槽 8 个、最老的自证过的根 txg 0、遍历的候选根槽 8 个、被实例表判抛弃的根槽 0 个、回退下界 F 0、低于 F 的根槽 0 个\")"] 内容=同一份 切换=0 只读=false 实例=1 探针=0
[base 戊-B 红+转只读] runs=6
    first: 屏障0 actions=[] crash=Some(56) steps=["C err(BlockDevice)", "探针写(盘 0) 过", "切换#1 挂载失败(Publish(BlockDevice(InputOutput(Custom { kind: Other, error:)", "探针写(盘 1) 不过", "持续失败 → 转只读到下次挂载"] remount=ok(chosen 6) crash红=[] after红=["I-3.1: Violated(\"盘 0：记账的已分配 Some(835584)，遍历全部有效根得到 770048；机理：根环槽数 24、最新根 txg 10、环里自证过的根槽 10 个、最老的自证过的根 txg 0、遍历的候选根槽 10 个、被实例表判抛弃的根槽 0 个、回退下界 F 0、低于 F 的根槽 0 个\")"] 内容=同一份 切换=1 只读=true 实例=1 探针=2
[base 戊-B 转只读] runs=159
    first: 屏障0 actions=[] crash=Some(0) steps=["C err(BlockDevice)", "探针写(盘 0) 不过", "持续失败 → 转只读到下次挂载"] remount=ok(chosen 4) crash红=[] after红=[] 内容=同一份 切换=0 只读=true 实例=1 探针=1
[base 甲 干净] runs=314
[base 甲 没确认的那一版+红] runs=24
    first: 屏障2 actions=[] crash=None steps=["C err(BlockDevice)"] remount=ok(chosen 4) crash红=[] after红=["I-3.1: Violated(\"盘 0：记账的已分配 Some(704512)，遍历全部有效根得到 638976；机理：根环槽数 24、最新根 txg 7、环里自证过的根槽 7 个、最老的自证过的根 txg 0、遍历的候选根槽 7 个、被实例表判抛弃的根槽 0 个、回退下界 F 0、低于 F 的根槽 0 个\")"] 内容=没确认的 C 那一份 切换=0 只读=false 实例=1 探针=0
[base 甲 红] runs=13
    first: 屏障0 actions=[Remount] crash=Some(56) steps=["C err(BlockDevice)", "重开 err(Publish(BlockDevice(InputOutput(Custom { kind: Other, error:)"] remount=ok(chosen 6) crash红=[] after红=["I-3.1: Violated(\"盘 0：记账的已分配 Some(835584)，遍历全部有效根得到 770048；机理：根环槽数 24、最新根 txg 10、环里自证过的根槽 10 个、最老的自证过的根 txg 0、遍历的候选根槽 10 个、被实例表判抛弃的根槽 0 个、回退下界 F 0、低于 F 的根槽 0 个\")"] 内容=同一份 切换=0 只读=false 实例=1 探针=0
[floor_raised 丙 干净] runs=304
[floor_raised 丙 没确认的那一版+红] runs=36
    first: 屏障2 actions=[] crash=None steps=["C err(BlockDevice)"] remount=ok(chosen 14) crash红=[] after红=["I-3.1: Violated(\"盘 0：记账的已分配 Some(1146880)，遍历全部有效根得到 1081344；机理：根环槽数 24、最新根 txg 17、环里自证过的根槽 17 个、最老的自证过的根 txg 0、遍历的候选根槽 8 个、被实例表判抛弃的根槽 0 个、回退下界 F 9、低于 F 的根槽 9 个\")"] 内容=没确认的 C 那一份 切换=0 只读=false 实例=2 探针=0
[floor_raised 丙 红] runs=11
    first: 屏障6 actions=[Retry] crash=None steps=["C ok(txg 15)", "Retry err(BlockDevice)"] remount=ok(chosen 15) crash红=[] after红=["I-3.1: Violated(\"盘 0：记账的已分配 Some(1376256)，遍历全部有效根得到 1310720；机理：根环槽数 24、最新根 txg 19、环里自证过的根槽 19 个、最老的自证过的根 txg 0、遍历的候选根槽 10 个、被实例表判抛弃的根槽 0 个、回退下界 F 9、低于 F 的根槽 9 个\")"] 内容=同一份 切换=0 只读=false 实例=2 探针=0
[floor_raised 戊-A 干净] runs=157
[floor_raised 戊-A 没确认的那一版+红+转只读] runs=30
    first: 屏障2 actions=[] crash=Some(24) steps=["C err(BlockDevice)", "探针写(盘 0) 过", "切换#1 挂载失败(Publish(BlockDevice(InputOutput(Custom { kind: Other, error:)", "探针写(盘 1) 不过", "持续失败 → 转只读到下次挂载"] remount=ok(chosen 14) crash红=[] after红=["I-3.1: Violated(\"盘 0：记账的已分配 Some(1146880)，遍历全部有效根得到 1081344；机理：根环槽数 24、最新根 txg 17、环里自证过的根槽 17 个、最老的自证过的根 txg 0、遍历的候选根槽 8 个、被实例表判抛弃的根槽 0 个、回退下界 F 9、低于 F 的根槽 9 个\")"] 内容=没确认的 C 那一份 切换=1 只读=true 实例=2 探针=2
[floor_raised 戊-A 红] runs=17
    first: 屏障2 actions=[] crash=None steps=["C err(BlockDevice)", "探针写(盘 0) 过", "切换#1（近似：进程内可写重开）ok(所选根 txg 14，新实例 3，现行 txg 17)", "重发在飞 checkpoint ok(txg 18)"] remount=ok(chosen 18) crash红=["I-3.1: Violated(\"盘 0：记账的已分配 Some(1310720)，遍历全部有效根得到 1245184；机理：根环槽数 24、最新根 txg 18、环里自证过的根槽 18 个、最老的自证过的根 txg 0、遍历的候选根槽 9 个、被实例表判抛弃的根槽 0 个、回退下界 F 9、低于 F 的根槽 9 个\")"] after红=["I-3.1: Violated(\"盘 0：记账的已分配 Some(1474560)，遍历全部有效根得到 1409024；机理：根环槽数 24、最新根 txg 20、环里自证过的根槽 20 个、最老的自证过的根 txg 0、遍历的候选根槽 11 个、被实例表判抛弃的根槽 0 个、回退下界 F 9、低于 F 的根槽 9 个\")"] 内容=同一份 切换=1 只读=false 实例=3 探针=1
[floor_raised 戊-A 转只读] runs=147
    first: 屏障0 actions=[] crash=Some(0) steps=["C err(BlockDevice)", "探针写(盘 0) 不过", "持续失败 → 转只读到下次挂载"] remount=ok(chosen 14) crash红=[] after红=[] 内容=同一份 切换=0 只读=true 实例=2 探针=1
[floor_raised 戊-B 干净] runs=163
[floor_raised 戊-B 红] runs=11
    first: 屏障6 actions=[Retry] crash=None steps=["C ok(txg 15)", "Retry err(BlockDevice)"] remount=ok(chosen 15) crash红=[] after红=["I-3.1: Violated(\"盘 0：记账的已分配 Some(1376256)，遍历全部有效根得到 1310720；机理：根环槽数 24、最新根 txg 19、环里自证过的根槽 19 个、最老的自证过的根 txg 0、遍历的候选根槽 10 个、被实例表判抛弃的根槽 0 个、回退下界 F 9、低于 F 的根槽 9 个\")"] 内容=同一份 切换=0 只读=false 实例=2 探针=0
[floor_raised 戊-B 转只读] runs=177
    first: 屏障0 actions=[] crash=Some(0) steps=["C err(BlockDevice)", "探针写(盘 0) 不过", "持续失败 → 转只读到下次挂载"] remount=ok(chosen 14) crash红=[] after红=[] 内容=同一份 切换=0 只读=true 实例=2 探针=1
[floor_raised 甲 干净] runs=316
[floor_raised 甲 没确认的那一版+红] runs=24
    first: 屏障2 actions=[] crash=None steps=["C err(BlockDevice)"] remount=ok(chosen 14) crash红=[] after红=["I-3.1: Violated(\"盘 0：记账的已分配 Some(1146880)，遍历全部有效根得到 1081344；机理：根环槽数 24、最新根 txg 17、环里自证过的根槽 17 个、最老的自证过的根 txg 0、遍历的候选根槽 8 个、被实例表判抛弃的根槽 0 个、回退下界 F 9、低于 F 的根槽 9 个\")"] 内容=没确认的 C 那一份 切换=0 只读=false 实例=2 探针=0
[floor_raised 甲 红] runs=11
    first: 屏障6 actions=[Retry] crash=None steps=["C ok(txg 15)", "Retry err(BlockDevice)"] remount=ok(chosen 15) crash红=[] after红=["I-3.1: Violated(\"盘 0：记账的已分配 Some(1376256)，遍历全部有效根得到 1310720；机理：根环槽数 24、最新根 txg 19、环里自证过的根槽 19 个、最老的自证过的根 txg 0、遍历的候选根槽 10 个、被实例表判抛弃的根槽 0 个、回退下界 F 9、低于 F 的根槽 9 个\")"] 内容=同一份 切换=0 只读=false 实例=2 探针=0
[many_overwrites 丙 干净] runs=304
[many_overwrites 丙 没确认的那一版+红] runs=36
    first: 屏障2 actions=[] crash=None steps=["C err(BlockDevice)"] remount=ok(chosen 12) crash红=[] after红=["I-3.1: Violated(\"盘 0：记账的已分配 Some(1818624)，遍历全部有效根得到 1753088；机理：根环槽数 24、最新根 txg 16、环里自证过的根槽 16 个、最老的自证过的根 txg 0、遍历的候选根槽 16 个、被实例表判抛弃的根槽 0 个、回退下界 F 0、低于 F 的根槽 0 个\")"] 内容=没确认的 C 那一份 切换=0 只读=false 实例=2 探针=0
[many_overwrites 丙 红] runs=11
    first: 屏障6 actions=[Retry] crash=None steps=["C ok(txg 13)", "Retry err(BlockDevice)"] remount=ok(chosen 13) crash红=[] after红=["I-3.1: Violated(\"盘 0：记账的已分配 Some(1916928)，遍历全部有效根得到 1851392；机理：根环槽数 24、最新根 txg 16、环里自证过的根槽 16 个、最老的自证过的根 txg 0、遍历的候选根槽 16 个、被实例表判抛弃的根槽 0 个、回退下界 F 0、低于 F 的根槽 0 个\")"] 内容=同一份 切换=0 只读=false 实例=2 探针=0
[many_overwrites 戊-A 干净] runs=157
[many_overwrites 戊-A 没确认的那一版+红+转只读] runs=30
    first: 屏障2 actions=[] crash=Some(24) steps=["C err(BlockDevice)", "探针写(盘 0) 过", "切换#1 挂载失败(Publish(BlockDevice(InputOutput(Custom { kind: Other, error:)", "探针写(盘 1) 不过", "持续失败 → 转只读到下次挂载"] remount=ok(chosen 12) crash红=[] after红=["I-3.1: Violated(\"盘 0：记账的已分配 Some(1818624)，遍历全部有效根得到 1753088；机理：根环槽数 24、最新根 txg 16、环里自证过的根槽 16 个、最老的自证过的根 txg 0、遍历的候选根槽 16 个、被实例表判抛弃的根槽 0 个、回退下界 F 0、低于 F 的根槽 0 个\")"] 内容=没确认的 C 那一份 切换=1 只读=true 实例=2 探针=2
[many_overwrites 戊-A 红] runs=17
    first: 屏障2 actions=[] crash=None steps=["C err(BlockDevice)", "探针写(盘 0) 过", "切换#1（近似：进程内可写重开）ok(所选根 txg 12，新实例 3，现行 txg 16)", "重发在飞 checkpoint ok(txg 17)"] remount=ok(chosen 17) crash红=["I-3.1: Violated(\"盘 0：记账的已分配 Some(1982464)，遍历全部有效根得到 1916928；机理：根环槽数 24、最新根 txg 17、环里自证过的根槽 17 个、最老的自证过的根 txg 0、遍历的候选根槽 17 个、被实例表判抛弃的根槽 0 个、回退下界 F 0、低于 F 的根槽 0 个\")"] after红=["I-3.1: Violated(\"盘 0：记账的已分配 Some(2146304)，遍历全部有效根得到 2080768；机理：根环槽数 24、最新根 txg 19、环里自证过的根槽 19 个、最老的自证过的根 txg 0、遍历的候选根槽 19 个、被实例表判抛弃的根槽 0 个、回退下界 F 0、低于 F 的根槽 0 个\")"] 内容=同一份 切换=1 只读=false 实例=3 探针=1
[many_overwrites 戊-A 转只读] runs=147
    first: 屏障0 actions=[] crash=Some(0) steps=["C err(BlockDevice)", "探针写(盘 0) 不过", "持续失败 → 转只读到下次挂载"] remount=ok(chosen 12) crash红=[] after红=[] 内容=同一份 切换=0 只读=true 实例=2 探针=1
[many_overwrites 戊-B 干净] runs=163
[many_overwrites 戊-B 没确认的那一版+红+转只读] runs=12
    first: 屏障2 actions=[] crash=Some(24) steps=["C err(BlockDevice)", "探针写(盘 0) 过", "切换#1 挂载失败(Publish(BlockDevice(InputOutput(Custom { kind: Other, error:)", "探针写(盘 1) 不过", "持续失败 → 转只读到下次挂载"] remount=ok(chosen 12) crash红=[] after红=["I-3.1: Violated(\"盘 0：记账的已分配 Some(1818624)，遍历全部有效根得到 1753088；机理：根环槽数 24、最新根 txg 16、环里自证过的根槽 16 个、最老的自证过的根 txg 0、遍历的候选根槽 16 个、被实例表判抛弃的根槽 0 个、回退下界 F 0、低于 F 的根槽 0 个\")"] 内容=没确认的 C 那一份 切换=1 只读=true 实例=2 探针=2
[many_overwrites 戊-B 红] runs=11
    first: 屏障6 actions=[Retry] crash=None steps=["C ok(txg 13)", "Retry err(BlockDevice)"] remount=ok(chosen 13) crash红=[] after红=["I-3.1: Violated(\"盘 0：记账的已分配 Some(1916928)，遍历全部有效根得到 1851392；机理：根环槽数 24、最新根 txg 16、环里自证过的根槽 16 个、最老的自证过的根 txg 0、遍历的候选根槽 16 个、被实例表判抛弃的根槽 0 个、回退下界 F 0、低于 F 的根槽 0 个\")"] 内容=同一份 切换=0 只读=false 实例=2 探针=0
[many_overwrites 戊-B 转只读] runs=165
    first: 屏障0 actions=[] crash=Some(0) steps=["C err(BlockDevice)", "探针写(盘 0) 不过", "持续失败 → 转只读到下次挂载"] remount=ok(chosen 12) crash红=[] after红=[] 内容=同一份 切换=0 只读=true 实例=2 探针=1
[many_overwrites 甲 干净] runs=316
[many_overwrites 甲 没确认的那一版+红] runs=24
    first: 屏障2 actions=[] crash=None steps=["C err(BlockDevice)"] remount=ok(chosen 12) crash红=[] after红=["I-3.1: Violated(\"盘 0：记账的已分配 Some(1818624)，遍历全部有效根得到 1753088；机理：根环槽数 24、最新根 txg 16、环里自证过的根槽 16 个、最老的自证过的根 txg 0、遍历的候选根槽 16 个、被实例表判抛弃的根槽 0 个、回退下界 F 0、低于 F 的根槽 0 个\")"] 内容=没确认的 C 那一份 切换=0 只读=false 实例=2 探针=0
[many_overwrites 甲 红] runs=11
    first: 屏障6 actions=[Retry] crash=None steps=["C ok(txg 13)", "Retry err(BlockDevice)"] remount=ok(chosen 13) crash红=[] after红=["I-3.1: Violated(\"盘 0：记账的已分配 Some(1916928)，遍历全部有效根得到 1851392；机理：根环槽数 24、最新根 txg 16、环里自证过的根槽 16 个、最老的自证过的根 txg 0、遍历的候选根槽 16 个、被实例表判抛弃的根槽 0 个、回退下界 F 0、低于 F 的根槽 0 个\")"] 内容=同一份 切换=0 只读=false 实例=2 探针=0
[remounted 丙 干净] runs=302
[remounted 丙 没确认的那一版+红] runs=36
    first: 屏障2 actions=[] crash=None steps=["C err(BlockDevice)"] remount=ok(chosen 7) crash红=[] after红=["I-3.1: Violated(\"盘 0：记账的已分配 Some(933888)，遍历全部有效根得到 868352；机理：根环槽数 24、最新根 txg 10、环里自证过的根槽 10 个、最老的自证过的根 txg 0、遍历的候选根槽 10 个、被实例表判抛弃的根槽 0 个、回退下界 F 0、低于 F 的根槽 0 个\")"] 内容=没确认的 C 那一份 切换=0 只读=false 实例=2 探针=0
[remounted 丙 红] runs=13
    first: 屏障0 actions=[Remount] crash=Some(56) steps=["C err(BlockDevice)", "重开 err(Publish(BlockDevice(InputOutput(Custom { kind: Other, error:)"] remount=ok(chosen 9) crash红=[] after红=["I-3.1: Violated(\"盘 0：记账的已分配 Some(1064960)，遍历全部有效根得到 999424；机理：根环槽数 24、最新根 txg 13、环里自证过的根槽 13 个、最老的自证过的根 txg 0、遍历的候选根槽 13 个、被实例表判抛弃的根槽 0 个、回退下界 F 0、低于 F 的根槽 0 个\")"] 内容=同一份 切换=0 只读=false 实例=2 探针=0
[remounted 戊-A 干净] runs=157
[remounted 戊-A 没确认的那一版+红+转只读] runs=30
    first: 屏障2 actions=[] crash=Some(24) steps=["C err(BlockDevice)", "探针写(盘 0) 过", "切换#1 挂载失败(Publish(BlockDevice(InputOutput(Custom { kind: Other, error:)", "探针写(盘 1) 不过", "持续失败 → 转只读到下次挂载"] remount=ok(chosen 7) crash红=[] after红=["I-3.1: Violated(\"盘 0：记账的已分配 Some(933888)，遍历全部有效根得到 868352；机理：根环槽数 24、最新根 txg 10、环里自证过的根槽 10 个、最老的自证过的根 txg 0、遍历的候选根槽 10 个、被实例表判抛弃的根槽 0 个、回退下界 F 0、低于 F 的根槽 0 个\")"] 内容=没确认的 C 那一份 切换=1 只读=true 实例=2 探针=2
[remounted 戊-A 红] runs=17
    first: 屏障2 actions=[] crash=None steps=["C err(BlockDevice)", "探针写(盘 0) 过", "切换#1（近似：进程内可写重开）ok(所选根 txg 7，新实例 3，现行 txg 10)", "重发在飞 checkpoint ok(txg 11)"] remount=ok(chosen 11) crash红=["I-3.1: Violated(\"盘 0：记账的已分配 Some(1097728)，遍历全部有效根得到 1032192；机理：根环槽数 24、最新根 txg 11、环里自证过的根槽 11 个、最老的自证过的根 txg 0、遍历的候选根槽 11 个、被实例表判抛弃的根槽 0 个、回退下界 F 0、低于 F 的根槽 0 个\")"] after红=["I-3.1: Violated(\"盘 0：记账的已分配 Some(1261568)，遍历全部有效根得到 1196032；机理：根环槽数 24、最新根 txg 13、环里自证过的根槽 13 个、最老的自证过的根 txg 0、遍历的候选根槽 13 个、被实例表判抛弃的根槽 0 个、回退下界 F 0、低于 F 的根槽 0 个\")"] 内容=同一份 切换=1 只读=false 实例=3 探针=1
[remounted 戊-A 红+转只读] runs=6
    first: 屏障0 actions=[] crash=Some(56) steps=["C err(BlockDevice)", "探针写(盘 0) 过", "切换#1 挂载失败(Publish(BlockDevice(InputOutput(Custom { kind: Other, error:)", "探针写(盘 1) 不过", "持续失败 → 转只读到下次挂载"] remount=ok(chosen 9) crash红=[] after红=["I-3.1: Violated(\"盘 0：记账的已分配 Some(1064960)，遍历全部有效根得到 999424；机理：根环槽数 24、最新根 txg 13、环里自证过的根槽 13 个、最老的自证过的根 txg 0、遍历的候选根槽 13 个、被实例表判抛弃的根槽 0 个、回退下界 F 0、低于 F 的根槽 0 个\")"] 内容=同一份 切换=1 只读=true 实例=2 探针=2
[remounted 戊-A 转只读] runs=141
    first: 屏障0 actions=[] crash=Some(0) steps=["C err(BlockDevice)", "探针写(盘 0) 不过", "持续失败 → 转只读到下次挂载"] remount=ok(chosen 7) crash红=[] after红=[] 内容=同一份 切换=0 只读=true 实例=2 探针=1
[remounted 戊-B 干净] runs=163
[remounted 戊-B 没确认的那一版+红+转只读] runs=12
    first: 屏障2 actions=[] crash=Some(24) steps=["C err(BlockDevice)", "探针写(盘 0) 过", "切换#1 挂载失败(Publish(BlockDevice(InputOutput(Custom { kind: Other, error:)", "探针写(盘 1) 不过", "持续失败 → 转只读到下次挂载"] remount=ok(chosen 7) crash红=[] after红=["I-3.1: Violated(\"盘 0：记账的已分配 Some(933888)，遍历全部有效根得到 868352；机理：根环槽数 24、最新根 txg 10、环里自证过的根槽 10 个、最老的自证过的根 txg 0、遍历的候选根槽 10 个、被实例表判抛弃的根槽 0 个、回退下界 F 0、低于 F 的根槽 0 个\")"] 内容=没确认的 C 那一份 切换=1 只读=true 实例=2 探针=2
[remounted 戊-B 红] runs=11
    first: 屏障6 actions=[Retry] crash=None steps=["C ok(txg 8)", "Retry err(BlockDevice)"] remount=ok(chosen 8) crash红=[] after红=["I-3.1: Violated(\"盘 0：记账的已分配 Some(1097728)，遍历全部有效根得到 1032192；机理：根环槽数 24、最新根 txg 11、环里自证过的根槽 11 个、最老的自证过的根 txg 0、遍历的候选根槽 11 个、被实例表判抛弃的根槽 0 个、回退下界 F 0、低于 F 的根槽 0 个\")"] 内容=同一份 切换=0 只读=false 实例=2 探针=0
[remounted 戊-B 红+转只读] runs=6
    first: 屏障0 actions=[] crash=Some(56) steps=["C err(BlockDevice)", "探针写(盘 0) 过", "切换#1 挂载失败(Publish(BlockDevice(InputOutput(Custom { kind: Other, error:)", "探针写(盘 1) 不过", "持续失败 → 转只读到下次挂载"] remount=ok(chosen 9) crash红=[] after红=["I-3.1: Violated(\"盘 0：记账的已分配 Some(1064960)，遍历全部有效根得到 999424；机理：根环槽数 24、最新根 txg 13、环里自证过的根槽 13 个、最老的自证过的根 txg 0、遍历的候选根槽 13 个、被实例表判抛弃的根槽 0 个、回退下界 F 0、低于 F 的根槽 0 个\")"] 内容=同一份 切换=1 只读=true 实例=2 探针=2
[remounted 戊-B 转只读] runs=159
    first: 屏障0 actions=[] crash=Some(0) steps=["C err(BlockDevice)", "探针写(盘 0) 不过", "持续失败 → 转只读到下次挂载"] remount=ok(chosen 7) crash红=[] after红=[] 内容=同一份 切换=0 只读=true 实例=2 探针=1
[remounted 甲 干净] runs=314
[remounted 甲 没确认的那一版+红] runs=24
    first: 屏障2 actions=[] crash=None steps=["C err(BlockDevice)"] remount=ok(chosen 7) crash红=[] after红=["I-3.1: Violated(\"盘 0：记账的已分配 Some(933888)，遍历全部有效根得到 868352；机理：根环槽数 24、最新根 txg 10、环里自证过的根槽 10 个、最老的自证过的根 txg 0、遍历的候选根槽 10 个、被实例表判抛弃的根槽 0 个、回退下界 F 0、低于 F 的根槽 0 个\")"] 内容=没确认的 C 那一份 切换=0 只读=false 实例=2 探针=0
[remounted 甲 红] runs=13
    first: 屏障0 actions=[Remount] crash=Some(56) steps=["C err(BlockDevice)", "重开 err(Publish(BlockDevice(InputOutput(Custom { kind: Other, error:)"] remount=ok(chosen 9) crash红=[] after红=["I-3.1: Violated(\"盘 0：记账的已分配 Some(1064960)，遍历全部有效根得到 999424；机理：根环槽数 24、最新根 txg 13、环里自证过的根槽 13 个、最老的自证过的根 txg 0、遍历的候选根槽 13 个、被实例表判抛弃的根槽 0 个、回退下界 F 0、低于 F 的根槽 0 个\")"] 内容=同一份 切换=0 只读=false 实例=2 探针=0
[rolled_back 丙 干净] runs=302
[rolled_back 丙 没确认的那一版+红] runs=36
    first: 屏障2 actions=[] crash=None steps=["C err(BlockDevice)"] remount=ok(chosen 10) crash红=[] after红=["I-3.1: Violated(\"盘 0：记账的已分配 Some(704512)，遍历全部有效根得到 638976；机理：根环槽数 24、最新根 txg 13、环里自证过的根槽 13 个、最老的自证过的根 txg 0、遍历的候选根槽 8 个、被实例表判抛弃的根槽 5 个、回退下界 F 0、低于 F 的根槽 0 个\")"] 内容=没确认的 C 那一份 切换=0 只读=false 实例=3 探针=0
[rolled_back 丙 红] runs=13
    first: 屏障0 actions=[Remount] crash=Some(56) steps=["C err(BlockDevice)", "重开 err(Publish(BlockDevice(InputOutput(Custom { kind: Other, error:)"] remount=ok(chosen 12) crash红=[] after红=["I-3.1: Violated(\"盘 0：记账的已分配 Some(835584)，遍历全部有效根得到 770048；机理：根环槽数 24、最新根 txg 16、环里自证过的根槽 16 个、最老的自证过的根 txg 0、遍历的候选根槽 11 个、被实例表判抛弃的根槽 5 个、回退下界 F 0、低于 F 的根槽 0 个\")"] 内容=同一份 切换=0 只读=false 实例=3 探针=0
[rolled_back 戊-A 干净] runs=157
[rolled_back 戊-A 没确认的那一版+红+转只读] runs=30
    first: 屏障2 actions=[] crash=Some(24) steps=["C err(BlockDevice)", "探针写(盘 0) 过", "切换#1 挂载失败(Publish(BlockDevice(InputOutput(Custom { kind: Other, error:)", "探针写(盘 1) 不过", "持续失败 → 转只读到下次挂载"] remount=ok(chosen 10) crash红=[] after红=["I-3.1: Violated(\"盘 0：记账的已分配 Some(704512)，遍历全部有效根得到 638976；机理：根环槽数 24、最新根 txg 13、环里自证过的根槽 13 个、最老的自证过的根 txg 0、遍历的候选根槽 8 个、被实例表判抛弃的根槽 5 个、回退下界 F 0、低于 F 的根槽 0 个\")"] 内容=没确认的 C 那一份 切换=1 只读=true 实例=3 探针=2
[rolled_back 戊-A 红] runs=17
    first: 屏障2 actions=[] crash=None steps=["C err(BlockDevice)", "探针写(盘 0) 过", "切换#1（近似：进程内可写重开）ok(所选根 txg 10，新实例 4，现行 txg 13)", "重发在飞 checkpoint ok(txg 14)"] remount=ok(chosen 14) crash红=["I-3.1: Violated(\"盘 0：记账的已分配 Some(868352)，遍历全部有效根得到 802816；机理：根环槽数 24、最新根 txg 14、环里自证过的根槽 14 个、最老的自证过的根 txg 0、遍历的候选根槽 9 个、被实例表判抛弃的根槽 5 个、回退下界 F 0、低于 F 的根槽 0 个\")"] after红=["I-3.1: Violated(\"盘 0：记账的已分配 Some(1032192)，遍历全部有效根得到 966656；机理：根环槽数 24、最新根 txg 16、环里自证过的根槽 16 个、最老的自证过的根 txg 0、遍历的候选根槽 11 个、被实例表判抛弃的根槽 5 个、回退下界 F 0、低于 F 的根槽 0 个\")"] 内容=同一份 切换=1 只读=false 实例=4 探针=1
[rolled_back 戊-A 红+转只读] runs=6
    first: 屏障0 actions=[] crash=Some(56) steps=["C err(BlockDevice)", "探针写(盘 0) 过", "切换#1 挂载失败(Publish(BlockDevice(InputOutput(Custom { kind: Other, error:)", "探针写(盘 1) 不过", "持续失败 → 转只读到下次挂载"] remount=ok(chosen 12) crash红=[] after红=["I-3.1: Violated(\"盘 0：记账的已分配 Some(835584)，遍历全部有效根得到 770048；机理：根环槽数 24、最新根 txg 16、环里自证过的根槽 16 个、最老的自证过的根 txg 0、遍历的候选根槽 11 个、被实例表判抛弃的根槽 5 个、回退下界 F 0、低于 F 的根槽 0 个\")"] 内容=同一份 切换=1 只读=true 实例=3 探针=2
[rolled_back 戊-A 转只读] runs=141
    first: 屏障0 actions=[] crash=Some(0) steps=["C err(BlockDevice)", "探针写(盘 0) 不过", "持续失败 → 转只读到下次挂载"] remount=ok(chosen 10) crash红=[] after红=[] 内容=同一份 切换=0 只读=true 实例=3 探针=1
[rolled_back 戊-B 干净] runs=163
[rolled_back 戊-B 没确认的那一版+红+转只读] runs=12
    first: 屏障2 actions=[] crash=Some(24) steps=["C err(BlockDevice)", "探针写(盘 0) 过", "切换#1 挂载失败(Publish(BlockDevice(InputOutput(Custom { kind: Other, error:)", "探针写(盘 1) 不过", "持续失败 → 转只读到下次挂载"] remount=ok(chosen 10) crash红=[] after红=["I-3.1: Violated(\"盘 0：记账的已分配 Some(704512)，遍历全部有效根得到 638976；机理：根环槽数 24、最新根 txg 13、环里自证过的根槽 13 个、最老的自证过的根 txg 0、遍历的候选根槽 8 个、被实例表判抛弃的根槽 5 个、回退下界 F 0、低于 F 的根槽 0 个\")"] 内容=没确认的 C 那一份 切换=1 只读=true 实例=3 探针=2
[rolled_back 戊-B 红] runs=11
    first: 屏障6 actions=[Retry] crash=None steps=["C ok(txg 11)", "Retry err(BlockDevice)"] remount=ok(chosen 11) crash红=[] after红=["I-3.1: Violated(\"盘 0：记账的已分配 Some(868352)，遍历全部有效根得到 802816；机理：根环槽数 24、最新根 txg 14、环里自证过的根槽 14 个、最老的自证过的根 txg 0、遍历的候选根槽 9 个、被实例表判抛弃的根槽 5 个、回退下界 F 0、低于 F 的根槽 0 个\")"] 内容=同一份 切换=0 只读=false 实例=3 探针=0
[rolled_back 戊-B 红+转只读] runs=6
    first: 屏障0 actions=[] crash=Some(56) steps=["C err(BlockDevice)", "探针写(盘 0) 过", "切换#1 挂载失败(Publish(BlockDevice(InputOutput(Custom { kind: Other, error:)", "探针写(盘 1) 不过", "持续失败 → 转只读到下次挂载"] remount=ok(chosen 12) crash红=[] after红=["I-3.1: Violated(\"盘 0：记账的已分配 Some(835584)，遍历全部有效根得到 770048；机理：根环槽数 24、最新根 txg 16、环里自证过的根槽 16 个、最老的自证过的根 txg 0、遍历的候选根槽 11 个、被实例表判抛弃的根槽 5 个、回退下界 F 0、低于 F 的根槽 0 个\")"] 内容=同一份 切换=1 只读=true 实例=3 探针=2
[rolled_back 戊-B 转只读] runs=159
    first: 屏障0 actions=[] crash=Some(0) steps=["C err(BlockDevice)", "探针写(盘 0) 不过", "持续失败 → 转只读到下次挂载"] remount=ok(chosen 10) crash红=[] after红=[] 内容=同一份 切换=0 只读=true 实例=3 探针=1
[rolled_back 甲 干净] runs=314
[rolled_back 甲 没确认的那一版+红] runs=24
    first: 屏障2 actions=[] crash=None steps=["C err(BlockDevice)"] remount=ok(chosen 10) crash红=[] after红=["I-3.1: Violated(\"盘 0：记账的已分配 Some(704512)，遍历全部有效根得到 638976；机理：根环槽数 24、最新根 txg 13、环里自证过的根槽 13 个、最老的自证过的根 txg 0、遍历的候选根槽 8 个、被实例表判抛弃的根槽 5 个、回退下界 F 0、低于 F 的根槽 0 个\")"] 内容=没确认的 C 那一份 切换=0 只读=false 实例=3 探针=0
[rolled_back 甲 红] runs=13
    first: 屏障0 actions=[Remount] crash=Some(56) steps=["C err(BlockDevice)", "重开 err(Publish(BlockDevice(InputOutput(Custom { kind: Other, error:)"] remount=ok(chosen 12) crash红=[] after红=["I-3.1: Violated(\"盘 0：记账的已分配 Some(835584)，遍历全部有效根得到 770048；机理：根环槽数 24、最新根 txg 16、环里自证过的根槽 16 个、最老的自证过的根 txg 0、遍历的候选根槽 11 个、被实例表判抛弃的根槽 5 个、回退下界 F 0、低于 F 的根槽 0 个\")"] 内容=同一份 切换=0 只读=false 实例=3 探针=0
[txg6 丙 干净] runs=304
[txg6 丙 没确认的那一版+红] runs=36
    first: 屏障2 actions=[] crash=None steps=["C err(BlockDevice)"] remount=ok(chosen 5) crash红=[] after红=["I-3.1: Violated(\"盘 0：记账的已分配 Some(770048)，遍历全部有效根得到 704512；机理：根环槽数 24、最新根 txg 8、环里自证过的根槽 8 个、最老的自证过的根 txg 0、遍历的候选根槽 8 个、被实例表判抛弃的根槽 0 个、回退下界 F 0、低于 F 的根槽 0 个\")"] 内容=没确认的 C 那一份 切换=0 只读=false 实例=1 探针=0
[txg6 丙 红] runs=11
    first: 屏障6 actions=[Retry] crash=None steps=["C ok(txg 6)", "Retry err(BlockDevice)"] remount=ok(chosen 6) crash红=[] after红=["I-3.1: Violated(\"盘 0：记账的已分配 Some(999424)，遍历全部有效根得到 933888；机理：根环槽数 24、最新根 txg 10、环里自证过的根槽 10 个、最老的自证过的根 txg 0、遍历的候选根槽 10 个、被实例表判抛弃的根槽 0 个、回退下界 F 0、低于 F 的根槽 0 个\")"] 内容=同一份 切换=0 只读=false 实例=1 探针=0
[txg6 戊-A 干净] runs=157
[txg6 戊-A 没确认的那一版+红+转只读] runs=30
    first: 屏障2 actions=[] crash=Some(24) steps=["C err(BlockDevice)", "探针写(盘 0) 过", "切换#1 挂载失败(Publish(BlockDevice(InputOutput(Custom { kind: Other, error:)", "探针写(盘 1) 不过", "持续失败 → 转只读到下次挂载"] remount=ok(chosen 5) crash红=[] after红=["I-3.1: Violated(\"盘 0：记账的已分配 Some(770048)，遍历全部有效根得到 704512；机理：根环槽数 24、最新根 txg 8、环里自证过的根槽 8 个、最老的自证过的根 txg 0、遍历的候选根槽 8 个、被实例表判抛弃的根槽 0 个、回退下界 F 0、低于 F 的根槽 0 个\")"] 内容=没确认的 C 那一份 切换=1 只读=true 实例=1 探针=2
[txg6 戊-A 红] runs=17
    first: 屏障2 actions=[] crash=None steps=["C err(BlockDevice)", "探针写(盘 0) 过", "切换#1（近似：进程内可写重开）ok(所选根 txg 5，新实例 2，现行 txg 8)", "重发在飞 checkpoint ok(txg 9)"] remount=ok(chosen 9) crash红=["I-3.1: Violated(\"盘 0：记账的已分配 Some(933888)，遍历全部有效根得到 868352；机理：根环槽数 24、最新根 txg 9、环里自证过的根槽 9 个、最老的自证过的根 txg 0、遍历的候选根槽 9 个、被实例表判抛弃的根槽 0 个、回退下界 F 0、低于 F 的根槽 0 个\")"] after红=["I-3.1: Violated(\"盘 0：记账的已分配 Some(1097728)，遍历全部有效根得到 1032192；机理：根环槽数 24、最新根 txg 11、环里自证过的根槽 11 个、最老的自证过的根 txg 0、遍历的候选根槽 11 个、被实例表判抛弃的根槽 0 个、回退下界 F 0、低于 F 的根槽 0 个\")"] 内容=同一份 切换=1 只读=false 实例=2 探针=1
[txg6 戊-A 转只读] runs=147
    first: 屏障0 actions=[] crash=Some(0) steps=["C err(BlockDevice)", "探针写(盘 0) 不过", "持续失败 → 转只读到下次挂载"] remount=ok(chosen 5) crash红=[] after红=[] 内容=同一份 切换=0 只读=true 实例=1 探针=1
[txg6 戊-B 干净] runs=163
[txg6 戊-B 没确认的那一版+红+转只读] runs=12
    first: 屏障2 actions=[] crash=Some(24) steps=["C err(BlockDevice)", "探针写(盘 0) 过", "切换#1 挂载失败(Publish(BlockDevice(InputOutput(Custom { kind: Other, error:)", "探针写(盘 1) 不过", "持续失败 → 转只读到下次挂载"] remount=ok(chosen 5) crash红=[] after红=["I-3.1: Violated(\"盘 0：记账的已分配 Some(770048)，遍历全部有效根得到 704512；机理：根环槽数 24、最新根 txg 8、环里自证过的根槽 8 个、最老的自证过的根 txg 0、遍历的候选根槽 8 个、被实例表判抛弃的根槽 0 个、回退下界 F 0、低于 F 的根槽 0 个\")"] 内容=没确认的 C 那一份 切换=1 只读=true 实例=1 探针=2
[txg6 戊-B 红] runs=11
    first: 屏障6 actions=[Retry] crash=None steps=["C ok(txg 6)", "Retry err(BlockDevice)"] remount=ok(chosen 6) crash红=[] after红=["I-3.1: Violated(\"盘 0：记账的已分配 Some(999424)，遍历全部有效根得到 933888；机理：根环槽数 24、最新根 txg 10、环里自证过的根槽 10 个、最老的自证过的根 txg 0、遍历的候选根槽 10 个、被实例表判抛弃的根槽 0 个、回退下界 F 0、低于 F 的根槽 0 个\")"] 内容=同一份 切换=0 只读=false 实例=1 探针=0
[txg6 戊-B 转只读] runs=165
    first: 屏障0 actions=[] crash=Some(0) steps=["C err(BlockDevice)", "探针写(盘 0) 不过", "持续失败 → 转只读到下次挂载"] remount=ok(chosen 5) crash红=[] after红=[] 内容=同一份 切换=0 只读=true 实例=1 探针=1
[txg6 甲 干净] runs=316
[txg6 甲 没确认的那一版+红] runs=24
    first: 屏障2 actions=[] crash=None steps=["C err(BlockDevice)"] remount=ok(chosen 5) crash红=[] after红=["I-3.1: Violated(\"盘 0：记账的已分配 Some(770048)，遍历全部有效根得到 704512；机理：根环槽数 24、最新根 txg 8、环里自证过的根槽 8 个、最老的自证过的根 txg 0、遍历的候选根槽 8 个、被实例表判抛弃的根槽 0 个、回退下界 F 0、低于 F 的根槽 0 个\")"] 内容=没确认的 C 那一份 切换=0 只读=false 实例=1 探针=0
[txg6 甲 红] runs=11
    first: 屏障6 actions=[Retry] crash=None steps=["C ok(txg 6)", "Retry err(BlockDevice)"] remount=ok(chosen 6) crash红=[] after红=["I-3.1: Violated(\"盘 0：记账的已分配 Some(999424)，遍历全部有效根得到 933888；机理：根环槽数 24、最新根 txg 10、环里自证过的根槽 10 个、最老的自证过的根 txg 0、遍历的候选根槽 10 个、被实例表判抛弃的根槽 0 个、回退下界 F 0、低于 F 的根槽 0 个\")"] 内容=同一份 切换=0 只读=false 实例=1 探针=0
[txg7 丙 干净] runs=304
[txg7 丙 没确认的那一版+红] runs=36
    first: 屏障2 actions=[] crash=None steps=["C err(BlockDevice)"] remount=ok(chosen 6) crash红=[] after红=["I-3.1: Violated(\"盘 0：记账的已分配 Some(901120)，遍历全部有效根得到 835584；机理：根环槽数 24、最新根 txg 10、环里自证过的根槽 10 个、最老的自证过的根 txg 0、遍历的候选根槽 10 个、被实例表判抛弃的根槽 0 个、回退下界 F 0、低于 F 的根槽 0 个\")"] 内容=没确认的 C 那一份 切换=0 只读=false 实例=1 探针=0
[txg7 丙 红] runs=11
    first: 屏障6 actions=[Retry] crash=None steps=["C ok(txg 7)", "Retry err(BlockDevice)"] remount=ok(chosen 7) crash红=[] after红=["I-3.1: Violated(\"盘 0：记账的已分配 Some(999424)，遍历全部有效根得到 933888；机理：根环槽数 24、最新根 txg 10、环里自证过的根槽 10 个、最老的自证过的根 txg 0、遍历的候选根槽 10 个、被实例表判抛弃的根槽 0 个、回退下界 F 0、低于 F 的根槽 0 个\")"] 内容=同一份 切换=0 只读=false 实例=1 探针=0
[txg7 戊-A 干净] runs=157
[txg7 戊-A 没确认的那一版+红+转只读] runs=30
    first: 屏障2 actions=[] crash=Some(24) steps=["C err(BlockDevice)", "探针写(盘 0) 过", "切换#1 挂载失败(Publish(BlockDevice(InputOutput(Custom { kind: Other, error:)", "探针写(盘 1) 不过", "持续失败 → 转只读到下次挂载"] remount=ok(chosen 6) crash红=[] after红=["I-3.1: Violated(\"盘 0：记账的已分配 Some(901120)，遍历全部有效根得到 835584；机理：根环槽数 24、最新根 txg 10、环里自证过的根槽 10 个、最老的自证过的根 txg 0、遍历的候选根槽 10 个、被实例表判抛弃的根槽 0 个、回退下界 F 0、低于 F 的根槽 0 个\")"] 内容=没确认的 C 那一份 切换=1 只读=true 实例=1 探针=2
[txg7 戊-A 红] runs=17
    first: 屏障2 actions=[] crash=None steps=["C err(BlockDevice)", "探针写(盘 0) 过", "切换#1（近似：进程内可写重开）ok(所选根 txg 6，新实例 2，现行 txg 10)", "重发在飞 checkpoint ok(txg 11)"] remount=ok(chosen 11) crash红=["I-3.1: Violated(\"盘 0：记账的已分配 Some(1064960)，遍历全部有效根得到 999424；机理：根环槽数 24、最新根 txg 11、环里自证过的根槽 11 个、最老的自证过的根 txg 0、遍历的候选根槽 11 个、被实例表判抛弃的根槽 0 个、回退下界 F 0、低于 F 的根槽 0 个\")"] after红=["I-3.1: Violated(\"盘 0：记账的已分配 Some(1228800)，遍历全部有效根得到 1163264；机理：根环槽数 24、最新根 txg 13、环里自证过的根槽 13 个、最老的自证过的根 txg 0、遍历的候选根槽 13 个、被实例表判抛弃的根槽 0 个、回退下界 F 0、低于 F 的根槽 0 个\")"] 内容=同一份 切换=1 只读=false 实例=2 探针=1
[txg7 戊-A 转只读] runs=147
    first: 屏障0 actions=[] crash=Some(0) steps=["C err(BlockDevice)", "探针写(盘 0) 不过", "持续失败 → 转只读到下次挂载"] remount=ok(chosen 6) crash红=[] after红=[] 内容=同一份 切换=0 只读=true 实例=1 探针=1
[txg7 戊-B 干净] runs=163
[txg7 戊-B 没确认的那一版+红+转只读] runs=12
    first: 屏障2 actions=[] crash=Some(24) steps=["C err(BlockDevice)", "探针写(盘 0) 过", "切换#1 挂载失败(Publish(BlockDevice(InputOutput(Custom { kind: Other, error:)", "探针写(盘 1) 不过", "持续失败 → 转只读到下次挂载"] remount=ok(chosen 6) crash红=[] after红=["I-3.1: Violated(\"盘 0：记账的已分配 Some(901120)，遍历全部有效根得到 835584；机理：根环槽数 24、最新根 txg 10、环里自证过的根槽 10 个、最老的自证过的根 txg 0、遍历的候选根槽 10 个、被实例表判抛弃的根槽 0 个、回退下界 F 0、低于 F 的根槽 0 个\")"] 内容=没确认的 C 那一份 切换=1 只读=true 实例=1 探针=2
[txg7 戊-B 红] runs=11
    first: 屏障6 actions=[Retry] crash=None steps=["C ok(txg 7)", "Retry err(BlockDevice)"] remount=ok(chosen 7) crash红=[] after红=["I-3.1: Violated(\"盘 0：记账的已分配 Some(999424)，遍历全部有效根得到 933888；机理：根环槽数 24、最新根 txg 10、环里自证过的根槽 10 个、最老的自证过的根 txg 0、遍历的候选根槽 10 个、被实例表判抛弃的根槽 0 个、回退下界 F 0、低于 F 的根槽 0 个\")"] 内容=同一份 切换=0 只读=false 实例=1 探针=0
[txg7 戊-B 转只读] runs=165
    first: 屏障0 actions=[] crash=Some(0) steps=["C err(BlockDevice)", "探针写(盘 0) 不过", "持续失败 → 转只读到下次挂载"] remount=ok(chosen 6) crash红=[] after红=[] 内容=同一份 切换=0 只读=true 实例=1 探针=1
[txg7 甲 干净] runs=316
[txg7 甲 没确认的那一版+红] runs=24
    first: 屏障2 actions=[] crash=None steps=["C err(BlockDevice)"] remount=ok(chosen 6) crash红=[] after红=["I-3.1: Violated(\"盘 0：记账的已分配 Some(901120)，遍历全部有效根得到 835584；机理：根环槽数 24、最新根 txg 10、环里自证过的根槽 10 个、最老的自证过的根 txg 0、遍历的候选根槽 10 个、被实例表判抛弃的根槽 0 个、回退下界 F 0、低于 F 的根槽 0 个\")"] 内容=没确认的 C 那一份 切换=0 只读=false 实例=1 探针=0
[txg7 甲 红] runs=11
    first: 屏障6 actions=[Retry] crash=None steps=["C ok(txg 7)", "Retry err(BlockDevice)"] remount=ok(chosen 7) crash红=[] after红=["I-3.1: Violated(\"盘 0：记账的已分配 Some(999424)，遍历全部有效根得到 933888；机理：根环槽数 24、最新根 txg 10、环里自证过的根槽 10 个、最老的自证过的根 txg 0、遍历的候选根槽 10 个、被实例表判抛弃的根槽 0 个、回退下界 F 0、低于 F 的根槽 0 个\")"] 内容=同一份 切换=0 只读=false 实例=1 探针=0
ok

test result: ok. 1 passed; 0 failed; 0 ignored; 0 measured; 5 filtered out; finished in 35.79s

