
running 1 test
── 随机历史大档 ──
种子 [0, 48)，每段 40 步，比重：偏向抬 F 之后的复用（第 121 行那一类的取样点）
历史 48 段：跑完 5、以已知红收尾 {0: 43}、新发现 0；根环转过一圈的 47 段；最高 txg 46
  操作 PublishFirstFile：Ok 5、Err 13、前提不满足没调 2
  操作 PublishOverwrite：Ok 514、Err 154、前提不满足没调 38
  操作 PublishWithoutUnits：Ok 0、Err 0、前提不满足没调 10
  操作 CloseAndMountWritable：Ok 267、Err 4、前提不满足没调 0
  操作 CloseAndMountRollback：Ok 19、Err 11、前提不满足没调 0
  操作 RaiseRollbackFloor：Ok 89、Err 184、前提不满足没调 12
  操作 ColdStartRecover：Ok 13、Err 0、前提不满足没调 0
  内容长度 0 字节：入口被调 87 次、发成 85 次
  内容长度 [1, 载荷容量 − 2]：入口被调 388 次、发成 382 次
  内容长度 数据单元整宽 32768（装不下）：入口被调 47 次、发成 0 次
  内容长度 载荷容量：入口被调 61 次、发成 0 次
  内容长度 载荷容量 + 1（装不下）：入口被调 50 次、发成 0 次
  内容长度 载荷容量 − 1：入口被调 53 次、发成 52 次
  Err 成员 MountError::InstanceRowsOnVersionWithoutFileUnsupported：4 次
  Err 成员 MountError::RaiseNeedsRewrittenInstanceTableUnitInCurrentVersion：37 次
  Err 成员 MountError::RollbackFloorAboveCeiling：147 次
  Err 成员 MountError::RollbackTargetNotACandidate（txg 低于生效的回退下界 F）：2 次
  Err 成员 MountError::RollbackTargetNotInRing：4 次
  Err 成员 MountError::RollbackToVersionWithoutFileUnsupported：5 次
  Err 成员 PublishError::ContentExceedsDataUnit：154 次
  Err 成员 PublishError::FirstFileVersionNotRightAfterTheSecondWarmUp：13 次
  前提不满足（没有可写会话）：53 次
  前提不满足（现行版本带文件）：9 次
  冷启动结局 FileRead：12 次
  冷启动结局 NoFile：1 次
  一次挂载里最多写出 32 条根；一段历史里最多挂载成功 10 次、最多试挂载 10 次
  抬 F 回收到落点 68 次、共回收 1756 个落点；复用已释放的记录 1160 条（其中跨度变了 194 条）；已释放的记录被罩住起点 28 条、被删 28 条
  挂载写出的发布比过分配记录 681 次；挂载之前生效根的分配记录读不出、没比的挂载 0 次
  checker 跑了 942 次；一个写都没发、沿用上一次结论的 441 步
  I-1.1：判绿 942 次、不适用 0 次
  I-1.3：判绿 942 次、不适用 0 次
  I-1.4：判绿 942 次、不适用 0 次
  I-1.6：判绿 942 次、不适用 0 次
  I-1.7：判绿 942 次、不适用 0 次
  I-2.1：判绿 942 次、不适用 0 次
  I-2.3：判绿 942 次、不适用 0 次
  I-2.4：判绿 942 次、不适用 0 次
  I-2.5：判绿 942 次、不适用 0 次
  I-3.1：判绿 887 次、不适用 12 次
  I-3.8：判绿 942 次、不适用 0 次
  I-3.9：判绿 930 次、不适用 12 次
  I-4.8：判绿 942 次、不适用 0 次
  I-5.1：判绿 942 次、不适用 0 次
  I-5.2：判绿 930 次、不适用 12 次
  I-5.4：判绿 930 次、不适用 12 次
  I-7.1：判绿 942 次、不适用 0 次
  I-7.2：判绿 942 次、不适用 0 次
  I-7.4：判绿 942 次、不适用 0 次
  I-7.6：判绿 942 次、不适用 0 次
  I-7.7：判绿 942 次、不适用 0 次
  I-7.8：判绿 942 次、不适用 0 次
  I-9.1：判绿 930 次、不适用 12 次
  I-9.2：判绿 930 次、不适用 12 次
  I-9.4：判绿 930 次、不适用 12 次
  I-9.7：判绿 930 次、不适用 12 次
  I-9.10：判绿 930 次、不适用 12 次
  I-9.13：判绿 930 次、不适用 12 次
  I-9.14：判绿 883 次、不适用 59 次
已知红第 0 条（增补 2 收口表第 ② 行（一次挂载转过一整圈根环时 checker 在合法状态上判 I-3.1 红））：43 段；前几个种子 [(0, Operation(12)), (1, Operation(18)), (2, Operation(32)), (3, Operation(24)), (4, Operation(36)), (5, Operation(28)), (6, Operation(39)), (7, Operation(28))]
已知红第 1 条（增补 2 收口表第 43 行）：0 段；前几个种子 []
每个新发现的种子：[]
用时 1.8 秒
test random_histories_large_tier_seeds_and_length_from_the_environment ... ok

test result: ok. 1 passed; 0 failed; 0 ignored; 0 measured; 7 filtered out; finished in 1.81s

    Finished `release` profile [optimized + debuginfo] target(s) in 0.00s
     Running tests/second_transaction_supplement_three_random_history.rs (target/release/deps/second_transaction_supplement_three_random_history-febc0246c8ac82b5)
