    Finished `release` profile [optimized + debuginfo] target(s) in 0.00s
     Running tests/second_transaction_supplement_three_random_history.rs (target/release/deps/second_transaction_supplement_three_random_history-febc0246c8ac82b5)

running 1 test
── 随机历史大档 ──
种子 [0, 96)，每段 200 步，比重：偏向抬 F 之后的复用（第 121 行那一类的取样点）；不跑池级 checker（只由模型、执行器的判定与 panic 判）
历史 96 段：跑完 96、以已知红收尾 {}、新发现 0；根环转过一圈的 94 段；最高 txg 268
  操作 PublishFirstFile：Ok 8、Err 136、前提不满足没调 65
  操作 PublishOverwrite：Ok 6396、Err 1338、前提不满足没调 2601
  操作 PublishWithoutUnits：Ok 0、Err 0、前提不满足没调 180
  操作 CloseAndMountWritable：Ok 2641、Err 965、前提不满足没调 0
  操作 CloseAndMountRollback：Ok 285、Err 154、前提不满足没调 0
  操作 RaiseRollbackFloor：Ok 1536、Err 1674、前提不满足没调 1018
  操作 ColdStartRecover：Ok 203、Err 0、前提不满足没调 0
  内容长度 0 字节：入口被调 781 次、发成 739 次
  内容长度 [1, 载荷容量 − 2]：入口被调 4662 次、发成 4428 次
  内容长度 数据单元整宽 32768（装不下）：入口被调 574 次、发成 0 次
  内容长度 载荷容量：入口被调 667 次、发成 633 次
  内容长度 载荷容量 + 1（装不下）：入口被调 567 次、发成 0 次
  内容长度 载荷容量 − 1：入口被调 627 次、发成 604 次
  Err 成员 MountError::InstanceRowsOnVersionWithoutFileUnsupported：75 次
  Err 成员 MountError::Publish(PublishError::AllocationRecordsExceedOneNode)：62 次
  Err 成员 MountError::RaiseNeedsRewrittenInstanceTableUnitInCurrentVersion：92 次
  Err 成员 MountError::RollbackFloorAboveCeiling：1520 次
  Err 成员 MountError::RollbackTargetNotACandidate(BelowEffectiveFloor)：18 次
  Err 成员 MountError::RollbackTargetNotACandidate(NotInRing)：77 次
  Err 成员 MountError::RollbackTargetNotACandidate(OnAbandonedTimeline)：11 次
  Err 成员 MountError::RollbackTargetNotACandidate(TargetVersionWithoutFileUnsupported)：12 次
  Err 成员 MountError::RowPublishAdmissionRefusedBeforeAcquisition(PublishError::AllocationRecordsExceedOneNode)：478 次
  Err 成员 MountError::WarmUpAdmissionRefusedBeforeAcquisition(PublishError::AllocationRecordsExceedOneNode)：448 次
  Err 成员 PublishError::AllocationRecordsExceedOneNode：216 次
  Err 成员 PublishError::ContentExceedsDataUnit：1123 次
  Err 成员 PublishError::FirstFileVersionNotRightAfterTheSecondWarmUp：135 次
  前提不满足（没有可写会话）：3728 次
  前提不满足（现行版本带文件）：131 次
  前提不满足（现行版本树表 0 条）：5 次
  冷启动结局 FileRead：198 次
  冷启动结局 NoFile：5 次
  一次挂载里最多写出 42 条根；一段历史里最多挂载成功 54 次、最多试挂载 55 次
  抬 F 回收到落点 1392 次、共回收 53909 个落点；复用已释放的记录 102772 条（其中跨度变了 9206 条）；已释放的记录被罩住起点 4554 条、被删 4554 条
  挂载写出的发布比过分配记录 7129 次；挂载之前生效根的分配记录读不出、没比的挂载 0 次
  checker 跑了 0 次；一个写都没发、沿用上一次结论的 8311 步
  模型对拍 15422 步：该拒而拒 2971、区间里拒 1296、该成而成 11155；比过根 17329 条、分配记录 310950 条、冷启动内容 198 次、抬 F 上限 3056 次；回退到 txg = F_生效 > 0 的根做成 3 次；分配记录墙按镜像上的真条数放行 1204 次
  I-1.1：判绿 0 次、不适用 0 次
  I-1.3：判绿 0 次、不适用 0 次
  I-1.4：判绿 0 次、不适用 0 次
  I-1.6：判绿 0 次、不适用 0 次
  I-1.7：判绿 0 次、不适用 0 次
  I-2.1：判绿 0 次、不适用 0 次
  I-2.3：判绿 0 次、不适用 0 次
  I-2.4：判绿 0 次、不适用 0 次
  I-2.5：判绿 0 次、不适用 0 次
  I-3.1：判绿 0 次、不适用 0 次
  I-3.8：判绿 0 次、不适用 0 次
  I-3.9：判绿 0 次、不适用 0 次
  I-4.8：判绿 0 次、不适用 0 次
  I-5.1：判绿 0 次、不适用 0 次
  I-5.2：判绿 0 次、不适用 0 次
  I-5.4：判绿 0 次、不适用 0 次
  I-7.1：判绿 0 次、不适用 0 次
  I-7.2：判绿 0 次、不适用 0 次
  I-7.4：判绿 0 次、不适用 0 次
  I-7.6：判绿 0 次、不适用 0 次
  I-7.7：判绿 0 次、不适用 0 次
  I-7.8：判绿 0 次、不适用 0 次
  I-9.1：判绿 0 次、不适用 0 次
  I-9.2：判绿 0 次、不适用 0 次
  I-9.4：判绿 0 次、不适用 0 次
  I-9.7：判绿 0 次、不适用 0 次
  I-9.10：判绿 0 次、不适用 0 次
  I-9.13：判绿 0 次、不适用 0 次
  I-9.14：判绿 0 次、不适用 0 次
已知红第 0 条（增补 2 收口表第 ② 行（一次挂载转过一整圈根环时 checker 在合法状态上判 I-3.1 红））：0 段；前几个种子 []
已知红第 1 条（增补 2 收口表第 43 行）：0 段；前几个种子 []
每个新发现的种子：[]
用时 19.5 秒
test random_histories_large_tier_seeds_and_length_from_the_environment ... ok

test result: ok. 1 passed; 0 failed; 0 ignored; 0 measured; 14 filtered out; finished in 19.52s

exit 0
