════ H-B2 [post] 工具链 1 下提交 A → 工具链升到 2 → SINGLEFS_GATE_FULL=1 重新验 HEAD
  ── 提交 A 之前的门禁（工具链 1）
  ✓ 层 0 快档跑完（release，只跑不标 ignored 的用例，全量那条留给 --full）：第一个事务那条流 5 条通过、1 条 ignored；两次发布那条流 5 条通过、1 条 ignored
  ✓ 这批输入那一格全绿标记与这批输入的内容哈希相同（63342786f92e3d2d…，4 个文件，登记路径 crates/ Cargo.toml Cargo.lock），两条流都是 exhaustive=true：层 0 全量跑完于 2026-09-24T01:37:45Z，标记里的计数行原样
    [gate --staged 里 54 号退出码 0]
  ── 工具链升到 2；工作树干净：0 行 status
      [格] 63342786f92e worker_threads=32 judged_root=…/tmp.48W3DX9UXb/tree
  ── SINGLEFS_GATE_FULL=1，带 --staged 的建法
  ✓ 层 0 快档跑完（release，只跑不标 ignored 的用例，全量那条留给 --full）：第一个事务那条流 5 条通过、1 条 ignored；两次发布那条流 5 条通过、1 条 ignored
  ✓ 这批输入那一格全绿标记与这批输入的内容哈希相同（63342786f92e3d2d…，4 个文件，登记路径 crates/ Cargo.toml Cargo.lock），两条流都是 exhaustive=true：层 0 全量跑完于 2026-09-24T01:37:45Z，标记里的计数行原样
    [gate --staged 里 54 号退出码 0]
  ── SINGLEFS_GATE_FULL=1，主工作区直接跑 54 号
    [退出码 0]
  ✓ 层 0 快档跑完（release，只跑不标 ignored 的用例，全量那条留给 --full）：第一个事务那条流 5 条通过、1 条 ignored；两次发布那条流 5 条通过、1 条 ignored
  ✓ 这批输入那一格全绿标记与这批输入的内容哈希相同（63342786f92e3d2d…，4 个文件，登记路径 crates/ Cargo.toml Cargo.lock），两条流都是 exhaustive=true：层 0 全量跑完于 2026-09-24T01:37:45Z，标记里的计数行原样
  ── 真值（工具链 2 下这份 HEAD 用它自己的 54 号跑全量）
  ✗ 层 0 崩溃点重放的用例判红（上面是 cargo test 的尾部）
    [真值：这份 HEAD + 暂存区用它自己的 54 号跑 --full，退出码 1]

════ H-B2 [pre] 工具链 1 下提交 A → 工具链升到 2 → SINGLEFS_GATE_FULL=1 重新验 HEAD
  ── 提交 A 之前的门禁（工具链 1）
  ✓ 层 0 崩溃点重放全量跑完（第一个事务那条流、每个状态两遍恢复 + checker + 记录核对器；32 个工作线程，SINGLEFS_LAYER0_THREADS=32（没设，取本机核数），本机 32 核）：states=262165 closed_form=262165 violatio
  ✓ 第一个事务那条流逐条不变量（评估过的状态数/判违例的状态数）：record_root_without_record=0 record_claimed_state_missing_unit=0 I-1.1=262165/0 I-2.1=4/0
  ✓ 层 0 崩溃点重放全量跑完（两次发布那条流，多版本 oracle；32 个工作线程，SINGLEFS_LAYER0_THREADS=32（没设，取本机核数），本机 32 核）：states=2104413 closed_form=2104413 exhaustive=true violati
    [gate --staged 里 54 号退出码 0]
  ── 工具链升到 2；工作树干净：0 行 status
      [格] 一格都没有
  ── SINGLEFS_GATE_FULL=1，带 --staged 的建法
  ✗ 层 0 崩溃点重放的用例判红（上面是 cargo test 的尾部）
    [gate --staged 里 54 号退出码 1]
  ── SINGLEFS_GATE_FULL=1，主工作区直接跑 54 号
    [退出码 1]
  ✗ 层 0 崩溃点重放的用例判红（上面是 cargo test 的尾部）
  ── 真值（工具链 2 下这份 HEAD 用它自己的 54 号跑全量）
  ✗ 层 0 崩溃点重放的用例判红（上面是 cargo test 的尾部）
    [真值：这份 HEAD + 暂存区用它自己的 54 号跑 --full，退出码 1]

