### probe_a anchor（判据 4-4）
E7RESULT name=baseline arm=G2R_tightened_roots anchored=0 credits=1 s=4 c0=1 c_max=5 write_after_delete_failed=0 first_failure_window=0 last_failure_window=0 false_enospc_arm=0 false_enospc_raw=24 true_enospc=24 max_publications=7 bound=11 stalls=0 fakes=0 unrecoverable=0 retention=0 min_states=1 avg_states_x100=479 min_candidates=5 forced_per_window_x100=122 max_lag=0 avg_lag_x100=0 anchor_pinned_max=0 fallback_hits=0
E7RESULT name=baseline arm=G2S_tightened_states anchored=0 credits=1 s=4 c0=1 c_max=5 write_after_delete_failed=48 first_failure_window=2 last_failure_window=3 false_enospc_arm=0 false_enospc_raw=72 true_enospc=72 max_publications=4 bound=8 stalls=0 fakes=0 unrecoverable=0 retention=0 min_states=4 avg_states_x100=670 min_candidates=5 forced_per_window_x100=112 max_lag=44 avg_lag_x100=3384 anchor_pinned_max=0 fallback_hits=48
E7RESULT name=anchored arm=G2R_tightened_roots anchored=1 credits=1 s=4 c0=1 c_max=5 write_after_delete_failed=43 first_failure_window=14 last_failure_window=371 false_enospc_arm=0 false_enospc_raw=67 true_enospc=67 max_publications=6 bound=11 stalls=0 fakes=0 unrecoverable=0 retention=0 min_states=4 avg_states_x100=734 min_candidates=6 forced_per_window_x100=95 max_lag=0 avg_lag_x100=0 anchor_pinned_max=39 fallback_hits=0
E7RESULT name=anchored arm=G2S_tightened_states anchored=1 credits=1 s=4 c0=1 c_max=5 write_after_delete_failed=32 first_failure_window=5 last_failure_window=338 false_enospc_arm=0 false_enospc_raw=56 true_enospc=56 max_publications=6 bound=8 stalls=0 fakes=0 unrecoverable=0 retention=0 min_states=4 avg_states_x100=690 min_candidates=6 forced_per_window_x100=148 max_lag=0 avg_lag_x100=0 anchor_pinned_max=39 fallback_hits=48
E7RESULT name=anchored_protected arm=G2R_tightened_roots anchored=1 credits=1 s=4 c0=1 c_max=5 write_after_delete_failed=0 first_failure_window=0 last_failure_window=0 false_enospc_arm=0 false_enospc_raw=24 true_enospc=24 max_publications=6 bound=11 stalls=0 fakes=0 unrecoverable=0 retention=0 min_states=4 avg_states_x100=737 min_candidates=6 forced_per_window_x100=94 max_lag=0 avg_lag_x100=0 anchor_pinned_max=15 fallback_hits=0
E7RESULT name=anchored_protected arm=G2S_tightened_states anchored=1 credits=1 s=4 c0=1 c_max=5 write_after_delete_failed=0 first_failure_window=0 last_failure_window=0 false_enospc_arm=0 false_enospc_raw=24 true_enospc=24 max_publications=6 bound=8 stalls=0 fakes=0 unrecoverable=0 retention=0 min_states=4 avg_states_x100=691 min_candidates=6 forced_per_window_x100=148 max_lag=0 avg_lag_x100=0 anchor_pinned_max=15 fallback_hits=48
E7RESULT name=baseline arm=G2R_tightened_roots anchored=0 credits=1 s=16 c0=1 c_max=5 write_after_delete_failed=0 first_failure_window=0 last_failure_window=0 false_enospc_arm=0 false_enospc_raw=24 true_enospc=24 max_publications=7 bound=11 stalls=0 fakes=0 unrecoverable=0 retention=0 min_states=1 avg_states_x100=888 min_candidates=5 forced_per_window_x100=131 max_lag=0 avg_lag_x100=0 anchor_pinned_max=0 fallback_hits=0
E7RESULT name=baseline arm=G2S_tightened_states anchored=0 credits=1 s=16 c0=1 c_max=5 write_after_delete_failed=48 first_failure_window=2 last_failure_window=3 false_enospc_arm=0 false_enospc_raw=72 true_enospc=72 max_publications=4 bound=8 stalls=0 fakes=0 unrecoverable=0 retention=0 min_states=4 avg_states_x100=1033 min_candidates=5 forced_per_window_x100=114 max_lag=44 avg_lag_x100=3380 anchor_pinned_max=0 fallback_hits=48
E7RESULT name=anchored arm=G2R_tightened_roots anchored=1 credits=1 s=16 c0=1 c_max=5 write_after_delete_failed=32 first_failure_window=11 last_failure_window=391 false_enospc_arm=0 false_enospc_raw=56 true_enospc=56 max_publications=6 bound=11 stalls=0 fakes=0 unrecoverable=0 retention=0 min_states=4 avg_states_x100=1122 min_candidates=6 forced_per_window_x100=97 max_lag=0 avg_lag_x100=0 anchor_pinned_max=39 fallback_hits=0
E7RESULT name=anchored arm=G2S_tightened_states anchored=1 credits=1 s=16 c0=1 c_max=5 write_after_delete_failed=29 first_failure_window=12 last_failure_window=397 false_enospc_arm=0 false_enospc_raw=53 true_enospc=53 max_publications=6 bound=8 stalls=0 fakes=0 unrecoverable=0 retention=0 min_states=4 avg_states_x100=996 min_candidates=6 forced_per_window_x100=151 max_lag=0 avg_lag_x100=0 anchor_pinned_max=39 fallback_hits=48
E7RESULT name=anchored_protected arm=G2R_tightened_roots anchored=1 credits=1 s=16 c0=1 c_max=5 write_after_delete_failed=0 first_failure_window=0 last_failure_window=0 false_enospc_arm=0 false_enospc_raw=24 true_enospc=24 max_publications=6 bound=11 stalls=0 fakes=0 unrecoverable=0 retention=0 min_states=4 avg_states_x100=1128 min_candidates=6 forced_per_window_x100=96 max_lag=0 avg_lag_x100=0 anchor_pinned_max=15 fallback_hits=0
E7RESULT name=anchored_protected arm=G2S_tightened_states anchored=1 credits=1 s=16 c0=1 c_max=5 write_after_delete_failed=0 first_failure_window=0 last_failure_window=0 false_enospc_arm=0 false_enospc_raw=24 true_enospc=24 max_publications=6 bound=8 stalls=0 fakes=0 unrecoverable=0 retention=0 min_states=4 avg_states_x100=999 min_candidates=6 forced_per_window_x100=150 max_lag=0 avg_lag_x100=0 anchor_pinned_max=15 fallback_hits=48
E7RESULT name=baseline arm=G2R_tightened_roots anchored=0 credits=1 s=4 c0=5 c_max=10 write_after_delete_failed=0 first_failure_window=0 last_failure_window=0 false_enospc_arm=0 false_enospc_raw=24 true_enospc=24 max_publications=6 bound=11 stalls=0 fakes=0 unrecoverable=0 retention=0 min_states=1 avg_states_x100=600 min_candidates=5 forced_per_window_x100=76 max_lag=0 avg_lag_x100=0 anchor_pinned_max=0 fallback_hits=0
E7RESULT name=baseline arm=G2S_tightened_states anchored=0 credits=1 s=4 c0=5 c_max=10 write_after_delete_failed=72 first_failure_window=1 last_failure_window=3 false_enospc_arm=0 false_enospc_raw=96 true_enospc=96 max_publications=4 bound=8 stalls=0 fakes=0 unrecoverable=0 retention=0 min_states=4 avg_states_x100=1187 min_candidates=7 forced_per_window_x100=77 max_lag=52 avg_lag_x100=3218 anchor_pinned_max=0 fallback_hits=48
E7RESULT name=anchored arm=G2R_tightened_roots anchored=1 credits=1 s=4 c0=5 c_max=10 write_after_delete_failed=34 first_failure_window=4 last_failure_window=400 false_enospc_arm=0 false_enospc_raw=58 true_enospc=58 max_publications=6 bound=11 stalls=0 fakes=0 unrecoverable=0 retention=0 min_states=4 avg_states_x100=848 min_candidates=6 forced_per_window_x100=76 max_lag=0 avg_lag_x100=0 anchor_pinned_max=39 fallback_hits=0
E7RESULT name=anchored arm=G2S_tightened_states anchored=1 credits=1 s=4 c0=5 c_max=10 write_after_delete_failed=36 first_failure_window=12 last_failure_window=399 false_enospc_arm=0 false_enospc_raw=60 true_enospc=60 max_publications=6 bound=8 stalls=0 fakes=0 unrecoverable=0 retention=0 min_states=4 avg_states_x100=689 min_candidates=6 forced_per_window_x100=150 max_lag=0 avg_lag_x100=0 anchor_pinned_max=39 fallback_hits=48
E7RESULT name=anchored_protected arm=G2R_tightened_roots anchored=1 credits=1 s=4 c0=5 c_max=10 write_after_delete_failed=0 first_failure_window=0 last_failure_window=0 false_enospc_arm=0 false_enospc_raw=24 true_enospc=24 max_publications=6 bound=11 stalls=0 fakes=0 unrecoverable=0 retention=0 min_states=4 avg_states_x100=849 min_candidates=6 forced_per_window_x100=76 max_lag=0 avg_lag_x100=0 anchor_pinned_max=15 fallback_hits=0
E7RESULT name=anchored_protected arm=G2S_tightened_states anchored=1 credits=1 s=4 c0=5 c_max=10 write_after_delete_failed=0 first_failure_window=0 last_failure_window=0 false_enospc_arm=0 false_enospc_raw=24 true_enospc=24 max_publications=6 bound=8 stalls=0 fakes=0 unrecoverable=0 retention=0 min_states=4 avg_states_x100=689 min_candidates=7 forced_per_window_x100=151 max_lag=0 avg_lag_x100=0 anchor_pinned_max=15 fallback_hits=48
E7RESULT name=baseline arm=G2R_tightened_roots anchored=0 credits=1 s=16 c0=5 c_max=10 write_after_delete_failed=0 first_failure_window=0 last_failure_window=0 false_enospc_arm=0 false_enospc_raw=24 true_enospc=24 max_publications=7 bound=11 stalls=0 fakes=0 unrecoverable=0 retention=0 min_states=1 avg_states_x100=871 min_candidates=5 forced_per_window_x100=109 max_lag=0 avg_lag_x100=0 anchor_pinned_max=0 fallback_hits=0
E7RESULT name=baseline arm=G2S_tightened_states anchored=0 credits=1 s=16 c0=5 c_max=10 write_after_delete_failed=72 first_failure_window=1 last_failure_window=3 false_enospc_arm=0 false_enospc_raw=96 true_enospc=96 max_publications=4 bound=8 stalls=0 fakes=0 unrecoverable=0 retention=0 min_states=4 avg_states_x100=1146 min_candidates=5 forced_per_window_x100=97 max_lag=52 avg_lag_x100=3517 anchor_pinned_max=0 fallback_hits=48
E7RESULT name=anchored arm=G2R_tightened_roots anchored=1 credits=1 s=16 c0=5 c_max=10 write_after_delete_failed=29 first_failure_window=7 last_failure_window=396 false_enospc_arm=0 false_enospc_raw=53 true_enospc=53 max_publications=6 bound=11 stalls=0 fakes=0 unrecoverable=0 retention=0 min_states=4 avg_states_x100=1259 min_candidates=6 forced_per_window_x100=78 max_lag=0 avg_lag_x100=0 anchor_pinned_max=39 fallback_hits=0
E7RESULT name=anchored arm=G2S_tightened_states anchored=1 credits=1 s=16 c0=5 c_max=10 write_after_delete_failed=26 first_failure_window=21 last_failure_window=380 false_enospc_arm=0 false_enospc_raw=50 true_enospc=50 max_publications=6 bound=8 stalls=0 fakes=0 unrecoverable=0 retention=0 min_states=4 avg_states_x100=981 min_candidates=6 forced_per_window_x100=152 max_lag=0 avg_lag_x100=0 anchor_pinned_max=39 fallback_hits=48
E7RESULT name=anchored_protected arm=G2R_tightened_roots anchored=1 credits=1 s=16 c0=5 c_max=10 write_after_delete_failed=0 first_failure_window=0 last_failure_window=0 false_enospc_arm=0 false_enospc_raw=24 true_enospc=24 max_publications=6 bound=11 stalls=0 fakes=0 unrecoverable=0 retention=0 min_states=4 avg_states_x100=1266 min_candidates=6 forced_per_window_x100=78 max_lag=0 avg_lag_x100=0 anchor_pinned_max=15 fallback_hits=0
E7RESULT name=anchored_protected arm=G2S_tightened_states anchored=1 credits=1 s=16 c0=5 c_max=10 write_after_delete_failed=0 first_failure_window=0 last_failure_window=0 false_enospc_arm=0 false_enospc_raw=24 true_enospc=24 max_publications=6 bound=8 stalls=0 fakes=0 unrecoverable=0 retention=0 min_states=4 avg_states_x100=983 min_candidates=6 forced_per_window_x100=152 max_lag=0 avg_lag_x100=0 anchor_pinned_max=15 fallback_hits=48
E7RESULT name=done emitted=25

### probe_a credit（判据 4-9，撤掉更正 #3）
E7RESULT name=nocredit arm=G2R_tightened_roots anchored=0 credits=0 s=1 c0=1 c_max=5 write_after_delete_failed=0 first_failure_window=0 last_failure_window=0 false_enospc_arm=0 false_enospc_raw=24 true_enospc=24 max_publications=3 bound=11 stalls=0 fakes=0 unrecoverable=0 retention=0 min_states=1 avg_states_x100=298 min_candidates=3 forced_per_window_x100=0 max_lag=0 avg_lag_x100=0 anchor_pinned_max=0 fallback_hits=0
E7RESULT name=nocredit arm=G2S_tightened_states anchored=0 credits=0 s=1 c0=1 c_max=5 write_after_delete_failed=0 first_failure_window=0 last_failure_window=0 false_enospc_arm=0 false_enospc_raw=24 true_enospc=24 max_publications=3 bound=8 stalls=0 fakes=0 unrecoverable=0 retention=0 min_states=1 avg_states_x100=207 min_candidates=3 forced_per_window_x100=223 max_lag=31 avg_lag_x100=1427 anchor_pinned_max=0 fallback_hits=42240
E7RESULT name=nocredit arm=G2R_tightened_roots anchored=0 credits=0 s=4 c0=1 c_max=5 write_after_delete_failed=0 first_failure_window=0 last_failure_window=0 false_enospc_arm=0 false_enospc_raw=24 true_enospc=24 max_publications=7 bound=11 stalls=0 fakes=0 unrecoverable=0 retention=0 min_states=1 avg_states_x100=479 min_candidates=5 forced_per_window_x100=122 max_lag=0 avg_lag_x100=0 anchor_pinned_max=0 fallback_hits=0
E7RESULT name=nocredit arm=G2S_tightened_states anchored=0 credits=0 s=4 c0=1 c_max=5 write_after_delete_failed=48 first_failure_window=2 last_failure_window=5 false_enospc_arm=0 false_enospc_raw=72 true_enospc=72 max_publications=4 bound=8 stalls=0 fakes=0 unrecoverable=0 retention=0 min_states=4 avg_states_x100=600 min_candidates=5 forced_per_window_x100=149 max_lag=44 avg_lag_x100=3188 anchor_pinned_max=0 fallback_hits=48
E7RESULT name=nocredit arm=G2R_tightened_roots anchored=0 credits=0 s=16 c0=1 c_max=5 write_after_delete_failed=0 first_failure_window=0 last_failure_window=0 false_enospc_arm=0 false_enospc_raw=24 true_enospc=24 max_publications=7 bound=11 stalls=0 fakes=0 unrecoverable=0 retention=0 min_states=1 avg_states_x100=889 min_candidates=5 forced_per_window_x100=131 max_lag=0 avg_lag_x100=0 anchor_pinned_max=0 fallback_hits=0
E7RESULT name=nocredit arm=G2S_tightened_states anchored=0 credits=0 s=16 c0=1 c_max=5 write_after_delete_failed=48 first_failure_window=2 last_failure_window=5 false_enospc_arm=0 false_enospc_raw=72 true_enospc=72 max_publications=4 bound=8 stalls=0 fakes=0 unrecoverable=0 retention=0 min_states=4 avg_states_x100=906 min_candidates=5 forced_per_window_x100=151 max_lag=44 avg_lag_x100=3183 anchor_pinned_max=0 fallback_hits=48
E7RESULT name=nocredit arm=G2R_tightened_roots anchored=0 credits=0 s=1 c0=5 c_max=10 write_after_delete_failed=0 first_failure_window=0 last_failure_window=0 false_enospc_arm=0 false_enospc_raw=24 true_enospc=24 max_publications=3 bound=11 stalls=0 fakes=0 unrecoverable=0 retention=0 min_states=1 avg_states_x100=298 min_candidates=3 forced_per_window_x100=0 max_lag=0 avg_lag_x100=0 anchor_pinned_max=0 fallback_hits=0
E7RESULT name=nocredit arm=G2S_tightened_states anchored=0 credits=0 s=1 c0=5 c_max=10 write_after_delete_failed=0 first_failure_window=0 last_failure_window=0 false_enospc_arm=0 false_enospc_raw=24 true_enospc=24 max_publications=3 bound=8 stalls=0 fakes=0 unrecoverable=0 retention=0 min_states=1 avg_states_x100=207 min_candidates=3 forced_per_window_x100=226 max_lag=31 avg_lag_x100=1728 anchor_pinned_max=0 fallback_hits=42048
E7RESULT name=nocredit arm=G2R_tightened_roots anchored=0 credits=0 s=4 c0=5 c_max=10 write_after_delete_failed=24 first_failure_window=6 last_failure_window=6 false_enospc_arm=0 false_enospc_raw=48 true_enospc=48 max_publications=6 bound=11 stalls=0 fakes=0 unrecoverable=0 retention=0 min_states=1 avg_states_x100=600 min_candidates=5 forced_per_window_x100=76 max_lag=0 avg_lag_x100=0 anchor_pinned_max=0 fallback_hits=0
E7RESULT name=nocredit arm=G2S_tightened_states anchored=0 credits=0 s=4 c0=5 c_max=10 write_after_delete_failed=72 first_failure_window=1 last_failure_window=3 false_enospc_arm=0 false_enospc_raw=96 true_enospc=96 max_publications=3 bound=8 stalls=0 fakes=0 unrecoverable=0 retention=0 min_states=4 avg_states_x100=864 min_candidates=5 forced_per_window_x100=65 max_lag=52 avg_lag_x100=3652 anchor_pinned_max=0 fallback_hits=48
E7RESULT name=nocredit arm=G2R_tightened_roots anchored=0 credits=0 s=16 c0=5 c_max=10 write_after_delete_failed=24 first_failure_window=6 last_failure_window=6 false_enospc_arm=0 false_enospc_raw=48 true_enospc=48 max_publications=7 bound=11 stalls=0 fakes=0 unrecoverable=0 retention=0 min_states=1 avg_states_x100=1013 min_candidates=5 forced_per_window_x100=79 max_lag=0 avg_lag_x100=0 anchor_pinned_max=0 fallback_hits=0
E7RESULT name=nocredit arm=G2S_tightened_states anchored=0 credits=0 s=16 c0=5 c_max=10 write_after_delete_failed=72 first_failure_window=1 last_failure_window=3 false_enospc_arm=0 false_enospc_raw=96 true_enospc=96 max_publications=4 bound=8 stalls=0 fakes=0 unrecoverable=0 retention=0 min_states=4 avg_states_x100=1238 min_candidates=5 forced_per_window_x100=63 max_lag=52 avg_lag_x100=3817 anchor_pinned_max=0 fallback_hits=48
E7RESULT name=done emitted=13

### probe_b bound 全枚举 + 拿掉 B−1 天花板（判据 4-8）
E7RESULT name=bound_full arm=G2R_tightened_roots s=4 c0=1 c_max=5 failures=1 offset_limit=11 patterns=12 cases=96 max_publications=9 formula_bound=9 exceeds=0 worst_pattern=8 false_enospc_arm=0 write_after_delete_failed=0 stalls=0 fakes=0 unrecoverable=0 retention_violations=0
E7RESULT name=bound_full arm=G2R_tightened_roots s=4 c0=1 c_max=5 failures=2 offset_limit=11 patterns=66 cases=528 max_publications=11 formula_bound=11 exceeds=0 worst_pattern=8/11 false_enospc_arm=0 write_after_delete_failed=0 stalls=0 fakes=0 unrecoverable=0 retention_violations=0
E7RESULT name=bound_full arm=G2R_tightened_roots s=4 c0=1 c_max=5 failures=3 offset_limit=11 patterns=220 cases=1760 max_publications=10 formula_bound=13 exceeds=0 worst_pattern=0/5/8 false_enospc_arm=0 write_after_delete_failed=0 stalls=0 fakes=0 unrecoverable=0 retention_violations=0
E7RESULT name=bound_full arm=G2R_tightened_roots s=4 c0=1 c_max=5 failures=4 offset_limit=11 patterns=495 cases=3960 max_publications=12 formula_bound=15 exceeds=0 worst_pattern=0/5/8/11 false_enospc_arm=0 write_after_delete_failed=0 stalls=0 fakes=0 unrecoverable=0 retention_violations=0
E7RESULT name=bound_full arm=G2R_tightened_roots s=4 c0=1 c_max=5 failures=5 offset_limit=11 patterns=792 cases=6336 max_publications=11 formula_bound=17 exceeds=0 worst_pattern=0/1/5/8/11 false_enospc_arm=0 write_after_delete_failed=0 stalls=0 fakes=0 unrecoverable=0 retention_violations=0
E7RESULT name=bound_full arm=G2S_tightened_states s=4 c0=1 c_max=5 failures=1 offset_limit=8 patterns=9 cases=72 max_publications=4 formula_bound=6 exceeds=0 worst_pattern=0 false_enospc_arm=0 write_after_delete_failed=0 stalls=0 fakes=0 unrecoverable=0 retention_violations=0
E7RESULT name=bound_full arm=G2S_tightened_states s=4 c0=1 c_max=5 failures=2 offset_limit=8 patterns=36 cases=288 max_publications=6 formula_bound=8 exceeds=0 worst_pattern=0/4 false_enospc_arm=0 write_after_delete_failed=0 stalls=0 fakes=0 unrecoverable=0 retention_violations=0
E7RESULT name=bound_full arm=G2S_tightened_states s=4 c0=1 c_max=5 failures=3 offset_limit=8 patterns=84 cases=672 max_publications=9 formula_bound=10 exceeds=0 worst_pattern=0/4/7 false_enospc_arm=0 write_after_delete_failed=16 stalls=0 fakes=0 unrecoverable=0 retention_violations=160
E7RESULT name=bound_full arm=G2S_tightened_states s=4 c0=1 c_max=5 failures=4 offset_limit=8 patterns=126 cases=1008 max_publications=9 formula_bound=12 exceeds=0 worst_pattern=0/3/4/7 false_enospc_arm=0 write_after_delete_failed=248 stalls=0 fakes=0 unrecoverable=0 retention_violations=592
E7RESULT name=bound_full arm=G2S_tightened_states s=4 c0=1 c_max=5 failures=5 offset_limit=8 patterns=126 cases=1008 max_publications=9 formula_bound=14 exceeds=0 worst_pattern=0/3/4/6/7 false_enospc_arm=0 write_after_delete_failed=762 stalls=0 fakes=0 unrecoverable=0 retention_violations=1104
E7RESULT name=bound_full arm=G2R_tightened_roots s=4 c0=5 c_max=10 failures=1 offset_limit=11 patterns=12 cases=96 max_publications=8 formula_bound=9 exceeds=0 worst_pattern=2 false_enospc_arm=0 write_after_delete_failed=0 stalls=0 fakes=0 unrecoverable=0 retention_violations=0
E7RESULT name=bound_full arm=G2R_tightened_roots s=4 c0=5 c_max=10 failures=2 offset_limit=11 patterns=66 cases=528 max_publications=10 formula_bound=11 exceeds=0 worst_pattern=2/5 false_enospc_arm=0 write_after_delete_failed=0 stalls=0 fakes=0 unrecoverable=0 retention_violations=0
E7RESULT name=bound_full arm=G2R_tightened_roots s=4 c0=5 c_max=10 failures=3 offset_limit=11 patterns=220 cases=1760 max_publications=12 formula_bound=13 exceeds=0 worst_pattern=2/5/8 false_enospc_arm=0 write_after_delete_failed=0 stalls=0 fakes=0 unrecoverable=0 retention_violations=0
E7RESULT name=bound_full arm=G2R_tightened_roots s=4 c0=5 c_max=10 failures=4 offset_limit=11 patterns=495 cases=3960 max_publications=14 formula_bound=15 exceeds=0 worst_pattern=2/5/8/11 false_enospc_arm=0 write_after_delete_failed=0 stalls=0 fakes=0 unrecoverable=0 retention_violations=0
E7RESULT name=bound_full arm=G2R_tightened_roots s=4 c0=5 c_max=10 failures=5 offset_limit=11 patterns=792 cases=6336 max_publications=13 formula_bound=17 exceeds=0 worst_pattern=0/2/5/8/11 false_enospc_arm=0 write_after_delete_failed=0 stalls=0 fakes=0 unrecoverable=0 retention_violations=0
E7RESULT name=bound_full arm=G2S_tightened_states s=4 c0=5 c_max=10 failures=1 offset_limit=8 patterns=9 cases=72 max_publications=5 formula_bound=6 exceeds=0 worst_pattern=3 false_enospc_arm=0 write_after_delete_failed=0 stalls=0 fakes=0 unrecoverable=0 retention_violations=0
E7RESULT name=bound_full arm=G2S_tightened_states s=4 c0=5 c_max=10 failures=2 offset_limit=8 patterns=36 cases=288 max_publications=7 formula_bound=8 exceeds=0 worst_pattern=3/6 false_enospc_arm=0 write_after_delete_failed=0 stalls=0 fakes=0 unrecoverable=0 retention_violations=0
E7RESULT name=bound_full arm=G2S_tightened_states s=4 c0=5 c_max=10 failures=3 offset_limit=8 patterns=84 cases=672 max_publications=7 formula_bound=10 exceeds=0 worst_pattern=0/3/6 false_enospc_arm=0 write_after_delete_failed=24 stalls=0 fakes=0 unrecoverable=0 retention_violations=24
E7RESULT name=bound_full arm=G2S_tightened_states s=4 c0=5 c_max=10 failures=4 offset_limit=8 patterns=126 cases=1008 max_publications=6 formula_bound=12 exceeds=0 worst_pattern=0/1/2/6 false_enospc_arm=0 write_after_delete_failed=152 stalls=0 fakes=0 unrecoverable=0 retention_violations=168
E7RESULT name=bound_full arm=G2S_tightened_states s=4 c0=5 c_max=10 failures=5 offset_limit=8 patterns=126 cases=1008 max_publications=5 formula_bound=14 exceeds=0 worst_pattern=0/1/2/3/6 false_enospc_arm=0 write_after_delete_failed=360 stalls=0 fakes=0 unrecoverable=0 retention_violations=456
E7RESULT name=bound_full arm=G2R_tightened_roots s=16 c0=1 c_max=5 failures=1 offset_limit=11 patterns=12 cases=96 max_publications=9 formula_bound=9 exceeds=0 worst_pattern=8 false_enospc_arm=0 write_after_delete_failed=0 stalls=0 fakes=0 unrecoverable=0 retention_violations=0
E7RESULT name=bound_full arm=G2R_tightened_roots s=16 c0=1 c_max=5 failures=2 offset_limit=11 patterns=66 cases=528 max_publications=11 formula_bound=11 exceeds=0 worst_pattern=8/11 false_enospc_arm=0 write_after_delete_failed=0 stalls=0 fakes=0 unrecoverable=0 retention_violations=0
E7RESULT name=bound_full arm=G2R_tightened_roots s=16 c0=1 c_max=5 failures=3 offset_limit=11 patterns=220 cases=1760 max_publications=10 formula_bound=13 exceeds=0 worst_pattern=0/5/8 false_enospc_arm=0 write_after_delete_failed=0 stalls=0 fakes=0 unrecoverable=0 retention_violations=0
E7RESULT name=bound_full arm=G2R_tightened_roots s=16 c0=1 c_max=5 failures=4 offset_limit=11 patterns=495 cases=3960 max_publications=12 formula_bound=15 exceeds=0 worst_pattern=0/5/8/11 false_enospc_arm=0 write_after_delete_failed=0 stalls=0 fakes=0 unrecoverable=0 retention_violations=0
E7RESULT name=bound_full arm=G2R_tightened_roots s=16 c0=1 c_max=5 failures=5 offset_limit=11 patterns=792 cases=6336 max_publications=11 formula_bound=17 exceeds=0 worst_pattern=0/1/5/8/11 false_enospc_arm=0 write_after_delete_failed=0 stalls=0 fakes=0 unrecoverable=0 retention_violations=0
E7RESULT name=bound_full arm=G2S_tightened_states s=16 c0=1 c_max=5 failures=1 offset_limit=8 patterns=9 cases=72 max_publications=4 formula_bound=6 exceeds=0 worst_pattern=0 false_enospc_arm=0 write_after_delete_failed=0 stalls=0 fakes=0 unrecoverable=0 retention_violations=0
E7RESULT name=bound_full arm=G2S_tightened_states s=16 c0=1 c_max=5 failures=2 offset_limit=8 patterns=36 cases=288 max_publications=6 formula_bound=8 exceeds=0 worst_pattern=0/4 false_enospc_arm=0 write_after_delete_failed=0 stalls=0 fakes=0 unrecoverable=0 retention_violations=0
E7RESULT name=bound_full arm=G2S_tightened_states s=16 c0=1 c_max=5 failures=3 offset_limit=8 patterns=84 cases=672 max_publications=8 formula_bound=10 exceeds=0 worst_pattern=0/4/7 false_enospc_arm=0 write_after_delete_failed=0 stalls=0 fakes=0 unrecoverable=0 retention_violations=0
E7RESULT name=bound_full arm=G2S_tightened_states s=16 c0=1 c_max=5 failures=4 offset_limit=8 patterns=126 cases=1008 max_publications=7 formula_bound=12 exceeds=0 worst_pattern=0/1/4/7 false_enospc_arm=0 write_after_delete_failed=0 stalls=0 fakes=0 unrecoverable=0 retention_violations=0
E7RESULT name=bound_full arm=G2S_tightened_states s=16 c0=1 c_max=5 failures=5 offset_limit=8 patterns=126 cases=1008 max_publications=6 formula_bound=14 exceeds=0 worst_pattern=0/1/2/3/7 false_enospc_arm=0 write_after_delete_failed=0 stalls=0 fakes=0 unrecoverable=0 retention_violations=0
E7RESULT name=bound_full arm=G2R_tightened_roots s=16 c0=5 c_max=10 failures=1 offset_limit=11 patterns=12 cases=96 max_publications=9 formula_bound=9 exceeds=0 worst_pattern=6 false_enospc_arm=0 write_after_delete_failed=0 stalls=0 fakes=0 unrecoverable=0 retention_violations=0
E7RESULT name=bound_full arm=G2R_tightened_roots s=16 c0=5 c_max=10 failures=2 offset_limit=11 patterns=66 cases=528 max_publications=11 formula_bound=11 exceeds=0 worst_pattern=6/9 false_enospc_arm=0 write_after_delete_failed=0 stalls=0 fakes=0 unrecoverable=0 retention_violations=0
E7RESULT name=bound_full arm=G2R_tightened_roots s=16 c0=5 c_max=10 failures=3 offset_limit=11 patterns=220 cases=1760 max_publications=10 formula_bound=13 exceeds=0 worst_pattern=0/3/6 false_enospc_arm=0 write_after_delete_failed=0 stalls=0 fakes=0 unrecoverable=0 retention_violations=0
E7RESULT name=bound_full arm=G2R_tightened_roots s=16 c0=5 c_max=10 failures=4 offset_limit=11 patterns=495 cases=3960 max_publications=12 formula_bound=15 exceeds=0 worst_pattern=0/3/6/9 false_enospc_arm=0 write_after_delete_failed=0 stalls=0 fakes=0 unrecoverable=0 retention_violations=0
E7RESULT name=bound_full arm=G2R_tightened_roots s=16 c0=5 c_max=10 failures=5 offset_limit=11 patterns=792 cases=6336 max_publications=11 formula_bound=17 exceeds=0 worst_pattern=0/1/3/6/9 false_enospc_arm=0 write_after_delete_failed=0 stalls=0 fakes=0 unrecoverable=0 retention_violations=0
E7RESULT name=bound_full arm=G2S_tightened_states s=16 c0=5 c_max=10 failures=1 offset_limit=8 patterns=9 cases=72 max_publications=4 formula_bound=6 exceeds=0 worst_pattern=0 false_enospc_arm=0 write_after_delete_failed=0 stalls=0 fakes=0 unrecoverable=0 retention_violations=0
E7RESULT name=bound_full arm=G2S_tightened_states s=16 c0=5 c_max=10 failures=2 offset_limit=8 patterns=36 cases=288 max_publications=6 formula_bound=8 exceeds=0 worst_pattern=0/7 false_enospc_arm=0 write_after_delete_failed=0 stalls=0 fakes=0 unrecoverable=0 retention_violations=0
E7RESULT name=bound_full arm=G2S_tightened_states s=16 c0=5 c_max=10 failures=3 offset_limit=8 patterns=84 cases=672 max_publications=8 formula_bound=10 exceeds=0 worst_pattern=1/4/7 false_enospc_arm=0 write_after_delete_failed=0 stalls=0 fakes=0 unrecoverable=0 retention_violations=0
E7RESULT name=bound_full arm=G2S_tightened_states s=16 c0=5 c_max=10 failures=4 offset_limit=8 patterns=126 cases=1008 max_publications=7 formula_bound=12 exceeds=0 worst_pattern=0/1/4/7 false_enospc_arm=0 write_after_delete_failed=0 stalls=0 fakes=0 unrecoverable=0 retention_violations=0
E7RESULT name=bound_full arm=G2S_tightened_states s=16 c0=5 c_max=10 failures=5 offset_limit=8 patterns=126 cases=1008 max_publications=6 formula_bound=14 exceeds=0 worst_pattern=0/1/2/4/7 false_enospc_arm=0 write_after_delete_failed=0 stalls=0 fakes=0 unrecoverable=0 retention_violations=0
E7RESULT name=done emitted=41

### probe_b ring 环深扫描（判据 4-8 后半）
E7RESULT name=ring_depth arm=G2S_tightened_states s=1 ring_depth=3 failures=0 cases=8 retention_violations=0 min_states=1 max_publications=3 txgs_needed=7 stalls=0 write_after_delete_failed=0 false_enospc_arm=0
E7RESULT name=ring_depth arm=G2S_tightened_states s=1 ring_depth=3 failures=1 cases=120 retention_violations=0 min_states=1 max_publications=5 txgs_needed=10 stalls=0 write_after_delete_failed=0 false_enospc_arm=0
E7RESULT name=ring_depth arm=G2S_tightened_states s=1 ring_depth=3 failures=2 cases=840 retention_violations=0 min_states=1 max_publications=7 txgs_needed=13 stalls=0 write_after_delete_failed=0 false_enospc_arm=0
E7RESULT name=ring_depth arm=G2S_tightened_states s=1 ring_depth=3 failures=3 cases=3640 retention_violations=0 min_states=1 max_publications=8 txgs_needed=15 stalls=0 write_after_delete_failed=16 false_enospc_arm=0
E7RESULT name=ring_depth arm=G2S_tightened_states s=1 ring_depth=3 failures=4 cases=10920 retention_violations=0 min_states=1 max_publications=8 txgs_needed=16 stalls=0 write_after_delete_failed=88 false_enospc_arm=0
E7RESULT name=ring_depth arm=G2S_tightened_states s=2 ring_depth=6 failures=0 cases=8 retention_violations=0 min_states=6 max_publications=1 txgs_needed=5 stalls=0 write_after_delete_failed=0 false_enospc_arm=0
E7RESULT name=ring_depth arm=G2S_tightened_states s=2 ring_depth=6 failures=1 cases=120 retention_violations=0 min_states=6 max_publications=1 txgs_needed=6 stalls=0 write_after_delete_failed=0 false_enospc_arm=0
E7RESULT name=ring_depth arm=G2S_tightened_states s=2 ring_depth=6 failures=2 cases=840 retention_violations=184 min_states=2 max_publications=5 txgs_needed=11 stalls=0 write_after_delete_failed=104 false_enospc_arm=0
E7RESULT name=ring_depth arm=G2S_tightened_states s=2 ring_depth=6 failures=3 cases=3640 retention_violations=2640 min_states=1 max_publications=8 txgs_needed=15 stalls=0 write_after_delete_failed=2032 false_enospc_arm=0
E7RESULT name=ring_depth arm=G2S_tightened_states s=2 ring_depth=6 failures=4 cases=10920 retention_violations=15800 min_states=1 max_publications=8 txgs_needed=16 stalls=0 write_after_delete_failed=10932 false_enospc_arm=0
E7RESULT name=ring_depth arm=G2S_tightened_states s=3 ring_depth=9 failures=0 cases=8 retention_violations=0 min_states=8 max_publications=1 txgs_needed=5 stalls=0 write_after_delete_failed=0 false_enospc_arm=0
E7RESULT name=ring_depth arm=G2S_tightened_states s=3 ring_depth=9 failures=1 cases=120 retention_violations=0 min_states=4 max_publications=5 txgs_needed=10 stalls=0 write_after_delete_failed=0 false_enospc_arm=0
E7RESULT name=ring_depth arm=G2S_tightened_states s=3 ring_depth=9 failures=2 cases=840 retention_violations=224 min_states=2 max_publications=7 txgs_needed=13 stalls=0 write_after_delete_failed=112 false_enospc_arm=0
E7RESULT name=ring_depth arm=G2S_tightened_states s=3 ring_depth=9 failures=3 cases=3640 retention_violations=2312 min_states=1 max_publications=8 txgs_needed=15 stalls=0 write_after_delete_failed=1400 false_enospc_arm=0
E7RESULT name=ring_depth arm=G2S_tightened_states s=3 ring_depth=9 failures=4 cases=10920 retention_violations=11736 min_states=1 max_publications=8 txgs_needed=16 stalls=0 write_after_delete_failed=8328 false_enospc_arm=0
E7RESULT name=ring_depth arm=G2S_tightened_states s=4 ring_depth=12 failures=0 cases=8 retention_violations=0 min_states=8 max_publications=1 txgs_needed=5 stalls=0 write_after_delete_failed=0 false_enospc_arm=0
E7RESULT name=ring_depth arm=G2S_tightened_states s=4 ring_depth=12 failures=1 cases=120 retention_violations=0 min_states=4 max_publications=5 txgs_needed=10 stalls=0 write_after_delete_failed=0 false_enospc_arm=0
E7RESULT name=ring_depth arm=G2S_tightened_states s=4 ring_depth=12 failures=2 cases=840 retention_violations=0 min_states=4 max_publications=7 txgs_needed=13 stalls=0 write_after_delete_failed=0 false_enospc_arm=0
E7RESULT name=ring_depth arm=G2S_tightened_states s=4 ring_depth=12 failures=3 cases=3640 retention_violations=264 min_states=2 max_publications=8 txgs_needed=15 stalls=0 write_after_delete_failed=224 false_enospc_arm=0
E7RESULT name=ring_depth arm=G2S_tightened_states s=4 ring_depth=12 failures=4 cases=10920 retention_violations=2520 min_states=1 max_publications=8 txgs_needed=16 stalls=0 write_after_delete_failed=2000 false_enospc_arm=0
E7RESULT name=ring_depth arm=G2S_tightened_states s=5 ring_depth=15 failures=0 cases=8 retention_violations=0 min_states=4 max_publications=3 txgs_needed=7 stalls=0 write_after_delete_failed=0 false_enospc_arm=0
E7RESULT name=ring_depth arm=G2S_tightened_states s=5 ring_depth=15 failures=1 cases=120 retention_violations=0 min_states=4 max_publications=4 txgs_needed=9 stalls=0 write_after_delete_failed=0 false_enospc_arm=0
E7RESULT name=ring_depth arm=G2S_tightened_states s=5 ring_depth=15 failures=2 cases=840 retention_violations=0 min_states=4 max_publications=6 txgs_needed=12 stalls=0 write_after_delete_failed=0 false_enospc_arm=0
E7RESULT name=ring_depth arm=G2S_tightened_states s=5 ring_depth=15 failures=3 cases=3640 retention_violations=0 min_states=4 max_publications=8 txgs_needed=15 stalls=0 write_after_delete_failed=0 false_enospc_arm=0
E7RESULT name=ring_depth arm=G2S_tightened_states s=5 ring_depth=15 failures=4 cases=10920 retention_violations=308 min_states=2 max_publications=8 txgs_needed=16 stalls=0 write_after_delete_failed=218 false_enospc_arm=74
E7RESULT name=ring_depth arm=G2S_tightened_states s=6 ring_depth=18 failures=0 cases=8 retention_violations=0 min_states=4 max_publications=3 txgs_needed=7 stalls=0 write_after_delete_failed=0 false_enospc_arm=0
E7RESULT name=ring_depth arm=G2S_tightened_states s=6 ring_depth=18 failures=1 cases=120 retention_violations=0 min_states=4 max_publications=4 txgs_needed=9 stalls=0 write_after_delete_failed=0 false_enospc_arm=0
E7RESULT name=ring_depth arm=G2S_tightened_states s=6 ring_depth=18 failures=2 cases=840 retention_violations=0 min_states=4 max_publications=6 txgs_needed=12 stalls=0 write_after_delete_failed=0 false_enospc_arm=0
E7RESULT name=ring_depth arm=G2S_tightened_states s=6 ring_depth=18 failures=3 cases=3640 retention_violations=0 min_states=4 max_publications=8 txgs_needed=15 stalls=0 write_after_delete_failed=0 false_enospc_arm=0
E7RESULT name=ring_depth arm=G2S_tightened_states s=6 ring_depth=18 failures=4 cases=10920 retention_violations=0 min_states=4 max_publications=8 txgs_needed=16 stalls=0 write_after_delete_failed=64 false_enospc_arm=64
E7RESULT name=ring_depth arm=G2S_tightened_states s=8 ring_depth=24 failures=0 cases=8 retention_violations=0 min_states=4 max_publications=3 txgs_needed=7 stalls=0 write_after_delete_failed=0 false_enospc_arm=0
E7RESULT name=ring_depth arm=G2S_tightened_states s=8 ring_depth=24 failures=1 cases=120 retention_violations=0 min_states=4 max_publications=4 txgs_needed=9 stalls=0 write_after_delete_failed=0 false_enospc_arm=0
E7RESULT name=ring_depth arm=G2S_tightened_states s=8 ring_depth=24 failures=2 cases=840 retention_violations=0 min_states=4 max_publications=6 txgs_needed=12 stalls=0 write_after_delete_failed=0 false_enospc_arm=0
E7RESULT name=ring_depth arm=G2S_tightened_states s=8 ring_depth=24 failures=3 cases=3640 retention_violations=0 min_states=4 max_publications=8 txgs_needed=15 stalls=0 write_after_delete_failed=0 false_enospc_arm=0
E7RESULT name=ring_depth arm=G2S_tightened_states s=8 ring_depth=24 failures=4 cases=10920 retention_violations=0 min_states=4 max_publications=8 txgs_needed=16 stalls=0 write_after_delete_failed=64 false_enospc_arm=64
E7RESULT name=ring_depth arm=G2S_tightened_states s=16 ring_depth=48 failures=0 cases=8 retention_violations=0 min_states=4 max_publications=3 txgs_needed=7 stalls=0 write_after_delete_failed=0 false_enospc_arm=0
E7RESULT name=ring_depth arm=G2S_tightened_states s=16 ring_depth=48 failures=1 cases=120 retention_violations=0 min_states=4 max_publications=4 txgs_needed=9 stalls=0 write_after_delete_failed=0 false_enospc_arm=0
E7RESULT name=ring_depth arm=G2S_tightened_states s=16 ring_depth=48 failures=2 cases=840 retention_violations=0 min_states=4 max_publications=6 txgs_needed=12 stalls=0 write_after_delete_failed=0 false_enospc_arm=0
E7RESULT name=ring_depth arm=G2S_tightened_states s=16 ring_depth=48 failures=3 cases=3640 retention_violations=0 min_states=4 max_publications=8 txgs_needed=15 stalls=0 write_after_delete_failed=0 false_enospc_arm=0
E7RESULT name=ring_depth arm=G2S_tightened_states s=16 ring_depth=48 failures=4 cases=10920 retention_violations=0 min_states=4 max_publications=8 txgs_needed=16 stalls=0 write_after_delete_failed=64 false_enospc_arm=64
E7RESULT name=done emitted=41

### probe_c lag 滞后量随删除量（判据 4-5）
E7RESULT name=lag_scale arm=G2R_tightened_roots s=16 c0=1 c_max=5 deletes=1 meta_after=5 grow_at=18446744073709551615 switch_hold=0 max_lag=0 avg_lag_x100=0 write_after_delete_failed=0 false_enospc_arm=0 false_enospc_raw=24 true_enospc=24 stalls=0 max_publications=7 bound=11 max_txgs=7 min_states=1 halted=0
E7RESULT name=lag_scale arm=G2S_tightened_states s=16 c0=1 c_max=5 deletes=1 meta_after=5 grow_at=18446744073709551615 switch_hold=0 max_lag=44 avg_lag_x100=3380 write_after_delete_failed=48 false_enospc_arm=0 false_enospc_raw=72 true_enospc=72 stalls=0 max_publications=4 bound=8 max_txgs=4 min_states=4 halted=0
E7RESULT name=lag_scale arm=G2R_tightened_roots s=16 c0=1 c_max=5 deletes=2 meta_after=5 grow_at=18446744073709551615 switch_hold=0 max_lag=0 avg_lag_x100=0 write_after_delete_failed=0 false_enospc_arm=0 false_enospc_raw=24 true_enospc=24 stalls=0 max_publications=7 bound=11 max_txgs=7 min_states=1 halted=0
E7RESULT name=lag_scale arm=G2S_tightened_states s=16 c0=1 c_max=5 deletes=2 meta_after=5 grow_at=18446744073709551615 switch_hold=0 max_lag=84 avg_lag_x100=6628 write_after_delete_failed=24 false_enospc_arm=0 false_enospc_raw=48 true_enospc=48 stalls=0 max_publications=4 bound=8 max_txgs=4 min_states=4 halted=0
E7RESULT name=lag_scale arm=G2R_tightened_roots s=16 c0=1 c_max=5 deletes=4 meta_after=5 grow_at=18446744073709551615 switch_hold=0 max_lag=0 avg_lag_x100=0 write_after_delete_failed=0 false_enospc_arm=0 false_enospc_raw=24 true_enospc=24 stalls=0 max_publications=7 bound=11 max_txgs=7 min_states=1 halted=0
E7RESULT name=lag_scale arm=G2S_tightened_states s=16 c0=1 c_max=5 deletes=4 meta_after=5 grow_at=18446744073709551615 switch_hold=0 max_lag=148 avg_lag_x100=7157 write_after_delete_failed=24 false_enospc_arm=0 false_enospc_raw=48 true_enospc=48 stalls=0 max_publications=4 bound=8 max_txgs=4 min_states=4 halted=0
E7RESULT name=lag_scale arm=G2R_tightened_roots s=16 c0=1 c_max=5 deletes=8 meta_after=5 grow_at=18446744073709551615 switch_hold=0 max_lag=0 avg_lag_x100=0 write_after_delete_failed=0 false_enospc_arm=0 false_enospc_raw=24 true_enospc=24 stalls=0 max_publications=7 bound=11 max_txgs=7 min_states=1 halted=0
E7RESULT name=lag_scale arm=G2S_tightened_states s=16 c0=1 c_max=5 deletes=8 meta_after=5 grow_at=18446744073709551615 switch_hold=0 max_lag=276 avg_lag_x100=7150 write_after_delete_failed=24 false_enospc_arm=0 false_enospc_raw=48 true_enospc=48 stalls=0 max_publications=4 bound=8 max_txgs=4 min_states=4 halted=0
E7RESULT name=lag_scale arm=G2R_tightened_roots s=16 c0=1 c_max=5 deletes=16 meta_after=5 grow_at=18446744073709551615 switch_hold=0 max_lag=0 avg_lag_x100=0 write_after_delete_failed=0 false_enospc_arm=0 false_enospc_raw=24 true_enospc=24 stalls=0 max_publications=7 bound=11 max_txgs=7 min_states=1 halted=0
E7RESULT name=lag_scale arm=G2S_tightened_states s=16 c0=1 c_max=5 deletes=16 meta_after=5 grow_at=18446744073709551615 switch_hold=0 max_lag=532 avg_lag_x100=7055 write_after_delete_failed=24 false_enospc_arm=0 false_enospc_raw=48 true_enospc=48 stalls=0 max_publications=4 bound=8 max_txgs=4 min_states=4 halted=0
E7RESULT name=lag_scale arm=G2R_tightened_roots s=16 c0=1 c_max=5 deletes=32 meta_after=5 grow_at=18446744073709551615 switch_hold=0 max_lag=0 avg_lag_x100=0 write_after_delete_failed=0 false_enospc_arm=0 false_enospc_raw=24 true_enospc=24 stalls=0 max_publications=7 bound=11 max_txgs=7 min_states=1 halted=0
E7RESULT name=lag_scale arm=G2S_tightened_states s=16 c0=1 c_max=5 deletes=32 meta_after=5 grow_at=18446744073709551615 switch_hold=0 max_lag=1044 avg_lag_x100=7005 write_after_delete_failed=24 false_enospc_arm=0 false_enospc_raw=48 true_enospc=48 stalls=0 max_publications=4 bound=8 max_txgs=4 min_states=4 halted=0
E7RESULT name=done emitted=13

### probe_c switch 实例切换预留（判据 4-2）
E7RESULT name=switch_hold arm=G2R_tightened_roots s=16 c0=5 c_max=10 deletes=1 meta_after=5 grow_at=18446744073709551615 switch_hold=0 max_lag=0 avg_lag_x100=0 write_after_delete_failed=0 false_enospc_arm=0 false_enospc_raw=24 true_enospc=24 stalls=0 max_publications=7 bound=11 max_txgs=7 min_states=1 halted=0
E7RESULT name=switch_hold arm=G2S_tightened_states s=16 c0=5 c_max=10 deletes=1 meta_after=5 grow_at=18446744073709551615 switch_hold=0 max_lag=52 avg_lag_x100=3517 write_after_delete_failed=72 false_enospc_arm=0 false_enospc_raw=96 true_enospc=96 stalls=0 max_publications=4 bound=8 max_txgs=4 min_states=4 halted=0
E7RESULT name=switch_hold arm=G2R_tightened_roots s=16 c0=5 c_max=10 deletes=1 meta_after=5 grow_at=18446744073709551615 switch_hold=40 max_lag=0 avg_lag_x100=0 write_after_delete_failed=0 false_enospc_arm=0 false_enospc_raw=24 true_enospc=24 stalls=0 max_publications=7 bound=11 max_txgs=7 min_states=1 halted=0
E7RESULT name=switch_hold arm=G2S_tightened_states s=16 c0=5 c_max=10 deletes=1 meta_after=5 grow_at=18446744073709551615 switch_hold=40 max_lag=52 avg_lag_x100=3817 write_after_delete_failed=96 false_enospc_arm=120 false_enospc_raw=120 true_enospc=0 stalls=0 max_publications=4 bound=8 max_txgs=4 min_states=4 halted=0
E7RESULT name=switch_hold arm=G2R_tightened_roots s=16 c0=5 c_max=10 deletes=1 meta_after=5 grow_at=18446744073709551615 switch_hold=45 max_lag=0 avg_lag_x100=0 write_after_delete_failed=0 false_enospc_arm=0 false_enospc_raw=24 true_enospc=24 stalls=0 max_publications=7 bound=11 max_txgs=7 min_states=1 halted=0
E7RESULT name=switch_hold arm=G2S_tightened_states s=16 c0=5 c_max=10 deletes=1 meta_after=5 grow_at=18446744073709551615 switch_hold=45 max_lag=52 avg_lag_x100=3820 write_after_delete_failed=96 false_enospc_arm=120 false_enospc_raw=120 true_enospc=0 stalls=0 max_publications=3 bound=8 max_txgs=3 min_states=4 halted=0
E7RESULT name=switch_hold arm=G2R_tightened_roots s=16 c0=5 c_max=10 deletes=1 meta_after=5 grow_at=18446744073709551615 switch_hold=50 max_lag=0 avg_lag_x100=0 write_after_delete_failed=0 false_enospc_arm=0 false_enospc_raw=24 true_enospc=24 stalls=0 max_publications=7 bound=11 max_txgs=7 min_states=1 halted=0
E7RESULT name=switch_hold arm=G2S_tightened_states s=16 c0=5 c_max=10 deletes=1 meta_after=5 grow_at=18446744073709551615 switch_hold=50 max_lag=52 avg_lag_x100=3822 write_after_delete_failed=120 false_enospc_arm=144 false_enospc_raw=144 true_enospc=0 stalls=0 max_publications=3 bound=8 max_txgs=3 min_states=4 halted=0
E7RESULT name=switch_hold arm=G2R_tightened_roots s=16 c0=5 c_max=10 deletes=1 meta_after=5 grow_at=18446744073709551615 switch_hold=60 max_lag=0 avg_lag_x100=0 write_after_delete_failed=0 false_enospc_arm=0 false_enospc_raw=24 true_enospc=24 stalls=0 max_publications=7 bound=11 max_txgs=7 min_states=1 halted=0
E7RESULT name=switch_hold arm=G2S_tightened_states s=16 c0=5 c_max=10 deletes=1 meta_after=5 grow_at=18446744073709551615 switch_hold=60 max_lag=52 avg_lag_x100=3827 write_after_delete_failed=96 false_enospc_arm=120 false_enospc_raw=120 true_enospc=0 stalls=0 max_publications=4 bound=8 max_txgs=4 min_states=4 halted=0
E7RESULT name=switch_hold arm=G2R_tightened_roots s=16 c0=5 c_max=10 deletes=1 meta_after=5 grow_at=18446744073709551615 switch_hold=80 max_lag=0 avg_lag_x100=0 write_after_delete_failed=0 false_enospc_arm=24 false_enospc_raw=24 true_enospc=0 stalls=0 max_publications=7 bound=11 max_txgs=7 min_states=1 halted=0
E7RESULT name=switch_hold arm=G2S_tightened_states s=16 c0=5 c_max=10 deletes=1 meta_after=5 grow_at=18446744073709551615 switch_hold=80 max_lag=52 avg_lag_x100=3836 write_after_delete_failed=72 false_enospc_arm=96 false_enospc_raw=96 true_enospc=0 stalls=0 max_publications=4 bound=8 max_txgs=4 min_states=4 halted=0
E7RESULT name=switch_hold arm=G2R_tightened_roots s=16 c0=5 c_max=10 deletes=1 meta_after=5 grow_at=18446744073709551615 switch_hold=100 max_lag=0 avg_lag_x100=0 write_after_delete_failed=0 false_enospc_arm=24 false_enospc_raw=24 true_enospc=0 stalls=0 max_publications=7 bound=11 max_txgs=7 min_states=1 halted=0
E7RESULT name=switch_hold arm=G2S_tightened_states s=16 c0=5 c_max=10 deletes=1 meta_after=5 grow_at=18446744073709551615 switch_hold=100 max_lag=52 avg_lag_x100=3845 write_after_delete_failed=96 false_enospc_arm=120 false_enospc_raw=120 true_enospc=0 stalls=0 max_publications=4 bound=8 max_txgs=4 min_states=4 halted=0
E7RESULT name=done emitted=15

### probe_c meta 元数据随树高（判据 4-2）
E7RESULT name=meta_growth arm=G2R_tightened_roots s=4 c0=5 c_max=10 deletes=1 meta_after=5 grow_at=100 switch_hold=0 max_lag=0 avg_lag_x100=0 write_after_delete_failed=0 false_enospc_arm=0 false_enospc_raw=24 true_enospc=24 stalls=0 max_publications=6 bound=11 max_txgs=6 min_states=1 halted=0
E7RESULT name=meta_growth arm=G2R_tightened_roots s=16 c0=5 c_max=10 deletes=1 meta_after=5 grow_at=100 switch_hold=0 max_lag=0 avg_lag_x100=0 write_after_delete_failed=0 false_enospc_arm=0 false_enospc_raw=24 true_enospc=24 stalls=0 max_publications=7 bound=11 max_txgs=7 min_states=1 halted=0
E7RESULT name=meta_growth arm=G2S_tightened_states s=4 c0=5 c_max=10 deletes=1 meta_after=5 grow_at=100 switch_hold=0 max_lag=52 avg_lag_x100=3218 write_after_delete_failed=72 false_enospc_arm=0 false_enospc_raw=96 true_enospc=96 stalls=0 max_publications=4 bound=8 max_txgs=4 min_states=4 halted=0
E7RESULT name=meta_growth arm=G2S_tightened_states s=16 c0=5 c_max=10 deletes=1 meta_after=5 grow_at=100 switch_hold=0 max_lag=52 avg_lag_x100=3517 write_after_delete_failed=72 false_enospc_arm=0 false_enospc_raw=96 true_enospc=96 stalls=0 max_publications=4 bound=8 max_txgs=4 min_states=4 halted=0
E7RESULT name=meta_growth arm=G2R_tightened_roots s=4 c0=5 c_max=10 deletes=1 meta_after=6 grow_at=100 switch_hold=0 max_lag=0 avg_lag_x100=0 write_after_delete_failed=0 false_enospc_arm=0 false_enospc_raw=24 true_enospc=24 stalls=0 max_publications=7 bound=11 max_txgs=7 min_states=1 halted=0
E7RESULT name=meta_growth arm=G2R_tightened_roots s=16 c0=5 c_max=10 deletes=1 meta_after=6 grow_at=100 switch_hold=0 max_lag=0 avg_lag_x100=0 write_after_delete_failed=0 false_enospc_arm=0 false_enospc_raw=24 true_enospc=24 stalls=0 max_publications=7 bound=11 max_txgs=7 min_states=1 halted=0
E7RESULT name=meta_growth arm=G2S_tightened_states s=4 c0=5 c_max=10 deletes=1 meta_after=6 grow_at=100 switch_hold=0 max_lag=52 avg_lag_x100=3575 write_after_delete_failed=72 false_enospc_arm=0 false_enospc_raw=96 true_enospc=96 stalls=0 max_publications=4 bound=8 max_txgs=4 min_states=4 halted=0
E7RESULT name=meta_growth arm=G2S_tightened_states s=16 c0=5 c_max=10 deletes=1 meta_after=6 grow_at=100 switch_hold=0 max_lag=52 avg_lag_x100=3713 write_after_delete_failed=72 false_enospc_arm=0 false_enospc_raw=96 true_enospc=96 stalls=0 max_publications=4 bound=8 max_txgs=4 min_states=4 halted=0
E7RESULT name=meta_growth arm=G2R_tightened_roots s=4 c0=5 c_max=10 deletes=1 meta_after=7 grow_at=100 switch_hold=0 max_lag=0 avg_lag_x100=0 write_after_delete_failed=0 false_enospc_arm=0 false_enospc_raw=24 true_enospc=24 stalls=0 max_publications=7 bound=11 max_txgs=7 min_states=1 halted=0
E7RESULT name=meta_growth arm=G2R_tightened_roots s=16 c0=5 c_max=10 deletes=1 meta_after=7 grow_at=100 switch_hold=0 max_lag=0 avg_lag_x100=0 write_after_delete_failed=0 false_enospc_arm=0 false_enospc_raw=24 true_enospc=24 stalls=0 max_publications=7 bound=11 max_txgs=7 min_states=1 halted=0
E7RESULT name=meta_growth arm=G2S_tightened_states s=4 c0=5 c_max=10 deletes=1 meta_after=7 grow_at=100 switch_hold=0 max_lag=52 avg_lag_x100=3593 write_after_delete_failed=72 false_enospc_arm=0 false_enospc_raw=96 true_enospc=96 stalls=0 max_publications=4 bound=8 max_txgs=4 min_states=4 halted=0
E7RESULT name=meta_growth arm=G2S_tightened_states s=16 c0=5 c_max=10 deletes=1 meta_after=7 grow_at=100 switch_hold=0 max_lag=52 avg_lag_x100=3668 write_after_delete_failed=72 false_enospc_arm=0 false_enospc_raw=96 true_enospc=96 stalls=0 max_publications=4 bound=8 max_txgs=4 min_states=4 halted=0
E7RESULT name=meta_growth arm=G2R_tightened_roots s=4 c0=5 c_max=10 deletes=1 meta_after=8 grow_at=100 switch_hold=0 max_lag=0 avg_lag_x100=0 write_after_delete_failed=0 false_enospc_arm=0 false_enospc_raw=24 true_enospc=24 stalls=0 max_publications=7 bound=11 max_txgs=7 min_states=1 halted=0
E7RESULT name=meta_growth arm=G2R_tightened_roots s=16 c0=5 c_max=10 deletes=1 meta_after=8 grow_at=100 switch_hold=0 max_lag=0 avg_lag_x100=0 write_after_delete_failed=0 false_enospc_arm=0 false_enospc_raw=24 true_enospc=24 stalls=0 max_publications=7 bound=11 max_txgs=7 min_states=1 halted=0
E7RESULT name=meta_growth arm=G2S_tightened_states s=4 c0=5 c_max=10 deletes=1 meta_after=8 grow_at=100 switch_hold=0 max_lag=56 avg_lag_x100=4077 write_after_delete_failed=96 false_enospc_arm=0 false_enospc_raw=120 true_enospc=120 stalls=0 max_publications=4 bound=8 max_txgs=4 min_states=4 halted=0
E7RESULT name=meta_growth arm=G2S_tightened_states s=16 c0=5 c_max=10 deletes=1 meta_after=8 grow_at=100 switch_hold=0 max_lag=56 avg_lag_x100=4154 write_after_delete_failed=96 false_enospc_arm=0 false_enospc_raw=120 true_enospc=120 stalls=0 max_publications=4 bound=8 max_txgs=4 min_states=4 halted=0
E7RESULT name=meta_growth arm=G2R_tightened_roots s=4 c0=5 c_max=10 deletes=1 meta_after=10 grow_at=100 switch_hold=0 max_lag=0 avg_lag_x100=0 write_after_delete_failed=0 false_enospc_arm=0 false_enospc_raw=24 true_enospc=24 stalls=0 max_publications=7 bound=11 max_txgs=7 min_states=1 halted=0
E7RESULT name=meta_growth arm=G2R_tightened_roots s=16 c0=5 c_max=10 deletes=1 meta_after=10 grow_at=100 switch_hold=0 max_lag=0 avg_lag_x100=0 write_after_delete_failed=0 false_enospc_arm=0 false_enospc_raw=24 true_enospc=24 stalls=0 max_publications=7 bound=11 max_txgs=7 min_states=1 halted=0
E7RESULT name=meta_growth arm=G2S_tightened_states s=4 c0=5 c_max=10 deletes=1 meta_after=10 grow_at=100 switch_hold=0 max_lag=59 avg_lag_x100=4121 write_after_delete_failed=96 false_enospc_arm=0 false_enospc_raw=120 true_enospc=120 stalls=0 max_publications=4 bound=8 max_txgs=4 min_states=4 halted=0
E7RESULT name=meta_growth arm=G2S_tightened_states s=16 c0=5 c_max=10 deletes=1 meta_after=10 grow_at=100 switch_hold=0 max_lag=59 avg_lag_x100=4196 write_after_delete_failed=96 false_enospc_arm=0 false_enospc_raw=120 true_enospc=120 stalls=0 max_publications=4 bound=8 max_txgs=4 min_states=4 halted=0
E7RESULT name=meta_growth arm=G2R_tightened_roots s=4 c0=5 c_max=10 deletes=1 meta_after=13 grow_at=100 switch_hold=0 max_lag=0 avg_lag_x100=0 write_after_delete_failed=0 false_enospc_arm=0 false_enospc_raw=24 true_enospc=24 stalls=0 max_publications=6 bound=11 max_txgs=6 min_states=1 halted=0
E7RESULT name=meta_growth arm=G2R_tightened_roots s=16 c0=5 c_max=10 deletes=1 meta_after=13 grow_at=100 switch_hold=0 max_lag=0 avg_lag_x100=0 write_after_delete_failed=0 false_enospc_arm=0 false_enospc_raw=24 true_enospc=24 stalls=0 max_publications=7 bound=11 max_txgs=7 min_states=1 halted=0
E7RESULT name=meta_growth arm=G2S_tightened_states s=4 c0=5 c_max=10 deletes=1 meta_after=13 grow_at=100 switch_hold=0 max_lag=68 avg_lag_x100=4570 write_after_delete_failed=120 false_enospc_arm=0 false_enospc_raw=144 true_enospc=144 stalls=0 max_publications=4 bound=8 max_txgs=4 min_states=4 halted=0
E7RESULT name=meta_growth arm=G2S_tightened_states s=16 c0=5 c_max=10 deletes=1 meta_after=13 grow_at=100 switch_hold=0 max_lag=68 avg_lag_x100=4202 write_after_delete_failed=96 false_enospc_arm=0 false_enospc_raw=120 true_enospc=120 stalls=0 max_publications=4 bound=8 max_txgs=4 min_states=4 halted=0
E7RESULT name=done emitted=25

### probe_d fallback
E7RESULT name=fallback_after_fill arm=G2S_tightened_states s=1 c0=1 c_max=5 fallback_hits=38400 checks=38400
E7RESULT name=fallback_after_fill arm=G2S_tightened_states s=1 c0=5 c_max=10 fallback_hits=38400 checks=38400
E7RESULT name=fallback_after_fill arm=G2S_tightened_states s=4 c0=1 c_max=5 fallback_hits=0 checks=24000
E7RESULT name=fallback_after_fill arm=G2S_tightened_states s=4 c0=5 c_max=10 fallback_hits=0 checks=19224
E7RESULT name=fallback_after_fill arm=G2S_tightened_states s=16 c0=1 c_max=5 fallback_hits=0 checks=24024
E7RESULT name=fallback_after_fill arm=G2S_tightened_states s=16 c0=5 c_max=10 fallback_hits=0 checks=21720
E7RESULT name=done emitted=7
