E7RESULT name=multi_tear arm=G2R_tightened_roots s=1 tears=1 lost_disk=none fakes=0 unrecoverable=0 halted=0 chosen_below_floor=0 min_states=1 min_candidates=2
E7RESULT name=multi_tear arm=G2R_tightened_roots s=1 tears=1 lost_disk=0 fakes=0 unrecoverable=0 halted=0 chosen_below_floor=0 min_states=1 min_candidates=1
E7RESULT name=multi_tear arm=G2R_tightened_roots s=1 tears=1 lost_disk=1 fakes=0 unrecoverable=0 halted=0 chosen_below_floor=0 min_states=1 min_candidates=1
E7RESULT name=multi_tear arm=G2R_tightened_roots s=1 tears=2 lost_disk=none fakes=0 unrecoverable=0 halted=0 chosen_below_floor=0 min_states=1 min_candidates=2
E7RESULT name=multi_tear arm=G2R_tightened_roots s=1 tears=2 lost_disk=0 fakes=0 unrecoverable=0 halted=0 chosen_below_floor=0 min_states=1 min_candidates=1
E7RESULT name=multi_tear arm=G2R_tightened_roots s=1 tears=2 lost_disk=1 fakes=0 unrecoverable=0 halted=0 chosen_below_floor=0 min_states=1 min_candidates=1
E7RESULT name=multi_tear arm=G2R_tightened_roots s=1 tears=3 lost_disk=none fakes=0 unrecoverable=0 halted=0 chosen_below_floor=0 min_states=1 min_candidates=2
E7RESULT name=multi_tear arm=G2R_tightened_roots s=1 tears=3 lost_disk=0 fakes=0 unrecoverable=0 halted=0 chosen_below_floor=0 min_states=1 min_candidates=1
E7RESULT name=multi_tear arm=G2R_tightened_roots s=1 tears=3 lost_disk=1 fakes=0 unrecoverable=0 halted=0 chosen_below_floor=0 min_states=1 min_candidates=1
E7RESULT name=multi_tear arm=G2R_tightened_roots s=1 tears=4 lost_disk=none fakes=0 unrecoverable=0 halted=0 chosen_below_floor=0 min_states=1 min_candidates=2
E7RESULT name=multi_tear arm=G2R_tightened_roots s=1 tears=4 lost_disk=0 fakes=0 unrecoverable=0 halted=0 chosen_below_floor=0 min_states=1 min_candidates=1
E7RESULT name=multi_tear arm=G2R_tightened_roots s=1 tears=4 lost_disk=1 fakes=0 unrecoverable=0 halted=0 chosen_below_floor=0 min_states=1 min_candidates=1
E7RESULT name=multi_tear arm=G2R_tightened_roots s=1 tears=5 lost_disk=none fakes=0 unrecoverable=0 halted=0 chosen_below_floor=0 min_states=1 min_candidates=2
E7RESULT name=multi_tear arm=G2R_tightened_roots s=1 tears=5 lost_disk=0 fakes=0 unrecoverable=0 halted=0 chosen_below_floor=0 min_states=1 min_candidates=1
E7RESULT name=multi_tear arm=G2R_tightened_roots s=1 tears=5 lost_disk=1 fakes=0 unrecoverable=0 halted=0 chosen_below_floor=0 min_states=1 min_candidates=1
E7RESULT name=multi_tear arm=G2R_tightened_roots s=1 tears=6 lost_disk=none fakes=0 unrecoverable=0 halted=0 chosen_below_floor=0 min_states=1 min_candidates=2
E7RESULT name=multi_tear arm=G2R_tightened_roots s=1 tears=6 lost_disk=0 fakes=0 unrecoverable=0 halted=0 chosen_below_floor=0 min_states=1 min_candidates=1
E7RESULT name=multi_tear arm=G2R_tightened_roots s=1 tears=6 lost_disk=1 fakes=0 unrecoverable=0 halted=0 chosen_below_floor=0 min_states=1 min_candidates=1
E7RESULT name=multi_tear arm=G2S_tightened_states s=1 tears=1 lost_disk=none fakes=0 unrecoverable=0 halted=0 chosen_below_floor=0 min_states=1 min_candidates=2
E7RESULT name=multi_tear arm=G2S_tightened_states s=1 tears=1 lost_disk=0 fakes=0 unrecoverable=0 halted=0 chosen_below_floor=0 min_states=1 min_candidates=1
E7RESULT name=multi_tear arm=G2S_tightened_states s=1 tears=1 lost_disk=1 fakes=0 unrecoverable=0 halted=0 chosen_below_floor=0 min_states=1 min_candidates=1
E7RESULT name=multi_tear arm=G2S_tightened_states s=1 tears=2 lost_disk=none fakes=0 unrecoverable=0 halted=0 chosen_below_floor=0 min_states=1 min_candidates=2
E7RESULT name=multi_tear arm=G2S_tightened_states s=1 tears=2 lost_disk=0 fakes=0 unrecoverable=0 halted=0 chosen_below_floor=0 min_states=1 min_candidates=1
E7RESULT name=multi_tear arm=G2S_tightened_states s=1 tears=2 lost_disk=1 fakes=0 unrecoverable=0 halted=0 chosen_below_floor=0 min_states=1 min_candidates=1
E7RESULT name=multi_tear arm=G2S_tightened_states s=1 tears=3 lost_disk=none fakes=0 unrecoverable=0 halted=0 chosen_below_floor=0 min_states=1 min_candidates=2
E7RESULT name=multi_tear arm=G2S_tightened_states s=1 tears=3 lost_disk=0 fakes=0 unrecoverable=0 halted=0 chosen_below_floor=0 min_states=1 min_candidates=1
E7RESULT name=multi_tear arm=G2S_tightened_states s=1 tears=3 lost_disk=1 fakes=0 unrecoverable=0 halted=0 chosen_below_floor=0 min_states=1 min_candidates=1
E7RESULT name=multi_tear arm=G2S_tightened_states s=1 tears=4 lost_disk=none fakes=0 unrecoverable=0 halted=0 chosen_below_floor=0 min_states=1 min_candidates=2
E7RESULT name=multi_tear arm=G2S_tightened_states s=1 tears=4 lost_disk=0 fakes=0 unrecoverable=0 halted=0 chosen_below_floor=0 min_states=1 min_candidates=1
E7RESULT name=multi_tear arm=G2S_tightened_states s=1 tears=4 lost_disk=1 fakes=0 unrecoverable=0 halted=0 chosen_below_floor=0 min_states=1 min_candidates=1
E7RESULT name=multi_tear arm=G2S_tightened_states s=1 tears=5 lost_disk=none fakes=0 unrecoverable=0 halted=0 chosen_below_floor=0 min_states=1 min_candidates=2
E7RESULT name=multi_tear arm=G2S_tightened_states s=1 tears=5 lost_disk=0 fakes=0 unrecoverable=0 halted=0 chosen_below_floor=0 min_states=1 min_candidates=1
E7RESULT name=multi_tear arm=G2S_tightened_states s=1 tears=5 lost_disk=1 fakes=0 unrecoverable=0 halted=0 chosen_below_floor=0 min_states=1 min_candidates=1
E7RESULT name=multi_tear arm=G2S_tightened_states s=1 tears=6 lost_disk=none fakes=0 unrecoverable=0 halted=0 chosen_below_floor=0 min_states=1 min_candidates=2
E7RESULT name=multi_tear arm=G2S_tightened_states s=1 tears=6 lost_disk=0 fakes=0 unrecoverable=0 halted=0 chosen_below_floor=0 min_states=1 min_candidates=1
E7RESULT name=multi_tear arm=G2S_tightened_states s=1 tears=6 lost_disk=1 fakes=0 unrecoverable=0 halted=0 chosen_below_floor=0 min_states=1 min_candidates=1
E7RESULT name=multi_tear arm=G_floor_per_disk s=1 tears=1 lost_disk=none fakes=0 unrecoverable=0 halted=0 chosen_below_floor=0 min_states=1 min_candidates=2
E7RESULT name=multi_tear arm=G_floor_per_disk s=1 tears=1 lost_disk=0 fakes=0 unrecoverable=0 halted=0 chosen_below_floor=0 min_states=1 min_candidates=1
E7RESULT name=multi_tear arm=G_floor_per_disk s=1 tears=1 lost_disk=1 fakes=0 unrecoverable=0 halted=0 chosen_below_floor=0 min_states=1 min_candidates=1
E7RESULT name=multi_tear arm=G_floor_per_disk s=1 tears=2 lost_disk=none fakes=0 unrecoverable=0 halted=0 chosen_below_floor=0 min_states=1 min_candidates=2
E7RESULT name=multi_tear arm=G_floor_per_disk s=1 tears=2 lost_disk=0 fakes=0 unrecoverable=0 halted=0 chosen_below_floor=0 min_states=1 min_candidates=1
E7RESULT name=multi_tear arm=G_floor_per_disk s=1 tears=2 lost_disk=1 fakes=0 unrecoverable=0 halted=0 chosen_below_floor=0 min_states=1 min_candidates=1
E7RESULT name=multi_tear arm=G_floor_per_disk s=1 tears=3 lost_disk=none fakes=0 unrecoverable=0 halted=0 chosen_below_floor=0 min_states=1 min_candidates=2
E7RESULT name=multi_tear arm=G_floor_per_disk s=1 tears=3 lost_disk=0 fakes=0 unrecoverable=0 halted=0 chosen_below_floor=0 min_states=1 min_candidates=1
E7RESULT name=multi_tear arm=G_floor_per_disk s=1 tears=3 lost_disk=1 fakes=0 unrecoverable=0 halted=0 chosen_below_floor=0 min_states=1 min_candidates=1
E7RESULT name=multi_tear arm=G_floor_per_disk s=1 tears=4 lost_disk=none fakes=0 unrecoverable=0 halted=0 chosen_below_floor=0 min_states=1 min_candidates=2
E7RESULT name=multi_tear arm=G_floor_per_disk s=1 tears=4 lost_disk=0 fakes=0 unrecoverable=0 halted=0 chosen_below_floor=0 min_states=1 min_candidates=1
E7RESULT name=multi_tear arm=G_floor_per_disk s=1 tears=4 lost_disk=1 fakes=0 unrecoverable=0 halted=0 chosen_below_floor=0 min_states=1 min_candidates=1
E7RESULT name=multi_tear arm=G_floor_per_disk s=1 tears=5 lost_disk=none fakes=0 unrecoverable=0 halted=0 chosen_below_floor=0 min_states=1 min_candidates=2
E7RESULT name=multi_tear arm=G_floor_per_disk s=1 tears=5 lost_disk=0 fakes=0 unrecoverable=0 halted=0 chosen_below_floor=0 min_states=1 min_candidates=1
E7RESULT name=multi_tear arm=G_floor_per_disk s=1 tears=5 lost_disk=1 fakes=0 unrecoverable=0 halted=0 chosen_below_floor=0 min_states=1 min_candidates=1
E7RESULT name=multi_tear arm=G_floor_per_disk s=1 tears=6 lost_disk=none fakes=0 unrecoverable=0 halted=0 chosen_below_floor=0 min_states=1 min_candidates=2
E7RESULT name=multi_tear arm=G_floor_per_disk s=1 tears=6 lost_disk=0 fakes=0 unrecoverable=0 halted=0 chosen_below_floor=0 min_states=1 min_candidates=1
E7RESULT name=multi_tear arm=G_floor_per_disk s=1 tears=6 lost_disk=1 fakes=0 unrecoverable=0 halted=0 chosen_below_floor=0 min_states=1 min_candidates=1
E7RESULT name=multi_tear arm=G2R_tightened_roots s=4 tears=1 lost_disk=none fakes=0 unrecoverable=0 halted=0 chosen_below_floor=0 min_states=4 min_candidates=6
E7RESULT name=multi_tear arm=G2R_tightened_roots s=4 tears=1 lost_disk=0 fakes=0 unrecoverable=0 halted=0 chosen_below_floor=0 min_states=1 min_candidates=2
E7RESULT name=multi_tear arm=G2R_tightened_roots s=4 tears=1 lost_disk=1 fakes=0 unrecoverable=0 halted=0 chosen_below_floor=0 min_states=3 min_candidates=4
E7RESULT name=multi_tear arm=G2R_tightened_roots s=4 tears=2 lost_disk=none fakes=0 unrecoverable=0 halted=0 chosen_below_floor=0 min_states=4 min_candidates=6
E7RESULT name=multi_tear arm=G2R_tightened_roots s=4 tears=2 lost_disk=0 fakes=0 unrecoverable=0 halted=0 chosen_below_floor=0 min_states=1 min_candidates=2
E7RESULT name=multi_tear arm=G2R_tightened_roots s=4 tears=2 lost_disk=1 fakes=0 unrecoverable=0 halted=0 chosen_below_floor=0 min_states=3 min_candidates=4
E7RESULT name=multi_tear arm=G2R_tightened_roots s=4 tears=3 lost_disk=none fakes=0 unrecoverable=0 halted=0 chosen_below_floor=0 min_states=4 min_candidates=6
E7RESULT name=multi_tear arm=G2R_tightened_roots s=4 tears=3 lost_disk=0 fakes=0 unrecoverable=0 halted=0 chosen_below_floor=0 min_states=1 min_candidates=2
E7RESULT name=multi_tear arm=G2R_tightened_roots s=4 tears=3 lost_disk=1 fakes=0 unrecoverable=0 halted=0 chosen_below_floor=0 min_states=3 min_candidates=4
E7RESULT name=multi_tear arm=G2R_tightened_roots s=4 tears=4 lost_disk=none fakes=0 unrecoverable=0 halted=0 chosen_below_floor=0 min_states=4 min_candidates=6
E7RESULT name=multi_tear arm=G2R_tightened_roots s=4 tears=4 lost_disk=0 fakes=0 unrecoverable=0 halted=0 chosen_below_floor=0 min_states=1 min_candidates=2
E7RESULT name=multi_tear arm=G2R_tightened_roots s=4 tears=4 lost_disk=1 fakes=0 unrecoverable=0 halted=0 chosen_below_floor=0 min_states=3 min_candidates=4
E7RESULT name=multi_tear arm=G2R_tightened_roots s=4 tears=5 lost_disk=none fakes=0 unrecoverable=0 halted=0 chosen_below_floor=0 min_states=4 min_candidates=6
E7RESULT name=multi_tear arm=G2R_tightened_roots s=4 tears=5 lost_disk=0 fakes=0 unrecoverable=0 halted=0 chosen_below_floor=0 min_states=1 min_candidates=2
E7RESULT name=multi_tear arm=G2R_tightened_roots s=4 tears=5 lost_disk=1 fakes=0 unrecoverable=0 halted=0 chosen_below_floor=0 min_states=3 min_candidates=4
E7RESULT name=multi_tear arm=G2R_tightened_roots s=4 tears=6 lost_disk=none fakes=0 unrecoverable=0 halted=0 chosen_below_floor=0 min_states=4 min_candidates=6
E7RESULT name=multi_tear arm=G2R_tightened_roots s=4 tears=6 lost_disk=0 fakes=0 unrecoverable=0 halted=0 chosen_below_floor=0 min_states=1 min_candidates=2
E7RESULT name=multi_tear arm=G2R_tightened_roots s=4 tears=6 lost_disk=1 fakes=0 unrecoverable=0 halted=0 chosen_below_floor=0 min_states=3 min_candidates=4
E7RESULT name=multi_tear arm=G2S_tightened_states s=4 tears=1 lost_disk=none fakes=0 unrecoverable=0 halted=0 chosen_below_floor=0 min_states=4 min_candidates=6
E7RESULT name=multi_tear arm=G2S_tightened_states s=4 tears=1 lost_disk=0 fakes=0 unrecoverable=0 halted=0 chosen_below_floor=0 min_states=1 min_candidates=2
E7RESULT name=multi_tear arm=G2S_tightened_states s=4 tears=1 lost_disk=1 fakes=0 unrecoverable=0 halted=0 chosen_below_floor=0 min_states=3 min_candidates=4
E7RESULT name=multi_tear arm=G2S_tightened_states s=4 tears=2 lost_disk=none fakes=0 unrecoverable=0 halted=0 chosen_below_floor=0 min_states=4 min_candidates=6
E7RESULT name=multi_tear arm=G2S_tightened_states s=4 tears=2 lost_disk=0 fakes=0 unrecoverable=0 halted=0 chosen_below_floor=0 min_states=1 min_candidates=2
E7RESULT name=multi_tear arm=G2S_tightened_states s=4 tears=2 lost_disk=1 fakes=0 unrecoverable=0 halted=0 chosen_below_floor=0 min_states=3 min_candidates=4
E7RESULT name=multi_tear arm=G2S_tightened_states s=4 tears=3 lost_disk=none fakes=0 unrecoverable=0 halted=0 chosen_below_floor=0 min_states=4 min_candidates=6
E7RESULT name=multi_tear arm=G2S_tightened_states s=4 tears=3 lost_disk=0 fakes=0 unrecoverable=0 halted=0 chosen_below_floor=0 min_states=1 min_candidates=2
E7RESULT name=multi_tear arm=G2S_tightened_states s=4 tears=3 lost_disk=1 fakes=0 unrecoverable=0 halted=0 chosen_below_floor=0 min_states=3 min_candidates=4
E7RESULT name=multi_tear arm=G2S_tightened_states s=4 tears=4 lost_disk=none fakes=0 unrecoverable=0 halted=0 chosen_below_floor=0 min_states=4 min_candidates=6
E7RESULT name=multi_tear arm=G2S_tightened_states s=4 tears=4 lost_disk=0 fakes=0 unrecoverable=0 halted=0 chosen_below_floor=0 min_states=1 min_candidates=2
E7RESULT name=multi_tear arm=G2S_tightened_states s=4 tears=4 lost_disk=1 fakes=0 unrecoverable=0 halted=0 chosen_below_floor=0 min_states=3 min_candidates=4
E7RESULT name=multi_tear arm=G2S_tightened_states s=4 tears=5 lost_disk=none fakes=0 unrecoverable=0 halted=0 chosen_below_floor=0 min_states=4 min_candidates=6
E7RESULT name=multi_tear arm=G2S_tightened_states s=4 tears=5 lost_disk=0 fakes=0 unrecoverable=0 halted=0 chosen_below_floor=0 min_states=1 min_candidates=2
E7RESULT name=multi_tear arm=G2S_tightened_states s=4 tears=5 lost_disk=1 fakes=0 unrecoverable=0 halted=0 chosen_below_floor=0 min_states=3 min_candidates=4
E7RESULT name=multi_tear arm=G2S_tightened_states s=4 tears=6 lost_disk=none fakes=0 unrecoverable=0 halted=0 chosen_below_floor=0 min_states=4 min_candidates=6
E7RESULT name=multi_tear arm=G2S_tightened_states s=4 tears=6 lost_disk=0 fakes=0 unrecoverable=0 halted=0 chosen_below_floor=0 min_states=1 min_candidates=2
E7RESULT name=multi_tear arm=G2S_tightened_states s=4 tears=6 lost_disk=1 fakes=0 unrecoverable=0 halted=0 chosen_below_floor=0 min_states=3 min_candidates=4
E7RESULT name=multi_tear arm=G_floor_per_disk s=4 tears=1 lost_disk=none fakes=0 unrecoverable=0 halted=0 chosen_below_floor=0 min_states=4 min_candidates=6
E7RESULT name=multi_tear arm=G_floor_per_disk s=4 tears=1 lost_disk=0 fakes=0 unrecoverable=0 halted=0 chosen_below_floor=0 min_states=1 min_candidates=2
E7RESULT name=multi_tear arm=G_floor_per_disk s=4 tears=1 lost_disk=1 fakes=0 unrecoverable=0 halted=0 chosen_below_floor=0 min_states=3 min_candidates=4
E7RESULT name=multi_tear arm=G_floor_per_disk s=4 tears=2 lost_disk=none fakes=0 unrecoverable=0 halted=0 chosen_below_floor=0 min_states=4 min_candidates=6
E7RESULT name=multi_tear arm=G_floor_per_disk s=4 tears=2 lost_disk=0 fakes=0 unrecoverable=0 halted=0 chosen_below_floor=0 min_states=1 min_candidates=2
E7RESULT name=multi_tear arm=G_floor_per_disk s=4 tears=2 lost_disk=1 fakes=0 unrecoverable=0 halted=0 chosen_below_floor=0 min_states=3 min_candidates=4
E7RESULT name=multi_tear arm=G_floor_per_disk s=4 tears=3 lost_disk=none fakes=0 unrecoverable=0 halted=0 chosen_below_floor=0 min_states=4 min_candidates=6
E7RESULT name=multi_tear arm=G_floor_per_disk s=4 tears=3 lost_disk=0 fakes=0 unrecoverable=0 halted=0 chosen_below_floor=0 min_states=1 min_candidates=2
E7RESULT name=multi_tear arm=G_floor_per_disk s=4 tears=3 lost_disk=1 fakes=0 unrecoverable=0 halted=0 chosen_below_floor=0 min_states=3 min_candidates=4
E7RESULT name=multi_tear arm=G_floor_per_disk s=4 tears=4 lost_disk=none fakes=0 unrecoverable=0 halted=0 chosen_below_floor=0 min_states=4 min_candidates=6
E7RESULT name=multi_tear arm=G_floor_per_disk s=4 tears=4 lost_disk=0 fakes=0 unrecoverable=0 halted=0 chosen_below_floor=0 min_states=1 min_candidates=2
E7RESULT name=multi_tear arm=G_floor_per_disk s=4 tears=4 lost_disk=1 fakes=0 unrecoverable=0 halted=0 chosen_below_floor=0 min_states=3 min_candidates=4
E7RESULT name=multi_tear arm=G_floor_per_disk s=4 tears=5 lost_disk=none fakes=0 unrecoverable=0 halted=0 chosen_below_floor=0 min_states=4 min_candidates=6
E7RESULT name=multi_tear arm=G_floor_per_disk s=4 tears=5 lost_disk=0 fakes=0 unrecoverable=0 halted=0 chosen_below_floor=0 min_states=1 min_candidates=2
E7RESULT name=multi_tear arm=G_floor_per_disk s=4 tears=5 lost_disk=1 fakes=0 unrecoverable=0 halted=0 chosen_below_floor=0 min_states=3 min_candidates=4
E7RESULT name=multi_tear arm=G_floor_per_disk s=4 tears=6 lost_disk=none fakes=0 unrecoverable=0 halted=0 chosen_below_floor=0 min_states=4 min_candidates=6
E7RESULT name=multi_tear arm=G_floor_per_disk s=4 tears=6 lost_disk=0 fakes=0 unrecoverable=0 halted=0 chosen_below_floor=0 min_states=1 min_candidates=2
E7RESULT name=multi_tear arm=G_floor_per_disk s=4 tears=6 lost_disk=1 fakes=0 unrecoverable=0 halted=0 chosen_below_floor=0 min_states=3 min_candidates=4
E7RESULT name=multi_tear arm=G2R_tightened_roots s=16 tears=1 lost_disk=none fakes=0 unrecoverable=0 halted=0 chosen_below_floor=0 min_states=4 min_candidates=6
E7RESULT name=multi_tear arm=G2R_tightened_roots s=16 tears=1 lost_disk=0 fakes=0 unrecoverable=0 halted=0 chosen_below_floor=0 min_states=1 min_candidates=2
E7RESULT name=multi_tear arm=G2R_tightened_roots s=16 tears=1 lost_disk=1 fakes=0 unrecoverable=0 halted=0 chosen_below_floor=0 min_states=3 min_candidates=4
E7RESULT name=multi_tear arm=G2R_tightened_roots s=16 tears=2 lost_disk=none fakes=0 unrecoverable=0 halted=0 chosen_below_floor=0 min_states=4 min_candidates=6
E7RESULT name=multi_tear arm=G2R_tightened_roots s=16 tears=2 lost_disk=0 fakes=0 unrecoverable=0 halted=0 chosen_below_floor=0 min_states=1 min_candidates=2
E7RESULT name=multi_tear arm=G2R_tightened_roots s=16 tears=2 lost_disk=1 fakes=0 unrecoverable=0 halted=0 chosen_below_floor=0 min_states=3 min_candidates=4
E7RESULT name=multi_tear arm=G2R_tightened_roots s=16 tears=3 lost_disk=none fakes=0 unrecoverable=0 halted=0 chosen_below_floor=0 min_states=4 min_candidates=6
E7RESULT name=multi_tear arm=G2R_tightened_roots s=16 tears=3 lost_disk=0 fakes=0 unrecoverable=0 halted=0 chosen_below_floor=0 min_states=1 min_candidates=2
E7RESULT name=multi_tear arm=G2R_tightened_roots s=16 tears=3 lost_disk=1 fakes=0 unrecoverable=0 halted=0 chosen_below_floor=0 min_states=3 min_candidates=4
E7RESULT name=multi_tear arm=G2R_tightened_roots s=16 tears=4 lost_disk=none fakes=0 unrecoverable=0 halted=0 chosen_below_floor=0 min_states=4 min_candidates=6
E7RESULT name=multi_tear arm=G2R_tightened_roots s=16 tears=4 lost_disk=0 fakes=0 unrecoverable=0 halted=0 chosen_below_floor=0 min_states=1 min_candidates=2
E7RESULT name=multi_tear arm=G2R_tightened_roots s=16 tears=4 lost_disk=1 fakes=0 unrecoverable=0 halted=0 chosen_below_floor=0 min_states=3 min_candidates=4
E7RESULT name=multi_tear arm=G2R_tightened_roots s=16 tears=5 lost_disk=none fakes=0 unrecoverable=0 halted=0 chosen_below_floor=0 min_states=4 min_candidates=6
E7RESULT name=multi_tear arm=G2R_tightened_roots s=16 tears=5 lost_disk=0 fakes=0 unrecoverable=0 halted=0 chosen_below_floor=0 min_states=1 min_candidates=2
E7RESULT name=multi_tear arm=G2R_tightened_roots s=16 tears=5 lost_disk=1 fakes=0 unrecoverable=0 halted=0 chosen_below_floor=0 min_states=3 min_candidates=4
E7RESULT name=multi_tear arm=G2R_tightened_roots s=16 tears=6 lost_disk=none fakes=0 unrecoverable=0 halted=0 chosen_below_floor=0 min_states=4 min_candidates=6
E7RESULT name=multi_tear arm=G2R_tightened_roots s=16 tears=6 lost_disk=0 fakes=0 unrecoverable=0 halted=0 chosen_below_floor=0 min_states=1 min_candidates=2
E7RESULT name=multi_tear arm=G2R_tightened_roots s=16 tears=6 lost_disk=1 fakes=0 unrecoverable=0 halted=0 chosen_below_floor=0 min_states=3 min_candidates=4
E7RESULT name=multi_tear arm=G2S_tightened_states s=16 tears=1 lost_disk=none fakes=0 unrecoverable=0 halted=0 chosen_below_floor=0 min_states=4 min_candidates=6
E7RESULT name=multi_tear arm=G2S_tightened_states s=16 tears=1 lost_disk=0 fakes=0 unrecoverable=0 halted=0 chosen_below_floor=0 min_states=1 min_candidates=2
E7RESULT name=multi_tear arm=G2S_tightened_states s=16 tears=1 lost_disk=1 fakes=0 unrecoverable=0 halted=0 chosen_below_floor=0 min_states=3 min_candidates=4
E7RESULT name=multi_tear arm=G2S_tightened_states s=16 tears=2 lost_disk=none fakes=0 unrecoverable=0 halted=0 chosen_below_floor=0 min_states=4 min_candidates=6
E7RESULT name=multi_tear arm=G2S_tightened_states s=16 tears=2 lost_disk=0 fakes=0 unrecoverable=0 halted=0 chosen_below_floor=0 min_states=1 min_candidates=2
E7RESULT name=multi_tear arm=G2S_tightened_states s=16 tears=2 lost_disk=1 fakes=0 unrecoverable=0 halted=0 chosen_below_floor=0 min_states=3 min_candidates=4
E7RESULT name=multi_tear arm=G2S_tightened_states s=16 tears=3 lost_disk=none fakes=0 unrecoverable=0 halted=0 chosen_below_floor=0 min_states=4 min_candidates=6
E7RESULT name=multi_tear arm=G2S_tightened_states s=16 tears=3 lost_disk=0 fakes=0 unrecoverable=0 halted=0 chosen_below_floor=0 min_states=1 min_candidates=2
E7RESULT name=multi_tear arm=G2S_tightened_states s=16 tears=3 lost_disk=1 fakes=0 unrecoverable=0 halted=0 chosen_below_floor=0 min_states=3 min_candidates=4
E7RESULT name=multi_tear arm=G2S_tightened_states s=16 tears=4 lost_disk=none fakes=0 unrecoverable=0 halted=0 chosen_below_floor=0 min_states=4 min_candidates=6
E7RESULT name=multi_tear arm=G2S_tightened_states s=16 tears=4 lost_disk=0 fakes=0 unrecoverable=0 halted=0 chosen_below_floor=0 min_states=1 min_candidates=2
E7RESULT name=multi_tear arm=G2S_tightened_states s=16 tears=4 lost_disk=1 fakes=0 unrecoverable=0 halted=0 chosen_below_floor=0 min_states=3 min_candidates=4
E7RESULT name=multi_tear arm=G2S_tightened_states s=16 tears=5 lost_disk=none fakes=0 unrecoverable=0 halted=0 chosen_below_floor=0 min_states=4 min_candidates=6
E7RESULT name=multi_tear arm=G2S_tightened_states s=16 tears=5 lost_disk=0 fakes=0 unrecoverable=0 halted=0 chosen_below_floor=0 min_states=1 min_candidates=2
E7RESULT name=multi_tear arm=G2S_tightened_states s=16 tears=5 lost_disk=1 fakes=0 unrecoverable=0 halted=0 chosen_below_floor=0 min_states=3 min_candidates=4
E7RESULT name=multi_tear arm=G2S_tightened_states s=16 tears=6 lost_disk=none fakes=0 unrecoverable=0 halted=0 chosen_below_floor=0 min_states=4 min_candidates=6
E7RESULT name=multi_tear arm=G2S_tightened_states s=16 tears=6 lost_disk=0 fakes=0 unrecoverable=0 halted=0 chosen_below_floor=0 min_states=1 min_candidates=2
E7RESULT name=multi_tear arm=G2S_tightened_states s=16 tears=6 lost_disk=1 fakes=0 unrecoverable=0 halted=0 chosen_below_floor=0 min_states=3 min_candidates=4
E7RESULT name=multi_tear arm=G_floor_per_disk s=16 tears=1 lost_disk=none fakes=0 unrecoverable=0 halted=0 chosen_below_floor=0 min_states=4 min_candidates=6
E7RESULT name=multi_tear arm=G_floor_per_disk s=16 tears=1 lost_disk=0 fakes=0 unrecoverable=0 halted=0 chosen_below_floor=0 min_states=1 min_candidates=2
E7RESULT name=multi_tear arm=G_floor_per_disk s=16 tears=1 lost_disk=1 fakes=0 unrecoverable=0 halted=0 chosen_below_floor=0 min_states=3 min_candidates=4
E7RESULT name=multi_tear arm=G_floor_per_disk s=16 tears=2 lost_disk=none fakes=0 unrecoverable=0 halted=0 chosen_below_floor=0 min_states=4 min_candidates=6
E7RESULT name=multi_tear arm=G_floor_per_disk s=16 tears=2 lost_disk=0 fakes=0 unrecoverable=0 halted=0 chosen_below_floor=0 min_states=1 min_candidates=2
E7RESULT name=multi_tear arm=G_floor_per_disk s=16 tears=2 lost_disk=1 fakes=0 unrecoverable=0 halted=0 chosen_below_floor=0 min_states=3 min_candidates=4
E7RESULT name=multi_tear arm=G_floor_per_disk s=16 tears=3 lost_disk=none fakes=0 unrecoverable=0 halted=0 chosen_below_floor=0 min_states=4 min_candidates=6
E7RESULT name=multi_tear arm=G_floor_per_disk s=16 tears=3 lost_disk=0 fakes=0 unrecoverable=0 halted=0 chosen_below_floor=0 min_states=1 min_candidates=2
E7RESULT name=multi_tear arm=G_floor_per_disk s=16 tears=3 lost_disk=1 fakes=0 unrecoverable=0 halted=0 chosen_below_floor=0 min_states=3 min_candidates=4
E7RESULT name=multi_tear arm=G_floor_per_disk s=16 tears=4 lost_disk=none fakes=0 unrecoverable=0 halted=0 chosen_below_floor=0 min_states=4 min_candidates=6
E7RESULT name=multi_tear arm=G_floor_per_disk s=16 tears=4 lost_disk=0 fakes=0 unrecoverable=0 halted=0 chosen_below_floor=0 min_states=1 min_candidates=2
E7RESULT name=multi_tear arm=G_floor_per_disk s=16 tears=4 lost_disk=1 fakes=0 unrecoverable=0 halted=0 chosen_below_floor=0 min_states=3 min_candidates=4
E7RESULT name=multi_tear arm=G_floor_per_disk s=16 tears=5 lost_disk=none fakes=0 unrecoverable=0 halted=0 chosen_below_floor=0 min_states=4 min_candidates=6
E7RESULT name=multi_tear arm=G_floor_per_disk s=16 tears=5 lost_disk=0 fakes=0 unrecoverable=0 halted=0 chosen_below_floor=0 min_states=1 min_candidates=2
E7RESULT name=multi_tear arm=G_floor_per_disk s=16 tears=5 lost_disk=1 fakes=0 unrecoverable=0 halted=0 chosen_below_floor=0 min_states=3 min_candidates=4
E7RESULT name=multi_tear arm=G_floor_per_disk s=16 tears=6 lost_disk=none fakes=0 unrecoverable=0 halted=0 chosen_below_floor=0 min_states=4 min_candidates=6
E7RESULT name=multi_tear arm=G_floor_per_disk s=16 tears=6 lost_disk=0 fakes=0 unrecoverable=0 halted=0 chosen_below_floor=0 min_states=1 min_candidates=2
E7RESULT name=multi_tear arm=G_floor_per_disk s=16 tears=6 lost_disk=1 fakes=0 unrecoverable=0 halted=0 chosen_below_floor=0 min_states=3 min_candidates=4
E7RESULT name=done emitted=163
