fact crates/singlefs-core/src/allocator.rs:397 hash-object=6544913c2b18e243b7dfa76bcb4702fb7c7a358f pub fn lowest_user_data_slot(
fact crates/singlefs-core/src/allocator.rs:887 hash-object=6544913c2b18e243b7dfa76bcb4702fb7c7a358f pub fn reclaim_released_up_to(
fact crates/singlefs-core/src/allocator.rs:896 hash-object=6544913c2b18e243b7dfa76bcb4702fb7c7a358f .filter(|record| record.is_released && record.generation <= floor)
fact crates/singlefs-core/src/recovery.rs:898 hash-object=7e89052cde0b877f564c828a87e6a14211c062cc report.verification_failed += 1;
fact crates/singlefs-core/src/recovery.rs:844 hash-object=7e89052cde0b877f564c828a87e6a14211c062cc record.instance == root.instance && (record.instance, record.checkpoint_txg) > water
config max_len=8 per_region=[1, 2, 8] files=2 ops=['W0', 'W1', 'C'] region_disk=[0, 1, 0]
cells per_region=1 arm=jia cells=78712 lost_acked=0 by_fault_none=0 by_fault_root_slot=0 by_fault_disk=0
cells per_region=1 arm=jia_mut_noflor cells=78712 lost_acked=5212 by_fault_none=0 by_fault_root_slot=2186 by_fault_disk=3026
cells per_region=1 arm=wal_K9 cells=74628 lost_acked=7702 by_fault_none=0 by_fault_root_slot=3350 by_fault_disk=4352
cells per_region=1 arm=wal_K9p cells=74628 lost_acked=0 by_fault_none=0 by_fault_root_slot=0 by_fault_disk=0
cells per_region=1 arm=wal_K9p_ckptunit cells=74628 lost_acked=35782 by_fault_none=6560 by_fault_root_slot=16612 by_fault_disk=12610
cells per_region=1 arm=yi_K9 cells=74628 lost_acked=5914 by_fault_none=0 by_fault_root_slot=2582 by_fault_disk=3332
cells per_region=1 arm=yi_K9p cells=74628 lost_acked=0 by_fault_none=0 by_fault_root_slot=0 by_fault_disk=0
cells per_region=2 arm=jia cells=117727 lost_acked=0 by_fault_none=0 by_fault_root_slot=0 by_fault_disk=0
cells per_region=2 arm=jia_mut_noflor cells=117727 lost_acked=5212 by_fault_none=0 by_fault_root_slot=2186 by_fault_disk=3026
cells per_region=2 arm=wal_K9 cells=84011 lost_acked=8212 by_fault_none=0 by_fault_root_slot=3612 by_fault_disk=4600
cells per_region=2 arm=wal_K9p cells=84011 lost_acked=0 by_fault_none=0 by_fault_root_slot=0 by_fault_disk=0
cells per_region=2 arm=wal_K9p_ckptunit cells=84011 lost_acked=39402 by_fault_none=6560 by_fault_root_slot=20232 by_fault_disk=12610
cells per_region=2 arm=yi_K9 cells=84011 lost_acked=6510 by_fault_none=0 by_fault_root_slot=2886 by_fault_disk=3624
cells per_region=2 arm=yi_K9p cells=84011 lost_acked=0 by_fault_none=0 by_fault_root_slot=0 by_fault_disk=0
cells per_region=8 arm=jia cells=147616 lost_acked=0 by_fault_none=0 by_fault_root_slot=0 by_fault_disk=0
cells per_region=8 arm=jia_mut_noflor cells=147616 lost_acked=5212 by_fault_none=0 by_fault_root_slot=2186 by_fault_disk=3026
cells per_region=8 arm=wal_K9 cells=84192 lost_acked=8212 by_fault_none=0 by_fault_root_slot=3612 by_fault_disk=4600
cells per_region=8 arm=wal_K9p cells=84192 lost_acked=0 by_fault_none=0 by_fault_root_slot=0 by_fault_disk=0
cells per_region=8 arm=wal_K9p_ckptunit cells=84192 lost_acked=39436 by_fault_none=6560 by_fault_root_slot=20266 by_fault_disk=12610
cells per_region=8 arm=yi_K9 cells=84192 lost_acked=6510 by_fault_none=0 by_fault_root_slot=2886 by_fault_disk=3624
cells per_region=8 arm=yi_K9p cells=84192 lost_acked=0 by_fault_none=0 by_fault_root_slot=0 by_fault_disk=0
first per_region=1 arm=jia_mut_noflor history=W0X fault=('slot', 1) selected_root_txg=0 recovered={0: None, 1: None} acked={0: 'd0#3', 1: None}
first per_region=1 arm=wal_K9 history=W0W0CW0 fault=('slot', 1) selected_root_txg=0 recovered={0: None, 1: None} acked={0: 'd0#8', 1: None}
first per_region=1 arm=wal_K9p_ckptunit history=W0 fault=('none',) selected_root_txg=0 recovered={0: None, 1: None} acked={0: 'd0#3', 1: None}
first per_region=1 arm=yi_K9 history=W0W0CW0 fault=('slot', 1) selected_root_txg=0 recovered={0: None, 1: None} acked={0: 'd0#7', 1: None}
first per_region=2 arm=jia_mut_noflor history=W0X fault=('slot', 1) selected_root_txg=0 recovered={0: None, 1: None} acked={0: 'd0#3', 1: None}
first per_region=2 arm=wal_K9 history=W0W0CW0 fault=('slot', 1) selected_root_txg=0 recovered={0: None, 1: None} acked={0: 'd0#8', 1: None}
first per_region=2 arm=wal_K9p_ckptunit history=W0 fault=('none',) selected_root_txg=0 recovered={0: None, 1: None} acked={0: 'd0#3', 1: None}
first per_region=2 arm=yi_K9 history=W0W0CW0 fault=('slot', 1) selected_root_txg=0 recovered={0: None, 1: None} acked={0: 'd0#7', 1: None}
first per_region=8 arm=jia_mut_noflor history=W0X fault=('slot', 1) selected_root_txg=0 recovered={0: None, 1: None} acked={0: 'd0#3', 1: None}
first per_region=8 arm=wal_K9 history=W0W0CW0 fault=('slot', 1) selected_root_txg=0 recovered={0: None, 1: None} acked={0: 'd0#8', 1: None}
first per_region=8 arm=wal_K9p_ckptunit history=W0 fault=('none',) selected_root_txg=0 recovered={0: None, 1: None} acked={0: 'd0#3', 1: None}
first per_region=8 arm=yi_K9 history=W0W0CW0 fault=('slot', 1) selected_root_txg=0 recovered={0: None, 1: None} acked={0: 'd0#7', 1: None}
versus_jia arm=wal_K9 hit_and_jia_clean=24126 hit_and_jia_hit=0
versus_jia arm=yi_K9 hit_and_jia_clean=18934 hit_and_jia_hit=0
versus_jia arm=wal_K9p_ckptunit hit_and_jia_clean=114620 hit_and_jia_hit=0
replay arm=jia allocator_calls_during_replay=0 cells_ending_on_fsync_record=0 derived_in_memory_not_on_disk=[]
replay arm=wal_K9p allocator_calls_during_replay=0 cells_ending_on_fsync_record=40456 derived_in_memory_not_on_disk=['FP']
replay arm=yi_K9p allocator_calls_during_replay=0 cells_ending_on_fsync_record=40456 derived_in_memory_not_on_disk=['FP', 'S']
done
