== wal_K9 W0W0CW0 fault=('slot', 1)
  after W0: txg=0 units={0: 'S0#1', 1: 'FP0#2', 2: 'd0#3', 3: 'S#4'} occupied=[0, 1, 2, 3] defer=[(0, 1)]
  after W0: txg=0 units={0: 'S0#1', 1: 'FP0#2', 2: 'd0#3', 3: 'S#4', 4: 'd0#5', 5: 'S#6'} occupied=[0, 1, 2, 3, 4, 5] defer=[(0, 1)]
  after C: txg=1 units={0: 'S0#1', 1: 'FP0#2', 2: 'd0#3', 3: 'S#4', 4: 'd0#5', 5: 'S#6', 6: 'FP#7'} occupied=[0, 1, 4, 5, 6] defer=[(0, 1), (1, 1)]
  after W0: txg=1 units={0: 'S0#1', 1: 'FP0#2', 2: 'd0#8', 3: 'S#9', 4: 'd0#5', 5: 'S#6', 6: 'FP#7'} occupied=[0, 1, 2, 3, 4, 5, 6] defer=[(0, 1), (1, 1), (4, 2), (5, 2)]
  record jsn=1 txg=1 kind=fsync names=[(2, 'd0#3'), (3, 'S#4')]
  record jsn=2 txg=1 kind=fsync names=[(4, 'd0#5'), (5, 'S#6')]
  record jsn=3 txg=1 kind=ckpt names=[(6, 'FP#7')]
  record jsn=4 txg=2 kind=fsync names=[(2, 'd0#8'), (3, 'S#9')]
  roots=[(0, {0: None, 1: None}), (1, {0: 'd0#5', 1: None})]
  recovered root=0 state={0: None, 1: None} acked={0: 'd0#8', 1: None}
== wal_K9 W0W0CW0 fault=('disk', 1)
  after W0: txg=0 units={0: 'S0#1', 1: 'FP0#2', 2: 'd0#3', 3: 'S#4'} occupied=[0, 1, 2, 3] defer=[(0, 1)]
  after W0: txg=0 units={0: 'S0#1', 1: 'FP0#2', 2: 'd0#3', 3: 'S#4', 4: 'd0#5', 5: 'S#6'} occupied=[0, 1, 2, 3, 4, 5] defer=[(0, 1)]
  after C: txg=1 units={0: 'S0#1', 1: 'FP0#2', 2: 'd0#3', 3: 'S#4', 4: 'd0#5', 5: 'S#6', 6: 'FP#7'} occupied=[0, 1, 4, 5, 6] defer=[(0, 1), (1, 1)]
  after W0: txg=1 units={0: 'S0#1', 1: 'FP0#2', 2: 'd0#8', 3: 'S#9', 4: 'd0#5', 5: 'S#6', 6: 'FP#7'} occupied=[0, 1, 2, 3, 4, 5, 6] defer=[(0, 1), (1, 1), (4, 2), (5, 2)]
  record jsn=1 txg=1 kind=fsync names=[(2, 'd0#3'), (3, 'S#4')]
  record jsn=2 txg=1 kind=fsync names=[(4, 'd0#5'), (5, 'S#6')]
  record jsn=3 txg=1 kind=ckpt names=[(6, 'FP#7')]
  record jsn=4 txg=2 kind=fsync names=[(2, 'd0#8'), (3, 'S#9')]
  roots=[(0, {0: None, 1: None}), (1, {0: 'd0#5', 1: None})]
  recovered root=0 state={0: None, 1: None} acked={0: 'd0#8', 1: None}
== wal_K9p W0W0CW0 fault=('slot', 1)
  after W0: txg=0 units={0: 'S0#1', 1: 'FP0#2', 2: 'd0#3', 3: 'S#4'} occupied=[0, 1, 2, 3] defer=[(0, 1)]
  after W0: txg=0 units={0: 'S0#1', 1: 'FP0#2', 2: 'd0#3', 3: 'S#4', 4: 'd0#5', 5: 'S#6'} occupied=[0, 1, 2, 3, 4, 5] defer=[(0, 1)]
  after C: txg=1 units={0: 'S0#1', 1: 'FP0#2', 2: 'd0#3', 3: 'S#4', 4: 'd0#5', 5: 'S#6', 6: 'FP#7'} occupied=[0, 1, 2, 3, 4, 5, 6] defer=[(0, 1), (1, 1), (2, 1), (3, 1)]
  after W0: txg=1 units={0: 'S0#1', 1: 'FP0#2', 2: 'd0#3', 3: 'S#4', 4: 'd0#5', 5: 'S#6', 6: 'FP#7', 7: 'd0#8', 8: 'S#9'} occupied=[0, 1, 2, 3, 4, 5, 6, 7, 8] defer=[(0, 1), (1, 1), (2, 1), (3, 1), (4, 2), (5, 2)]
  record jsn=1 txg=1 kind=fsync names=[(2, 'd0#3'), (3, 'S#4')]
  record jsn=2 txg=1 kind=fsync names=[(4, 'd0#5'), (5, 'S#6')]
  record jsn=3 txg=1 kind=ckpt names=[(6, 'FP#7')]
  record jsn=4 txg=2 kind=fsync names=[(7, 'd0#8'), (8, 'S#9')]
  roots=[(0, {0: None, 1: None}), (1, {0: 'd0#5', 1: None})]
  recovered root=0 state={0: 'd0#8', 1: None} acked={0: 'd0#8', 1: None}
== wal_K9p W0W0CW0 fault=('disk', 1)
  after W0: txg=0 units={0: 'S0#1', 1: 'FP0#2', 2: 'd0#3', 3: 'S#4'} occupied=[0, 1, 2, 3] defer=[(0, 1)]
  after W0: txg=0 units={0: 'S0#1', 1: 'FP0#2', 2: 'd0#3', 3: 'S#4', 4: 'd0#5', 5: 'S#6'} occupied=[0, 1, 2, 3, 4, 5] defer=[(0, 1)]
  after C: txg=1 units={0: 'S0#1', 1: 'FP0#2', 2: 'd0#3', 3: 'S#4', 4: 'd0#5', 5: 'S#6', 6: 'FP#7'} occupied=[0, 1, 2, 3, 4, 5, 6] defer=[(0, 1), (1, 1), (2, 1), (3, 1)]
  after W0: txg=1 units={0: 'S0#1', 1: 'FP0#2', 2: 'd0#3', 3: 'S#4', 4: 'd0#5', 5: 'S#6', 6: 'FP#7', 7: 'd0#8', 8: 'S#9'} occupied=[0, 1, 2, 3, 4, 5, 6, 7, 8] defer=[(0, 1), (1, 1), (2, 1), (3, 1), (4, 2), (5, 2)]
  record jsn=1 txg=1 kind=fsync names=[(2, 'd0#3'), (3, 'S#4')]
  record jsn=2 txg=1 kind=fsync names=[(4, 'd0#5'), (5, 'S#6')]
  record jsn=3 txg=1 kind=ckpt names=[(6, 'FP#7')]
  record jsn=4 txg=2 kind=fsync names=[(7, 'd0#8'), (8, 'S#9')]
  roots=[(0, {0: None, 1: None}), (1, {0: 'd0#5', 1: None})]
  recovered root=0 state={0: 'd0#8', 1: None} acked={0: 'd0#8', 1: None}
== jia W0W0CW0 fault=('slot', 1)
  after W0: txg=1 units={0: 'S0#1', 1: 'FP0#2', 2: 'd0#3', 3: 'S#4', 4: 'FP#5'} occupied=[0, 1, 2, 3, 4] defer=[(0, 1), (1, 1)]
  after W0: txg=2 units={0: 'S0#1', 1: 'FP0#2', 2: 'd0#3', 3: 'S#4', 4: 'FP#5', 5: 'd0#6', 6: 'S#7', 7: 'FP#8'} occupied=[0, 1, 2, 3, 4, 5, 6, 7] defer=[(0, 1), (1, 1), (2, 2), (3, 2), (4, 2)]
  after C: txg=3 units={0: 'S0#1', 1: 'FP0#2', 2: 'd0#3', 3: 'S#4', 4: 'FP#5', 5: 'd0#6', 6: 'S#7', 7: 'FP#8', 8: 'FP#9'} occupied=[0, 1, 2, 3, 4, 5, 6, 7, 8] defer=[(0, 1), (1, 1), (2, 2), (3, 2), (4, 2), (7, 3)]
  after W0: txg=4 units={0: 'S0#1', 1: 'FP0#2', 2: 'd0#3', 3: 'S#4', 4: 'FP#5', 5: 'd0#6', 6: 'S#7', 7: 'FP#8', 8: 'FP#9', 9: 'd0#10', 10: 'S#11', 11: 'FP#12'} occupied=[0, 1, 2, 3, 4, 5, 6, 7, 8, 9, 10, 11] defer=[(0, 1), (1, 1), (2, 2), (3, 2), (4, 2), (7, 3), (5, 4), (6, 4), (8, 4)]
  record jsn=1 txg=1 kind=pub names=[(2, 'd0#3'), (3, 'S#4'), (4, 'FP#5')]
  record jsn=2 txg=2 kind=pub names=[(5, 'd0#6'), (6, 'S#7'), (7, 'FP#8')]
  record jsn=3 txg=3 kind=pub names=[(8, 'FP#9')]
  record jsn=4 txg=4 kind=pub names=[(9, 'd0#10'), (10, 'S#11'), (11, 'FP#12')]
  roots=[(0, {0: None, 1: None}), (1, {0: 'd0#3', 1: None}), (2, {0: 'd0#6', 1: None}), (3, {0: 'd0#6', 1: None}), (4, {0: 'd0#10', 1: None})]
  recovered root=4 state={0: 'd0#10', 1: None} acked={0: 'd0#10', 1: None}
== jia W0W0CW0 fault=('disk', 1)
  after W0: txg=1 units={0: 'S0#1', 1: 'FP0#2', 2: 'd0#3', 3: 'S#4', 4: 'FP#5'} occupied=[0, 1, 2, 3, 4] defer=[(0, 1), (1, 1)]
  after W0: txg=2 units={0: 'S0#1', 1: 'FP0#2', 2: 'd0#3', 3: 'S#4', 4: 'FP#5', 5: 'd0#6', 6: 'S#7', 7: 'FP#8'} occupied=[0, 1, 2, 3, 4, 5, 6, 7] defer=[(0, 1), (1, 1), (2, 2), (3, 2), (4, 2)]
  after C: txg=3 units={0: 'S0#1', 1: 'FP0#2', 2: 'd0#3', 3: 'S#4', 4: 'FP#5', 5: 'd0#6', 6: 'S#7', 7: 'FP#8', 8: 'FP#9'} occupied=[0, 1, 2, 3, 4, 5, 6, 7, 8] defer=[(0, 1), (1, 1), (2, 2), (3, 2), (4, 2), (7, 3)]
  after W0: txg=4 units={0: 'S0#1', 1: 'FP0#2', 2: 'd0#3', 3: 'S#4', 4: 'FP#5', 5: 'd0#6', 6: 'S#7', 7: 'FP#8', 8: 'FP#9', 9: 'd0#10', 10: 'S#11', 11: 'FP#12'} occupied=[0, 1, 2, 3, 4, 5, 6, 7, 8, 9, 10, 11] defer=[(0, 1), (1, 1), (2, 2), (3, 2), (4, 2), (7, 3), (5, 4), (6, 4), (8, 4)]
  record jsn=1 txg=1 kind=pub names=[(2, 'd0#3'), (3, 'S#4'), (4, 'FP#5')]
  record jsn=2 txg=2 kind=pub names=[(5, 'd0#6'), (6, 'S#7'), (7, 'FP#8')]
  record jsn=3 txg=3 kind=pub names=[(8, 'FP#9')]
  record jsn=4 txg=4 kind=pub names=[(9, 'd0#10'), (10, 'S#11'), (11, 'FP#12')]
  roots=[(0, {0: None, 1: None}), (1, {0: 'd0#3', 1: None}), (2, {0: 'd0#6', 1: None}), (3, {0: 'd0#6', 1: None}), (4, {0: 'd0#10', 1: None})]
  recovered root=3 state={0: 'd0#10', 1: None} acked={0: 'd0#10', 1: None}
