== 基线整个二进制 `cargo test --offline -p singlefs-harness --test second_transaction_step_five_reuse`：退出码 0，4 秒
   test raising_the_floor_on_a_current_version_without_a_rewritten_instance_table_unit_is_refused_instead_of_panicking ... ok
   test slots_reclaimed_by_raising_the_floor_are_not_handed_out_before_the_floor_takes_effect ... ok
   test raising_the_floor_is_refused_when_a_valid_root_tree_table_is_unreadable ... ok
   test torn_journal_record_does_not_turn_its_root_into_an_empty_root_for_the_floor_ceiling ... ok
   test raising_the_floor_to_the_first_release_generation_reclaims_the_first_data_slot_and_the_next_publish_reuses_it ... ok
   test raising_the_floor_counts_abandoned_roots_whose_ledger_is_unreadable ... ok
   test the_rollback_publish_is_compared_with_the_previous_valid_root_and_not_with_the_abandoned_root_before_it ... ok
   test raising_the_floor_above_the_fourth_newest_non_empty_root_is_refused ... ok
   test roots_below_a_floor_carried_by_only_one_device_remain_rollback_candidates ... ok
   test reclaiming_without_raising_the_floor_reuses_a_slot_a_candidate_root_still_references_and_the_checker_goes_red ... ok
   test one_device_carrying_the_floor_alone_does_not_take_effect_on_remount ... ok
== 基线整个二进制 `cargo test --offline -p singlefs-harness --test second_transaction_step_four_rollback`：退出码 0，2 秒
   test the_rollback_row_caps_the_prefix_of_the_chosen_roots_instance_at_its_high_water ... ok
   test rolling_back_to_a_warm_up_root_without_a_file_version_is_refused_before_any_write ... ok
   test rolling_back_to_the_first_root_writes_the_rollback_row_and_the_intermediate_row_and_cold_start_reads_the_first_content ... ok
   test torn_tree_table_of_an_abandoned_root_is_counted_and_does_not_fail_the_mount ... ok
   test rolling_back_keeps_the_abandoned_records_in_the_ring_and_a_plain_remount_keeps_the_isolation ... ok
   test rolling_back_onto_an_abandoned_timeline_or_a_missing_root_is_refused ... ok
   test without_the_shadow_ledger_publishes_after_the_rollback_reuse_the_abandoned_data_slots_and_a_recovery_onto_the_abandoned_root_reads_a_torn_unit ... ok
== 基线整个二进制 `cargo test --offline -p singlefs-harness --test second_transaction_step_three_formatted_pool`：退出码 0，1 秒
   test first_file_version_after_a_third_zero_unit_publish_is_refused_before_any_write ... ok
   test writable_mount_after_a_crash_right_after_acquiring_an_instance_is_refused_before_acquiring_again ... ok
   test transient_superblock_read_errors_between_the_refusal_and_the_acquisition_refuse_before_any_write ... ok
   test writable_mount_after_a_crash_between_warm_up_and_the_first_file_is_refused_before_acquiring_an_instance ... ok
   test writable_mount_of_a_formatted_pool_takes_instance_one_publishes_two_zero_unit_roots_and_the_first_file_version_reads_back_cold ... ok
   test formatted_pool_mount_starting_after_a_leftover_record_is_refused_before_acquiring_an_instance ... ok
== 基线整个二进制 `cargo test --offline -p singlefs-harness --test second_transaction_supplement_two_row_publish_admission`：退出码 0，1 秒
   test a_writable_mount_whose_second_warm_up_publish_does_not_fit_is_refused_before_the_instance_is_acquired ... ok
   test a_writable_mount_whose_first_warm_up_publish_does_not_fit_is_refused_before_the_instance_is_acquired ... ok
   test a_writable_mount_that_cannot_publish_the_rows_is_refused_before_the_instance_is_acquired ... ok
== 基线第 32 行 `cargo test --offline -p singlefs-harness --test second_transaction_step_four_rollback -- rolling_back_to_the_first_root`：退出码 0，0 秒
   test rolling_back_to_the_first_root_writes_the_rollback_row_and_the_intermediate_row_and_cold_start_reads_the_first_content ... ok
== 基线第 37 行 `cargo test --offline -p singlefs-harness --test second_transaction_step_four_rollback -- rolling_back_to_the_first_root`：退出码 0，0 秒
   test rolling_back_to_the_first_root_writes_the_rollback_row_and_the_intermediate_row_and_cold_start_reads_the_first_content ... ok
== 基线第 41 行 `cargo test --offline -p singlefs-harness --test second_transaction_step_five_reuse -- raising_the_floor_to_the_first`：退出码 0，1 秒
   test raising_the_floor_to_the_first_release_generation_reclaims_the_first_data_slot_and_the_next_publish_reuses_it ... ok
== 基线第 42 行 `cargo test --offline -p singlefs-harness --test second_transaction_step_five_reuse -- raising_the_floor_to_the_first`：退出码 0，1 秒
   test raising_the_floor_to_the_first_release_generation_reclaims_the_first_data_slot_and_the_next_publish_reuses_it ... ok
== 基线第 69 行 `cargo test --offline -p singlefs-harness --test second_transaction_step_three_formatted_pool -- writable_mount_after_a_crash_right_after_acquiring`：退出码 0，0 秒
   test writable_mount_after_a_crash_right_after_acquiring_an_instance_is_refused_before_acquiring_again ... ok
== 基线第 107 行 `cargo test --offline -p singlefs-harness --test second_transaction_supplement_two_row_publish_admission -- a_writable_mount_that_cannot_publish`：退出码 0，1 秒
   test a_writable_mount_that_cannot_publish_the_rows_is_refused_before_the_instance_is_acquired ... ok
exit 0
2026-09-18T08:40:50Z
