6	1	逐盘核退回只核总数
7	1	同盘槽号不核唯一
8	1	空闲不随分配减（I-5.2 要红）
9	1	释放时清位图（立即复用）
10	1	分配记录树装不下不判
11	1	释放退回按提示
12	1	映射查到 key 就算（落点指错不核记录）
13	1	失败的发布不退回分配器
14	1	内容超长不判
15	1	oracle 只比 txg 不比实例
16	1	oracle 只按 txg 找版本
17	1	oracle 放过没版本的更新根
18	1	Ignore 那一遍恢复不过 oracle
19	1	步 1 变异：不释放旧落点
20	1	步 1 变异：defer 行写 0
21	1	步 1 变异：事务号不加一
22	1	步 1 变异：改动计数留 1
23	1	步 2 变异：已分配行不随分配更新（I-3.1 要红）
24	1	步 2 变异：忘了改写分配记录
25	1	步 3：不写行（实例表照抄）
26	1	步 3：暖机只推一次
27	1	步 3：前缀跨实例边界（把别的实例的记录也接上）
28	1	步 3：链首锚点错一位（接在所选根自己那条记录之后第二条）
29	1	步 3：I-3.8 判定恒真
30	1	步 3：重建分配器时不把已释放的放进 defer 队列
31	1	步 4：回退行不带回退位
32	1	步 4：只写被退回的实例那一行、不写中间实例行
33	1	步 4：回退之后 jsn 接 R_old 那条之后（C340 的 P1，盖掉被抛弃发布的记录槽）
34	1	步 4：影子账一个槽都不隔离
35	1	步 4：回退候选集不按实例表判（被抛弃时间线的根也能退到）
36	1	步 4：前缀第五条不判（回退行的 W 不封顶）
37	1	步 4：checker 的 I-3.1 并集不按实例表排除被抛弃的根
38	1	步 5：回收不看释放代（复用窗口置 0）
39	1	步 5：抬 F 的上限不看第 4 新的非空根
40	1	步 5：抬 F 的空发布只推一次（F 只落在一块盘上）
41	1	步 5：复用时追加记录而不改写（同盘同槽两条）
42	1	步 5：checker 的候选集不按 F 收（F 之下的根照走）
43	1	步 5：F_生效 取各盘 F 最大值的最大值而不是最小值
44	1	步 3 三方第一轮：链首没锚点时不看 txg、无条件接上水位之上最小的一条
45	1	步 4：普通重开不隔离被抛弃根引用的槽（影子账只在回退那一次算）
46	1	步 4：回退候选集的 F 用最新根自己带的 F 而不是 F_生效
47	1	步 5：回收门槛不看环里最旧有效根
48	1	步 4：影子账把被抛弃根账里已释放的落点也隔离
49	1	步 5：重建分配器时不认第 0 版树表单元（另一个进程里的第一个文件版本漏释放它）
50	1	步 4：影子账不豁免候选根引用的槽（保守读法）
51	1	步 4：被抛弃根的树表读不出时不计数
52	1	步 5：抬 F 之后不按新候选集重算影子账
53	1	步 5：影子账的豁免不看候选根的 txg 是否 ≥ F
54	1	步 5：抬 F 回收的槽不扣住、生效之前就能发出去
55	1	步 5：抬 F 生效之后不放开扣住的槽
56	1	步 5：没做过可写挂载的进程抬 F 时 panic 而不是报错
57	1	步 5：抬 F 重算影子账时读不出账的被抛弃根不计数
58	1	步 5：提交内生块的 bump 游标不绕开开段之后才隔离或扣住的槽
59	1	步 6：I-7.4 不判候选根引用的单元被复用或抹头
60	1	步 6：I-4.8 只看最新根、不看别的候选根
61	1	步 6：I-7.4 不在最新根上判、只看更早的候选根
62	1	步 5：「非空」退回按环里记录的事务号认（txg 14 的记录两份都坏了它就算空根，上限掉到 3）
63	1	步 5：「非空」的前一条取任意可读根（不排除被抛弃的根与 F 之下的根）
64	1	步 5：「非空」只比 inode 树的根指针、不比 extent 树的
65	1	步 3：只做过 mkfs 的池重开后分配器不认 mkfs 写在单元区里的两个单元
66	1	步 3：只做过 mkfs 的池上零单元暖机的反向链写 0
67	1	步 3：零单元发布在记录与根之间少一道屏障
68	1	步 3：只做过 mkfs 的池重开后把 mkfs 实例表按 1 槽记
69	1	步 3：树表 0 条的一版上要写行时，拒绝挪到取号之后（超级块已写进新号才返回）
70	1	步 4：回退到树表 0 条的根不在写之前拒绝
71	1	步 5：算抬 F 上限时有效根的树表读不出，按「树表里没有这两棵树」猜而不是拒绝
72	1	步 3：取号不核判定时算出的号（瞬时读错让判定与取号算出不同号，写进新号之后才发现）
73	1	第一个事务 步 1：mkfs 不核根环区域归属是不是第一版写死的 0 / 1 / 0
74	1	步 3：空池挂载不核形状是不是第一个事务那一种（新实例从 txg 1、jsn 1 起，写行与暖机落两块盘）
75	1	步 3：publish_first_file 不核上一版的记录是 txg 2、jsn 2
76	1	步 3：空池挂载的零单元暖机把回退下界写成 1（流与第一个事务那条不再逐项相同）
77	1	增补 1：发布路径漏计数据单元的写（第一个事务按种类的合计对不上录制器在设备一层记下的写）
78	1	增补 1：发布路径漏计实例表单元的写（写行发布按种类的合计对不上录制器）
79	1	增补 1：写入口漏计超级块槽的写（暖机按种类的合计对不上录制器）
80	1	增补 1：树表单元的写记到中央映射树名下（合计不变，按种类钉的字节表红）
81	1	增补 1：一次发布的账不减发布之前的写调用（发布前的取号写算进这次发布）
82	1	增补 1：真设备二进制的设备一层比对恒判相等
83	1	增补 1：报数清单把根槽换成重复的 journal 记录（报出的各种之和对不上合计）
84	1	增补 1：报数清单把根槽换成重复的 journal 记录（真设备二进制的结果行跟着错）
85	1	增补 1：真设备二进制的窗口计数取后一次快照的字节、不减前一次
86	1	增补 2：用户数据落点只取盘 0 的答案（C368：小盘写满之后越界 panic）
87	1	增补 2：提交内生块开段与回落只取盘 0 的答案（C368：小盘越界 panic）
88	1	增补 2：各盘给提交内生块的去处不同也不拒（D3 已定项 8 待办 ① 没条款的分支被定成取盘 0）
89	1	增补 2：各盘的用户数据落点不同也不拒（Placement 两盘同槽装不下）
90	1	增补 2：提交内生块拒绝之前先关开放段（拒绝动了分配器）
91	1	增补 2：提交内生块段耗尽不回落（C369）
92	1	增补 2：提交内生块段耗尽不回落（抬 F 的空发布在唯一全空段被扣住时又报 NoSpaceFor）
93	1	增补 2：回落只看已分配位（发出影子账隔离的槽）
94	1	增补 2：回落只看已分配位（抬 F 的空发布发出扣住的槽）
95	1	步 0：崩溃镜像的记录提示漏掉基镜像里的记录（种进基镜像的残留记录恢复扫不到）
96	1	步 0：恢复把没有回退行的所选根也按 W = 0 封顶（前缀第五条误判，种进基镜像的残留记录不施加）
97	1	步 6：恢复从超级块 tail 起逐条验证记录的点名单元、失配即中止（E78 的自我中止形态）
98	1	步 6：I-3.8 的判定没跑到（层 0 报「不适用」，阴性结果与没跑到混在一起）
99	1	步 6：I-2.1 的判定没跑到（层 0 报「不适用」，阴性结果与没跑到混在一起）
100	1	步 6：层 0 计数不记「不适用」（评估过 + 不适用 ≠ 状态数）
101	1	增补 2 第 21 行：暖机把 jsn 计数器写成 txg（C366；接在 jsn 40 之后时记录落进 jsn 1、2 那两格、tail 写 2）
102	1	增补 2 第 19 行：出生序号发号器挪回每装一个文件对象重建一次（同一个 checkpoint 的第二个对象从 0 重数）
103	1	增补 2 第 28 行：记账树装不下不判（80 块盘走到装节点的断言 panic）
104	1	增补 2 第 28 行：记账树正好装满 477 行也判装不下（79 块盘发布被拒）
105	1	增补 2 第 30 行：真设备二进制的挂载窗口从重开那一刻算起（取号的两次超级块槽写进了设备一层的数、不在按种类的账里）
106	1	增补 2 第 30 行：真设备二进制每道屏障都覆盖「第一道屏障」那份计数（挂载窗口从最后一道屏障算起）
107	1	增补 2 第 20a 行：写行那次发布的准入不在取号之前算（取号之后发布才被拒，实例代号已经烧掉）
108	1	增补 2 第 20b 行：中途失败的发布不把这次已记的写交出去（与设备一层记的合计对不上）
109	1	增补 2 第 20c 行：用户数据只排除当前那一个开放段（回落把开放段置空之后，那一段对用户数据开放）
110	1	收口表第 22 行 C22（刚释放的块立即重分配）：候选根那一格不判 I-4.8（复用窗口置 0 之后 I-4.8 不红）
111	1	增补 2 第 20a 行：取号之前只算写行那一次，暖机那几次空发布不算（写行发完、暖机才被拒，实例代号已经烧掉）
112	1	增补 2 第 20a 行：取号之前只把第一次暖机算进去（写行装得下、暖机第 2 次装不下的池照样放行）
113	1	增补 2 第 11 行：第一个事务的改动计数写回 1（字段表定义是最后一次改动所在发布的 checkpoint_txg = 3）
114	1	C374 I-3.9：释放代的区间判据整条拿掉（判定恒真）
115	1	C374 I-9.14：树表条目诞生 txg 跨根相等的判定恒真
116	1	E142 量 5：sha256 轮常量改一位
117	1	E142 量 5：区域清单换行序
118	1	E142 量 5：数据单元那一行少算一槽
119	1	E142 量 5：写入时刻改取系统时钟
120	1	E142 量 5：区域摘要不罩内容
121	1	Z1-d：复用时新记录罩住的已回收记录不删（I-5.4 要红）
122	1	Z1-d：新落点罩住没回收的记录不断言
123	1	I-5.4：checker 判不出分配记录重叠
124	1	I-5.4：只判最新根那棵账
125	1	Z1-a：取号之前不算实例表
126	1	Z1-a：实例表准入漏算链指针
127	1	Z1-a：实例表准入把正好写满一片也拒掉
128	1	Z1-a：实例表准入按每次挂载只写一行算
表共 128 行：注释行 5、变异 123 条；命中次数分布 {1: 123}
命中不是 1 次的： 无
