RBF t10 workload=W1-overwrite-one-unit chain_txgs=[8, 9, 10] units_written=[8, 8, 8] write_calls_bytes=[(21, 279040), (21, 279040), (21, 279040)] deferred_slots_dev0_before=57 after=24 checker_red_names=["I-7.9"]
RBF t10 workload=W2-new-inodes-500 chain_txgs=[8, 9, 10] units_written=[8, 8, 8] write_calls_bytes=[(21, 279040), (21, 279040), (21, 279040)] deferred_slots_dev0_before=45 after=24 checker_red_names=["I-7.9"]
RBF t10 workload=W3-sequential-20-units chain_txgs=[8, 9, 10] units_written=[8, 8, 8] write_calls_bytes=[(21, 279040), (21, 279040), (21, 279040)] deferred_slots_dev0_before=176 after=24 checker_red_names=["I-7.9"]
RBF t11 txgs=[8, 9, 10] isolated=[(DeviceIdentity(0), 14), (DeviceIdentity(1), 14)] released=13 revived=13 checker_reds=["I-3.9:盘 1 槽 50176 的分配记录释放代 8 不在 (4, 6] 里：还引用它的最新一条有效根是 txg 4，最早不再引用它的是 txg 6"] under_C=Ok(true) kill_newer_than_C(7)=Ok((1, 5)) landing_first_bad=none
RBF t12 case=target-allocation-leaf rollback=Err("Mount(Recovery(MappingStillUnreadable { slot: SlotNumber(50245) }))") plain_mount=Ok(2)
RBF t12 case=newest-inode-leaf rollback=Err("Mount(Recovery(MappingStillUnreadable { slot: SlotNumber(50256) }))") plain_mount=Err("Recovery(MappingStillUnreadable { slot: SlotNumber(50256) })")
RBF t12 case=newest-allocation-leaf rollback=Err("Mount(Recovery(MappingStillUnreadable { slot: SlotNumber(50271) }))") plain_mount=Err("Recovery(MappingStillUnreadable { slot: SlotNumber(50271) })")
RBF t1 arm=Full instance=2 txgs=[6, 7] units_written=[9, 8] counts=PrototypeForwardCounts { released_placements: 12, released_slots: 14, revived_placements: 12, revived_slots: 14, birth_pruned_would_miss: 0, birth_pruned_nodes_read: 11, birth_pruned_data_units: 1, target_allocation_record_tree_nodes: 5, newest_allocation_record_tree_nodes: 5, newest_born_after_target_by_family: {"accounting_tree": 1, "allocation_tree": 5, "data": 1, "extent_root": 1, "inode_leaf": 1, "inode_root": 1, "mapping_tree": 1, "tree_table": 1} } recover=Ok((2, 7)) under_B_ok=Ok(true) under_C_ok=Ok(true) checker_reds=["I-3.9:盘 1 槽 50245 的分配记录释放代 6 不在 (3, 4] 里：还引用它的最新一条有效根是 txg 3，最早不再引用它的是 txg 4"]
RBF t1b arm=Full overwrites=Ok(8),Ok(9) recover=Ok((2, 9)) under_B_ok=Ok(true) under_C_ok=Ok(true) checker_reds=["I-3.9:盘 1 槽 50245 的分配记录释放代 6 不在 (3, 4] 里：还引用它的最新一条有效根是 txg 3，最早不再引用它的是 txg 4"]
RBF t1 arm=ReleaseOnlyNoRevive instance=2 txgs=[6, 7] units_written=[9, 8] counts=PrototypeForwardCounts { released_placements: 12, released_slots: 14, revived_placements: 8, revived_slots: 8, birth_pruned_would_miss: 0, birth_pruned_nodes_read: 11, birth_pruned_data_units: 1, target_allocation_record_tree_nodes: 5, newest_allocation_record_tree_nodes: 5, newest_born_after_target_by_family: {"accounting_tree": 1, "allocation_tree": 5, "data": 1, "extent_root": 1, "inode_leaf": 1, "inode_root": 1, "mapping_tree": 1, "tree_table": 1} } recover=Ok((2, 7)) under_B_ok=Ok(true) under_C_ok=Ok(true) checker_reds=["I-3.9:盘 1 槽 50180 的分配记录带已释放标志（释放代 4），而候选集里每一条有效根都还引用它", "I-3.11:盘 0：记账的已分配 Some(1032192) 减 defer 待释放 Some(868352)，不等于从最新根（txg 7）走读到的 262144（其中隔离豁免 0）"]
RBF t1b arm=ReleaseOnlyNoRevive overwrites=Err("ReleaseTargetAlreadyReleased { unit: Data(DataUnitIndexInFile(0)), device: DeviceIdentity(0), slot: SlotNumber(50180) }"),Err("ReleaseTargetAlreadyReleased { unit: Data(DataUnitIndexInFile(0)), device: DeviceIdentity(0), slot: SlotNumber(50180) }") recover=Ok((2, 7)) under_B_ok=Ok(true) under_C_ok=Ok(true) checker_reds=["I-3.9:盘 1 槽 50180 的分配记录带已释放标志（释放代 4），而候选集里每一条有效根都还引用它", "I-3.11:盘 0：记账的已分配 Some(1032192) 减 defer 待释放 Some(868352)，不等于从最新根（txg 7）走读到的 262144（其中隔离豁免 0）"]
RBF t1 arm=BirthPrunedRelease instance=2 txgs=[6, 7] units_written=[9, 8] counts=PrototypeForwardCounts { released_placements: 12, released_slots: 14, revived_placements: 12, revived_slots: 14, birth_pruned_would_miss: 0, birth_pruned_nodes_read: 11, birth_pruned_data_units: 1, target_allocation_record_tree_nodes: 5, newest_allocation_record_tree_nodes: 5, newest_born_after_target_by_family: {"accounting_tree": 1, "allocation_tree": 5, "data": 1, "extent_root": 1, "inode_leaf": 1, "inode_root": 1, "mapping_tree": 1, "tree_table": 1} } recover=Ok((2, 7)) under_B_ok=Ok(true) under_C_ok=Ok(true) checker_reds=["I-3.9:盘 1 槽 50245 的分配记录释放代 6 不在 (3, 4] 里：还引用它的最新一条有效根是 txg 3，最早不再引用它的是 txg 4"]
RBF t1b arm=BirthPrunedRelease overwrites=Ok(8),Ok(9) recover=Ok((2, 9)) under_B_ok=Ok(true) under_C_ok=Ok(true) checker_reds=["I-3.9:盘 1 槽 50245 的分配记录释放代 6 不在 (3, 4] 里：还引用它的最新一条有效根是 txg 3，最早不再引用它的是 txg 4"]
RBF t3d N txg=8 containers=["InodeLeafContainer { identity: PackedIdentity { birth_tree: TreeIdentifier(12), record_type: 2, container: 1, container_birth: CheckpointTxg(3) }, records: [InodeRecord { inode: 1, object_birth: CheckpointTxg(3), size: 3000, change_count: 3, write_time_seconds: 1788000000 }, InodeRecord { inode: 2, "] wm=7
RBF t3d row txg=9 containers=["InodeLeafContainer { identity: PackedIdentity { birth_tree: TreeIdentifier(12), record_type: 2, container: 1, container_birth: CheckpointTxg(3) }, records: [InodeRecord { inode: 1, object_birth: CheckpointTxg(3), size: 2601, change_count: 4, write_time_seconds: 1788000060 }] }"] wm=2 rewritten=[InstanceTable, AllocationTreeNodeBelowTheRoot(AllocationRecordTreeNodePosition { level: 0, device: DeviceIdentity(0), index_in_device: 61 }), AllocationTreeNodeBelowTheRoot(AllocationRecordTreeNodePosition { level: 0, device: DeviceIdentity(0), index_in_device: 62 }), AllocationTreeNodeBelowTheRoot(AllocationRecordTreeNodePosition { level: 0, device: DeviceIdentity(1), index_in_device: 61 }), AllocationTreeNodeBelowTheRoot(AllocationRecordTreeNodePosition { level: 0, device: DeviceIdentity(1), index_in_device: 62 }), AllocationTreeNodeBelowTheRoot(AllocationRecordTreeNodePosition { level: 1, device: DeviceIdentity(0), index_in_device: 0 }), AllocationTreeNodeBelowTheRoot(AllocationRecordTreeNodePosition { level: 1, device: DeviceIdentity(1), index_in_device: 0 }), AllocationTree, AccountingTree, MappingTree, TreeTable]
RBF t3d cur wm=2
RBF t3 between=overwrite target=(1, 4) arm=Full txgs=[9, 10] counts=PrototypeForwardCounts { released_placements: 13, released_slots: 16, revived_placements: 13, revived_slots: 16, birth_pruned_would_miss: 0, birth_pruned_nodes_read: 12, birth_pruned_data_units: 1, target_allocation_record_tree_nodes: 5, newest_allocation_record_tree_nodes: 5, newest_born_after_target_by_family: {"accounting_tree": 1, "allocation_tree": 5, "data": 1, "extent_root": 1, "inode_leaf": 1, "inode_root": 1, "instance_table": 1, "mapping_tree": 1, "tree_table": 1} } recover=Ok((3, 10)) checker_reds=["I-3.9:盘 1 槽 50176 的分配记录释放代 9 不在 (5, 6] 里：还引用它的最新一条有效根是 txg 5，最早不再引用它的是 txg 6"] then_overwrite=Ok(11) reds_after=["I-3.9:盘 1 槽 50176 的分配记录释放代 9 不在 (5, 6] 里：还引用它的最新一条有效根是 txg 5，最早不再引用它的是 txg 6"] under_B=Ok(true) under_C=Ok(true) under_D=Ok(true)
RBF t3 between=overwrite target=(1, 4) arm=BirthPrunedRelease txgs=[9, 10] counts=PrototypeForwardCounts { released_placements: 13, released_slots: 16, revived_placements: 13, revived_slots: 16, birth_pruned_would_miss: 0, birth_pruned_nodes_read: 12, birth_pruned_data_units: 1, target_allocation_record_tree_nodes: 5, newest_allocation_record_tree_nodes: 5, newest_born_after_target_by_family: {"accounting_tree": 1, "allocation_tree": 5, "data": 1, "extent_root": 1, "inode_leaf": 1, "inode_root": 1, "instance_table": 1, "mapping_tree": 1, "tree_table": 1} } recover=Ok((3, 10)) checker_reds=["I-3.9:盘 1 槽 50176 的分配记录释放代 9 不在 (5, 6] 里：还引用它的最新一条有效根是 txg 5，最早不再引用它的是 txg 6"] then_overwrite=Ok(11) reds_after=["I-3.9:盘 1 槽 50176 的分配记录释放代 9 不在 (5, 6] 里：还引用它的最新一条有效根是 txg 5，最早不再引用它的是 txg 6"] under_B=Ok(true) under_C=Ok(true) under_D=Ok(true)
RBF t3 between=overwrite target=(1, 5) arm=Full txgs=[9, 10] counts=PrototypeForwardCounts { released_placements: 13, released_slots: 16, revived_placements: 13, revived_slots: 16, birth_pruned_would_miss: 0, birth_pruned_nodes_read: 12, birth_pruned_data_units: 1, target_allocation_record_tree_nodes: 5, newest_allocation_record_tree_nodes: 5, newest_born_after_target_by_family: {"accounting_tree": 1, "allocation_tree": 5, "data": 1, "extent_root": 1, "inode_leaf": 1, "inode_root": 1, "instance_table": 1, "mapping_tree": 1, "tree_table": 1} } recover=Ok((3, 10)) checker_reds=["I-3.9:盘 1 槽 50176 的分配记录释放代 9 不在 (5, 6] 里：还引用它的最新一条有效根是 txg 5，最早不再引用它的是 txg 6"] then_overwrite=Ok(11) reds_after=["I-3.9:盘 1 槽 50176 的分配记录释放代 9 不在 (5, 6] 里：还引用它的最新一条有效根是 txg 5，最早不再引用它的是 txg 6"] under_B=Ok(true) under_C=Ok(true) under_D=Ok(true)
RBF t3 between=overwrite target=(1, 5) arm=BirthPrunedRelease txgs=[9, 10] counts=PrototypeForwardCounts { released_placements: 13, released_slots: 16, revived_placements: 13, revived_slots: 16, birth_pruned_would_miss: 0, birth_pruned_nodes_read: 12, birth_pruned_data_units: 1, target_allocation_record_tree_nodes: 5, newest_allocation_record_tree_nodes: 5, newest_born_after_target_by_family: {"accounting_tree": 1, "allocation_tree": 5, "data": 1, "extent_root": 1, "inode_leaf": 1, "inode_root": 1, "instance_table": 1, "mapping_tree": 1, "tree_table": 1} } recover=Ok((3, 10)) checker_reds=["I-3.9:盘 1 槽 50176 的分配记录释放代 9 不在 (5, 6] 里：还引用它的最新一条有效根是 txg 5，最早不再引用它的是 txg 6"] then_overwrite=Ok(11) reds_after=["I-3.9:盘 1 槽 50176 的分配记录释放代 9 不在 (5, 6] 里：还引用它的最新一条有效根是 txg 5，最早不再引用它的是 txg 6"] under_B=Ok(true) under_C=Ok(true) under_D=Ok(true)
RBF t3 between=overwrite target=(2, 7) arm=Full txgs=[9, 10] counts=PrototypeForwardCounts { released_placements: 12, released_slots: 14, revived_placements: 12, revived_slots: 14, birth_pruned_would_miss: 0, birth_pruned_nodes_read: 11, birth_pruned_data_units: 1, target_allocation_record_tree_nodes: 5, newest_allocation_record_tree_nodes: 5, newest_born_after_target_by_family: {"accounting_tree": 1, "allocation_tree": 5, "data": 1, "extent_root": 1, "inode_leaf": 1, "inode_root": 1, "mapping_tree": 1, "tree_table": 1} } recover=Ok((3, 10)) checker_reds=["I-3.9:盘 1 槽 50245 的分配记录释放代 6 不在 (3, 4] 里：还引用它的最新一条有效根是 txg 3，最早不再引用它的是 txg 4"] then_overwrite=Ok(11) reds_after=["I-3.9:盘 1 槽 50245 的分配记录释放代 6 不在 (3, 4] 里：还引用它的最新一条有效根是 txg 3，最早不再引用它的是 txg 4"] under_B=Ok(true) under_C=Ok(true) under_D=Ok(true)
RBF t3 between=overwrite target=(2, 7) arm=BirthPrunedRelease txgs=[9, 10] counts=PrototypeForwardCounts { released_placements: 12, released_slots: 14, revived_placements: 12, revived_slots: 14, birth_pruned_would_miss: 0, birth_pruned_nodes_read: 11, birth_pruned_data_units: 1, target_allocation_record_tree_nodes: 5, newest_allocation_record_tree_nodes: 5, newest_born_after_target_by_family: {"accounting_tree": 1, "allocation_tree": 5, "data": 1, "extent_root": 1, "inode_leaf": 1, "inode_root": 1, "mapping_tree": 1, "tree_table": 1} } recover=Ok((3, 10)) checker_reds=["I-3.9:盘 1 槽 50245 的分配记录释放代 6 不在 (3, 4] 里：还引用它的最新一条有效根是 txg 3，最早不再引用它的是 txg 4"] then_overwrite=Ok(11) reds_after=["I-3.9:盘 1 槽 50245 的分配记录释放代 6 不在 (3, 4] 里：还引用它的最新一条有效根是 txg 3，最早不再引用它的是 txg 4"] under_B=Ok(true) under_C=Ok(true) under_D=Ok(true)
RBF t3 between=new_inodes target=(1, 4) arm=Full txgs=[9, 10] counts=PrototypeForwardCounts { released_placements: 13, released_slots: 16, revived_placements: 13, revived_slots: 16, birth_pruned_would_miss: 2, birth_pruned_nodes_read: 11, birth_pruned_data_units: 0, target_allocation_record_tree_nodes: 5, newest_allocation_record_tree_nodes: 5, newest_born_after_target_by_family: {"accounting_tree": 1, "allocation_tree": 5, "inode_leaf": 1, "inode_root": 1, "instance_table": 1, "mapping_tree": 1, "tree_table": 1} } recover=Ok((3, 10)) checker_reds=["I-3.9:盘 1 槽 50176 的分配记录释放代 9 不在 (5, 6] 里：还引用它的最新一条有效根是 txg 5，最早不再引用它的是 txg 6", "I-9.6:记账里的 inode 号水位 2 不大于 inode 树内最大 key 6"] then_overwrite=Ok(11) reds_after=["I-3.9:盘 1 槽 50176 的分配记录释放代 9 不在 (5, 6] 里：还引用它的最新一条有效根是 txg 5，最早不再引用它的是 txg 6", "I-9.6:记账里的 inode 号水位 2 不大于 inode 树内最大 key 6"] under_B=Ok(true) under_C=Ok(true) under_D=Ok(false)
RBF t3 between=new_inodes target=(1, 4) arm=BirthPrunedRelease txgs=[9, 10] counts=PrototypeForwardCounts { released_placements: 11, released_slots: 13, revived_placements: 13, revived_slots: 16, birth_pruned_would_miss: 2, birth_pruned_nodes_read: 11, birth_pruned_data_units: 0, target_allocation_record_tree_nodes: 5, newest_allocation_record_tree_nodes: 5, newest_born_after_target_by_family: {"accounting_tree": 1, "allocation_tree": 5, "inode_leaf": 1, "inode_root": 1, "instance_table": 1, "mapping_tree": 1, "tree_table": 1} } recover=Ok((3, 10)) checker_reds=["I-3.9:盘 1 槽 50176 的分配记录释放代 9 不在 (5, 6] 里：还引用它的最新一条有效根是 txg 5，最早不再引用它的是 txg 6", "I-3.11:盘 0：记账的已分配 Some(1540096) 减 defer 待释放 Some(1196032)，不等于从最新根（txg 10）走读到的 294912（其中隔离豁免 0）", "I-9.6:记账里的 inode 号水位 2 不大于 inode 树内最大 key 6"] then_overwrite=Ok(11) reds_after=["I-3.9:盘 1 槽 50176 的分配记录释放代 9 不在 (5, 6] 里：还引用它的最新一条有效根是 txg 5，最早不再引用它的是 txg 6", "I-3.11:盘 0：记账的已分配 Some(1802240) 减 defer 待释放 Some(1458176)，不等于从最新根（txg 11）走读到的 294912（其中隔离豁免 0）", "I-9.6:记账里的 inode 号水位 2 不大于 inode 树内最大 key 6"] under_B=Ok(true) under_C=Ok(true) under_D=Ok(false)
RBF t3 between=new_inodes target=(1, 5) arm=Full txgs=[9, 10] counts=PrototypeForwardCounts { released_placements: 13, released_slots: 16, revived_placements: 13, revived_slots: 16, birth_pruned_would_miss: 2, birth_pruned_nodes_read: 11, birth_pruned_data_units: 0, target_allocation_record_tree_nodes: 5, newest_allocation_record_tree_nodes: 5, newest_born_after_target_by_family: {"accounting_tree": 1, "allocation_tree": 5, "inode_leaf": 1, "inode_root": 1, "instance_table": 1, "mapping_tree": 1, "tree_table": 1} } recover=Ok((3, 10)) checker_reds=["I-3.9:盘 1 槽 50176 的分配记录释放代 9 不在 (5, 6] 里：还引用它的最新一条有效根是 txg 5，最早不再引用它的是 txg 6", "I-9.6:记账里的 inode 号水位 2 不大于 inode 树内最大 key 6"] then_overwrite=Ok(11) reds_after=["I-3.9:盘 1 槽 50176 的分配记录释放代 9 不在 (5, 6] 里：还引用它的最新一条有效根是 txg 5，最早不再引用它的是 txg 6", "I-9.6:记账里的 inode 号水位 2 不大于 inode 树内最大 key 6"] under_B=Ok(true) under_C=Ok(true) under_D=Ok(false)
RBF t3 between=new_inodes target=(1, 5) arm=BirthPrunedRelease txgs=[9, 10] counts=PrototypeForwardCounts { released_placements: 11, released_slots: 13, revived_placements: 13, revived_slots: 16, birth_pruned_would_miss: 2, birth_pruned_nodes_read: 11, birth_pruned_data_units: 0, target_allocation_record_tree_nodes: 5, newest_allocation_record_tree_nodes: 5, newest_born_after_target_by_family: {"accounting_tree": 1, "allocation_tree": 5, "inode_leaf": 1, "inode_root": 1, "instance_table": 1, "mapping_tree": 1, "tree_table": 1} } recover=Ok((3, 10)) checker_reds=["I-3.9:盘 1 槽 50176 的分配记录释放代 9 不在 (5, 6] 里：还引用它的最新一条有效根是 txg 5，最早不再引用它的是 txg 6", "I-3.11:盘 0：记账的已分配 Some(1540096) 减 defer 待释放 Some(1196032)，不等于从最新根（txg 10）走读到的 294912（其中隔离豁免 0）", "I-9.6:记账里的 inode 号水位 2 不大于 inode 树内最大 key 6"] then_overwrite=Ok(11) reds_after=["I-3.9:盘 1 槽 50176 的分配记录释放代 9 不在 (5, 6] 里：还引用它的最新一条有效根是 txg 5，最早不再引用它的是 txg 6", "I-3.11:盘 0：记账的已分配 Some(1802240) 减 defer 待释放 Some(1458176)，不等于从最新根（txg 11）走读到的 294912（其中隔离豁免 0）", "I-9.6:记账里的 inode 号水位 2 不大于 inode 树内最大 key 6"] under_B=Ok(true) under_C=Ok(true) under_D=Ok(false)
RBF t3 between=nothing target=(1, 4) arm=Full txgs=[8, 9, 10] counts=PrototypeForwardCounts { released_placements: 13, released_slots: 16, revived_placements: 13, revived_slots: 16, birth_pruned_would_miss: 4, birth_pruned_nodes_read: 9, birth_pruned_data_units: 0, target_allocation_record_tree_nodes: 5, newest_allocation_record_tree_nodes: 5, newest_born_after_target_by_family: {"accounting_tree": 1, "allocation_tree": 5, "instance_table": 1, "mapping_tree": 1, "tree_table": 1} } recover=Ok((3, 10)) checker_reds=["I-3.9:盘 1 槽 50176 的分配记录释放代 8 不在 (5, 6] 里：还引用它的最新一条有效根是 txg 5，最早不再引用它的是 txg 6"] then_overwrite=Ok(11) reds_after=["I-3.9:盘 1 槽 50176 的分配记录释放代 8 不在 (5, 6] 里：还引用它的最新一条有效根是 txg 5，最早不再引用它的是 txg 6"] under_B=Ok(true) under_C=Ok(true) under_D=Err("不在环里")
RBF t3 between=nothing target=(1, 4) arm=BirthPrunedRelease txgs=[8, 9, 10] counts=PrototypeForwardCounts { released_placements: 9, released_slots: 10, revived_placements: 13, revived_slots: 16, birth_pruned_would_miss: 4, birth_pruned_nodes_read: 9, birth_pruned_data_units: 0, target_allocation_record_tree_nodes: 5, newest_allocation_record_tree_nodes: 5, newest_born_after_target_by_family: {"accounting_tree": 1, "allocation_tree": 5, "instance_table": 1, "mapping_tree": 1, "tree_table": 1} } recover=Ok((3, 10)) checker_reds=["I-3.9:盘 1 槽 50176 的分配记录释放代 8 不在 (5, 6] 里：还引用它的最新一条有效根是 txg 5，最早不再引用它的是 txg 6", "I-3.11:盘 0：记账的已分配 Some(1490944) 减 defer 待释放 Some(1097728)，不等于从最新根（txg 10）走读到的 294912（其中隔离豁免 0）"] then_overwrite=Ok(11) reds_after=["I-3.9:盘 1 槽 50176 的分配记录释放代 8 不在 (5, 6] 里：还引用它的最新一条有效根是 txg 5，最早不再引用它的是 txg 6", "I-3.11:盘 0：记账的已分配 Some(1753088) 减 defer 待释放 Some(1359872)，不等于从最新根（txg 11）走读到的 294912（其中隔离豁免 0）"] under_B=Ok(true) under_C=Ok(true) under_D=Err("不在环里")
RBF t3 between=nothing target=(1, 5) arm=Full txgs=[8, 9, 10] counts=PrototypeForwardCounts { released_placements: 13, released_slots: 16, revived_placements: 13, revived_slots: 16, birth_pruned_would_miss: 4, birth_pruned_nodes_read: 9, birth_pruned_data_units: 0, target_allocation_record_tree_nodes: 5, newest_allocation_record_tree_nodes: 5, newest_born_after_target_by_family: {"accounting_tree": 1, "allocation_tree": 5, "instance_table": 1, "mapping_tree": 1, "tree_table": 1} } recover=Ok((3, 10)) checker_reds=["I-3.9:盘 1 槽 50176 的分配记录释放代 8 不在 (5, 6] 里：还引用它的最新一条有效根是 txg 5，最早不再引用它的是 txg 6"] then_overwrite=Ok(11) reds_after=["I-3.9:盘 1 槽 50176 的分配记录释放代 8 不在 (5, 6] 里：还引用它的最新一条有效根是 txg 5，最早不再引用它的是 txg 6"] under_B=Ok(true) under_C=Ok(true) under_D=Err("不在环里")
RBF t3 between=nothing target=(1, 5) arm=BirthPrunedRelease txgs=[8, 9, 10] counts=PrototypeForwardCounts { released_placements: 9, released_slots: 10, revived_placements: 13, revived_slots: 16, birth_pruned_would_miss: 4, birth_pruned_nodes_read: 9, birth_pruned_data_units: 0, target_allocation_record_tree_nodes: 5, newest_allocation_record_tree_nodes: 5, newest_born_after_target_by_family: {"accounting_tree": 1, "allocation_tree": 5, "instance_table": 1, "mapping_tree": 1, "tree_table": 1} } recover=Ok((3, 10)) checker_reds=["I-3.9:盘 1 槽 50176 的分配记录释放代 8 不在 (5, 6] 里：还引用它的最新一条有效根是 txg 5，最早不再引用它的是 txg 6", "I-3.11:盘 0：记账的已分配 Some(1490944) 减 defer 待释放 Some(1097728)，不等于从最新根（txg 10）走读到的 294912（其中隔离豁免 0）"] then_overwrite=Ok(11) reds_after=["I-3.9:盘 1 槽 50176 的分配记录释放代 8 不在 (5, 6] 里：还引用它的最新一条有效根是 txg 5，最早不再引用它的是 txg 6", "I-3.11:盘 0：记账的已分配 Some(1753088) 减 defer 待释放 Some(1359872)，不等于从最新根（txg 11）走读到的 294912（其中隔离豁免 0）"] under_B=Ok(true) under_C=Ok(true) under_D=Err("不在环里")
RBF t4 txgs=[6, 7] counts=PrototypeForwardCounts { released_placements: 12, released_slots: 14, revived_placements: 12, revived_slots: 14, birth_pruned_would_miss: 0, birth_pruned_nodes_read: 11, birth_pruned_data_units: 1, target_allocation_record_tree_nodes: 5, newest_allocation_record_tree_nodes: 5, newest_born_after_target_by_family: {"accounting_tree": 1, "allocation_tree": 5, "data": 1, "extent_root": 1, "inode_leaf": 1, "inode_root": 1, "mapping_tree": 1, "tree_table": 1} }
RBF crash name=forward-rollback closed_form_full=524301 segment_lengths=[2, 18, 2, 1, 18, 2, 1, 2] full=false
RBF crash name=forward-rollback writes=46 states=15 violations=0 failed=0 first_violation=none probe_states=15 probe_bad(kill1,kill2,kill3)=[0, 0, 0] probe_first_bad=[None, None, None]
RBF crash name=forward-rollback checker_violated=["I-3.9=8:盘 1 槽 50245 的分配记录释放代 6 不在 (3, 4] 里：还引用它的最新一条有效根是 txg 3，最早不再引用它的是 txg 4"]
RBF t5a chain_txgs=[6, 7] units_written=[8, 8] writes=[(21, 279040), (21, 279040)]
RBF crash name=unmount-b closed_form_full=327690 segment_lengths=[16, 2, 1, 18, 2, 1, 2] full=false
RBF crash name=unmount-b writes=42 states=12 violations=0 failed=0 first_violation=none probe_states=12 probe_bad(kill1,kill2,kill3)=[0, 0, 0] probe_first_bad=[None, None, None]
RBF crash name=unmount-b checker_violated=["I-7.9=8:实例 1 txg 6 那条根把回退下界 F 从 0 抬到 5，高于它之前的根算出的抬 F 上限 0：每块盘上最新的有效根 {0: 5, 1: 4}，非空有效根 [3, 4, 5]，空不空判不了的有效根 []，最旧有效根 txg 0"]
RBF t5b rollback=false b=false chain=[] D_data_slot=50186 E_data_slot=50188 newest=9 checker_reds=[] first_bad=none
RBF t5b-row rollback=false b=false killed=0 land_txg=9 verdict=Ok((2, 9))
RBF t5b-row rollback=false b=false killed=1 land_txg=8 verdict=Ok((2, 9))
RBF t5b-row rollback=false b=false killed=2 land_txg=7 verdict=Ok((2, 9))
RBF t5b-row rollback=false b=false killed=3 land_txg=6 verdict=Ok((2, 9))
RBF t5b-row rollback=false b=false killed=4 land_txg=5 verdict=Ok((1, 5))
RBF t5b-row rollback=false b=false killed=5 land_txg=4 verdict=Ok((1, 5))
RBF t5b-row rollback=false b=false killed=6 land_txg=3 verdict=Ok((1, 5))
RBF t5b-row rollback=false b=false killed=7 land_txg=2 verdict=Ok((1, 5))
RBF t5b-row rollback=false b=false killed=8 land_txg=1 verdict=Ok((1, 5))
RBF t5b-row rollback=false b=false killed=9 land_txg=0 verdict=Ok((0, 0))
RBF t5b rollback=false b=true chain=[6, 7] D_data_slot=50178 E_data_slot=50180 newest=12 checker_reds=["I-7.9:实例 1 txg 6 那条根把回退下界 F 从 0 抬到 5，高于它之前的根算出的抬 F 上限 2：每块盘上最新的有效根 {0: 5, 1: 4}，非空有效根 [4, 5]，空不空判不了的有效根 [0, 1, 2, 3]，最旧有效根 txg 0"] first_bad=k=10 (land≈txg 2) Err("落在 Some((1, 2))，走读失败：UnitUnreadable { slot: SlotNumber(50178) }")
RBF t5b-row rollback=false b=true killed=0 land_txg=12 verdict=Ok((2, 12))
RBF t5b-row rollback=false b=true killed=1 land_txg=11 verdict=Ok((2, 12))
RBF t5b-row rollback=false b=true killed=2 land_txg=10 verdict=Ok((2, 12))
RBF t5b-row rollback=false b=true killed=3 land_txg=9 verdict=Ok((2, 12))
RBF t5b-row rollback=false b=true killed=4 land_txg=8 verdict=Ok((2, 12))
RBF t5b-row rollback=false b=true killed=5 land_txg=7 verdict=Ok((1, 7))
RBF t5b-row rollback=false b=true killed=6 land_txg=6 verdict=Ok((1, 7))
RBF t5b-row rollback=false b=true killed=7 land_txg=5 verdict=Ok((1, 7))
RBF t5b-row rollback=false b=true killed=8 land_txg=4 verdict=Ok((1, 7))
RBF t5b-row rollback=false b=true killed=9 land_txg=3 verdict=Ok((1, 7))
RBF t5b-row rollback=false b=true killed=10 land_txg=2 verdict=Err("落在 Some((1, 2))，走读失败：UnitUnreadable { slot: SlotNumber(50178) }")
RBF t5b-row rollback=false b=true killed=11 land_txg=1 verdict=Err("落在 Some((1, 1))，走读失败：UnitUnreadable { slot: SlotNumber(50178) }")
RBF t5b-row rollback=false b=true killed=12 land_txg=0 verdict=Err("落在 Some((0, 0))，走读失败：UnitUnreadable { slot: SlotNumber(50178) }")
RBF t5b rollback=true b=false chain=[] D_data_slot=50186 E_data_slot=50188 newest=12 checker_reds=["I-3.9:盘 1 槽 50245 的分配记录释放代 6 不在 (3, 4] 里：还引用它的最新一条有效根是 txg 3，最早不再引用它的是 txg 4"] first_bad=none
RBF t5b-row rollback=true b=false killed=0 land_txg=12 verdict=Ok((3, 12))
RBF t5b-row rollback=true b=false killed=1 land_txg=11 verdict=Ok((3, 12))
RBF t5b-row rollback=true b=false killed=2 land_txg=10 verdict=Ok((3, 12))
RBF t5b-row rollback=true b=false killed=3 land_txg=9 verdict=Ok((3, 12))
RBF t5b-row rollback=true b=false killed=4 land_txg=8 verdict=Ok((3, 12))
RBF t5b-row rollback=true b=false killed=5 land_txg=7 verdict=Ok((2, 7))
RBF t5b-row rollback=true b=false killed=6 land_txg=6 verdict=Ok((2, 7))
RBF t5b-row rollback=true b=false killed=7 land_txg=5 verdict=Ok((1, 5))
RBF t5b-row rollback=true b=false killed=8 land_txg=4 verdict=Ok((1, 5))
RBF t5b-row rollback=true b=false killed=9 land_txg=3 verdict=Ok((1, 5))
RBF t5b-row rollback=true b=false killed=10 land_txg=2 verdict=Ok((1, 5))
RBF t5b-row rollback=true b=false killed=11 land_txg=1 verdict=Ok((1, 5))
RBF t5b-row rollback=true b=false killed=12 land_txg=0 verdict=Ok((0, 0))
RBF t5b rollback=true b=true chain=[8, 9, 10] D_data_slot=50176 E_data_slot=50178 newest=15 checker_reds=["I-7.9:实例 2 txg 8 那条根把回退下界 F 从 0 抬到 7，高于它之前的根算出的抬 F 上限 3：每块盘上最新的有效根 {0: 6, 1: 7}，非空有效根 [4, 5, 6]，空不空判不了的有效根 [0, 1, 2, 3]，最旧有效根 txg 0"] first_bad=k=10 (land≈txg 5) Err("落在 Some((1, 5))，走读失败：UnitUnreadable { slot: SlotNumber(50176) }")
RBF t5b-row rollback=true b=true killed=0 land_txg=15 verdict=Ok((3, 15))
RBF t5b-row rollback=true b=true killed=1 land_txg=14 verdict=Ok((3, 15))
RBF t5b-row rollback=true b=true killed=2 land_txg=13 verdict=Ok((3, 15))
RBF t5b-row rollback=true b=true killed=3 land_txg=12 verdict=Ok((3, 15))
RBF t5b-row rollback=true b=true killed=4 land_txg=11 verdict=Ok((3, 15))
RBF t5b-row rollback=true b=true killed=5 land_txg=10 verdict=Ok((2, 10))
RBF t5b-row rollback=true b=true killed=6 land_txg=9 verdict=Ok((2, 10))
RBF t5b-row rollback=true b=true killed=7 land_txg=8 verdict=Ok((2, 10))
RBF t5b-row rollback=true b=true killed=8 land_txg=7 verdict=Ok((2, 10))
RBF t5b-row rollback=true b=true killed=9 land_txg=6 verdict=Ok((2, 10))
RBF t5b-row rollback=true b=true killed=10 land_txg=5 verdict=Err("落在 Some((1, 5))，走读失败：UnitUnreadable { slot: SlotNumber(50176) }")
RBF t5b-row rollback=true b=true killed=11 land_txg=4 verdict=Err("落在 Some((1, 4))，走读失败：UnitUnreadable { slot: SlotNumber(50176) }")
RBF t5b-row rollback=true b=true killed=12 land_txg=3 verdict=Err("落在 Some((1, 3))，走读失败：UnitUnreadable { slot: SlotNumber(50176) }")
RBF t5b-row rollback=true b=true killed=13 land_txg=2 verdict=Err("落在 Some((1, 2))，走读失败：UnitUnreadable { slot: SlotNumber(50176) }")
RBF t5b-row rollback=true b=true killed=14 land_txg=1 verdict=Err("落在 Some((1, 1))，走读失败：UnitUnreadable { slot: SlotNumber(50176) }")
RBF t5b-row rollback=true b=true killed=15 land_txg=0 verdict=Err("落在 Some((0, 0))，走读失败：UnitUnreadable { slot: SlotNumber(50176) }")
RBF t6 arm=Full target=(1, 3) chain=[6, 7] floor_roots=[(6, 5), (7, 5), (8, 5), (9, 5), (10, 5), (11, 5), (12, 5)] corrupted_on_dev1=[7, 10] effective_floor_after=0 recover=Ok((2, 12)) rollback=refused TargetUnitNotProtected { slot: SlotNumber(50180) }
RBF t6 arm=Full target=(1, 4) chain=[6, 7] floor_roots=[(6, 5), (7, 5), (8, 5), (9, 5), (10, 5), (11, 5), (12, 5)] corrupted_on_dev1=[7, 10] effective_floor_after=0 recover=Ok((2, 12)) rollback=accepted newest=(3, 14) read=Ok(true) checker_reds=["I-2.1:树表单元 在盘 0 槽 50178 的那一份与位置条目里的校验和对不上", "I-3.1:盘 0：记账的已分配 Some(2195456)，遍历全部有效根得到 2211840（其中隔离豁免 0）；机理：根环槽数 24、最新根 txg 14、环里自证过的根槽 13 个、最老的自证过的根 txg 0、遍历的候选根槽 13 个、并进遍历的由记录施加出来的版本 2 个、被实例表判抛弃的根槽 0 个、回退下界 F 0", "I-3.10:盘 1 槽 50180 的分配记录（未释放、跨 2 槽）分配代 3，它罩住的单元头里的诞生代号是 12", "I-4.8:候选根 txg 0 出发的遍历有单元对不上或读不出", "I-5.1:盘 0：树表单元（槽 50178 跨 1）与 数据单元（槽 50178）重叠", "I-7.4:候选根 txg 0 引用的单元已被复用或抹头（校验和对不上或头用不了）", "I-7.9:实例 1 txg 6 那条根把回退下界 F 从 0 抬到 5，高于它之前的根算出的抬 F 上限 2：每块盘上最新的有效根 {0: 5, 1: 4}，非空有效根 [4, 5]，空不空判不了的有效根 [0, 1, 2, 3]，最旧有效根 txg 0"]
RBF t6 arm=FullWithoutProtectionCheck target=(1, 3) chain=[6, 7] floor_roots=[(6, 5), (7, 5), (8, 5), (9, 5), (10, 5), (11, 5), (12, 5)] corrupted_on_dev1=[7, 10] effective_floor_after=0 recover=Ok((2, 12)) rollback=accepted newest=(3, 14) read=Err(MappingStillUnreadable { slot: SlotNumber(50180) }) checker_reds=["I-2.1:数据单元 在盘 0 槽 50180 的那一份与位置条目里的校验和对不上", "I-3.1:盘 0：记账的已分配 Some(2195456)，遍历全部有效根得到 2211840（其中隔离豁免 0）；机理：根环槽数 24、最新根 txg 14、环里自证过的根槽 13 个、最老的自证过的根 txg 0、遍历的候选根槽 13 个、并进遍历的由记录施加出来的版本 2 个、被实例表判抛弃的根槽 0 个、回退下界 F 0", "I-3.10:盘 1 槽 50180 的分配记录（未释放、跨 2 槽）分配代 3，它罩住的单元头里的诞生代号是 12", "I-4.8:最新根（txg 14）出发的遍历有单元对不上或读不出", "I-5.1:盘 0：树表单元（槽 50178 跨 1）与 数据单元（槽 50178）重叠", "I-7.2:最新的根走不完：数据单元两份都读不到对得上的；映射条目指的单元两份都读不到对得上的", "I-7.4:最新根（txg 14）引用的单元已被复用或抹头（校验和对不上或头用不了）", "I-7.9:实例 1 txg 6 那条根把回退下界 F 从 0 抬到 5，高于它之前的根算出的抬 F 上限 2：每块盘上最新的有效根 {0: 5, 1: 4}，非空有效根 [4, 5]，空不空判不了的有效根 [0, 1, 2, 3]，最旧有效根 txg 0"]
RBF t6 arm=FullWithoutProtectionCheck target=(1, 4) chain=[6, 7] floor_roots=[(6, 5), (7, 5), (8, 5), (9, 5), (10, 5), (11, 5), (12, 5)] corrupted_on_dev1=[7, 10] effective_floor_after=0 recover=Ok((2, 12)) rollback=accepted newest=(3, 14) read=Ok(true) checker_reds=["I-2.1:树表单元 在盘 0 槽 50178 的那一份与位置条目里的校验和对不上", "I-3.1:盘 0：记账的已分配 Some(2195456)，遍历全部有效根得到 2211840（其中隔离豁免 0）；机理：根环槽数 24、最新根 txg 14、环里自证过的根槽 13 个、最老的自证过的根 txg 0、遍历的候选根槽 13 个、并进遍历的由记录施加出来的版本 2 个、被实例表判抛弃的根槽 0 个、回退下界 F 0", "I-3.10:盘 1 槽 50180 的分配记录（未释放、跨 2 槽）分配代 3，它罩住的单元头里的诞生代号是 12", "I-4.8:候选根 txg 0 出发的遍历有单元对不上或读不出", "I-5.1:盘 0：树表单元（槽 50178 跨 1）与 数据单元（槽 50178）重叠", "I-7.4:候选根 txg 0 引用的单元已被复用或抹头（校验和对不上或头用不了）", "I-7.9:实例 1 txg 6 那条根把回退下界 F 从 0 抬到 5，高于它之前的根算出的抬 F 上限 2：每块盘上最新的有效根 {0: 5, 1: 4}，非空有效根 [4, 5]，空不空判不了的有效根 [0, 1, 2, 3]，最旧有效根 txg 0"]
RBF t6c arm=Full target=(1, 3) rollback=accepted newest=(3, 11) read=Ok(true) checker_reds=["I-3.9:盘 1 槽 50176 的分配记录释放代 10 不在 (5, 6] 里：还引用它的最新一条有效根是 txg 5，最早不再引用它的是 txg 6"]
RBF t6c arm=Full target=(1, 4) rollback=accepted newest=(3, 11) read=Ok(true) checker_reds=["I-3.9:盘 1 槽 50176 的分配记录释放代 10 不在 (5, 6] 里：还引用它的最新一条有效根是 txg 5，最早不再引用它的是 txg 6"]
RBF t6c arm=FullWithoutProtectionCheck target=(1, 3) rollback=accepted newest=(3, 11) read=Ok(true) checker_reds=["I-3.9:盘 1 槽 50176 的分配记录释放代 10 不在 (5, 6] 里：还引用它的最新一条有效根是 txg 5，最早不再引用它的是 txg 6"]
RBF t6c arm=FullWithoutProtectionCheck target=(1, 4) rollback=accepted newest=(3, 11) read=Ok(true) checker_reds=["I-3.9:盘 1 槽 50176 的分配记录释放代 10 不在 (5, 6] 里：还引用它的最新一条有效根是 txg 5，最早不再引用它的是 txg 6"]
RBF t6s b=false writes=0 target=(1, 3) corrupted_dev1=1 verdict=clean
RBF t6s b=false writes=0 target=(1, 4) corrupted_dev1=1 verdict=clean
RBF t6s b=false writes=0 target=(1, 5) corrupted_dev1=1 verdict=clean
RBF t6s b=false writes=1 target=(1, 3) corrupted_dev1=1 verdict=clean
RBF t6s b=false writes=1 target=(1, 4) corrupted_dev1=1 verdict=clean
RBF t6s b=false writes=1 target=(1, 5) corrupted_dev1=1 verdict=clean
RBF t6s b=false writes=2 target=(1, 3) corrupted_dev1=1 verdict=clean
RBF t6s b=false writes=2 target=(1, 4) corrupted_dev1=1 verdict=clean
RBF t6s b=false writes=2 target=(1, 5) corrupted_dev1=1 verdict=clean
RBF t6s b=false writes=3 target=(1, 3) corrupted_dev1=2 verdict=clean
RBF t6s b=false writes=3 target=(1, 4) corrupted_dev1=2 verdict=clean
RBF t6s b=false writes=3 target=(1, 5) corrupted_dev1=2 verdict=clean
RBF t6s b=false writes=4 target=(1, 3) corrupted_dev1=2 verdict=clean
RBF t6s b=false writes=4 target=(1, 4) corrupted_dev1=2 verdict=clean
RBF t6s b=false writes=4 target=(1, 5) corrupted_dev1=2 verdict=clean
RBF t6s b=true writes=0 target=(1, 3) corrupted_dev1=2 verdict=clean
RBF t6s b=true writes=0 target=(1, 4) corrupted_dev1=2 verdict=clean
RBF t6s b=true writes=0 target=(1, 5) corrupted_dev1=2 verdict=clean
RBF t6s b=true writes=1 target=(1, 3) corrupted_dev1=2 verdict=HIT read_ok=true reds=["I-2.1", "I-3.1", "I-4.8", "I-5.1", "I-7.4"]
RBF t6s b=true writes=1 target=(1, 4) corrupted_dev1=2 verdict=HIT read_ok=true reds=["I-2.1", "I-3.1", "I-4.8", "I-5.1", "I-7.4"]
RBF t6s b=true writes=1 target=(1, 5) corrupted_dev1=2 verdict=HIT read_ok=true reds=["I-2.1", "I-3.1", "I-4.8", "I-5.1", "I-7.4"]
RBF t6s b=true writes=2 target=(1, 3) corrupted_dev1=2 verdict=HIT read_ok=false reds=["I-2.1", "I-3.1", "I-3.10", "I-4.8", "I-5.1", "I-7.2", "I-7.4"]
RBF t6s b=true writes=2 target=(1, 4) corrupted_dev1=2 verdict=HIT read_ok=true reds=["I-2.1", "I-3.1", "I-3.10", "I-4.8", "I-5.1", "I-7.4"]
RBF t6s b=true writes=2 target=(1, 5) corrupted_dev1=2 verdict=HIT read_ok=true reds=["I-2.1", "I-3.1", "I-3.10", "I-4.8", "I-5.1", "I-7.4"]
RBF t6s b=true writes=3 target=(1, 3) corrupted_dev1=3 verdict=HIT read_ok=false reds=["I-2.1", "I-3.1", "I-3.10", "I-4.8", "I-5.1", "I-7.2", "I-7.4"]
RBF t6s b=true writes=3 target=(1, 4) corrupted_dev1=3 verdict=HIT read_ok=false reds=["I-2.1", "I-3.1", "I-3.10", "I-4.8", "I-5.1", "I-7.2", "I-7.4"]
RBF t6s b=true writes=3 target=(1, 5) corrupted_dev1=3 verdict=HIT read_ok=true reds=["I-2.1", "I-3.1", "I-3.10", "I-4.8", "I-5.1", "I-7.4"]
RBF t6s b=true writes=4 target=(1, 3) corrupted_dev1=3 verdict=HIT read_ok=false reds=["I-2.1", "I-3.1", "I-3.10", "I-4.8", "I-5.1", "I-7.2", "I-7.4"]
RBF t6s b=true writes=4 target=(1, 4) corrupted_dev1=3 verdict=HIT read_ok=false reds=["I-2.1", "I-3.1", "I-3.10", "I-4.8", "I-5.1", "I-7.2", "I-7.4"]
RBF t6s b=true writes=4 target=(1, 5) corrupted_dev1=3 verdict=HIT read_ok=true reds=["I-2.1", "I-3.1", "I-3.10", "I-4.8", "I-5.1", "I-7.4"]
RBF t6s-summary b=false hits=0/15
RBF t6s-summary b=true hits=12/15
RBF t7-history shadow=On instance_two=[5, 6, 7, 8] isolated=[(DeviceIdentity(0), 0), (DeviceIdentity(1), 0)] instance_three=[9, 10, 11, 12]
RBF t7 shadow=On checker_reds=[] under_C_intact=Err("UnitUnreadable { slot: SlotNumber(50304) }") after_killing_instance_three(4)=Err("落在 Some((2, 8))，走读失败：UnitUnreadable { slot: SlotNumber(50304) }") checker_reds_damaged=["I-2.1:实例表单元 在盘 0 槽 50304 的那一份与位置条目里的校验和对不上", "I-4.8:最新根（txg 8）出发的遍历有单元对不上或读不出", "I-7.2:最新的根走不完：实例表单元两份都读不到对得上的；树表单元 两份都读不到对得上的", "I-7.4:最新根（txg 8）引用的单元已被复用或抹头（校验和对不上或头用不了）"]
RBF t7-history shadow=Off instance_two=[5, 6, 7, 8] isolated=[(DeviceIdentity(0), 0), (DeviceIdentity(1), 0)] instance_three=[9, 10, 11, 12]
RBF t7 shadow=Off checker_reds=[] under_C_intact=Err("UnitUnreadable { slot: SlotNumber(50304) }") after_killing_instance_three(4)=Err("落在 Some((2, 8))，走读失败：UnitUnreadable { slot: SlotNumber(50304) }") checker_reds_damaged=["I-2.1:实例表单元 在盘 0 槽 50304 的那一份与位置条目里的校验和对不上", "I-4.8:最新根（txg 8）出发的遍历有单元对不上或读不出", "I-7.2:最新的根走不完：实例表单元两份都读不到对得上的；树表单元 两份都读不到对得上的", "I-7.4:最新根（txg 8）引用的单元已被复用或抹头（校验和对不上或头用不了）"]
RBF t7b shadow=On second_effective=(1, 4) second_txgs=[5, 6, 7] third_txgs=[8, 9, 10] isolated=[(DeviceIdentity(0), 0), (DeviceIdentity(1), 0)] C_data_slot=50184 D_data_slot=50184 E_data_slot=50186 checker_reds=[] under_C_intact=Err("不在环里") kill_newer_than_C(7)=Ok((2, 7))
RBF t7b shadow=Off second_effective=(1, 4) second_txgs=[5, 6, 7] third_txgs=[8, 9, 10] isolated=[(DeviceIdentity(0), 0), (DeviceIdentity(1), 0)] C_data_slot=50184 D_data_slot=50184 E_data_slot=50186 checker_reds=[] under_C_intact=Err("不在环里") kill_newer_than_C(7)=Ok((2, 7))
RBF t7c shadow=On second_effective=(1, 4) second_txgs=[6, 7] third_txgs=[8, 9, 10] isolated=[(DeviceIdentity(0), 14), (DeviceIdentity(1), 14)] C_data_slot=50184 D_data_slot=50186 E_data_slot=50188 checker_reds=[] under_C_intact=Ok(true) kill_newer_than_C(7)=Ok((1, 5))
RBF t7c shadow=Off second_effective=(1, 4) second_txgs=[6, 7] third_txgs=[8, 9, 10] isolated=[(DeviceIdentity(0), 0), (DeviceIdentity(1), 0)] C_data_slot=50184 D_data_slot=50184 E_data_slot=50186 checker_reds=[] under_C_intact=Err("MappingStillUnreadable { slot: SlotNumber(50184) }") kill_newer_than_C(7)=Err("落在 Some((1, 5))，走读失败：MappingStillUnreadable { slot: SlotNumber(50184) }")
RBF t7-history shadow=On instance_two=[5, 6, 7, 8] isolated=[(DeviceIdentity(0), 0), (DeviceIdentity(1), 0)] instance_three=[9, 10, 11, 12]
RBF t8 arm=Full refused=Mount(RollbackTargetNotACandidate { target: RollbackTarget { instance: InstanceGeneration(2), checkpoint_txg: CheckpointTxg(8) }, exclusion: OnAbandonedTimeline })
RBF t7-history shadow=On instance_two=[5, 6, 7, 8] isolated=[(DeviceIdentity(0), 0), (DeviceIdentity(1), 0)] instance_three=[9, 10, 11, 12]
RBF t8 arm=FullWithoutTableValidityCheck refused=Mount(Recovery(UnitUnreadable { slot: SlotNumber(50304) }))
RBF t8b arm=Full refused=Mount(RollbackTargetNotACandidate { target: RollbackTarget { instance: InstanceGeneration(1), checkpoint_txg: CheckpointTxg(5) }, exclusion: OnAbandonedTimeline })
RBF t8b arm=FullWithoutTableValidityCheck refused=TargetUnitNotProtected { slot: SlotNumber(50184) }
RBF t9 workload=W1-overwrite-one-unit k=1 newest_before=4 rollback_txgs=[5, 6, 7] units_written=[9, 8, 8] released=12p/14s revived=12p/14s pruned_nodes_read=11 pruned_data_units=1 target_alloc_nodes=5 newest_alloc_nodes=5 born_after_by_family={"accounting_tree": 1, "allocation_tree": 5, "data": 1, "extent_root": 1, "inode_leaf": 1, "inode_root": 1, "mapping_tree": 1, "tree_table": 1} recover=true checker_red_names=["I-3.9"]
RBF t9 workload=W1-overwrite-one-unit k=2 newest_before=5 rollback_txgs=[6, 7] units_written=[9, 8] released=12p/14s revived=12p/14s pruned_nodes_read=11 pruned_data_units=1 target_alloc_nodes=5 newest_alloc_nodes=5 born_after_by_family={"accounting_tree": 1, "allocation_tree": 5, "data": 1, "extent_root": 1, "inode_leaf": 1, "inode_root": 1, "mapping_tree": 1, "tree_table": 1} recover=true checker_red_names=["I-3.9"]
RBF t9 workload=W1-overwrite-one-unit k=3 newest_before=6 rollback_txgs=[7, 8] units_written=[9, 8] released=12p/14s revived=12p/14s pruned_nodes_read=11 pruned_data_units=1 target_alloc_nodes=5 newest_alloc_nodes=5 born_after_by_family={"accounting_tree": 1, "allocation_tree": 5, "data": 1, "extent_root": 1, "inode_leaf": 1, "inode_root": 1, "mapping_tree": 1, "tree_table": 1} recover=true checker_red_names=["I-3.9"]
RBF t9 workload=W1-overwrite-one-unit k=4 newest_before=7 rollback_txgs=[8, 9, 10] units_written=[9, 8, 8] released=12p/14s revived=12p/14s pruned_nodes_read=11 pruned_data_units=1 target_alloc_nodes=5 newest_alloc_nodes=5 born_after_by_family={"accounting_tree": 1, "allocation_tree": 5, "data": 1, "extent_root": 1, "inode_leaf": 1, "inode_root": 1, "mapping_tree": 1, "tree_table": 1} recover=true checker_red_names=["I-3.9"]
RBF t9 workload=W2-new-inodes-500 k=1 newest_before=4 rollback_txgs=[5, 6, 7] units_written=[9, 8, 8] released=12p/15s revived=10p/11s pruned_nodes_read=12 pruned_data_units=0 target_alloc_nodes=5 newest_alloc_nodes=5 born_after_by_family={"accounting_tree": 1, "allocation_tree": 5, "inode_leaf": 3, "inode_root": 1, "mapping_tree": 1, "tree_table": 1} recover=true checker_red_names=["I-3.9", "I-9.6"]
RBF t9 workload=W2-new-inodes-500 k=2 newest_before=5 rollback_txgs=[6, 7] units_written=[9, 8] released=14p/19s revived=10p/11s pruned_nodes_read=14 pruned_data_units=0 target_alloc_nodes=5 newest_alloc_nodes=5 born_after_by_family={"accounting_tree": 1, "allocation_tree": 5, "inode_leaf": 5, "inode_root": 1, "mapping_tree": 1, "tree_table": 1} recover=true checker_red_names=["I-3.9", "I-9.6"]
RBF t9 workload=W2-new-inodes-500 k=3 newest_before=6 rollback_txgs=[7, 8] units_written=[9, 8] released=16p/23s revived=10p/11s pruned_nodes_read=16 pruned_data_units=0 target_alloc_nodes=5 newest_alloc_nodes=5 born_after_by_family={"accounting_tree": 1, "allocation_tree": 5, "inode_leaf": 7, "inode_root": 1, "mapping_tree": 1, "tree_table": 1} recover=true checker_red_names=["I-3.9", "I-9.6"]
RBF t9 workload=W2-new-inodes-500 k=4 newest_before=7 rollback_txgs=[8, 9, 10] units_written=[11, 8, 8] released=18p/27s revived=10p/11s pruned_nodes_read=18 pruned_data_units=0 target_alloc_nodes=5 newest_alloc_nodes=5 born_after_by_family={"accounting_tree": 1, "allocation_tree": 5, "inode_leaf": 9, "inode_root": 1, "mapping_tree": 1, "tree_table": 1} recover=true checker_red_names=["I-3.9", "I-9.6"]
RBF t9 workload=W3-sequential-20-units k=1 newest_before=4 rollback_txgs=[5, 6, 7] units_written=[9, 8, 8] released=32p/53s revived=12p/14s pruned_nodes_read=12 pruned_data_units=20 target_alloc_nodes=5 newest_alloc_nodes=5 born_after_by_family={"accounting_tree": 1, "allocation_tree": 5, "data": 20, "extent_lower": 1, "extent_root": 1, "inode_leaf": 1, "inode_root": 1, "mapping_tree": 1, "tree_table": 1} recover=true checker_red_names=["I-3.9"]
RBF t9 workload=W3-sequential-20-units k=2 newest_before=5 rollback_txgs=[6, 7] units_written=[11, 8] released=32p/53s revived=12p/14s pruned_nodes_read=12 pruned_data_units=20 target_alloc_nodes=5 newest_alloc_nodes=5 born_after_by_family={"accounting_tree": 1, "allocation_tree": 5, "data": 20, "extent_lower": 1, "extent_root": 1, "inode_leaf": 1, "inode_root": 1, "mapping_tree": 1, "tree_table": 1} recover=true checker_red_names=["I-3.9"]
RBF t9 workload=W3-sequential-20-units k=3 newest_before=6 rollback_txgs=[7, 8] units_written=[11, 8] released=34p/55s revived=12p/14s pruned_nodes_read=14 pruned_data_units=20 target_alloc_nodes=5 newest_alloc_nodes=7 born_after_by_family={"accounting_tree": 1, "allocation_tree": 7, "data": 20, "extent_lower": 1, "extent_root": 1, "inode_leaf": 1, "inode_root": 1, "mapping_tree": 1, "tree_table": 1} recover=true checker_red_names=["I-3.9"]
RBF t9 workload=W3-sequential-20-units k=4 newest_before=7 rollback_txgs=[8, 9, 10] units_written=[11, 8, 8] released=34p/55s revived=12p/14s pruned_nodes_read=14 pruned_data_units=20 target_alloc_nodes=5 newest_alloc_nodes=7 born_after_by_family={"accounting_tree": 1, "allocation_tree": 7, "data": 20, "extent_lower": 1, "extent_root": 1, "inode_leaf": 1, "inode_root": 1, "mapping_tree": 1, "tree_table": 1} recover=true checker_red_names=["I-3.9"]
test result: ok. 18 passed; 0 failed; 0 ignored; 0 measured; 0 filtered out; finished in 49.49s
