    Finished `release` profile [optimized + debuginfo] target(s) in 0.00s
     Running tests/w2_probe.rs (target/release/deps/w2_probe-e4357774d7db06d9)

running 1 test
# P1	mounts	noop_raises	raise_steps	applied_overwrites	first_refused_overwrite_index	raise_outcome	raise_writes	ending
P1	1	0	0	36	36	RaisedFloor(F=0,publishes=2)	30	Completed	noop=[]
P1	1	0	3	36	36	RaisedFloor(F=3,publishes=2)	30	Completed	noop=[]
P1	1	0	8	36	36	RaisedFloor(F=8,publishes=2)	30	Completed	noop=[]
P1	1	0	20	36	36	RaisedFloor(F=20,publishes=2)	30	Completed	noop=[]
P1	1	0	36	36	36	RaisedFloor(F=36,publishes=2)	30	Completed	noop=[]
P1	1	1	0	35	35	RaisedFloor(F=0,publishes=2)	30	Completed	noop=[RaisedFloor(F=0,publishes=2)(30)]
P1	1	1	3	35	35	RaisedFloor(F=3,publishes=2)	30	Completed	noop=[RaisedFloor(F=0,publishes=2)(30)]
P1	1	1	8	35	35	RaisedFloor(F=8,publishes=2)	30	Completed	noop=[RaisedFloor(F=0,publishes=2)(30)]
P1	1	1	20	35	35	RaisedFloor(F=20,publishes=2)	30	Completed	noop=[RaisedFloor(F=0,publishes=2)(30)]
P1	1	1	36	35	35	RaisedFloor(F=36,publishes=2)	30	Completed	noop=[RaisedFloor(F=0,publishes=2)(30)]
P1	1	2	0	34	34	RaisedFloor(F=0,publishes=2)	30	Completed	noop=[RaisedFloor(F=0,publishes=2)(30) RaisedFloor(F=0,publishes=3)(45)]
P1	1	2	3	34	34	RaisedFloor(F=3,publishes=2)	30	Completed	noop=[RaisedFloor(F=0,publishes=2)(30) RaisedFloor(F=0,publishes=3)(45)]
P1	1	2	8	34	34	RaisedFloor(F=8,publishes=2)	30	Completed	noop=[RaisedFloor(F=0,publishes=2)(30) RaisedFloor(F=0,publishes=3)(45)]
P1	1	2	20	34	34	RaisedFloor(F=20,publishes=2)	30	Completed	noop=[RaisedFloor(F=0,publishes=2)(30) RaisedFloor(F=0,publishes=3)(45)]
P1	1	2	36	34	34	RaisedFloor(F=36,publishes=2)	30	Completed	noop=[RaisedFloor(F=0,publishes=2)(30) RaisedFloor(F=0,publishes=3)(45)]
P1	1	3	0	32	32	RaisedFloor(F=0,publishes=2)	30	Completed	noop=[RaisedFloor(F=0,publishes=2)(30) RaisedFloor(F=0,publishes=3)(45) RaisedFloor(F=0,publishes=3)(45)]
P1	1	3	3	32	32	RaisedFloor(F=3,publishes=2)	30	Completed	noop=[RaisedFloor(F=0,publishes=2)(30) RaisedFloor(F=0,publishes=3)(45) RaisedFloor(F=0,publishes=3)(45)]
P1	1	3	8	32	32	RaisedFloor(F=8,publishes=2)	30	Completed	noop=[RaisedFloor(F=0,publishes=2)(30) RaisedFloor(F=0,publishes=3)(45) RaisedFloor(F=0,publishes=3)(45)]
P1	1	3	20	32	32	RaisedFloor(F=20,publishes=2)	30	Completed	noop=[RaisedFloor(F=0,publishes=2)(30) RaisedFloor(F=0,publishes=3)(45) RaisedFloor(F=0,publishes=3)(45)]
P1	1	3	36	32	32	RaisedFloor(F=36,publishes=2)	30	Completed	noop=[RaisedFloor(F=0,publishes=2)(30) RaisedFloor(F=0,publishes=3)(45) RaisedFloor(F=0,publishes=3)(45)]
P1	1	4	0	31	31	RaisedFloor(F=0,publishes=2)	30	Completed	noop=[RaisedFloor(F=0,publishes=2)(30) RaisedFloor(F=0,publishes=3)(45) RaisedFloor(F=0,publishes=3)(45) RaisedFloor(F=0,publishes=3)(45)]
P1	1	4	3	31	31	RaisedFloor(F=3,publishes=2)	30	Completed	noop=[RaisedFloor(F=0,publishes=2)(30) RaisedFloor(F=0,publishes=3)(45) RaisedFloor(F=0,publishes=3)(45) RaisedFloor(F=0,publishes=3)(45)]
P1	1	4	8	31	31	RaisedFloor(F=8,publishes=2)	30	Completed	noop=[RaisedFloor(F=0,publishes=2)(30) RaisedFloor(F=0,publishes=3)(45) RaisedFloor(F=0,publishes=3)(45) RaisedFloor(F=0,publishes=3)(45)]
P1	1	4	20	31	31	RaisedFloor(F=20,publishes=2)	30	Completed	noop=[RaisedFloor(F=0,publishes=2)(30) RaisedFloor(F=0,publishes=3)(45) RaisedFloor(F=0,publishes=3)(45) RaisedFloor(F=0,publishes=3)(45)]
P1	1	4	36	31	31	RaisedFloor(F=36,publishes=2)	30	Completed	noop=[RaisedFloor(F=0,publishes=2)(30) RaisedFloor(F=0,publishes=3)(45) RaisedFloor(F=0,publishes=3)(45) RaisedFloor(F=0,publishes=3)(45)]
P1	2	0	0	35	35	RaisedFloor(F=0,publishes=2)	30	Completed	noop=[]
P1	2	0	3	35	35	RaisedFloor(F=3,publishes=2)	30	Completed	noop=[]
P1	2	0	8	35	35	RaisedFloor(F=8,publishes=2)	30	Completed	noop=[]
P1	2	0	20	35	35	RaisedFloor(F=20,publishes=2)	30	Completed	noop=[]
P1	2	0	36	35	35	RaisedFloor(F=36,publishes=2)	30	Completed	noop=[]
P1	2	1	0	33	33	RaisedFloor(F=0,publishes=3)	45	Completed	noop=[RaisedFloor(F=0,publishes=3)(45)]
P1	2	1	3	33	33	RaisedFloor(F=3,publishes=3)	45	Completed	noop=[RaisedFloor(F=0,publishes=3)(45)]
P1	2	1	8	33	33	RaisedFloor(F=8,publishes=3)	45	Completed	noop=[RaisedFloor(F=0,publishes=3)(45)]
P1	2	1	20	33	33	RaisedFloor(F=20,publishes=3)	45	Completed	noop=[RaisedFloor(F=0,publishes=3)(45)]
P1	2	1	36	33	33	RaisedFloor(F=36,publishes=3)	45	Completed	noop=[RaisedFloor(F=0,publishes=3)(45)]
P1	2	2	0	32	32	RaisedFloor(F=0,publishes=2)	30	Completed	noop=[RaisedFloor(F=0,publishes=3)(45) RaisedFloor(F=0,publishes=3)(45)]
P1	2	2	3	32	32	RaisedFloor(F=3,publishes=2)	30	Completed	noop=[RaisedFloor(F=0,publishes=3)(45) RaisedFloor(F=0,publishes=3)(45)]
P1	2	2	8	32	32	RaisedFloor(F=8,publishes=2)	30	Completed	noop=[RaisedFloor(F=0,publishes=3)(45) RaisedFloor(F=0,publishes=3)(45)]
P1	2	2	20	32	32	RaisedFloor(F=20,publishes=2)	30	Completed	noop=[RaisedFloor(F=0,publishes=3)(45) RaisedFloor(F=0,publishes=3)(45)]
P1	2	2	36	32	32	RaisedFloor(F=36,publishes=2)	30	Completed	noop=[RaisedFloor(F=0,publishes=3)(45) RaisedFloor(F=0,publishes=3)(45)]
P1	2	3	0	31	31	RaisedFloor(F=0,publishes=2)	30	Completed	noop=[RaisedFloor(F=0,publishes=3)(45) RaisedFloor(F=0,publishes=3)(45) RaisedFloor(F=0,publishes=3)(45)]
P1	2	3	3	31	31	RaisedFloor(F=3,publishes=2)	30	Completed	noop=[RaisedFloor(F=0,publishes=3)(45) RaisedFloor(F=0,publishes=3)(45) RaisedFloor(F=0,publishes=3)(45)]
P1	2	3	8	31	31	RaisedFloor(F=8,publishes=2)	30	Completed	noop=[RaisedFloor(F=0,publishes=3)(45) RaisedFloor(F=0,publishes=3)(45) RaisedFloor(F=0,publishes=3)(45)]
P1	2	3	20	31	31	RaisedFloor(F=20,publishes=2)	30	Completed	noop=[RaisedFloor(F=0,publishes=3)(45) RaisedFloor(F=0,publishes=3)(45) RaisedFloor(F=0,publishes=3)(45)]
P1	2	3	36	31	31	RaisedFloor(F=36,publishes=2)	30	Completed	noop=[RaisedFloor(F=0,publishes=3)(45) RaisedFloor(F=0,publishes=3)(45) RaisedFloor(F=0,publishes=3)(45)]
P1	2	4	0	30	30	RaisedFloor(F=0,publishes=3)	45	Completed	noop=[RaisedFloor(F=0,publishes=3)(45) RaisedFloor(F=0,publishes=3)(45) RaisedFloor(F=0,publishes=3)(45) RaisedFloor(F=0,publishes=3)(45)]
P1	2	4	3	30	30	RaisedFloor(F=3,publishes=3)	45	Completed	noop=[RaisedFloor(F=0,publishes=3)(45) RaisedFloor(F=0,publishes=3)(45) RaisedFloor(F=0,publishes=3)(45) RaisedFloor(F=0,publishes=3)(45)]
P1	2	4	8	30	30	RaisedFloor(F=8,publishes=3)	45	Completed	noop=[RaisedFloor(F=0,publishes=3)(45) RaisedFloor(F=0,publishes=3)(45) RaisedFloor(F=0,publishes=3)(45) RaisedFloor(F=0,publishes=3)(45)]
P1	2	4	20	30	30	RaisedFloor(F=20,publishes=3)	45	Completed	noop=[RaisedFloor(F=0,publishes=3)(45) RaisedFloor(F=0,publishes=3)(45) RaisedFloor(F=0,publishes=3)(45) RaisedFloor(F=0,publishes=3)(45)]
P1	2	4	36	30	30	RaisedFloor(F=36,publishes=3)	45	Completed	noop=[RaisedFloor(F=0,publishes=3)(45) RaisedFloor(F=0,publishes=3)(45) RaisedFloor(F=0,publishes=3)(45) RaisedFloor(F=0,publishes=3)(45)]
P1	3	0	0	33	33	RaisedFloor(F=0,publishes=3)	45	Completed	noop=[]
P1	3	0	3	33	33	RaisedFloor(F=3,publishes=3)	45	Completed	noop=[]
P1	3	0	8	33	33	RaisedFloor(F=8,publishes=3)	45	Completed	noop=[]
P1	3	0	20	33	33	RaisedFloor(F=20,publishes=3)	45	Completed	noop=[]
P1	3	0	36	33	33	RaisedFloor(F=36,publishes=3)	45	Completed	noop=[]
P1	3	1	0	32	32	RaisedFloor(F=0,publishes=2)	30	Completed	noop=[RaisedFloor(F=0,publishes=3)(45)]
P1	3	1	3	32	32	RaisedFloor(F=3,publishes=2)	30	Completed	noop=[RaisedFloor(F=0,publishes=3)(45)]
P1	3	1	8	32	32	RaisedFloor(F=8,publishes=2)	30	Completed	noop=[RaisedFloor(F=0,publishes=3)(45)]
P1	3	1	20	32	32	RaisedFloor(F=20,publishes=2)	30	Completed	noop=[RaisedFloor(F=0,publishes=3)(45)]
P1	3	1	36	32	32	RaisedFloor(F=36,publishes=2)	30	Completed	noop=[RaisedFloor(F=0,publishes=3)(45)]
P1	3	2	0	31	31	RaisedFloor(F=0,publishes=2)	30	Completed	noop=[RaisedFloor(F=0,publishes=3)(45) RaisedFloor(F=0,publishes=3)(45)]
P1	3	2	3	31	31	RaisedFloor(F=3,publishes=2)	30	Completed	noop=[RaisedFloor(F=0,publishes=3)(45) RaisedFloor(F=0,publishes=3)(45)]
P1	3	2	8	31	31	RaisedFloor(F=8,publishes=2)	30	Completed	noop=[RaisedFloor(F=0,publishes=3)(45) RaisedFloor(F=0,publishes=3)(45)]
P1	3	2	20	31	31	RaisedFloor(F=20,publishes=2)	30	Completed	noop=[RaisedFloor(F=0,publishes=3)(45) RaisedFloor(F=0,publishes=3)(45)]
P1	3	2	36	31	31	RaisedFloor(F=36,publishes=2)	30	Completed	noop=[RaisedFloor(F=0,publishes=3)(45) RaisedFloor(F=0,publishes=3)(45)]
P1	3	3	0	30	30	RaisedFloor(F=0,publishes=3)	45	Completed	noop=[RaisedFloor(F=0,publishes=3)(45) RaisedFloor(F=0,publishes=3)(45) RaisedFloor(F=0,publishes=3)(45)]
P1	3	3	3	30	30	RaisedFloor(F=3,publishes=3)	45	Completed	noop=[RaisedFloor(F=0,publishes=3)(45) RaisedFloor(F=0,publishes=3)(45) RaisedFloor(F=0,publishes=3)(45)]
P1	3	3	8	30	30	RaisedFloor(F=8,publishes=3)	45	Completed	noop=[RaisedFloor(F=0,publishes=3)(45) RaisedFloor(F=0,publishes=3)(45) RaisedFloor(F=0,publishes=3)(45)]
P1	3	3	20	30	30	RaisedFloor(F=20,publishes=3)	45	Completed	noop=[RaisedFloor(F=0,publishes=3)(45) RaisedFloor(F=0,publishes=3)(45) RaisedFloor(F=0,publishes=3)(45)]
P1	3	3	36	30	30	RaisedFloor(F=36,publishes=3)	45	Completed	noop=[RaisedFloor(F=0,publishes=3)(45) RaisedFloor(F=0,publishes=3)(45) RaisedFloor(F=0,publishes=3)(45)]
P1	3	4	0	28	28	RaisedFloor(F=0,publishes=2)	30	Completed	noop=[RaisedFloor(F=0,publishes=3)(45) RaisedFloor(F=0,publishes=3)(45) RaisedFloor(F=0,publishes=3)(45) RaisedFloor(F=0,publishes=3)(45)]
P1	3	4	3	28	28	RaisedFloor(F=3,publishes=2)	30	Completed	noop=[RaisedFloor(F=0,publishes=3)(45) RaisedFloor(F=0,publishes=3)(45) RaisedFloor(F=0,publishes=3)(45) RaisedFloor(F=0,publishes=3)(45)]
P1	3	4	8	28	28	RaisedFloor(F=8,publishes=2)	30	Completed	noop=[RaisedFloor(F=0,publishes=3)(45) RaisedFloor(F=0,publishes=3)(45) RaisedFloor(F=0,publishes=3)(45) RaisedFloor(F=0,publishes=3)(45)]
P1	3	4	20	28	28	RaisedFloor(F=20,publishes=2)	30	Completed	noop=[RaisedFloor(F=0,publishes=3)(45) RaisedFloor(F=0,publishes=3)(45) RaisedFloor(F=0,publishes=3)(45) RaisedFloor(F=0,publishes=3)(45)]
P1	3	4	36	28	28	RaisedFloor(F=36,publishes=2)	30	Completed	noop=[RaisedFloor(F=0,publishes=3)(45) RaisedFloor(F=0,publishes=3)(45) RaisedFloor(F=0,publishes=3)(45) RaisedFloor(F=0,publishes=3)(45)]
# P2 refused prefixes: 0
test w2_probe ... ok

test result: ok. 1 passed; 0 failed; 0 ignored; 0 measured; 1 filtered out; finished in 5.87s

