RBF3 k1_watermark shape=inodes-are-newest arm=Formula X=7 watermark_X=7 rollback=Ok((8, 2)) watermark_after_rollback=2 create3=Ok(9) conflicts_after_restore=["inode 2 births {7, 9}", "inode 3 births {7, 9}", "inode 4 births {7, 9}"] cand_bad=[] checker=["I-9.6:记账里的 inode 号水位 5 不大于 inode 树内最大 key 6"]
RBF3 k1_watermark shape=inodes-are-newest arm=Full X=7 watermark_X=7 rollback=Ok((8, 2)) watermark_after_rollback=7 create3=Ok(9) conflicts_after_restore=[] cand_bad=[] checker=[]
RBF3 k1_watermark shape=overwrite-after-inodes arm=Formula X=8 watermark_X=7 rollback=Ok((9, 7)) watermark_after_rollback=7 create3=Ok(10) conflicts_after_restore=[] cand_bad=[] checker=[]
RBF3 k1_watermark shape=overwrite-after-inodes arm=Full X=8 watermark_X=7 rollback=Ok((9, 7)) watermark_after_rollback=7 create3=Ok(10) conflicts_after_restore=[] cand_bad=[] checker=[]
test result: ok. 1 passed; 0 failed; 0 ignored; 0 measured; 30 filtered out; finished in 1.30s
RBF3 k2 shape=newest-two-roots-only writes=0 hidden=[8, 7] landed=(3, 10) rows=Ok([(1, 3), (2, 8)]) target=(2,8) arm=Formula accepted txg=11 revived=0 skipped=0 frr=0 read_ok=Ok(true) checker=[]
RBF3 k2 shape=newest-two-roots-only writes=0 hidden=[8, 7] landed=(3, 10) rows=Ok([(1, 3), (2, 8)]) target=(2,8) arm=FormulaWithoutTableValidityCheck accepted txg=11 revived=0 skipped=0 frr=0 read_ok=Ok(true) checker=[]
RBF3 k2 shape=newest-two-roots-only writes=0 hidden=[8, 7] landed=(3, 10) rows=Ok([(1, 3), (2, 8)]) target=(2,7) arm=Formula accepted txg=11 revived=4 skipped=0 frr=0 read_ok=Ok(true) checker=[]
RBF3 k2 shape=newest-two-roots-only writes=0 hidden=[8, 7] landed=(3, 10) rows=Ok([(1, 3), (2, 8)]) target=(2,7) arm=FormulaWithoutTableValidityCheck accepted txg=11 revived=4 skipped=0 frr=0 read_ok=Ok(true) checker=[]
RBF3 k2 shape=newest-two-roots-only writes=1 hidden=[8, 7] landed=(3, 10) rows=Ok([(1, 3), (2, 8)]) target=(2,8) arm=Formula accepted txg=12 revived=4 skipped=0 frr=0 read_ok=Ok(true) checker=[]
RBF3 k2 shape=newest-two-roots-only writes=1 hidden=[8, 7] landed=(3, 10) rows=Ok([(1, 3), (2, 8)]) target=(2,8) arm=FormulaWithoutTableValidityCheck accepted txg=12 revived=4 skipped=0 frr=0 read_ok=Ok(true) checker=[]
RBF3 k2 shape=newest-two-roots-only writes=1 hidden=[8, 7] landed=(3, 10) rows=Ok([(1, 3), (2, 8)]) target=(2,7) arm=Formula accepted txg=12 revived=4 skipped=0 frr=0 read_ok=Ok(true) checker=[]
RBF3 k2 shape=newest-two-roots-only writes=1 hidden=[8, 7] landed=(3, 10) rows=Ok([(1, 3), (2, 8)]) target=(2,7) arm=FormulaWithoutTableValidityCheck accepted txg=12 revived=4 skipped=0 frr=0 read_ok=Ok(true) checker=[]
RBF3 k2 shape=newest-two-roots-only writes=2 hidden=[8, 7] landed=(3, 10) rows=Ok([(1, 3), (2, 8)]) target=(2,8) arm=Formula accepted txg=13 revived=4 skipped=0 frr=0 read_ok=Ok(true) checker=[]
RBF3 k2 shape=newest-two-roots-only writes=2 hidden=[8, 7] landed=(3, 10) rows=Ok([(1, 3), (2, 8)]) target=(2,8) arm=FormulaWithoutTableValidityCheck accepted txg=13 revived=4 skipped=0 frr=0 read_ok=Ok(true) checker=[]
RBF3 k2 shape=newest-two-roots-only writes=2 hidden=[8, 7] landed=(3, 10) rows=Ok([(1, 3), (2, 8)]) target=(2,7) arm=Formula accepted txg=13 revived=4 skipped=0 frr=0 read_ok=Ok(true) checker=[]
RBF3 k2 shape=newest-two-roots-only writes=2 hidden=[8, 7] landed=(3, 10) rows=Ok([(1, 3), (2, 8)]) target=(2,7) arm=FormulaWithoutTableValidityCheck accepted txg=13 revived=4 skipped=0 frr=0 read_ok=Ok(true) checker=[]
RBF3 k2 shape=newest-two-roots-only writes=3 hidden=[8, 7] landed=(3, 10) rows=Ok([(1, 3), (2, 8)]) target=(2,8) arm=Formula accepted txg=14 revived=4 skipped=0 frr=0 read_ok=Ok(true) checker=[]
RBF3 k2 shape=newest-two-roots-only writes=3 hidden=[8, 7] landed=(3, 10) rows=Ok([(1, 3), (2, 8)]) target=(2,8) arm=FormulaWithoutTableValidityCheck accepted txg=14 revived=4 skipped=0 frr=0 read_ok=Ok(true) checker=[]
RBF3 k2 shape=newest-two-roots-only writes=3 hidden=[8, 7] landed=(3, 10) rows=Ok([(1, 3), (2, 8)]) target=(2,7) arm=Formula accepted txg=14 revived=4 skipped=0 frr=0 read_ok=Ok(true) checker=[]
RBF3 k2 shape=newest-two-roots-only writes=3 hidden=[8, 7] landed=(3, 10) rows=Ok([(1, 3), (2, 8)]) target=(2,7) arm=FormulaWithoutTableValidityCheck accepted txg=14 revived=4 skipped=0 frr=0 read_ok=Ok(true) checker=[]
RBF3 k2 shape=newest-two-roots-and-records writes=0 hidden=[8, 7] landed=(3, 8) rows=Ok([(1, 3), (2, 6)]) target=(2,8) arm=Formula refused NotInRing
RBF3 k2 shape=newest-two-roots-and-records writes=0 hidden=[8, 7] landed=(3, 8) rows=Ok([(1, 3), (2, 6)]) target=(2,8) arm=FormulaWithoutTableValidityCheck refused NotInRing
RBF3 k2 shape=newest-two-roots-and-records writes=0 hidden=[8, 7] landed=(3, 8) rows=Ok([(1, 3), (2, 6)]) target=(2,7) arm=Formula refused NotInRing
RBF3 k2 shape=newest-two-roots-and-records writes=0 hidden=[8, 7] landed=(3, 8) rows=Ok([(1, 3), (2, 6)]) target=(2,7) arm=FormulaWithoutTableValidityCheck refused NotInRing
RBF3 k2 shape=newest-two-roots-and-records writes=1 hidden=[8, 7] landed=(3, 8) rows=Ok([(1, 3), (2, 6)]) target=(2,8) arm=Formula refused NotInRing
RBF3 k2 shape=newest-two-roots-and-records writes=1 hidden=[8, 7] landed=(3, 8) rows=Ok([(1, 3), (2, 6)]) target=(2,8) arm=FormulaWithoutTableValidityCheck refused NotInRing
RBF3 k2 shape=newest-two-roots-and-records writes=1 hidden=[8, 7] landed=(3, 8) rows=Ok([(1, 3), (2, 6)]) target=(2,7) arm=Formula refused NotInRing
RBF3 k2 shape=newest-two-roots-and-records writes=1 hidden=[8, 7] landed=(3, 8) rows=Ok([(1, 3), (2, 6)]) target=(2,7) arm=FormulaWithoutTableValidityCheck refused NotInRing
RBF3 k2 shape=newest-two-roots-and-records writes=2 hidden=[8, 7] landed=(3, 8) rows=Ok([(1, 3), (2, 6)]) target=(2,8) arm=Formula refused NotInRing
RBF3 k2 shape=newest-two-roots-and-records writes=2 hidden=[8, 7] landed=(3, 8) rows=Ok([(1, 3), (2, 6)]) target=(2,8) arm=FormulaWithoutTableValidityCheck refused NotInRing
RBF3 k2 shape=newest-two-roots-and-records writes=2 hidden=[8, 7] landed=(3, 8) rows=Ok([(1, 3), (2, 6)]) target=(2,7) arm=Formula refused NotInRing
RBF3 k2 shape=newest-two-roots-and-records writes=2 hidden=[8, 7] landed=(3, 8) rows=Ok([(1, 3), (2, 6)]) target=(2,7) arm=FormulaWithoutTableValidityCheck refused NotInRing
RBF3 k2 shape=newest-two-roots-and-records writes=3 hidden=[8, 7] landed=(3, 8) rows=Ok([(1, 3), (2, 6)]) target=(2,8) arm=Formula refused NotInRing
RBF3 k2 shape=newest-two-roots-and-records writes=3 hidden=[8, 7] landed=(3, 8) rows=Ok([(1, 3), (2, 6)]) target=(2,8) arm=FormulaWithoutTableValidityCheck refused NotInRing
RBF3 k2 shape=newest-two-roots-and-records writes=3 hidden=[8, 7] landed=(3, 8) rows=Ok([(1, 3), (2, 6)]) target=(2,7) arm=Formula refused NotInRing
RBF3 k2 shape=newest-two-roots-and-records writes=3 hidden=[8, 7] landed=(3, 8) rows=Ok([(1, 3), (2, 6)]) target=(2,7) arm=FormulaWithoutTableValidityCheck refused NotInRing
RBF3 k2 shape=newest-root-and-records-seqwrite writes=0 hidden=[7] landed=(3, 8) rows=Ok([(1, 3), (2, 6)]) target=(2,7) arm=Formula refused NotInRing
RBF3 k2 shape=newest-root-and-records-seqwrite writes=0 hidden=[7] landed=(3, 8) rows=Ok([(1, 3), (2, 6)]) target=(2,7) arm=FormulaWithoutTableValidityCheck refused NotInRing
RBF3 k2 shape=newest-root-and-records-seqwrite writes=1 hidden=[7] landed=(3, 8) rows=Ok([(1, 3), (2, 6)]) target=(2,7) arm=Formula refused NotInRing
RBF3 k2 shape=newest-root-and-records-seqwrite writes=1 hidden=[7] landed=(3, 8) rows=Ok([(1, 3), (2, 6)]) target=(2,7) arm=FormulaWithoutTableValidityCheck refused NotInRing
RBF3 k2 shape=newest-root-and-records-seqwrite writes=2 hidden=[7] landed=(3, 8) rows=Ok([(1, 3), (2, 6)]) target=(2,7) arm=Formula refused NotInRing
RBF3 k2 shape=newest-root-and-records-seqwrite writes=2 hidden=[7] landed=(3, 8) rows=Ok([(1, 3), (2, 6)]) target=(2,7) arm=FormulaWithoutTableValidityCheck refused NotInRing
RBF3 k2 shape=newest-root-and-records-seqwrite writes=3 hidden=[7] landed=(3, 8) rows=Ok([(1, 3), (2, 6)]) target=(2,7) arm=Formula refused NotInRing
RBF3 k2 shape=newest-root-and-records-seqwrite writes=3 hidden=[7] landed=(3, 8) rows=Ok([(1, 3), (2, 6)]) target=(2,7) arm=FormulaWithoutTableValidityCheck refused NotInRing
RBF3 k2 shape=all-of-instance-2-roots writes=0 hidden=[4, 5, 6, 7, 8] landed=(3, 10) rows=Ok([(1, 3), (2, 0)]) target=(2,4) arm=Formula refused OnAbandonedTimeline
RBF3 k2 shape=all-of-instance-2-roots writes=0 hidden=[4, 5, 6, 7, 8] landed=(3, 10) rows=Ok([(1, 3), (2, 0)]) target=(2,4) arm=FormulaWithoutTableValidityCheck refused Mount(Recovery(UnitUnreadable { slot: SlotNumber(50304) }))
RBF3 k2 shape=all-of-instance-2-roots writes=0 hidden=[4, 5, 6, 7, 8] landed=(3, 10) rows=Ok([(1, 3), (2, 0)]) target=(2,5) arm=Formula refused OnAbandonedTimeline
RBF3 k2 shape=all-of-instance-2-roots writes=0 hidden=[4, 5, 6, 7, 8] landed=(3, 10) rows=Ok([(1, 3), (2, 0)]) target=(2,5) arm=FormulaWithoutTableValidityCheck refused Mount(Recovery(UnitUnreadable { slot: SlotNumber(50304) }))
RBF3 k2 shape=all-of-instance-2-roots writes=0 hidden=[4, 5, 6, 7, 8] landed=(3, 10) rows=Ok([(1, 3), (2, 0)]) target=(2,6) arm=Formula refused OnAbandonedTimeline
RBF3 k2 shape=all-of-instance-2-roots writes=0 hidden=[4, 5, 6, 7, 8] landed=(3, 10) rows=Ok([(1, 3), (2, 0)]) target=(2,6) arm=FormulaWithoutTableValidityCheck refused Mount(Recovery(UnitUnreadable { slot: SlotNumber(50304) }))
RBF3 k2 shape=all-of-instance-2-roots writes=0 hidden=[4, 5, 6, 7, 8] landed=(3, 10) rows=Ok([(1, 3), (2, 0)]) target=(2,7) arm=Formula refused OnAbandonedTimeline
RBF3 k2 shape=all-of-instance-2-roots writes=0 hidden=[4, 5, 6, 7, 8] landed=(3, 10) rows=Ok([(1, 3), (2, 0)]) target=(2,7) arm=FormulaWithoutTableValidityCheck refused Mount(Recovery(UnitUnreadable { slot: SlotNumber(50304) }))
RBF3 k2 shape=all-of-instance-2-roots writes=0 hidden=[4, 5, 6, 7, 8] landed=(3, 10) rows=Ok([(1, 3), (2, 0)]) target=(2,8) arm=Formula refused OnAbandonedTimeline
RBF3 k2 shape=all-of-instance-2-roots writes=0 hidden=[4, 5, 6, 7, 8] landed=(3, 10) rows=Ok([(1, 3), (2, 0)]) target=(2,8) arm=FormulaWithoutTableValidityCheck refused Mount(Recovery(UnitUnreadable { slot: SlotNumber(50304) }))
RBF3 k2 shape=all-of-instance-2-roots writes=1 hidden=[4, 5, 6, 7, 8] landed=(3, 10) rows=Ok([(1, 3), (2, 0)]) target=(2,4) arm=Formula refused OnAbandonedTimeline
RBF3 k2 shape=all-of-instance-2-roots writes=1 hidden=[4, 5, 6, 7, 8] landed=(3, 10) rows=Ok([(1, 3), (2, 0)]) target=(2,4) arm=FormulaWithoutTableValidityCheck refused Mount(Recovery(UnitUnreadable { slot: SlotNumber(50304) }))
RBF3 k2 shape=all-of-instance-2-roots writes=1 hidden=[4, 5, 6, 7, 8] landed=(3, 10) rows=Ok([(1, 3), (2, 0)]) target=(2,5) arm=Formula refused OnAbandonedTimeline
RBF3 k2 shape=all-of-instance-2-roots writes=1 hidden=[4, 5, 6, 7, 8] landed=(3, 10) rows=Ok([(1, 3), (2, 0)]) target=(2,5) arm=FormulaWithoutTableValidityCheck refused Mount(Recovery(UnitUnreadable { slot: SlotNumber(50304) }))
RBF3 k2 shape=all-of-instance-2-roots writes=1 hidden=[4, 5, 6, 7, 8] landed=(3, 10) rows=Ok([(1, 3), (2, 0)]) target=(2,6) arm=Formula refused OnAbandonedTimeline
RBF3 k2 shape=all-of-instance-2-roots writes=1 hidden=[4, 5, 6, 7, 8] landed=(3, 10) rows=Ok([(1, 3), (2, 0)]) target=(2,6) arm=FormulaWithoutTableValidityCheck refused Mount(Recovery(UnitUnreadable { slot: SlotNumber(50304) }))
RBF3 k2 shape=all-of-instance-2-roots writes=1 hidden=[4, 5, 6, 7, 8] landed=(3, 10) rows=Ok([(1, 3), (2, 0)]) target=(2,7) arm=Formula refused OnAbandonedTimeline
RBF3 k2 shape=all-of-instance-2-roots writes=1 hidden=[4, 5, 6, 7, 8] landed=(3, 10) rows=Ok([(1, 3), (2, 0)]) target=(2,7) arm=FormulaWithoutTableValidityCheck refused Mount(Recovery(UnitUnreadable { slot: SlotNumber(50304) }))
RBF3 k2 shape=all-of-instance-2-roots writes=1 hidden=[4, 5, 6, 7, 8] landed=(3, 10) rows=Ok([(1, 3), (2, 0)]) target=(2,8) arm=Formula refused OnAbandonedTimeline
RBF3 k2 shape=all-of-instance-2-roots writes=1 hidden=[4, 5, 6, 7, 8] landed=(3, 10) rows=Ok([(1, 3), (2, 0)]) target=(2,8) arm=FormulaWithoutTableValidityCheck refused Mount(Recovery(UnitUnreadable { slot: SlotNumber(50304) }))
RBF3 k2 shape=all-of-instance-2-roots writes=2 hidden=[4, 5, 6, 7, 8] landed=(3, 10) rows=Ok([(1, 3), (2, 0)]) target=(2,4) arm=Formula refused OnAbandonedTimeline
RBF3 k2 shape=all-of-instance-2-roots writes=2 hidden=[4, 5, 6, 7, 8] landed=(3, 10) rows=Ok([(1, 3), (2, 0)]) target=(2,4) arm=FormulaWithoutTableValidityCheck refused Mount(Recovery(UnitUnreadable { slot: SlotNumber(50304) }))
RBF3 k2 shape=all-of-instance-2-roots writes=2 hidden=[4, 5, 6, 7, 8] landed=(3, 10) rows=Ok([(1, 3), (2, 0)]) target=(2,5) arm=Formula refused OnAbandonedTimeline
RBF3 k2 shape=all-of-instance-2-roots writes=2 hidden=[4, 5, 6, 7, 8] landed=(3, 10) rows=Ok([(1, 3), (2, 0)]) target=(2,5) arm=FormulaWithoutTableValidityCheck refused Mount(Recovery(UnitUnreadable { slot: SlotNumber(50304) }))
RBF3 k2 shape=all-of-instance-2-roots writes=2 hidden=[4, 5, 6, 7, 8] landed=(3, 10) rows=Ok([(1, 3), (2, 0)]) target=(2,6) arm=Formula refused OnAbandonedTimeline
RBF3 k2 shape=all-of-instance-2-roots writes=2 hidden=[4, 5, 6, 7, 8] landed=(3, 10) rows=Ok([(1, 3), (2, 0)]) target=(2,6) arm=FormulaWithoutTableValidityCheck refused Mount(Recovery(UnitUnreadable { slot: SlotNumber(50304) }))
RBF3 k2 shape=all-of-instance-2-roots writes=2 hidden=[4, 5, 6, 7, 8] landed=(3, 10) rows=Ok([(1, 3), (2, 0)]) target=(2,7) arm=Formula refused OnAbandonedTimeline
RBF3 k2 shape=all-of-instance-2-roots writes=2 hidden=[4, 5, 6, 7, 8] landed=(3, 10) rows=Ok([(1, 3), (2, 0)]) target=(2,7) arm=FormulaWithoutTableValidityCheck refused Mount(Recovery(UnitUnreadable { slot: SlotNumber(50304) }))
RBF3 k2 shape=all-of-instance-2-roots writes=2 hidden=[4, 5, 6, 7, 8] landed=(3, 10) rows=Ok([(1, 3), (2, 0)]) target=(2,8) arm=Formula refused OnAbandonedTimeline
RBF3 k2 shape=all-of-instance-2-roots writes=2 hidden=[4, 5, 6, 7, 8] landed=(3, 10) rows=Ok([(1, 3), (2, 0)]) target=(2,8) arm=FormulaWithoutTableValidityCheck refused Mount(Recovery(UnitUnreadable { slot: SlotNumber(50304) }))
RBF3 k2 shape=all-of-instance-2-roots writes=3 hidden=[4, 5, 6, 7, 8] landed=(3, 10) rows=Ok([(1, 3), (2, 0)]) target=(2,4) arm=Formula refused OnAbandonedTimeline
RBF3 k2 shape=all-of-instance-2-roots writes=3 hidden=[4, 5, 6, 7, 8] landed=(3, 10) rows=Ok([(1, 3), (2, 0)]) target=(2,4) arm=FormulaWithoutTableValidityCheck refused Mount(Recovery(UnitUnreadable { slot: SlotNumber(50304) }))
RBF3 k2 shape=all-of-instance-2-roots writes=3 hidden=[4, 5, 6, 7, 8] landed=(3, 10) rows=Ok([(1, 3), (2, 0)]) target=(2,5) arm=Formula refused OnAbandonedTimeline
RBF3 k2 shape=all-of-instance-2-roots writes=3 hidden=[4, 5, 6, 7, 8] landed=(3, 10) rows=Ok([(1, 3), (2, 0)]) target=(2,5) arm=FormulaWithoutTableValidityCheck refused Mount(Recovery(UnitUnreadable { slot: SlotNumber(50304) }))
RBF3 k2 shape=all-of-instance-2-roots writes=3 hidden=[4, 5, 6, 7, 8] landed=(3, 10) rows=Ok([(1, 3), (2, 0)]) target=(2,6) arm=Formula refused OnAbandonedTimeline
RBF3 k2 shape=all-of-instance-2-roots writes=3 hidden=[4, 5, 6, 7, 8] landed=(3, 10) rows=Ok([(1, 3), (2, 0)]) target=(2,6) arm=FormulaWithoutTableValidityCheck refused Mount(Recovery(UnitUnreadable { slot: SlotNumber(50304) }))
RBF3 k2 shape=all-of-instance-2-roots writes=3 hidden=[4, 5, 6, 7, 8] landed=(3, 10) rows=Ok([(1, 3), (2, 0)]) target=(2,7) arm=Formula refused OnAbandonedTimeline
RBF3 k2 shape=all-of-instance-2-roots writes=3 hidden=[4, 5, 6, 7, 8] landed=(3, 10) rows=Ok([(1, 3), (2, 0)]) target=(2,7) arm=FormulaWithoutTableValidityCheck refused Mount(Recovery(UnitUnreadable { slot: SlotNumber(50304) }))
RBF3 k2 shape=all-of-instance-2-roots writes=3 hidden=[4, 5, 6, 7, 8] landed=(3, 10) rows=Ok([(1, 3), (2, 0)]) target=(2,8) arm=Formula refused OnAbandonedTimeline
RBF3 k2 shape=all-of-instance-2-roots writes=3 hidden=[4, 5, 6, 7, 8] landed=(3, 10) rows=Ok([(1, 3), (2, 0)]) target=(2,8) arm=FormulaWithoutTableValidityCheck refused Mount(Recovery(UnitUnreadable { slot: SlotNumber(50304) }))
RBF3 k2 shape=newest-two-roots-and-the-older-record writes=0 hidden=[8, 7] landed=(3, 10) rows=Ok([(1, 3), (2, 6)]) target=(2,8) arm=Formula refused OnAbandonedTimeline
RBF3 k2 shape=newest-two-roots-and-the-older-record writes=0 hidden=[8, 7] landed=(3, 10) rows=Ok([(1, 3), (2, 6)]) target=(2,8) arm=FormulaWithoutTableValidityCheck accepted txg=11 revived=0 skipped=4 frr=0 read_ok=Ok(true) checker=["I-3.1", "I-3.11", "I-4.2"]
RBF3 k2 shape=newest-two-roots-and-the-older-record writes=0 hidden=[8, 7] landed=(3, 10) rows=Ok([(1, 3), (2, 6)]) target=(2,7) arm=Formula refused OnAbandonedTimeline
RBF3 k2 shape=newest-two-roots-and-the-older-record writes=0 hidden=[8, 7] landed=(3, 10) rows=Ok([(1, 3), (2, 6)]) target=(2,7) arm=FormulaWithoutTableValidityCheck accepted txg=11 revived=0 skipped=4 frr=0 read_ok=Ok(true) checker=["I-3.1", "I-3.11", "I-4.2"]
RBF3 k2 shape=newest-two-roots-and-the-older-record writes=1 hidden=[8, 7] landed=(3, 10) rows=Ok([(1, 3), (2, 6)]) target=(2,8) arm=Formula refused OnAbandonedTimeline
RBF3 k2 shape=newest-two-roots-and-the-older-record writes=1 hidden=[8, 7] landed=(3, 10) rows=Ok([(1, 3), (2, 6)]) target=(2,8) arm=FormulaWithoutTableValidityCheck accepted txg=12 revived=0 skipped=4 frr=0 read_ok=Ok(true) checker=["I-3.1", "I-3.11", "I-4.2"]
RBF3 k2 shape=newest-two-roots-and-the-older-record writes=1 hidden=[8, 7] landed=(3, 10) rows=Ok([(1, 3), (2, 6)]) target=(2,7) arm=Formula refused OnAbandonedTimeline
RBF3 k2 shape=newest-two-roots-and-the-older-record writes=1 hidden=[8, 7] landed=(3, 10) rows=Ok([(1, 3), (2, 6)]) target=(2,7) arm=FormulaWithoutTableValidityCheck accepted txg=12 revived=0 skipped=4 frr=0 read_ok=Err("MappingStillUnreadable { slot: SlotNumber(50184) }") checker=["I-2.1", "I-3.1", "I-3.11", "I-4.2", "I-4.8", "I-7.2", "I-7.4"]
RBF3 k2 shape=newest-two-roots-and-the-older-record writes=2 hidden=[8, 7] landed=(3, 10) rows=Ok([(1, 3), (2, 6)]) target=(2,8) arm=Formula refused OnAbandonedTimeline
RBF3 k2 shape=newest-two-roots-and-the-older-record writes=2 hidden=[8, 7] landed=(3, 10) rows=Ok([(1, 3), (2, 6)]) target=(2,8) arm=FormulaWithoutTableValidityCheck accepted txg=13 revived=0 skipped=4 frr=0 read_ok=Err("MappingStillUnreadable { slot: SlotNumber(50186) }") checker=["I-2.1", "I-3.1", "I-3.11", "I-4.2", "I-4.8", "I-7.2", "I-7.4"]
RBF3 k2 shape=newest-two-roots-and-the-older-record writes=2 hidden=[8, 7] landed=(3, 10) rows=Ok([(1, 3), (2, 6)]) target=(2,7) arm=Formula refused OnAbandonedTimeline
RBF3 k2 shape=newest-two-roots-and-the-older-record writes=2 hidden=[8, 7] landed=(3, 10) rows=Ok([(1, 3), (2, 6)]) target=(2,7) arm=FormulaWithoutTableValidityCheck accepted txg=13 revived=1 skipped=3 frr=0 read_ok=Err("MappingStillUnreadable { slot: SlotNumber(50184) }") checker=["I-2.1", "I-3.1", "I-3.10", "I-3.11", "I-4.2", "I-4.8", "I-7.2", "I-7.4"]
RBF3 k2 shape=newest-two-roots-and-the-older-record writes=3 hidden=[8, 7] landed=(3, 10) rows=Ok([(1, 3), (2, 6)]) target=(2,8) arm=Formula refused OnAbandonedTimeline
RBF3 k2 shape=newest-two-roots-and-the-older-record writes=3 hidden=[8, 7] landed=(3, 10) rows=Ok([(1, 3), (2, 6)]) target=(2,8) arm=FormulaWithoutTableValidityCheck accepted txg=14 revived=1 skipped=3 frr=0 read_ok=Err("MappingStillUnreadable { slot: SlotNumber(50186) }") checker=["I-2.1", "I-3.1", "I-3.10", "I-3.11", "I-4.2", "I-4.8", "I-7.2", "I-7.4"]
RBF3 k2 shape=newest-two-roots-and-the-older-record writes=3 hidden=[8, 7] landed=(3, 10) rows=Ok([(1, 3), (2, 6)]) target=(2,7) arm=Formula refused OnAbandonedTimeline
RBF3 k2 shape=newest-two-roots-and-the-older-record writes=3 hidden=[8, 7] landed=(3, 10) rows=Ok([(1, 3), (2, 6)]) target=(2,7) arm=FormulaWithoutTableValidityCheck accepted txg=14 revived=1 skipped=3 frr=0 read_ok=Err("MappingStillUnreadable { slot: SlotNumber(50184) }") checker=["I-2.1", "I-3.1", "I-3.10", "I-3.11", "I-4.2", "I-4.8", "I-7.2", "I-7.4"]
RBF3 k2 shape=seqwrite-then-overwrite-two-roots-and-the-older-record writes=0 hidden=[8, 7] landed=(3, 10) rows=Ok([(1, 3), (2, 6)]) target=(2,8) arm=Formula refused OnAbandonedTimeline
RBF3 k2 shape=seqwrite-then-overwrite-two-roots-and-the-older-record writes=0 hidden=[8, 7] landed=(3, 10) rows=Ok([(1, 3), (2, 6)]) target=(2,8) arm=FormulaWithoutTableValidityCheck accepted txg=11 revived=0 skipped=4 frr=0 read_ok=Ok(true) checker=["I-3.1", "I-3.11", "I-4.2"]
RBF3 k2 shape=seqwrite-then-overwrite-two-roots-and-the-older-record writes=0 hidden=[8, 7] landed=(3, 10) rows=Ok([(1, 3), (2, 6)]) target=(2,7) arm=Formula refused OnAbandonedTimeline
RBF3 k2 shape=seqwrite-then-overwrite-two-roots-and-the-older-record writes=0 hidden=[8, 7] landed=(3, 10) rows=Ok([(1, 3), (2, 6)]) target=(2,7) arm=FormulaWithoutTableValidityCheck accepted txg=11 revived=0 skipped=7 frr=0 read_ok=Ok(true) checker=["I-3.1", "I-3.11", "I-4.2"]
RBF3 k2 shape=seqwrite-then-overwrite-two-roots-and-the-older-record writes=1 hidden=[8, 7] landed=(3, 10) rows=Ok([(1, 3), (2, 6)]) target=(2,8) arm=Formula refused OnAbandonedTimeline
RBF3 k2 shape=seqwrite-then-overwrite-two-roots-and-the-older-record writes=1 hidden=[8, 7] landed=(3, 10) rows=Ok([(1, 3), (2, 6)]) target=(2,8) arm=FormulaWithoutTableValidityCheck accepted txg=12 revived=0 skipped=4 frr=0 read_ok=Ok(true) checker=["I-3.1", "I-3.11", "I-4.2"]
RBF3 k2 shape=seqwrite-then-overwrite-two-roots-and-the-older-record writes=1 hidden=[8, 7] landed=(3, 10) rows=Ok([(1, 3), (2, 6)]) target=(2,7) arm=Formula refused OnAbandonedTimeline
RBF3 k2 shape=seqwrite-then-overwrite-two-roots-and-the-older-record writes=1 hidden=[8, 7] landed=(3, 10) rows=Ok([(1, 3), (2, 6)]) target=(2,7) arm=FormulaWithoutTableValidityCheck accepted txg=12 revived=0 skipped=7 frr=0 read_ok=Err("MappingStillUnreadable { slot: SlotNumber(50184) }") checker=["I-2.1", "I-3.1", "I-3.11", "I-4.2", "I-4.8", "I-7.2", "I-7.4"]
RBF3 k2 shape=seqwrite-then-overwrite-two-roots-and-the-older-record writes=2 hidden=[8, 7] landed=(3, 10) rows=Ok([(1, 3), (2, 6)]) target=(2,8) arm=Formula refused OnAbandonedTimeline
RBF3 k2 shape=seqwrite-then-overwrite-two-roots-and-the-older-record writes=2 hidden=[8, 7] landed=(3, 10) rows=Ok([(1, 3), (2, 6)]) target=(2,8) arm=FormulaWithoutTableValidityCheck accepted txg=13 revived=0 skipped=4 frr=0 read_ok=Ok(true) checker=["I-3.1", "I-3.11", "I-4.2"]
RBF3 k2 shape=seqwrite-then-overwrite-two-roots-and-the-older-record writes=2 hidden=[8, 7] landed=(3, 10) rows=Ok([(1, 3), (2, 6)]) target=(2,7) arm=Formula refused OnAbandonedTimeline
RBF3 k2 shape=seqwrite-then-overwrite-two-roots-and-the-older-record writes=2 hidden=[8, 7] landed=(3, 10) rows=Ok([(1, 3), (2, 6)]) target=(2,7) arm=FormulaWithoutTableValidityCheck accepted txg=13 revived=1 skipped=6 frr=0 read_ok=Err("MappingStillUnreadable { slot: SlotNumber(50184) }") checker=["I-2.1", "I-3.1", "I-3.10", "I-3.11", "I-4.2", "I-4.8", "I-7.2", "I-7.4"]
RBF3 k2 shape=seqwrite-then-overwrite-two-roots-and-the-older-record writes=3 hidden=[8, 7] landed=(3, 10) rows=Ok([(1, 3), (2, 6)]) target=(2,8) arm=Formula refused OnAbandonedTimeline
RBF3 k2 shape=seqwrite-then-overwrite-two-roots-and-the-older-record writes=3 hidden=[8, 7] landed=(3, 10) rows=Ok([(1, 3), (2, 6)]) target=(2,8) arm=FormulaWithoutTableValidityCheck accepted txg=14 revived=0 skipped=4 frr=0 read_ok=Ok(true) checker=["I-3.1", "I-3.11", "I-4.2"]
RBF3 k2 shape=seqwrite-then-overwrite-two-roots-and-the-older-record writes=3 hidden=[8, 7] landed=(3, 10) rows=Ok([(1, 3), (2, 6)]) target=(2,7) arm=Formula refused OnAbandonedTimeline
RBF3 k2 shape=seqwrite-then-overwrite-two-roots-and-the-older-record writes=3 hidden=[8, 7] landed=(3, 10) rows=Ok([(1, 3), (2, 6)]) target=(2,7) arm=FormulaWithoutTableValidityCheck accepted txg=14 revived=2 skipped=5 frr=0 read_ok=Err("MappingStillUnreadable { slot: SlotNumber(50184) }") checker=["I-2.1", "I-3.1", "I-3.10", "I-3.11", "I-4.2", "I-4.8", "I-7.2", "I-7.4"]
test result: ok. 1 passed; 0 failed; 0 ignored; 0 measured; 30 filtered out; finished in 8.91s
RBF3 k3_pattern dedup=false pattern=none ceiling=Ok(3) raise=Ok(Ok(2)) F=3 candidate_roots_with_file=8 distinct_states=4 cand_bad=[]
RBF3 k3_pattern dedup=false pattern=A-D ceiling=Ok(7) raise=Ok(Ok(3)) F=7 candidate_roots_with_file=7 distinct_states=3 cand_bad=[]
RBF3 k3_pattern dedup=false pattern=A-D-A ceiling=Ok(8) raise=Ok(Ok(2)) F=8 candidate_roots_with_file=6 distinct_states=2 cand_bad=[]
RBF3 k3_pattern dedup=false pattern=A-D-A-D ceiling=Ok(9) raise=Ok(Ok(2)) F=9 candidate_roots_with_file=6 distinct_states=2 cand_bad=[]
RBF3 k3_pattern dedup=false pattern=A-D-A-D-A-D ceiling=Ok(11) raise=Ok(Ok(2)) F=11 candidate_roots_with_file=6 distinct_states=2 cand_bad=[]
RBF3 k3_drop dedup=false cycle=two-state-A-D step=1 distinct=3 F=7 ring(txg:F:state)=["0:0:s-1", "1:0:s-1", "2:0:s-1", "3:0:s0", "4:0:s0", "5:0:s0", "6:0:s1", "7:0:s2", "8:0:s3", "9:0:s0", "10:6:s0", "11:6:s0", "12:6:s3", "13:7:s3", "14:7:s3"]
RBF3 k3_drop dedup=false cycle=two-state-A-D step=2 distinct=2 F=8 ring(txg:F:state)=["0:0:s-1", "1:0:s-1", "2:0:s-1", "3:0:s0", "4:0:s0", "5:0:s0", "6:0:s1", "7:0:s2", "8:0:s3", "9:0:s0", "10:6:s0", "11:6:s0", "12:6:s3", "13:7:s3", "14:7:s3", "15:7:s0", "16:8:s0", "17:8:s0"]
RBF3 k3_cycle dedup=false cycle=two-state-A-D refused=0 first_refusal=None cand_bad_steps=0 min_distinct=2 max_steps_F_unchanged=0 final_txg=98 trace=A:c6F6d4 D:c7F7d3 A:c8F8d2 D:c9F9d2 A:c12F12d2 D:c15F15d2 A:c18F18d2 D:c21F21d2 A:c24F24d2 D:c27F27d2 A:c30F30d2 D:c33F33d2 A:c36F36d2 D:c39F39d2 A:c42F42d2 D:c45F45d2 A:c48F48d2 D:c51F51d2 A:c54F54d2 D:c57F57d2 A:c60F60d2 D:c63F63d2 A:c66F66d2 D:c69F69d2 A:c72F72d2 D:c75F75d2 A:c78F78d2 D:c81F81d2 A:c84F84d2 D:c87F87d2
RBF3 k3_drop dedup=false cycle=three-state-A-B-D step=2 distinct=3 F=8 ring(txg:F:state)=["0:0:s-1", "1:0:s-1", "2:0:s-1", "3:0:s0", "4:0:s0", "5:0:s0", "6:0:s1", "7:0:s2", "8:0:s3", "9:0:s0", "10:6:s0", "11:6:s0", "12:6:s1", "13:7:s1", "14:7:s1", "15:7:s3", "16:8:s3", "17:8:s3"]
RBF3 k3_cycle dedup=false cycle=three-state-A-B-D refused=0 first_refusal=None cand_bad_steps=0 min_distinct=3 max_steps_F_unchanged=0 final_txg=98 trace=A:c6F6d4 B:c7F7d4 D:c8F8d3 A:c9F9d3 B:c12F12d3 D:c15F15d3 A:c18F18d3 B:c21F21d3 D:c24F24d3 A:c27F27d3 B:c30F30d3 D:c33F33d3 A:c36F36d3 B:c39F39d3 D:c42F42d3 A:c45F45d3 B:c48F48d3 D:c51F51d3 A:c54F54d3 B:c57F57d3 D:c60F60d3 A:c63F63d3 B:c66F66d3 D:c69F69d3 A:c72F72d3 B:c75F75d3 D:c78F78d3 A:c81F81d3 B:c84F84d3 D:c87F87d3
RBF3 k3_drop dedup=false cycle=write-then-undo step=1 distinct=3 F=7 ring(txg:F:state)=["0:0:s-1", "1:0:s-1", "2:0:s-1", "3:0:s0", "4:0:s0", "5:0:s0", "6:0:s1", "7:0:s2", "8:0:s3", "9:0:s4", "10:6:s4", "11:6:s4", "12:6:s3", "13:7:s3", "14:7:s3"]
RBF3 k3_cycle dedup=false cycle=write-then-undo refused=0 first_refusal=None cand_bad_steps=0 min_distinct=3 max_steps_F_unchanged=0 final_txg=98 trace=W:c6F6d4 U:c7F7d3 W:c8F8d3 U:c9F9d3 W:c12F12d3 U:c15F15d3 W:c18F18d3 U:c21F21d3 W:c24F24d3 U:c27F27d3 W:c30F30d3 U:c33F33d3 W:c36F36d3 U:c39F39d3 W:c42F42d3 U:c45F45d3 W:c48F48d3 U:c51F51d3 W:c54F54d3 U:c57F57d3 W:c60F60d3 U:c63F63d3 W:c66F66d3 U:c69F69d3 W:c72F72d3 U:c75F75d3 W:c78F78d3 U:c81F81d3 W:c84F84d3 U:c87F87d3
RBF3 k3_pattern dedup=true pattern=none ceiling=Ok(3) raise=Ok(Ok(2)) F=3 candidate_roots_with_file=8 distinct_states=4 cand_bad=[]
RBF3 k3_pattern dedup=true pattern=A-D ceiling=Ok(6) raise=Ok(Ok(3)) F=6 candidate_roots_with_file=8 distinct_states=4 cand_bad=[]
RBF3 k3_pattern dedup=true pattern=A-D-A ceiling=Ok(6) raise=Ok(Ok(2)) F=6 candidate_roots_with_file=8 distinct_states=4 cand_bad=[]
RBF3 k3_pattern dedup=true pattern=A-D-A-D ceiling=Ok(6) raise=Ok(Ok(2)) F=6 candidate_roots_with_file=9 distinct_states=4 cand_bad=[]
RBF3 k3_pattern dedup=true pattern=A-D-A-D-A-D ceiling=Ok(6) raise=Ok(Ok(2)) F=6 candidate_roots_with_file=11 distinct_states=4 cand_bad=[]
RBF3 k3_drop dedup=true cycle=two-state-A-D step=19 distinct=2 F=7 ring(txg:F:state)=["9:0:s0", "10:6:s0", "11:6:s0", "12:6:s1", "13:6:s0", "14:6:s1", "15:6:s0", "16:6:s1", "17:6:s0", "18:6:s1", "19:6:s0", "20:6:s1", "21:6:s0", "22:6:s1", "23:6:s0", "24:6:s1", "25:6:s0", "26:6:s1", "27:6:s0", "28:6:s1", "29:6:s0", "30:6:s1", "31:7:s1", "32:7:s1"]
RBF3 k3_cycle dedup=true cycle=two-state-A-D refused=0 first_refusal=None cand_bad_steps=0 min_distinct=2 max_steps_F_unchanged=18 final_txg=62 trace=A:c6F6d4 D:c6F6d4 A:c6F6d4 D:c6F6d4 A:c6F6d4 D:c6F6d4 A:c6F6d4 D:c6F6d4 A:c6F6d4 D:c6F6d4 A:c6F6d4 D:c6F6d4 A:c6F6d4 D:c6F6d4 A:c6F6d4 D:c6F6d4 A:c6F6d4 D:c6F6d4 A:c6F6d4 D:c7F7d2 A:c10F10d2 D:c13F13d2 A:c16F16d2 D:c19F19d2 A:c22F22d2 D:c25F25d2 A:c28F28d2 D:c31F31d2 A:c34F34d2 D:c37F37d2
RBF3 k3_drop dedup=true cycle=three-state-A-B-D step=18 distinct=3 F=8 ring(txg:F:state)=["11:6:s0", "12:6:s1", "13:7:s1", "14:7:s1", "15:7:s2", "16:7:s0", "17:7:s1", "18:7:s2", "19:7:s0", "20:7:s1", "21:7:s2", "22:7:s0", "23:7:s1", "24:7:s2", "25:7:s0", "26:7:s1", "27:7:s2", "28:7:s0", "29:7:s1", "30:7:s2", "31:7:s0", "32:8:s0", "33:8:s0", "34:8:s0"]
RBF3 k3_cycle dedup=true cycle=three-state-A-B-D refused=0 first_refusal=None cand_bad_steps=0 min_distinct=3 max_steps_F_unchanged=16 final_txg=67 trace=A:c6F6d4 B:c7F7d4 D:c7F7d4 A:c7F7d4 B:c7F7d4 D:c7F7d4 A:c7F7d4 B:c7F7d4 D:c7F7d4 A:c7F7d4 B:c7F7d4 D:c7F7d4 A:c7F7d4 B:c7F7d4 D:c7F7d4 A:c7F7d4 B:c7F7d4 D:c7F7d4 A:c8F8d3 B:c12F12d3 D:c15F15d3 A:c18F18d3 B:c21F21d3 D:c24F24d3 A:c27F27d3 B:c30F30d3 D:c33F33d3 A:c36F36d3 B:c39F39d3 D:c42F42d3
RBF3 k3_cycle dedup=true cycle=write-then-undo refused=0 first_refusal=None cand_bad_steps=0 min_distinct=4 max_steps_F_unchanged=1 final_txg=75 trace=W:c6F6d4 U:c6F6d4 W:c7F7d4 U:c7F7d4 W:c9F9d4 U:c9F9d4 W:c13F13d4 U:c13F13d4 W:c18F18d4 U:c18F18d4 W:c22F22d4 U:c22F22d4 W:c27F27d4 U:c27F27d4 W:c31F31d4 U:c31F31d4 W:c36F36d4 U:c36F36d4 W:c40F40d4 U:c40F40d4 W:c45F45d4 U:c45F45d4 W:c49F49d4 U:c49F49d4 W:c54F54d4 U:c54F54d4 W:c58F58d4 U:c58F58d4 W:c63F63d4 U:c63F63d4
test result: ok. 1 passed; 0 failed; 0 ignored; 0 measured; 30 filtered out; finished in 28.48s
RBF3 k4_x2 arm=MinOfMax writes=1 target=(1, 3) chain=[6, 7] killed_dev1=[7, 10] F_after=0 syscfg=[] rollback=accepted F=0 read_ok=Ok(true) cand_bad=["(0,0) 走读失败 UnitUnreadable { slot: SlotNumber(50178) }", "(1,1) 走读失败 UnitUnreadable { slot: SlotNumber(50178) }", "(1,2) 走读失败 UnitUnreadable { slot: SlotNumber(50178) }"] checker=["I-2.1", "I-3.1", "I-4.8", "I-5.1", "I-7.4", "I-7.9"] hit=true
RBF3 k4_x2 arm=MinOfMax writes=1 target=(1, 4) chain=[6, 7] killed_dev1=[7, 10] F_after=0 syscfg=[] rollback=accepted F=0 read_ok=Ok(true) cand_bad=["(0,0) 走读失败 UnitUnreadable { slot: SlotNumber(50178) }", "(1,1) 走读失败 UnitUnreadable { slot: SlotNumber(50178) }", "(1,2) 走读失败 UnitUnreadable { slot: SlotNumber(50178) }"] checker=["I-2.1", "I-3.1", "I-4.8", "I-5.1", "I-7.4", "I-7.9"] hit=true
RBF3 k4_x2 arm=MinOfMax writes=1 target=(1, 5) chain=[6, 7] killed_dev1=[7, 10] F_after=0 syscfg=[] rollback=accepted F=0 read_ok=Ok(true) cand_bad=["(0,0) 走读失败 UnitUnreadable { slot: SlotNumber(50178) }", "(1,1) 走读失败 UnitUnreadable { slot: SlotNumber(50178) }", "(1,2) 走读失败 UnitUnreadable { slot: SlotNumber(50178) }"] checker=["I-2.1", "I-3.1", "I-4.8", "I-5.1", "I-7.4", "I-7.9"] hit=true
RBF3 k4_x2 arm=MinOfMax writes=2 target=(1, 3) chain=[6, 7] killed_dev1=[7, 10] F_after=0 syscfg=[] rollback=accepted F=0 read_ok=Err("MappingStillUnreadable { slot: SlotNumber(50180) }") cand_bad=["(0,0) 走读失败 UnitUnreadable { slot: SlotNumber(50178) }", "(1,1) 走读失败 UnitUnreadable { slot: SlotNumber(50178) }", "(1,2) 走读失败 UnitUnreadable { slot: SlotNumber(50178) }", "(1,3) 走读失败 MappingStillUnreadable { slot: SlotNumber(50180) }", "(3,15) 走读失败 MappingStillUnreadable { slot: SlotNumber(50180) }"] checker=[ hit=true
RBF3 k4_x2 arm=MinOfMax writes=2 target=(1, 4) chain=[6, 7] killed_dev1=[7, 10] F_after=0 syscfg=[] rollback=accepted F=0 read_ok=Ok(true) cand_bad=["(0,0) 走读失败 UnitUnreadable { slot: SlotNumber(50178) }", "(1,1) 走读失败 UnitUnreadable { slot: SlotNumber(50178) }", "(1,2) 走读失败 UnitUnreadable { slot: SlotNumber(50178) }", "(1,3) 走读失败 MappingStillUnreadable { slot: SlotNumber(50180) }"] checker=["I-2.1", "I-3.1", "I-3.10", "I-4.8", "I-5.1", "I-7.4", "I-7.9"] hit=true
RBF3 k4_x2 arm=MinOfMax writes=2 target=(1, 5) chain=[6, 7] killed_dev1=[7, 10] F_after=0 syscfg=[] rollback=accepted F=0 read_ok=Ok(true) cand_bad=["(0,0) 走读失败 UnitUnreadable { slot: SlotNumber(50178) }", "(1,1) 走读失败 UnitUnreadable { slot: SlotNumber(50178) }", "(1,2) 走读失败 UnitUnreadable { slot: SlotNumber(50178) }", "(1,3) 走读失败 MappingStillUnreadable { slot: SlotNumber(50180) }"] checker=["I-2.1", "I-3.1", "I-3.10", "I-4.8", "I-5.1", "I-7.4", "I-7.9"] hit=true
RBF3 k4_x2 arm=MinOfMax writes=3 target=(1, 3) chain=[6, 7] killed_dev1=[7, 10, 13] F_after=0 syscfg=[] rollback=accepted F=0 read_ok=Err("MappingStillUnreadable { slot: SlotNumber(50180) }") cand_bad=["(0,0) 走读失败 UnitUnreadable { slot: SlotNumber(50178) }", "(1,1) 走读失败 UnitUnreadable { slot: SlotNumber(50178) }", "(1,2) 走读失败 UnitUnreadable { slot: SlotNumber(50178) }", "(1,3) 走读失败 MappingStillUnreadable { slot: SlotNumber(50180) }", "(1,4) 走读失败 MappingStillUnreadable { slot: SlotNumber(50182) }", "(3,17) 走读 hit=true
RBF3 k4_x2 arm=MinOfMax writes=3 target=(1, 4) chain=[6, 7] killed_dev1=[7, 10, 13] F_after=0 syscfg=[] rollback=accepted F=0 read_ok=Err("MappingStillUnreadable { slot: SlotNumber(50182) }") cand_bad=["(0,0) 走读失败 UnitUnreadable { slot: SlotNumber(50178) }", "(1,1) 走读失败 UnitUnreadable { slot: SlotNumber(50178) }", "(1,2) 走读失败 UnitUnreadable { slot: SlotNumber(50178) }", "(1,3) 走读失败 MappingStillUnreadable { slot: SlotNumber(50180) }", "(1,4) 走读失败 MappingStillUnreadable { slot: SlotNumber(50182) }", "(3,17) 走读 hit=true
RBF3 k4_x2 arm=MinOfMax writes=3 target=(1, 5) chain=[6, 7] killed_dev1=[7, 10, 13] F_after=0 syscfg=[] rollback=accepted F=0 read_ok=Ok(true) cand_bad=["(0,0) 走读失败 UnitUnreadable { slot: SlotNumber(50178) }", "(1,1) 走读失败 UnitUnreadable { slot: SlotNumber(50178) }", "(1,2) 走读失败 UnitUnreadable { slot: SlotNumber(50178) }", "(1,3) 走读失败 MappingStillUnreadable { slot: SlotNumber(50180) }", "(1,4) 走读失败 MappingStillUnreadable { slot: SlotNumber(50182) }"] checker=["I-2.1", "I-3.1", "I-3.10", "I-4.8", "I-5.1", "I-7 hit=true
RBF3 k4_x2 arm=MinOfMax writes=4 target=(1, 3) chain=[6, 7] killed_dev1=[7, 10, 13] F_after=0 syscfg=[] rollback=accepted F=0 read_ok=Err("MappingStillUnreadable { slot: SlotNumber(50180) }") cand_bad=["(0,0) 走读失败 UnitUnreadable { slot: SlotNumber(50178) }", "(1,1) 走读失败 UnitUnreadable { slot: SlotNumber(50178) }", "(1,2) 走读失败 UnitUnreadable { slot: SlotNumber(50178) }", "(1,3) 走读失败 MappingStillUnreadable { slot: SlotNumber(50180) }", "(1,4) 走读失败 MappingStillUnreadable { slot: SlotNumber(50182) }", "(3,17) 走读 hit=true
RBF3 k4_x2 arm=MinOfMax writes=4 target=(1, 4) chain=[6, 7] killed_dev1=[7, 10, 13] F_after=0 syscfg=[] rollback=accepted F=0 read_ok=Err("MappingStillUnreadable { slot: SlotNumber(50182) }") cand_bad=["(0,0) 走读失败 UnitUnreadable { slot: SlotNumber(50178) }", "(1,1) 走读失败 UnitUnreadable { slot: SlotNumber(50178) }", "(1,2) 走读失败 UnitUnreadable { slot: SlotNumber(50178) }", "(1,3) 走读失败 MappingStillUnreadable { slot: SlotNumber(50180) }", "(1,4) 走读失败 MappingStillUnreadable { slot: SlotNumber(50182) }", "(3,17) 走读 hit=true
RBF3 k4_x2 arm=MinOfMax writes=4 target=(1, 5) chain=[6, 7] killed_dev1=[7, 10, 13] F_after=0 syscfg=[] rollback=accepted F=0 read_ok=Ok(true) cand_bad=["(0,0) 走读失败 UnitUnreadable { slot: SlotNumber(50178) }", "(1,1) 走读失败 UnitUnreadable { slot: SlotNumber(50178) }", "(1,2) 走读失败 UnitUnreadable { slot: SlotNumber(50178) }", "(1,3) 走读失败 MappingStillUnreadable { slot: SlotNumber(50180) }", "(1,4) 走读失败 MappingStillUnreadable { slot: SlotNumber(50182) }"] checker=["I-2.1", "I-3.1", "I-3.10", "I-4.8", "I-5.1", "I-7 hit=true
RBF3 k4_x2-summary arm=MinOfMax cells=15 accepted=15 hits=12
RBF3 k4_x2 arm=Max writes=4 target=(1, 3) chain=[6, 7] killed_dev1=[7, 10, 13] F_after=5 syscfg=[] rollback=refused BelowFloor { floor: CheckpointTxg(5) } hit=false
RBF3 k4_x2 arm=Max writes=4 target=(1, 4) chain=[6, 7] killed_dev1=[7, 10, 13] F_after=5 syscfg=[] rollback=refused BelowFloor { floor: CheckpointTxg(5) } hit=false
RBF3 k4_x2 arm=Max writes=4 target=(1, 5) chain=[6, 7] killed_dev1=[7, 10, 13] F_after=5 syscfg=[] rollback=accepted F=5 read_ok=Ok(true) cand_bad=[] checker=["I-7.9"] hit=false
RBF3 k4_x2-summary arm=Max cells=15 accepted=5 hits=0
RBF3 k4_x2 arm=MaxHold writes=4 target=(1, 3) chain=[6, 7] killed_dev1=[7, 10, 13] F_after=5 syscfg=[] rollback=refused BelowFloor { floor: CheckpointTxg(5) } hit=false
RBF3 k4_x2 arm=MaxHold writes=4 target=(1, 4) chain=[6, 7] killed_dev1=[7, 10, 13] F_after=5 syscfg=[] rollback=refused BelowFloor { floor: CheckpointTxg(5) } hit=false
RBF3 k4_x2 arm=MaxHold writes=4 target=(1, 5) chain=[6, 7] killed_dev1=[7, 10, 13] F_after=5 syscfg=[] rollback=accepted F=5 read_ok=Ok(true) cand_bad=[] checker=["I-7.9"] hit=false
RBF3 k4_x2-summary arm=MaxHold cells=15 accepted=5 hits=0
RBF3 k4_x2 arm=SysPre writes=4 target=(1, 3) chain=[6, 7] killed_dev1=[7, 10, 13] F_after=5 syscfg=[(0, 0, 11, 5), (0, 1, 12, 5), (1, 0, 11, 5), (1, 1, 12, 5)] rollback=refused BelowFloor { floor: CheckpointTxg(5) } hit=false
RBF3 k4_x2 arm=SysPre writes=4 target=(1, 4) chain=[6, 7] killed_dev1=[7, 10, 13] F_after=5 syscfg=[(0, 0, 11, 5), (0, 1, 12, 5), (1, 0, 11, 5), (1, 1, 12, 5)] rollback=refused BelowFloor { floor: CheckpointTxg(5) } hit=false
RBF3 k4_x2 arm=SysPre writes=4 target=(1, 5) chain=[6, 7] killed_dev1=[7, 10, 13] F_after=5 syscfg=[(0, 0, 11, 5), (0, 1, 12, 5), (1, 0, 11, 5), (1, 1, 12, 5)] rollback=accepted F=5 read_ok=Ok(true) cand_bad=[] checker=["I-7.9"] hit=false
RBF3 k4_x2-summary arm=SysPre cells=15 accepted=5 hits=0
RBF3 k4_x2 arm=SysRot writes=4 target=(1, 3) chain=[6, 7] killed_dev1=[7, 10, 13] F_after=5 syscfg=[(0, 0, 11, 5), (0, 1, 10, 5), (1, 0, 11, 5), (1, 1, 10, 5)] rollback=refused BelowFloor { floor: CheckpointTxg(5) } hit=false
RBF3 k4_x2 arm=SysRot writes=4 target=(1, 4) chain=[6, 7] killed_dev1=[7, 10, 13] F_after=5 syscfg=[(0, 0, 11, 5), (0, 1, 10, 5), (1, 0, 11, 5), (1, 1, 10, 5)] rollback=refused BelowFloor { floor: CheckpointTxg(5) } hit=false
RBF3 k4_x2 arm=SysRot writes=4 target=(1, 5) chain=[6, 7] killed_dev1=[7, 10, 13] F_after=5 syscfg=[(0, 0, 11, 5), (0, 1, 10, 5), (1, 0, 11, 5), (1, 1, 10, 5)] rollback=accepted F=5 read_ok=Ok(true) cand_bad=[] checker=["I-7.9"] hit=false
RBF3 k4_x2-summary arm=SysRot cells=15 accepted=5 hits=0
test result: ok. 1 passed; 0 failed; 0 ignored; 0 measured; 30 filtered out; finished in 9.80s
RBF3 k4k5 arm=MinOfMax newest_before_chain=7 chain=[8, 9, 10] chain_writes=67 summary={"cells": 690, "kill_all_carriers:cand_bad": 12, "kill_dev0_carriers:cand_bad": 12} p1_with_cand_bad={"kill_all_carriers": {65, 66, 67}, "kill_dev0_carriers": {65, 66, 67}}
RBF3 k4k5-stream arm=MinOfMax root_fua_writes_at=["22:RootRecordFua@0", "43:RootRecordFua@0", "64:RootRecordFua@1"]
RBF3 k4k5-hit arm=MinOfMax p1=65/67 p2=26/71 fault=kill_dev0_carriers killed=[8, 9] F_after=0 syscfg=[] recover=Ok((2, 10)) cand_bad=["(1,3) 走读失败 UnitUnreadable { slot: SlotNumber(50251) }", "(2,4) 走读失败 MappingStillUnreadable { slot: SlotNumber(50240) }", "(2,5) 走读失败 MappingStillUnreadable { slot: SlotNumber(50240) }"] accepted_rollbacks_into_bad=[]
RBF3 k4k5-hit arm=MinOfMax p1=65/67 p2=26/71 fault=kill_all_carriers killed=[8, 9, 10] F_after=0 syscfg=[] recover=Ok((2, 10)) cand_bad=["(1,3) 走读失败 UnitUnreadable { slot: SlotNumber(50251) }", "(2,4) 走读失败 MappingStillUnreadable { slot: SlotNumber(50240) }", "(2,5) 走读失败 MappingStillUnreadable { slot: SlotNumber(50240) }"] accepted_rollbacks_into_bad=[]
RBF3 k4k5-hit arm=MinOfMax p1=65/67 p2=47/71 fault=kill_dev0_carriers killed=[8, 9, 11] F_after=0 syscfg=[] recover=Ok((2, 10)) cand_bad=["(1,3) 走读失败 UnitUnreadable { slot: SlotNumber(50252) }", "(2,4) 走读失败 MappingStillUnreadable { slot: SlotNumber(50240) }", "(2,5) 走读失败 MappingStillUnreadable { slot: SlotNumber(50240) }"] accepted_rollbacks_into_bad=[]
RBF3 k4k5-hit arm=MinOfMax p1=65/67 p2=47/71 fault=kill_all_carriers killed=[8, 9, 10, 11] F_after=0 syscfg=[] recover=Ok((2, 10)) cand_bad=["(1,3) 走读失败 UnitUnreadable { slot: SlotNumber(50252) }", "(2,4) 走读失败 MappingStillUnreadable { slot: SlotNumber(50240) }", "(2,5) 走读失败 MappingStillUnreadable { slot: SlotNumber(50240) }"] accepted_rollbacks_into_bad=[]
RBF3 k4k5-hit arm=MinOfMax p1=65/67 p2=68/71 fault=kill_dev0_carriers killed=[8, 9, 11, 12] F_after=0 syscfg=[] recover=Ok((2, 10)) cand_bad=["(1,3) 走读失败 UnitUnreadable { slot: SlotNumber(50252) }", "(2,4) 走读失败 MappingStillUnreadable { slot: SlotNumber(50240) }", "(2,5) 走读失败 MappingStillUnreadable { slot: SlotNumber(50240) }"] accepted_rollbacks_into_bad=[]
RBF3 k4k5-hit arm=MinOfMax p1=65/67 p2=68/71 fault=kill_all_carriers killed=[8, 9, 10, 11, 12] F_after=0 syscfg=[] recover=Ok((2, 10)) cand_bad=["(1,3) 走读失败 UnitUnreadable { slot: SlotNumber(50252) }", "(2,4) 走读失败 MappingStillUnreadable { slot: SlotNumber(50240) }", "(2,5) 走读失败 MappingStillUnreadable { slot: SlotNumber(50240) }"] accepted_rollbacks_into_bad=[]
RBF3 k4k5-hit arm=MinOfMax p1=65/67 p2=71/71 fault=kill_dev0_carriers killed=[8, 9, 11, 12] F_after=0 syscfg=[] recover=Ok((3, 13)) cand_bad=["(1,3) 走读失败 UnitUnreadable { slot: SlotNumber(50252) }", "(2,4) 走读失败 MappingStillUnreadable { slot: SlotNumber(50240) }", "(2,5) 走读失败 MappingStillUnreadable { slot: SlotNumber(50240) }"] accepted_rollbacks_into_bad=[]
RBF3 k4k5-hit arm=MinOfMax p1=65/67 p2=71/71 fault=kill_all_carriers killed=[8, 9, 10, 11, 12, 13] F_after=0 syscfg=[] recover=Ok((2, 10)) cand_bad=["(1,3) 走读失败 UnitUnreadable { slot: SlotNumber(50252) }", "(2,4) 走读失败 MappingStillUnreadable { slot: SlotNumber(50240) }", "(2,5) 走读失败 MappingStillUnreadable { slot: SlotNumber(50240) }"] accepted_rollbacks_into_bad=[]
RBF3 k4k5 arm=Max newest_before_chain=7 chain=[8, 9, 10] chain_writes=67 summary={"cells": 690, "kill_all_carriers:cand_bad": 140, "kill_dev0_carriers:cand_bad": 65} p1_with_cand_bad={"kill_all_carriers": {23, 24, 25, 26, 27, 28, 29, 30, 31, 32, 33, 34, 35, 36, 37, 38, 39, 40, 41, 42, 43, 44, 45, 46, 47, 48, 49, 50, 51, 52, 53, 54, 55, 56, 57, 58, 59, 60, 61, 62, 63, 64, 65, 66, 67}, "kill_dev0_carriers": {23, 24, 25, 26, 27, 28, 29, 30, 31, 32, 33, 34, 35, 36, 37, 38, 39, 40, 41, 42, 43, 44, 45, 46, 47, 48, 49, 50, 51, 52, 53, 54, 55, 56, 57, 58, 59, 60, 61, 62, 63, 64}}
RBF3 k4k5-stream arm=Max root_fua_writes_at=["22:RootRecordFua@0", "43:RootRecordFua@0", "64:RootRecordFua@1"]
RBF3 k4k5-hit arm=Max p1=23/67 p2=26/50 fault=kill_dev0_carriers killed=[8] F_after=0 syscfg=[] recover=Ok((2, 8)) cand_bad=["(1,3) 走读失败 UnitUnreadable { slot: SlotNumber(50251) }", "(2,4) 走读失败 MappingStillUnreadable { slot: SlotNumber(50240) }", "(2,5) 走读失败 MappingStillUnreadable { slot: SlotNumber(50240) }"] accepted_rollbacks_into_bad=[]
RBF3 k4k5-hit arm=Max p1=23/67 p2=26/50 fault=kill_all_carriers killed=[8] F_after=0 syscfg=[] recover=Ok((2, 8)) cand_bad=["(1,3) 走读失败 UnitUnreadable { slot: SlotNumber(50251) }", "(2,4) 走读失败 MappingStillUnreadable { slot: SlotNumber(50240) }", "(2,5) 走读失败 MappingStillUnreadable { slot: SlotNumber(50240) }"] accepted_rollbacks_into_bad=[]
RBF3 k4k5-hit arm=Max p1=23/67 p2=47/50 fault=kill_dev0_carriers killed=[8, 9] F_after=0 syscfg=[] recover=Ok((2, 8)) cand_bad=["(1,3) 走读失败 UnitUnreadable { slot: SlotNumber(50252) }", "(2,4) 走读失败 MappingStillUnreadable { slot: SlotNumber(50240) }", "(2,5) 走读失败 MappingStillUnreadable { slot: SlotNumber(50240) }"] accepted_rollbacks_into_bad=[]
RBF3 k4k5-hit arm=Max p1=23/67 p2=47/50 fault=kill_all_carriers killed=[8, 9] F_after=0 syscfg=[] recover=Ok((2, 8)) cand_bad=["(1,3) 走读失败 UnitUnreadable { slot: SlotNumber(50252) }", "(2,4) 走读失败 MappingStillUnreadable { slot: SlotNumber(50240) }", "(2,5) 走读失败 MappingStillUnreadable { slot: SlotNumber(50240) }"] accepted_rollbacks_into_bad=[]
RBF3 k4k5-hit arm=Max p1=23/67 p2=50/50 fault=kill_all_carriers killed=[8, 9, 10] F_after=0 syscfg=[] recover=Ok((2, 8)) cand_bad=["(1,3) 走读失败 UnitUnreadable { slot: SlotNumber(50252) }", "(2,4) 走读失败 MappingStillUnreadable { slot: SlotNumber(50240) }", "(2,5) 走读失败 MappingStillUnreadable { slot: SlotNumber(50240) }"] accepted_rollbacks_into_bad=[]
RBF3 k4k5-hit arm=Max p1=24/67 p2=26/50 fault=kill_dev0_carriers killed=[8] F_after=0 syscfg=[] recover=Ok((2, 8)) cand_bad=["(1,3) 走读失败 UnitUnreadable { slot: SlotNumber(50251) }", "(2,4) 走读失败 MappingStillUnreadable { slot: SlotNumber(50240) }", "(2,5) 走读失败 MappingStillUnreadable { slot: SlotNumber(50240) }"] accepted_rollbacks_into_bad=[]
RBF3 k4k5-hit arm=Max p1=24/67 p2=26/50 fault=kill_all_carriers killed=[8] F_after=0 syscfg=[] recover=Ok((2, 8)) cand_bad=["(1,3) 走读失败 UnitUnreadable { slot: SlotNumber(50251) }", "(2,4) 走读失败 MappingStillUnreadable { slot: SlotNumber(50240) }", "(2,5) 走读失败 MappingStillUnreadable { slot: SlotNumber(50240) }"] accepted_rollbacks_into_bad=[]
RBF3 k4k5-hit arm=Max p1=24/67 p2=47/50 fault=kill_dev0_carriers killed=[8, 9] F_after=0 syscfg=[] recover=Ok((2, 8)) cand_bad=["(1,3) 走读失败 UnitUnreadable { slot: SlotNumber(50252) }", "(2,4) 走读失败 MappingStillUnreadable { slot: SlotNumber(50240) }", "(2,5) 走读失败 MappingStillUnreadable { slot: SlotNumber(50240) }"] accepted_rollbacks_into_bad=[]
RBF3 k4k5 arm=MaxHold newest_before_chain=7 chain=[8, 9, 10] chain_writes=67 summary={"cells": 690, "kill_all_carriers:cand_bad": 12} p1_with_cand_bad={"kill_all_carriers": {65, 66, 67}}
RBF3 k4k5-stream arm=MaxHold root_fua_writes_at=["22:RootRecordFua@0", "43:RootRecordFua@0", "64:RootRecordFua@1"]
RBF3 k4k5-hit arm=MaxHold p1=65/67 p2=26/71 fault=kill_all_carriers killed=[8, 9, 10] F_after=0 syscfg=[] recover=Ok((2, 10)) cand_bad=["(1,3) 走读失败 UnitUnreadable { slot: SlotNumber(50251) }", "(2,4) 走读失败 MappingStillUnreadable { slot: SlotNumber(50240) }", "(2,5) 走读失败 MappingStillUnreadable { slot: SlotNumber(50240) }"] accepted_rollbacks_into_bad=[]
RBF3 k4k5-hit arm=MaxHold p1=65/67 p2=47/71 fault=kill_all_carriers killed=[8, 9, 10, 11] F_after=0 syscfg=[] recover=Ok((2, 10)) cand_bad=["(1,3) 走读失败 UnitUnreadable { slot: SlotNumber(50252) }", "(2,4) 走读失败 MappingStillUnreadable { slot: SlotNumber(50240) }", "(2,5) 走读失败 MappingStillUnreadable { slot: SlotNumber(50240) }"] accepted_rollbacks_into_bad=[]
RBF3 k4k5-hit arm=MaxHold p1=65/67 p2=68/71 fault=kill_all_carriers killed=[8, 9, 10, 11, 12] F_after=0 syscfg=[] recover=Ok((2, 10)) cand_bad=["(1,3) 走读失败 UnitUnreadable { slot: SlotNumber(50252) }", "(2,4) 走读失败 MappingStillUnreadable { slot: SlotNumber(50240) }", "(2,5) 走读失败 MappingStillUnreadable { slot: SlotNumber(50240) }"] accepted_rollbacks_into_bad=[]
RBF3 k4k5-hit arm=MaxHold p1=65/67 p2=71/71 fault=kill_all_carriers killed=[8, 9, 10, 11, 12, 13] F_after=0 syscfg=[] recover=Ok((2, 10)) cand_bad=["(1,3) 走读失败 UnitUnreadable { slot: SlotNumber(50252) }", "(2,4) 走读失败 MappingStillUnreadable { slot: SlotNumber(50240) }", "(2,5) 走读失败 MappingStillUnreadable { slot: SlotNumber(50240) }"] accepted_rollbacks_into_bad=[]
RBF3 k4k5-hit arm=MaxHold p1=66/67 p2=26/71 fault=kill_all_carriers killed=[8, 9, 10] F_after=0 syscfg=[] recover=Ok((2, 10)) cand_bad=["(1,3) 走读失败 UnitUnreadable { slot: SlotNumber(50251) }", "(2,4) 走读失败 MappingStillUnreadable { slot: SlotNumber(50240) }", "(2,5) 走读失败 MappingStillUnreadable { slot: SlotNumber(50240) }"] accepted_rollbacks_into_bad=[]
RBF3 k4k5-hit arm=MaxHold p1=66/67 p2=47/71 fault=kill_all_carriers killed=[8, 9, 10, 11] F_after=0 syscfg=[] recover=Ok((2, 10)) cand_bad=["(1,3) 走读失败 UnitUnreadable { slot: SlotNumber(50252) }", "(2,4) 走读失败 MappingStillUnreadable { slot: SlotNumber(50240) }", "(2,5) 走读失败 MappingStillUnreadable { slot: SlotNumber(50240) }"] accepted_rollbacks_into_bad=[]
RBF3 k4k5-hit arm=MaxHold p1=66/67 p2=68/71 fault=kill_all_carriers killed=[8, 9, 10, 11, 12] F_after=0 syscfg=[] recover=Ok((2, 10)) cand_bad=["(1,3) 走读失败 UnitUnreadable { slot: SlotNumber(50252) }", "(2,4) 走读失败 MappingStillUnreadable { slot: SlotNumber(50240) }", "(2,5) 走读失败 MappingStillUnreadable { slot: SlotNumber(50240) }"] accepted_rollbacks_into_bad=[]
RBF3 k4k5-hit arm=MaxHold p1=66/67 p2=71/71 fault=kill_all_carriers killed=[8, 9, 10, 11, 12, 13] F_after=0 syscfg=[] recover=Ok((2, 10)) cand_bad=["(1,3) 走读失败 UnitUnreadable { slot: SlotNumber(50252) }", "(2,4) 走读失败 MappingStillUnreadable { slot: SlotNumber(50240) }", "(2,5) 走读失败 MappingStillUnreadable { slot: SlotNumber(50240) }"] accepted_rollbacks_into_bad=[]
RBF3 k4k5 arm=SysPre newest_before_chain=7 chain=[8, 9, 10] chain_writes=75 summary={"cells": 774} p1_with_cand_bad={}
RBF3 k4k5-stream arm=SysPre root_fua_writes_at=["24:RootRecordFua@0", "47:RootRecordFua@0", "70:RootRecordFua@1"]
RBF3 k4k5 arm=SysRot newest_before_chain=7 chain=[8, 9, 10] chain_writes=73 summary={"cells": 750, "kill_all_carriers:cand_bad": 3, "kill_dev0_carriers:cand_bad": 3} p1_with_cand_bad={"kill_all_carriers": {23, 24, 25}, "kill_dev0_carriers": {23, 24, 25}}
RBF3 k4k5-stream arm=SysRot root_fua_writes_at=["22:RootRecordFua@0", "45:RootRecordFua@0", "68:RootRecordFua@1"]
RBF3 k4k5-hit arm=SysRot p1=23/73 p2=26/54 fault=kill_dev0_carriers killed=[8] F_after=0 syscfg=[(0, 0, 3, 0), (0, 1, 4, 0), (1, 0, 3, 0), (1, 1, 4, 0)] recover=Ok((2, 8)) cand_bad=["(1,3) 走读失败 UnitUnreadable { slot: SlotNumber(50251) }", "(2,4) 走读失败 MappingStillUnreadable { slot: SlotNumber(50240) }", "(2,5) 走读失败 MappingStillUnreadable { slot: SlotNumber(50240) }"] accepted_rollbacks_into_bad=[]
RBF3 k4k5-hit arm=SysRot p1=23/73 p2=26/54 fault=kill_all_carriers killed=[8] F_after=0 syscfg=[(0, 0, 3, 0), (0, 1, 4, 0), (1, 0, 3, 0), (1, 1, 4, 0)] recover=Ok((2, 8)) cand_bad=["(1,3) 走读失败 UnitUnreadable { slot: SlotNumber(50251) }", "(2,4) 走读失败 MappingStillUnreadable { slot: SlotNumber(50240) }", "(2,5) 走读失败 MappingStillUnreadable { slot: SlotNumber(50240) }"] accepted_rollbacks_into_bad=[]
RBF3 k4k5-hit arm=SysRot p1=24/73 p2=26/54 fault=kill_dev0_carriers killed=[8] F_after=0 syscfg=[(0, 0, 3, 0), (0, 1, 4, 0), (1, 0, 3, 0), (1, 1, 4, 0)] recover=Ok((2, 8)) cand_bad=["(1,3) 走读失败 UnitUnreadable { slot: SlotNumber(50251) }", "(2,4) 走读失败 MappingStillUnreadable { slot: SlotNumber(50240) }", "(2,5) 走读失败 MappingStillUnreadable { slot: SlotNumber(50240) }"] accepted_rollbacks_into_bad=[]
RBF3 k4k5-hit arm=SysRot p1=24/73 p2=26/54 fault=kill_all_carriers killed=[8] F_after=0 syscfg=[(0, 0, 3, 0), (0, 1, 4, 0), (1, 0, 3, 0), (1, 1, 4, 0)] recover=Ok((2, 8)) cand_bad=["(1,3) 走读失败 UnitUnreadable { slot: SlotNumber(50251) }", "(2,4) 走读失败 MappingStillUnreadable { slot: SlotNumber(50240) }", "(2,5) 走读失败 MappingStillUnreadable { slot: SlotNumber(50240) }"] accepted_rollbacks_into_bad=[]
RBF3 k4k5-hit arm=SysRot p1=25/73 p2=26/54 fault=kill_dev0_carriers killed=[8] F_after=0 syscfg=[(0, 0, 3, 0), (0, 1, 4, 0), (1, 0, 3, 0), (1, 1, 4, 0)] recover=Ok((2, 8)) cand_bad=["(1,3) 走读失败 UnitUnreadable { slot: SlotNumber(50251) }", "(2,4) 走读失败 MappingStillUnreadable { slot: SlotNumber(50240) }", "(2,5) 走读失败 MappingStillUnreadable { slot: SlotNumber(50240) }"] accepted_rollbacks_into_bad=[]
RBF3 k4k5-hit arm=SysRot p1=25/73 p2=26/54 fault=kill_all_carriers killed=[8] F_after=0 syscfg=[(0, 0, 3, 0), (0, 1, 4, 0), (1, 0, 3, 0), (1, 1, 4, 0)] recover=Ok((2, 8)) cand_bad=["(1,3) 走读失败 UnitUnreadable { slot: SlotNumber(50251) }", "(2,4) 走读失败 MappingStillUnreadable { slot: SlotNumber(50240) }", "(2,5) 走读失败 MappingStillUnreadable { slot: SlotNumber(50240) }"] accepted_rollbacks_into_bad=[]
test result: ok. 1 passed; 0 failed; 0 ignored; 0 measured; 30 filtered out; finished in 65.61s
RBF3 k4_x4 arm=MinOfMax chain=[8, 9, 10] chain_F=7 writes_after_reopen=0 fault=kill_dev1_carriers roots_killed=2 syscfg_killed=0 F_eff=0 newest_root_F=Some(7) syscfg_F=0 cand_bad=3 recover=Ok((3, 13)) checker=["I-7.9"]
RBF3 k4_x4 arm=MinOfMax chain=[8, 9, 10] chain_F=7 writes_after_reopen=0 fault=kill_all_carriers roots_killed=6 syscfg_killed=0 F_eff=0 newest_root_F=Some(0) syscfg_F=0 cand_bad=3 recover=Ok((2, 10)) checker=["I-2.1", "I-3.1", "I-3.10", "I-4.8", "I-7.4"]
RBF3 k4_x4 arm=MinOfMax chain=[8, 9, 10] chain_F=7 writes_after_reopen=0 fault=kill_all_carriers+syscfg roots_killed=6 syscfg_killed=0 F_eff=0 newest_root_F=Some(0) syscfg_F=0 cand_bad=3 recover=Ok((2, 10)) checker=["I-2.1", "I-3.1", "I-3.10", "I-4.8", "I-7.4"]
RBF3 k4_x4 arm=MinOfMax chain=[8, 9, 10] chain_F=7 writes_after_reopen=1 fault=kill_dev1_carriers roots_killed=2 syscfg_killed=0 F_eff=0 newest_root_F=Some(7) syscfg_F=0 cand_bad=6 recover=Ok((3, 14)) checker=["I-3.1", "I-7.9"]
RBF3 k4_x4 arm=MinOfMax chain=[8, 9, 10] chain_F=7 writes_after_reopen=1 fault=kill_all_carriers roots_killed=7 syscfg_killed=0 F_eff=0 newest_root_F=Some(0) syscfg_F=0 cand_bad=6 recover=Ok((2, 10)) checker=["I-2.1", "I-3.1", "I-3.10", "I-4.8", "I-7.4"]
RBF3 k4_x4 arm=MinOfMax chain=[8, 9, 10] chain_F=7 writes_after_reopen=1 fault=kill_all_carriers+syscfg roots_killed=7 syscfg_killed=0 F_eff=0 newest_root_F=Some(0) syscfg_F=0 cand_bad=6 recover=Ok((2, 10)) checker=["I-2.1", "I-3.1", "I-3.10", "I-4.8", "I-7.4"]
RBF3 k4_x4 arm=MinOfMax chain=[8, 9, 10] chain_F=7 writes_after_reopen=2 fault=kill_dev1_carriers roots_killed=2 syscfg_killed=0 F_eff=0 newest_root_F=Some(7) syscfg_F=0 cand_bad=6 recover=Ok((3, 15)) checker=["I-3.1", "I-7.9"]
RBF3 k4_x4 arm=MinOfMax chain=[8, 9, 10] chain_F=7 writes_after_reopen=2 fault=kill_all_carriers roots_killed=8 syscfg_killed=0 F_eff=0 newest_root_F=Some(0) syscfg_F=0 cand_bad=6 recover=Ok((2, 10)) checker=["I-2.1", "I-3.1", "I-3.10", "I-4.8", "I-7.4"]
RBF3 k4_x4 arm=MinOfMax chain=[8, 9, 10] chain_F=7 writes_after_reopen=2 fault=kill_all_carriers+syscfg roots_killed=8 syscfg_killed=0 F_eff=0 newest_root_F=Some(0) syscfg_F=0 cand_bad=6 recover=Ok((2, 10)) checker=["I-2.1", "I-3.1", "I-3.10", "I-4.8", "I-7.4"]
RBF3 k4_cost arm=MinOfMax chain_publishes=3 syscfg_copy_writes_during_chain=0 of_which_extra_barriered=0 syscfg_copies_now=[]
RBF3 k4_x4 arm=Max chain=[8, 9, 10] chain_F=7 writes_after_reopen=0 fault=kill_dev1_carriers roots_killed=2 syscfg_killed=0 F_eff=7 newest_root_F=Some(7) syscfg_F=0 cand_bad=0 recover=Ok((3, 13)) checker=["I-7.9"]
RBF3 k4_x4 arm=Max chain=[8, 9, 10] chain_F=7 writes_after_reopen=0 fault=kill_all_carriers roots_killed=6 syscfg_killed=0 F_eff=0 newest_root_F=Some(0) syscfg_F=0 cand_bad=3 recover=Ok((2, 10)) checker=["I-2.1", "I-3.1", "I-3.10", "I-4.8", "I-7.4"]
RBF3 k4_x4 arm=Max chain=[8, 9, 10] chain_F=7 writes_after_reopen=0 fault=kill_all_carriers+syscfg roots_killed=6 syscfg_killed=0 F_eff=0 newest_root_F=Some(0) syscfg_F=0 cand_bad=3 recover=Ok((2, 10)) checker=["I-2.1", "I-3.1", "I-3.10", "I-4.8", "I-7.4"]
RBF3 k4_x4 arm=Max chain=[8, 9, 10] chain_F=7 writes_after_reopen=1 fault=kill_dev1_carriers roots_killed=2 syscfg_killed=0 F_eff=7 newest_root_F=Some(7) syscfg_F=0 cand_bad=0 recover=Ok((3, 14)) checker=["I-3.1", "I-7.9"]
RBF3 k4_x4 arm=Max chain=[8, 9, 10] chain_F=7 writes_after_reopen=1 fault=kill_all_carriers roots_killed=7 syscfg_killed=0 F_eff=0 newest_root_F=Some(0) syscfg_F=0 cand_bad=6 recover=Ok((2, 10)) checker=["I-2.1", "I-3.1", "I-3.10", "I-4.8", "I-7.4"]
RBF3 k4_x4 arm=Max chain=[8, 9, 10] chain_F=7 writes_after_reopen=1 fault=kill_all_carriers+syscfg roots_killed=7 syscfg_killed=0 F_eff=0 newest_root_F=Some(0) syscfg_F=0 cand_bad=6 recover=Ok((2, 10)) checker=["I-2.1", "I-3.1", "I-3.10", "I-4.8", "I-7.4"]
RBF3 k4_x4 arm=Max chain=[8, 9, 10] chain_F=7 writes_after_reopen=2 fault=kill_dev1_carriers roots_killed=2 syscfg_killed=0 F_eff=7 newest_root_F=Some(7) syscfg_F=0 cand_bad=0 recover=Ok((3, 15)) checker=["I-3.1", "I-7.9"]
RBF3 k4_x4 arm=Max chain=[8, 9, 10] chain_F=7 writes_after_reopen=2 fault=kill_all_carriers roots_killed=8 syscfg_killed=0 F_eff=0 newest_root_F=Some(0) syscfg_F=0 cand_bad=6 recover=Ok((2, 10)) checker=["I-2.1", "I-3.1", "I-3.10", "I-4.8", "I-7.4"]
RBF3 k4_x4 arm=Max chain=[8, 9, 10] chain_F=7 writes_after_reopen=2 fault=kill_all_carriers+syscfg roots_killed=8 syscfg_killed=0 F_eff=0 newest_root_F=Some(0) syscfg_F=0 cand_bad=6 recover=Ok((2, 10)) checker=["I-2.1", "I-3.1", "I-3.10", "I-4.8", "I-7.4"]
RBF3 k4_cost arm=Max chain_publishes=3 syscfg_copy_writes_during_chain=0 of_which_extra_barriered=0 syscfg_copies_now=[]
RBF3 k4_x4 arm=MaxHold chain=[8, 9, 10] chain_F=7 writes_after_reopen=0 fault=kill_dev1_carriers roots_killed=2 syscfg_killed=0 F_eff=7 newest_root_F=Some(7) syscfg_F=0 cand_bad=0 recover=Ok((3, 13)) checker=["I-7.9"]
RBF3 k4_x4 arm=MaxHold chain=[8, 9, 10] chain_F=7 writes_after_reopen=0 fault=kill_all_carriers roots_killed=6 syscfg_killed=0 F_eff=0 newest_root_F=Some(0) syscfg_F=0 cand_bad=3 recover=Ok((2, 10)) checker=["I-2.1", "I-3.1", "I-3.10", "I-4.8", "I-7.4"]
RBF3 k4_x4 arm=MaxHold chain=[8, 9, 10] chain_F=7 writes_after_reopen=0 fault=kill_all_carriers+syscfg roots_killed=6 syscfg_killed=0 F_eff=0 newest_root_F=Some(0) syscfg_F=0 cand_bad=3 recover=Ok((2, 10)) checker=["I-2.1", "I-3.1", "I-3.10", "I-4.8", "I-7.4"]
RBF3 k4_x4 arm=MaxHold chain=[8, 9, 10] chain_F=7 writes_after_reopen=1 fault=kill_dev1_carriers roots_killed=2 syscfg_killed=0 F_eff=7 newest_root_F=Some(7) syscfg_F=0 cand_bad=0 recover=Ok((3, 14)) checker=["I-3.1", "I-7.9"]
RBF3 k4_x4 arm=MaxHold chain=[8, 9, 10] chain_F=7 writes_after_reopen=1 fault=kill_all_carriers roots_killed=7 syscfg_killed=0 F_eff=0 newest_root_F=Some(0) syscfg_F=0 cand_bad=6 recover=Ok((2, 10)) checker=["I-2.1", "I-3.1", "I-3.10", "I-4.8", "I-7.4"]
RBF3 k4_x4 arm=MaxHold chain=[8, 9, 10] chain_F=7 writes_after_reopen=1 fault=kill_all_carriers+syscfg roots_killed=7 syscfg_killed=0 F_eff=0 newest_root_F=Some(0) syscfg_F=0 cand_bad=6 recover=Ok((2, 10)) checker=["I-2.1", "I-3.1", "I-3.10", "I-4.8", "I-7.4"]
RBF3 k4_x4 arm=MaxHold chain=[8, 9, 10] chain_F=7 writes_after_reopen=2 fault=kill_dev1_carriers roots_killed=2 syscfg_killed=0 F_eff=7 newest_root_F=Some(7) syscfg_F=0 cand_bad=0 recover=Ok((3, 15)) checker=["I-3.1", "I-7.9"]
RBF3 k4_x4 arm=MaxHold chain=[8, 9, 10] chain_F=7 writes_after_reopen=2 fault=kill_all_carriers roots_killed=8 syscfg_killed=0 F_eff=0 newest_root_F=Some(0) syscfg_F=0 cand_bad=6 recover=Ok((2, 10)) checker=["I-2.1", "I-3.1", "I-3.10", "I-4.8", "I-7.4"]
RBF3 k4_x4 arm=MaxHold chain=[8, 9, 10] chain_F=7 writes_after_reopen=2 fault=kill_all_carriers+syscfg roots_killed=8 syscfg_killed=0 F_eff=0 newest_root_F=Some(0) syscfg_F=0 cand_bad=6 recover=Ok((2, 10)) checker=["I-2.1", "I-3.1", "I-3.10", "I-4.8", "I-7.4"]
RBF3 k4_cost arm=MaxHold chain_publishes=3 syscfg_copy_writes_during_chain=0 of_which_extra_barriered=0 syscfg_copies_now=[]
RBF3 k4_x4 arm=SysPre chain=[8, 9, 10] chain_F=7 writes_after_reopen=0 fault=kill_dev1_carriers roots_killed=2 syscfg_killed=0 F_eff=7 newest_root_F=Some(7) syscfg_F=7 cand_bad=0 recover=Ok((3, 13)) checker=["I-7.9"]
RBF3 k4_x4 arm=SysPre chain=[8, 9, 10] chain_F=7 writes_after_reopen=0 fault=kill_all_carriers roots_killed=6 syscfg_killed=0 F_eff=7 newest_root_F=Some(0) syscfg_F=7 cand_bad=0 recover=Ok((2, 10)) checker=["I-2.1", "I-3.1", "I-3.10", "I-4.8", "I-7.4"]
RBF3 k4_x4 arm=SysPre chain=[8, 9, 10] chain_F=7 writes_after_reopen=0 fault=kill_all_carriers+syscfg roots_killed=6 syscfg_killed=4 F_eff=0 newest_root_F=Some(0) syscfg_F=0 cand_bad=3 recover=Ok((2, 10)) checker=["I-2.1", "I-3.1", "I-3.10", "I-4.8", "I-7.4"]
RBF3 k4_x4 arm=SysPre chain=[8, 9, 10] chain_F=7 writes_after_reopen=1 fault=kill_dev1_carriers roots_killed=2 syscfg_killed=0 F_eff=7 newest_root_F=Some(7) syscfg_F=7 cand_bad=0 recover=Ok((3, 14)) checker=["I-3.1", "I-7.9"]
RBF3 k4_x4 arm=SysPre chain=[8, 9, 10] chain_F=7 writes_after_reopen=1 fault=kill_all_carriers roots_killed=7 syscfg_killed=0 F_eff=7 newest_root_F=Some(0) syscfg_F=7 cand_bad=0 recover=Ok((2, 10)) checker=["I-2.1", "I-3.1", "I-3.10", "I-4.8", "I-7.4"]
RBF3 k4_x4 arm=SysPre chain=[8, 9, 10] chain_F=7 writes_after_reopen=1 fault=kill_all_carriers+syscfg roots_killed=7 syscfg_killed=4 F_eff=0 newest_root_F=Some(0) syscfg_F=0 cand_bad=6 recover=Ok((2, 10)) checker=["I-2.1", "I-3.1", "I-3.10", "I-4.8", "I-7.4"]
RBF3 k4_x4 arm=SysPre chain=[8, 9, 10] chain_F=7 writes_after_reopen=2 fault=kill_dev1_carriers roots_killed=2 syscfg_killed=0 F_eff=7 newest_root_F=Some(7) syscfg_F=7 cand_bad=0 recover=Ok((3, 15)) checker=["I-3.1", "I-7.9"]
RBF3 k4_x4 arm=SysPre chain=[8, 9, 10] chain_F=7 writes_after_reopen=2 fault=kill_all_carriers roots_killed=8 syscfg_killed=0 F_eff=7 newest_root_F=Some(0) syscfg_F=7 cand_bad=0 recover=Ok((2, 10)) checker=["I-2.1", "I-3.1", "I-3.10", "I-4.8", "I-7.4"]
RBF3 k4_x4 arm=SysPre chain=[8, 9, 10] chain_F=7 writes_after_reopen=2 fault=kill_all_carriers+syscfg roots_killed=8 syscfg_killed=4 F_eff=0 newest_root_F=Some(0) syscfg_F=0 cand_bad=6 recover=Ok((2, 10)) checker=["I-2.1", "I-3.1", "I-3.10", "I-4.8", "I-7.4"]
RBF3 k4_cost arm=SysPre chain_publishes=3 syscfg_copy_writes_during_chain=8 of_which_extra_barriered=2 syscfg_copies_now=[(0, 0, 7, 7), (0, 1, 8, 7), (1, 0, 7, 7), (1, 1, 8, 7)]
RBF3 k4_x4 arm=SysRot chain=[8, 9, 10] chain_F=7 writes_after_reopen=0 fault=kill_dev1_carriers roots_killed=2 syscfg_killed=0 F_eff=7 newest_root_F=Some(7) syscfg_F=7 cand_bad=0 recover=Ok((3, 13)) checker=["I-7.9"]
RBF3 k4_x4 arm=SysRot chain=[8, 9, 10] chain_F=7 writes_after_reopen=0 fault=kill_all_carriers roots_killed=6 syscfg_killed=0 F_eff=7 newest_root_F=Some(0) syscfg_F=7 cand_bad=0 recover=Ok((2, 10)) checker=["I-2.1", "I-3.1", "I-3.10", "I-4.8", "I-7.4"]
RBF3 k4_x4 arm=SysRot chain=[8, 9, 10] chain_F=7 writes_after_reopen=0 fault=kill_all_carriers+syscfg roots_killed=6 syscfg_killed=4 F_eff=0 newest_root_F=Some(0) syscfg_F=0 cand_bad=3 recover=Ok((2, 10)) checker=["I-2.1", "I-3.1", "I-3.10", "I-4.8", "I-7.4"]
RBF3 k4_x4 arm=SysRot chain=[8, 9, 10] chain_F=7 writes_after_reopen=1 fault=kill_dev1_carriers roots_killed=2 syscfg_killed=0 F_eff=7 newest_root_F=Some(7) syscfg_F=7 cand_bad=0 recover=Ok((3, 14)) checker=["I-3.1", "I-7.9"]
RBF3 k4_x4 arm=SysRot chain=[8, 9, 10] chain_F=7 writes_after_reopen=1 fault=kill_all_carriers roots_killed=7 syscfg_killed=0 F_eff=7 newest_root_F=Some(0) syscfg_F=7 cand_bad=0 recover=Ok((2, 10)) checker=["I-2.1", "I-3.1", "I-3.10", "I-4.8", "I-7.4"]
RBF3 k4_x4 arm=SysRot chain=[8, 9, 10] chain_F=7 writes_after_reopen=1 fault=kill_all_carriers+syscfg roots_killed=7 syscfg_killed=4 F_eff=0 newest_root_F=Some(0) syscfg_F=0 cand_bad=6 recover=Ok((2, 10)) checker=["I-2.1", "I-3.1", "I-3.10", "I-4.8", "I-7.4"]
RBF3 k4_x4 arm=SysRot chain=[8, 9, 10] chain_F=7 writes_after_reopen=2 fault=kill_dev1_carriers roots_killed=2 syscfg_killed=0 F_eff=7 newest_root_F=Some(7) syscfg_F=7 cand_bad=0 recover=Ok((3, 15)) checker=["I-3.1", "I-7.9"]
RBF3 k4_x4 arm=SysRot chain=[8, 9, 10] chain_F=7 writes_after_reopen=2 fault=kill_all_carriers roots_killed=8 syscfg_killed=0 F_eff=7 newest_root_F=Some(0) syscfg_F=7 cand_bad=0 recover=Ok((2, 10)) checker=["I-2.1", "I-3.1", "I-3.10", "I-4.8", "I-7.4"]
RBF3 k4_x4 arm=SysRot chain=[8, 9, 10] chain_F=7 writes_after_reopen=2 fault=kill_all_carriers+syscfg roots_killed=8 syscfg_killed=4 F_eff=0 newest_root_F=Some(0) syscfg_F=0 cand_bad=6 recover=Ok((2, 10)) checker=["I-2.1", "I-3.1", "I-3.10", "I-4.8", "I-7.4"]
RBF3 k4_cost arm=SysRot chain_publishes=3 syscfg_copy_writes_during_chain=6 of_which_extra_barriered=0 syscfg_copies_now=[(0, 0, 7, 7), (0, 1, 6, 7), (1, 0, 7, 7), (1, 1, 6, 7)]
test result: ok. 1 passed; 0 failed; 0 ignored; 0 measured; 30 filtered out; finished in 1.94s
RBF3 k4_user arm=MinOfMax root_fua_at=[22, 43, 64] points=[22, 23, 32, 44, 64, 65, 67] suffixes=31 tally={"kill_all_carriers:cand_bad": 62, "kill_all_carriers:cells": 217, "kill_dev0_carriers:cand_bad": 62, "kill_dev0_carriers:cells": 217}
RBF3 k4_user-hit arm=MinOfMax p1=65 suffix=[] log=[] fault=kill_dev0_carriers killed=[8, 9, 11, 12] F_after=0 cand_bad=["(1,3) 走读失败 UnitUnreadable { slot: SlotNumber(50252) }", "(2,4) 走读失败 MappingStillUnreadable { slot: SlotNumber(50240) }", "(2,5) 走读失败 MappingStillUnreadable { slot: SlotNumber(50240) }"]
RBF3 k4_user-hit arm=MinOfMax p1=65 suffix=[] log=[] fault=kill_all_carriers killed=[8, 9, 10, 11, 12, 13] F_after=0 cand_bad=["(1,3) 走读失败 UnitUnreadable { slot: SlotNumber(50252) }", "(2,4) 走读失败 MappingStillUnreadable { slot: SlotNumber(50240) }", "(2,5) 走读失败 MappingStillUnreadable { slot: SlotNumber(50240) }"]
RBF3 k4_user-hit arm=MinOfMax p1=65 suffix=[Overwrite] log=["OOk(14)"] fault=kill_dev0_carriers killed=[8, 9, 11, 12, 14] F_after=0 cand_bad=["(0,0) 走读失败 UnitUnreadable { slot: SlotNumber(50176) }", "(1,1) 走读失败 UnitUnreadable { slot: SlotNumber(50176) }", "(1,2) 走读失败 UnitUnreadable { slot: SlotNumber(50176) }", "(1,3) 走读失败 UnitUnreadable { slot: SlotNumber(50176) }", "(2,4) 走读失败 MappingStillUnreadable { slot: SlotNumber(50240) }", "(2,5) 走读失败 MappingStillUnreadable { slot: SlotNumber(50240) }"]
RBF3 k4_user-hit arm=MinOfMax p1=65 suffix=[Overwrite] log=["OOk(14)"] fault=kill_all_carriers killed=[8, 9, 10, 11, 12, 13, 14] F_after=0 cand_bad=["(0,0) 走读失败 UnitUnreadable { slot: SlotNumber(50176) }", "(1,1) 走读失败 UnitUnreadable { slot: SlotNumber(50176) }", "(1,2) 走读失败 UnitUnreadable { slot: SlotNumber(50176) }", "(1,3) 走读失败 UnitUnreadable { slot: SlotNumber(50176) }", "(2,4) 走读失败 MappingStillUnreadable { slot: SlotNumber(50240) }", "(2,5) 走读失败 MappingStillUnreadable { slot: SlotNumber(50240) }"]
RBF3 k4_user arm=Max root_fua_at=[22, 43, 64] points=[22, 23, 32, 44, 64, 65, 67] suffixes=31 tally={"kill_all_carriers:cand_bad": 186, "kill_all_carriers:cells": 217, "kill_dev0_carriers:cells": 217}
RBF3 k4_user-hit arm=Max p1=23 suffix=[] log=[] fault=kill_all_carriers killed=[8, 9, 10] F_after=0 cand_bad=["(1,3) 走读失败 UnitUnreadable { slot: SlotNumber(50252) }", "(2,4) 走读失败 MappingStillUnreadable { slot: SlotNumber(50240) }", "(2,5) 走读失败 MappingStillUnreadable { slot: SlotNumber(50240) }"]
RBF3 k4_user-hit arm=Max p1=23 suffix=[Overwrite] log=["OOk(11)"] fault=kill_all_carriers killed=[8, 9, 10, 11] F_after=0 cand_bad=["(0,0) 走读失败 UnitUnreadable { slot: SlotNumber(50176) }", "(1,1) 走读失败 UnitUnreadable { slot: SlotNumber(50176) }", "(1,2) 走读失败 UnitUnreadable { slot: SlotNumber(50176) }", "(1,3) 走读失败 UnitUnreadable { slot: SlotNumber(50176) }", "(2,4) 走读失败 MappingStillUnreadable { slot: SlotNumber(50240) }", "(2,5) 走读失败 MappingStillUnreadable { slot: SlotNumber(50240) }"]
RBF3 k4_user-hit arm=Max p1=23 suffix=[NewInodes] log=["IOk(11)"] fault=kill_all_carriers killed=[8, 9, 10, 11] F_after=0 cand_bad=["(1,3) 走读失败 UnitUnreadable { slot: SlotNumber(50252) }", "(2,4) 走读失败 MappingStillUnreadable { slot: SlotNumber(50240) }", "(2,5) 走读失败 MappingStillUnreadable { slot: SlotNumber(50240) }"]
RBF3 k4_user-hit arm=Max p1=23 suffix=[RollbackPrevious] log=["R(3, 9)->11 rel=0 rev=0 skip=0 lit=0 orph=0 frr=0 mem=[]"] fault=kill_all_carriers killed=[8, 9, 10, 11] F_after=0 cand_bad=["(1,3) 走读失败 UnitUnreadable { slot: SlotNumber(50252) }", "(2,4) 走读失败 MappingStillUnreadable { slot: SlotNumber(50240) }", "(2,5) 走读失败 MappingStillUnreadable { slot: SlotNumber(50240) }"]
RBF3 k4_user arm=MaxHold root_fua_at=[22, 43, 64] points=[22, 23, 32, 44, 64, 65, 67] suffixes=31 tally={"kill_all_carriers:cand_bad": 134, "kill_all_carriers:cells": 217, "kill_dev0_carriers:cells": 217}
RBF3 k4_user-hit arm=MaxHold p1=23 suffix=[Overwrite] log=["OOk(11)"] fault=kill_all_carriers killed=[8, 9, 10, 11] F_after=0 cand_bad=["(0,0) 走读失败 UnitUnreadable { slot: SlotNumber(50176) }", "(1,1) 走读失败 UnitUnreadable { slot: SlotNumber(50176) }", "(1,2) 走读失败 UnitUnreadable { slot: SlotNumber(50176) }", "(1,3) 走读失败 UnitUnreadable { slot: SlotNumber(50176) }"]
RBF3 k4_user-hit arm=MaxHold p1=23 suffix=[Remount] log=["M(inst 4)"] fault=kill_all_carriers killed=[8, 9, 10, 11, 12, 13] F_after=0 cand_bad=["(1,3) 走读失败 UnitUnreadable { slot: SlotNumber(50252) }", "(2,4) 走读失败 MappingStillUnreadable { slot: SlotNumber(50240) }", "(2,5) 走读失败 MappingStillUnreadable { slot: SlotNumber(50240) }"]
RBF3 k4_user-hit arm=MaxHold p1=23 suffix=[Overwrite, Overwrite] log=["OOk(11)", "OOk(12)"] fault=kill_all_carriers killed=[8, 9, 10, 11, 12] F_after=0 cand_bad=["(0,0) 走读失败 UnitUnreadable { slot: SlotNumber(50176) }", "(1,1) 走读失败 UnitUnreadable { slot: SlotNumber(50176) }", "(1,2) 走读失败 UnitUnreadable { slot: SlotNumber(50176) }", "(1,3) 走读失败 UnitUnreadable { slot: SlotNumber(50176) }"]
RBF3 k4_user-hit arm=MaxHold p1=23 suffix=[Overwrite, NewInodes] log=["OOk(11)", "IOk(12)"] fault=kill_all_carriers killed=[8, 9, 10, 11, 12] F_after=0 cand_bad=["(0,0) 走读失败 UnitUnreadable { slot: SlotNumber(50176) }", "(1,1) 走读失败 UnitUnreadable { slot: SlotNumber(50176) }", "(1,2) 走读失败 UnitUnreadable { slot: SlotNumber(50176) }", "(1,3) 走读失败 UnitUnreadable { slot: SlotNumber(50176) }"]
RBF3 k4_user arm=SysPre root_fua_at=[24, 47, 70] points=[24, 25, 35, 48, 70, 71, 75] suffixes=31 tally={"kill_all_carriers:cells": 217, "kill_dev0_carriers:cells": 217}
RBF3 k4_user arm=SysRot root_fua_at=[22, 45, 68] points=[22, 23, 33, 46, 68, 69, 73] suffixes=31 tally={"kill_all_carriers:cells": 217, "kill_dev0_carriers:cells": 217}
test result: ok. 1 passed; 0 failed; 0 ignored; 0 measured; 30 filtered out; finished in 98.46s
RBF2 prefix name=RBF3-k5 arm=SysPre b1-chain[7, 8]-remount-write points=138 bad=0 first_bad=None probe_bad(kill1,kill2,kill3)=[0, 0, 0] probe_first=[None, None, None] audit_bad=0 audit_first=None checker_reds_by_invariant={"I-7.9": 117}
RBF2 prefix name=RBF3-k5 arm=SysPre b1-chain[8, 9, 10]-remount-write points=184 bad=0 first_bad=None probe_bad(kill1,kill2,kill3)=[0, 0, 0] probe_first=[None, None, None] audit_bad=0 audit_first=None checker_reds_by_invariant={"I-7.9": 159}
RBF2 prefix name=RBF3-k5 arm=SysPre b1-chain[9, 10]-remount-write points=161 bad=0 first_bad=None probe_bad(kill1,kill2,kill3)=[0, 0, 0] probe_first=[None, None, None] audit_bad=0 audit_first=None checker_reds_by_invariant={"I-7.9": 140}
RBF2 prefix name=RBF3-k5 arm=SysRot b1-chain[7, 8]-remount-write points=136 bad=0 first_bad=None probe_bad(kill1,kill2,kill3)=[0, 0, 0] probe_first=[None, None, None] audit_bad=0 audit_first=None checker_reds_by_invariant={"I-7.9": 117}
RBF2 prefix name=RBF3-k5 arm=SysRot b1-chain[8, 9, 10]-remount-write points=182 bad=0 first_bad=None probe_bad(kill1,kill2,kill3)=[0, 0, 0] probe_first=[None, None, None] audit_bad=0 audit_first=None checker_reds_by_invariant={"I-7.9": 159}
RBF2 prefix name=RBF3-k5 arm=SysRot b1-chain[9, 10]-remount-write points=159 bad=0 first_bad=None probe_bad(kill1,kill2,kill3)=[0, 0, 0] probe_first=[None, None, None] audit_bad=0 audit_first=None checker_reds_by_invariant={"I-7.9": 140}
test result: ok. 1 passed; 0 failed; 0 ignored; 0 measured; 30 filtered out; finished in 17.62s
RBF3 k6 S1 B1 卸载那一串 entry=unmount cur=10 ceiling=7 F=10 chain=[11, 12, 13] same_bytes_as_S1=true today_red_root=Some(11) a_red=[] b_red=false c_layer0_red=false c_pool=not_judged
RBF3 k6-crash S1 B1 卸载那一串 points=64 today_red_points=45 a_red_points=0
RBF3 k6 S2 准入抬到上限 entry=admission cur=10 ceiling=7 F=7 chain=[11, 12, 13] same_bytes_as_S1=false today_red_root=None a_red=[] b_red=false c_layer0_red=false c_pool=not_judged
RBF3 k6 S3 准入抬过头到现行 txg entry=admission cur=10 ceiling=7 F=10 chain=[11, 12, 13] same_bytes_as_S1=true today_red_root=Some(11) a_red=[] b_red=true c_layer0_red=true c_pool=not_judged
RBF3 k6-crash S3 准入抬过头到现行 txg points=64 today_red_points=45 a_red_points=0
RBF3 k6 S4 准入抬过头到上限+1 entry=admission cur=10 ceiling=7 F=8 chain=[11, 12, 13] same_bytes_as_S1=false today_red_root=Some(11) a_red=[] b_red=true c_layer0_red=true c_pool=not_judged
RBF3 k6 S5 抬过现行 txg（缺陷形） entry=admission cur=10 ceiling=7 F=13 chain=[11, 12, 13] same_bytes_as_S1=false today_red_root=Some(11) a_red=["(2,11) F=13 > 10"] b_red=true c_layer0_red=true c_pool=not_judged
RBF3 k6 S6 准入抬过头、却带了卸载记号（缺陷形） entry=admission cur=10 ceiling=7 F=10 chain=[11, 12, 13] same_bytes_as_S1=true today_red_root=Some(11) a_red=[] b_red=false c_layer0_red=true c_pool=not_judged
test result: ok. 1 passed; 0 failed; 0 ignored; 0 measured; 30 filtered out; finished in 2.30s
RBF3 k7 B=(2, 6) C=(2, 7) instance3_roots=[(3, 8), (3, 9), (3, 10), (3, 11), (3, 12)] witness_entries=1
RBF3 k7-ii killed_newest=0 witness_nonempty=true writable_under_ii=refused read_only_recover_landed=Some((3, 12)) judged=Ok((3, 12))
RBF3 k7-ii killed_newest=1 witness_nonempty=true writable_under_ii=refused read_only_recover_landed=Some((3, 12)) judged=Ok((3, 12))
RBF3 k7-ii killed_newest=2 witness_nonempty=true writable_under_ii=refused read_only_recover_landed=Some((3, 12)) judged=Ok((3, 12))
RBF3 k7-ii killed_newest=3 witness_nonempty=true writable_under_ii=refused read_only_recover_landed=Some((3, 12)) judged=Ok((3, 12))
RBF3 k7-ii killed_newest=4 witness_nonempty=true writable_under_ii=refused read_only_recover_landed=Some((3, 12)) judged=Ok((3, 12))
RBF3 k7-ii killed_newest=5 witness_nonempty=true writable_under_ii=refused read_only_recover_landed=Some((2, 7)) judged=Ok((2, 7))
RBF3 k7-ii killed_newest=6 witness_nonempty=true writable_under_ii=refused read_only_recover_landed=Some((2, 7)) judged=Ok((2, 7))
RBF3 k7-ii killed_newest=7 witness_nonempty=true writable_under_ii=refused read_only_recover_landed=Some((2, 7)) judged=Ok((2, 7))
RBF3 k7-ii killed_newest=8 witness_nonempty=true writable_under_ii=refused read_only_recover_landed=Some((2, 7)) judged=Ok((2, 7))
RBF3 k7-ii killed_newest=9 witness_nonempty=true writable_under_ii=refused read_only_recover_landed=Some((1, 3)) judged=Ok((1, 3))
RBF3 k7-ii killed_newest=10 witness_nonempty=true writable_under_ii=refused read_only_recover_landed=Some((1, 3)) judged=Ok((1, 3))
RBF3 k7-ii killed_newest=11 witness_nonempty=true writable_under_ii=refused read_only_recover_landed=Some((1, 3)) judged=Ok((1, 3))
RBF3 k7-ii killed_newest=12 witness_nonempty=true writable_under_ii=refused read_only_recover_landed=Some((0, 0)) judged=Ok((0, 0))
RBF3 k7-ii-summary depths=13 read_only_landed_on_C=4
RBF3 k7-i-version code=today version_bytes=Some([2, 0]) writable_mount=Ok((4, 14)) instance3_killed_recover_landed=Some((2, 6))
RBF3 k7-i-version code=deleted version_bytes=Some([2, 0]) writable_mount=Ok((4, 14)) instance3_killed_recover_landed=Some((2, 7))
RBF3 k7-i-bit old_reader_writable_mount=Err("Recovery(NoValidSystemConfiguration { first_device_with_no_valid_system_configuration_slot: DeviceId") old_reader_recover=None
test result: ok. 1 passed; 0 failed; 0 ignored; 0 measured; 30 filtered out; finished in 0.63s
