warning: variable does not need to be mutable
   --> crates/singlefs-harness/tests/opus_scale_probe.rs:329:9
    |
329 |     let mut result = SegmentComparison { segment_index, in_place: in_place.len(), cow: n, compared: 0, differing: 0, differing_verd...
    |         ----^^^^^^
    |         |
    |         help: remove this `mut`
    |
    = note: `#[warn(unused_mut)]` (part of `#[warn(unused)]`) on by default

warning: `singlefs-harness` (test "opus_scale_probe") generated 1 warning (run `cargo fix --test "opus_scale_probe" -p singlefs-harness` to apply 1 suggestion)
    Finished `release` profile [optimized + debuginfo] target(s) in 0.00s
     Running tests/opus_scale_probe.rs (target/release/deps/opus_scale_probe-40861f65b3722f0c)

running 1 test
STREAM B writes=70 segments=13 sizes=[2, 2, 1, 2, 2, 1, 26, 2, 1, 26, 2, 1, 2] closed_form=134217752 reduced_closed_form=34
KINDS B [system_configuration_slot×2] [journal_record×2] [root_record_fua×1] [system_configuration_slot×2] [journal_record×2] [root_record_fua×1] [system_configuration_slot×2,unit_write×24] [journal_record×2] [root_record_fua×1] [system_configuration_slot×2,unit_write×24] [journal_record×2] [root_record_fua×1] [system_configuration_slot×2]
STREAM C writes=166 segments=26 sizes=[2, 2, 1, 2, 2, 1, 26, 2, 1, 26, 2, 1, 4, 18, 2, 1, 18, 2, 1, 18, 2, 1, 26, 2, 1, 2] closed_form=202113075 reduced_closed_form=78
KINDS C [system_configuration_slot×2] [journal_record×2] [root_record_fua×1] [system_configuration_slot×2] [journal_record×2] [root_record_fua×1] [system_configuration_slot×2,unit_write×24] [journal_record×2] [root_record_fua×1] [system_configuration_slot×2,unit_write×24] [journal_record×2] [root_record_fua×1] [system_configuration_slot×4] [unit_write×18] [journal_record×2] [root_record_fua×1] [system_configuration_slot×2,unit_write×16] [journal_record×2] [root_record_fua×1] [system_configuration_slot×2,unit_write×16] [journal_record×2] [root_record_fua×1] [system_configuration_slot×2,unit_write×24] [journal_record×2] [root_record_fua×1] [system_configuration_slot×2]
STREAM D writes=216 segments=33 sizes=[2, 2, 1, 2, 2, 1, 26, 2, 1, 26, 2, 1, 4, 18, 2, 1, 18, 2, 1, 18, 2, 1, 26, 2, 1, 4, 22, 2, 1, 18, 2, 1, 2] closed_form=206569544 reduced_closed_form=106
KINDS D [system_configuration_slot×2] [journal_record×2] [root_record_fua×1] [system_configuration_slot×2] [journal_record×2] [root_record_fua×1] [system_configuration_slot×2,unit_write×24] [journal_record×2] [root_record_fua×1] [system_configuration_slot×2,unit_write×24] [journal_record×2] [root_record_fua×1] [system_configuration_slot×4] [unit_write×18] [journal_record×2] [root_record_fua×1] [system_configuration_slot×2,unit_write×16] [journal_record×2] [root_record_fua×1] [system_configuration_slot×2,unit_write×16] [journal_record×2] [root_record_fua×1] [system_configuration_slot×2,unit_write×24] [journal_record×2] [root_record_fua×1] [system_configuration_slot×4] [unit_write×22] [journal_record×2] [root_record_fua×1] [system_configuration_slot×2,unit_write×16] [journal_record×2] [root_record_fua×1] [system_configuration_slot×2]
STREAM E writes=425 segments=55 sizes=[2, 2, 1, 2, 2, 1, 26, 2, 1, 26, 2, 1, 4, 18, 2, 1, 18, 2, 1, 18, 2, 1, 26, 2, 1, 4, 22, 2, 1, 18, 2, 1, 30, 2, 1, 30, 2, 1, 30, 2, 1, 30, 2, 1, 4, 16, 2, 1, 18, 2, 1, 30, 2, 1, 2] closed_form=5575606380 reduced_closed_form=174
KINDS E [system_configuration_slot×2] [journal_record×2] [root_record_fua×1] [system_configuration_slot×2] [journal_record×2] [root_record_fua×1] [system_configuration_slot×2,unit_write×24] [journal_record×2] [root_record_fua×1] [system_configuration_slot×2,unit_write×24] [journal_record×2] [root_record_fua×1] [system_configuration_slot×4] [unit_write×18] [journal_record×2] [root_record_fua×1] [system_configuration_slot×2,unit_write×16] [journal_record×2] [root_record_fua×1] [system_configuration_slot×2,unit_write×16] [journal_record×2] [root_record_fua×1] [system_configuration_slot×2,unit_write×24] [journal_record×2] [root_record_fua×1] [system_configuration_slot×4] [unit_write×22] [journal_record×2] [root_record_fua×1] [system_configuration_slot×2,unit_write×16] [journal_record×2] [root_record_fua×1] [system_configuration_slot×2,unit_write×28] [journal_record×2] [root_record_fua×1] [system_configuration_slot×2,unit_write×28] [journal_record×2] [root_record_fua×1] [system_configuration_slot×2,unit_write×28] [journal_record×2] [root_record_fua×1] [system_configuration_slot×2,unit_write×28] [journal_record×2] [root_record_fua×1] [system_configuration_slot×4] [unit_write×16] [journal_record×2] [root_record_fua×1] [system_configuration_slot×2,unit_write×16] [journal_record×2] [root_record_fua×1] [system_configuration_slot×2,unit_write×28] [journal_record×2] [root_record_fua×1] [system_configuration_slot×2]
OVERWRITE E write#392 dev0 slot50178 txgSome(17) overwrites: stream= mkfs_base_sectors=32
OVERWRITE E write#393 dev1 slot50178 txgSome(17) overwrites: stream= mkfs_base_sectors=32
STREAM E18 writes=458 segments=58 sizes=[2, 2, 1, 2, 2, 1, 26, 2, 1, 26, 2, 1, 4, 18, 2, 1, 18, 2, 1, 18, 2, 1, 26, 2, 1, 4, 22, 2, 1, 18, 2, 1, 30, 2, 1, 30, 2, 1, 30, 2, 1, 30, 2, 1, 4, 16, 2, 1, 18, 2, 1, 30, 2, 1, 30, 2, 1, 2] closed_form=6649348207 reduced_closed_form=182
KINDS E18 [system_configuration_slot×2] [journal_record×2] [root_record_fua×1] [system_configuration_slot×2] [journal_record×2] [root_record_fua×1] [system_configuration_slot×2,unit_write×24] [journal_record×2] [root_record_fua×1] [system_configuration_slot×2,unit_write×24] [journal_record×2] [root_record_fua×1] [system_configuration_slot×4] [unit_write×18] [journal_record×2] [root_record_fua×1] [system_configuration_slot×2,unit_write×16] [journal_record×2] [root_record_fua×1] [system_configuration_slot×2,unit_write×16] [journal_record×2] [root_record_fua×1] [system_configuration_slot×2,unit_write×24] [journal_record×2] [root_record_fua×1] [system_configuration_slot×4] [unit_write×22] [journal_record×2] [root_record_fua×1] [system_configuration_slot×2,unit_write×16] [journal_record×2] [root_record_fua×1] [system_configuration_slot×2,unit_write×28] [journal_record×2] [root_record_fua×1] [system_configuration_slot×2,unit_write×28] [journal_record×2] [root_record_fua×1] [system_configuration_slot×2,unit_write×28] [journal_record×2] [root_record_fua×1] [system_configuration_slot×2,unit_write×28] [journal_record×2] [root_record_fua×1] [system_configuration_slot×4] [unit_write×16] [journal_record×2] [root_record_fua×1] [system_configuration_slot×2,unit_write×16] [journal_record×2] [root_record_fua×1] [system_configuration_slot×2,unit_write×28] [journal_record×2] [root_record_fua×1] [system_configuration_slot×2,unit_write×28] [journal_record×2] [root_record_fua×1] [system_configuration_slot×2]
OVERWRITE E18 write#392 dev0 slot50178 txgSome(17) overwrites: stream= mkfs_base_sectors=32
OVERWRITE E18 write#393 dev1 slot50178 txgSome(17) overwrites: stream= mkfs_base_sectors=32
OVERWRITE E18 write#425 dev0 slot50180 txgSome(18) overwrites: stream=#12(unit_write,txgSome(3)) mkfs_base_sectors=0
OVERWRITE E18 write#426 dev1 slot50180 txgSome(18) overwrites: stream=#13(unit_write,txgSome(3)) mkfs_base_sectors=0
test p1_fixed_script_streams_and_overwrites ... ok

test result: ok. 1 passed; 0 failed; 0 ignored; 0 measured; 1 filtered out; finished in 0.25s

