warning: variable does not need to be mutable
   --> crates/singlefs-harness/tests/opus_scale_probe.rs:329:9
    |
329 |     let mut result = SegmentComparison { segment_index, in_place: in_place.len(), cow: n, compared: 0, differing: 0, differing_verd...
    |         ----^^^^^^
    |         |
    |         help: remove this `mut`
    |
    = note: `#[warn(unused_mut)]` (part of `#[warn(unused)]`) on by default

warning: `singlefs-harness` (test "opus_scale_probe") generated 1 warning (run `cargo fix --test "opus_scale_probe" -p singlefs-harness` to apply 1 suggestion)
    Finished `release` profile [optimized + debuginfo] target(s) in 0.00s
     Running tests/opus_scale_probe.rs (target/release/deps/opus_scale_probe-40861f65b3722f0c)

running 1 test
PREMISE B seg=6 in_place=2 cow=24 compared=228 differing=0 differing_verdict=0 bad_only_when_cow_nonempty=0 txg=Some(3)
PREMISE B seg=9 in_place=2 cow=24 compared=228 differing=0 differing_verdict=0 bad_only_when_cow_nonempty=0 txg=Some(4)
PREMISE_TOTAL B compared=456 elapsed_seconds=0.2
PREMISE D seg=6 in_place=2 cow=24 compared=228 differing=0 differing_verdict=0 bad_only_when_cow_nonempty=0 txg=Some(3)
PREMISE D seg=9 in_place=2 cow=24 compared=228 differing=0 differing_verdict=0 bad_only_when_cow_nonempty=0 txg=Some(4)
PREMISE D seg=13 in_place=0 cow=18 compared=45 differing=0 differing_verdict=0 bad_only_when_cow_nonempty=0 txg=Some(5)
PREMISE D seg=16 in_place=2 cow=16 compared=164 differing=0 differing_verdict=0 bad_only_when_cow_nonempty=0 txg=Some(6)
PREMISE D seg=19 in_place=2 cow=16 compared=164 differing=0 differing_verdict=0 bad_only_when_cow_nonempty=0 txg=Some(7)
PREMISE D seg=22 in_place=2 cow=24 compared=228 differing=0 differing_verdict=0 bad_only_when_cow_nonempty=0 txg=Some(8)
PREMISE D seg=26 in_place=0 cow=22 compared=53 differing=0 differing_verdict=0 bad_only_when_cow_nonempty=0 txg=Some(9)
PREMISE D seg=29 in_place=2 cow=16 compared=164 differing=0 differing_verdict=0 bad_only_when_cow_nonempty=0 txg=Some(10)
PREMISE_TOTAL D compared=1274 elapsed_seconds=1.3
PREMISE E18 seg=6 in_place=2 cow=24 compared=228 differing=0 differing_verdict=0 bad_only_when_cow_nonempty=0 txg=Some(3)
PREMISE E18 seg=9 in_place=2 cow=24 compared=228 differing=0 differing_verdict=0 bad_only_when_cow_nonempty=0 txg=Some(4)
PREMISE E18 seg=13 in_place=0 cow=18 compared=45 differing=0 differing_verdict=0 bad_only_when_cow_nonempty=0 txg=Some(5)
PREMISE E18 seg=16 in_place=2 cow=16 compared=164 differing=0 differing_verdict=0 bad_only_when_cow_nonempty=0 txg=Some(6)
PREMISE E18 seg=19 in_place=2 cow=16 compared=164 differing=0 differing_verdict=0 bad_only_when_cow_nonempty=0 txg=Some(7)
PREMISE E18 seg=22 in_place=2 cow=24 compared=228 differing=0 differing_verdict=0 bad_only_when_cow_nonempty=0 txg=Some(8)
PREMISE E18 seg=26 in_place=0 cow=22 compared=53 differing=0 differing_verdict=0 bad_only_when_cow_nonempty=0 txg=Some(9)
PREMISE E18 seg=29 in_place=2 cow=16 compared=164 differing=0 differing_verdict=0 bad_only_when_cow_nonempty=0 txg=Some(10)
PREMISE E18 seg=32 in_place=2 cow=28 compared=260 differing=0 differing_verdict=0 bad_only_when_cow_nonempty=0 txg=Some(11)
PREMISE E18 seg=35 in_place=2 cow=28 compared=260 differing=0 differing_verdict=0 bad_only_when_cow_nonempty=0 txg=Some(12)
PREMISE E18 seg=38 in_place=2 cow=28 compared=260 differing=0 differing_verdict=0 bad_only_when_cow_nonempty=0 txg=Some(13)
PREMISE E18 seg=41 in_place=2 cow=28 compared=260 differing=0 differing_verdict=0 bad_only_when_cow_nonempty=0 txg=Some(14)
PREMISE E18 seg=45 in_place=0 cow=16 compared=41 differing=0 differing_verdict=0 bad_only_when_cow_nonempty=0 txg=Some(15)
PREMISE E18 seg=48 in_place=2 cow=16 compared=164 differing=0 differing_verdict=0 bad_only_when_cow_nonempty=0 txg=Some(16)
PREMISE E18 seg=51 in_place=2 cow=28 compared=260 differing=0 differing_verdict=0 bad_only_when_cow_nonempty=0 txg=Some(17)
PREMISE E18 seg=54 in_place=2 cow=28 compared=260 differing=0 differing_verdict=0 bad_only_when_cow_nonempty=0 txg=Some(18)
PREMISE_TOTAL E18 compared=3039 elapsed_seconds=5.0
test p2_premise_sampled_on_fixed_scripts ... ok

test result: ok. 1 passed; 0 failed; 0 ignored; 0 measured; 1 filtered out; finished in 6.64s

