caps=1,2,1,3 rc=101
caps=1,2,2,3 rc=101
caps=1,2,2,2 rc=101
caps=1,2,1,2 rc=101
caps=1,2,3,2 rc=101
caps=1,2,3,3 rc=101
caps=1,2,4,2 rc=101
caps=1,2,4,3 rc=101
caps=1,3,1,2 rc=101
caps=1,3,1,3 rc=101
caps=1,3,2,2 rc=101
caps=1,3,2,3 rc=101
caps=1,3,3,2 rc=101
caps=1,3,3,3 rc=101
caps=1,3,4,2 rc=101
caps=1,3,4,3 rc=0
caps=2,2,1,2 rc=101
caps=2,2,1,3 rc=101
caps=2,2,2,2 rc=0
caps=2,2,2,3 rc=0
caps=2,2,3,3 rc=0
caps=2,2,3,2 rc=0
caps=2,2,4,2 rc=0
caps=2,2,4,3 rc=0
caps=2,3,1,3 rc=101
caps=2,3,1,2 rc=101
caps=2,3,2,2 rc=0
caps=2,3,2,3 rc=0
caps=2,3,3,2 rc=0
caps=2,3,3,3 rc=0
caps=2,3,4,2 rc=0
caps=2,3,4,3 rc=0
caps=3,2,1,2 rc=101
caps=3,2,1,3 rc=101
caps=3,2,2,3 rc=0
caps=3,2,2,2 rc=0
caps=3,2,3,2 rc=0
caps=3,2,3,3 rc=0
caps=3,2,4,2 rc=0
caps=3,2,4,3 rc=0
caps=3,3,1,2 rc=0
caps=3,3,1,3 rc=0
caps=3,3,2,2 rc=0
caps=3,3,2,3 rc=0
caps=3,3,3,2 rc=0
caps=3,3,3,3 rc=0
caps=3,3,4,2 rc=0
caps=3,3,4,3 rc=0
caps=5,2,1,2 rc=0
caps=5,2,1,3 rc=0
caps=5,2,2,2 rc=0
caps=5,2,2,3 rc=0
caps=5,2,3,2 rc=0
caps=5,2,3,3 rc=0
caps=5,2,4,2 rc=0
caps=5,3,1,2 rc=0
caps=5,3,1,3 rc=0
caps=5,2,4,3 rc=0
caps=5,3,2,2 rc=0
caps=5,3,3,2 rc=0
caps=5,3,2,3 rc=0
caps=5,3,4,2 rc=0
caps=5,3,3,3 rc=0
caps=5,3,4,3 rc=0
named=1 rc=0
named=1 caps=2222 rc=0
named=2 rc=0
named=2 caps=2222 rc=0
named=3 rc=0
named=3 caps=2222 rc=0
done
