
running 1 test
NEWRAISE seed=3 step=24 F=13 in_gap=false gaps=[] lands=Some(false) turned=true violations=[("I-3.1", "盘 0：记账的已分配 Some(2031616)，遍历全部有效根得到 2097152")]
NEWRAISE seed=7 step=15 F=10 in_gap=false gaps=[] lands=Some(false) turned=false violations=[("I-3.1", "盘 0：记账的已分配 Some(1310720)，遍历全部有效根得到 1474560")]
NEWRAISE seed=15 step=14 F=2 in_gap=false gaps=[] lands=Some(false) turned=false violations=[("I-3.1", "盘 0：记账的已分配 Some(1769472)，遍历全部有效根得到 1785856")]
NEWRAISE seed=26 step=15 F=4 in_gap=false gaps=[] lands=Some(false) turned=false violations=[("I-3.1", "盘 0：记账的已分配 Some(1212416)，遍历全部有效根得到 1376256")]
NEWRAISE seed=27 step=20 F=13 in_gap=false gaps=[step12:(2,7)->(7,11)] lands=Some(false) turned=false violations=[("I-3.1", "盘 0：记账的已分配 Some(983040)，遍历全部有效根得到 1146880")]
NEWRAISE seed=37 step=15 F=4 in_gap=false gaps=[step7:(1,6)->(6,8)] lands=Some(false) turned=true violations=[("I-3.1", "盘 0：记账的已分配 Some(1867776)，遍历全部有效根得到 2031616")]
NEWRAISE seed=38 step=23 F=5 in_gap=false gaps=[] lands=Some(false) turned=false violations=[("I-3.1", "盘 0：记账的已分配 Some(1802240)，遍历全部有效根得到 1966080")]
NEWRAISE seed=46 step=11 F=4 in_gap=false gaps=[] lands=Some(false) turned=false violations=[("I-3.1", "盘 0：记账的已分配 Some(1310720)，遍历全部有效根得到 1376256")]
NEWRAISE seed=51 step=24 F=7 in_gap=false gaps=[step22:(3,15)->(15,17)] lands=Some(false) turned=false violations=[("I-3.1", "盘 0：记账的已分配 Some(1703936)，遍历全部有效根得到 1867776")]
NEWRAISE seed=54 step=15 F=11 in_gap=false gaps=[step11:(3,15)->(15,16),step12:(4,17)->(17,18)] lands=Some(false) turned=false violations=[("I-3.1", "盘 0：记账的已分配 Some(1376256)，遍历全部有效根得到 1441792")]
NEWRAISE seed=56 step=13 F=5 in_gap=false gaps=[] lands=Some(false) turned=false violations=[("I-3.1", "盘 0：记账的已分配 Some(1146880)，遍历全部有效根得到 1310720")]
NEWRAISE seed=57 step=24 F=4 in_gap=false gaps=[] lands=Some(false) turned=false violations=[("I-3.1", "盘 0：记账的已分配 Some(2326528)，遍历全部有效根得到 2424832")]
NEWRAISE seed=62 step=18 F=10 in_gap=false gaps=[] lands=Some(false) turned=false violations=[("I-3.1", "盘 0：记账的已分配 Some(1245184)，遍历全部有效根得到 1409024")]
NEWRAISE seed=64 step=16 F=2 in_gap=false gaps=[] lands=Some(false) turned=false violations=[("I-3.1", "盘 0：记账的已分配 Some(1998848)，遍历全部有效根得到 2015232")]
NEWRAISE seed=65 step=17 F=2 in_gap=false gaps=[step16:(4,18)->(18,19)] lands=Some(false) turned=false violations=[("I-3.1", "盘 0：记账的已分配 Some(2359296)，遍历全部有效根得到 2375680")]
NEWRAISE seed=68 step=14 F=6 in_gap=false gaps=[step10:(2,7)->(7,10)] lands=Some(false) turned=false violations=[("I-3.1", "盘 0：记账的已分配 Some(983040)，遍历全部有效根得到 1146880")]
NEWRAISE seed=69 step=13 F=14 in_gap=false gaps=[step2:(1,5)->(5,6)] lands=Some(false) turned=false violations=[("I-3.1", "盘 0：记账的已分配 Some(819200)，遍历全部有效根得到 983040")]
NEWRAISE seed=71 step=28 F=12 in_gap=false gaps=[step27:(4,17)->(17,19)] lands=Some(false) turned=false violations=[("I-3.1", "盘 0：记账的已分配 Some(1048576)，遍历全部有效根得到 1146880")]
GAP seed=80 step=21 F=8 in_gap=true gaps=[step5:(2,8)->(8,9),step6:(2,7)->(7,11)] ring_before=Some([(19, 5), (18, 5), (17, 5), (16, 5), (15, 5), (14, 4), (13, 4), (12, 4), (11, 4), (10, 3), (9, 3), (8, 2), (7, 2), (6, 2), (5, 2), (4, 2)]) overcount_bytes=Some(98304)
NEWRAISE seed=94 step=16 F=12 in_gap=false gaps=[] lands=Some(false) turned=false violations=[("I-3.1", "盘 0：记账的已分配 Some(1376256)，遍历全部有效根得到 1441792")]
NEWRAISE seed=97 step=20 F=13 in_gap=false gaps=[step10:(2,10)->(10,12)] lands=Some(false) turned=false violations=[("I-3.1", "盘 0：记账的已分配 Some(1048576)，遍历全部有效根得到 1212416")]
NEWRAISE seed=99 step=23 F=4 in_gap=false gaps=[step6:(2,6)->(6,7)] lands=Some(false) turned=true violations=[("I-3.1", "盘 0：记账的已分配 Some(2326528)，遍历全部有效根得到 2392064")]
NEWRAISE seed=101 step=19 F=2 in_gap=false gaps=[step1:(2,4)->(4,6)] lands=Some(false) turned=false violations=[("I-3.1", "盘 0：记账的已分配 Some(2064384)，遍历全部有效根得到 2080768")]
NEWRAISE seed=102 step=25 F=2 in_gap=false gaps=[step16:(2,5)->(5,9)] lands=Some(false) turned=false violations=[("I-3.1", "盘 0：记账的已分配 Some(1638400)，遍历全部有效根得到 1654784")]
NEWRAISE seed=114 step=7 F=7 in_gap=false gaps=[] lands=Some(false) turned=false violations=[("I-3.1", "盘 0：记账的已分配 Some(720896)，遍历全部有效根得到 884736")]
NEWRAISE seed=116 step=12 F=5 in_gap=false gaps=[] lands=Some(false) turned=false violations=[("I-3.1", "盘 0：记账的已分配 Some(1114112)，遍历全部有效根得到 1277952")]
NEWRAISE seed=118 step=4 F=2 in_gap=false gaps=[] lands=Some(false) turned=false violations=[("I-3.1", "盘 0：记账的已分配 Some(983040)，遍历全部有效根得到 999424")]
NEWRAISE seed=119 step=21 F=6 in_gap=false gaps=[step7:(2,5)->(5,6),step17:(5,16)->(16,17)] lands=Some(false) turned=true violations=[("I-3.1", "盘 0：记账的已分配 Some(2097152)，遍历全部有效根得到 2162688")]
NEWRAISE seed=122 step=15 F=3 in_gap=false gaps=[step12:(2,6)->(6,7)] lands=Some(false) turned=false violations=[("I-3.1", "盘 0：记账的已分配 Some(1114112)，遍历全部有效根得到 1212416")]
NEWRAISE seed=124 step=21 F=8 in_gap=false gaps=[] lands=Some(false) turned=false violations=[("I-3.1", "盘 0：记账的已分配 Some(1277952)，遍历全部有效根得到 1441792")]
NEWRAISE seed=129 step=18 F=5 in_gap=false gaps=[step7:(1,7)->(7,11)] lands=Some(false) turned=true violations=[("I-3.1", "盘 0：记账的已分配 Some(2195456)，遍历全部有效根得到 2359296")]
NEWRAISE seed=130 step=14 F=6 in_gap=false gaps=[] lands=Some(false) turned=false violations=[("I-3.1", "盘 0：记账的已分配 Some(1146880)，遍历全部有效根得到 1212416")]
NEWRAISE seed=132 step=8 F=2 in_gap=false gaps=[] lands=Some(false) turned=false violations=[("I-3.1", "盘 0：记账的已分配 Some(983040)，遍历全部有效根得到 999424")]
NEWRAISE seed=136 step=37 F=7 in_gap=false gaps=[step33:(3,12)->(12,16)] lands=Some(false) turned=false violations=[("I-3.1", "盘 0：记账的已分配 Some(1376256)，遍历全部有效根得到 1540096")]
NEWRAISE seed=137 step=15 F=4 in_gap=false gaps=[] lands=Some(false) turned=false violations=[("I-3.1", "盘 0：记账的已分配 Some(2031616)，遍历全部有效根得到 2195456")]
NEWRAISE seed=140 step=14 F=2 in_gap=false gaps=[step12:(2,10)->(10,12),step13:(2,9)->(9,14)] lands=Some(false) turned=false violations=[("I-3.1", "盘 0：记账的已分配 Some(1441792)，遍历全部有效根得到 1458176")]
NEWRAISE seed=145 step=8 F=3 in_gap=false gaps=[] lands=Some(false) turned=false violations=[("I-3.1", "盘 0：记账的已分配 Some(819200)，遍历全部有效根得到 983040")]
NEWRAISE seed=154 step=21 F=3 in_gap=false gaps=[step11:(2,11)->(11,12),step14:(2,9)->(9,15)] lands=Some(false) turned=false violations=[("I-3.1", "盘 0：记账的已分配 Some(1900544)，遍历全部有效根得到 2064384")]
NEWRAISE seed=155 step=10 F=2 in_gap=false gaps=[] lands=Some(false) turned=false violations=[("I-3.1", "盘 0：记账的已分配 Some(1474560)，遍历全部有效根得到 1490944")]
NEWRAISE seed=158 step=8 F=3 in_gap=false gaps=[] lands=Some(false) turned=false violations=[("I-3.1", "盘 0：记账的已分配 Some(983040)，遍历全部有效根得到 1146880")]
NEWRAISE seed=160 step=21 F=2 in_gap=false gaps=[step20:(3,16)->(16,17)] lands=Some(false) turned=false violations=[("I-3.1", "盘 0：记账的已分配 Some(2424832)，遍历全部有效根得到 2441216")]
NEWRAISE seed=162 step=17 F=7 in_gap=false gaps=[] lands=Some(false) turned=false violations=[("I-3.1", "盘 0：记账的已分配 Some(1146880)，遍历全部有效根得到 1310720")]
NEWRAISE seed=165 step=11 F=2 in_gap=false gaps=[] lands=Some(false) turned=false violations=[("I-3.1", "盘 0：记账的已分配 Some(1376256)，遍历全部有效根得到 1392640")]
NEWRAISE seed=167 step=23 F=3 in_gap=false gaps=[step20:(3,13)->(13,14)] lands=Some(false) turned=false violations=[("I-3.1", "盘 0：记账的已分配 Some(2031616)，遍历全部有效根得到 2195456")]
NEWRAISE seed=168 step=10 F=6 in_gap=false gaps=[step1:(1,3)->(3,4)] lands=Some(false) turned=false violations=[("I-3.1", "盘 0：记账的已分配 Some(884736)，遍历全部有效根得到 983040")]
NEW seed=174 pos=Operation(15) op=Some(CloseAndMountWritable) violations=[("I-3.1", "盘 0：记账的已分配 Some(1605632)，遍历全部有效根得到 1507328")] panic=None
NEWRAISE seed=175 step=17 F=12 in_gap=false gaps=[step7:(2,6)->(6,8),step9:(3,9)->(9,11)] lands=Some(false) turned=false violations=[("I-3.1", "盘 0：记账的已分配 Some(983040)，遍历全部有效根得到 1048576")]
NEWRAISE seed=176 step=15 F=5 in_gap=false gaps=[step4:(1,7)->(7,8),step6:(2,10)->(10,12)] lands=Some(false) turned=false violations=[("I-3.1", "盘 0：记账的已分配 Some(1540096)，遍历全部有效根得到 1703936")]
NEWRAISE seed=181 step=26 F=19 in_gap=false gaps=[] lands=Some(false) turned=true violations=[("I-3.1", "盘 0：记账的已分配 Some(819200)，遍历全部有效根得到 983040")]
NEWRAISE seed=183 step=15 F=2 in_gap=false gaps=[] lands=Some(false) turned=false violations=[("I-3.1", "盘 0：记账的已分配 Some(1933312)，遍历全部有效根得到 1949696")]
NEWRAISE seed=187 step=23 F=11 in_gap=false gaps=[] lands=Some(false) turned=false violations=[("I-3.1", "盘 0：记账的已分配 Some(1048576)，遍历全部有效根得到 1212416")]
NEWRAISE seed=190 step=22 F=15 in_gap=false gaps=[step17:(4,21)->(21,22)] lands=Some(false) turned=true violations=[("I-3.1", "盘 0：记账的已分配 Some(1540096)，遍历全部有效根得到 1605632")]
NEWRAISE seed=191 step=21 F=5 in_gap=false gaps=[] lands=Some(false) turned=false violations=[("I-3.1", "盘 0：记账的已分配 Some(1769472)，遍历全部有效根得到 1835008")]
NEWRAISE seed=198 step=14 F=3 in_gap=false gaps=[step10:(1,4)->(4,7)] lands=Some(false) turned=false violations=[("I-3.1", "盘 0：记账的已分配 Some(983040)，遍历全部有效根得到 1146880")]
NEWRAISE seed=201 step=18 F=2 in_gap=false gaps=[] lands=Some(false) turned=false violations=[("I-3.1", "盘 0：记账的已分配 Some(2129920)，遍历全部有效根得到 2146304")]
NEWRAISE seed=203 step=32 F=8 in_gap=false gaps=[step18:(1,4)->(4,5),step27:(4,17)->(17,18)] lands=Some(false) turned=true violations=[("I-3.1", "盘 0：记账的已分配 Some(2064384)，遍历全部有效根得到 2129920")]
NEWRAISE seed=207 step=20 F=12 in_gap=false gaps=[step4:(1,3)->(3,8)] lands=Some(false) turned=true violations=[("I-3.1", "盘 0：记账的已分配 Some(1671168)，遍历全部有效根得到 1736704")]
NEWRAISE seed=209 step=20 F=19 in_gap=false gaps=[step9:(2,9)->(9,11),step13:(4,17)->(17,18)] lands=Some(false) turned=true violations=[("I-3.1", "盘 0：记账的已分配 Some(1048576)，遍历全部有效根得到 1212416")]
NEWRAISE seed=211 step=11 F=7 in_gap=false gaps=[step1:(1,3)->(3,5),step6:(3,9)->(9,11)] lands=Some(false) turned=false violations=[("I-3.1", "盘 0：记账的已分配 Some(1277952)，遍历全部有效根得到 1376256")]
NEWRAISE seed=212 step=17 F=5 in_gap=false gaps=[] lands=Some(false) turned=false violations=[("I-3.1", "盘 0：记账的已分配 Some(1638400)，遍历全部有效根得到 1802240")]
NEWRAISE seed=213 step=21 F=9 in_gap=false gaps=[] lands=Some(false) turned=true violations=[("I-3.1", "盘 0：记账的已分配 Some(1736704)，遍历全部有效根得到 1802240")]
NEWRAISE seed=214 step=25 F=6 in_gap=false gaps=[] lands=Some(false) turned=false violations=[("I-3.1", "盘 0：记账的已分配 Some(1802240)，遍历全部有效根得到 1966080")]
NEWRAISE seed=218 step=17 F=17 in_gap=false gaps=[step8:(3,13)->(13,15)] lands=Some(false) turned=true violations=[("I-3.1", "盘 0：记账的已分配 Some(1212416)，遍历全部有效根得到 1376256")]
NEWRAISE seed=219 step=15 F=4 in_gap=false gaps=[] lands=Some(false) turned=false violations=[("I-3.1", "盘 0：记账的已分配 Some(1310720)，遍历全部有效根得到 1474560")]
NEWRAISE seed=228 step=20 F=7 in_gap=false gaps=[] lands=Some(false) turned=false violations=[("I-3.1", "盘 0：记账的已分配 Some(1114112)，遍历全部有效根得到 1212416")]
NEWRAISE seed=230 step=22 F=9 in_gap=false gaps=[step14:(3,13)->(13,17)] lands=Some(false) turned=true violations=[("I-3.1", "盘 0：记账的已分配 Some(1540096)，遍历全部有效根得到 1605632")]
NEWRAISE seed=231 step=21 F=10 in_gap=false gaps=[] lands=Some(false) turned=false violations=[("I-3.1", "盘 0：记账的已分配 Some(819200)，遍历全部有效根得到 983040")]
NEWRAISE seed=232 step=31 F=2 in_gap=false gaps=[step21:(1,6)->(6,11),step29:(3,14)->(14,21)] lands=Some(false) turned=true violations=[("I-3.1", "盘 0：记账的已分配 Some(1540096)，遍历全部有效根得到 1556480")]
NEWRAISE seed=233 step=16 F=10 in_gap=false gaps=[step12:(3,14)->(14,15)] lands=Some(false) turned=false violations=[("I-3.1", "盘 0：记账的已分配 Some(1540096)，遍历全部有效根得到 1703936")]
NEWRAISE seed=234 step=5 F=5 in_gap=false gaps=[] lands=Some(false) turned=false violations=[("I-3.1", "盘 0：记账的已分配 Some(819200)，遍历全部有效根得到 983040")]
NEWRAISE seed=236 step=24 F=12 in_gap=false gaps=[] lands=Some(false) turned=false violations=[("I-3.1", "盘 0：记账的已分配 Some(1048576)，遍历全部有效根得到 1212416")]
NEWRAISE seed=237 step=33 F=14 in_gap=false gaps=[step23:(3,9)->(9,11)] lands=Some(false) turned=true violations=[("I-3.1", "盘 0：记账的已分配 Some(1441792)，遍历全部有效根得到 1507328")]
NEWRAISE seed=238 step=11 F=3 in_gap=false gaps=[step0:(1,3)->(3,4)] lands=Some(false) turned=false violations=[("I-3.1", "盘 0：记账的已分配 Some(1343488)，遍历全部有效根得到 1441792")]
NEWRAISE seed=242 step=17 F=2 in_gap=false gaps=[step15:(1,13)->(13,14)] lands=Some(false) turned=false violations=[("I-3.1", "盘 0：记账的已分配 Some(2359296)，遍历全部有效根得到 2375680")]
NEWRAISE seed=244 step=25 F=5 in_gap=false gaps=[step11:(2,5)->(5,6),step19:(3,9)->(9,11)] lands=Some(false) turned=false violations=[("I-3.1", "盘 0：记账的已分配 Some(1441792)，遍历全部有效根得到 1540096")]
NEWRAISE seed=249 step=13 F=4 in_gap=false gaps=[] lands=Some(false) turned=false violations=[("I-3.1", "盘 0：记账的已分配 Some(1736704)，遍历全部有效根得到 1802240")]
GAP seed=254 step=15 F=4 in_gap=true gaps=[step2:(1,3)->(3,6),step6:(2,6)->(6,9)] ring_before=Some([(19, 4), (18, 4), (17, 4), (16, 4), (15, 4), (14, 4), (13, 4), (12, 4), (11, 4), (10, 3), (9, 3), (8, 2), (7, 2), (6, 2), (5, 1), (4, 1)]) overcount_bytes=Some(98304)
NEWRAISE seed=255 step=15 F=4 in_gap=false gaps=[] lands=Some(false) turned=false violations=[("I-3.1", "盘 0：记账的已分配 Some(1015808)，遍历全部有效根得到 1114112")]
NEWRAISE seed=256 step=12 F=5 in_gap=false gaps=[] lands=Some(false) turned=false violations=[("I-3.1", "盘 0：记账的已分配 Some(1540096)，遍历全部有效根得到 1703936")]
NEWRAISE seed=259 step=28 F=10 in_gap=false gaps=[step17:(2,6)->(6,8)] lands=Some(false) turned=false violations=[("I-3.1", "盘 0：记账的已分配 Some(1540096)，遍历全部有效根得到 1703936")]
NEWRAISE seed=261 step=34 F=8 in_gap=false gaps=[step18:(2,4)->(4,7)] lands=Some(false) turned=false violations=[("I-3.1", "盘 0：记账的已分配 Some(1540096)，遍历全部有效根得到 1703936")]
NEWRAISE seed=262 step=11 F=3 in_gap=false gaps=[] lands=Some(false) turned=false violations=[("I-3.1", "盘 0：记账的已分配 Some(1867776)，遍历全部有效根得到 2031616")]
NEWRAISE seed=268 step=15 F=4 in_gap=false gaps=[step8:(1,5)->(5,8)] lands=Some(false) turned=false violations=[("I-3.1", "盘 0：记账的已分配 Some(1212416)，遍历全部有效根得到 1376256")]
NEWRAISE seed=269 step=17 F=5 in_gap=false gaps=[] lands=Some(false) turned=true violations=[("I-3.1", "盘 0：记账的已分配 Some(2031616)，遍历全部有效根得到 2195456")]
NEWRAISE seed=279 step=23 F=14 in_gap=false gaps=[] lands=Some(false) turned=true violations=[("I-3.1", "盘 0：记账的已分配 Some(1376256)，遍历全部有效根得到 1540096")]
NEWRAISE seed=280 step=20 F=11 in_gap=false gaps=[] lands=Some(false) turned=false violations=[("I-3.1", "盘 0：记账的已分配 Some(983040)，遍历全部有效根得到 1146880")]
NEWRAISE seed=284 step=9 F=5 in_gap=false gaps=[] lands=Some(false) turned=false violations=[("I-3.1", "盘 0：记账的已分配 Some(983040)，遍历全部有效根得到 1146880")]
NEWRAISE seed=287 step=18 F=7 in_gap=false gaps=[step0:(1,3)->(3,4),step11:(4,11)->(11,17)] lands=Some(false) turned=true violations=[("I-3.1", "盘 0：记账的已分配 Some(1638400)，遍历全部有效根得到 1802240")]
NEWRAISE seed=288 step=13 F=6 in_gap=false gaps=[step2:(1,3)->(3,5)] lands=Some(false) turned=false violations=[("I-3.1", "盘 0：记账的已分配 Some(1703936)，遍历全部有效根得到 1769472")]
NEWRAISE seed=294 step=18 F=11 in_gap=false gaps=[] lands=Some(false) turned=false violations=[("I-3.1", "盘 0：记账的已分配 Some(1376256)，遍历全部有效根得到 1540096")]
NEWRAISE seed=306 step=22 F=12 in_gap=false gaps=[step12:(3,7)->(7,11)] lands=Some(false) turned=false violations=[("I-3.1", "盘 0：记账的已分配 Some(1376256)，遍历全部有效根得到 1441792")]
NEWRAISE seed=310 step=18 F=7 in_gap=false gaps=[] lands=Some(false) turned=true violations=[("I-3.1", "盘 0：记账的已分配 Some(2228224)，遍历全部有效根得到 2326528")]
NEWRAISE seed=318 step=6 F=2 in_gap=false gaps=[] lands=Some(false) turned=false violations=[("I-3.1", "盘 0：记账的已分配 Some(1146880)，遍历全部有效根得到 1163264")]
NEWRAISE seed=325 step=9 F=4 in_gap=false gaps=[] lands=Some(false) turned=false violations=[("I-3.1", "盘 0：记账的已分配 Some(819200)，遍历全部有效根得到 983040")]
NEWRAISE seed=326 step=27 F=3 in_gap=false gaps=[step24:(1,5)->(5,8)] lands=Some(false) turned=false violations=[("I-3.1", "盘 0：记账的已分配 Some(1114112)，遍历全部有效根得到 1277952")]
NEWRAISE seed=327 step=27 F=6 in_gap=false gaps=[step1:(1,3)->(3,4),step18:(5,12)->(12,15)] lands=Some(false) turned=true violations=[("I-3.1", "盘 0：记账的已分配 Some(1867776)，遍历全部有效根得到 1933312")]
NEWRAISE seed=328 step=34 F=2 in_gap=false gaps=[step18:(1,3)->(3,4),step20:(2,4)->(4,8)] lands=Some(false) turned=false violations=[("I-3.1", "盘 0：记账的已分配 Some(1867776)，遍历全部有效根得到 1884160")]
NEWRAISE seed=331 step=23 F=9 in_gap=false gaps=[] lands=Some(false) turned=false violations=[("I-3.1", "盘 0：记账的已分配 Some(1474560)，遍历全部有效根得到 1540096")]
NEWRAISE seed=332 step=16 F=4 in_gap=false gaps=[] lands=Some(false) turned=false violations=[("I-3.1", "盘 0：记账的已分配 Some(2326528)，遍历全部有效根得到 2424832")]
NEWRAISE seed=334 step=28 F=8 in_gap=false gaps=[step8:(1,8)->(8,9)] lands=Some(false) turned=true violations=[("I-3.1", "盘 0：记账的已分配 Some(1933312)，遍历全部有效根得到 2031616")]
NEWRAISE seed=339 step=19 F=10 in_gap=false gaps=[step15:(4,13)->(13,17)] lands=Some(false) turned=false violations=[("I-3.1", "盘 0：记账的已分配 Some(1212416)，遍历全部有效根得到 1277952")]
NEWRAISE seed=340 step=18 F=6 in_gap=false gaps=[] lands=Some(false) turned=false violations=[("I-3.1", "盘 0：记账的已分配 Some(1703936)，遍历全部有效根得到 1867776")]
NEWRAISE seed=343 step=35 F=8 in_gap=false gaps=[step3:(1,4)->(4,6),step33:(5,20)->(20,24)] lands=Some(false) turned=true violations=[("I-3.1", "盘 0：记账的已分配 Some(1736704)，遍历全部有效根得到 1835008")]
NEWRAISE seed=344 step=14 F=3 in_gap=false gaps=[step7:(1,4)->(4,5),step8:(2,7)->(7,8)] lands=Some(false) turned=false violations=[("I-3.1", "盘 0：记账的已分配 Some(1441792)，遍历全部有效根得到 1605632")]
NEWRAISE seed=345 step=22 F=17 in_gap=false gaps=[] lands=Some(false) turned=true violations=[("I-3.1", "盘 0：记账的已分配 Some(1376256)，遍历全部有效根得到 1540096")]
NEWRAISE seed=347 step=33 F=13 in_gap=false gaps=[step19:(1,5)->(5,11)] lands=Some(false) turned=true violations=[("I-3.1", "盘 0：记账的已分配 Some(1572864)，遍历全部有效根得到 1671168")]
NEWRAISE seed=352 step=29 F=8 in_gap=false gaps=[step26:(3,15)->(15,21)] lands=Some(false) turned=true violations=[("I-3.1", "盘 0：记账的已分配 Some(1376256)，遍历全部有效根得到 1540096")]
NEWRAISE seed=364 step=18 F=6 in_gap=false gaps=[step2:(2,4)->(4,6)] lands=Some(false) turned=true violations=[("I-3.1", "盘 0：记账的已分配 Some(2686976)，遍历全部有效根得到 2752512")]
NEWRAISE seed=366 step=23 F=17 in_gap=false gaps=[step15:(4,12)->(12,14)] lands=Some(false) turned=true violations=[("I-3.1", "盘 0：记账的已分配 Some(1048576)，遍历全部有效根得到 1146880")]
NEWRAISE seed=372 step=14 F=4 in_gap=false gaps=[step9:(2,9)->(9,10),step10:(2,9)->(9,12),step12:(4,13)->(13,14)] lands=Some(false) turned=false violations=[("I-3.1", "盘 0：记账的已分配 Some(1343488)，遍历全部有效根得到 1441792")]
NEWRAISE seed=373 step=24 F=7 in_gap=false gaps=[] lands=Some(false) turned=false violations=[("I-3.1", "盘 0：记账的已分配 Some(1245184)，遍历全部有效根得到 1409024")]
NEWRAISE seed=376 step=17 F=14 in_gap=false gaps=[] lands=Some(false) turned=false violations=[("I-3.1", "盘 0：记账的已分配 Some(950272)，遍历全部有效根得到 1114112")]
NEWRAISE seed=378 step=20 F=6 in_gap=false gaps=[step4:(1,3)->(3,5)] lands=Some(false) turned=true violations=[("I-3.1", "盘 0：记账的已分配 Some(2359296)，遍历全部有效根得到 2424832")]
NEWRAISE seed=380 step=23 F=9 in_gap=false gaps=[step21:(1,14)->(14,18)] lands=Some(false) turned=false violations=[("I-3.1", "盘 0：记账的已分配 Some(1310720)，遍历全部有效根得到 1474560")]
NEWRAISE seed=381 step=25 F=13 in_gap=false gaps=[step12:(1,3)->(3,7)] lands=Some(false) turned=false violations=[("I-3.1", "盘 0：记账的已分配 Some(819200)，遍历全部有效根得到 983040")]
NEWRAISE seed=384 step=20 F=13 in_gap=false gaps=[step5:(2,4)->(4,7),step19:(4,19)->(19,23)] lands=Some(false) turned=true violations=[("I-3.1", "盘 0：记账的已分配 Some(1179648)，遍历全部有效根得到 1343488")]
NEWRAISE seed=385 step=10 F=5 in_gap=false gaps=[] lands=Some(false) turned=false violations=[("I-3.1", "盘 0：记账的已分配 Some(884736)，遍历全部有效根得到 1048576")]
NEWRAISE seed=387 step=13 F=12 in_gap=false gaps=[step1:(1,3)->(3,5)] lands=Some(false) turned=false violations=[("I-3.1", "盘 0：记账的已分配 Some(1212416)，遍历全部有效根得到 1277952")]
NEWRAISE seed=388 step=22 F=15 in_gap=false gaps=[step6:(1,4)->(4,5),step13:(3,10)->(10,14)] lands=Some(false) turned=true violations=[("I-3.1", "盘 0：记账的已分配 Some(1507328)，遍历全部有效根得到 1572864")]
NEWRAISE seed=394 step=28 F=7 in_gap=false gaps=[step1:(1,3)->(3,4),step15:(3,10)->(10,11),step20:(5,16)->(16,17)] lands=Some(false) turned=true violations=[("I-3.1", "盘 0：记账的已分配 Some(2326528)，遍历全部有效根得到 2490368")]
NEWRAISE seed=398 step=16 F=21 in_gap=false gaps=[] lands=Some(false) turned=true violations=[("I-3.1", "盘 0：记账的已分配 Some(655360)，遍历全部有效根得到 819200")]
NEWRAISE seed=404 step=16 F=5 in_gap=false gaps=[step0:(1,3)->(3,4),step11:(4,15)->(15,17)] lands=Some(false) turned=false violations=[("I-3.1", "盘 0：记账的已分配 Some(1933312)，遍历全部有效根得到 2097152")]
NEWRAISE seed=405 step=9 F=2 in_gap=false gaps=[] lands=Some(false) turned=false violations=[("I-3.1", "盘 0：记账的已分配 Some(1441792)，遍历全部有效根得到 1458176")]
NEWRAISE seed=409 step=12 F=2 in_gap=false gaps=[step2:(1,3)->(3,4)] lands=Some(false) turned=false violations=[("I-3.1", "盘 0：记账的已分配 Some(1966080)，遍历全部有效根得到 1982464")]
NEWRAISE seed=412 step=9 F=4 in_gap=false gaps=[step8:(2,11)->(11,12)] lands=Some(false) turned=false violations=[("I-3.1", "盘 0：记账的已分配 Some(1376256)，遍历全部有效根得到 1540096")]
NEWRAISE seed=418 step=22 F=3 in_gap=false gaps=[step11:(2,7)->(7,9)] lands=Some(false) turned=true violations=[("I-3.1", "盘 0：记账的已分配 Some(2490368)，遍历全部有效根得到 2588672")]
NEWRAISE seed=422 step=22 F=13 in_gap=false gaps=[step7:(1,3)->(3,8)] lands=Some(false) turned=false violations=[("I-3.1", "盘 0：记账的已分配 Some(1048576)，遍历全部有效根得到 1212416")]
NEWRAISE seed=423 step=23 F=5 in_gap=false gaps=[step13:(3,11)->(11,14)] lands=Some(false) turned=true violations=[("I-3.1", "盘 0：记账的已分配 Some(2097152)，遍历全部有效根得到 2162688")]
NEWRAISE seed=429 step=17 F=2 in_gap=false gaps=[] lands=Some(false) turned=false violations=[("I-3.1", "盘 0：记账的已分配 Some(1146880)，遍历全部有效根得到 1163264")]
NEWRAISE seed=431 step=39 F=5 in_gap=false gaps=[step19:(3,8)->(8,9)] lands=Some(false) turned=true violations=[("I-3.1", "盘 0：记账的已分配 Some(2523136)，遍历全部有效根得到 2621440")]
NEWRAISE seed=437 step=22 F=3 in_gap=false gaps=[step13:(3,12)->(12,13)] lands=Some(false) turned=true violations=[("I-3.1", "盘 0：记账的已分配 Some(2752512)，遍历全部有效根得到 2850816")]
NEWRAISE seed=440 step=15 F=10 in_gap=false gaps=[] lands=Some(false) turned=false violations=[("I-3.1", "盘 0：记账的已分配 Some(819200)，遍历全部有效根得到 983040")]
NEWRAISE seed=441 step=26 F=10 in_gap=false gaps=[] lands=Some(false) turned=true violations=[("I-3.1", "盘 0：记账的已分配 Some(1802240)，遍历全部有效根得到 1867776")]
NEWRAISE seed=448 step=18 F=7 in_gap=false gaps=[] lands=Some(false) turned=false violations=[("I-3.1", "盘 0：记账的已分配 Some(720896)，遍历全部有效根得到 884736")]
NEWRAISE seed=451 step=20 F=10 in_gap=false gaps=[step16:(6,18)->(18,19)] lands=Some(false) turned=false violations=[("I-3.1", "盘 0：记账的已分配 Some(1474560)，遍历全部有效根得到 1638400")]
NEWRAISE seed=452 step=23 F=8 in_gap=false gaps=[step6:(2,8)->(8,9)] lands=Some(false) turned=true violations=[("I-3.1", "盘 0：记账的已分配 Some(1933312)，遍历全部有效根得到 2031616")]
NEWRAISE seed=455 step=29 F=8 in_gap=false gaps=[step13:(1,5)->(5,7),step15:(2,9)->(9,10)] lands=Some(false) turned=true violations=[("I-3.1", "盘 0：记账的已分配 Some(2129920)，遍历全部有效根得到 2293760")]
NEWRAISE seed=462 step=23 F=17 in_gap=false gaps=[step5:(1,5)->(5,6),step13:(3,11)->(11,13)] lands=Some(false) turned=true violations=[("I-3.1", "盘 0：记账的已分配 Some(884736)，遍历全部有效根得到 1048576")]
NEWRAISE seed=470 step=30 F=8 in_gap=false gaps=[step27:(2,11)->(11,14)] lands=Some(false) turned=false violations=[("I-3.1", "盘 0：记账的已分配 Some(1212416)，遍历全部有效根得到 1376256")]
NEWRAISE seed=473 step=18 F=6 in_gap=false gaps=[step9:(2,9)->(9,11),step11:(3,13)->(13,14)] lands=Some(false) turned=true violations=[("I-3.1", "盘 0：记账的已分配 Some(1998848)，遍历全部有效根得到 2064384")]
NEWRAISE seed=475 step=12 F=3 in_gap=false gaps=[step5:(1,4)->(4,5)] lands=Some(false) turned=false violations=[("I-3.1", "盘 0：记账的已分配 Some(1179648)，遍历全部有效根得到 1343488")]
NEWRAISE seed=476 step=21 F=11 in_gap=false gaps=[step16:(2,11)->(11,12),step20:(3,16)->(16,17)] lands=Some(false) turned=false violations=[("I-3.1", "盘 0：记账的已分配 Some(1179648)，遍历全部有效根得到 1277952")]
NEWRAISE seed=481 step=32 F=6 in_gap=false gaps=[step19:(1,7)->(7,11),step24:(3,13)->(13,16)] lands=Some(false) turned=true violations=[("I-3.1", "盘 0：记账的已分配 Some(1441792)，遍历全部有效根得到 1605632")]
NEWRAISE seed=485 step=16 F=2 in_gap=false gaps=[] lands=Some(false) turned=false violations=[("I-3.1", "盘 0：记账的已分配 Some(2064384)，遍历全部有效根得到 2080768")]
NEWRAISE seed=486 step=34 F=7 in_gap=false gaps=[] lands=Some(false) turned=true violations=[("I-3.1", "盘 0：记账的已分配 Some(1867776)，遍历全部有效根得到 2031616")]
NEWRAISE seed=488 step=7 F=2 in_gap=false gaps=[step6:(3,9)->(9,11)] lands=Some(false) turned=false violations=[("I-3.1", "盘 0：记账的已分配 Some(1376256)，遍历全部有效根得到 1392640")]
NEWRAISE seed=489 step=7 F=2 in_gap=false gaps=[] lands=Some(false) turned=false violations=[("I-3.1", "盘 0：记账的已分配 Some(1048576)，遍历全部有效根得到 1064960")]
NEWRAISE seed=493 step=16 F=3 in_gap=false gaps=[step8:(2,7)->(7,9)] lands=Some(false) turned=false violations=[("I-3.1", "盘 0：记账的已分配 Some(1900544)，遍历全部有效根得到 2064384")]
NEWRAISE seed=494 step=28 F=4 in_gap=false gaps=[step8:(1,6)->(6,10),step25:(2,11)->(11,13)] lands=Some(false) turned=false violations=[("I-3.1", "盘 0：记账的已分配 Some(1114112)，遍历全部有效根得到 1277952")]
NEWRAISE seed=498 step=18 F=5 in_gap=false gaps=[step1:(1,3)->(3,4),step8:(3,9)->(9,12)] lands=Some(false) turned=false violations=[("I-3.1", "盘 0：记账的已分配 Some(1867776)，遍历全部有效根得到 1966080")]
NEWRAISE seed=505 step=23 F=3 in_gap=false gaps=[step17:(2,10)->(10,13)] lands=Some(false) turned=false violations=[("I-3.1", "盘 0：记账的已分配 Some(1769472)，遍历全部有效根得到 1933312")]
NEWRAISE seed=506 step=13 F=3 in_gap=false gaps=[] lands=Some(false) turned=false violations=[("I-3.1", "盘 0：记账的已分配 Some(1048576)，遍历全部有效根得到 1212416")]
NEWRAISE seed=509 step=21 F=5 in_gap=false gaps=[] lands=Some(false) turned=false violations=[("I-3.1", "盘 0：记账的已分配 Some(819200)，遍历全部有效根得到 983040")]
NEWRAISE seed=510 step=17 F=4 in_gap=false gaps=[step8:(2,8)->(8,9)] lands=Some(false) turned=false violations=[("I-3.1", "盘 0：记账的已分配 Some(1966080)，遍历全部有效根得到 2129920")]
NEWRAISE seed=520 step=15 F=7 in_gap=false gaps=[] lands=Some(false) turned=false violations=[("I-3.1", "盘 0：记账的已分配 Some(1441792)，遍历全部有效根得到 1605632")]
NEWRAISE seed=522 step=11 F=3 in_gap=false gaps=[step5:(2,6)->(6,9)] lands=Some(false) turned=false violations=[("I-3.1", "盘 0：记账的已分配 Some(1441792)，遍历全部有效根得到 1540096")]
NEWRAISE seed=524 step=20 F=4 in_gap=false gaps=[step16:(5,16)->(16,20)] lands=Some(false) turned=true violations=[("I-3.1", "盘 0：记账的已分配 Some(2293760)，遍历全部有效根得到 2359296")]
NEWRAISE seed=526 step=28 F=5 in_gap=false gaps=[step7:(1,3)->(3,4)] lands=Some(false) turned=true violations=[("I-3.1", "盘 0：记账的已分配 Some(2850816)，遍历全部有效根得到 3014656")]
NEWRAISE seed=530 step=19 F=10 in_gap=false gaps=[step1:(1,3)->(3,5)] lands=Some(false) turned=true violations=[("I-3.1", "盘 0：记账的已分配 Some(1605632)，遍历全部有效根得到 1769472")]
NEWRAISE seed=531 step=24 F=10 in_gap=false gaps=[] lands=Some(false) turned=true violations=[("I-3.1", "盘 0：记账的已分配 Some(1605632)，遍历全部有效根得到 1769472")]
NEWRAISE seed=533 step=28 F=20 in_gap=false gaps=[step17:(3,7)->(7,13)] lands=Some(false) turned=true violations=[("I-3.1", "盘 0：记账的已分配 Some(819200)，遍历全部有效根得到 983040")]
NEWRAISE seed=536 step=12 F=9 in_gap=false gaps=[step2:(2,5)->(5,8)] lands=Some(false) turned=false violations=[("I-3.1", "盘 0：记账的已分配 Some(1540096)，遍历全部有效根得到 1605632")]
NEWRAISE seed=542 step=18 F=8 in_gap=false gaps=[] lands=Some(false) turned=true violations=[("I-3.1", "盘 0：记账的已分配 Some(1671168)，遍历全部有效根得到 1835008")]
NEWRAISE seed=543 step=10 F=4 in_gap=false gaps=[step6:(1,5)->(5,6)] lands=Some(false) turned=false violations=[("I-3.1", "盘 0：记账的已分配 Some(819200)，遍历全部有效根得到 983040")]
NEWRAISE seed=545 step=12 F=3 in_gap=false gaps=[] lands=Some(false) turned=false violations=[("I-3.1", "盘 0：记账的已分配 Some(884736)，遍历全部有效根得到 983040")]
NEWRAISE seed=547 step=15 F=4 in_gap=false gaps=[] lands=Some(false) turned=false violations=[("I-3.1", "盘 0：记账的已分配 Some(1703936)，遍历全部有效根得到 1867776")]
NEWRAISE seed=548 step=10 F=7 in_gap=false gaps=[] lands=Some(false) turned=false violations=[("I-3.1", "盘 0：记账的已分配 Some(720896)，遍历全部有效根得到 884736")]
NEWRAISE seed=558 step=26 F=2 in_gap=false gaps=[step17:(2,7)->(7,9)] lands=Some(false) turned=false violations=[("I-3.1", "盘 0：记账的已分配 Some(1703936)，遍历全部有效根得到 1720320")]
NEWRAISE seed=559 step=12 F=15 in_gap=false gaps=[step3:(2,6)->(6,8)] lands=Some(false) turned=true violations=[("I-3.1", "盘 0：记账的已分配 Some(1114112)，遍历全部有效根得到 1277952")]
NEWRAISE seed=560 step=14 F=2 in_gap=false gaps=[] lands=Some(false) turned=false violations=[("I-3.1", "盘 0：记账的已分配 Some(1867776)，遍历全部有效根得到 1884160")]
NEWRAISE seed=564 step=21 F=17 in_gap=false gaps=[step11:(3,11)->(11,12)] lands=Some(false) turned=false violations=[("I-3.1", "盘 0：记账的已分配 Some(655360)，遍历全部有效根得到 819200")]
NEWRAISE seed=567 step=20 F=15 in_gap=false gaps=[step8:(1,4)->(4,6),step12:(1,3)->(3,12)] lands=Some(false) turned=true violations=[("I-3.1", "盘 0：记账的已分配 Some(1212416)，遍历全部有效根得到 1277952")]
NEWRAISE seed=568 step=7 F=5 in_gap=false gaps=[] lands=Some(false) turned=false violations=[("I-3.1", "盘 0：记账的已分配 Some(983040)，遍历全部有效根得到 1146880")]
NEWRAISE seed=569 step=19 F=3 in_gap=false gaps=[step2:(1,3)->(3,4)] lands=Some(false) turned=false violations=[("I-3.1", "盘 0：记账的已分配 Some(1507328)，遍历全部有效根得到 1605632")]
NEWRAISE seed=571 step=17 F=14 in_gap=false gaps=[step6:(1,3)->(3,8)] lands=Some(false) turned=false violations=[("I-3.1", "盘 0：记账的已分配 Some(1212416)，遍历全部有效根得到 1277952")]
NEWRAISE seed=574 step=6 F=2 in_gap=false gaps=[] lands=Some(false) turned=false violations=[("I-3.1", "盘 0：记账的已分配 Some(1277952)，遍历全部有效根得到 1294336")]
NEWRAISE seed=575 step=18 F=11 in_gap=false gaps=[step8:(4,9)->(9,11)] lands=Some(false) turned=false violations=[("I-3.1", "盘 0：记账的已分配 Some(1376256)，遍历全部有效根得到 1441792")]
NEWRAISE seed=576 step=24 F=3 in_gap=false gaps=[] lands=Some(false) turned=false violations=[("I-3.1", "盘 0：记账的已分配 Some(2785280)，遍历全部有效根得到 2949120")]
NEWRAISE seed=579 step=17 F=9 in_gap=false gaps=[step6:(2,4)->(4,8)] lands=Some(false) turned=false violations=[("I-3.1", "盘 0：记账的已分配 Some(1310720)，遍历全部有效根得到 1376256")]
NEWRAISE seed=583 step=35 F=2 in_gap=false gaps=[step12:(2,5)->(5,7)] lands=Some(false) turned=false violations=[("I-3.1", "盘 0：记账的已分配 Some(2195456)，遍历全部有效根得到 2211840")]
NEWRAISE seed=586 step=27 F=15 in_gap=false gaps=[step2:(2,6)->(6,7),step25:(5,18)->(18,21)] lands=Some(false) turned=true violations=[("I-3.1", "盘 0：记账的已分配 Some(884736)，遍历全部有效根得到 1048576")]
NEWRAISE seed=587 step=16 F=2 in_gap=false gaps=[step12:(2,6)->(6,9)] lands=Some(false) turned=false violations=[("I-3.1", "盘 0：记账的已分配 Some(1146880)，遍历全部有效根得到 1163264")]
NEWRAISE seed=589 step=12 F=3 in_gap=false gaps=[] lands=Some(false) turned=false violations=[("I-3.1", "盘 0：记账的已分配 Some(1376256)，遍历全部有效根得到 1540096")]
NEWRAISE seed=598 step=25 F=16 in_gap=false gaps=[step12:(2,7)->(7,8),step18:(3,12)->(12,13)] lands=Some(false) turned=true violations=[("I-3.1", "盘 0：记账的已分配 Some(1015808)，遍历全部有效根得到 1114112")]
NEWRAISE seed=603 step=14 F=4 in_gap=false gaps=[step7:(3,8)->(8,14),step8:(5,16)->(16,17)] lands=Some(false) turned=true violations=[("I-3.1", "盘 0：记账的已分配 Some(1671168)，遍历全部有效根得到 1736704")]
NEWRAISE seed=608 step=19 F=4 in_gap=false gaps=[] lands=Some(false) turned=false violations=[("I-3.1", "盘 0：记账的已分配 Some(1703936)，遍历全部有效根得到 1867776")]
NEWRAISE seed=610 step=22 F=18 in_gap=false gaps=[step3:(2,7)->(7,8)] lands=Some(false) turned=true violations=[("I-3.1", "盘 0：记账的已分配 Some(1114112)，遍历全部有效根得到 1212416")]
NEWRAISE seed=611 step=20 F=2 in_gap=false gaps=[step10:(1,6)->(6,8),step11:(2,8)->(8,11)] lands=Some(false) turned=false violations=[("I-3.1", "盘 0：记账的已分配 Some(1966080)，遍历全部有效根得到 1982464")]
NEWRAISE seed=614 step=6 F=2 in_gap=false gaps=[] lands=Some(false) turned=false violations=[("I-3.1", "盘 0：记账的已分配 Some(983040)，遍历全部有效根得到 999424")]
NEWRAISE seed=616 step=17 F=6 in_gap=false gaps=[step2:(1,3)->(3,5)] lands=Some(false) turned=false violations=[("I-3.1", "盘 0：记账的已分配 Some(1638400)，遍历全部有效根得到 1703936")]
NEWRAISE seed=619 step=15 F=4 in_gap=false gaps=[] lands=Some(false) turned=false violations=[("I-3.1", "盘 0：记账的已分配 Some(1736704)，遍历全部有效根得到 1900544")]
NEWRAISE seed=622 step=20 F=5 in_gap=false gaps=[] lands=Some(false) turned=false violations=[("I-3.1", "盘 0：记账的已分配 Some(1835008)，遍历全部有效根得到 1900544")]
NEWRAISE seed=624 step=13 F=3 in_gap=false gaps=[] lands=Some(false) turned=false violations=[("I-3.1", "盘 0：记账的已分配 Some(1507328)，遍历全部有效根得到 1671168")]
NEWRAISE seed=625 step=15 F=11 in_gap=false gaps=[step5:(1,3)->(3,8),step14:(5,18)->(18,21)] lands=Some(false) turned=true violations=[("I-3.1", "盘 0：记账的已分配 Some(1277952)，遍历全部有效根得到 1376256")]
NEWRAISE seed=628 step=23 F=4 in_gap=false gaps=[step7:(2,7)->(7,8),step9:(3,9)->(9,12)] lands=Some(false) turned=true violations=[("I-3.1", "盘 0：记账的已分配 Some(1802240)，遍历全部有效根得到 1900544")]
NEWRAISE seed=630 step=29 F=12 in_gap=false gaps=[step21:(2,7)->(7,10)] lands=Some(false) turned=false violations=[("I-3.1", "盘 0：记账的已分配 Some(983040)，遍历全部有效根得到 1048576")]
NEWRAISE seed=631 step=17 F=13 in_gap=false gaps=[step0:(1,3)->(3,4)] lands=Some(false) turned=true violations=[("I-3.1", "盘 0：记账的已分配 Some(1179648)，遍历全部有效根得到 1343488")]
NEWRAISE seed=633 step=10 F=3 in_gap=false gaps=[] lands=Some(false) turned=false violations=[("I-3.1", "盘 0：记账的已分配 Some(819200)，遍历全部有效根得到 983040")]
NEWRAISE seed=636 step=12 F=3 in_gap=false gaps=[] lands=Some(false) turned=false violations=[("I-3.1", "盘 0：记账的已分配 Some(884736)，遍历全部有效根得到 983040")]
NEWRAISE seed=637 step=19 F=3 in_gap=false gaps=[step6:(1,4)->(4,9)] lands=Some(false) turned=false violations=[("I-3.1", "盘 0：记账的已分配 Some(1376256)，遍历全部有效根得到 1540096")]
NEWRAISE seed=645 step=30 F=14 in_gap=false gaps=[] lands=Some(false) turned=false violations=[("I-3.1", "盘 0：记账的已分配 Some(884736)，遍历全部有效根得到 1048576")]
NEWRAISE seed=648 step=8 F=3 in_gap=false gaps=[step4:(1,6)->(6,7)] lands=Some(false) turned=false violations=[("I-3.1", "盘 0：记账的已分配 Some(1310720)，遍历全部有效根得到 1474560")]
NEWRAISE seed=649 step=28 F=17 in_gap=false gaps=[step1:(1,3)->(3,4)] lands=Some(false) turned=true violations=[("I-3.1", "盘 0：记账的已分配 Some(884736)，遍历全部有效根得到 1048576")]
NEWRAISE seed=652 step=28 F=18 in_gap=false gaps=[step7:(4,13)->(13,14)] lands=Some(false) turned=true violations=[("I-3.1", "盘 0：记账的已分配 Some(1114112)，遍历全部有效根得到 1212416")]
NEWRAISE seed=653 step=39 F=9 in_gap=false gaps=[step37:(3,13)->(13,17)] lands=Some(false) turned=false violations=[("I-3.1", "盘 0：记账的已分配 Some(1212416)，遍历全部有效根得到 1277952")]
GAP seed=659 step=26 F=7 in_gap=true gaps=[step12:(1,6)->(6,10)] ring_before=Some([(19, 3), (18, 3), (17, 3), (16, 3), (15, 3), (14, 3), (13, 3), (12, 2), (11, 2), (10, 2), (9, 1), (8, 1), (7, 1), (6, 1), (5, 1), (4, 1)]) overcount_bytes=Some(98304)
NEWRAISE seed=661 step=17 F=11 in_gap=false gaps=[step8:(1,6)->(6,9)] lands=Some(false) turned=false violations=[("I-3.1", "盘 0：记账的已分配 Some(851968)，遍历全部有效根得到 1015808")]
NEWRAISE seed=662 step=16 F=2 in_gap=false gaps=[step9:(2,7)->(7,10)] lands=Some(false) turned=false violations=[("I-3.1", "盘 0：记账的已分配 Some(1966080)，遍历全部有效根得到 1982464")]
NEWRAISE seed=664 step=17 F=5 in_gap=false gaps=[] lands=Some(false) turned=false violations=[("I-3.1", "盘 0：记账的已分配 Some(1507328)，遍历全部有效根得到 1572864")]
NEWRAISE seed=666 step=27 F=8 in_gap=false gaps=[step26:(5,18)->(18,21)] lands=Some(false) turned=true violations=[("I-3.1", "盘 0：记账的已分配 Some(1867776)，遍历全部有效根得到 1933312")]
NEWRAISE seed=668 step=16 F=2 in_gap=false gaps=[step14:(1,6)->(6,14)] lands=Some(false) turned=false violations=[("I-3.1", "盘 0：记账的已分配 Some(1114112)，遍历全部有效根得到 1130496")]
NEWRAISE seed=671 step=8 F=4 in_gap=false gaps=[] lands=Some(false) turned=false violations=[("I-3.1", "盘 0：记账的已分配 Some(983040)，遍历全部有效根得到 1146880")]
NEWRAISE seed=672 step=18 F=12 in_gap=false gaps=[] lands=Some(false) turned=false violations=[("I-3.1", "盘 0：记账的已分配 Some(1376256)，遍历全部有效根得到 1441792")]
NEWRAISE seed=674 step=17 F=2 in_gap=false gaps=[step14:(4,13)->(13,16)] lands=Some(false) turned=false violations=[("I-3.1", "盘 0：记账的已分配 Some(1802240)，遍历全部有效根得到 1818624")]
NEWRAISE seed=678 step=12 F=3 in_gap=false gaps=[] lands=Some(false) turned=false violations=[("I-3.1", "盘 0：记账的已分配 Some(1933312)，遍历全部有效根得到 2097152")]
NEWRAISE seed=680 step=24 F=6 in_gap=false gaps=[step4:(2,5)->(5,6),step18:(4,13)->(13,15)] lands=Some(false) turned=false violations=[("I-3.1", "盘 0：记账的已分配 Some(1769472)，遍历全部有效根得到 1835008")]
NEWRAISE seed=682 step=18 F=5 in_gap=false gaps=[step13:(2,11)->(11,14)] lands=Some(false) turned=false violations=[("I-3.1", "盘 0：记账的已分配 Some(1671168)，遍历全部有效根得到 1835008")]
NEWRAISE seed=689 step=25 F=13 in_gap=false gaps=[step11:(3,6)->(6,9)] lands=Some(false) turned=true violations=[("I-3.1", "盘 0：记账的已分配 Some(1441792)，遍历全部有效根得到 1540096")]
NEWRAISE seed=691 step=20 F=16 in_gap=false gaps=[step0:(1,3)->(3,4),step11:(2,8)->(8,12)] lands=Some(false) turned=true violations=[("I-3.1", "盘 0：记账的已分配 Some(1048576)，遍历全部有效根得到 1212416")]
GAP seed=693 step=14 F=5 in_gap=true gaps=[step5:(1,4)->(4,7)] ring_before=Some([(13, 2), (12, 2), (11, 2), (10, 2), (9, 2), (8, 2), (7, 2), (6, 1), (5, 1), (4, 1), (3, 1), (2, 1), (1, 1), (0, 0)]) overcount_bytes=Some(98304)
NEWRAISE seed=694 step=21 F=5 in_gap=false gaps=[] lands=Some(false) turned=false violations=[("I-3.1", "盘 0：记账的已分配 Some(1835008)，遍历全部有效根得到 1900544")]
NEWRAISE seed=701 step=25 F=15 in_gap=false gaps=[step5:(1,3)->(3,6)] lands=Some(false) turned=true violations=[("I-3.1", "盘 0：记账的已分配 Some(1671168)，遍历全部有效根得到 1835008")]
NEWRAISE seed=704 step=25 F=17 in_gap=false gaps=[] lands=Some(false) turned=true violations=[("I-3.1", "盘 0：记账的已分配 Some(1146880)，遍历全部有效根得到 1310720")]
NEWRAISE seed=706 step=17 F=3 in_gap=false gaps=[] lands=Some(false) turned=false violations=[("I-3.1", "盘 0：记账的已分配 Some(2359296)，遍历全部有效根得到 2523136")]
NEWRAISE seed=707 step=15 F=3 in_gap=false gaps=[step4:(2,6)->(6,8),step12:(3,9)->(9,12)] lands=Some(false) turned=false violations=[("I-3.1", "盘 0：记账的已分配 Some(1146880)，遍历全部有效根得到 1310720")]
NEWRAISE seed=708 step=11 F=11 in_gap=false gaps=[step2:(1,4)->(4,5),step5:(3,8)->(8,11)] lands=Some(false) turned=false violations=[("I-3.1", "盘 0：记账的已分配 Some(1048576)，遍历全部有效根得到 1114112")]
NEWRAISE seed=709 step=19 F=4 in_gap=false gaps=[step8:(1,5)->(5,10),step16:(4,15)->(15,18)] lands=Some(false) turned=true violations=[("I-3.1", "盘 0：记账的已分配 Some(1474560)，遍历全部有效根得到 1638400")]
NEWRAISE seed=711 step=23 F=9 in_gap=false gaps=[] lands=Some(false) turned=false violations=[("I-3.1", "盘 0：记账的已分配 Some(1540096)，遍历全部有效根得到 1605632")]
NEWRAISE seed=716 step=19 F=3 in_gap=false gaps=[step10:(1,5)->(5,8)] lands=Some(false) turned=false violations=[("I-3.1", "盘 0：记账的已分配 Some(1507328)，遍历全部有效根得到 1671168")]
NEWRAISE seed=721 step=18 F=13 in_gap=false gaps=[step3:(1,5)->(5,6),step6:(1,5)->(5,9)] lands=Some(false) turned=false violations=[("I-3.1", "盘 0：记账的已分配 Some(720896)，遍历全部有效根得到 884736")]
NEWRAISE seed=724 step=11 F=7 in_gap=false gaps=[] lands=Some(false) turned=false violations=[("I-3.1", "盘 0：记账的已分配 Some(983040)，遍历全部有效根得到 1146880")]
NEWRAISE seed=725 step=21 F=7 in_gap=false gaps=[step2:(1,3)->(3,4)] lands=Some(false) turned=false violations=[("I-3.1", "盘 0：记账的已分配 Some(1933312)，遍历全部有效根得到 2097152")]
NEWRAISE seed=726 step=13 F=4 in_gap=false gaps=[] lands=Some(false) turned=false violations=[("I-3.1", "盘 0：记账的已分配 Some(1605632)，遍历全部有效根得到 1769472")]
NEWRAISE seed=728 step=21 F=11 in_gap=false gaps=[step10:(3,11)->(11,12)] lands=Some(false) turned=false violations=[("I-3.1", "盘 0：记账的已分配 Some(1441792)，遍历全部有效根得到 1540096")]
NEWRAISE seed=736 step=19 F=8 in_gap=false gaps=[] lands=Some(false) turned=false violations=[("I-3.1", "盘 0：记账的已分配 Some(1277952)，遍历全部有效根得到 1441792")]
GAP seed=752 step=19 F=6 in_gap=true gaps=[step9:(2,5)->(5,9),step11:(4,9)->(9,11)] ring_before=Some([(18, 5), (17, 5), (16, 5), (15, 5), (14, 5), (13, 5), (12, 5), (11, 5), (10, 4), (9, 4), (8, 3), (7, 3), (6, 3), (5, 2), (4, 2), (3, 1)]) overcount_bytes=Some(98304)
NEWRAISE seed=758 step=7 F=2 in_gap=false gaps=[] lands=Some(false) turned=false violations=[("I-3.1", "盘 0：记账的已分配 Some(1310720)，遍历全部有效根得到 1327104")]
NEWRAISE seed=759 step=31 F=14 in_gap=false gaps=[] lands=Some(false) turned=false violations=[("I-3.1", "盘 0：记账的已分配 Some(1146880)，遍历全部有效根得到 1310720")]
NEWRAISE seed=760 step=36 F=9 in_gap=false gaps=[step34:(4,16)->(16,17),step35:(5,19)->(19,20)] lands=Some(false) turned=true violations=[("I-3.1", "盘 0：记账的已分配 Some(1835008)，遍历全部有效根得到 1900544")]
NEWRAISE seed=761 step=18 F=13 in_gap=false gaps=[step1:(1,3)->(3,4)] lands=Some(false) turned=false violations=[("I-3.1", "盘 0：记账的已分配 Some(720896)，遍历全部有效根得到 884736")]
NEWRAISE seed=765 step=25 F=5 in_gap=false gaps=[] lands=Some(false) turned=false violations=[("I-3.1", "盘 0：记账的已分配 Some(1048576)，遍历全部有效根得到 1114112")]
NEWRAISE seed=768 step=11 F=3 in_gap=false gaps=[step3:(2,7)->(7,8)] lands=Some(false) turned=false violations=[("I-3.1", "盘 0：记账的已分配 Some(1933312)，遍历全部有效根得到 2031616")]
NEWRAISE seed=772 step=21 F=3 in_gap=false gaps=[] lands=Some(false) turned=false violations=[("I-3.1", "盘 0：记账的已分配 Some(1114112)，遍历全部有效根得到 1212416")]
NEWRAISE seed=773 step=24 F=10 in_gap=false gaps=[step16:(3,12)->(12,16)] lands=Some(false) turned=true violations=[("I-3.1", "盘 0：记账的已分配 Some(1409024)，遍历全部有效根得到 1572864")]
NEWRAISE seed=774 step=12 F=3 in_gap=false gaps=[] lands=Some(false) turned=false violations=[("I-3.1", "盘 0：记账的已分配 Some(1212416)，遍历全部有效根得到 1376256")]
NEWRAISE seed=776 step=20 F=4 in_gap=false gaps=[step17:(3,15)->(15,20)] lands=Some(false) turned=true violations=[("I-3.1", "盘 0：记账的已分配 Some(2195456)，遍历全部有效根得到 2359296")]
NEWRAISE seed=779 step=14 F=4 in_gap=false gaps=[] lands=Some(false) turned=false violations=[("I-3.1", "盘 0：记账的已分配 Some(1605632)，遍历全部有效根得到 1769472")]
NEWRAISE seed=784 step=19 F=2 in_gap=false gaps=[] lands=Some(false) turned=false violations=[("I-3.1", "盘 0：记账的已分配 Some(2097152)，遍历全部有效根得到 2113536")]
NEWRAISE seed=787 step=21 F=3 in_gap=false gaps=[step20:(5,17)->(17,20)] lands=Some(false) turned=true violations=[("I-3.1", "盘 0：记账的已分配 Some(2260992)，遍历全部有效根得到 2359296")]
NEWRAISE seed=790 step=21 F=18 in_gap=false gaps=[] lands=Some(false) turned=true violations=[("I-3.1", "盘 0：记账的已分配 Some(819200)，遍历全部有效根得到 983040")]
NEWRAISE seed=793 step=21 F=17 in_gap=false gaps=[] lands=Some(false) turned=true violations=[("I-3.1", "盘 0：记账的已分配 Some(1048576)，遍历全部有效根得到 1212416")]
NEWRAISE seed=794 step=21 F=3 in_gap=false gaps=[step17:(2,9)->(9,13)] lands=Some(false) turned=false violations=[("I-3.1", "盘 0：记账的已分配 Some(1638400)，遍历全部有效根得到 1802240")]
NEWRAISE seed=796 step=24 F=3 in_gap=false gaps=[step20:(3,10)->(10,14)] lands=Some(false) turned=false violations=[("I-3.1", "盘 0：记账的已分配 Some(1441792)，遍历全部有效根得到 1605632")]
NEWRAISE seed=797 step=22 F=19 in_gap=false gaps=[step10:(3,11)->(11,14),step21:(4,23)->(23,24)] lands=Some(false) turned=true violations=[("I-3.1", "盘 0：记账的已分配 Some(1048576)，遍历全部有效根得到 1212416")]
NEWRAISE seed=798 step=21 F=9 in_gap=false gaps=[step12:(3,10)->(10,14)] lands=Some(false) turned=true violations=[("I-3.1", "盘 0：记账的已分配 Some(1572864)，遍历全部有效根得到 1671168")]
NEWRAISE seed=801 step=16 F=2 in_gap=false gaps=[step0:(1,3)->(3,4)] lands=Some(false) turned=true violations=[("I-3.1", "盘 0：记账的已分配 Some(2359296)，遍历全部有效根得到 2375680")]
NEWRAISE seed=805 step=18 F=10 in_gap=false gaps=[] lands=Some(false) turned=false violations=[("I-3.1", "盘 0：记账的已分配 Some(950272)，遍历全部有效根得到 1114112")]
NEWRAISE seed=809 step=8 F=3 in_gap=false gaps=[] lands=Some(false) turned=false violations=[("I-3.1", "盘 0：记账的已分配 Some(1212416)，遍历全部有效根得到 1310720")]
NEWRAISE seed=816 step=12 F=3 in_gap=false gaps=[] lands=Some(false) turned=false violations=[("I-3.1", "盘 0：记账的已分配 Some(1835008)，遍历全部有效根得到 1933312")]
NEWRAISE seed=821 step=34 F=10 in_gap=false gaps=[step5:(1,4)->(4,5),step28:(3,15)->(15,18)] lands=Some(false) turned=true violations=[("I-3.1", "盘 0：记账的已分配 Some(1605632)，遍历全部有效根得到 1703936")]
NEWRAISE seed=825 step=15 F=3 in_gap=false gaps=[] lands=Some(false) turned=false violations=[("I-3.1", "盘 0：记账的已分配 Some(1474560)，遍历全部有效根得到 1638400")]
NEWRAISE seed=827 step=17 F=10 in_gap=false gaps=[step4:(2,6)->(6,8),step14:(4,16)->(16,17)] lands=Some(false) turned=false violations=[("I-3.1", "盘 0：记账的已分配 Some(1277952)，遍历全部有效根得到 1441792")]
NEWRAISE seed=831 step=15 F=5 in_gap=false gaps=[step14:(2,10)->(10,17)] lands=Some(false) turned=false violations=[("I-3.1", "盘 0：记账的已分配 Some(1114112)，遍历全部有效根得到 1277952")]
GAP seed=832 step=33 F=9 in_gap=true gaps=[step26:(3,7)->(7,16)] ring_before=Some([(21, 5), (20, 5), (19, 5), (18, 5), (17, 5), (16, 5), (15, 4), (14, 4), (13, 4), (12, 4), (11, 4), (10, 3), (9, 3), (8, 3), (7, 3), (6, 3)]) overcount_bytes=Some(98304)
NEWRAISE seed=837 step=12 F=2 in_gap=false gaps=[] lands=Some(false) turned=false violations=[("I-3.1", "盘 0：记账的已分配 Some(1441792)，遍历全部有效根得到 1458176")]
NEWRAISE seed=838 step=9 F=7 in_gap=false gaps=[] lands=Some(false) turned=false violations=[("I-3.1", "盘 0：记账的已分配 Some(1114112)，遍历全部有效根得到 1277952")]
NEWRAISE seed=843 step=23 F=10 in_gap=false gaps=[step16:(3,17)->(17,18)] lands=Some(false) turned=true violations=[("I-3.1", "盘 0：记账的已分配 Some(2031616)，遍历全部有效根得到 2195456")]
NEWRAISE seed=846 step=18 F=3 in_gap=false gaps=[step12:(1,5)->(5,8)] lands=Some(false) turned=false violations=[("I-3.1", "盘 0：记账的已分配 Some(1277952)，遍历全部有效根得到 1441792")]
NEWRAISE seed=849 step=22 F=17 in_gap=false gaps=[step8:(1,4)->(4,13)] lands=Some(false) turned=true violations=[("I-3.1", "盘 0：记账的已分配 Some(1376256)，遍历全部有效根得到 1540096")]
NEWRAISE seed=851 step=18 F=2 in_gap=false gaps=[] lands=Some(false) turned=false violations=[("I-3.1", "盘 0：记账的已分配 Some(2457600)，遍历全部有效根得到 2473984")]
NEWRAISE seed=852 step=12 F=2 in_gap=false gaps=[] lands=Some(false) turned=false violations=[("I-3.1", "盘 0：记账的已分配 Some(1605632)，遍历全部有效根得到 1622016")]
NEWRAISE seed=853 step=25 F=14 in_gap=false gaps=[step11:(3,7)->(7,8),step12:(3,7)->(7,11)] lands=Some(false) turned=true violations=[("I-3.1", "盘 0：记账的已分配 Some(1343488)，遍历全部有效根得到 1409024")]
NEWRAISE seed=855 step=27 F=16 in_gap=false gaps=[step7:(1,4)->(4,6),step11:(1,4)->(4,8)] lands=Some(false) turned=true violations=[("I-3.1", "盘 0：记账的已分配 Some(1015808)，遍历全部有效根得到 1179648")]
NEWRAISE seed=857 step=22 F=10 in_gap=false gaps=[step5:(1,6)->(6,9)] lands=Some(false) turned=false violations=[("I-3.1", "盘 0：记账的已分配 Some(1441792)，遍历全部有效根得到 1540096")]
NEWRAISE seed=860 step=19 F=3 in_gap=false gaps=[] lands=Some(false) turned=false violations=[("I-3.1", "盘 0：记账的已分配 Some(983040)，遍历全部有效根得到 1146880")]
NEWRAISE seed=864 step=12 F=2 in_gap=false gaps=[step6:(1,3)->(3,7),step7:(2,8)->(8,9)] lands=Some(false) turned=false violations=[("I-3.1", "盘 0：记账的已分配 Some(1212416)，遍历全部有效根得到 1228800")]
NEWRAISE seed=865 step=19 F=14 in_gap=false gaps=[] lands=Some(false) turned=true violations=[("I-3.1", "盘 0：记账的已分配 Some(1212416)，遍历全部有效根得到 1376256")]
NEWRAISE seed=867 step=7 F=2 in_gap=false gaps=[] lands=Some(false) turned=false violations=[("I-3.1", "盘 0：记账的已分配 Some(1376256)，遍历全部有效根得到 1392640")]
NEWRAISE seed=872 step=32 F=13 in_gap=false gaps=[step11:(1,3)->(3,4),step17:(1,3)->(3,12)] lands=Some(false) turned=true violations=[("I-3.1", "盘 0：记账的已分配 Some(1835008)，遍历全部有效根得到 1933312")]
NEWRAISE seed=873 step=37 F=2 in_gap=false gaps=[step14:(1,3)->(3,5)] lands=Some(false) turned=true violations=[("I-3.1", "盘 0：记账的已分配 Some(2031616)，遍历全部有效根得到 2048000")]
NEWRAISE seed=875 step=20 F=14 in_gap=false gaps=[step15:(4,17)->(17,20)] lands=Some(false) turned=true violations=[("I-3.1", "盘 0：记账的已分配 Some(1376256)，遍历全部有效根得到 1540096")]
NEWRAISE seed=876 step=7 F=5 in_gap=false gaps=[] lands=Some(false) turned=false violations=[("I-3.1", "盘 0：记账的已分配 Some(983040)，遍历全部有效根得到 1146880")]
NEWRAISE seed=879 step=31 F=10 in_gap=false gaps=[step7:(1,5)->(5,7)] lands=Some(false) turned=false violations=[("I-3.1", "盘 0：记账的已分配 Some(1376256)，遍历全部有效根得到 1441792")]
NEWRAISE seed=880 step=14 F=14 in_gap=false gaps=[step7:(3,7)->(7,8),step9:(4,9)->(9,12)] lands=Some(false) turned=false violations=[("I-3.1", "盘 0：记账的已分配 Some(655360)，遍历全部有效根得到 819200")]
NEWRAISE seed=881 step=9 F=3 in_gap=false gaps=[] lands=Some(false) turned=false violations=[("I-3.1", "盘 0：记账的已分配 Some(1048576)，遍历全部有效根得到 1146880")]
NEWRAISE seed=882 step=14 F=3 in_gap=false gaps=[] lands=Some(false) turned=false violations=[("I-3.1", "盘 0：记账的已分配 Some(1212416)，遍历全部有效根得到 1310720")]
NEWRAISE seed=889 step=22 F=3 in_gap=false gaps=[step13:(4,16)->(16,17)] lands=Some(false) turned=true violations=[("I-3.1", "盘 0：记账的已分配 Some(2523136)，遍历全部有效根得到 2686976")]
NEWRAISE seed=894 step=9 F=3 in_gap=false gaps=[] lands=Some(false) turned=false violations=[("I-3.1", "盘 0：记账的已分配 Some(1114112)，遍历全部有效根得到 1277952")]
NEWRAISE seed=895 step=19 F=4 in_gap=false gaps=[step9:(2,7)->(7,11),step14:(5,18)->(18,19)] lands=Some(false) turned=true violations=[("I-3.1", "盘 0：记账的已分配 Some(1933312)，遍历全部有效根得到 1998848")]
NEWRAISE seed=896 step=10 F=5 in_gap=false gaps=[] lands=Some(false) turned=false violations=[("I-3.1", "盘 0：记账的已分配 Some(950272)，遍历全部有效根得到 1048576")]
NEWRAISE seed=898 step=21 F=6 in_gap=false gaps=[step18:(3,14)->(14,15)] lands=Some(false) turned=false violations=[("I-3.1", "盘 0：记账的已分配 Some(1638400)，遍历全部有效根得到 1802240")]
NEWRAISE seed=899 step=24 F=13 in_gap=false gaps=[] lands=Some(false) turned=false violations=[("I-3.1", "盘 0：记账的已分配 Some(1048576)，遍历全部有效根得到 1212416")]
NEWRAISE seed=906 step=30 F=10 in_gap=false gaps=[step22:(5,16)->(16,18)] lands=Some(false) turned=true violations=[("I-3.1", "盘 0：记账的已分配 Some(1540096)，遍历全部有效根得到 1703936")]
NEWRAISE seed=907 step=25 F=3 in_gap=false gaps=[step21:(3,11)->(11,15)] lands=Some(false) turned=false violations=[("I-3.1", "盘 0：记账的已分配 Some(1605632)，遍历全部有效根得到 1769472")]
NEWRAISE seed=919 step=10 F=6 in_gap=false gaps=[] lands=Some(false) turned=false violations=[("I-3.1", "盘 0：记账的已分配 Some(655360)，遍历全部有效根得到 819200")]
NEWRAISE seed=920 step=29 F=7 in_gap=false gaps=[] lands=Some(false) turned=false violations=[("I-3.1", "盘 0：记账的已分配 Some(1736704)，遍历全部有效根得到 1835008")]
NEWRAISE seed=922 step=22 F=12 in_gap=false gaps=[step8:(2,5)->(5,8)] lands=Some(false) turned=true violations=[("I-3.1", "盘 0：记账的已分配 Some(1966080)，遍历全部有效根得到 2129920")]
NEWRAISE seed=933 step=26 F=15 in_gap=false gaps=[step11:(2,5)->(5,9)] lands=Some(false) turned=true violations=[("I-3.1", "盘 0：记账的已分配 Some(1343488)，遍历全部有效根得到 1507328")]
NEWRAISE seed=934 step=20 F=11 in_gap=false gaps=[step6:(2,6)->(6,9),step7:(3,9)->(9,11)] lands=Some(false) turned=true violations=[("I-3.1", "盘 0：记账的已分配 Some(1867776)，遍历全部有效根得到 1933312")]
NEWRAISE seed=938 step=38 F=4 in_gap=false gaps=[step29:(1,3)->(3,4)] lands=Some(false) turned=false violations=[("I-3.1", "盘 0：记账的已分配 Some(1212416)，遍历全部有效根得到 1277952")]
NEWRAISE seed=943 step=24 F=5 in_gap=false gaps=[step9:(1,3)->(3,5)] lands=Some(false) turned=true violations=[("I-3.1", "盘 0：记账的已分配 Some(2293760)，遍历全部有效根得到 2359296")]
NEWRAISE seed=948 step=8 F=2 in_gap=false gaps=[step5:(1,5)->(5,7)] lands=Some(false) turned=false violations=[("I-3.1", "盘 0：记账的已分配 Some(983040)，遍历全部有效根得到 999424")]
NEWRAISE seed=949 step=11 F=5 in_gap=false gaps=[step10:(3,13)->(13,15)] lands=Some(false) turned=false violations=[("I-3.1", "盘 0：记账的已分配 Some(1540096)，遍历全部有效根得到 1605632")]
NEWRAISE seed=951 step=26 F=14 in_gap=false gaps=[step12:(2,4)->(4,9),step23:(4,18)->(18,19)] lands=Some(false) turned=true violations=[("I-3.1", "盘 0：记账的已分配 Some(1376256)，遍历全部有效根得到 1540096")]
NEWRAISE seed=952 step=22 F=4 in_gap=false gaps=[step13:(1,7)->(7,9),step21:(2,11)->(11,13)] lands=Some(false) turned=false violations=[("I-3.1", "盘 0：记账的已分配 Some(1146880)，遍历全部有效根得到 1310720")]
NEWRAISE seed=953 step=10 F=2 in_gap=false gaps=[] lands=Some(false) turned=false violations=[("I-3.1", "盘 0：记账的已分配 Some(1671168)，遍历全部有效根得到 1687552")]
NEWRAISE seed=955 step=18 F=10 in_gap=false gaps=[step10:(1,3)->(3,10)] lands=Some(false) turned=false violations=[("I-3.1", "盘 0：记账的已分配 Some(1146880)，遍历全部有效根得到 1212416")]
NEWRAISE seed=956 step=23 F=8 in_gap=false gaps=[step22:(4,16)->(16,24)] lands=Some(false) turned=true violations=[("I-3.1", "盘 0：记账的已分配 Some(1376256)，遍历全部有效根得到 1540096")]
NEWRAISE seed=957 step=15 F=8 in_gap=false gaps=[] lands=Some(false) turned=false violations=[("I-3.1", "盘 0：记账的已分配 Some(1441792)，遍历全部有效根得到 1540096")]
NEWRAISE seed=958 step=16 F=2 in_gap=false gaps=[] lands=Some(false) turned=false violations=[("I-3.1", "盘 0：记账的已分配 Some(1703936)，遍历全部有效根得到 1720320")]
NEWRAISE seed=959 step=20 F=3 in_gap=false gaps=[] lands=Some(false) turned=false violations=[("I-3.1", "盘 0：记账的已分配 Some(2523136)，遍历全部有效根得到 2686976")]
NEWRAISE seed=963 step=26 F=16 in_gap=false gaps=[step21:(2,16)->(16,17)] lands=Some(false) turned=true violations=[("I-3.1", "盘 0：记账的已分配 Some(1245184)，遍历全部有效根得到 1343488")]
NEWRAISE seed=966 step=26 F=4 in_gap=false gaps=[] lands=Some(false) turned=false violations=[("I-3.1", "盘 0：记账的已分配 Some(1277952)，遍历全部有效根得到 1376256")]
NEWRAISE seed=968 step=21 F=3 in_gap=false gaps=[step18:(4,15)->(15,18)] lands=Some(false) turned=true violations=[("I-3.1", "盘 0：记账的已分配 Some(2097152)，遍历全部有效根得到 2260992")]
NEWRAISE seed=973 step=11 F=4 in_gap=false gaps=[step7:(2,9)->(9,11)] lands=Some(false) turned=false violations=[("I-3.1", "盘 0：记账的已分配 Some(1376256)，遍历全部有效根得到 1540096")]
NEWRAISE seed=976 step=14 F=8 in_gap=false gaps=[] lands=Some(false) turned=false violations=[("I-3.1", "盘 0：记账的已分配 Some(1212416)，遍历全部有效根得到 1376256")]
NEWRAISE seed=978 step=4 F=2 in_gap=false gaps=[] lands=Some(false) turned=false violations=[("I-3.1", "盘 0：记账的已分配 Some(983040)，遍历全部有效根得到 999424")]
NEWRAISE seed=980 step=30 F=3 in_gap=false gaps=[] lands=Some(false) turned=false violations=[("I-3.1", "盘 0：记账的已分配 Some(1605632)，遍历全部有效根得到 1703936")]
NEWRAISE seed=981 step=25 F=13 in_gap=false gaps=[step6:(2,5)->(5,7)] lands=Some(false) turned=true violations=[("I-3.1", "盘 0：记账的已分配 Some(1540096)，遍历全部有效根得到 1703936")]
NEWRAISE seed=983 step=27 F=7 in_gap=false gaps=[] lands=Some(false) turned=false violations=[("I-3.1", "盘 0：记账的已分配 Some(1835008)，遍历全部有效根得到 1998848")]
NEWRAISE seed=985 step=14 F=2 in_gap=false gaps=[] lands=Some(false) turned=false violations=[("I-3.1", "盘 0：记账的已分配 Some(1802240)，遍历全部有效根得到 1818624")]
NEWRAISE seed=994 step=15 F=4 in_gap=false gaps=[] lands=Some(false) turned=false violations=[("I-3.1", "盘 0：记账的已分配 Some(1376256)，遍历全部有效根得到 1441792")]
NEWRAISE seed=995 step=18 F=8 in_gap=false gaps=[step12:(3,12)->(12,14)] lands=Some(false) turned=true violations=[("I-3.1", "盘 0：记账的已分配 Some(1671168)，遍历全部有效根得到 1835008")]
NEWRAISE seed=997 step=16 F=2 in_gap=false gaps=[step5:(1,5)->(5,8)] lands=Some(false) turned=false violations=[("I-3.1", "盘 0：记账的已分配 Some(1966080)，遍历全部有效根得到 1982464")]
NEWRAISE seed=998 step=26 F=5 in_gap=false gaps=[step15:(1,6)->(6,10)] lands=Some(false) turned=false violations=[("I-3.1", "盘 0：记账的已分配 Some(983040)，遍历全部有效根得到 1146880")]
SUMMARY first=0 seeds=1000 ops=40 weights=各类操作都抽（快档、大档） {"completed": 298, "form1_in_gap=true": 6, "known_red_0": 377, "known_red_1": 6, "new:CheckerViolations { invariants: [\"I-3.1\"] }": 319}
test opus_r2_gap_probe ... ok

test result: ok. 1 passed; 0 failed; 0 ignored; 0 measured; 0 filtered out; finished in 39.13s

