
running 1 test
NEWRAISE seed=2 step=15 F=5 in_gap=false gaps=[] lands=Some(false) turned=false violations=[("I-3.1", "盘 0：记账的已分配 Some(1572864)，遍历全部有效根得到 1638400")]
NEWRAISE seed=4 step=21 F=14 in_gap=false gaps=[step11:(2,10)->(10,13)] lands=Some(false) turned=true violations=[("I-3.1", "盘 0：记账的已分配 Some(1507328)，遍历全部有效根得到 1605632")]
NEWRAISE seed=5 step=14 F=9 in_gap=false gaps=[step2:(1,5)->(5,6)] lands=Some(false) turned=false violations=[("I-3.1", "盘 0：记账的已分配 Some(1605632)，遍历全部有效根得到 1671168")]
NEWRAISE seed=6 step=12 F=6 in_gap=false gaps=[] lands=Some(false) turned=false violations=[("I-3.1", "盘 0：记账的已分配 Some(1310720)，遍历全部有效根得到 1474560")]
NEWRAISE seed=7 step=15 F=8 in_gap=false gaps=[] lands=Some(false) turned=false violations=[("I-3.1", "盘 0：记账的已分配 Some(1769472)，遍历全部有效根得到 1835008")]
NEWRAISE seed=8 step=21 F=17 in_gap=false gaps=[] lands=Some(false) turned=true violations=[("I-3.1", "盘 0：记账的已分配 Some(1048576)，遍历全部有效根得到 1212416")]
NEWRAISE seed=9 step=11 F=10 in_gap=false gaps=[] lands=Some(false) turned=false violations=[("I-3.1", "盘 0：记账的已分配 Some(1048576)，遍历全部有效根得到 1212416")]
NEWRAISE seed=10 step=19 F=7 in_gap=false gaps=[] lands=Some(false) turned=true violations=[("I-3.1", "盘 0：记账的已分配 Some(2064384)，遍历全部有效根得到 2228224")]
NEWRAISE seed=11 step=11 F=8 in_gap=false gaps=[] lands=Some(false) turned=false violations=[("I-3.1", "盘 0：记账的已分配 Some(1048576)，遍历全部有效根得到 1114112")]
NEWRAISE seed=12 step=12 F=12 in_gap=false gaps=[] lands=Some(false) turned=false violations=[("I-3.1", "盘 0：记账的已分配 Some(1376256)，遍历全部有效根得到 1441792")]
NEWRAISE seed=13 step=23 F=3 in_gap=false gaps=[] lands=Some(false) turned=true violations=[("I-3.1", "盘 0：记账的已分配 Some(2850816)，遍历全部有效根得到 3014656")]
NEWRAISE seed=15 step=16 F=7 in_gap=false gaps=[] lands=Some(false) turned=false violations=[("I-3.1", "盘 0：记账的已分配 Some(1146880)，遍历全部有效根得到 1212416")]
NEWRAISE seed=16 step=8 F=4 in_gap=false gaps=[] lands=Some(false) turned=false violations=[("I-3.1", "盘 0：记账的已分配 Some(1048576)，遍历全部有效根得到 1212416")]
NEWRAISE seed=17 step=7 F=4 in_gap=false gaps=[] lands=Some(false) turned=false violations=[("I-3.1", "盘 0：记账的已分配 Some(950272)，遍历全部有效根得到 1114112")]
NEWRAISE seed=18 step=15 F=7 in_gap=false gaps=[] lands=Some(false) turned=false violations=[("I-3.1", "盘 0：记账的已分配 Some(1507328)，遍历全部有效根得到 1671168")]
NEWRAISE seed=20 step=20 F=7 in_gap=false gaps=[] lands=Some(false) turned=false violations=[("I-3.1", "盘 0：记账的已分配 Some(1802240)，遍历全部有效根得到 1966080")]
NEWRAISE seed=21 step=13 F=11 in_gap=false gaps=[] lands=Some(false) turned=false violations=[("I-3.1", "盘 0：记账的已分配 Some(1146880)，遍历全部有效根得到 1310720")]
NEWRAISE seed=23 step=9 F=3 in_gap=false gaps=[] lands=Some(false) turned=false violations=[("I-3.1", "盘 0：记账的已分配 Some(1671168)，遍历全部有效根得到 1769472")]
NEWRAISE seed=24 step=25 F=11 in_gap=false gaps=[] lands=Some(false) turned=false violations=[("I-3.1", "盘 0：记账的已分配 Some(1441792)，遍历全部有效根得到 1507328")]
NEWRAISE seed=25 step=12 F=7 in_gap=false gaps=[] lands=Some(false) turned=false violations=[("I-3.1", "盘 0：记账的已分配 Some(1376256)，遍历全部有效根得到 1540096")]
NEWRAISE seed=26 step=16 F=2 in_gap=false gaps=[] lands=Some(false) turned=false violations=[("I-3.1", "盘 0：记账的已分配 Some(2392064)，遍历全部有效根得到 2408448")]
NEWRAISE seed=29 step=11 F=2 in_gap=false gaps=[] lands=Some(false) turned=false violations=[("I-3.1", "盘 0：记账的已分配 Some(1146880)，遍历全部有效根得到 1163264")]
NEWRAISE seed=31 step=20 F=4 in_gap=false gaps=[] lands=Some(false) turned=true violations=[("I-3.1", "盘 0：记账的已分配 Some(2326528)，遍历全部有效根得到 2424832")]
NEWRAISE seed=32 step=9 F=2 in_gap=false gaps=[] lands=Some(false) turned=false violations=[("I-3.1", "盘 0：记账的已分配 Some(1605632)，遍历全部有效根得到 1622016")]
NEWRAISE seed=33 step=10 F=2 in_gap=false gaps=[] lands=Some(false) turned=false violations=[("I-3.1", "盘 0：记账的已分配 Some(1933312)，遍历全部有效根得到 1949696")]
NEWRAISE seed=34 step=13 F=4 in_gap=false gaps=[step5:(2,8)->(8,11)] lands=Some(false) turned=false violations=[("I-3.1", "盘 0：记账的已分配 Some(1736704)，遍历全部有效根得到 1835008")]
NEWRAISE seed=35 step=7 F=4 in_gap=false gaps=[] lands=Some(false) turned=false violations=[("I-3.1", "盘 0：记账的已分配 Some(1015808)，遍历全部有效根得到 1114112")]
NEWRAISE seed=36 step=14 F=3 in_gap=false gaps=[] lands=Some(false) turned=false violations=[("I-3.1", "盘 0：记账的已分配 Some(2129920)，遍历全部有效根得到 2293760")]
NEWRAISE seed=37 step=9 F=2 in_gap=false gaps=[] lands=Some(false) turned=false violations=[("I-3.1", "盘 0：记账的已分配 Some(1507328)，遍历全部有效根得到 1523712")]
NEWRAISE seed=39 step=18 F=18 in_gap=false gaps=[] lands=Some(false) turned=true violations=[("I-3.1", "盘 0：记账的已分配 Some(1146880)，遍历全部有效根得到 1212416")]
NEWRAISE seed=40 step=20 F=3 in_gap=false gaps=[] lands=Some(false) turned=false violations=[("I-3.1", "盘 0：记账的已分配 Some(2097152)，遍历全部有效根得到 2260992")]
NEWRAISE seed=42 step=16 F=4 in_gap=false gaps=[] lands=Some(false) turned=false violations=[("I-3.1", "盘 0：记账的已分配 Some(2097152)，遍历全部有效根得到 2162688")]
NEWRAISE seed=45 step=22 F=3 in_gap=false gaps=[] lands=Some(false) turned=false violations=[("I-3.1", "盘 0：记账的已分配 Some(1703936)，遍历全部有效根得到 1802240")]
NEWRAISE seed=46 step=11 F=4 in_gap=false gaps=[step2:(1,3)->(3,4)] lands=Some(false) turned=false violations=[("I-3.1", "盘 0：记账的已分配 Some(1310720)，遍历全部有效根得到 1376256")]
NEWRAISE seed=47 step=16 F=3 in_gap=false gaps=[step5:(2,6)->(6,9)] lands=Some(false) turned=false violations=[("I-3.1", "盘 0：记账的已分配 Some(1867776)，遍历全部有效根得到 2031616")]
SUMMARY first=0 seeds=48 ops=30 weights=偏向抬 F 之后的复用（第 121 行那一类的取样点） {"completed": 2, "known_red_0": 11, "new:CheckerViolations { invariants: [\"I-3.1\"] }": 35}
test opus_r2_gap_probe ... ok

test result: ok. 1 passed; 0 failed; 0 ignored; 0 measured; 0 filtered out; finished in 1.70s

