
running 1 test
NEWRAISE seed=7 step=15 F=10 in_gap=false gaps=[] lands=Some(false) turned=false violations=[("I-3.1", "盘 0：记账的已分配 Some(2375680)，遍历全部有效根得到 1474560")]
NEWRAISE seed=15 step=15 F=5 in_gap=false gaps=[] lands=Some(false) turned=false violations=[("I-3.1", "盘 0：记账的已分配 Some(1982464)，遍历全部有效根得到 1638400")]
NEWRAISE seed=20 step=16 F=3 in_gap=false gaps=[step5:(1,3)->(3,6),step15:(4,12)->(12,16)] lands=Some(false) turned=false violations=[("I-3.1", "盘 0：记账的已分配 Some(1327104)，遍历全部有效根得到 1310720")]
NEWRAISE seed=26 step=15 F=4 in_gap=false gaps=[] lands=Some(false) turned=false violations=[("I-3.1", "盘 0：记账的已分配 Some(1556480)，遍历全部有效根得到 1376256")]
NEWRAISE seed=27 step=20 F=13 in_gap=false gaps=[step12:(2,7)->(7,11)] lands=Some(false) turned=false violations=[("I-3.1", "盘 0：记账的已分配 Some(1785856)，遍历全部有效根得到 1146880")]
NEWRAISE seed=38 step=23 F=5 in_gap=false gaps=[] lands=Some(false) turned=false violations=[("I-3.1", "盘 0：记账的已分配 Some(2146304)，遍历全部有效根得到 1966080")]
NEWRAISE seed=46 step=11 F=4 in_gap=false gaps=[] lands=Some(false) turned=false violations=[("I-3.1", "盘 0：记账的已分配 Some(1490944)，遍历全部有效根得到 1376256")]
NEWRAISE seed=51 step=24 F=7 in_gap=false gaps=[step22:(3,15)->(15,17)] lands=Some(false) turned=false violations=[("I-3.1", "盘 0：记账的已分配 Some(2375680)，遍历全部有效根得到 1867776")]
NEWRAISE seed=54 step=15 F=11 in_gap=false gaps=[step11:(3,15)->(15,16),step12:(4,17)->(17,18)] lands=Some(false) turned=false violations=[("I-3.1", "盘 0：记账的已分配 Some(2441216)，遍历全部有效根得到 1441792")]
NEWRAISE seed=56 step=13 F=5 in_gap=false gaps=[] lands=Some(false) turned=false violations=[("I-3.1", "盘 0：记账的已分配 Some(1654784)，遍历全部有效根得到 1310720")]
NEWRAISE seed=57 step=24 F=4 in_gap=false gaps=[] lands=Some(false) turned=false violations=[("I-3.1", "盘 0：记账的已分配 Some(2605056)，遍历全部有效根得到 2424832")]
NEWRAISE seed=62 step=18 F=10 in_gap=false gaps=[] lands=Some(false) turned=false violations=[("I-3.1", "盘 0：记账的已分配 Some(2146304)，遍历全部有效根得到 1409024")]
NEWRAISE seed=66 step=16 F=7 in_gap=false gaps=[step9:(2,7)->(7,10)] lands=Some(false) turned=false violations=[("I-3.1", "盘 0：记账的已分配 Some(2211840)，遍历全部有效根得到 1605632")]
NEWRAISE seed=68 step=14 F=6 in_gap=false gaps=[step10:(2,7)->(7,10)] lands=Some(false) turned=false violations=[("I-3.1", "盘 0：记账的已分配 Some(1490944)，遍历全部有效根得到 1146880")]
NEWRAISE seed=69 step=13 F=14 in_gap=false gaps=[step2:(1,5)->(5,6)] lands=Some(false) turned=false violations=[("I-3.1", "盘 0：记账的已分配 Some(2310144)，遍历全部有效根得到 983040")]
NEWRAISE seed=71 step=28 F=12 in_gap=false gaps=[step27:(4,17)->(17,19)] lands=Some(false) turned=false violations=[("I-3.1", "盘 0：记账的已分配 Some(2211840)，遍历全部有效根得到 1146880")]
GAP seed=80 step=21 F=8 in_gap=true gaps=[step5:(2,8)->(8,9),step6:(2,7)->(7,11)] ring_before=Some([(19, 5), (18, 5), (17, 5), (16, 5), (15, 5), (14, 4), (13, 4), (12, 4), (11, 4), (10, 3), (9, 3), (8, 2), (7, 2), (6, 2), (5, 2), (4, 2)]) overcount_bytes=Some(606208)
NEWRAISE seed=94 step=16 F=12 in_gap=false gaps=[] lands=Some(false) turned=false violations=[("I-3.1", "盘 0：记账的已分配 Some(2605056)，遍历全部有效根得到 1441792")]
NEWRAISE seed=97 step=20 F=13 in_gap=false gaps=[step10:(2,10)->(10,12)] lands=Some(false) turned=false violations=[("I-3.1", "盘 0：记账的已分配 Some(2277376)，遍历全部有效根得到 1212416")]
NEWRAISE seed=101 step=20 F=6 in_gap=false gaps=[step1:(2,4)->(4,6)] lands=Some(false) turned=false violations=[("I-3.1", "盘 0：记账的已分配 Some(2211840)，遍历全部有效根得到 1998848")]
NEWRAISE seed=114 step=7 F=7 in_gap=false gaps=[] lands=Some(false) turned=false violations=[("I-3.1", "盘 0：记账的已分配 Some(1392640)，遍历全部有效根得到 884736")]
NEWRAISE seed=116 step=12 F=5 in_gap=false gaps=[] lands=Some(false) turned=false violations=[("I-3.1", "盘 0：记账的已分配 Some(1458176)，遍历全部有效根得到 1277952")]
NEWRAISE seed=118 step=5 F=3 in_gap=false gaps=[] lands=Some(false) turned=false violations=[("I-3.1", "盘 0：记账的已分配 Some(1196032)，遍历全部有效根得到 1179648")]
NEWRAISE seed=122 step=15 F=3 in_gap=false gaps=[step12:(2,6)->(6,7)] lands=Some(false) turned=false violations=[("I-3.1", "盘 0：记账的已分配 Some(1228800)，遍历全部有效根得到 1212416")]
NEWRAISE seed=124 step=21 F=8 in_gap=false gaps=[] lands=Some(false) turned=false violations=[("I-3.1", "盘 0：记账的已分配 Some(1949696)，遍历全部有效根得到 1441792")]
NEWRAISE seed=130 step=14 F=6 in_gap=false gaps=[] lands=Some(false) turned=false violations=[("I-3.1", "盘 0：记账的已分配 Some(1556480)，遍历全部有效根得到 1212416")]
NEWRAISE seed=132 step=10 F=4 in_gap=false gaps=[] lands=Some(false) turned=false violations=[("I-3.1", "盘 0：记账的已分配 Some(1294336)，遍历全部有效根得到 1114112")]
NEWRAISE seed=136 step=37 F=7 in_gap=false gaps=[step33:(3,12)->(12,16)] lands=Some(false) turned=false violations=[("I-3.1", "盘 0：记账的已分配 Some(1949696)，遍历全部有效根得到 1540096")]
NEWRAISE seed=137 step=15 F=4 in_gap=false gaps=[] lands=Some(false) turned=false violations=[("I-3.1", "盘 0：记账的已分配 Some(2375680)，遍历全部有效根得到 2195456")]
NEWRAISE seed=140 step=15 F=3 in_gap=false gaps=[step12:(2,10)->(10,12),step13:(2,9)->(9,14)] lands=Some(false) turned=false violations=[("I-3.1", "盘 0：记账的已分配 Some(1654784)，遍历全部有效根得到 1638400")]
NEWRAISE seed=145 step=8 F=3 in_gap=false gaps=[] lands=Some(false) turned=false violations=[("I-3.1", "盘 0：记账的已分配 Some(999424)，遍历全部有效根得到 983040")]
NEWRAISE seed=154 step=21 F=3 in_gap=false gaps=[step11:(2,11)->(11,12),step14:(2,9)->(9,15)] lands=Some(false) turned=false violations=[("I-3.1", "盘 0：记账的已分配 Some(2080768)，遍历全部有效根得到 2064384")]
NEWRAISE seed=158 step=8 F=3 in_gap=false gaps=[] lands=Some(false) turned=false violations=[("I-3.1", "盘 0：记账的已分配 Some(1163264)，遍历全部有效根得到 1146880")]
NEWRAISE seed=162 step=17 F=7 in_gap=false gaps=[] lands=Some(false) turned=false violations=[("I-3.1", "盘 0：记账的已分配 Some(1982464)，遍历全部有效根得到 1310720")]
NEWRAISE seed=167 step=23 F=3 in_gap=false gaps=[step20:(3,13)->(13,14)] lands=Some(false) turned=false violations=[("I-3.1", "盘 0：记账的已分配 Some(2211840)，遍历全部有效根得到 2195456")]
NEWRAISE seed=168 step=10 F=6 in_gap=false gaps=[step1:(1,3)->(3,4)] lands=Some(false) turned=false violations=[("I-3.1", "盘 0：记账的已分配 Some(1327104)，遍历全部有效根得到 983040")]
GAP seed=174 step=10 F=6 in_gap=true gaps=[step3:(2,4)->(4,7)] ring_before=Some([(13, 3), (12, 3), (11, 3), (10, 3), (9, 3), (8, 3), (7, 3), (6, 2), (5, 2), (4, 2), (3, 1), (2, 1), (1, 1), (0, 0)]) overcount_bytes=Some(212992)
NEWRAISE seed=175 step=17 F=12 in_gap=false gaps=[step7:(2,6)->(6,8),step9:(3,9)->(9,11)] lands=Some(false) turned=false violations=[("I-3.1", "盘 0：记账的已分配 Some(1720320)，遍历全部有效根得到 1048576")]
NEWRAISE seed=176 step=15 F=5 in_gap=false gaps=[step4:(1,7)->(7,8),step6:(2,10)->(10,12)] lands=Some(false) turned=false violations=[("I-3.1", "盘 0：记账的已分配 Some(2048000)，遍历全部有效根得到 1703936")]
NEWRAISE seed=187 step=23 F=11 in_gap=false gaps=[] lands=Some(false) turned=false violations=[("I-3.1", "盘 0：记账的已分配 Some(2179072)，遍历全部有效根得到 1212416")]
NEWRAISE seed=191 step=21 F=5 in_gap=false gaps=[] lands=Some(false) turned=false violations=[("I-3.1", "盘 0：记账的已分配 Some(2113536)，遍历全部有效根得到 1835008")]
NEWRAISE seed=198 step=14 F=3 in_gap=false gaps=[step10:(1,4)->(4,7)] lands=Some(false) turned=false violations=[("I-3.1", "盘 0：记账的已分配 Some(1163264)，遍历全部有效根得到 1146880")]
NEWRAISE seed=211 step=11 F=7 in_gap=false gaps=[step1:(1,3)->(3,5),step6:(3,9)->(9,11)] lands=Some(false) turned=false violations=[("I-3.1", "盘 0：记账的已分配 Some(1622016)，遍历全部有效根得到 1376256")]
NEWRAISE seed=212 step=17 F=5 in_gap=false gaps=[] lands=Some(false) turned=false violations=[("I-3.1", "盘 0：记账的已分配 Some(1982464)，遍历全部有效根得到 1802240")]
NEWRAISE seed=214 step=25 F=6 in_gap=false gaps=[] lands=Some(false) turned=false violations=[("I-3.1", "盘 0：记账的已分配 Some(2310144)，遍历全部有效根得到 1966080")]
NEWRAISE seed=219 step=15 F=4 in_gap=false gaps=[] lands=Some(false) turned=false violations=[("I-3.1", "盘 0：记账的已分配 Some(1654784)，遍历全部有效根得到 1474560")]
NEWRAISE seed=222 step=16 F=3 in_gap=false gaps=[step5:(1,3)->(3,9)] lands=Some(false) turned=false violations=[("I-3.1", "盘 0：记账的已分配 Some(1163264)，遍历全部有效根得到 1146880")]
NEWRAISE seed=228 step=20 F=7 in_gap=false gaps=[] lands=Some(false) turned=false violations=[("I-3.1", "盘 0：记账的已分配 Some(1720320)，遍历全部有效根得到 1212416")]
NEWRAISE seed=231 step=21 F=10 in_gap=false gaps=[] lands=Some(false) turned=false violations=[("I-3.1", "盘 0：记账的已分配 Some(1622016)，遍历全部有效根得到 983040")]
NEWRAISE seed=233 step=16 F=10 in_gap=false gaps=[step12:(3,14)->(14,15)] lands=Some(false) turned=false violations=[("I-3.1", "盘 0：记账的已分配 Some(2441216)，遍历全部有效根得到 1703936")]
NEWRAISE seed=234 step=5 F=5 in_gap=false gaps=[] lands=Some(false) turned=false violations=[("I-3.1", "盘 0：记账的已分配 Some(1163264)，遍历全部有效根得到 983040")]
NEWRAISE seed=236 step=24 F=12 in_gap=false gaps=[] lands=Some(false) turned=false violations=[("I-3.1", "盘 0：记账的已分配 Some(2539520)，遍历全部有效根得到 1212416")]
NEWRAISE seed=238 step=11 F=3 in_gap=false gaps=[step0:(1,3)->(3,4)] lands=Some(false) turned=false violations=[("I-3.1", "盘 0：记账的已分配 Some(1458176)，遍历全部有效根得到 1441792")]
NEWRAISE seed=242 step=20 F=7 in_gap=false gaps=[step15:(1,13)->(13,14)] lands=Some(false) turned=false violations=[("I-3.1", "盘 0：记账的已分配 Some(2834432)，遍历全部有效根得到 2162688")]
NEWRAISE seed=244 step=25 F=5 in_gap=false gaps=[step11:(2,5)->(5,6),step19:(3,9)->(9,11)] lands=Some(false) turned=false violations=[("I-3.1", "盘 0：记账的已分配 Some(1720320)，遍历全部有效根得到 1540096")]
NEWRAISE seed=249 step=13 F=4 in_gap=false gaps=[] lands=Some(false) turned=false violations=[("I-3.1", "盘 0：记账的已分配 Some(1916928)，遍历全部有效根得到 1802240")]
GAP seed=254 step=15 F=4 in_gap=true gaps=[step2:(1,3)->(3,6),step6:(2,6)->(6,9)] ring_before=Some([(19, 4), (18, 4), (17, 4), (16, 4), (15, 4), (14, 4), (13, 4), (12, 4), (11, 4), (10, 3), (9, 3), (8, 2), (7, 2), (6, 2), (5, 1), (4, 1)]) overcount_bytes=Some(114688)
NEWRAISE seed=255 step=15 F=4 in_gap=false gaps=[] lands=Some(false) turned=false violations=[("I-3.1", "盘 0：记账的已分配 Some(1294336)，遍历全部有效根得到 1114112")]
NEWRAISE seed=256 step=12 F=5 in_gap=false gaps=[] lands=Some(false) turned=false violations=[("I-3.1", "盘 0：记账的已分配 Some(2048000)，遍历全部有效根得到 1703936")]
NEWRAISE seed=259 step=28 F=10 in_gap=false gaps=[step17:(2,6)->(6,8)] lands=Some(false) turned=false violations=[("I-3.1", "盘 0：记账的已分配 Some(2375680)，遍历全部有效根得到 1703936")]
NEWRAISE seed=261 step=34 F=8 in_gap=false gaps=[step18:(2,4)->(4,7)] lands=Some(false) turned=false violations=[("I-3.1", "盘 0：记账的已分配 Some(1982464)，遍历全部有效根得到 1703936")]
NEWRAISE seed=262 step=11 F=3 in_gap=false gaps=[] lands=Some(false) turned=false violations=[("I-3.1", "盘 0：记账的已分配 Some(2048000)，遍历全部有效根得到 2031616")]
NEWRAISE seed=268 step=15 F=4 in_gap=false gaps=[step8:(1,5)->(5,8)] lands=Some(false) turned=false violations=[("I-3.1", "盘 0：记账的已分配 Some(1556480)，遍历全部有效根得到 1376256")]
NEWRAISE seed=280 step=20 F=11 in_gap=false gaps=[] lands=Some(false) turned=false violations=[("I-3.1", "盘 0：记账的已分配 Some(2048000)，遍历全部有效根得到 1146880")]
NEWRAISE seed=284 step=9 F=5 in_gap=false gaps=[] lands=Some(false) turned=false violations=[("I-3.1", "盘 0：记账的已分配 Some(1327104)，遍历全部有效根得到 1146880")]
NEWRAISE seed=288 step=13 F=6 in_gap=false gaps=[step2:(1,3)->(3,5)] lands=Some(false) turned=false violations=[("I-3.1", "盘 0：记账的已分配 Some(1949696)，遍历全部有效根得到 1769472")]
GAP seed=292 step=15 F=4 in_gap=true gaps=[step1:(1,3)->(3,5),step7:(2,10)->(10,14)] ring_before=Some([(20, 5), (19, 5), (18, 5), (17, 4), (16, 4), (15, 4), (14, 4), (13, 3), (12, 3), (11, 3), (10, 2), (9, 2), (8, 2), (7, 2), (6, 2), (5, 2)]) overcount_bytes=Some(114688)
NEWRAISE seed=294 step=18 F=11 in_gap=false gaps=[] lands=Some(false) turned=false violations=[("I-3.1", "盘 0：记账的已分配 Some(2539520)，遍历全部有效根得到 1540096")]
NEWRAISE seed=306 step=22 F=12 in_gap=false gaps=[step12:(3,7)->(7,11)] lands=Some(false) turned=false violations=[("I-3.1", "盘 0：记账的已分配 Some(2048000)，遍历全部有效根得到 1441792")]
NEWRAISE seed=325 step=9 F=4 in_gap=false gaps=[] lands=Some(false) turned=false violations=[("I-3.1", "盘 0：记账的已分配 Some(1163264)，遍历全部有效根得到 983040")]
NEWRAISE seed=326 step=27 F=3 in_gap=false gaps=[step24:(1,5)->(5,8)] lands=Some(false) turned=false violations=[("I-3.1", "盘 0：记账的已分配 Some(1294336)，遍历全部有效根得到 1277952")]
NEWRAISE seed=331 step=23 F=9 in_gap=false gaps=[] lands=Some(false) turned=false violations=[("I-3.1", "盘 0：记账的已分配 Some(2211840)，遍历全部有效根得到 1540096")]
NEWRAISE seed=332 step=16 F=4 in_gap=false gaps=[] lands=Some(false) turned=false violations=[("I-3.1", "盘 0：记账的已分配 Some(2605056)，遍历全部有效根得到 2424832")]
NEWRAISE seed=339 step=19 F=10 in_gap=false gaps=[step15:(4,13)->(13,17)] lands=Some(false) turned=false violations=[("I-3.1", "盘 0：记账的已分配 Some(2048000)，遍历全部有效根得到 1277952")]
NEWRAISE seed=340 step=18 F=6 in_gap=false gaps=[] lands=Some(false) turned=false violations=[("I-3.1", "盘 0：记账的已分配 Some(2375680)，遍历全部有效根得到 1867776")]
NEWRAISE seed=344 step=14 F=3 in_gap=false gaps=[step7:(1,4)->(4,5),step8:(2,7)->(7,8)] lands=Some(false) turned=false violations=[("I-3.1", "盘 0：记账的已分配 Some(1622016)，遍历全部有效根得到 1605632")]
NEWRAISE seed=372 step=14 F=4 in_gap=false gaps=[step9:(2,9)->(9,10),step10:(2,9)->(9,12),step12:(4,13)->(13,14)] lands=Some(false) turned=false violations=[("I-3.1", "盘 0：记账的已分配 Some(1622016)，遍历全部有效根得到 1441792")]
NEWRAISE seed=373 step=24 F=7 in_gap=false gaps=[] lands=Some(false) turned=false violations=[("I-3.1", "盘 0：记账的已分配 Some(2080768)，遍历全部有效根得到 1409024")]
NEWRAISE seed=376 step=17 F=14 in_gap=false gaps=[] lands=Some(false) turned=false violations=[("I-3.1", "盘 0：记账的已分配 Some(2408448)，遍历全部有效根得到 1114112")]
NEWRAISE seed=380 step=23 F=9 in_gap=false gaps=[step21:(1,14)->(14,18)] lands=Some(false) turned=false violations=[("I-3.1", "盘 0：记账的已分配 Some(2473984)，遍历全部有效根得到 1474560")]
NEWRAISE seed=381 step=25 F=13 in_gap=false gaps=[step12:(1,3)->(3,7)] lands=Some(false) turned=false violations=[("I-3.1", "盘 0：记账的已分配 Some(1818624)，遍历全部有效根得到 983040")]
NEWRAISE seed=384 step=18 F=4 in_gap=false gaps=[step5:(2,4)->(4,7)] lands=Some(false) turned=false violations=[("I-3.1", "盘 0：记账的已分配 Some(2310144)，遍历全部有效根得到 2195456")]
NEWRAISE seed=385 step=10 F=5 in_gap=false gaps=[] lands=Some(false) turned=false violations=[("I-3.1", "盘 0：记账的已分配 Some(1392640)，遍历全部有效根得到 1048576")]
NEWRAISE seed=387 step=13 F=12 in_gap=false gaps=[step1:(1,3)->(3,5)] lands=Some(false) turned=false violations=[("I-3.1", "盘 0：记账的已分配 Some(2179072)，遍历全部有效根得到 1277952")]
NEWRAISE seed=391 step=7 F=3 in_gap=false gaps=[step3:(1,3)->(3,5)] lands=Some(false) turned=false violations=[("I-3.1", "盘 0：记账的已分配 Some(1130496)，遍历全部有效根得到 1114112")]
NEWRAISE seed=404 step=16 F=5 in_gap=false gaps=[step0:(1,3)->(3,4),step11:(4,15)->(15,17)] lands=Some(false) turned=false violations=[("I-3.1", "盘 0：记账的已分配 Some(2277376)，遍历全部有效根得到 2097152")]
NEWRAISE seed=409 step=14 F=10 in_gap=false gaps=[step2:(1,3)->(3,4)] lands=Some(false) turned=false violations=[("I-3.1", "盘 0：记账的已分配 Some(2277376)，遍历全部有效根得到 1441792")]
NEWRAISE seed=412 step=9 F=4 in_gap=false gaps=[step8:(2,11)->(11,12)] lands=Some(false) turned=false violations=[("I-3.1", "盘 0：记账的已分配 Some(1720320)，遍历全部有效根得到 1540096")]
NEWRAISE seed=422 step=22 F=13 in_gap=false gaps=[step7:(1,3)->(3,8)] lands=Some(false) turned=false violations=[("I-3.1", "盘 0：记账的已分配 Some(1785856)，遍历全部有效根得到 1212416")]
GAP seed=435 step=17 F=14 in_gap=true gaps=[step10:(2,5)->(5,13),step12:(2,4)->(4,15)] ring_before=Some([(20, 6), (19, 6), (18, 6), (17, 6), (16, 6), (15, 6), (14, 5), (13, 5), (12, 4), (11, 4), (10, 4), (9, 3), (8, 3), (7, 3), (6, 2), (5, 2)]) overcount_bytes=Some(212992)
NEWRAISE seed=440 step=15 F=10 in_gap=false gaps=[] lands=Some(false) turned=false violations=[("I-3.1", "盘 0：记账的已分配 Some(1818624)，遍历全部有效根得到 983040")]
NEWRAISE seed=448 step=18 F=7 in_gap=false gaps=[] lands=Some(false) turned=false violations=[("I-3.1", "盘 0：记账的已分配 Some(1392640)，遍历全部有效根得到 884736")]
NEWRAISE seed=451 step=20 F=10 in_gap=false gaps=[step16:(6,18)->(18,19)] lands=Some(false) turned=false violations=[("I-3.1", "盘 0：记账的已分配 Some(2211840)，遍历全部有效根得到 1638400")]
NEWRAISE seed=470 step=30 F=8 in_gap=false gaps=[step27:(2,11)->(11,14)] lands=Some(false) turned=false violations=[("I-3.1", "盘 0：记账的已分配 Some(2048000)，遍历全部有效根得到 1376256")]
NEWRAISE seed=475 step=12 F=3 in_gap=false gaps=[step5:(1,4)->(4,5)] lands=Some(false) turned=false violations=[("I-3.1", "盘 0：记账的已分配 Some(1359872)，遍历全部有效根得到 1343488")]
NEWRAISE seed=476 step=21 F=11 in_gap=false gaps=[step16:(2,11)->(11,12),step20:(3,16)->(16,17)] lands=Some(false) turned=false violations=[("I-3.1", "盘 0：记账的已分配 Some(2441216)，遍历全部有效根得到 1277952")]
NEWRAISE seed=493 step=16 F=3 in_gap=false gaps=[step8:(2,7)->(7,9)] lands=Some(false) turned=false violations=[("I-3.1", "盘 0：记账的已分配 Some(2080768)，遍历全部有效根得到 2064384")]
NEWRAISE seed=494 step=28 F=4 in_gap=false gaps=[step8:(1,6)->(6,10),step25:(2,11)->(11,13)] lands=Some(false) turned=false violations=[("I-3.1", "盘 0：记账的已分配 Some(1458176)，遍历全部有效根得到 1277952")]
NEWRAISE seed=498 step=18 F=5 in_gap=false gaps=[step1:(1,3)->(3,4),step8:(3,9)->(9,12)] lands=Some(false) turned=false violations=[("I-3.1", "盘 0：记账的已分配 Some(2146304)，遍历全部有效根得到 1966080")]
NEWRAISE seed=505 step=23 F=3 in_gap=false gaps=[step17:(2,10)->(10,13)] lands=Some(false) turned=false violations=[("I-3.1", "盘 0：记账的已分配 Some(1949696)，遍历全部有效根得到 1933312")]
NEWRAISE seed=506 step=13 F=3 in_gap=false gaps=[] lands=Some(false) turned=false violations=[("I-3.1", "盘 0：记账的已分配 Some(1228800)，遍历全部有效根得到 1212416")]
NEWRAISE seed=509 step=21 F=5 in_gap=false gaps=[] lands=Some(false) turned=false violations=[("I-3.1", "盘 0：记账的已分配 Some(1163264)，遍历全部有效根得到 983040")]
NEWRAISE seed=510 step=17 F=4 in_gap=false gaps=[step8:(2,8)->(8,9)] lands=Some(false) turned=false violations=[("I-3.1", "盘 0：记账的已分配 Some(2310144)，遍历全部有效根得到 2129920")]
NEWRAISE seed=520 step=15 F=7 in_gap=false gaps=[] lands=Some(false) turned=false violations=[("I-3.1", "盘 0：记账的已分配 Some(2015232)，遍历全部有效根得到 1605632")]
NEWRAISE seed=522 step=11 F=3 in_gap=false gaps=[step5:(2,6)->(6,9)] lands=Some(false) turned=false violations=[("I-3.1", "盘 0：记账的已分配 Some(1556480)，遍历全部有效根得到 1540096")]
NEWRAISE seed=530 step=11 F=3 in_gap=false gaps=[step1:(1,3)->(3,5)] lands=Some(false) turned=false violations=[("I-3.1", "盘 0：记账的已分配 Some(1392640)，遍历全部有效根得到 1376256")]
NEWRAISE seed=536 step=12 F=9 in_gap=false gaps=[step2:(2,5)->(5,8)] lands=Some(false) turned=false violations=[("I-3.1", "盘 0：记账的已分配 Some(1949696)，遍历全部有效根得到 1605632")]
NEWRAISE seed=543 step=10 F=4 in_gap=false gaps=[step6:(1,5)->(5,6)] lands=Some(false) turned=false violations=[("I-3.1", "盘 0：记账的已分配 Some(1163264)，遍历全部有效根得到 983040")]
NEWRAISE seed=545 step=12 F=3 in_gap=false gaps=[] lands=Some(false) turned=false violations=[("I-3.1", "盘 0：记账的已分配 Some(999424)，遍历全部有效根得到 983040")]
NEWRAISE seed=547 step=15 F=4 in_gap=false gaps=[] lands=Some(false) turned=false violations=[("I-3.1", "盘 0：记账的已分配 Some(2048000)，遍历全部有效根得到 1867776")]
NEWRAISE seed=548 step=10 F=7 in_gap=false gaps=[] lands=Some(false) turned=false violations=[("I-3.1", "盘 0：记账的已分配 Some(1392640)，遍历全部有效根得到 884736")]
GAP seed=556 step=37 F=6 in_gap=true gaps=[step21:(2,4)->(4,7)] ring_before=Some([(19, 6), (18, 6), (17, 6), (16, 5), (15, 5), (14, 5), (13, 5), (12, 5), (11, 4), (10, 4), (9, 4), (8, 3), (7, 3), (6, 2), (5, 2), (4, 2)]) overcount_bytes=Some(212992)
NEWRAISE seed=560 step=17 F=4 in_gap=false gaps=[] lands=Some(false) turned=false violations=[("I-3.1", "盘 0：记账的已分配 Some(2179072)，遍历全部有效根得到 1998848")]
NEWRAISE seed=564 step=21 F=17 in_gap=false gaps=[step11:(3,11)->(11,12)] lands=Some(false) turned=false violations=[("I-3.1", "盘 0：记账的已分配 Some(2080768)，遍历全部有效根得到 819200")]
NEWRAISE seed=568 step=7 F=5 in_gap=false gaps=[] lands=Some(false) turned=false violations=[("I-3.1", "盘 0：记账的已分配 Some(1490944)，遍历全部有效根得到 1146880")]
NEWRAISE seed=569 step=19 F=3 in_gap=false gaps=[step2:(1,3)->(3,4)] lands=Some(false) turned=false violations=[("I-3.1", "盘 0：记账的已分配 Some(1622016)，遍历全部有效根得到 1605632")]
NEWRAISE seed=571 step=17 F=14 in_gap=false gaps=[step6:(1,3)->(3,8)] lands=Some(false) turned=false violations=[("I-3.1", "盘 0：记账的已分配 Some(1916928)，遍历全部有效根得到 1277952")]
NEWRAISE seed=575 step=18 F=11 in_gap=false gaps=[step8:(4,9)->(9,11)] lands=Some(false) turned=false violations=[("I-3.1", "盘 0：记账的已分配 Some(2146304)，遍历全部有效根得到 1441792")]
NEWRAISE seed=576 step=24 F=3 in_gap=false gaps=[] lands=Some(false) turned=false violations=[("I-3.1", "盘 0：记账的已分配 Some(2965504)，遍历全部有效根得到 2949120")]
NEWRAISE seed=579 step=17 F=9 in_gap=false gaps=[step6:(2,4)->(4,8)] lands=Some(false) turned=false violations=[("I-3.1", "盘 0：记账的已分配 Some(1654784)，遍历全部有效根得到 1376256")]
NEWRAISE seed=589 step=12 F=3 in_gap=false gaps=[] lands=Some(false) turned=false violations=[("I-3.1", "盘 0：记账的已分配 Some(1556480)，遍历全部有效根得到 1540096")]
NEWRAISE seed=608 step=19 F=4 in_gap=false gaps=[] lands=Some(false) turned=false violations=[("I-3.1", "盘 0：记账的已分配 Some(2048000)，遍历全部有效根得到 1867776")]
NEWRAISE seed=616 step=9 F=3 in_gap=false gaps=[step2:(1,3)->(3,5)] lands=Some(false) turned=false violations=[("I-3.1", "盘 0：记账的已分配 Some(1130496)，遍历全部有效根得到 1114112")]
NEWRAISE seed=619 step=15 F=4 in_gap=false gaps=[] lands=Some(false) turned=false violations=[("I-3.1", "盘 0：记账的已分配 Some(2080768)，遍历全部有效根得到 1900544")]
NEWRAISE seed=622 step=20 F=5 in_gap=false gaps=[] lands=Some(false) turned=false violations=[("I-3.1", "盘 0：记账的已分配 Some(2179072)，遍历全部有效根得到 1900544")]
NEWRAISE seed=624 step=13 F=3 in_gap=false gaps=[] lands=Some(false) turned=false violations=[("I-3.1", "盘 0：记账的已分配 Some(1687552)，遍历全部有效根得到 1671168")]
NEWRAISE seed=630 step=29 F=12 in_gap=false gaps=[step21:(2,7)->(7,10)] lands=Some(false) turned=false violations=[("I-3.1", "盘 0：记账的已分配 Some(1720320)，遍历全部有效根得到 1048576")]
NEWRAISE seed=633 step=10 F=3 in_gap=false gaps=[] lands=Some(false) turned=false violations=[("I-3.1", "盘 0：记账的已分配 Some(999424)，遍历全部有效根得到 983040")]
NEWRAISE seed=636 step=12 F=3 in_gap=false gaps=[] lands=Some(false) turned=false violations=[("I-3.1", "盘 0：记账的已分配 Some(999424)，遍历全部有效根得到 983040")]
NEWRAISE seed=637 step=19 F=3 in_gap=false gaps=[step6:(1,4)->(4,9)] lands=Some(false) turned=false violations=[("I-3.1", "盘 0：记账的已分配 Some(1556480)，遍历全部有效根得到 1540096")]
NEWRAISE seed=645 step=30 F=14 in_gap=false gaps=[] lands=Some(false) turned=false violations=[("I-3.1", "盘 0：记账的已分配 Some(2441216)，遍历全部有效根得到 1048576")]
NEWRAISE seed=648 step=8 F=3 in_gap=false gaps=[step4:(1,6)->(6,7)] lands=Some(false) turned=false violations=[("I-3.1", "盘 0：记账的已分配 Some(1490944)，遍历全部有效根得到 1474560")]
NEWRAISE seed=653 step=39 F=9 in_gap=false gaps=[step37:(3,13)->(13,17)] lands=Some(false) turned=false violations=[("I-3.1", "盘 0：记账的已分配 Some(1851392)，遍历全部有效根得到 1277952")]
GAP seed=659 step=26 F=7 in_gap=true gaps=[step12:(1,6)->(6,10)] ring_before=Some([(19, 3), (18, 3), (17, 3), (16, 3), (15, 3), (14, 3), (13, 3), (12, 2), (11, 2), (10, 2), (9, 1), (8, 1), (7, 1), (6, 1), (5, 1), (4, 1)]) overcount_bytes=Some(606208)
NEWRAISE seed=661 step=15 F=6 in_gap=false gaps=[step8:(1,6)->(6,9)] lands=Some(false) turned=false violations=[("I-3.1", "盘 0：记账的已分配 Some(1654784)，遍历全部有效根得到 1146880")]
NEWRAISE seed=664 step=17 F=5 in_gap=false gaps=[] lands=Some(false) turned=false violations=[("I-3.1", "盘 0：记账的已分配 Some(1851392)，遍历全部有效根得到 1572864")]
NEWRAISE seed=671 step=8 F=4 in_gap=false gaps=[] lands=Some(false) turned=false violations=[("I-3.1", "盘 0：记账的已分配 Some(1327104)，遍历全部有效根得到 1146880")]
NEWRAISE seed=672 step=18 F=12 in_gap=false gaps=[] lands=Some(false) turned=false violations=[("I-3.1", "盘 0：记账的已分配 Some(2342912)，遍历全部有效根得到 1441792")]
NEWRAISE seed=678 step=12 F=3 in_gap=false gaps=[] lands=Some(false) turned=false violations=[("I-3.1", "盘 0：记账的已分配 Some(2113536)，遍历全部有效根得到 2097152")]
NEWRAISE seed=680 step=24 F=6 in_gap=false gaps=[step4:(2,5)->(5,6),step18:(4,13)->(13,15)] lands=Some(false) turned=false violations=[("I-3.1", "盘 0：记账的已分配 Some(2113536)，遍历全部有效根得到 1835008")]
NEWRAISE seed=682 step=18 F=5 in_gap=false gaps=[step13:(2,11)->(11,14)] lands=Some(false) turned=false violations=[("I-3.1", "盘 0：记账的已分配 Some(2179072)，遍历全部有效根得到 1835008")]
GAP seed=693 step=14 F=5 in_gap=true gaps=[step5:(1,4)->(4,7)] ring_before=Some([(13, 2), (12, 2), (11, 2), (10, 2), (9, 2), (8, 2), (7, 2), (6, 1), (5, 1), (4, 1), (3, 1), (2, 1), (1, 1), (0, 0)]) overcount_bytes=Some(278528)
NEWRAISE seed=694 step=21 F=5 in_gap=false gaps=[] lands=Some(false) turned=false violations=[("I-3.1", "盘 0：记账的已分配 Some(2179072)，遍历全部有效根得到 1900544")]
GAP seed=701 step=21 F=5 in_gap=true gaps=[step5:(1,3)->(3,6)] ring_before=Some([(20, 3), (19, 3), (18, 3), (17, 3), (16, 3), (15, 3), (14, 3), (13, 3), (12, 3), (11, 3), (10, 2), (9, 2), (8, 2), (7, 2), (6, 2), (5, 1)]) overcount_bytes=Some(114688)
NEWRAISE seed=706 step=17 F=3 in_gap=false gaps=[] lands=Some(false) turned=false violations=[("I-3.1", "盘 0：记账的已分配 Some(2539520)，遍历全部有效根得到 2523136")]
NEWRAISE seed=707 step=15 F=3 in_gap=false gaps=[step4:(2,6)->(6,8),step12:(3,9)->(9,12)] lands=Some(false) turned=false violations=[("I-3.1", "盘 0：记账的已分配 Some(1327104)，遍历全部有效根得到 1310720")]
NEWRAISE seed=708 step=11 F=11 in_gap=false gaps=[step2:(1,4)->(4,5),step5:(3,8)->(8,11)] lands=Some(false) turned=false violations=[("I-3.1", "盘 0：记账的已分配 Some(1720320)，遍历全部有效根得到 1114112")]
NEWRAISE seed=711 step=23 F=9 in_gap=false gaps=[] lands=Some(false) turned=false violations=[("I-3.1", "盘 0：记账的已分配 Some(2277376)，遍历全部有效根得到 1605632")]
NEWRAISE seed=716 step=19 F=3 in_gap=false gaps=[step10:(1,5)->(5,8)] lands=Some(false) turned=false violations=[("I-3.1", "盘 0：记账的已分配 Some(1687552)，遍历全部有效根得到 1671168")]
NEWRAISE seed=721 step=18 F=13 in_gap=false gaps=[step3:(1,5)->(5,6),step6:(1,5)->(5,9)] lands=Some(false) turned=false violations=[("I-3.1", "盘 0：记账的已分配 Some(1884160)，遍历全部有效根得到 884736")]
NEWRAISE seed=724 step=11 F=7 in_gap=false gaps=[] lands=Some(false) turned=false violations=[("I-3.1", "盘 0：记账的已分配 Some(1556480)，遍历全部有效根得到 1146880")]
NEWRAISE seed=725 step=21 F=7 in_gap=false gaps=[step2:(1,3)->(3,4)] lands=Some(false) turned=false violations=[("I-3.1", "盘 0：记账的已分配 Some(2605056)，遍历全部有效根得到 2097152")]
NEWRAISE seed=726 step=13 F=4 in_gap=false gaps=[] lands=Some(false) turned=false violations=[("I-3.1", "盘 0：记账的已分配 Some(1949696)，遍历全部有效根得到 1769472")]
NEWRAISE seed=728 step=21 F=11 in_gap=false gaps=[step10:(3,11)->(11,12)] lands=Some(false) turned=false violations=[("I-3.1", "盘 0：记账的已分配 Some(2539520)，遍历全部有效根得到 1540096")]
NEWRAISE seed=736 step=19 F=8 in_gap=false gaps=[] lands=Some(false) turned=false violations=[("I-3.1", "盘 0：记账的已分配 Some(2277376)，遍历全部有效根得到 1441792")]
GAP seed=752 step=19 F=6 in_gap=true gaps=[step9:(2,5)->(5,9),step11:(4,9)->(9,11)] ring_before=Some([(18, 5), (17, 5), (16, 5), (15, 5), (14, 5), (13, 5), (12, 5), (11, 5), (10, 4), (9, 4), (8, 3), (7, 3), (6, 3), (5, 2), (4, 2), (3, 1)]) overcount_bytes=Some(278528)
NEWRAISE seed=758 step=8 F=4 in_gap=false gaps=[] lands=Some(false) turned=false violations=[("I-3.1", "盘 0：记账的已分配 Some(1523712)，遍历全部有效根得到 1409024")]
NEWRAISE seed=759 step=31 F=14 in_gap=false gaps=[] lands=Some(false) turned=false violations=[("I-3.1", "盘 0：记账的已分配 Some(2375680)，遍历全部有效根得到 1310720")]
NEWRAISE seed=761 step=18 F=13 in_gap=false gaps=[step1:(1,3)->(3,4)] lands=Some(false) turned=false violations=[("I-3.1", "盘 0：记账的已分配 Some(2048000)，遍历全部有效根得到 884736")]
NEWRAISE seed=765 step=25 F=5 in_gap=false gaps=[] lands=Some(false) turned=false violations=[("I-3.1", "盘 0：记账的已分配 Some(1392640)，遍历全部有效根得到 1114112")]
NEWRAISE seed=768 step=11 F=3 in_gap=false gaps=[step3:(2,7)->(7,8)] lands=Some(false) turned=false violations=[("I-3.1", "盘 0：记账的已分配 Some(2048000)，遍历全部有效根得到 2031616")]
NEWRAISE seed=772 step=21 F=3 in_gap=false gaps=[] lands=Some(false) turned=false violations=[("I-3.1", "盘 0：记账的已分配 Some(1228800)，遍历全部有效根得到 1212416")]
NEWRAISE seed=774 step=12 F=3 in_gap=false gaps=[] lands=Some(false) turned=false violations=[("I-3.1", "盘 0：记账的已分配 Some(1392640)，遍历全部有效根得到 1376256")]
NEWRAISE seed=779 step=14 F=4 in_gap=false gaps=[] lands=Some(false) turned=false violations=[("I-3.1", "盘 0：记账的已分配 Some(1949696)，遍历全部有效根得到 1769472")]
NEWRAISE seed=794 step=21 F=3 in_gap=false gaps=[step17:(2,9)->(9,13)] lands=Some(false) turned=false violations=[("I-3.1", "盘 0：记账的已分配 Some(1818624)，遍历全部有效根得到 1802240")]
NEWRAISE seed=796 step=24 F=3 in_gap=false gaps=[step20:(3,10)->(10,14)] lands=Some(false) turned=false violations=[("I-3.1", "盘 0：记账的已分配 Some(1622016)，遍历全部有效根得到 1605632")]
NEWRAISE seed=805 step=18 F=10 in_gap=false gaps=[] lands=Some(false) turned=false violations=[("I-3.1", "盘 0：记账的已分配 Some(2277376)，遍历全部有效根得到 1114112")]
NEWRAISE seed=809 step=8 F=3 in_gap=false gaps=[] lands=Some(false) turned=false violations=[("I-3.1", "盘 0：记账的已分配 Some(1327104)，遍历全部有效根得到 1310720")]
NEWRAISE seed=816 step=12 F=3 in_gap=false gaps=[] lands=Some(false) turned=false violations=[("I-3.1", "盘 0：记账的已分配 Some(1949696)，遍历全部有效根得到 1933312")]
NEWRAISE seed=825 step=15 F=3 in_gap=false gaps=[] lands=Some(false) turned=false violations=[("I-3.1", "盘 0：记账的已分配 Some(1654784)，遍历全部有效根得到 1638400")]
NEWRAISE seed=827 step=17 F=10 in_gap=false gaps=[step4:(2,6)->(6,8),step14:(4,16)->(16,17)] lands=Some(false) turned=false violations=[("I-3.1", "盘 0：记账的已分配 Some(2015232)，遍历全部有效根得到 1441792")]
NEWRAISE seed=831 step=15 F=5 in_gap=false gaps=[step14:(2,10)->(10,17)] lands=Some(false) turned=false violations=[("I-3.1", "盘 0：记账的已分配 Some(1622016)，遍历全部有效根得到 1277952")]
GAP seed=832 step=33 F=9 in_gap=true gaps=[step26:(3,7)->(7,16)] ring_before=Some([(21, 5), (20, 5), (19, 5), (18, 5), (17, 5), (16, 5), (15, 4), (14, 4), (13, 4), (12, 4), (11, 4), (10, 3), (9, 3), (8, 3), (7, 3), (6, 3)]) overcount_bytes=Some(442368)
NEWRAISE seed=838 step=9 F=7 in_gap=false gaps=[] lands=Some(false) turned=false violations=[("I-3.1", "盘 0：记账的已分配 Some(1687552)，遍历全部有效根得到 1277952")]
NEWRAISE seed=846 step=18 F=3 in_gap=false gaps=[step12:(1,5)->(5,8)] lands=Some(false) turned=false violations=[("I-3.1", "盘 0：记账的已分配 Some(1458176)，遍历全部有效根得到 1441792")]
NEWRAISE seed=851 step=19 F=15 in_gap=false gaps=[] lands=Some(false) turned=false violations=[("I-3.1", "盘 0：记账的已分配 Some(2605056)，遍历全部有效根得到 950272")]
NEWRAISE seed=855 step=24 F=4 in_gap=false gaps=[step7:(1,4)->(4,6),step11:(1,4)->(4,8)] lands=Some(false) turned=false violations=[("I-3.1", "盘 0：记账的已分配 Some(2113536)，遍历全部有效根得到 1933312")]
NEWRAISE seed=857 step=22 F=10 in_gap=false gaps=[step5:(1,6)->(6,9)] lands=Some(false) turned=false violations=[("I-3.1", "盘 0：记账的已分配 Some(2211840)，遍历全部有效根得到 1540096")]
NEWRAISE seed=859 step=21 F=4 in_gap=false gaps=[step4:(2,6)->(6,9),step13:(2,4)->(4,12)] lands=Some(false) turned=false violations=[("I-3.1", "盘 0：记账的已分配 Some(1654784)，遍历全部有效根得到 1540096")]
NEWRAISE seed=860 step=19 F=3 in_gap=false gaps=[] lands=Some(false) turned=false violations=[("I-3.1", "盘 0：记账的已分配 Some(1163264)，遍历全部有效根得到 1146880")]
NEWRAISE seed=876 step=7 F=5 in_gap=false gaps=[] lands=Some(false) turned=false violations=[("I-3.1", "盘 0：记账的已分配 Some(1327104)，遍历全部有效根得到 1146880")]
NEWRAISE seed=879 step=31 F=10 in_gap=false gaps=[step7:(1,5)->(5,7)] lands=Some(false) turned=false violations=[("I-3.1", "盘 0：记账的已分配 Some(2211840)，遍历全部有效根得到 1441792")]
NEWRAISE seed=880 step=14 F=14 in_gap=false gaps=[step7:(3,7)->(7,8),step9:(4,9)->(9,12)] lands=Some(false) turned=false violations=[("I-3.1", "盘 0：记账的已分配 Some(1654784)，遍历全部有效根得到 819200")]
NEWRAISE seed=881 step=9 F=3 in_gap=false gaps=[] lands=Some(false) turned=false violations=[("I-3.1", "盘 0：记账的已分配 Some(1163264)，遍历全部有效根得到 1146880")]
NEWRAISE seed=882 step=14 F=3 in_gap=false gaps=[] lands=Some(false) turned=false violations=[("I-3.1", "盘 0：记账的已分配 Some(1327104)，遍历全部有效根得到 1310720")]
NEWRAISE seed=894 step=9 F=3 in_gap=false gaps=[] lands=Some(false) turned=false violations=[("I-3.1", "盘 0：记账的已分配 Some(1294336)，遍历全部有效根得到 1277952")]
NEWRAISE seed=896 step=10 F=5 in_gap=false gaps=[] lands=Some(false) turned=false violations=[("I-3.1", "盘 0：记账的已分配 Some(1392640)，遍历全部有效根得到 1048576")]
NEWRAISE seed=898 step=21 F=6 in_gap=false gaps=[step18:(3,14)->(14,15)] lands=Some(false) turned=false violations=[("I-3.1", "盘 0：记账的已分配 Some(2146304)，遍历全部有效根得到 1802240")]
NEWRAISE seed=899 step=24 F=13 in_gap=false gaps=[] lands=Some(false) turned=false violations=[("I-3.1", "盘 0：记账的已分配 Some(2441216)，遍历全部有效根得到 1212416")]
NEWRAISE seed=907 step=25 F=3 in_gap=false gaps=[step21:(3,11)->(11,15)] lands=Some(false) turned=false violations=[("I-3.1", "盘 0：记账的已分配 Some(1785856)，遍历全部有效根得到 1769472")]
NEWRAISE seed=919 step=10 F=6 in_gap=false gaps=[] lands=Some(false) turned=false violations=[("I-3.1", "盘 0：记账的已分配 Some(1163264)，遍历全部有效根得到 819200")]
NEWRAISE seed=920 step=29 F=7 in_gap=false gaps=[] lands=Some(false) turned=false violations=[("I-3.1", "盘 0：记账的已分配 Some(2244608)，遍历全部有效根得到 1835008")]
NEWRAISE seed=938 step=38 F=4 in_gap=false gaps=[step29:(1,3)->(3,4)] lands=Some(false) turned=false violations=[("I-3.1", "盘 0：记账的已分配 Some(1392640)，遍历全部有效根得到 1277952")]
NEWRAISE seed=949 step=11 F=5 in_gap=false gaps=[step10:(3,13)->(13,15)] lands=Some(false) turned=false violations=[("I-3.1", "盘 0：记账的已分配 Some(1884160)，遍历全部有效根得到 1605632")]
NEWRAISE seed=952 step=22 F=4 in_gap=false gaps=[step13:(1,7)->(7,9),step21:(2,11)->(11,13)] lands=Some(false) turned=false violations=[("I-3.1", "盘 0：记账的已分配 Some(1490944)，遍历全部有效根得到 1310720")]
NEWRAISE seed=953 step=14 F=14 in_gap=false gaps=[] lands=Some(false) turned=false violations=[("I-3.1", "盘 0：记账的已分配 Some(2310144)，遍历全部有效根得到 1114112")]
NEWRAISE seed=955 step=18 F=10 in_gap=false gaps=[step10:(1,3)->(3,10)] lands=Some(false) turned=false violations=[("I-3.1", "盘 0：记账的已分配 Some(1327104)，遍历全部有效根得到 1212416")]
NEWRAISE seed=957 step=15 F=8 in_gap=false gaps=[] lands=Some(false) turned=false violations=[("I-3.1", "盘 0：记账的已分配 Some(2113536)，遍历全部有效根得到 1540096")]
NEWRAISE seed=959 step=20 F=3 in_gap=false gaps=[] lands=Some(false) turned=false violations=[("I-3.1", "盘 0：记账的已分配 Some(2703360)，遍历全部有效根得到 2686976")]
NEWRAISE seed=966 step=26 F=4 in_gap=false gaps=[] lands=Some(false) turned=false violations=[("I-3.1", "盘 0：记账的已分配 Some(1556480)，遍历全部有效根得到 1376256")]
NEWRAISE seed=973 step=11 F=4 in_gap=false gaps=[step7:(2,9)->(9,11)] lands=Some(false) turned=false violations=[("I-3.1", "盘 0：记账的已分配 Some(1720320)，遍历全部有效根得到 1540096")]
NEWRAISE seed=976 step=14 F=8 in_gap=false gaps=[] lands=Some(false) turned=false violations=[("I-3.1", "盘 0：记账的已分配 Some(1949696)，遍历全部有效根得到 1376256")]
NEWRAISE seed=980 step=30 F=3 in_gap=false gaps=[] lands=Some(false) turned=false violations=[("I-3.1", "盘 0：记账的已分配 Some(1720320)，遍历全部有效根得到 1703936")]
NEWRAISE seed=983 step=27 F=7 in_gap=false gaps=[] lands=Some(false) turned=false violations=[("I-3.1", "盘 0：记账的已分配 Some(2506752)，遍历全部有效根得到 1998848")]
NEWRAISE seed=985 step=15 F=9 in_gap=false gaps=[] lands=Some(false) turned=false violations=[("I-3.1", "盘 0：记账的已分配 Some(2015232)，遍历全部有效根得到 1179648")]
NEWRAISE seed=994 step=15 F=4 in_gap=false gaps=[] lands=Some(false) turned=false violations=[("I-3.1", "盘 0：记账的已分配 Some(1556480)，遍历全部有效根得到 1441792")]
NEWRAISE seed=998 step=26 F=5 in_gap=false gaps=[step15:(1,6)->(6,10)] lands=Some(false) turned=false violations=[("I-3.1", "盘 0：记账的已分配 Some(1490944)，遍历全部有效根得到 1146880")]
SUMMARY first=0 seeds=1000 ops=40 weights=各类操作都抽（快档、大档） {"completed": 297, "form1_in_gap=true": 11, "known_red_0": 496, "known_red_1": 11, "new:CheckerViolations { invariants: [\"I-3.1\"] }": 196}
test opus_r2_gap_probe ... ok

test result: ok. 1 passed; 0 failed; 0 ignored; 0 measured; 0 filtered out; finished in 42.15s

