V4RESULT name=selftest passed=9
V4RESULT name=false_enospc prepay=0 allocated=LiveOnly d16_gate=SmallerDevice writing=D28RawAvailable arm=JiaPoolOnce states=1259712 gate_rejects=433584 gate_min=unused=48/48:pinned=8:lag=6:current=0:live=0:cost=4:containers=0:request_units=1 placement_fails=0 placement_min=none
V4RESULT name=false_enospc prepay=0 allocated=LiveOnly d16_gate=SmallerDevice writing=D28RawAvailable arm=YiPoolTimesTwo states=1259712 gate_rejects=419300 gate_min=unused=48/48:pinned=8:lag=6:current=0:live=0:cost=4:containers=0:request_units=1 placement_fails=0 placement_min=none
V4RESULT name=false_enospc prepay=0 allocated=LiveOnly d16_gate=SmallerDevice writing=D28RawAvailable arm=BingPrimePerDevice states=1259712 gate_rejects=420456 gate_min=unused=48/48:pinned=8:lag=6:current=0:live=0:cost=4:containers=0:request_units=1 placement_fails=0 placement_min=none
V4RESULT name=writing_summary prepay=0 allocated=LiveOnly d16_gate=SmallerDevice writing=D28RawAvailable zero_on_all_three_arms=false
V4RESULT name=false_enospc prepay=0 allocated=LiveOnly d16_gate=SmallerDevice writing=D28PerCopyOwnArm arm=JiaPoolOnce states=1259712 gate_rejects=422128 gate_min=unused=48/48:pinned=8:lag=6:current=0:live=0:cost=4:containers=0:request_units=1 placement_fails=0 placement_min=none
V4RESULT name=false_enospc prepay=0 allocated=LiveOnly d16_gate=SmallerDevice writing=D28PerCopyOwnArm arm=YiPoolTimesTwo states=1259712 gate_rejects=407460 gate_min=unused=48/48:pinned=8:lag=6:current=0:live=0:cost=4:containers=0:request_units=1 placement_fails=0 placement_min=none
V4RESULT name=false_enospc prepay=0 allocated=LiveOnly d16_gate=SmallerDevice writing=D28PerCopyOwnArm arm=BingPrimePerDevice states=1259712 gate_rejects=37384 gate_min=unused=48/48:pinned=8:lag=6:current=0:live=0:cost=4:containers=0:request_units=1 placement_fails=0 placement_min=none
V4RESULT name=writing_summary prepay=0 allocated=LiveOnly d16_gate=SmallerDevice writing=D28PerCopyOwnArm zero_on_all_three_arms=false
V4RESULT name=false_enospc prepay=0 allocated=LiveOnly d16_gate=SmallerDevice writing=D16SmallerDevice arm=JiaPoolOnce states=1259712 gate_rejects=0 gate_min=none placement_fails=0 placement_min=none
V4RESULT name=false_enospc prepay=0 allocated=LiveOnly d16_gate=SmallerDevice writing=D16SmallerDevice arm=YiPoolTimesTwo states=1259712 gate_rejects=20 gate_min=unused=120/120:pinned=8:lag=0:current=0:live=9:cost=9:containers=1:request_units=1 placement_fails=0 placement_min=none
V4RESULT name=false_enospc prepay=0 allocated=LiveOnly d16_gate=SmallerDevice writing=D16SmallerDevice arm=BingPrimePerDevice states=1259712 gate_rejects=1176 gate_min=unused=120/120:pinned=8:lag=0:current=0:live=9:cost=9:containers=1:request_units=1 placement_fails=0 placement_min=none
V4RESULT name=writing_summary prepay=0 allocated=LiveOnly d16_gate=SmallerDevice writing=D16SmallerDevice zero_on_all_three_arms=false
V4RESULT name=false_enospc prepay=0 allocated=LiveOnly d16_gate=SmallerDevice writing=D16HalfOfSum arm=JiaPoolOnce states=1259712 gate_rejects=381312 gate_min=unused=56/60:pinned=8:lag=0:current=0:live=4:cost=4:containers=0:request_units=1 placement_fails=0 placement_min=none
V4RESULT name=false_enospc prepay=0 allocated=LiveOnly d16_gate=SmallerDevice writing=D16HalfOfSum arm=YiPoolTimesTwo states=1259712 gate_rejects=381332 gate_min=unused=120/120:pinned=8:lag=0:current=0:live=9:cost=9:containers=1:request_units=1 placement_fails=0 placement_min=none
V4RESULT name=false_enospc prepay=0 allocated=LiveOnly d16_gate=SmallerDevice writing=D16HalfOfSum arm=BingPrimePerDevice states=1259712 gate_rejects=382488 gate_min=unused=120/120:pinned=8:lag=0:current=0:live=9:cost=9:containers=1:request_units=1 placement_fails=0 placement_min=none
V4RESULT name=writing_summary prepay=0 allocated=LiveOnly d16_gate=SmallerDevice writing=D16HalfOfSum zero_on_all_three_arms=false
V4RESULT name=false_enospc prepay=0 allocated=LiveOnly d16_gate=SmallerDevice writing=MinOwnArmAndD16Smaller arm=JiaPoolOnce states=1259712 gate_rejects=0 gate_min=none placement_fails=0 placement_min=none
V4RESULT name=false_enospc prepay=0 allocated=LiveOnly d16_gate=SmallerDevice writing=MinOwnArmAndD16Smaller arm=YiPoolTimesTwo states=1259712 gate_rejects=0 gate_min=none placement_fails=0 placement_min=none
V4RESULT name=false_enospc prepay=0 allocated=LiveOnly d16_gate=SmallerDevice writing=MinOwnArmAndD16Smaller arm=BingPrimePerDevice states=1259712 gate_rejects=0 gate_min=none placement_fails=0 placement_min=none
V4RESULT name=writing_summary prepay=0 allocated=LiveOnly d16_gate=SmallerDevice writing=MinOwnArmAndD16Smaller zero_on_all_three_arms=true
V4RESULT name=false_enospc prepay=0 allocated=LiveOnly d16_gate=SmallerDevice writing=MinPerDeviceFormAndD16Smaller arm=JiaPoolOnce states=1259712 gate_rejects=0 gate_min=none placement_fails=0 placement_min=none
V4RESULT name=false_enospc prepay=0 allocated=LiveOnly d16_gate=SmallerDevice writing=MinPerDeviceFormAndD16Smaller arm=YiPoolTimesTwo states=1259712 gate_rejects=0 gate_min=none placement_fails=0 placement_min=none
V4RESULT name=false_enospc prepay=0 allocated=LiveOnly d16_gate=SmallerDevice writing=MinPerDeviceFormAndD16Smaller arm=BingPrimePerDevice states=1259712 gate_rejects=0 gate_min=none placement_fails=0 placement_min=none
V4RESULT name=writing_summary prepay=0 allocated=LiveOnly d16_gate=SmallerDevice writing=MinPerDeviceFormAndD16Smaller zero_on_all_three_arms=true
V4RESULT name=false_enospc prepay=0 allocated=LiveOnly d16_gate=SmallerDevice writing=MinSummedFormAndD16Half arm=JiaPoolOnce states=1259712 gate_rejects=379800 gate_min=unused=56/60:pinned=8:lag=0:current=0:live=4:cost=4:containers=0:request_units=1 placement_fails=0 placement_min=none
V4RESULT name=false_enospc prepay=0 allocated=LiveOnly d16_gate=SmallerDevice writing=MinSummedFormAndD16Half arm=YiPoolTimesTwo states=1259712 gate_rejects=379800 gate_min=unused=56/60:pinned=8:lag=0:current=0:live=4:cost=4:containers=0:request_units=1 placement_fails=0 placement_min=none
V4RESULT name=false_enospc prepay=0 allocated=LiveOnly d16_gate=SmallerDevice writing=MinSummedFormAndD16Half arm=BingPrimePerDevice states=1259712 gate_rejects=380956 gate_min=unused=56/60:pinned=8:lag=0:current=0:live=4:cost=4:containers=0:request_units=1 placement_fails=0 placement_min=none
V4RESULT name=writing_summary prepay=0 allocated=LiveOnly d16_gate=SmallerDevice writing=MinSummedFormAndD16Half zero_on_all_three_arms=false
V4RESULT name=false_enospc prepay=0 allocated=LiveOnly d16_gate=HalfOfSum writing=D28RawAvailable arm=JiaPoolOnce states=1259712 gate_rejects=52272 gate_min=unused=48/48:pinned=8:lag=6:current=0:live=0:cost=4:containers=0:request_units=1 placement_fails=23088 placement_min=unused=0/124:pinned=8:lag=0:current=0:live=4:cost=4:containers=0:request_units=3
V4RESULT name=false_enospc prepay=0 allocated=LiveOnly d16_gate=HalfOfSum writing=D28RawAvailable arm=YiPoolTimesTwo states=1259712 gate_rejects=39500 gate_min=unused=48/48:pinned=8:lag=6:current=0:live=0:cost=4:containers=0:request_units=1 placement_fails=22944 placement_min=unused=0/124:pinned=8:lag=0:current=0:live=4:cost=4:containers=0:request_units=3
V4RESULT name=false_enospc prepay=0 allocated=LiveOnly d16_gate=HalfOfSum writing=D28RawAvailable arm=BingPrimePerDevice states=1259712 gate_rejects=384524 gate_min=unused=48/48:pinned=8:lag=6:current=0:live=0:cost=4:containers=0:request_units=1 placement_fails=0 placement_min=none
V4RESULT name=writing_summary prepay=0 allocated=LiveOnly d16_gate=HalfOfSum writing=D28RawAvailable zero_on_all_three_arms=false
V4RESULT name=false_enospc prepay=0 allocated=LiveOnly d16_gate=HalfOfSum writing=D28PerCopyOwnArm arm=JiaPoolOnce states=1259712 gate_rejects=40816 gate_min=unused=48/48:pinned=8:lag=6:current=0:live=0:cost=4:containers=0:request_units=1 placement_fails=23088 placement_min=unused=0/124:pinned=8:lag=0:current=0:live=4:cost=4:containers=0:request_units=3
V4RESULT name=false_enospc prepay=0 allocated=LiveOnly d16_gate=HalfOfSum writing=D28PerCopyOwnArm arm=YiPoolTimesTwo states=1259712 gate_rejects=27660 gate_min=unused=48/48:pinned=8:lag=6:current=0:live=0:cost=4:containers=0:request_units=1 placement_fails=22944 placement_min=unused=0/124:pinned=8:lag=0:current=0:live=4:cost=4:containers=0:request_units=3
V4RESULT name=false_enospc prepay=0 allocated=LiveOnly d16_gate=HalfOfSum writing=D28PerCopyOwnArm arm=BingPrimePerDevice states=1259712 gate_rejects=1452 gate_min=unused=48/48:pinned=8:lag=6:current=0:live=0:cost=4:containers=0:request_units=1 placement_fails=0 placement_min=none
V4RESULT name=writing_summary prepay=0 allocated=LiveOnly d16_gate=HalfOfSum writing=D28PerCopyOwnArm zero_on_all_three_arms=false
V4RESULT name=false_enospc prepay=0 allocated=LiveOnly d16_gate=HalfOfSum writing=D16SmallerDevice arm=JiaPoolOnce states=1259712 gate_rejects=0 gate_min=none placement_fails=0 placement_min=none
V4RESULT name=false_enospc prepay=0 allocated=LiveOnly d16_gate=HalfOfSum writing=D16SmallerDevice arm=YiPoolTimesTwo states=1259712 gate_rejects=20 gate_min=unused=120/120:pinned=8:lag=0:current=0:live=9:cost=9:containers=1:request_units=1 placement_fails=0 placement_min=none
V4RESULT name=false_enospc prepay=0 allocated=LiveOnly d16_gate=HalfOfSum writing=D16SmallerDevice arm=BingPrimePerDevice states=1259712 gate_rejects=1176 gate_min=unused=120/120:pinned=8:lag=0:current=0:live=9:cost=9:containers=1:request_units=1 placement_fails=0 placement_min=none
V4RESULT name=writing_summary prepay=0 allocated=LiveOnly d16_gate=HalfOfSum writing=D16SmallerDevice zero_on_all_three_arms=false
V4RESULT name=false_enospc prepay=0 allocated=LiveOnly d16_gate=HalfOfSum writing=D16HalfOfSum arm=JiaPoolOnce states=1259712 gate_rejects=0 gate_min=none placement_fails=23088 placement_min=unused=0/124:pinned=8:lag=0:current=0:live=4:cost=4:containers=0:request_units=3
V4RESULT name=false_enospc prepay=0 allocated=LiveOnly d16_gate=HalfOfSum writing=D16HalfOfSum arm=YiPoolTimesTwo states=1259712 gate_rejects=1532 gate_min=unused=120/120:pinned=8:lag=0:current=0:live=9:cost=9:containers=1:request_units=1 placement_fails=22944 placement_min=unused=0/124:pinned=8:lag=0:current=0:live=4:cost=4:containers=0:request_units=3
V4RESULT name=false_enospc prepay=0 allocated=LiveOnly d16_gate=HalfOfSum writing=D16HalfOfSum arm=BingPrimePerDevice states=1259712 gate_rejects=346556 gate_min=unused=120/120:pinned=8:lag=0:current=0:live=9:cost=9:containers=1:request_units=1 placement_fails=0 placement_min=none
V4RESULT name=writing_summary prepay=0 allocated=LiveOnly d16_gate=HalfOfSum writing=D16HalfOfSum zero_on_all_three_arms=false
V4RESULT name=false_enospc prepay=0 allocated=LiveOnly d16_gate=HalfOfSum writing=MinOwnArmAndD16Smaller arm=JiaPoolOnce states=1259712 gate_rejects=0 gate_min=none placement_fails=0 placement_min=none
V4RESULT name=false_enospc prepay=0 allocated=LiveOnly d16_gate=HalfOfSum writing=MinOwnArmAndD16Smaller arm=YiPoolTimesTwo states=1259712 gate_rejects=0 gate_min=none placement_fails=0 placement_min=none
V4RESULT name=false_enospc prepay=0 allocated=LiveOnly d16_gate=HalfOfSum writing=MinOwnArmAndD16Smaller arm=BingPrimePerDevice states=1259712 gate_rejects=0 gate_min=none placement_fails=0 placement_min=none
V4RESULT name=writing_summary prepay=0 allocated=LiveOnly d16_gate=HalfOfSum writing=MinOwnArmAndD16Smaller zero_on_all_three_arms=true
V4RESULT name=false_enospc prepay=0 allocated=LiveOnly d16_gate=HalfOfSum writing=MinPerDeviceFormAndD16Smaller arm=JiaPoolOnce states=1259712 gate_rejects=0 gate_min=none placement_fails=0 placement_min=none
V4RESULT name=false_enospc prepay=0 allocated=LiveOnly d16_gate=HalfOfSum writing=MinPerDeviceFormAndD16Smaller arm=YiPoolTimesTwo states=1259712 gate_rejects=0 gate_min=none placement_fails=0 placement_min=none
V4RESULT name=false_enospc prepay=0 allocated=LiveOnly d16_gate=HalfOfSum writing=MinPerDeviceFormAndD16Smaller arm=BingPrimePerDevice states=1259712 gate_rejects=0 gate_min=none placement_fails=0 placement_min=none
V4RESULT name=writing_summary prepay=0 allocated=LiveOnly d16_gate=HalfOfSum writing=MinPerDeviceFormAndD16Smaller zero_on_all_three_arms=true
V4RESULT name=false_enospc prepay=0 allocated=LiveOnly d16_gate=HalfOfSum writing=MinSummedFormAndD16Half arm=JiaPoolOnce states=1259712 gate_rejects=0 gate_min=none placement_fails=22944 placement_min=unused=0/124:pinned=8:lag=0:current=0:live=4:cost=4:containers=0:request_units=3
V4RESULT name=false_enospc prepay=0 allocated=LiveOnly d16_gate=HalfOfSum writing=MinSummedFormAndD16Half arm=YiPoolTimesTwo states=1259712 gate_rejects=0 gate_min=none placement_fails=22944 placement_min=unused=0/124:pinned=8:lag=0:current=0:live=4:cost=4:containers=0:request_units=3
V4RESULT name=false_enospc prepay=0 allocated=LiveOnly d16_gate=HalfOfSum writing=MinSummedFormAndD16Half arm=BingPrimePerDevice states=1259712 gate_rejects=345024 gate_min=unused=116/120:pinned=8:lag=6:current=2:live=9:cost=9:containers=1:request_units=1 placement_fails=0 placement_min=none
V4RESULT name=writing_summary prepay=0 allocated=LiveOnly d16_gate=HalfOfSum writing=MinSummedFormAndD16Half zero_on_all_three_arms=false
V4RESULT name=false_enospc prepay=0 allocated=CheckerReadingJia d16_gate=SmallerDevice writing=D28RawAvailable arm=JiaPoolOnce states=1259712 gate_rejects=399322 gate_min=unused=60/60:pinned=0:lag=0:current=0:live=0:cost=4:containers=0:request_units=1 placement_fails=0 placement_min=none
V4RESULT name=false_enospc prepay=0 allocated=CheckerReadingJia d16_gate=SmallerDevice writing=D28RawAvailable arm=YiPoolTimesTwo states=1259712 gate_rejects=384254 gate_min=unused=64/64:pinned=0:lag=0:current=0:live=0:cost=4:containers=0:request_units=1 placement_fails=0 placement_min=none
V4RESULT name=false_enospc prepay=0 allocated=CheckerReadingJia d16_gate=SmallerDevice writing=D28RawAvailable arm=BingPrimePerDevice states=1259712 gate_rejects=400388 gate_min=unused=64/64:pinned=0:lag=0:current=0:live=0:cost=4:containers=0:request_units=1 placement_fails=0 placement_min=none
V4RESULT name=writing_summary prepay=0 allocated=CheckerReadingJia d16_gate=SmallerDevice writing=D28RawAvailable zero_on_all_three_arms=false
V4RESULT name=false_enospc prepay=0 allocated=CheckerReadingJia d16_gate=SmallerDevice writing=D28PerCopyOwnArm arm=JiaPoolOnce states=1259712 gate_rejects=386906 gate_min=unused=60/60:pinned=0:lag=0:current=0:live=0:cost=4:containers=0:request_units=1 placement_fails=0 placement_min=none
V4RESULT name=false_enospc prepay=0 allocated=CheckerReadingJia d16_gate=SmallerDevice writing=D28PerCopyOwnArm arm=YiPoolTimesTwo states=1259712 gate_rejects=371454 gate_min=unused=64/64:pinned=0:lag=0:current=0:live=0:cost=4:containers=0:request_units=1 placement_fails=0 placement_min=none
V4RESULT name=false_enospc prepay=0 allocated=CheckerReadingJia d16_gate=SmallerDevice writing=D28PerCopyOwnArm arm=BingPrimePerDevice states=1259712 gate_rejects=9060 gate_min=unused=64/64:pinned=0:lag=0:current=0:live=0:cost=4:containers=0:request_units=1 placement_fails=0 placement_min=none
V4RESULT name=writing_summary prepay=0 allocated=CheckerReadingJia d16_gate=SmallerDevice writing=D28PerCopyOwnArm zero_on_all_three_arms=false
V4RESULT name=false_enospc prepay=0 allocated=CheckerReadingJia d16_gate=SmallerDevice writing=D16SmallerDevice arm=JiaPoolOnce states=1259712 gate_rejects=234 gate_min=unused=60/60:pinned=8:lag=0:current=0:live=4:cost=4:containers=1:request_units=1 placement_fails=0 placement_min=none
V4RESULT name=false_enospc prepay=0 allocated=CheckerReadingJia d16_gate=SmallerDevice writing=D16SmallerDevice arm=YiPoolTimesTwo states=1259712 gate_rejects=622 gate_min=unused=60/60:pinned=8:lag=0:current=0:live=4:cost=4:containers=0:request_units=1 placement_fails=0 placement_min=none
V4RESULT name=false_enospc prepay=0 allocated=CheckerReadingJia d16_gate=SmallerDevice writing=D16SmallerDevice arm=BingPrimePerDevice states=1259712 gate_rejects=16756 gate_min=unused=60/60:pinned=8:lag=0:current=0:live=4:cost=4:containers=0:request_units=1 placement_fails=0 placement_min=none
V4RESULT name=writing_summary prepay=0 allocated=CheckerReadingJia d16_gate=SmallerDevice writing=D16SmallerDevice zero_on_all_three_arms=false
V4RESULT name=false_enospc prepay=0 allocated=CheckerReadingJia d16_gate=SmallerDevice writing=D16HalfOfSum arm=JiaPoolOnce states=1259712 gate_rejects=381546 gate_min=unused=60/60:pinned=8:lag=0:current=0:live=4:cost=4:containers=1:request_units=1 placement_fails=0 placement_min=none
V4RESULT name=false_enospc prepay=0 allocated=CheckerReadingJia d16_gate=SmallerDevice writing=D16HalfOfSum arm=YiPoolTimesTwo states=1259712 gate_rejects=381934 gate_min=unused=60/60:pinned=8:lag=0:current=0:live=4:cost=4:containers=0:request_units=1 placement_fails=0 placement_min=none
V4RESULT name=false_enospc prepay=0 allocated=CheckerReadingJia d16_gate=SmallerDevice writing=D16HalfOfSum arm=BingPrimePerDevice states=1259712 gate_rejects=398068 gate_min=unused=60/60:pinned=8:lag=0:current=0:live=4:cost=4:containers=0:request_units=1 placement_fails=0 placement_min=none
V4RESULT name=writing_summary prepay=0 allocated=CheckerReadingJia d16_gate=SmallerDevice writing=D16HalfOfSum zero_on_all_three_arms=false
V4RESULT name=false_enospc prepay=0 allocated=CheckerReadingJia d16_gate=SmallerDevice writing=MinOwnArmAndD16Smaller arm=JiaPoolOnce states=1259712 gate_rejects=0 gate_min=none placement_fails=0 placement_min=none
V4RESULT name=false_enospc prepay=0 allocated=CheckerReadingJia d16_gate=SmallerDevice writing=MinOwnArmAndD16Smaller arm=YiPoolTimesTwo states=1259712 gate_rejects=0 gate_min=none placement_fails=0 placement_min=none
V4RESULT name=false_enospc prepay=0 allocated=CheckerReadingJia d16_gate=SmallerDevice writing=MinOwnArmAndD16Smaller arm=BingPrimePerDevice states=1259712 gate_rejects=0 gate_min=none placement_fails=0 placement_min=none
V4RESULT name=writing_summary prepay=0 allocated=CheckerReadingJia d16_gate=SmallerDevice writing=MinOwnArmAndD16Smaller zero_on_all_three_arms=true
V4RESULT name=false_enospc prepay=0 allocated=CheckerReadingJia d16_gate=SmallerDevice writing=MinPerDeviceFormAndD16Smaller arm=JiaPoolOnce states=1259712 gate_rejects=0 gate_min=none placement_fails=0 placement_min=none
V4RESULT name=false_enospc prepay=0 allocated=CheckerReadingJia d16_gate=SmallerDevice writing=MinPerDeviceFormAndD16Smaller arm=YiPoolTimesTwo states=1259712 gate_rejects=0 gate_min=none placement_fails=0 placement_min=none
V4RESULT name=false_enospc prepay=0 allocated=CheckerReadingJia d16_gate=SmallerDevice writing=MinPerDeviceFormAndD16Smaller arm=BingPrimePerDevice states=1259712 gate_rejects=0 gate_min=none placement_fails=0 placement_min=none
V4RESULT name=writing_summary prepay=0 allocated=CheckerReadingJia d16_gate=SmallerDevice writing=MinPerDeviceFormAndD16Smaller zero_on_all_three_arms=true
V4RESULT name=false_enospc prepay=0 allocated=CheckerReadingJia d16_gate=SmallerDevice writing=MinSummedFormAndD16Half arm=JiaPoolOnce states=1259712 gate_rejects=364284 gate_min=unused=60/64:pinned=8:lag=0:current=0:live=0:cost=4:containers=0:request_units=1 placement_fails=0 placement_min=none
V4RESULT name=false_enospc prepay=0 allocated=CheckerReadingJia d16_gate=SmallerDevice writing=MinSummedFormAndD16Half arm=YiPoolTimesTwo states=1259712 gate_rejects=364284 gate_min=unused=60/64:pinned=8:lag=0:current=0:live=0:cost=4:containers=0:request_units=1 placement_fails=0 placement_min=none
V4RESULT name=false_enospc prepay=0 allocated=CheckerReadingJia d16_gate=SmallerDevice writing=MinSummedFormAndD16Half arm=BingPrimePerDevice states=1259712 gate_rejects=380418 gate_min=unused=60/64:pinned=8:lag=0:current=0:live=0:cost=4:containers=0:request_units=1 placement_fails=0 placement_min=none
V4RESULT name=writing_summary prepay=0 allocated=CheckerReadingJia d16_gate=SmallerDevice writing=MinSummedFormAndD16Half zero_on_all_three_arms=false
V4RESULT name=false_enospc prepay=0 allocated=CheckerReadingJia d16_gate=HalfOfSum writing=D28RawAvailable arm=JiaPoolOnce states=1259712 gate_rejects=25638 gate_min=unused=60/60:pinned=0:lag=0:current=0:live=0:cost=4:containers=0:request_units=1 placement_fails=22624 placement_min=unused=4/128:pinned=0:lag=0:current=0:live=4:cost=4:containers=0:request_units=1
V4RESULT name=false_enospc prepay=0 allocated=CheckerReadingJia d16_gate=HalfOfSum writing=D28RawAvailable arm=YiPoolTimesTwo states=1259712 gate_rejects=19970 gate_min=unused=64/64:pinned=0:lag=0:current=0:live=0:cost=4:containers=0:request_units=1 placement_fails=21912 placement_min=unused=4/128:pinned=0:lag=0:current=0:live=4:cost=4:containers=0:request_units=1
V4RESULT name=false_enospc prepay=0 allocated=CheckerReadingJia d16_gate=HalfOfSum writing=D28RawAvailable arm=BingPrimePerDevice states=1259712 gate_rejects=391538 gate_min=unused=64/64:pinned=0:lag=0:current=0:live=0:cost=4:containers=0:request_units=1 placement_fails=0 placement_min=none
V4RESULT name=writing_summary prepay=0 allocated=CheckerReadingJia d16_gate=HalfOfSum writing=D28RawAvailable zero_on_all_three_arms=false
V4RESULT name=false_enospc prepay=0 allocated=CheckerReadingJia d16_gate=HalfOfSum writing=D28PerCopyOwnArm arm=JiaPoolOnce states=1259712 gate_rejects=13222 gate_min=unused=60/60:pinned=0:lag=0:current=0:live=0:cost=4:containers=0:request_units=1 placement_fails=22624 placement_min=unused=4/128:pinned=0:lag=0:current=0:live=4:cost=4:containers=0:request_units=1
V4RESULT name=false_enospc prepay=0 allocated=CheckerReadingJia d16_gate=HalfOfSum writing=D28PerCopyOwnArm arm=YiPoolTimesTwo states=1259712 gate_rejects=7170 gate_min=unused=64/64:pinned=0:lag=0:current=0:live=0:cost=4:containers=0:request_units=1 placement_fails=21912 placement_min=unused=4/128:pinned=0:lag=0:current=0:live=4:cost=4:containers=0:request_units=1
V4RESULT name=false_enospc prepay=0 allocated=CheckerReadingJia d16_gate=HalfOfSum writing=D28PerCopyOwnArm arm=BingPrimePerDevice states=1259712 gate_rejects=210 gate_min=unused=64/64:pinned=0:lag=0:current=0:live=0:cost=4:containers=0:request_units=1 placement_fails=0 placement_min=none
V4RESULT name=writing_summary prepay=0 allocated=CheckerReadingJia d16_gate=HalfOfSum writing=D28PerCopyOwnArm zero_on_all_three_arms=false
V4RESULT name=false_enospc prepay=0 allocated=CheckerReadingJia d16_gate=HalfOfSum writing=D16SmallerDevice arm=JiaPoolOnce states=1259712 gate_rejects=234 gate_min=unused=60/60:pinned=8:lag=0:current=0:live=4:cost=4:containers=1:request_units=1 placement_fails=0 placement_min=none
V4RESULT name=false_enospc prepay=0 allocated=CheckerReadingJia d16_gate=HalfOfSum writing=D16SmallerDevice arm=YiPoolTimesTwo states=1259712 gate_rejects=622 gate_min=unused=60/60:pinned=8:lag=0:current=0:live=4:cost=4:containers=0:request_units=1 placement_fails=0 placement_min=none
V4RESULT name=false_enospc prepay=0 allocated=CheckerReadingJia d16_gate=HalfOfSum writing=D16SmallerDevice arm=BingPrimePerDevice states=1259712 gate_rejects=16756 gate_min=unused=60/60:pinned=8:lag=0:current=0:live=4:cost=4:containers=0:request_units=1 placement_fails=0 placement_min=none
V4RESULT name=writing_summary prepay=0 allocated=CheckerReadingJia d16_gate=HalfOfSum writing=D16SmallerDevice zero_on_all_three_arms=false
V4RESULT name=false_enospc prepay=0 allocated=CheckerReadingJia d16_gate=HalfOfSum writing=D16HalfOfSum arm=JiaPoolOnce states=1259712 gate_rejects=7862 gate_min=unused=60/60:pinned=8:lag=0:current=0:live=4:cost=4:containers=1:request_units=1 placement_fails=22624 placement_min=unused=4/128:pinned=0:lag=0:current=0:live=4:cost=4:containers=0:request_units=1
V4RESULT name=false_enospc prepay=0 allocated=CheckerReadingJia d16_gate=HalfOfSum writing=D16HalfOfSum arm=YiPoolTimesTwo states=1259712 gate_rejects=17650 gate_min=unused=60/60:pinned=8:lag=0:current=0:live=4:cost=4:containers=0:request_units=1 placement_fails=21912 placement_min=unused=4/128:pinned=0:lag=0:current=0:live=4:cost=4:containers=0:request_units=1
V4RESULT name=false_enospc prepay=0 allocated=CheckerReadingJia d16_gate=HalfOfSum writing=D16HalfOfSum arm=BingPrimePerDevice states=1259712 gate_rejects=389218 gate_min=unused=60/60:pinned=8:lag=0:current=0:live=4:cost=4:containers=0:request_units=1 placement_fails=0 placement_min=none
V4RESULT name=writing_summary prepay=0 allocated=CheckerReadingJia d16_gate=HalfOfSum writing=D16HalfOfSum zero_on_all_three_arms=false
V4RESULT name=false_enospc prepay=0 allocated=CheckerReadingJia d16_gate=HalfOfSum writing=MinOwnArmAndD16Smaller arm=JiaPoolOnce states=1259712 gate_rejects=0 gate_min=none placement_fails=0 placement_min=none
V4RESULT name=false_enospc prepay=0 allocated=CheckerReadingJia d16_gate=HalfOfSum writing=MinOwnArmAndD16Smaller arm=YiPoolTimesTwo states=1259712 gate_rejects=0 gate_min=none placement_fails=0 placement_min=none
V4RESULT name=false_enospc prepay=0 allocated=CheckerReadingJia d16_gate=HalfOfSum writing=MinOwnArmAndD16Smaller arm=BingPrimePerDevice states=1259712 gate_rejects=0 gate_min=none placement_fails=0 placement_min=none
V4RESULT name=writing_summary prepay=0 allocated=CheckerReadingJia d16_gate=HalfOfSum writing=MinOwnArmAndD16Smaller zero_on_all_three_arms=true
V4RESULT name=false_enospc prepay=0 allocated=CheckerReadingJia d16_gate=HalfOfSum writing=MinPerDeviceFormAndD16Smaller arm=JiaPoolOnce states=1259712 gate_rejects=0 gate_min=none placement_fails=0 placement_min=none
V4RESULT name=false_enospc prepay=0 allocated=CheckerReadingJia d16_gate=HalfOfSum writing=MinPerDeviceFormAndD16Smaller arm=YiPoolTimesTwo states=1259712 gate_rejects=0 gate_min=none placement_fails=0 placement_min=none
V4RESULT name=false_enospc prepay=0 allocated=CheckerReadingJia d16_gate=HalfOfSum writing=MinPerDeviceFormAndD16Smaller arm=BingPrimePerDevice states=1259712 gate_rejects=0 gate_min=none placement_fails=0 placement_min=none
V4RESULT name=writing_summary prepay=0 allocated=CheckerReadingJia d16_gate=HalfOfSum writing=MinPerDeviceFormAndD16Smaller zero_on_all_three_arms=true
V4RESULT name=false_enospc prepay=0 allocated=CheckerReadingJia d16_gate=HalfOfSum writing=MinSummedFormAndD16Half arm=JiaPoolOnce states=1259712 gate_rejects=0 gate_min=none placement_fails=21912 placement_min=unused=4/128:pinned=0:lag=0:current=0:live=4:cost=4:containers=0:request_units=1
V4RESULT name=false_enospc prepay=0 allocated=CheckerReadingJia d16_gate=HalfOfSum writing=MinSummedFormAndD16Half arm=YiPoolTimesTwo states=1259712 gate_rejects=0 gate_min=none placement_fails=21912 placement_min=unused=4/128:pinned=0:lag=0:current=0:live=4:cost=4:containers=0:request_units=1
V4RESULT name=false_enospc prepay=0 allocated=CheckerReadingJia d16_gate=HalfOfSum writing=MinSummedFormAndD16Half arm=BingPrimePerDevice states=1259712 gate_rejects=371568 gate_min=unused=60/64:pinned=8:lag=0:current=0:live=0:cost=4:containers=0:request_units=1 placement_fails=0 placement_min=none
V4RESULT name=writing_summary prepay=0 allocated=CheckerReadingJia d16_gate=HalfOfSum writing=MinSummedFormAndD16Half zero_on_all_three_arms=false
V4RESULT name=false_enospc prepay=2 allocated=LiveOnly d16_gate=SmallerDevice writing=D28RawAvailable arm=JiaPoolOnce states=1259712 gate_rejects=444288 gate_min=unused=48/48:pinned=8:lag=6:current=0:live=0:cost=4:containers=0:request_units=1 placement_fails=0 placement_min=none
V4RESULT name=false_enospc prepay=2 allocated=LiveOnly d16_gate=SmallerDevice writing=D28RawAvailable arm=YiPoolTimesTwo states=1259712 gate_rejects=430004 gate_min=unused=48/48:pinned=8:lag=6:current=0:live=0:cost=4:containers=0:request_units=1 placement_fails=0 placement_min=none
V4RESULT name=false_enospc prepay=2 allocated=LiveOnly d16_gate=SmallerDevice writing=D28RawAvailable arm=BingPrimePerDevice states=1259712 gate_rejects=431152 gate_min=unused=48/48:pinned=8:lag=6:current=0:live=0:cost=4:containers=0:request_units=1 placement_fails=0 placement_min=none
V4RESULT name=writing_summary prepay=2 allocated=LiveOnly d16_gate=SmallerDevice writing=D28RawAvailable zero_on_all_three_arms=false
V4RESULT name=false_enospc prepay=2 allocated=LiveOnly d16_gate=SmallerDevice writing=D28PerCopyOwnArm arm=JiaPoolOnce states=1259712 gate_rejects=432832 gate_min=unused=48/48:pinned=8:lag=6:current=0:live=0:cost=4:containers=0:request_units=1 placement_fails=0 placement_min=none
V4RESULT name=false_enospc prepay=2 allocated=LiveOnly d16_gate=SmallerDevice writing=D28PerCopyOwnArm arm=YiPoolTimesTwo states=1259712 gate_rejects=418164 gate_min=unused=48/48:pinned=8:lag=6:current=0:live=0:cost=4:containers=0:request_units=1 placement_fails=0 placement_min=none
V4RESULT name=false_enospc prepay=2 allocated=LiveOnly d16_gate=SmallerDevice writing=D28PerCopyOwnArm arm=BingPrimePerDevice states=1259712 gate_rejects=48080 gate_min=unused=48/48:pinned=8:lag=6:current=0:live=0:cost=4:containers=0:request_units=1 placement_fails=0 placement_min=none
V4RESULT name=writing_summary prepay=2 allocated=LiveOnly d16_gate=SmallerDevice writing=D28PerCopyOwnArm zero_on_all_three_arms=false
V4RESULT name=false_enospc prepay=2 allocated=LiveOnly d16_gate=SmallerDevice writing=D16SmallerDevice arm=JiaPoolOnce states=1259712 gate_rejects=10704 gate_min=unused=60/60:pinned=8:lag=0:current=0:live=4:cost=4:containers=0:request_units=2 placement_fails=0 placement_min=none
V4RESULT name=false_enospc prepay=2 allocated=LiveOnly d16_gate=SmallerDevice writing=D16SmallerDevice arm=YiPoolTimesTwo states=1259712 gate_rejects=10724 gate_min=unused=60/60:pinned=8:lag=0:current=0:live=4:cost=4:containers=0:request_units=2 placement_fails=0 placement_min=none
V4RESULT name=false_enospc prepay=2 allocated=LiveOnly d16_gate=SmallerDevice writing=D16SmallerDevice arm=BingPrimePerDevice states=1259712 gate_rejects=11872 gate_min=unused=60/60:pinned=8:lag=0:current=0:live=4:cost=4:containers=0:request_units=2 placement_fails=0 placement_min=none
V4RESULT name=writing_summary prepay=2 allocated=LiveOnly d16_gate=SmallerDevice writing=D16SmallerDevice zero_on_all_three_arms=false
V4RESULT name=false_enospc prepay=2 allocated=LiveOnly d16_gate=SmallerDevice writing=D16HalfOfSum arm=JiaPoolOnce states=1259712 gate_rejects=392016 gate_min=unused=60/60:pinned=8:lag=0:current=0:live=4:cost=4:containers=0:request_units=2 placement_fails=0 placement_min=none
V4RESULT name=false_enospc prepay=2 allocated=LiveOnly d16_gate=SmallerDevice writing=D16HalfOfSum arm=YiPoolTimesTwo states=1259712 gate_rejects=392036 gate_min=unused=60/60:pinned=8:lag=0:current=0:live=4:cost=4:containers=0:request_units=2 placement_fails=0 placement_min=none
V4RESULT name=false_enospc prepay=2 allocated=LiveOnly d16_gate=SmallerDevice writing=D16HalfOfSum arm=BingPrimePerDevice states=1259712 gate_rejects=393184 gate_min=unused=60/60:pinned=8:lag=0:current=0:live=4:cost=4:containers=0:request_units=2 placement_fails=0 placement_min=none
V4RESULT name=writing_summary prepay=2 allocated=LiveOnly d16_gate=SmallerDevice writing=D16HalfOfSum zero_on_all_three_arms=false
V4RESULT name=false_enospc prepay=2 allocated=LiveOnly d16_gate=SmallerDevice writing=MinOwnArmAndD16Smaller arm=JiaPoolOnce states=1259712 gate_rejects=10704 gate_min=unused=60/60:pinned=8:lag=0:current=0:live=4:cost=4:containers=0:request_units=2 placement_fails=0 placement_min=none
V4RESULT name=false_enospc prepay=2 allocated=LiveOnly d16_gate=SmallerDevice writing=MinOwnArmAndD16Smaller arm=YiPoolTimesTwo states=1259712 gate_rejects=10704 gate_min=unused=60/60:pinned=8:lag=0:current=0:live=4:cost=4:containers=0:request_units=2 placement_fails=0 placement_min=none
V4RESULT name=false_enospc prepay=2 allocated=LiveOnly d16_gate=SmallerDevice writing=MinOwnArmAndD16Smaller arm=BingPrimePerDevice states=1259712 gate_rejects=10696 gate_min=unused=60/60:pinned=8:lag=0:current=0:live=4:cost=4:containers=0:request_units=2 placement_fails=0 placement_min=none
V4RESULT name=writing_summary prepay=2 allocated=LiveOnly d16_gate=SmallerDevice writing=MinOwnArmAndD16Smaller zero_on_all_three_arms=false
V4RESULT name=false_enospc prepay=2 allocated=LiveOnly d16_gate=SmallerDevice writing=MinPerDeviceFormAndD16Smaller arm=JiaPoolOnce states=1259712 gate_rejects=9920 gate_min=unused=60/60:pinned=8:lag=0:current=0:live=4:cost=4:containers=0:request_units=2 placement_fails=0 placement_min=none
V4RESULT name=false_enospc prepay=2 allocated=LiveOnly d16_gate=SmallerDevice writing=MinPerDeviceFormAndD16Smaller arm=YiPoolTimesTwo states=1259712 gate_rejects=9928 gate_min=unused=60/60:pinned=8:lag=0:current=0:live=4:cost=4:containers=0:request_units=2 placement_fails=0 placement_min=none
V4RESULT name=false_enospc prepay=2 allocated=LiveOnly d16_gate=SmallerDevice writing=MinPerDeviceFormAndD16Smaller arm=BingPrimePerDevice states=1259712 gate_rejects=10696 gate_min=unused=60/60:pinned=8:lag=0:current=0:live=4:cost=4:containers=0:request_units=2 placement_fails=0 placement_min=none
V4RESULT name=writing_summary prepay=2 allocated=LiveOnly d16_gate=SmallerDevice writing=MinPerDeviceFormAndD16Smaller zero_on_all_three_arms=false
V4RESULT name=false_enospc prepay=2 allocated=LiveOnly d16_gate=SmallerDevice writing=MinSummedFormAndD16Half arm=JiaPoolOnce states=1259712 gate_rejects=390488 gate_min=unused=60/60:pinned=8:lag=0:current=0:live=4:cost=4:containers=0:request_units=2 placement_fails=0 placement_min=none
V4RESULT name=false_enospc prepay=2 allocated=LiveOnly d16_gate=SmallerDevice writing=MinSummedFormAndD16Half arm=YiPoolTimesTwo states=1259712 gate_rejects=390504 gate_min=unused=60/60:pinned=8:lag=0:current=0:live=4:cost=4:containers=0:request_units=2 placement_fails=0 placement_min=none
V4RESULT name=false_enospc prepay=2 allocated=LiveOnly d16_gate=SmallerDevice writing=MinSummedFormAndD16Half arm=BingPrimePerDevice states=1259712 gate_rejects=391652 gate_min=unused=60/60:pinned=8:lag=0:current=0:live=4:cost=4:containers=0:request_units=2 placement_fails=0 placement_min=none
V4RESULT name=writing_summary prepay=2 allocated=LiveOnly d16_gate=SmallerDevice writing=MinSummedFormAndD16Half zero_on_all_three_arms=false
V4RESULT name=false_enospc prepay=2 allocated=LiveOnly d16_gate=HalfOfSum writing=D28RawAvailable arm=JiaPoolOnce states=1259712 gate_rejects=61872 gate_min=unused=48/48:pinned=8:lag=6:current=0:live=0:cost=4:containers=0:request_units=1 placement_fails=22224 placement_min=unused=0/128:pinned=8:lag=0:current=0:live=4:cost=4:containers=0:request_units=3
V4RESULT name=false_enospc prepay=2 allocated=LiveOnly d16_gate=HalfOfSum writing=D28RawAvailable arm=YiPoolTimesTwo states=1259712 gate_rejects=49124 gate_min=unused=48/48:pinned=8:lag=6:current=0:live=0:cost=4:containers=0:request_units=1 placement_fails=22080 placement_min=unused=0/128:pinned=8:lag=0:current=0:live=4:cost=4:containers=0:request_units=3
V4RESULT name=false_enospc prepay=2 allocated=LiveOnly d16_gate=HalfOfSum writing=D28RawAvailable arm=BingPrimePerDevice states=1259712 gate_rejects=395580 gate_min=unused=48/48:pinned=8:lag=6:current=0:live=0:cost=4:containers=0:request_units=1 placement_fails=0 placement_min=none
V4RESULT name=writing_summary prepay=2 allocated=LiveOnly d16_gate=HalfOfSum writing=D28RawAvailable zero_on_all_three_arms=false
V4RESULT name=false_enospc prepay=2 allocated=LiveOnly d16_gate=HalfOfSum writing=D28PerCopyOwnArm arm=JiaPoolOnce states=1259712 gate_rejects=50416 gate_min=unused=48/48:pinned=8:lag=6:current=0:live=0:cost=4:containers=0:request_units=1 placement_fails=22224 placement_min=unused=0/128:pinned=8:lag=0:current=0:live=4:cost=4:containers=0:request_units=3
V4RESULT name=false_enospc prepay=2 allocated=LiveOnly d16_gate=HalfOfSum writing=D28PerCopyOwnArm arm=YiPoolTimesTwo states=1259712 gate_rejects=37284 gate_min=unused=48/48:pinned=8:lag=6:current=0:live=0:cost=4:containers=0:request_units=1 placement_fails=22080 placement_min=unused=0/128:pinned=8:lag=0:current=0:live=4:cost=4:containers=0:request_units=3
V4RESULT name=false_enospc prepay=2 allocated=LiveOnly d16_gate=HalfOfSum writing=D28PerCopyOwnArm arm=BingPrimePerDevice states=1259712 gate_rejects=12508 gate_min=unused=48/48:pinned=8:lag=6:current=0:live=0:cost=4:containers=0:request_units=1 placement_fails=0 placement_min=none
V4RESULT name=writing_summary prepay=2 allocated=LiveOnly d16_gate=HalfOfSum writing=D28PerCopyOwnArm zero_on_all_three_arms=false
V4RESULT name=false_enospc prepay=2 allocated=LiveOnly d16_gate=HalfOfSum writing=D16SmallerDevice arm=JiaPoolOnce states=1259712 gate_rejects=96 gate_min=unused=60/60:pinned=8:lag=0:current=0:live=4:cost=4:containers=0:request_units=2 placement_fails=0 placement_min=none
V4RESULT name=false_enospc prepay=2 allocated=LiveOnly d16_gate=HalfOfSum writing=D16SmallerDevice arm=YiPoolTimesTwo states=1259712 gate_rejects=140 gate_min=unused=60/60:pinned=8:lag=0:current=0:live=4:cost=4:containers=0:request_units=2 placement_fails=0 placement_min=none
V4RESULT name=false_enospc prepay=2 allocated=LiveOnly d16_gate=HalfOfSum writing=D16SmallerDevice arm=BingPrimePerDevice states=1259712 gate_rejects=2428 gate_min=unused=60/60:pinned=8:lag=0:current=0:live=4:cost=4:containers=0:request_units=2 placement_fails=0 placement_min=none
V4RESULT name=writing_summary prepay=2 allocated=LiveOnly d16_gate=HalfOfSum writing=D16SmallerDevice zero_on_all_three_arms=false
V4RESULT name=false_enospc prepay=2 allocated=LiveOnly d16_gate=HalfOfSum writing=D16HalfOfSum arm=JiaPoolOnce states=1259712 gate_rejects=9600 gate_min=unused=60/60:pinned=8:lag=0:current=0:live=4:cost=4:containers=0:request_units=2 placement_fails=22224 placement_min=unused=0/128:pinned=8:lag=0:current=0:live=4:cost=4:containers=0:request_units=3
V4RESULT name=false_enospc prepay=2 allocated=LiveOnly d16_gate=HalfOfSum writing=D16HalfOfSum arm=YiPoolTimesTwo states=1259712 gate_rejects=11156 gate_min=unused=60/60:pinned=8:lag=0:current=0:live=4:cost=4:containers=0:request_units=2 placement_fails=22080 placement_min=unused=0/128:pinned=8:lag=0:current=0:live=4:cost=4:containers=0:request_units=3
V4RESULT name=false_enospc prepay=2 allocated=LiveOnly d16_gate=HalfOfSum writing=D16HalfOfSum arm=BingPrimePerDevice states=1259712 gate_rejects=357612 gate_min=unused=60/60:pinned=8:lag=0:current=0:live=4:cost=4:containers=0:request_units=2 placement_fails=0 placement_min=none
V4RESULT name=writing_summary prepay=2 allocated=LiveOnly d16_gate=HalfOfSum writing=D16HalfOfSum zero_on_all_three_arms=false
V4RESULT name=false_enospc prepay=2 allocated=LiveOnly d16_gate=HalfOfSum writing=MinOwnArmAndD16Smaller arm=JiaPoolOnce states=1259712 gate_rejects=96 gate_min=unused=60/60:pinned=8:lag=0:current=0:live=4:cost=4:containers=0:request_units=2 placement_fails=0 placement_min=none
V4RESULT name=false_enospc prepay=2 allocated=LiveOnly d16_gate=HalfOfSum writing=MinOwnArmAndD16Smaller arm=YiPoolTimesTwo states=1259712 gate_rejects=120 gate_min=unused=60/60:pinned=8:lag=0:current=0:live=4:cost=4:containers=0:request_units=2 placement_fails=0 placement_min=none
V4RESULT name=false_enospc prepay=2 allocated=LiveOnly d16_gate=HalfOfSum writing=MinOwnArmAndD16Smaller arm=BingPrimePerDevice states=1259712 gate_rejects=1252 gate_min=unused=60/60:pinned=8:lag=0:current=0:live=4:cost=4:containers=0:request_units=2 placement_fails=0 placement_min=none
V4RESULT name=writing_summary prepay=2 allocated=LiveOnly d16_gate=HalfOfSum writing=MinOwnArmAndD16Smaller zero_on_all_three_arms=false
V4RESULT name=false_enospc prepay=2 allocated=LiveOnly d16_gate=HalfOfSum writing=MinPerDeviceFormAndD16Smaller arm=JiaPoolOnce states=1259712 gate_rejects=88 gate_min=unused=60/60:pinned=8:lag=0:current=0:live=4:cost=4:containers=0:request_units=2 placement_fails=0 placement_min=none
V4RESULT name=false_enospc prepay=2 allocated=LiveOnly d16_gate=HalfOfSum writing=MinPerDeviceFormAndD16Smaller arm=YiPoolTimesTwo states=1259712 gate_rejects=96 gate_min=unused=60/60:pinned=8:lag=0:current=0:live=4:cost=4:containers=0:request_units=2 placement_fails=0 placement_min=none
V4RESULT name=false_enospc prepay=2 allocated=LiveOnly d16_gate=HalfOfSum writing=MinPerDeviceFormAndD16Smaller arm=BingPrimePerDevice states=1259712 gate_rejects=1252 gate_min=unused=60/60:pinned=8:lag=0:current=0:live=4:cost=4:containers=0:request_units=2 placement_fails=0 placement_min=none
V4RESULT name=writing_summary prepay=2 allocated=LiveOnly d16_gate=HalfOfSum writing=MinPerDeviceFormAndD16Smaller zero_on_all_three_arms=false
V4RESULT name=false_enospc prepay=2 allocated=LiveOnly d16_gate=HalfOfSum writing=MinSummedFormAndD16Half arm=JiaPoolOnce states=1259712 gate_rejects=8584 gate_min=unused=60/60:pinned=8:lag=0:current=0:live=4:cost=4:containers=0:request_units=2 placement_fails=22176 placement_min=unused=0/128:pinned=8:lag=0:current=0:live=4:cost=4:containers=0:request_units=3
V4RESULT name=false_enospc prepay=2 allocated=LiveOnly d16_gate=HalfOfSum writing=MinSummedFormAndD16Half arm=YiPoolTimesTwo states=1259712 gate_rejects=9624 gate_min=unused=60/60:pinned=8:lag=0:current=0:live=4:cost=4:containers=0:request_units=2 placement_fails=22080 placement_min=unused=0/128:pinned=8:lag=0:current=0:live=4:cost=4:containers=0:request_units=3
V4RESULT name=false_enospc prepay=2 allocated=LiveOnly d16_gate=HalfOfSum writing=MinSummedFormAndD16Half arm=BingPrimePerDevice states=1259712 gate_rejects=356080 gate_min=unused=60/60:pinned=8:lag=0:current=0:live=4:cost=4:containers=0:request_units=2 placement_fails=0 placement_min=none
V4RESULT name=writing_summary prepay=2 allocated=LiveOnly d16_gate=HalfOfSum writing=MinSummedFormAndD16Half zero_on_all_three_arms=false
V4RESULT name=false_enospc prepay=2 allocated=CheckerReadingJia d16_gate=SmallerDevice writing=D28RawAvailable arm=JiaPoolOnce states=1259712 gate_rejects=410026 gate_min=unused=60/60:pinned=0:lag=0:current=0:live=0:cost=4:containers=0:request_units=1 placement_fails=0 placement_min=none
V4RESULT name=false_enospc prepay=2 allocated=CheckerReadingJia d16_gate=SmallerDevice writing=D28RawAvailable arm=YiPoolTimesTwo states=1259712 gate_rejects=394958 gate_min=unused=64/64:pinned=0:lag=0:current=0:live=0:cost=4:containers=0:request_units=1 placement_fails=0 placement_min=none
V4RESULT name=false_enospc prepay=2 allocated=CheckerReadingJia d16_gate=SmallerDevice writing=D28RawAvailable arm=BingPrimePerDevice states=1259712 gate_rejects=410964 gate_min=unused=64/64:pinned=0:lag=0:current=0:live=0:cost=4:containers=0:request_units=1 placement_fails=0 placement_min=none
V4RESULT name=writing_summary prepay=2 allocated=CheckerReadingJia d16_gate=SmallerDevice writing=D28RawAvailable zero_on_all_three_arms=false
V4RESULT name=false_enospc prepay=2 allocated=CheckerReadingJia d16_gate=SmallerDevice writing=D28PerCopyOwnArm arm=JiaPoolOnce states=1259712 gate_rejects=397610 gate_min=unused=60/60:pinned=0:lag=0:current=0:live=0:cost=4:containers=0:request_units=1 placement_fails=0 placement_min=none
V4RESULT name=false_enospc prepay=2 allocated=CheckerReadingJia d16_gate=SmallerDevice writing=D28PerCopyOwnArm arm=YiPoolTimesTwo states=1259712 gate_rejects=382158 gate_min=unused=64/64:pinned=0:lag=0:current=0:live=0:cost=4:containers=0:request_units=1 placement_fails=0 placement_min=none
V4RESULT name=false_enospc prepay=2 allocated=CheckerReadingJia d16_gate=SmallerDevice writing=D28PerCopyOwnArm arm=BingPrimePerDevice states=1259712 gate_rejects=19636 gate_min=unused=64/64:pinned=0:lag=0:current=0:live=0:cost=4:containers=0:request_units=1 placement_fails=0 placement_min=none
V4RESULT name=writing_summary prepay=2 allocated=CheckerReadingJia d16_gate=SmallerDevice writing=D28PerCopyOwnArm zero_on_all_three_arms=false
V4RESULT name=false_enospc prepay=2 allocated=CheckerReadingJia d16_gate=SmallerDevice writing=D16SmallerDevice arm=JiaPoolOnce states=1259712 gate_rejects=10938 gate_min=unused=60/60:pinned=8:lag=0:current=0:live=4:cost=4:containers=0:request_units=1 placement_fails=0 placement_min=none
V4RESULT name=false_enospc prepay=2 allocated=CheckerReadingJia d16_gate=SmallerDevice writing=D16SmallerDevice arm=YiPoolTimesTwo states=1259712 gate_rejects=11326 gate_min=unused=60/60:pinned=8:lag=0:current=0:live=4:cost=4:containers=0:request_units=1 placement_fails=0 placement_min=none
V4RESULT name=false_enospc prepay=2 allocated=CheckerReadingJia d16_gate=SmallerDevice writing=D16SmallerDevice arm=BingPrimePerDevice states=1259712 gate_rejects=27332 gate_min=unused=60/60:pinned=8:lag=0:current=0:live=4:cost=4:containers=0:request_units=1 placement_fails=0 placement_min=none
V4RESULT name=writing_summary prepay=2 allocated=CheckerReadingJia d16_gate=SmallerDevice writing=D16SmallerDevice zero_on_all_three_arms=false
V4RESULT name=false_enospc prepay=2 allocated=CheckerReadingJia d16_gate=SmallerDevice writing=D16HalfOfSum arm=JiaPoolOnce states=1259712 gate_rejects=392250 gate_min=unused=60/60:pinned=8:lag=0:current=0:live=4:cost=4:containers=0:request_units=1 placement_fails=0 placement_min=none
V4RESULT name=false_enospc prepay=2 allocated=CheckerReadingJia d16_gate=SmallerDevice writing=D16HalfOfSum arm=YiPoolTimesTwo states=1259712 gate_rejects=392638 gate_min=unused=60/60:pinned=8:lag=0:current=0:live=4:cost=4:containers=0:request_units=1 placement_fails=0 placement_min=none
V4RESULT name=false_enospc prepay=2 allocated=CheckerReadingJia d16_gate=SmallerDevice writing=D16HalfOfSum arm=BingPrimePerDevice states=1259712 gate_rejects=408644 gate_min=unused=60/60:pinned=8:lag=0:current=0:live=4:cost=4:containers=0:request_units=1 placement_fails=0 placement_min=none
V4RESULT name=writing_summary prepay=2 allocated=CheckerReadingJia d16_gate=SmallerDevice writing=D16HalfOfSum zero_on_all_three_arms=false
V4RESULT name=false_enospc prepay=2 allocated=CheckerReadingJia d16_gate=SmallerDevice writing=MinOwnArmAndD16Smaller arm=JiaPoolOnce states=1259712 gate_rejects=10704 gate_min=unused=60/60:pinned=8:lag=0:current=0:live=4:cost=4:containers=0:request_units=1 placement_fails=0 placement_min=none
V4RESULT name=false_enospc prepay=2 allocated=CheckerReadingJia d16_gate=SmallerDevice writing=MinOwnArmAndD16Smaller arm=YiPoolTimesTwo states=1259712 gate_rejects=10704 gate_min=unused=64/64:pinned=8:lag=0:current=0:live=0:cost=4:containers=1:request_units=1 placement_fails=0 placement_min=none
V4RESULT name=false_enospc prepay=2 allocated=CheckerReadingJia d16_gate=SmallerDevice writing=MinOwnArmAndD16Smaller arm=BingPrimePerDevice states=1259712 gate_rejects=10576 gate_min=unused=64/64:pinned=8:lag=0:current=0:live=0:cost=4:containers=1:request_units=1 placement_fails=0 placement_min=none
V4RESULT name=writing_summary prepay=2 allocated=CheckerReadingJia d16_gate=SmallerDevice writing=MinOwnArmAndD16Smaller zero_on_all_three_arms=false
V4RESULT name=false_enospc prepay=2 allocated=CheckerReadingJia d16_gate=SmallerDevice writing=MinPerDeviceFormAndD16Smaller arm=JiaPoolOnce states=1259712 gate_rejects=4616 gate_min=unused=64/64:pinned=8:lag=0:current=0:live=0:cost=4:containers=0:request_units=2 placement_fails=0 placement_min=none
V4RESULT name=false_enospc prepay=2 allocated=CheckerReadingJia d16_gate=SmallerDevice writing=MinPerDeviceFormAndD16Smaller arm=YiPoolTimesTwo states=1259712 gate_rejects=4672 gate_min=unused=64/64:pinned=8:lag=0:current=0:live=0:cost=4:containers=1:request_units=1 placement_fails=0 placement_min=none
V4RESULT name=false_enospc prepay=2 allocated=CheckerReadingJia d16_gate=SmallerDevice writing=MinPerDeviceFormAndD16Smaller arm=BingPrimePerDevice states=1259712 gate_rejects=10576 gate_min=unused=64/64:pinned=8:lag=0:current=0:live=0:cost=4:containers=1:request_units=1 placement_fails=0 placement_min=none
V4RESULT name=writing_summary prepay=2 allocated=CheckerReadingJia d16_gate=SmallerDevice writing=MinPerDeviceFormAndD16Smaller zero_on_all_three_arms=false
V4RESULT name=false_enospc prepay=2 allocated=CheckerReadingJia d16_gate=SmallerDevice writing=MinSummedFormAndD16Half arm=JiaPoolOnce states=1259712 gate_rejects=374728 gate_min=unused=64/64:pinned=8:lag=0:current=0:live=0:cost=4:containers=0:request_units=2 placement_fails=0 placement_min=none
V4RESULT name=false_enospc prepay=2 allocated=CheckerReadingJia d16_gate=SmallerDevice writing=MinSummedFormAndD16Half arm=YiPoolTimesTwo states=1259712 gate_rejects=374988 gate_min=unused=64/64:pinned=8:lag=0:current=0:live=0:cost=4:containers=1:request_units=1 placement_fails=0 placement_min=none
V4RESULT name=false_enospc prepay=2 allocated=CheckerReadingJia d16_gate=SmallerDevice writing=MinSummedFormAndD16Half arm=BingPrimePerDevice states=1259712 gate_rejects=390994 gate_min=unused=64/64:pinned=8:lag=0:current=0:live=0:cost=4:containers=1:request_units=1 placement_fails=0 placement_min=none
V4RESULT name=writing_summary prepay=2 allocated=CheckerReadingJia d16_gate=SmallerDevice writing=MinSummedFormAndD16Half zero_on_all_three_arms=false
V4RESULT name=false_enospc prepay=2 allocated=CheckerReadingJia d16_gate=HalfOfSum writing=D28RawAvailable arm=JiaPoolOnce states=1259712 gate_rejects=35386 gate_min=unused=60/60:pinned=0:lag=0:current=0:live=0:cost=4:containers=0:request_units=1 placement_fails=21760 placement_min=unused=4/132:pinned=0:lag=0:current=0:live=4:cost=4:containers=0:request_units=1
V4RESULT name=false_enospc prepay=2 allocated=CheckerReadingJia d16_gate=HalfOfSum writing=D28RawAvailable arm=YiPoolTimesTwo states=1259712 gate_rejects=29886 gate_min=unused=64/64:pinned=0:lag=0:current=0:live=0:cost=4:containers=0:request_units=1 placement_fails=21048 placement_min=unused=4/132:pinned=0:lag=0:current=0:live=4:cost=4:containers=0:request_units=1
V4RESULT name=false_enospc prepay=2 allocated=CheckerReadingJia d16_gate=HalfOfSum writing=D28RawAvailable arm=BingPrimePerDevice states=1259712 gate_rejects=402210 gate_min=unused=64/64:pinned=0:lag=0:current=0:live=0:cost=4:containers=0:request_units=1 placement_fails=0 placement_min=none
V4RESULT name=writing_summary prepay=2 allocated=CheckerReadingJia d16_gate=HalfOfSum writing=D28RawAvailable zero_on_all_three_arms=false
V4RESULT name=false_enospc prepay=2 allocated=CheckerReadingJia d16_gate=HalfOfSum writing=D28PerCopyOwnArm arm=JiaPoolOnce states=1259712 gate_rejects=22970 gate_min=unused=60/60:pinned=0:lag=0:current=0:live=0:cost=4:containers=0:request_units=1 placement_fails=21760 placement_min=unused=4/132:pinned=0:lag=0:current=0:live=4:cost=4:containers=0:request_units=1
V4RESULT name=false_enospc prepay=2 allocated=CheckerReadingJia d16_gate=HalfOfSum writing=D28PerCopyOwnArm arm=YiPoolTimesTwo states=1259712 gate_rejects=17086 gate_min=unused=64/64:pinned=0:lag=0:current=0:live=0:cost=4:containers=0:request_units=1 placement_fails=21048 placement_min=unused=4/132:pinned=0:lag=0:current=0:live=4:cost=4:containers=0:request_units=1
V4RESULT name=false_enospc prepay=2 allocated=CheckerReadingJia d16_gate=HalfOfSum writing=D28PerCopyOwnArm arm=BingPrimePerDevice states=1259712 gate_rejects=10882 gate_min=unused=64/64:pinned=0:lag=0:current=0:live=0:cost=4:containers=0:request_units=1 placement_fails=0 placement_min=none
V4RESULT name=writing_summary prepay=2 allocated=CheckerReadingJia d16_gate=HalfOfSum writing=D28PerCopyOwnArm zero_on_all_three_arms=false
V4RESULT name=false_enospc prepay=2 allocated=CheckerReadingJia d16_gate=HalfOfSum writing=D16SmallerDevice arm=JiaPoolOnce states=1259712 gate_rejects=478 gate_min=unused=60/60:pinned=8:lag=0:current=0:live=4:cost=4:containers=0:request_units=1 placement_fails=0 placement_min=none
V4RESULT name=false_enospc prepay=2 allocated=CheckerReadingJia d16_gate=HalfOfSum writing=D16SmallerDevice arm=YiPoolTimesTwo states=1259712 gate_rejects=1034 gate_min=unused=60/60:pinned=8:lag=0:current=0:live=4:cost=4:containers=0:request_units=1 placement_fails=0 placement_min=none
V4RESULT name=false_enospc prepay=2 allocated=CheckerReadingJia d16_gate=HalfOfSum writing=D16SmallerDevice arm=BingPrimePerDevice states=1259712 gate_rejects=23514 gate_min=unused=60/60:pinned=8:lag=0:current=0:live=4:cost=4:containers=0:request_units=1 placement_fails=0 placement_min=none
V4RESULT name=writing_summary prepay=2 allocated=CheckerReadingJia d16_gate=HalfOfSum writing=D16SmallerDevice zero_on_all_three_arms=false
V4RESULT name=false_enospc prepay=2 allocated=CheckerReadingJia d16_gate=HalfOfSum writing=D16HalfOfSum arm=JiaPoolOnce states=1259712 gate_rejects=17610 gate_min=unused=60/60:pinned=8:lag=0:current=0:live=4:cost=4:containers=0:request_units=1 placement_fails=21760 placement_min=unused=4/132:pinned=0:lag=0:current=0:live=4:cost=4:containers=0:request_units=1
V4RESULT name=false_enospc prepay=2 allocated=CheckerReadingJia d16_gate=HalfOfSum writing=D16HalfOfSum arm=YiPoolTimesTwo states=1259712 gate_rejects=27566 gate_min=unused=60/60:pinned=8:lag=0:current=0:live=4:cost=4:containers=0:request_units=1 placement_fails=21048 placement_min=unused=4/132:pinned=0:lag=0:current=0:live=4:cost=4:containers=0:request_units=1
V4RESULT name=false_enospc prepay=2 allocated=CheckerReadingJia d16_gate=HalfOfSum writing=D16HalfOfSum arm=BingPrimePerDevice states=1259712 gate_rejects=399890 gate_min=unused=60/60:pinned=8:lag=0:current=0:live=4:cost=4:containers=0:request_units=1 placement_fails=0 placement_min=none
V4RESULT name=writing_summary prepay=2 allocated=CheckerReadingJia d16_gate=HalfOfSum writing=D16HalfOfSum zero_on_all_three_arms=false
V4RESULT name=false_enospc prepay=2 allocated=CheckerReadingJia d16_gate=HalfOfSum writing=MinOwnArmAndD16Smaller arm=JiaPoolOnce states=1259712 gate_rejects=244 gate_min=unused=60/60:pinned=8:lag=0:current=0:live=4:cost=4:containers=0:request_units=1 placement_fails=0 placement_min=none
V4RESULT name=false_enospc prepay=2 allocated=CheckerReadingJia d16_gate=HalfOfSum writing=MinOwnArmAndD16Smaller arm=YiPoolTimesTwo states=1259712 gate_rejects=412 gate_min=unused=64/64:pinned=8:lag=0:current=0:live=0:cost=4:containers=1:request_units=1 placement_fails=0 placement_min=none
V4RESULT name=false_enospc prepay=2 allocated=CheckerReadingJia d16_gate=HalfOfSum writing=MinOwnArmAndD16Smaller arm=BingPrimePerDevice states=1259712 gate_rejects=6758 gate_min=unused=64/64:pinned=8:lag=0:current=0:live=0:cost=4:containers=1:request_units=1 placement_fails=0 placement_min=none
V4RESULT name=writing_summary prepay=2 allocated=CheckerReadingJia d16_gate=HalfOfSum writing=MinOwnArmAndD16Smaller zero_on_all_three_arms=false
V4RESULT name=false_enospc prepay=2 allocated=CheckerReadingJia d16_gate=HalfOfSum writing=MinPerDeviceFormAndD16Smaller arm=JiaPoolOnce states=1259712 gate_rejects=40 gate_min=unused=64/64:pinned=8:lag=0:current=0:live=0:cost=4:containers=0:request_units=2 placement_fails=0 placement_min=none
V4RESULT name=false_enospc prepay=2 allocated=CheckerReadingJia d16_gate=HalfOfSum writing=MinPerDeviceFormAndD16Smaller arm=YiPoolTimesTwo states=1259712 gate_rejects=96 gate_min=unused=64/64:pinned=8:lag=0:current=0:live=0:cost=4:containers=1:request_units=1 placement_fails=0 placement_min=none
V4RESULT name=false_enospc prepay=2 allocated=CheckerReadingJia d16_gate=HalfOfSum writing=MinPerDeviceFormAndD16Smaller arm=BingPrimePerDevice states=1259712 gate_rejects=6758 gate_min=unused=64/64:pinned=8:lag=0:current=0:live=0:cost=4:containers=1:request_units=1 placement_fails=0 placement_min=none
V4RESULT name=writing_summary prepay=2 allocated=CheckerReadingJia d16_gate=HalfOfSum writing=MinPerDeviceFormAndD16Smaller zero_on_all_three_arms=false
V4RESULT name=false_enospc prepay=2 allocated=CheckerReadingJia d16_gate=HalfOfSum writing=MinSummedFormAndD16Half arm=JiaPoolOnce states=1259712 gate_rejects=3688 gate_min=unused=64/64:pinned=8:lag=0:current=0:live=0:cost=4:containers=0:request_units=2 placement_fails=21472 placement_min=unused=4/132:pinned=0:lag=0:current=0:live=4:cost=4:containers=0:request_units=1
V4RESULT name=false_enospc prepay=2 allocated=CheckerReadingJia d16_gate=HalfOfSum writing=MinSummedFormAndD16Half arm=YiPoolTimesTwo states=1259712 gate_rejects=9916 gate_min=unused=64/64:pinned=8:lag=0:current=0:live=0:cost=4:containers=1:request_units=1 placement_fails=21048 placement_min=unused=4/132:pinned=0:lag=0:current=0:live=4:cost=4:containers=0:request_units=1
V4RESULT name=false_enospc prepay=2 allocated=CheckerReadingJia d16_gate=HalfOfSum writing=MinSummedFormAndD16Half arm=BingPrimePerDevice states=1259712 gate_rejects=382240 gate_min=unused=64/64:pinned=8:lag=0:current=0:live=0:cost=4:containers=1:request_units=1 placement_fails=0 placement_min=none
V4RESULT name=writing_summary prepay=2 allocated=CheckerReadingJia d16_gate=HalfOfSum writing=MinSummedFormAndD16Half zero_on_all_three_arms=false
V4RESULT name=done
