
running 1 test
NEWRAISE seed=7 step=15 F=10 in_gap=false gaps=[] lands=Some(false) turned=false violations=[("I-3.1", "盘 0：记账的已分配 Some(1540096)，遍历全部有效根得到 1474560")]
NEWRAISE seed=15 step=15 F=5 in_gap=false gaps=[] lands=Some(false) turned=false violations=[("I-3.1", "盘 0：记账的已分配 Some(1802240)，遍历全部有效根得到 1638400")]
NEWRAISE seed=20 step=16 F=3 in_gap=false gaps=[step5:(1,3)->(3,6),step15:(4,12)->(12,16)] lands=Some(false) turned=false violations=[("I-3.1", "盘 0：记账的已分配 Some(1327104)，遍历全部有效根得到 1310720")]
NEWRAISE seed=26 step=15 F=4 in_gap=false gaps=[] lands=Some(false) turned=false violations=[("I-3.1", "盘 0：记账的已分配 Some(1540096)，遍历全部有效根得到 1376256")]
NEWRAISE seed=27 step=20 F=13 in_gap=false gaps=[step12:(2,7)->(7,11)] lands=Some(false) turned=false violations=[("I-3.1", "盘 0：记账的已分配 Some(1212416)，遍历全部有效根得到 1146880")]
NEWRAISE seed=38 step=23 F=5 in_gap=false gaps=[] lands=Some(false) turned=false violations=[("I-3.1", "盘 0：记账的已分配 Some(2031616)，遍历全部有效根得到 1966080")]
NEWRAISE seed=46 step=11 F=4 in_gap=false gaps=[] lands=Some(false) turned=false violations=[("I-3.1", "盘 0：记账的已分配 Some(1474560)，遍历全部有效根得到 1376256")]
NEWRAISE seed=51 step=24 F=7 in_gap=false gaps=[step22:(3,15)->(15,17)] lands=Some(false) turned=false violations=[("I-3.1", "盘 0：记账的已分配 Some(1933312)，遍历全部有效根得到 1867776")]
NEWRAISE seed=54 step=15 F=11 in_gap=false gaps=[step11:(3,15)->(15,16),step12:(4,17)->(17,18)] lands=Some(false) turned=false violations=[("I-3.1", "盘 0：记账的已分配 Some(1540096)，遍历全部有效根得到 1441792")]
NEWRAISE seed=56 step=13 F=5 in_gap=false gaps=[] lands=Some(false) turned=false violations=[("I-3.1", "盘 0：记账的已分配 Some(1474560)，遍历全部有效根得到 1310720")]
NEWRAISE seed=57 step=24 F=4 in_gap=false gaps=[] lands=Some(false) turned=false violations=[("I-3.1", "盘 0：记账的已分配 Some(2588672)，遍历全部有效根得到 2424832")]
NEWRAISE seed=62 step=18 F=10 in_gap=false gaps=[] lands=Some(false) turned=false violations=[("I-3.1", "盘 0：记账的已分配 Some(1474560)，遍历全部有效根得到 1409024")]
NEWRAISE seed=66 step=16 F=7 in_gap=false gaps=[step9:(2,7)->(7,10)] lands=Some(false) turned=false violations=[("I-3.1", "盘 0：记账的已分配 Some(1703936)，遍历全部有效根得到 1605632")]
NEWRAISE seed=68 step=14 F=6 in_gap=false gaps=[step10:(2,7)->(7,10)] lands=Some(false) turned=false violations=[("I-3.1", "盘 0：记账的已分配 Some(1310720)，遍历全部有效根得到 1146880")]
NEWRAISE seed=69 step=13 F=14 in_gap=false gaps=[step2:(1,5)->(5,6)] lands=Some(false) turned=false violations=[("I-3.1", "盘 0：记账的已分配 Some(1048576)，遍历全部有效根得到 983040")]
NEWRAISE seed=71 step=28 F=12 in_gap=false gaps=[step27:(4,17)->(17,19)] lands=Some(false) turned=false violations=[("I-3.1", "盘 0：记账的已分配 Some(1310720)，遍历全部有效根得到 1146880")]
GAP seed=80 step=21 F=8 in_gap=true gaps=[step5:(2,8)->(8,9),step6:(2,7)->(7,11)] ring_before=Some([(19, 5), (18, 5), (17, 5), (16, 5), (15, 5), (14, 4), (13, 4), (12, 4), (11, 4), (10, 3), (9, 3), (8, 2), (7, 2), (6, 2), (5, 2), (4, 2)]) overcount_bytes=Some(98304)
NEWRAISE seed=94 step=16 F=12 in_gap=false gaps=[] lands=Some(false) turned=false violations=[("I-3.1", "盘 0：记账的已分配 Some(1507328)，遍历全部有效根得到 1441792")]
SUMMARY first=0 seeds=96 ops=30 weights=各类操作都抽（快档、大档） {"completed": 33, "form1_in_gap=true": 1, "known_red_0": 45, "known_red_1": 1, "new:CheckerViolations { invariants: [\"I-3.1\"] }": 17}
test opus_r2_gap_probe ... ok

test result: ok. 1 passed; 0 failed; 0 ignored; 0 measured; 0 filtered out; finished in 5.49s

