
running 1 test
NEW seed=0 pos=Operation(13) op=Some(CloseAndMountWritable) violations=[("I-3.1", "盘 0：记账的已分配 Some(1097728)，遍历全部有效根得到 1032192")] panic=None
NEW seed=1 pos=Operation(11) op=Some(CloseAndMountWritable) violations=[("I-3.1", "盘 0：记账的已分配 Some(1654784)，遍历全部有效根得到 1589248")] panic=None
NEW seed=2 pos=Operation(9) op=Some(CloseAndMountRollback) violations=[("I-3.1", "盘 0：记账的已分配 Some(868352)，遍历全部有效根得到 802816")] panic=None
NEW seed=3 pos=Operation(8) op=Some(CloseAndMountWritable) violations=[("I-3.1", "盘 0：记账的已分配 Some(1097728)，遍历全部有效根得到 1032192")] panic=None
NEW seed=4 pos=Operation(17) op=Some(CloseAndMountWritable) violations=[("I-3.1", "盘 0：记账的已分配 Some(1818624)，遍历全部有效根得到 1753088")] panic=None
NEW seed=8 pos=Operation(12) op=Some(CloseAndMountWritable) violations=[("I-3.1", "盘 0：记账的已分配 Some(1425408)，遍历全部有效根得到 1359872")] panic=None
NEW seed=9 pos=Operation(18) op=Some(CloseAndMountRollback) violations=[("I-3.1", "盘 0：记账的已分配 Some(1032192)，遍历全部有效根得到 966656")] panic=None
NEW seed=11 pos=Operation(5) op=Some(CloseAndMountWritable) violations=[("I-3.1", "盘 0：记账的已分配 Some(835584)，遍历全部有效根得到 770048")] panic=None
NEW seed=12 pos=Operation(8) op=Some(CloseAndMountRollback) violations=[("I-3.1", "盘 0：记账的已分配 Some(704512)，遍历全部有效根得到 638976")] panic=None
NEW seed=13 pos=Operation(13) op=Some(CloseAndMountWritable) violations=[("I-3.1", "盘 0：记账的已分配 Some(1032192)，遍历全部有效根得到 966656")] panic=None
NEW seed=15 pos=Operation(16) op=Some(CloseAndMountWritable) violations=[("I-3.1", "盘 0：记账的已分配 Some(1867776)，遍历全部有效根得到 1802240")] panic=None
NEW seed=16 pos=Operation(8) op=Some(CloseAndMountWritable) violations=[("I-3.1", "盘 0：记账的已分配 Some(1032192)，遍历全部有效根得到 966656")] panic=None
NEW seed=17 pos=Operation(10) op=Some(CloseAndMountWritable) violations=[("I-3.1", "盘 0：记账的已分配 Some(1261568)，遍历全部有效根得到 1196032")] panic=None
NEW seed=20 pos=Operation(12) op=Some(CloseAndMountWritable) violations=[("I-3.1", "盘 0：记账的已分配 Some(540672)，遍历全部有效根得到 475136")] panic=None
NEW seed=21 pos=Operation(9) op=Some(CloseAndMountWritable) violations=[("I-3.1", "盘 0：记账的已分配 Some(1589248)，遍历全部有效根得到 1523712")] panic=None
NEW seed=25 pos=Operation(8) op=Some(CloseAndMountWritable) violations=[("I-3.1", "盘 0：记账的已分配 Some(540672)，遍历全部有效根得到 475136")] panic=None
NEW seed=26 pos=Operation(18) op=Some(CloseAndMountWritable) violations=[("I-3.1", "盘 0：记账的已分配 Some(1703936)，遍历全部有效根得到 1638400")] panic=None
NEW seed=27 pos=Operation(10) op=Some(CloseAndMountWritable) violations=[("I-3.1", "盘 0：记账的已分配 Some(933888)，遍历全部有效根得到 868352")] panic=None
NEW seed=29 pos=Operation(5) op=Some(CloseAndMountWritable) violations=[("I-3.1", "盘 0：记账的已分配 Some(835584)，遍历全部有效根得到 770048")] panic=None
NEW seed=30 pos=Operation(13) op=Some(CloseAndMountWritable) violations=[("I-3.1", "盘 0：记账的已分配 Some(540672)，遍历全部有效根得到 475136")] panic=None
NEW seed=32 pos=Operation(2) op=Some(CloseAndMountWritable) violations=[("I-3.1", "盘 0：记账的已分配 Some(540672)，遍历全部有效根得到 475136")] panic=None
NEW seed=33 pos=Operation(22) op=Some(CloseAndMountWritable) violations=[("I-3.1", "盘 0：记账的已分配 Some(1097728)，遍历全部有效根得到 1032192")] panic=None
NEW seed=34 pos=Operation(6) op=Some(CloseAndMountRollback) violations=[("I-3.1", "盘 0：记账的已分配 Some(704512)，遍历全部有效根得到 638976")] panic=None
NEW seed=35 pos=Operation(7) op=Some(CloseAndMountWritable) violations=[("I-3.1", "盘 0：记账的已分配 Some(770048)，遍历全部有效根得到 704512")] panic=None
NEW seed=36 pos=Operation(12) op=Some(CloseAndMountRollback) violations=[("I-3.1", "盘 0：记账的已分配 Some(868352)，遍历全部有效根得到 802816")] panic=None
NEW seed=37 pos=Operation(8) op=Some(CloseAndMountWritable) violations=[("I-3.1", "盘 0：记账的已分配 Some(1163264)，遍历全部有效根得到 1097728")] panic=None
NEW seed=38 pos=Operation(16) op=Some(CloseAndMountWritable) violations=[("I-3.1", "盘 0：记账的已分配 Some(1032192)，遍历全部有效根得到 966656")] panic=None
NEW seed=41 pos=Operation(6) op=Some(CloseAndMountWritable) violations=[("I-3.1", "盘 0：记账的已分配 Some(540672)，遍历全部有效根得到 475136")] panic=None
NEW seed=42 pos=Operation(10) op=Some(CloseAndMountWritable) violations=[("I-3.1", "盘 0：记账的已分配 Some(1196032)，遍历全部有效根得到 1130496")] panic=None
NEW seed=43 pos=Operation(3) op=Some(CloseAndMountWritable) violations=[("I-3.1", "盘 0：记账的已分配 Some(540672)，遍历全部有效根得到 475136")] panic=None
NEW seed=44 pos=Operation(5) op=Some(CloseAndMountWritable) violations=[("I-3.1", "盘 0：记账的已分配 Some(835584)，遍历全部有效根得到 770048")] panic=None
NEW seed=45 pos=Operation(7) op=Some(CloseAndMountWritable) violations=[("I-3.1", "盘 0：记账的已分配 Some(540672)，遍历全部有效根得到 475136")] panic=None
NEW seed=46 pos=Operation(1) op=Some(CloseAndMountWritable) violations=[("I-3.1", "盘 0：记账的已分配 Some(540672)，遍历全部有效根得到 475136")] panic=None
NEW seed=47 pos=Operation(11) op=Some(CloseAndMountWritable) violations=[("I-3.1", "盘 0：记账的已分配 Some(1425408)，遍历全部有效根得到 1359872")] panic=None
NEW seed=48 pos=Operation(9) op=Some(CloseAndMountWritable) violations=[("I-3.1", "盘 0：记账的已分配 Some(1032192)，遍历全部有效根得到 966656")] panic=None
NEW seed=49 pos=Operation(16) op=Some(CloseAndMountRollback) violations=[("I-3.1", "盘 0：记账的已分配 Some(1687552)，遍历全部有效根得到 1622016")] panic=None
NEW seed=50 pos=Operation(9) op=Some(CloseAndMountWritable) violations=[("I-3.1", "盘 0：记账的已分配 Some(704512)，遍历全部有效根得到 638976")] panic=None
NEW seed=51 pos=Operation(13) op=Some(CloseAndMountWritable) violations=[("I-3.1", "盘 0：记账的已分配 Some(1032192)，遍历全部有效根得到 966656")] panic=None
NEW seed=53 pos=Operation(14) op=Some(CloseAndMountWritable) violations=[("I-3.1", "盘 0：记账的已分配 Some(2015232)，遍历全部有效根得到 1949696")] panic=None
NEW seed=54 pos=Operation(6) op=Some(CloseAndMountWritable) violations=[("I-3.1", "盘 0：记账的已分配 Some(1327104)，遍历全部有效根得到 1261568")] panic=None
NEW seed=57 pos=Operation(6) op=Some(CloseAndMountWritable) violations=[("I-3.1", "盘 0：记账的已分配 Some(835584)，遍历全部有效根得到 770048")] panic=None
NEW seed=60 pos=Operation(6) op=Some(CloseAndMountWritable) violations=[("I-3.1", "盘 0：记账的已分配 Some(933888)，遍历全部有效根得到 868352")] panic=None
NEW seed=61 pos=Operation(3) op=Some(CloseAndMountWritable) violations=[("I-3.1", "盘 0：记账的已分配 Some(704512)，遍历全部有效根得到 638976")] panic=None
NEW seed=62 pos=Operation(6) op=Some(CloseAndMountWritable) violations=[("I-3.1", "盘 0：记账的已分配 Some(933888)，遍历全部有效根得到 868352")] panic=None
NEW seed=63 pos=Operation(8) op=Some(CloseAndMountWritable) violations=[("I-3.1", "盘 0：记账的已分配 Some(540672)，遍历全部有效根得到 475136")] panic=None
NEW seed=64 pos=Operation(5) op=Some(CloseAndMountWritable) violations=[("I-3.1", "盘 0：记账的已分配 Some(933888)，遍历全部有效根得到 868352")] panic=None
NEW seed=65 pos=Operation(5) op=Some(CloseAndMountWritable) violations=[("I-3.1", "盘 0：记账的已分配 Some(1032192)，遍历全部有效根得到 966656")] panic=None
NEW seed=66 pos=Operation(9) op=Some(CloseAndMountRollback) violations=[("I-3.1", "盘 0：记账的已分配 Some(966656)，遍历全部有效根得到 901120")] panic=None
NEW seed=68 pos=Operation(10) op=Some(CloseAndMountRollback) violations=[("I-3.1", "盘 0：记账的已分配 Some(868352)，遍历全部有效根得到 802816")] panic=None
NEW seed=69 pos=Operation(4) op=Some(CloseAndMountWritable) violations=[("I-3.1", "盘 0：记账的已分配 Some(1032192)，遍历全部有效根得到 966656")] panic=None
NEW seed=70 pos=Operation(1) op=Some(CloseAndMountWritable) violations=[("I-3.1", "盘 0：记账的已分配 Some(540672)，遍历全部有效根得到 475136")] panic=None
NEW seed=71 pos=Operation(4) op=Some(CloseAndMountWritable) violations=[("I-3.1", "盘 0：记账的已分配 Some(933888)，遍历全部有效根得到 868352")] panic=None
NEW seed=73 pos=Operation(19) op=Some(CloseAndMountRollback) violations=[("I-3.1", "盘 0：记账的已分配 Some(540672)，遍历全部有效根得到 475136")] panic=None
NEW seed=74 pos=Operation(20) op=Some(CloseAndMountWritable) violations=[("I-3.1", "盘 0：记账的已分配 Some(933888)，遍历全部有效根得到 868352")] panic=None
NEW seed=77 pos=Operation(6) op=Some(CloseAndMountWritable) violations=[("I-3.1", "盘 0：记账的已分配 Some(933888)，遍历全部有效根得到 868352")] panic=None
NEW seed=78 pos=Operation(14) op=Some(CloseAndMountWritable) violations=[("I-3.1", "盘 0：记账的已分配 Some(540672)，遍历全部有效根得到 475136")] panic=None
NEW seed=80 pos=Operation(5) op=Some(CloseAndMountRollback) violations=[("I-3.1", "盘 0：记账的已分配 Some(1032192)，遍历全部有效根得到 966656")] panic=None
NEW seed=81 pos=Operation(2) op=Some(CloseAndMountRollback) violations=[("I-3.1", "盘 0：记账的已分配 Some(475136)，遍历全部有效根得到 409600")] panic=None
NEW seed=82 pos=Operation(5) op=Some(CloseAndMountWritable) violations=[("I-3.1", "盘 0：记账的已分配 Some(835584)，遍历全部有效根得到 770048")] panic=None
NEW seed=83 pos=Operation(5) op=Some(CloseAndMountRollback) violations=[("I-3.1", "盘 0：记账的已分配 Some(704512)，遍历全部有效根得到 638976")] panic=None
NEW seed=84 pos=Operation(17) op=Some(CloseAndMountWritable) violations=[("I-3.1", "盘 0：记账的已分配 Some(2310144)，遍历全部有效根得到 2244608")] panic=None
NEW seed=85 pos=Operation(18) op=Some(CloseAndMountRollback) violations=[("I-3.1", "盘 0：记账的已分配 Some(540672)，遍历全部有效根得到 475136")] panic=None
NEW seed=86 pos=Operation(15) op=Some(CloseAndMountWritable) violations=[("I-3.1", "盘 0：记账的已分配 Some(933888)，遍历全部有效根得到 868352")] panic=None
NEW seed=87 pos=Operation(17) op=Some(CloseAndMountWritable) violations=[("I-3.1", "盘 0：记账的已分配 Some(2408448)，遍历全部有效根得到 2342912")] panic=None
NEW seed=88 pos=Operation(4) op=Some(CloseAndMountWritable) violations=[("I-3.1", "盘 0：记账的已分配 Some(835584)，遍历全部有效根得到 770048")] panic=None
NEW seed=89 pos=Operation(11) op=Some(CloseAndMountWritable) violations=[("I-3.1", "盘 0：记账的已分配 Some(1032192)，遍历全部有效根得到 966656")] panic=None
NEW seed=92 pos=Operation(9) op=Some(CloseAndMountRollback) violations=[("I-3.1", "盘 0：记账的已分配 Some(999424)，遍历全部有效根得到 933888")] panic=None
NEW seed=93 pos=Operation(6) op=Some(CloseAndMountWritable) violations=[("I-3.1", "盘 0：记账的已分配 Some(835584)，遍历全部有效根得到 770048")] panic=None
NEW seed=94 pos=Operation(8) op=Some(CloseAndMountWritable) violations=[("I-3.1", "盘 0：记账的已分配 Some(1425408)，遍历全部有效根得到 1359872")] panic=None
SUMMARY first=0 seeds=96 ops=30 weights=各类操作都抽（快档、大档） {"completed": 26, "known_red_0": 1, "new:CheckerViolations { invariants: [\"I-3.1\"] }": 69}
test opus_r2_gap_probe ... ok

test result: ok. 1 passed; 0 failed; 0 ignored; 0 measured; 0 filtered out; finished in 3.66s

