
running 1 test
── 随机历史大档 ──
种子 [0, 96)，每段 40 步，比重：各类操作都抽（快档、大档）
历史 96 段：跑完 26、以已知红收尾 {0: 23, 1: 1}、新发现 46；根环转过一圈的 26 段；最高 txg 40
  操作 PublishFirstFile：Ok 24、Err 44、前提不满足没调 61
  操作 PublishOverwrite：Ok 424、Err 64、前提不满足没调 545
  操作 PublishWithoutUnits：Ok 7、Err 0、前提不满足没调 55
  操作 CloseAndMountWritable：Ok 199、Err 117、前提不满足没调 0
  操作 CloseAndMountRollback：Ok 67、Err 188、前提不满足没调 0
  操作 RaiseRollbackFloor：Ok 20、Err 110、前提不满足没调 167
  操作 ColdStartRecover：Ok 80、Err 0、前提不满足没调 0
  内容长度 0 字节：入口被调 59 次、发成 58 次
  内容长度 [1, 载荷容量 − 2]：入口被调 338 次、发成 309 次
  内容长度 数据单元整宽 32768（装不下）：入口被调 28 次、发成 0 次
  内容长度 载荷容量：入口被调 44 次、发成 43 次
  内容长度 载荷容量 + 1（装不下）：入口被调 44 次、发成 0 次
  内容长度 载荷容量 − 1：入口被调 43 次、发成 38 次
  Err 成员 MountError::InstanceRowsOnVersionWithoutFileUnsupported：117 次
  Err 成员 MountError::RaiseNeedsRewrittenInstanceTableUnitInCurrentVersion：34 次
  Err 成员 MountError::RollbackFloorAboveCeiling：76 次
  Err 成员 MountError::RollbackTargetNotACandidate（txg 低于生效的回退下界 F）：1 次
  Err 成员 MountError::RollbackTargetNotACandidate（实例表里那个实例的行 T 更小：这是被抛弃时间线的根）：3 次
  Err 成员 MountError::RollbackTargetNotInRing：44 次
  Err 成员 MountError::RollbackToVersionWithoutFileUnsupported：140 次
  Err 成员 PublishError::ContentExceedsDataUnit：68 次
  Err 成员 PublishError::FirstFileVersionNotRightAfterTheSecondWarmUp：40 次
  前提不满足（没有可写会话）：778 次
  前提不满足（现行版本带文件）：26 次
  前提不满足（现行版本树表 0 条）：24 次
  冷启动结局 Failed(RecoveryFailure::InvariantViolated（I-2.3）)：46 次
  冷启动结局 FileRead：4 次
  冷启动结局 NoFile：30 次
  一次挂载里最多写出 23 条根；一段历史里最多挂载成功 10 次、最多试挂载 15 次
  抬 F 回收到落点 12 次、共回收 328 个落点；复用已释放的记录 164 条（其中跨度变了 28 条）；已释放的记录被罩住起点 2 条、被删 2 条
  挂载写出的发布比过分配记录 534 次；挂载之前生效根的分配记录读不出、没比的挂载 0 次
  checker 跑了 837 次；一个写都没发、沿用上一次结论的 1431 步
  I-1.1：判绿 837 次、不适用 0 次
  I-1.3：判绿 837 次、不适用 0 次
  I-1.4：判绿 837 次、不适用 0 次
  I-1.6：判绿 837 次、不适用 0 次
  I-1.7：判绿 837 次、不适用 0 次
  I-2.1：判绿 837 次、不适用 0 次
  I-2.3：判绿 837 次、不适用 0 次
  I-2.4：判绿 837 次、不适用 0 次
  I-2.5：判绿 837 次、不适用 0 次
  I-3.1：判绿 710 次、不适用 103 次
  I-3.8：判绿 837 次、不适用 0 次
  I-3.9：判绿 734 次、不适用 103 次
  I-4.8：判绿 837 次、不适用 0 次
  I-5.1：判绿 837 次、不适用 0 次
  I-5.2：判绿 734 次、不适用 103 次
  I-5.4：判绿 734 次、不适用 103 次
  I-7.1：判绿 837 次、不适用 0 次
  I-7.2：判绿 837 次、不适用 0 次
  I-7.4：判绿 837 次、不适用 0 次
  I-7.6：判绿 837 次、不适用 0 次
  I-7.7：判绿 837 次、不适用 0 次
  I-7.8：判绿 837 次、不适用 0 次
  I-9.1：判绿 734 次、不适用 103 次
  I-9.2：判绿 734 次、不适用 103 次
  I-9.4：判绿 734 次、不适用 103 次
  I-9.7：判绿 734 次、不适用 103 次
  I-9.10：判绿 734 次、不适用 103 次
  I-9.13：判绿 734 次、不适用 103 次
  I-9.14：判绿 662 次、不适用 175 次
已知红第 0 条（增补 2 收口表第 ② 行（一次挂载转过一整圈根环时 checker 在合法状态上判 I-3.1 红））：23 段；前几个种子 [(4, Operation(25)), (8, Operation(39)), (16, Operation(18)), (21, Operation(16)), (29, Operation(28)), (30, Operation(34)), (33, Operation(34)), (34, Operation(21))]
已知红第 1 条（增补 2 收口表第 43 行）：1 段；前几个种子 [(80, Operation(21))]
新发现 HarnessJudgement { judgement: "checker 判绿的镜像上冷启动恢复报错" }：第一个种子 0（同签名的种子 [0, 1, 2, 3, 7, 9, 11, 12, 13, 15, 17, 20, 25, 26, 27, 32, 36, 37, 38, 41, 42, 44, 48, 51, 54, 57, 61, 62, 63, 64, 66, 68, 69, 70, 73, 74, 77, 79, 81, 84, 85, 86, 88, 89, 92, 93]），在 Operation(1)（Some(ColdStartRecover)）之后
  执行器判出：checker 判绿的镜像上冷启动恢复报错：ColdStartRecoveryFailedOnCheckerGreenImage { outcome: "Failed(RecoveryFailure::InvariantViolated（I-2.3）)" }
  没收缩（这一档只报种子）：SINGLEFS_RANDOM_HISTORY_SHRINK_SEED=0 跑「收缩一个种子」那条 #[ignore] 用例，或跑大档
每个新发现的种子：[(0, HarnessJudgement { judgement: "checker 判绿的镜像上冷启动恢复报错" }), (1, HarnessJudgement { judgement: "checker 判绿的镜像上冷启动恢复报错" }), (2, HarnessJudgement { judgement: "checker 判绿的镜像上冷启动恢复报错" }), (3, HarnessJudgement { judgement: "checker 判绿的镜像上冷启动恢复报错" }), (7, HarnessJudgement { judgement: "checker 判绿的镜像上冷启动恢复报错" }), (9, HarnessJudgement { judgement: "checker 判绿的镜像上冷启动恢复报错" }), (11, HarnessJudgement { judgement: "checker 判绿的镜像上冷启动恢复报错" }), (12, HarnessJudgement { judgement: "checker 判绿的镜像上冷启动恢复报错" }), (13, HarnessJudgement { judgement: "checker 判绿的镜像上冷启动恢复报错" }), (15, HarnessJudgement { judgement: "checker 判绿的镜像上冷启动恢复报错" }), (17, HarnessJudgement { judgement: "checker 判绿的镜像上冷启动恢复报错" }), (20, HarnessJudgement { judgement: "checker 判绿的镜像上冷启动恢复报错" }), (25, HarnessJudgement { judgement: "checker 判绿的镜像上冷启动恢复报错" }), (26, HarnessJudgement { judgement: "checker 判绿的镜像上冷启动恢复报错" }), (27, HarnessJudgement { judgement: "checker 判绿的镜像上冷启动恢复报错" }), (32, HarnessJudgement { judgement: "checker 判绿的镜像上冷启动恢复报错" }), (36, HarnessJudgement { judgement: "checker 判绿的镜像上冷启动恢复报错" }), (37, HarnessJudgement { judgement: "checker 判绿的镜像上冷启动恢复报错" }), (38, HarnessJudgement { judgement: "checker 判绿的镜像上冷启动恢复报错" }), (41, HarnessJudgement { judgement: "checker 判绿的镜像上冷启动恢复报错" }), (42, HarnessJudgement { judgement: "checker 判绿的镜像上冷启动恢复报错" }), (44, HarnessJudgement { judgement: "checker 判绿的镜像上冷启动恢复报错" }), (48, HarnessJudgement { judgement: "checker 判绿的镜像上冷启动恢复报错" }), (51, HarnessJudgement { judgement: "checker 判绿的镜像上冷启动恢复报错" }), (54, HarnessJudgement { judgement: "checker 判绿的镜像上冷启动恢复报错" }), (57, HarnessJudgement { judgement: "checker 判绿的镜像上冷启动恢复报错" }), (61, HarnessJudgement { judgement: "checker 判绿的镜像上冷启动恢复报错" }), (62, HarnessJudgement { judgement: "checker 判绿的镜像上冷启动恢复报错" }), (63, HarnessJudgement { judgement: "checker 判绿的镜像上冷启动恢复报错" }), (64, HarnessJudgement { judgement: "checker 判绿的镜像上冷启动恢复报错" }), (66, HarnessJudgement { judgement: "checker 判绿的镜像上冷启动恢复报错" }), (68, HarnessJudgement { judgement: "checker 判绿的镜像上冷启动恢复报错" }), (69, HarnessJudgement { judgement: "checker 判绿的镜像上冷启动恢复报错" }), (70, HarnessJudgement { judgement: "checker 判绿的镜像上冷启动恢复报错" }), (73, HarnessJudgement { judgement: "checker 判绿的镜像上冷启动恢复报错" }), (74, HarnessJudgement { judgement: "checker 判绿的镜像上冷启动恢复报错" }), (77, HarnessJudgement { judgement: "checker 判绿的镜像上冷启动恢复报错" }), (79, HarnessJudgement { judgement: "checker 判绿的镜像上冷启动恢复报错" }), (81, HarnessJudgement { judgement: "checker 判绿的镜像上冷启动恢复报错" }), (84, HarnessJudgement { judgement: "checker 判绿的镜像上冷启动恢复报错" }), (85, HarnessJudgement { judgement: "checker 判绿的镜像上冷启动恢复报错" }), (86, HarnessJudgement { judgement: "checker 判绿的镜像上冷启动恢复报错" }), (88, HarnessJudgement { judgement: "checker 判绿的镜像上冷启动恢复报错" }), (89, HarnessJudgement { judgement: "checker 判绿的镜像上冷启动恢复报错" }), (92, HarnessJudgement { judgement: "checker 判绿的镜像上冷启动恢复报错" }), (93, HarnessJudgement { judgement: "checker 判绿的镜像上冷启动恢复报错" })]
用时 1.9 秒
test random_histories_large_tier_seeds_and_length_from_the_environment ... FAILED

failures:

failures:
    random_histories_large_tier_seeds_and_length_from_the_environment

test result: FAILED. 0 passed; 1 failed; 0 ignored; 0 measured; 7 filtered out; finished in 1.89s

    Finished `release` profile [optimized + debuginfo] target(s) in 0.00s
     Running tests/second_transaction_supplement_three_random_history.rs (target/release/deps/second_transaction_supplement_three_random_history-febc0246c8ac82b5)

thread 'random_histories_large_tier_seeds_and_length_from_the_environment' (3658017) panicked at crates/singlefs-harness/tests/second_transaction_supplement_three_random_history.rs:466:5:
「已知红」清单外的失败：
种子 [0, 96)，每段 40 步，比重：各类操作都抽（快档、大档）
历史 96 段：跑完 26、以已知红收尾 {0: 23, 1: 1}、新发现 46；根环转过一圈的 26 段；最高 txg 40
  操作 PublishFirstFile：Ok 24、Err 44、前提不满足没调 61
  操作 PublishOverwrite：Ok 424、Err 64、前提不满足没调 545
  操作 PublishWithoutUnits：Ok 7、Err 0、前提不满足没调 55
  操作 CloseAndMountWritable：Ok 199、Err 117、前提不满足没调 0
  操作 CloseAndMountRollback：Ok 67、Err 188、前提不满足没调 0
  操作 RaiseRollbackFloor：Ok 20、Err 110、前提不满足没调 167
  操作 ColdStartRecover：Ok 80、Err 0、前提不满足没调 0
  内容长度 0 字节：入口被调 59 次、发成 58 次
  内容长度 [1, 载荷容量 − 2]：入口被调 338 次、发成 309 次
  内容长度 数据单元整宽 32768（装不下）：入口被调 28 次、发成 0 次
  内容长度 载荷容量：入口被调 44 次、发成 43 次
  内容长度 载荷容量 + 1（装不下）：入口被调 44 次、发成 0 次
  内容长度 载荷容量 − 1：入口被调 43 次、发成 38 次
  Err 成员 MountError::InstanceRowsOnVersionWithoutFileUnsupported：117 次
  Err 成员 MountError::RaiseNeedsRewrittenInstanceTableUnitInCurrentVersion：34 次
  Err 成员 MountError::RollbackFloorAboveCeiling：76 次
  Err 成员 MountError::RollbackTargetNotACandidate（txg 低于生效的回退下界 F）：1 次
  Err 成员 MountError::RollbackTargetNotACandidate（实例表里那个实例的行 T 更小：这是被抛弃时间线的根）：3 次
  Err 成员 MountError::RollbackTargetNotInRing：44 次
  Err 成员 MountError::RollbackToVersionWithoutFileUnsupported：140 次
  Err 成员 PublishError::ContentExceedsDataUnit：68 次
  Err 成员 PublishError::FirstFileVersionNotRightAfterTheSecondWarmUp：40 次
  前提不满足（没有可写会话）：778 次
  前提不满足（现行版本带文件）：26 次
  前提不满足（现行版本树表 0 条）：24 次
  冷启动结局 Failed(RecoveryFailure::InvariantViolated（I-2.3）)：46 次
  冷启动结局 FileRead：4 次
  冷启动结局 NoFile：30 次
  一次挂载里最多写出 23 条根；一段历史里最多挂载成功 10 次、最多试挂载 15 次
  抬 F 回收到落点 12 次、共回收 328 个落点；复用已释放的记录 164 条（其中跨度变了 28 条）；已释放的记录被罩住起点 2 条、被删 2 条
  挂载写出的发布比过分配记录 534 次；挂载之前生效根的分配记录读不出、没比的挂载 0 次
  checker 跑了 837 次；一个写都没发、沿用上一次结论的 1431 步
  I-1.1：判绿 837 次、不适用 0 次
  I-1.3：判绿 837 次、不适用 0 次
  I-1.4：判绿 837 次、不适用 0 次
  I-1.6：判绿 837 次、不适用 0 次
  I-1.7：判绿 837 次、不适用 0 次
  I-2.1：判绿 837 次、不适用 0 次
  I-2.3：判绿 837 次、不适用 0 次
  I-2.4：判绿 837 次、不适用 0 次
  I-2.5：判绿 837 次、不适用 0 次
  I-3.1：判绿 710 次、不适用 103 次
  I-3.8：判绿 837 次、不适用 0 次
  I-3.9：判绿 734 次、不适用 103 次
  I-4.8：判绿 837 次、不适用 0 次
  I-5.1：判绿 837 次、不适用 0 次
  I-5.2：判绿 734 次、不适用 103 次
  I-5.4：判绿 734 次、不适用 103 次
  I-7.1：判绿 837 次、不适用 0 次
  I-7.2：判绿 837 次、不适用 0 次
  I-7.4：判绿 837 次、不适用 0 次
  I-7.6：判绿 837 次、不适用 0 次
  I-7.7：判绿 837 次、不适用 0 次
  I-7.8：判绿 837 次、不适用 0 次
  I-9.1：判绿 734 次、不适用 103 次
  I-9.2：判绿 734 次、不适用 103 次
  I-9.4：判绿 734 次、不适用 103 次
  I-9.7：判绿 734 次、不适用 103 次
  I-9.10：判绿 734 次、不适用 103 次
  I-9.13：判绿 734 次、不适用 103 次
  I-9.14：判绿 662 次、不适用 175 次
已知红第 0 条（增补 2 收口表第 ② 行（一次挂载转过一整圈根环时 checker 在合法状态上判 I-3.1 红））：23 段；前几个种子 [(4, Operation(25)), (8, Operation(39)), (16, Operation(18)), (21, Operation(16)), (29, Operation(28)), (30, Operation(34)), (33, Operation(34)), (34, Operation(21))]
已知红第 1 条（增补 2 收口表第 43 行）：1 段；前几个种子 [(80, Operation(21))]
新发现 HarnessJudgement { judgement: "checker 判绿的镜像上冷启动恢复报错" }：第一个种子 0（同签名的种子 [0, 1, 2, 3, 7, 9, 11, 12, 13, 15, 17, 20, 25, 26, 27, 32, 36, 37, 38, 41, 42, 44, 48, 51, 54, 57, 61, 62, 63, 64, 66, 68, 69, 70, 73, 74, 77, 79, 81, 84, 85, 86, 88, 89, 92, 93]），在 Operation(1)（Some(ColdStartRecover)）之后
  执行器判出：checker 判绿的镜像上冷启动恢复报错：ColdStartRecoveryFailedOnCheckerGreenImage { outcome: "Failed(RecoveryFailure::InvariantViolated（I-2.3）)" }
  没收缩（这一档只报种子）：SINGLEFS_RANDOM_HISTORY_SHRINK_SEED=0 跑「收缩一个种子」那条 #[ignore] 用例，或跑大档

note: run with `RUST_BACKTRACE=1` environment variable to display a backtrace
error: test failed, to rerun pass `-p singlefs-harness --test second_transaction_supplement_three_random_history`
