
running 1 test
── 随机历史大档 ──
种子 [0, 96)，每段 30 步，比重：偏向抬 F 之后的复用（第 121 行那一类的取样点）
历史 96 段：跑完 28、以已知红收尾 {0: 55, 1: 1}、新发现 12；根环转过一圈的 80 段；最高 txg 41
  操作 PublishFirstFile：Ok 8、Err 21、前提不满足没调 4
  操作 PublishOverwrite：Ok 966、Err 168、前提不满足没调 54
  操作 PublishWithoutUnits：Ok 0、Err 0、前提不满足没调 14
  操作 CloseAndMountWritable：Ok 414、Err 10、前提不满足没调 0
  操作 CloseAndMountRollback：Ok 20、Err 16、前提不满足没调 0
  操作 RaiseRollbackFloor：Ok 126、Err 317、前提不满足没调 21
  操作 ColdStartRecover：Ok 18、Err 0、前提不满足没调 0
  内容长度 0 字节：入口被调 122 次、发成 120 次
  内容长度 [1, 载荷容量 − 2]：入口被调 677 次、发成 665 次
  内容长度 数据单元整宽 32768（装不下）：入口被调 91 次、发成 0 次
  内容长度 载荷容量：入口被调 99 次、发成 97 次
  内容长度 载荷容量 + 1（装不下）：入口被调 81 次、发成 0 次
  内容长度 载荷容量 − 1：入口被调 93 次、发成 92 次
  Err 成员 MountError::InstanceRowsOnVersionWithoutFileUnsupported：10 次
  Err 成员 MountError::RaiseNeedsRewrittenInstanceTableUnitInCurrentVersion：92 次
  Err 成员 MountError::RollbackFloorAboveCeiling：225 次
  Err 成员 MountError::RollbackTargetNotACandidate（txg 低于生效的回退下界 F）：2 次
  Err 成员 MountError::RollbackTargetNotACandidate（实例表里那个实例的行 T 更小：这是被抛弃时间线的根）：2 次
  Err 成员 MountError::RollbackTargetNotInRing：7 次
  Err 成员 MountError::RollbackToVersionWithoutFileUnsupported：5 次
  Err 成员 PublishError::ContentExceedsDataUnit：169 次
  Err 成员 PublishError::FirstFileVersionNotRightAfterTheSecondWarmUp：20 次
  前提不满足（没有可写会话）：75 次
  前提不满足（现行版本带文件）：13 次
  前提不满足（现行版本树表 0 条）：5 次
  冷启动结局 Failed(RecoveryFailure::InvariantViolated（I-2.3）)：12 次
  冷启动结局 FileRead：5 次
  冷启动结局 NoFile：1 次
  一次挂载里最多写出 28 条根；一段历史里最多挂载成功 8 次、最多试挂载 8 次
  抬 F 回收到落点 90 次、共回收 2485 个落点；复用已释放的记录 1274 条（其中跨度变了 268 条）；已释放的记录被罩住起点 44 条、被删 44 条
  挂载写出的发布比过分配记录 1015 次；挂载之前生效根的分配记录读不出、没比的挂载 0 次
  checker 跑了 1630 次；一个写都没发、沿用上一次结论的 643 步
  I-1.1：判绿 1630 次、不适用 0 次
  I-1.3：判绿 1630 次、不适用 0 次
  I-1.4：判绿 1630 次、不适用 0 次
  I-1.6：判绿 1630 次、不适用 0 次
  I-1.7：判绿 1630 次、不适用 0 次
  I-2.1：判绿 1630 次、不适用 0 次
  I-2.3：判绿 1630 次、不适用 0 次
  I-2.4：判绿 1630 次、不适用 0 次
  I-2.5：判绿 1630 次、不适用 0 次
  I-3.1：判绿 1554 次、不适用 20 次
  I-3.8：判绿 1630 次、不适用 0 次
  I-3.9：判绿 1610 次、不适用 20 次
  I-4.8：判绿 1630 次、不适用 0 次
  I-5.1：判绿 1630 次、不适用 0 次
  I-5.2：判绿 1610 次、不适用 20 次
  I-5.4：判绿 1610 次、不适用 20 次
  I-7.1：判绿 1630 次、不适用 0 次
  I-7.2：判绿 1630 次、不适用 0 次
  I-7.4：判绿 1630 次、不适用 0 次
  I-7.6：判绿 1630 次、不适用 0 次
  I-7.7：判绿 1630 次、不适用 0 次
  I-7.8：判绿 1630 次、不适用 0 次
  I-9.1：判绿 1610 次、不适用 20 次
  I-9.2：判绿 1610 次、不适用 20 次
  I-9.4：判绿 1610 次、不适用 20 次
  I-9.7：判绿 1610 次、不适用 20 次
  I-9.10：判绿 1610 次、不适用 20 次
  I-9.13：判绿 1610 次、不适用 20 次
  I-9.14：判绿 1516 次、不适用 114 次
已知红第 0 条（增补 2 收口表第 ② 行（一次挂载转过一整圈根环时 checker 在合法状态上判 I-3.1 红））：55 段；前几个种子 [(0, Operation(12)), (1, Operation(18)), (3, Operation(22)), (9, Operation(26)), (10, Operation(23)), (19, Operation(19)), (20, Operation(28)), (22, Operation(13))]
已知红第 1 条（增补 2 收口表第 43 行）：1 段；前几个种子 [(4, Operation(17))]
新发现 HarnessJudgement { judgement: "checker 判绿的镜像上冷启动恢复报错" }：第一个种子 2（同签名的种子 [2, 7, 12, 45, 48, 51, 59, 66, 68, 70, 71, 81]），在 Operation(4)（Some(ColdStartRecover)）之后
  执行器判出：checker 判绿的镜像上冷启动恢复报错：ColdStartRecoveryFailedOnCheckerGreenImage { outcome: "Failed(RecoveryFailure::InvariantViolated（I-2.3）)" }
  没收缩（这一档只报种子）：SINGLEFS_RANDOM_HISTORY_SHRINK_SEED=2 跑「收缩一个种子」那条 #[ignore] 用例，或跑大档
每个新发现的种子：[(2, HarnessJudgement { judgement: "checker 判绿的镜像上冷启动恢复报错" }), (7, HarnessJudgement { judgement: "checker 判绿的镜像上冷启动恢复报错" }), (12, HarnessJudgement { judgement: "checker 判绿的镜像上冷启动恢复报错" }), (45, HarnessJudgement { judgement: "checker 判绿的镜像上冷启动恢复报错" }), (48, HarnessJudgement { judgement: "checker 判绿的镜像上冷启动恢复报错" }), (51, HarnessJudgement { judgement: "checker 判绿的镜像上冷启动恢复报错" }), (59, HarnessJudgement { judgement: "checker 判绿的镜像上冷启动恢复报错" }), (66, HarnessJudgement { judgement: "checker 判绿的镜像上冷启动恢复报错" }), (68, HarnessJudgement { judgement: "checker 判绿的镜像上冷启动恢复报错" }), (70, HarnessJudgement { judgement: "checker 判绿的镜像上冷启动恢复报错" }), (71, HarnessJudgement { judgement: "checker 判绿的镜像上冷启动恢复报错" }), (81, HarnessJudgement { judgement: "checker 判绿的镜像上冷启动恢复报错" })]
用时 2.2 秒
test random_histories_large_tier_seeds_and_length_from_the_environment ... FAILED

failures:

failures:
    random_histories_large_tier_seeds_and_length_from_the_environment

test result: FAILED. 0 passed; 1 failed; 0 ignored; 0 measured; 7 filtered out; finished in 2.25s

    Finished `release` profile [optimized + debuginfo] target(s) in 0.00s
     Running tests/second_transaction_supplement_three_random_history.rs (target/release/deps/second_transaction_supplement_three_random_history-febc0246c8ac82b5)

thread 'random_histories_large_tier_seeds_and_length_from_the_environment' (3658112) panicked at crates/singlefs-harness/tests/second_transaction_supplement_three_random_history.rs:466:5:
「已知红」清单外的失败：
种子 [0, 96)，每段 30 步，比重：偏向抬 F 之后的复用（第 121 行那一类的取样点）
历史 96 段：跑完 28、以已知红收尾 {0: 55, 1: 1}、新发现 12；根环转过一圈的 80 段；最高 txg 41
  操作 PublishFirstFile：Ok 8、Err 21、前提不满足没调 4
  操作 PublishOverwrite：Ok 966、Err 168、前提不满足没调 54
  操作 PublishWithoutUnits：Ok 0、Err 0、前提不满足没调 14
  操作 CloseAndMountWritable：Ok 414、Err 10、前提不满足没调 0
  操作 CloseAndMountRollback：Ok 20、Err 16、前提不满足没调 0
  操作 RaiseRollbackFloor：Ok 126、Err 317、前提不满足没调 21
  操作 ColdStartRecover：Ok 18、Err 0、前提不满足没调 0
  内容长度 0 字节：入口被调 122 次、发成 120 次
  内容长度 [1, 载荷容量 − 2]：入口被调 677 次、发成 665 次
  内容长度 数据单元整宽 32768（装不下）：入口被调 91 次、发成 0 次
  内容长度 载荷容量：入口被调 99 次、发成 97 次
  内容长度 载荷容量 + 1（装不下）：入口被调 81 次、发成 0 次
  内容长度 载荷容量 − 1：入口被调 93 次、发成 92 次
  Err 成员 MountError::InstanceRowsOnVersionWithoutFileUnsupported：10 次
  Err 成员 MountError::RaiseNeedsRewrittenInstanceTableUnitInCurrentVersion：92 次
  Err 成员 MountError::RollbackFloorAboveCeiling：225 次
  Err 成员 MountError::RollbackTargetNotACandidate（txg 低于生效的回退下界 F）：2 次
  Err 成员 MountError::RollbackTargetNotACandidate（实例表里那个实例的行 T 更小：这是被抛弃时间线的根）：2 次
  Err 成员 MountError::RollbackTargetNotInRing：7 次
  Err 成员 MountError::RollbackToVersionWithoutFileUnsupported：5 次
  Err 成员 PublishError::ContentExceedsDataUnit：169 次
  Err 成员 PublishError::FirstFileVersionNotRightAfterTheSecondWarmUp：20 次
  前提不满足（没有可写会话）：75 次
  前提不满足（现行版本带文件）：13 次
  前提不满足（现行版本树表 0 条）：5 次
  冷启动结局 Failed(RecoveryFailure::InvariantViolated（I-2.3）)：12 次
  冷启动结局 FileRead：5 次
  冷启动结局 NoFile：1 次
  一次挂载里最多写出 28 条根；一段历史里最多挂载成功 8 次、最多试挂载 8 次
  抬 F 回收到落点 90 次、共回收 2485 个落点；复用已释放的记录 1274 条（其中跨度变了 268 条）；已释放的记录被罩住起点 44 条、被删 44 条
  挂载写出的发布比过分配记录 1015 次；挂载之前生效根的分配记录读不出、没比的挂载 0 次
  checker 跑了 1630 次；一个写都没发、沿用上一次结论的 643 步
  I-1.1：判绿 1630 次、不适用 0 次
  I-1.3：判绿 1630 次、不适用 0 次
  I-1.4：判绿 1630 次、不适用 0 次
  I-1.6：判绿 1630 次、不适用 0 次
  I-1.7：判绿 1630 次、不适用 0 次
  I-2.1：判绿 1630 次、不适用 0 次
  I-2.3：判绿 1630 次、不适用 0 次
  I-2.4：判绿 1630 次、不适用 0 次
  I-2.5：判绿 1630 次、不适用 0 次
  I-3.1：判绿 1554 次、不适用 20 次
  I-3.8：判绿 1630 次、不适用 0 次
  I-3.9：判绿 1610 次、不适用 20 次
  I-4.8：判绿 1630 次、不适用 0 次
  I-5.1：判绿 1630 次、不适用 0 次
  I-5.2：判绿 1610 次、不适用 20 次
  I-5.4：判绿 1610 次、不适用 20 次
  I-7.1：判绿 1630 次、不适用 0 次
  I-7.2：判绿 1630 次、不适用 0 次
  I-7.4：判绿 1630 次、不适用 0 次
  I-7.6：判绿 1630 次、不适用 0 次
  I-7.7：判绿 1630 次、不适用 0 次
  I-7.8：判绿 1630 次、不适用 0 次
  I-9.1：判绿 1610 次、不适用 20 次
  I-9.2：判绿 1610 次、不适用 20 次
  I-9.4：判绿 1610 次、不适用 20 次
  I-9.7：判绿 1610 次、不适用 20 次
  I-9.10：判绿 1610 次、不适用 20 次
  I-9.13：判绿 1610 次、不适用 20 次
  I-9.14：判绿 1516 次、不适用 114 次
已知红第 0 条（增补 2 收口表第 ② 行（一次挂载转过一整圈根环时 checker 在合法状态上判 I-3.1 红））：55 段；前几个种子 [(0, Operation(12)), (1, Operation(18)), (3, Operation(22)), (9, Operation(26)), (10, Operation(23)), (19, Operation(19)), (20, Operation(28)), (22, Operation(13))]
已知红第 1 条（增补 2 收口表第 43 行）：1 段；前几个种子 [(4, Operation(17))]
新发现 HarnessJudgement { judgement: "checker 判绿的镜像上冷启动恢复报错" }：第一个种子 2（同签名的种子 [2, 7, 12, 45, 48, 51, 59, 66, 68, 70, 71, 81]），在 Operation(4)（Some(ColdStartRecover)）之后
  执行器判出：checker 判绿的镜像上冷启动恢复报错：ColdStartRecoveryFailedOnCheckerGreenImage { outcome: "Failed(RecoveryFailure::InvariantViolated（I-2.3）)" }
  没收缩（这一档只报种子）：SINGLEFS_RANDOM_HISTORY_SHRINK_SEED=2 跑「收缩一个种子」那条 #[ignore] 用例，或跑大档

note: run with `RUST_BACKTRACE=1` environment variable to display a backtrace
error: test failed, to rerun pass `-p singlefs-harness --test second_transaction_supplement_three_random_history`
