
running 1 test
── 随机历史大档 ──
种子 [0, 48)，每段 30 步，比重：偏向抬 F 之后的复用（第 121 行那一类的取样点）
历史 48 段：跑完 1、以已知红收尾 {}、新发现 47；根环转过一圈的 0 段；最高 txg 13
  操作 PublishFirstFile：Ok 5、Err 1、前提不满足没调 2
  操作 PublishOverwrite：Ok 91、Err 8、前提不满足没调 19
  操作 PublishWithoutUnits：Ok 0、Err 0、前提不满足没调 3
  操作 CloseAndMountWritable：Ok 51、Err 4、前提不满足没调 0
  操作 CloseAndMountRollback：Ok 2、Err 3、前提不满足没调 0
  操作 RaiseRollbackFloor：Ok 0、Err 37、前提不满足没调 4
  操作 ColdStartRecover：Ok 2、Err 0、前提不满足没调 0
  内容长度 0 字节：入口被调 19 次、发成 19 次
  内容长度 [1, 载荷容量 − 2]：入口被调 57 次、发成 56 次
  内容长度 数据单元整宽 32768（装不下）：入口被调 3 次、发成 0 次
  内容长度 载荷容量：入口被调 11 次、发成 11 次
  内容长度 载荷容量 + 1（装不下）：入口被调 5 次、发成 0 次
  内容长度 载荷容量 − 1：入口被调 10 次、发成 10 次
  Err 成员 MountError::InstanceRowsOnVersionWithoutFileUnsupported：4 次
  Err 成员 MountError::RaiseNeedsRewrittenInstanceTableUnitInCurrentVersion：37 次
  Err 成员 MountError::RollbackToVersionWithoutFileUnsupported：3 次
  Err 成员 PublishError::ContentExceedsDataUnit：8 次
  Err 成员 PublishError::FirstFileVersionNotRightAfterTheSecondWarmUp：1 次
  前提不满足（没有可写会话）：26 次
  前提不满足（现行版本带文件）：2 次
  冷启动结局 FileRead：1 次
  冷启动结局 NoFile：1 次
  一次挂载里最多写出 10 条根；一段历史里最多挂载成功 2 次、最多试挂载 7 次
  抬 F 回收到落点 0 次、共回收 0 个落点；复用已释放的记录 0 条（其中跨度变了 0 条）；已释放的记录被罩住起点 0 条、被删 0 条
  挂载写出的发布比过分配记录 108 次；挂载之前生效根的分配记录读不出、没比的挂载 0 次
  checker 跑了 197 次；一个写都没发、沿用上一次结论的 83 步
  I-1.1：判绿 197 次、不适用 0 次
  I-1.3：判绿 197 次、不适用 0 次
  I-1.4：判绿 197 次、不适用 0 次
  I-1.6：判绿 197 次、不适用 0 次
  I-1.7：判绿 197 次、不适用 0 次
  I-2.1：判绿 197 次、不适用 0 次
  I-2.3：判绿 197 次、不适用 0 次
  I-2.4：判绿 197 次、不适用 0 次
  I-2.5：判绿 197 次、不适用 0 次
  I-3.1：判绿 185 次、不适用 12 次
  I-3.8：判绿 197 次、不适用 0 次
  I-3.9：判绿 185 次、不适用 12 次
  I-4.8：判绿 197 次、不适用 0 次
  I-5.1：判绿 197 次、不适用 0 次
  I-5.2：判绿 185 次、不适用 12 次
  I-5.4：判绿 185 次、不适用 12 次
  I-7.1：判绿 197 次、不适用 0 次
  I-7.2：判绿 197 次、不适用 0 次
  I-7.4：判绿 197 次、不适用 0 次
  I-7.6：判绿 197 次、不适用 0 次
  I-7.7：判绿 197 次、不适用 0 次
  I-7.8：判绿 197 次、不适用 0 次
  I-9.1：判绿 185 次、不适用 12 次
  I-9.2：判绿 185 次、不适用 12 次
  I-9.4：判绿 185 次、不适用 12 次
  I-9.7：判绿 185 次、不适用 12 次
  I-9.10：判绿 185 次、不适用 12 次
  I-9.13：判绿 185 次、不适用 12 次
  I-9.14：判绿 138 次、不适用 59 次
已知红第 0 条（增补 2 收口表第 ② 行（一次挂载转过一整圈根环时 checker 在合法状态上判 I-3.1 红））：0 段；前几个种子 []
已知红第 1 条（增补 2 收口表第 43 行）：0 段；前几个种子 []
新发现 HarnessJudgement { judgement: "改写或新增的分配记录的代不是这次发布的 txg" }：第一个种子 0（同签名的种子 [0, 1, 2, 3, 4, 5, 6, 7, 8, 9, 10, 11, 12, 13, 14, 15, 16, 17, 18, 19, 20, 21, 22, 23, 24, 25, 26, 27, 28, 29, 31, 32, 33, 34, 35, 36, 37, 38, 39, 40, 41, 42, 43, 44, 45, 46, 47]），在 Operation(1)（Some(CloseAndMountWritable)）之后
  执行器判出：改写或新增的分配记录的代不是这次发布的 txg：AllocationGenerationIsNotThePublishTxg { records: [AllocationRecord { device: DeviceIdentity(0), slot: SlotNumber(50304), span_slots: 2, generation: CheckpointTxg(4), is_released: false }, AllocationRecord { device: DeviceIdentity(0), slot: SlotNumber(50306), span_slots: 1, generation: CheckpointTxg(4), is_released: false }, AllocationRecord { device: DeviceIdentity(0), slot: SlotNumber(50307), span_slots: 1, generation: CheckpointTxg(4), is_released: false }, AllocationRecord { device: DeviceIdentity(0), slot: SlotNumber(50308), span_slots: 1, generation: CheckpointTxg(4), is_released: false }, AllocationRecord { device: DeviceIdentity(0), slot: SlotNumber(50309), span_slots: 1, generation: CheckpointTxg(4), is_released: false }, AllocationRecord { device: DeviceIdentity(1), slot: SlotNumber(50304), span_slots: 2, generation: CheckpointTxg(4), is_released: false }, AllocationRecord { device: DeviceIdentity(1), slot: SlotNumber(50306), span_slots: 1, generation: CheckpointTxg(4), is_released: false }, AllocationRecord { device: DeviceIdentity(1), slot: SlotNumber(50307), span_slots: 1, generation: CheckpointTxg(4), is_released: false }, AllocationRecord { device: DeviceIdentity(1), slot: SlotNumber(50308), span_slots: 1, generation: CheckpointTxg(4), is_released: false }, AllocationRecord { device: DeviceIdentity(1), slot: SlotNumber(50309), span_slots: 1, generation: CheckpointTxg(4), is_released: false }], first_publish_txg: CheckpointTxg(5), last_publish_txg: CheckpointTxg(5) }
  没收缩（这一档只报种子）：SINGLEFS_RANDOM_HISTORY_SHRINK_SEED=0 跑「收缩一个种子」那条 #[ignore] 用例，或跑大档
每个新发现的种子：[(0, HarnessJudgement { judgement: "改写或新增的分配记录的代不是这次发布的 txg" }), (1, HarnessJudgement { judgement: "改写或新增的分配记录的代不是这次发布的 txg" }), (2, HarnessJudgement { judgement: "改写或新增的分配记录的代不是这次发布的 txg" }), (3, HarnessJudgement { judgement: "改写或新增的分配记录的代不是这次发布的 txg" }), (4, HarnessJudgement { judgement: "改写或新增的分配记录的代不是这次发布的 txg" }), (5, HarnessJudgement { judgement: "改写或新增的分配记录的代不是这次发布的 txg" }), (6, HarnessJudgement { judgement: "改写或新增的分配记录的代不是这次发布的 txg" }), (7, HarnessJudgement { judgement: "改写或新增的分配记录的代不是这次发布的 txg" }), (8, HarnessJudgement { judgement: "改写或新增的分配记录的代不是这次发布的 txg" }), (9, HarnessJudgement { judgement: "改写或新增的分配记录的代不是这次发布的 txg" }), (10, HarnessJudgement { judgement: "改写或新增的分配记录的代不是这次发布的 txg" }), (11, HarnessJudgement { judgement: "改写或新增的分配记录的代不是这次发布的 txg" }), (12, HarnessJudgement { judgement: "改写或新增的分配记录的代不是这次发布的 txg" }), (13, HarnessJudgement { judgement: "改写或新增的分配记录的代不是这次发布的 txg" }), (14, HarnessJudgement { judgement: "改写或新增的分配记录的代不是这次发布的 txg" }), (15, HarnessJudgement { judgement: "改写或新增的分配记录的代不是这次发布的 txg" }), (16, HarnessJudgement { judgement: "改写或新增的分配记录的代不是这次发布的 txg" }), (17, HarnessJudgement { judgement: "改写或新增的分配记录的代不是这次发布的 txg" }), (18, HarnessJudgement { judgement: "改写或新增的分配记录的代不是这次发布的 txg" }), (19, HarnessJudgement { judgement: "改写或新增的分配记录的代不是这次发布的 txg" }), (20, HarnessJudgement { judgement: "改写或新增的分配记录的代不是这次发布的 txg" }), (21, HarnessJudgement { judgement: "改写或新增的分配记录的代不是这次发布的 txg" }), (22, HarnessJudgement { judgement: "改写或新增的分配记录的代不是这次发布的 txg" }), (23, HarnessJudgement { judgement: "改写或新增的分配记录的代不是这次发布的 txg" }), (24, HarnessJudgement { judgement: "改写或新增的分配记录的代不是这次发布的 txg" }), (25, HarnessJudgement { judgement: "改写或新增的分配记录的代不是这次发布的 txg" }), (26, HarnessJudgement { judgement: "改写或新增的分配记录的代不是这次发布的 txg" }), (27, HarnessJudgement { judgement: "改写或新增的分配记录的代不是这次发布的 txg" }), (28, HarnessJudgement { judgement: "改写或新增的分配记录的代不是这次发布的 txg" }), (29, HarnessJudgement { judgement: "改写或新增的分配记录的代不是这次发布的 txg" }), (31, HarnessJudgement { judgement: "改写或新增的分配记录的代不是这次发布的 txg" }), (32, HarnessJudgement { judgement: "改写或新增的分配记录的代不是这次发布的 txg" }), (33, HarnessJudgement { judgement: "改写或新增的分配记录的代不是这次发布的 txg" }), (34, HarnessJudgement { judgement: "改写或新增的分配记录的代不是这次发布的 txg" }), (35, HarnessJudgement { judgement: "改写或新增的分配记录的代不是这次发布的 txg" }), (36, HarnessJudgement { judgement: "改写或新增的分配记录的代不是这次发布的 txg" }), (37, HarnessJudgement { judgement: "改写或新增的分配记录的代不是这次发布的 txg" }), (38, HarnessJudgement { judgement: "改写或新增的分配记录的代不是这次发布的 txg" }), (39, HarnessJudgement { judgement: "改写或新增的分配记录的代不是这次发布的 txg" }), (40, HarnessJudgement { judgement: "改写或新增的分配记录的代不是这次发布的 txg" }), (41, HarnessJudgement { judgement: "改写或新增的分配记录的代不是这次发布的 txg" }), (42, HarnessJudgement { judgement: "改写或新增的分配记录的代不是这次发布的 txg" }), (43, HarnessJudgement { judgement: "改写或新增的分配记录的代不是这次发布的 txg" }), (44, HarnessJudgement { judgement: "改写或新增的分配记录的代不是这次发布的 txg" }), (45, HarnessJudgement { judgement: "改写或新增的分配记录的代不是这次发布的 txg" }), (46, HarnessJudgement { judgement: "改写或新增的分配记录的代不是这次发布的 txg" }), (47, HarnessJudgement { judgement: "改写或新增的分配记录的代不是这次发布的 txg" })]
用时 0.3 秒
test random_histories_large_tier_seeds_and_length_from_the_environment ... FAILED

failures:

failures:
    random_histories_large_tier_seeds_and_length_from_the_environment

test result: FAILED. 0 passed; 1 failed; 0 ignored; 0 measured; 8 filtered out; finished in 0.27s

    Finished `release` profile [optimized + debuginfo] target(s) in 0.00s
     Running tests/second_transaction_supplement_three_random_history.rs (target/release/deps/second_transaction_supplement_three_random_history-febc0246c8ac82b5)

thread 'random_histories_large_tier_seeds_and_length_from_the_environment' (3669275) panicked at crates/singlefs-harness/tests/second_transaction_supplement_three_random_history.rs:523:5:
「已知红」清单外的失败：
种子 [0, 48)，每段 30 步，比重：偏向抬 F 之后的复用（第 121 行那一类的取样点）
历史 48 段：跑完 1、以已知红收尾 {}、新发现 47；根环转过一圈的 0 段；最高 txg 13
  操作 PublishFirstFile：Ok 5、Err 1、前提不满足没调 2
  操作 PublishOverwrite：Ok 91、Err 8、前提不满足没调 19
  操作 PublishWithoutUnits：Ok 0、Err 0、前提不满足没调 3
  操作 CloseAndMountWritable：Ok 51、Err 4、前提不满足没调 0
  操作 CloseAndMountRollback：Ok 2、Err 3、前提不满足没调 0
  操作 RaiseRollbackFloor：Ok 0、Err 37、前提不满足没调 4
  操作 ColdStartRecover：Ok 2、Err 0、前提不满足没调 0
  内容长度 0 字节：入口被调 19 次、发成 19 次
  内容长度 [1, 载荷容量 − 2]：入口被调 57 次、发成 56 次
  内容长度 数据单元整宽 32768（装不下）：入口被调 3 次、发成 0 次
  内容长度 载荷容量：入口被调 11 次、发成 11 次
  内容长度 载荷容量 + 1（装不下）：入口被调 5 次、发成 0 次
  内容长度 载荷容量 − 1：入口被调 10 次、发成 10 次
  Err 成员 MountError::InstanceRowsOnVersionWithoutFileUnsupported：4 次
  Err 成员 MountError::RaiseNeedsRewrittenInstanceTableUnitInCurrentVersion：37 次
  Err 成员 MountError::RollbackToVersionWithoutFileUnsupported：3 次
  Err 成员 PublishError::ContentExceedsDataUnit：8 次
  Err 成员 PublishError::FirstFileVersionNotRightAfterTheSecondWarmUp：1 次
  前提不满足（没有可写会话）：26 次
  前提不满足（现行版本带文件）：2 次
  冷启动结局 FileRead：1 次
  冷启动结局 NoFile：1 次
  一次挂载里最多写出 10 条根；一段历史里最多挂载成功 2 次、最多试挂载 7 次
  抬 F 回收到落点 0 次、共回收 0 个落点；复用已释放的记录 0 条（其中跨度变了 0 条）；已释放的记录被罩住起点 0 条、被删 0 条
  挂载写出的发布比过分配记录 108 次；挂载之前生效根的分配记录读不出、没比的挂载 0 次
  checker 跑了 197 次；一个写都没发、沿用上一次结论的 83 步
  I-1.1：判绿 197 次、不适用 0 次
  I-1.3：判绿 197 次、不适用 0 次
  I-1.4：判绿 197 次、不适用 0 次
  I-1.6：判绿 197 次、不适用 0 次
  I-1.7：判绿 197 次、不适用 0 次
  I-2.1：判绿 197 次、不适用 0 次
  I-2.3：判绿 197 次、不适用 0 次
  I-2.4：判绿 197 次、不适用 0 次
  I-2.5：判绿 197 次、不适用 0 次
  I-3.1：判绿 185 次、不适用 12 次
  I-3.8：判绿 197 次、不适用 0 次
  I-3.9：判绿 185 次、不适用 12 次
  I-4.8：判绿 197 次、不适用 0 次
  I-5.1：判绿 197 次、不适用 0 次
  I-5.2：判绿 185 次、不适用 12 次
  I-5.4：判绿 185 次、不适用 12 次
  I-7.1：判绿 197 次、不适用 0 次
  I-7.2：判绿 197 次、不适用 0 次
  I-7.4：判绿 197 次、不适用 0 次
  I-7.6：判绿 197 次、不适用 0 次
  I-7.7：判绿 197 次、不适用 0 次
  I-7.8：判绿 197 次、不适用 0 次
  I-9.1：判绿 185 次、不适用 12 次
  I-9.2：判绿 185 次、不适用 12 次
  I-9.4：判绿 185 次、不适用 12 次
  I-9.7：判绿 185 次、不适用 12 次
  I-9.10：判绿 185 次、不适用 12 次
  I-9.13：判绿 185 次、不适用 12 次
  I-9.14：判绿 138 次、不适用 59 次
已知红第 0 条（增补 2 收口表第 ② 行（一次挂载转过一整圈根环时 checker 在合法状态上判 I-3.1 红））：0 段；前几个种子 []
已知红第 1 条（增补 2 收口表第 43 行）：0 段；前几个种子 []
新发现 HarnessJudgement { judgement: "改写或新增的分配记录的代不是这次发布的 txg" }：第一个种子 0（同签名的种子 [0, 1, 2, 3, 4, 5, 6, 7, 8, 9, 10, 11, 12, 13, 14, 15, 16, 17, 18, 19, 20, 21, 22, 23, 24, 25, 26, 27, 28, 29, 31, 32, 33, 34, 35, 36, 37, 38, 39, 40, 41, 42, 43, 44, 45, 46, 47]），在 Operation(1)（Some(CloseAndMountWritable)）之后
  执行器判出：改写或新增的分配记录的代不是这次发布的 txg：AllocationGenerationIsNotThePublishTxg { records: [AllocationRecord { device: DeviceIdentity(0), slot: SlotNumber(50304), span_slots: 2, generation: CheckpointTxg(4), is_released: false }, AllocationRecord { device: DeviceIdentity(0), slot: SlotNumber(50306), span_slots: 1, generation: CheckpointTxg(4), is_released: false }, AllocationRecord { device: DeviceIdentity(0), slot: SlotNumber(50307), span_slots: 1, generation: CheckpointTxg(4), is_released: false }, AllocationRecord { device: DeviceIdentity(0), slot: SlotNumber(50308), span_slots: 1, generation: CheckpointTxg(4), is_released: false }, AllocationRecord { device: DeviceIdentity(0), slot: SlotNumber(50309), span_slots: 1, generation: CheckpointTxg(4), is_released: false }, AllocationRecord { device: DeviceIdentity(1), slot: SlotNumber(50304), span_slots: 2, generation: CheckpointTxg(4), is_released: false }, AllocationRecord { device: DeviceIdentity(1), slot: SlotNumber(50306), span_slots: 1, generation: CheckpointTxg(4), is_released: false }, AllocationRecord { device: DeviceIdentity(1), slot: SlotNumber(50307), span_slots: 1, generation: CheckpointTxg(4), is_released: false }, AllocationRecord { device: DeviceIdentity(1), slot: SlotNumber(50308), span_slots: 1, generation: CheckpointTxg(4), is_released: false }, AllocationRecord { device: DeviceIdentity(1), slot: SlotNumber(50309), span_slots: 1, generation: CheckpointTxg(4), is_released: false }], first_publish_txg: CheckpointTxg(5), last_publish_txg: CheckpointTxg(5) }
  没收缩（这一档只报种子）：SINGLEFS_RANDOM_HISTORY_SHRINK_SEED=0 跑「收缩一个种子」那条 #[ignore] 用例，或跑大档

note: run with `RUST_BACKTRACE=1` environment variable to display a backtrace
error: test failed, to rerun pass `-p singlefs-harness --test second_transaction_supplement_three_random_history`
