现场：research/results/e142-first-txn-dry-run-2026-09-23-decisions-catchup.out；第八节点名的 .rs 4 份
无                            | 47 --selftest 退 0 | 样本自检退 0（判错 0 条）| 埋错「无」：原脚本 52 号退 0，变异后 52 号退 0
M0 main 不传退出码（第一轮的变异） | 47 --selftest 退 0 | 样本自检退 1（判错 1 条）| 埋错「普通发布段序列」：原脚本 52 号退 1，变异后 52 号退 0
M1 产物行不比种类       | 47 --selftest 退 0 | 样本自检退 0（判错 0 条）| 埋错「取号行种类」：原脚本 52 号退 1，变异后 52 号退 0
M2 产物行不比操作数    | 47 --selftest 退 0 | 样本自检退 0（判错 0 条）| 埋错「取号行操作数」：原脚本 52 号退 1，变异后 52 号退 0
M3 产物行不比状态数    | 47 --selftest 退 0 | 样本自检退 0（判错 0 条）| 埋错「取号行状态数」：原脚本 52 号退 1，变异后 52 号退 0
M4 不比整条流那句       | 47 --selftest 退 0 | 样本自检退 1（判错 1 条）| 埋错「整条流状态数」：原脚本 52 号退 1，变异后 52 号退 0
M5 产物里没有这条 path 就跳过 | 47 --selftest 退 0 | 样本自检退 0（判错 0 条）| 埋错「产物缺取号行」：原脚本 52 号退 1，变异后 52 号退 0
M6 没写种类也放过       | 47 --selftest 退 0 | 样本自检退 0（判错 0 条）| 埋错「取号行没写种类」：原脚本 52 号退 1，变异后 52 号退 1
M7 只比第一行与整条流 | 47 --selftest 退 0 | 样本自检退 0（判错 0 条）| 埋错「普通发布段序列」：原脚本 52 号退 1，变异后 52 号退 0
M8 产物行不比段序列    | 47 --selftest 退 0 | 样本自检退 1（判错 3 条）| 埋错「普通发布段序列」：原脚本 52 号退 1，变异后 52 号退 0

== 改法：乙形态的红样本改成五行、每行一种错（段序列 / 种类 / 操作数 / 状态数 / 产物里没有这条 path）
  无                            | 改过的样本自检退 0（判错 0 条）
  M0 main 不传退出码（第一轮的变异） | 改过的样本自检退 1（判错 1 条）
  M1 产物行不比种类       | 改过的样本自检退 1（判错 2 条）
  M2 产物行不比操作数    | 改过的样本自检退 1（判错 2 条）
  M3 产物行不比状态数    | 改过的样本自检退 1（判错 2 条）
  M4 不比整条流那句       | 改过的样本自检退 1（判错 1 条）
  M5 产物里没有这条 path 就跳过 | 改过的样本自检退 1（判错 2 条）
  M7 只比第一行与整条流 | 改过的样本自检退 1（判错 5 条）
  M8 产物行不比段序列    | 改过的样本自检退 1（判错 2 条）
