B1 std random_histories_fast_tier exit=101 历史 96 段：跑完 29、以已知红收尾 {0: 20}、新发现 47；根环转过一圈的 24 段；最高 txg 36
B1 std reuse_heavy_random_histories_cover_released_records_and exit=101 历史 48 段：跑完 3、以已知红收尾 {0: 9}、新发现 36；根环转过一圈的 15 段；最高 txg 32
B1 std rollback_heavy_random_histories_reach_the_floor_root_and exit=101 历史 48 段：跑完 22、以已知红收尾 {0: 4}、新发现 22；根环转过一圈的 5 段；最高 txg 32
B1 noharness random_histories_fast_tier exit=101 历史 96 段：跑完 29、以已知红收尾 {0: 20}、新发现 47；根环转过一圈的 24 段；最高 txg 36
B1 noharness reuse_heavy_random_histories_cover_released_records_and exit=101 历史 48 段：跑完 3、以已知红收尾 {0: 9}、新发现 36；根环转过一圈的 15 段；最高 txg 32
B1 noharness rollback_heavy_random_histories_reach_the_floor_root_and exit=101 历史 48 段：跑完 22、以已知红收尾 {0: 4}、新发现 22；根环转过一圈的 5 段；最高 txg 32
B1 modelonly random_histories_fast_tier exit=101 历史 96 段：跑完 45、以已知红收尾 {}、新发现 51；根环转过一圈的 24 段；最高 txg 46
B1 modelonly reuse_heavy_random_histories_cover_released_records_and exit=101 历史 48 段：跑完 9、以已知红收尾 {}、新发现 39；根环转过一圈的 15 段；最高 txg 46
B1 modelonly rollback_heavy_random_histories_reach_the_floor_root_and exit=101 历史 48 段：跑完 26、以已知红收尾 {}、新发现 22；根环转过一圈的 5 段；最高 txg 44
B2 std random_histories_fast_tier exit=101 历史 96 段：跑完 25、以已知红收尾 {0: 43, 1: 1}、新发现 27；根环转过一圈的 55 段；最高 txg 37
B2 std reuse_heavy_random_histories_cover_released_records_and exit=101 历史 48 段：跑完 19、以已知红收尾 {0: 26, 1: 1}、新发现 2；根环转过一圈的 43 段；最高 txg 41
B2 std rollback_heavy_random_histories_reach_the_floor_root_and exit=101 历史 48 段：跑完 0、以已知红收尾 {}、新发现 48；根环转过一圈的 0 段；最高 txg 23
B2 noharness random_histories_fast_tier exit=101 历史 96 段：跑完 25、以已知红收尾 {0: 43, 1: 1}、新发现 27；根环转过一圈的 55 段；最高 txg 37
B2 noharness reuse_heavy_random_histories_cover_released_records_and exit=101 历史 48 段：跑完 19、以已知红收尾 {0: 26, 1: 1}、新发现 2；根环转过一圈的 43 段；最高 txg 41
B2 noharness rollback_heavy_random_histories_reach_the_floor_root_and exit=101 历史 48 段：跑完 0、以已知红收尾 {}、新发现 48；根环转过一圈的 0 段；最高 txg 23
B2 modelonly random_histories_fast_tier exit=101 历史 96 段：跑完 69、以已知红收尾 {}、新发现 27；根环转过一圈的 56 段；最高 txg 47
B2 modelonly reuse_heavy_random_histories_cover_released_records_and exit=101 历史 48 段：跑完 46、以已知红收尾 {}、新发现 2；根环转过一圈的 44 段；最高 txg 56
B2 modelonly rollback_heavy_random_histories_reach_the_floor_root_and exit=101 历史 48 段：跑完 0、以已知红收尾 {}、新发现 48；根环转过一圈的 0 段；最高 txg 23
B3 std random_histories_fast_tier exit=101 历史 96 段：跑完 25、以已知红收尾 {0: 6}、新发现 65；根环转过一圈的 9 段；最高 txg 26
B3 std reuse_heavy_random_histories_cover_released_records_and exit=101 历史 48 段：跑完 1、以已知红收尾 {0: 1}、新发现 46；根环转过一圈的 1 段；最高 txg 28
B3 std rollback_heavy_random_histories_reach_the_floor_root_and exit=101 历史 48 段：跑完 10、以已知红收尾 {}、新发现 38；根环转过一圈的 1 段；最高 txg 28
B3 noharness random_histories_fast_tier exit=101 历史 96 段：跑完 25、以已知红收尾 {0: 6}、新发现 65；根环转过一圈的 9 段；最高 txg 26
B3 noharness reuse_heavy_random_histories_cover_released_records_and exit=101 历史 48 段：跑完 1、以已知红收尾 {0: 1}、新发现 46；根环转过一圈的 1 段；最高 txg 28
B3 noharness rollback_heavy_random_histories_reach_the_floor_root_and exit=101 历史 48 段：跑完 10、以已知红收尾 {}、新发现 38；根环转过一圈的 1 段；最高 txg 28
B3 modelonly random_histories_fast_tier exit=101 历史 96 段：跑完 29、以已知红收尾 {}、新发现 67；根环转过一圈的 9 段；最高 txg 34
B3 modelonly reuse_heavy_random_histories_cover_released_records_and exit=101 历史 48 段：跑完 1、以已知红收尾 {}、新发现 47；根环转过一圈的 1 段；最高 txg 34
B3 modelonly rollback_heavy_random_histories_reach_the_floor_root_and exit=101 历史 48 段：跑完 10、以已知红收尾 {}、新发现 38；根环转过一圈的 1 段；最高 txg 28
B5 std random_histories_fast_tier exit=101 历史 96 段：跑完 26、以已知红收尾 {0: 7}、新发现 63；根环转过一圈的 9 段；最高 txg 36
B5 std reuse_heavy_random_histories_cover_released_records_and exit=101 历史 48 段：跑完 1、以已知红收尾 {0: 1, 1: 1}、新发现 45；根环转过一圈的 1 段；最高 txg 28
B5 std rollback_heavy_random_histories_reach_the_floor_root_and exit=101 历史 48 段：跑完 10、以已知红收尾 {}、新发现 38；根环转过一圈的 1 段；最高 txg 28
B5 noharness random_histories_fast_tier exit=101 历史 96 段：跑完 26、以已知红收尾 {0: 7}、新发现 63；根环转过一圈的 9 段；最高 txg 36
B5 noharness reuse_heavy_random_histories_cover_released_records_and exit=101 历史 48 段：跑完 1、以已知红收尾 {0: 1, 1: 1}、新发现 45；根环转过一圈的 1 段；最高 txg 28
B5 noharness rollback_heavy_random_histories_reach_the_floor_root_and exit=101 历史 48 段：跑完 10、以已知红收尾 {}、新发现 38；根环转过一圈的 1 段；最高 txg 28
B5 modelonly random_histories_fast_tier exit=101 历史 96 段：跑完 30、以已知红收尾 {}、新发现 66；根环转过一圈的 9 段；最高 txg 36
B5 modelonly reuse_heavy_random_histories_cover_released_records_and exit=101 历史 48 段：跑完 1、以已知红收尾 {}、新发现 47；根环转过一圈的 2 段；最高 txg 34
B5 modelonly rollback_heavy_random_histories_reach_the_floor_root_and exit=101 历史 48 段：跑完 10、以已知红收尾 {}、新发现 38；根环转过一圈的 1 段；最高 txg 28
B6 std random_histories_fast_tier exit=101 历史 96 段：跑完 32、以已知红收尾 {0: 18, 1: 1}、新发现 45；根环转过一圈的 23 段；最高 txg 37
B6 std reuse_heavy_random_histories_cover_released_records_and exit=101 历史 48 段：跑完 17、以已知红收尾 {0: 26, 1: 1}、新发现 4；根环转过一圈的 41 段；最高 txg 41
B6 std rollback_heavy_random_histories_reach_the_floor_root_and exit=101 历史 48 段：跑完 30、以已知红收尾 {0: 4}、新发现 14；根环转过一圈的 5 段；最高 txg 31
B6 noharness random_histories_fast_tier exit=101 历史 96 段：跑完 32、以已知红收尾 {0: 18, 1: 1}、新发现 45；根环转过一圈的 23 段；最高 txg 37
B6 noharness reuse_heavy_random_histories_cover_released_records_and exit=101 历史 48 段：跑完 17、以已知红收尾 {0: 26, 1: 1}、新发现 4；根环转过一圈的 41 段；最高 txg 41
B6 noharness rollback_heavy_random_histories_reach_the_floor_root_and exit=101 历史 48 段：跑完 30、以已知红收尾 {0: 4}、新发现 14；根环转过一圈的 5 段；最高 txg 31
B6 modelonly random_histories_fast_tier exit=101 历史 96 段：跑完 49、以已知红收尾 {}、新发现 47；根环转过一圈的 24 段；最高 txg 47
B6 modelonly reuse_heavy_random_histories_cover_released_records_and exit=101 历史 48 段：跑完 40、以已知红收尾 {}、新发现 8；根环转过一圈的 42 段；最高 txg 52
B6 modelonly rollback_heavy_random_histories_reach_the_floor_root_and exit=101 历史 48 段：跑完 34、以已知红收尾 {}、新发现 14；根环转过一圈的 5 段；最高 txg 42
N2 std random_histories_fast_tier exit=101 历史 96 段：跑完 33、以已知红收尾 {0: 44, 1: 1}、新发现 18；根环转过一圈的 49 段；最高 txg 29
N2 std reuse_heavy_random_histories_cover_released_records_and exit=101 历史 48 段：跑完 2、以已知红收尾 {0: 17, 1: 1}、新发现 28；根环转过一圈的 27 段；最高 txg 28
N2 std rollback_heavy_random_histories_reach_the_floor_root_and exit=101 历史 48 段：跑完 35、以已知红收尾 {0: 6}、新发现 7；根环转过一圈的 8 段；最高 txg 28
N2 noharness random_histories_fast_tier exit=101 历史 96 段：跑完 33、以已知红收尾 {0: 44, 1: 1}、新发现 18；根环转过一圈的 49 段；最高 txg 29
N2 noharness reuse_heavy_random_histories_cover_released_records_and exit=101 历史 48 段：跑完 2、以已知红收尾 {0: 17, 1: 1}、新发现 28；根环转过一圈的 27 段；最高 txg 28
N2 noharness rollback_heavy_random_histories_reach_the_floor_root_and exit=101 历史 48 段：跑完 35、以已知红收尾 {0: 6}、新发现 7；根环转过一圈的 8 段；最高 txg 28
N2 modelonly random_histories_fast_tier exit=101 历史 96 段：跑完 54、以已知红收尾 {}、新发现 42；根环转过一圈的 49 段；最高 txg 47
N2 modelonly reuse_heavy_random_histories_cover_released_records_and exit=101 历史 48 段：跑完 4、以已知红收尾 {}、新发现 44；根环转过一圈的 27 段；最高 txg 37
N2 modelonly rollback_heavy_random_histories_reach_the_floor_root_and exit=101 历史 48 段：跑完 36、以已知红收尾 {}、新发现 12；根环转过一圈的 8 段；最高 txg 38
A1 std random_histories_fast_tier exit=101 历史 96 段：跑完 33、以已知红收尾 {0: 45, 1: 1}、新发现 17；根环转过一圈的 46 段；最高 txg 28
A1 std reuse_heavy_random_histories_cover_released_records_and exit=101 历史 48 段：跑完 2、以已知红收尾 {0: 21, 1: 1}、新发现 24；根环转过一圈的 21 段；最高 txg 28
A1 std rollback_heavy_random_histories_reach_the_floor_root_and exit=101 历史 48 段：跑完 32、以已知红收尾 {0: 6}、新发现 10；根环转过一圈的 6 段；最高 txg 28
A1 noharness random_histories_fast_tier exit=101 历史 96 段：跑完 33、以已知红收尾 {0: 45, 1: 1}、新发现 17；根环转过一圈的 46 段；最高 txg 28
A1 noharness reuse_heavy_random_histories_cover_released_records_and exit=101 历史 48 段：跑完 2、以已知红收尾 {0: 21, 1: 1}、新发现 24；根环转过一圈的 21 段；最高 txg 28
A1 noharness rollback_heavy_random_histories_reach_the_floor_root_and exit=101 历史 48 段：跑完 32、以已知红收尾 {0: 6}、新发现 10；根环转过一圈的 6 段；最高 txg 28
A1 modelonly random_histories_fast_tier exit=0 历史 96 段：跑完 96、以已知红收尾 {}、新发现 0；根环转过一圈的 63 段；最高 txg 47
A1 modelonly reuse_heavy_random_histories_cover_released_records_and exit=0 历史 48 段：跑完 48、以已知红收尾 {}、新发现 0；根环转过一圈的 46 段；最高 txg 56
A1 modelonly rollback_heavy_random_histories_reach_the_floor_root_and exit=0 历史 48 段：跑完 48、以已知红收尾 {}、新发现 0；根环转过一圈的 10 段；最高 txg 46
A2 std random_histories_fast_tier exit=101 历史 96 段：跑完 33、以已知红收尾 {0: 45, 1: 1}、新发现 17；根环转过一圈的 46 段；最高 txg 28
A2 std reuse_heavy_random_histories_cover_released_records_and exit=101 历史 48 段：跑完 2、以已知红收尾 {0: 21, 1: 1}、新发现 24；根环转过一圈的 21 段；最高 txg 28
A2 std rollback_heavy_random_histories_reach_the_floor_root_and exit=101 历史 48 段：跑完 32、以已知红收尾 {0: 6}、新发现 10；根环转过一圈的 6 段；最高 txg 28
A2 noharness random_histories_fast_tier exit=101 历史 96 段：跑完 33、以已知红收尾 {0: 45, 1: 1}、新发现 17；根环转过一圈的 46 段；最高 txg 28
A2 noharness reuse_heavy_random_histories_cover_released_records_and exit=101 历史 48 段：跑完 2、以已知红收尾 {0: 21, 1: 1}、新发现 24；根环转过一圈的 21 段；最高 txg 28
A2 noharness rollback_heavy_random_histories_reach_the_floor_root_and exit=101 历史 48 段：跑完 32、以已知红收尾 {0: 6}、新发现 10；根环转过一圈的 6 段；最高 txg 28
A2 modelonly random_histories_fast_tier exit=0 历史 96 段：跑完 96、以已知红收尾 {}、新发现 0；根环转过一圈的 63 段；最高 txg 47
A2 modelonly reuse_heavy_random_histories_cover_released_records_and exit=0 历史 48 段：跑完 48、以已知红收尾 {}、新发现 0；根环转过一圈的 46 段；最高 txg 56
A2 modelonly rollback_heavy_random_histories_reach_the_floor_root_and exit=0 历史 48 段：跑完 48、以已知红收尾 {}、新发现 0；根环转过一圈的 10 段；最高 txg 46
A3 std random_histories_fast_tier exit=0 历史 96 段：跑完 45、以已知红收尾 {0: 50, 1: 1}、新发现 0；根环转过一圈的 62 段；最高 txg 37
A3 std reuse_heavy_random_histories_cover_released_records_and exit=0 历史 48 段：跑完 20、以已知红收尾 {0: 27, 1: 1}、新发现 0；根环转过一圈的 45 段；最高 txg 41
A3 std rollback_heavy_random_histories_reach_the_floor_root_and exit=0 历史 48 段：跑完 39、以已知红收尾 {0: 9}、新发现 0；根环转过一圈的 10 段；最高 txg 32
A3 noharness random_histories_fast_tier exit=0 历史 96 段：跑完 45、以已知红收尾 {0: 50, 1: 1}、新发现 0；根环转过一圈的 62 段；最高 txg 37
A3 noharness reuse_heavy_random_histories_cover_released_records_and exit=0 历史 48 段：跑完 20、以已知红收尾 {0: 27, 1: 1}、新发现 0；根环转过一圈的 45 段；最高 txg 41
A3 noharness rollback_heavy_random_histories_reach_the_floor_root_and exit=0 历史 48 段：跑完 39、以已知红收尾 {0: 9}、新发现 0；根环转过一圈的 10 段；最高 txg 32
A3 modelonly random_histories_fast_tier exit=0 历史 96 段：跑完 96、以已知红收尾 {}、新发现 0；根环转过一圈的 63 段；最高 txg 47
A3 modelonly reuse_heavy_random_histories_cover_released_records_and exit=0 历史 48 段：跑完 48、以已知红收尾 {}、新发现 0；根环转过一圈的 46 段；最高 txg 56
A3 modelonly rollback_heavy_random_histories_reach_the_floor_root_and exit=0 历史 48 段：跑完 48、以已知红收尾 {}、新发现 0；根环转过一圈的 10 段；最高 txg 46
A4 std random_histories_fast_tier exit=0 历史 96 段：跑完 45、以已知红收尾 {0: 50, 1: 1}、新发现 0；根环转过一圈的 62 段；最高 txg 37
A4 std reuse_heavy_random_histories_cover_released_records_and exit=0 历史 48 段：跑完 20、以已知红收尾 {0: 27, 1: 1}、新发现 0；根环转过一圈的 45 段；最高 txg 41
A4 std rollback_heavy_random_histories_reach_the_floor_root_and exit=0 历史 48 段：跑完 39、以已知红收尾 {0: 9}、新发现 0；根环转过一圈的 10 段；最高 txg 32
A4 noharness random_histories_fast_tier exit=0 历史 96 段：跑完 45、以已知红收尾 {0: 50, 1: 1}、新发现 0；根环转过一圈的 62 段；最高 txg 37
A4 noharness reuse_heavy_random_histories_cover_released_records_and exit=0 历史 48 段：跑完 20、以已知红收尾 {0: 27, 1: 1}、新发现 0；根环转过一圈的 45 段；最高 txg 41
A4 noharness rollback_heavy_random_histories_reach_the_floor_root_and exit=0 历史 48 段：跑完 39、以已知红收尾 {0: 9}、新发现 0；根环转过一圈的 10 段；最高 txg 32
A4 modelonly random_histories_fast_tier exit=0 历史 96 段：跑完 96、以已知红收尾 {}、新发现 0；根环转过一圈的 63 段；最高 txg 47
A4 modelonly reuse_heavy_random_histories_cover_released_records_and exit=0 历史 48 段：跑完 48、以已知红收尾 {}、新发现 0；根环转过一圈的 46 段；最高 txg 56
A4 modelonly rollback_heavy_random_histories_reach_the_floor_root_and exit=0 历史 48 段：跑完 48、以已知红收尾 {}、新发现 0；根环转过一圈的 10 段；最高 txg 46
A8 std random_histories_fast_tier exit=101 历史 96 段：跑完 33、以已知红收尾 {0: 45, 1: 1}、新发现 17；根环转过一圈的 46 段；最高 txg 28
A8 std reuse_heavy_random_histories_cover_released_records_and exit=101 历史 48 段：跑完 2、以已知红收尾 {0: 21, 1: 1}、新发现 24；根环转过一圈的 21 段；最高 txg 28
A8 std rollback_heavy_random_histories_reach_the_floor_root_and exit=101 历史 48 段：跑完 32、以已知红收尾 {0: 6}、新发现 10；根环转过一圈的 6 段；最高 txg 28
A8 noharness random_histories_fast_tier exit=101 历史 96 段：跑完 33、以已知红收尾 {0: 45, 1: 1}、新发现 17；根环转过一圈的 46 段；最高 txg 28
A8 noharness reuse_heavy_random_histories_cover_released_records_and exit=101 历史 48 段：跑完 2、以已知红收尾 {0: 21, 1: 1}、新发现 24；根环转过一圈的 21 段；最高 txg 28
A8 noharness rollback_heavy_random_histories_reach_the_floor_root_and exit=101 历史 48 段：跑完 32、以已知红收尾 {0: 6}、新发现 10；根环转过一圈的 6 段；最高 txg 28
A8 modelonly random_histories_fast_tier exit=101 历史 96 段：跑完 96、以已知红收尾 {}、新发现 0；根环转过一圈的 63 段；最高 txg 47
A8 modelonly reuse_heavy_random_histories_cover_released_records_and exit=0 历史 48 段：跑完 48、以已知红收尾 {}、新发现 0；根环转过一圈的 46 段；最高 txg 56
A8 modelonly rollback_heavy_random_histories_reach_the_floor_root_and exit=0 历史 48 段：跑完 48、以已知红收尾 {}、新发现 0；根环转过一圈的 10 段；最高 txg 46
N1 std random_histories_fast_tier exit=101 历史 96 段：跑完 35、以已知红收尾 {0: 44, 1: 1}、新发现 16；根环转过一圈的 54 段；最高 txg 32
N1 std reuse_heavy_random_histories_cover_released_records_and exit=101 历史 48 段：跑完 3、以已知红收尾 {0: 19, 1: 1}、新发现 25；根环转过一圈的 31 段；最高 txg 31
N1 std rollback_heavy_random_histories_reach_the_floor_root_and exit=101 历史 48 段：跑完 37、以已知红收尾 {0: 7}、新发现 4；根环转过一圈的 8 段；最高 txg 31
N1 noharness random_histories_fast_tier exit=101 历史 96 段：跑完 35、以已知红收尾 {0: 44, 1: 1}、新发现 16；根环转过一圈的 54 段；最高 txg 32
N1 noharness reuse_heavy_random_histories_cover_released_records_and exit=101 历史 48 段：跑完 3、以已知红收尾 {0: 19, 1: 1}、新发现 25；根环转过一圈的 31 段；最高 txg 31
N1 noharness rollback_heavy_random_histories_reach_the_floor_root_and exit=101 历史 48 段：跑完 37、以已知红收尾 {0: 7}、新发现 4；根环转过一圈的 8 段；最高 txg 31
N1 modelonly random_histories_fast_tier exit=101 历史 96 段：跑完 65、以已知红收尾 {}、新发现 31；根环转过一圈的 55 段；最高 txg 47
N1 modelonly reuse_heavy_random_histories_cover_released_records_and exit=101 历史 48 段：跑完 9、以已知红收尾 {}、新发现 39；根环转过一圈的 33 段；最高 txg 43
N1 modelonly rollback_heavy_random_histories_reach_the_floor_root_and exit=101 历史 48 段：跑完 42、以已知红收尾 {}、新发现 6；根环转过一圈的 8 段；最高 txg 44
N3 std random_histories_fast_tier exit=101 历史 96 段：跑完 33、以已知红收尾 {0: 44, 1: 1}、新发现 18；根环转过一圈的 48 段；最高 txg 29
N3 std reuse_heavy_random_histories_cover_released_records_and exit=101 历史 48 段：跑完 2、以已知红收尾 {0: 17, 1: 1}、新发现 28；根环转过一圈的 27 段；最高 txg 28
N3 std rollback_heavy_random_histories_reach_the_floor_root_and exit=101 历史 48 段：跑完 35、以已知红收尾 {0: 6}、新发现 7；根环转过一圈的 7 段；最高 txg 28
N3 noharness random_histories_fast_tier exit=101 历史 96 段：跑完 33、以已知红收尾 {0: 44, 1: 1}、新发现 18；根环转过一圈的 48 段；最高 txg 29
N3 noharness reuse_heavy_random_histories_cover_released_records_and exit=101 历史 48 段：跑完 2、以已知红收尾 {0: 17, 1: 1}、新发现 28；根环转过一圈的 27 段；最高 txg 28
N3 noharness rollback_heavy_random_histories_reach_the_floor_root_and exit=101 历史 48 段：跑完 35、以已知红收尾 {0: 6}、新发现 7；根环转过一圈的 7 段；最高 txg 28
N3 modelonly random_histories_fast_tier exit=101 历史 96 段：跑完 54、以已知红收尾 {}、新发现 42；根环转过一圈的 48 段；最高 txg 47
N3 modelonly reuse_heavy_random_histories_cover_released_records_and exit=101 历史 48 段：跑完 4、以已知红收尾 {}、新发现 44；根环转过一圈的 27 段；最高 txg 37
N3 modelonly rollback_heavy_random_histories_reach_the_floor_root_and exit=101 历史 48 段：跑完 36、以已知红收尾 {}、新发现 12；根环转过一圈的 7 段；最高 txg 38
N4 std random_histories_fast_tier exit=101 历史 96 段：跑完 40、以已知红收尾 {0: 46, 1: 1}、新发现 9；根环转过一圈的 58 段；最高 txg 32
N4 std reuse_heavy_random_histories_cover_released_records_and exit=101 历史 48 段：跑完 8、以已知红收尾 {0: 23, 1: 1}、新发现 16；根环转过一圈的 38 段；最高 txg 35
N4 std rollback_heavy_random_histories_reach_the_floor_root_and exit=101 历史 48 段：跑完 38、以已知红收尾 {0: 8}、新发现 2；根环转过一圈的 9 段；最高 txg 32
N4 noharness random_histories_fast_tier exit=101 历史 96 段：跑完 40、以已知红收尾 {0: 46, 1: 1}、新发现 9；根环转过一圈的 58 段；最高 txg 32
N4 noharness reuse_heavy_random_histories_cover_released_records_and exit=101 历史 48 段：跑完 8、以已知红收尾 {0: 23, 1: 1}、新发现 16；根环转过一圈的 38 段；最高 txg 35
N4 noharness rollback_heavy_random_histories_reach_the_floor_root_and exit=101 历史 48 段：跑完 38、以已知红收尾 {0: 8}、新发现 2；根环转过一圈的 9 段；最高 txg 32
N4 modelonly random_histories_fast_tier exit=101 历史 96 段：跑完 73、以已知红收尾 {}、新发现 23；根环转过一圈的 59 段；最高 txg 47
N4 modelonly reuse_heavy_random_histories_cover_released_records_and exit=101 历史 48 段：跑完 15、以已知红收尾 {}、新发现 33；根环转过一圈的 39 段；最高 txg 38
N4 modelonly rollback_heavy_random_histories_reach_the_floor_root_and exit=101 历史 48 段：跑完 44、以已知红收尾 {}、新发现 4；根环转过一圈的 9 段；最高 txg 44
N5 std random_histories_fast_tier exit=0 历史 96 段：跑完 45、以已知红收尾 {0: 50, 1: 1}、新发现 0；根环转过一圈的 62 段；最高 txg 37
N5 std reuse_heavy_random_histories_cover_released_records_and exit=0 历史 48 段：跑完 20、以已知红收尾 {0: 27, 1: 1}、新发现 0；根环转过一圈的 45 段；最高 txg 41
N5 std rollback_heavy_random_histories_reach_the_floor_root_and exit=0 历史 48 段：跑完 39、以已知红收尾 {0: 9}、新发现 0；根环转过一圈的 10 段；最高 txg 32
N5 noharness random_histories_fast_tier exit=0 历史 96 段：跑完 45、以已知红收尾 {0: 50, 1: 1}、新发现 0；根环转过一圈的 62 段；最高 txg 37
N5 noharness reuse_heavy_random_histories_cover_released_records_and exit=0 历史 48 段：跑完 20、以已知红收尾 {0: 27, 1: 1}、新发现 0；根环转过一圈的 45 段；最高 txg 41
N5 noharness rollback_heavy_random_histories_reach_the_floor_root_and exit=0 历史 48 段：跑完 39、以已知红收尾 {0: 9}、新发现 0；根环转过一圈的 10 段；最高 txg 32
N5 modelonly random_histories_fast_tier exit=0 历史 96 段：跑完 96、以已知红收尾 {}、新发现 0；根环转过一圈的 63 段；最高 txg 47
N5 modelonly reuse_heavy_random_histories_cover_released_records_and exit=0 历史 48 段：跑完 48、以已知红收尾 {}、新发现 0；根环转过一圈的 46 段；最高 txg 56
N5 modelonly rollback_heavy_random_histories_reach_the_floor_root_and exit=0 历史 48 段：跑完 48、以已知红收尾 {}、新发现 0；根环转过一圈的 10 段；最高 txg 46
W1 std random_histories_fast_tier exit=0 历史 96 段：跑完 45、以已知红收尾 {0: 50, 1: 1}、新发现 0；根环转过一圈的 62 段；最高 txg 37
W1 std reuse_heavy_random_histories_cover_released_records_and exit=0 历史 48 段：跑完 20、以已知红收尾 {0: 27, 1: 1}、新发现 0；根环转过一圈的 45 段；最高 txg 41
W1 std rollback_heavy_random_histories_reach_the_floor_root_and exit=0 历史 48 段：跑完 39、以已知红收尾 {0: 9}、新发现 0；根环转过一圈的 10 段；最高 txg 32
W1 noharness random_histories_fast_tier exit=0 历史 96 段：跑完 45、以已知红收尾 {0: 50, 1: 1}、新发现 0；根环转过一圈的 62 段；最高 txg 37
W1 noharness reuse_heavy_random_histories_cover_released_records_and exit=0 历史 48 段：跑完 20、以已知红收尾 {0: 27, 1: 1}、新发现 0；根环转过一圈的 45 段；最高 txg 41
W1 noharness rollback_heavy_random_histories_reach_the_floor_root_and exit=0 历史 48 段：跑完 39、以已知红收尾 {0: 9}、新发现 0；根环转过一圈的 10 段；最高 txg 32
W1 modelonly random_histories_fast_tier exit=0 历史 96 段：跑完 96、以已知红收尾 {}、新发现 0；根环转过一圈的 63 段；最高 txg 47
W1 modelonly reuse_heavy_random_histories_cover_released_records_and exit=0 历史 48 段：跑完 48、以已知红收尾 {}、新发现 0；根环转过一圈的 46 段；最高 txg 56
W1 modelonly rollback_heavy_random_histories_reach_the_floor_root_and exit=0 历史 48 段：跑完 48、以已知红收尾 {}、新发现 0；根环转过一圈的 10 段；最高 txg 46
W2 std random_histories_fast_tier exit=0 历史 96 段：跑完 45、以已知红收尾 {0: 50, 1: 1}、新发现 0；根环转过一圈的 62 段；最高 txg 37
W2 std reuse_heavy_random_histories_cover_released_records_and exit=0 历史 48 段：跑完 20、以已知红收尾 {0: 27, 1: 1}、新发现 0；根环转过一圈的 45 段；最高 txg 41
W2 std rollback_heavy_random_histories_reach_the_floor_root_and exit=0 历史 48 段：跑完 39、以已知红收尾 {0: 9}、新发现 0；根环转过一圈的 10 段；最高 txg 32
W2 noharness random_histories_fast_tier exit=0 历史 96 段：跑完 45、以已知红收尾 {0: 50, 1: 1}、新发现 0；根环转过一圈的 62 段；最高 txg 37
W2 noharness reuse_heavy_random_histories_cover_released_records_and exit=0 历史 48 段：跑完 20、以已知红收尾 {0: 27, 1: 1}、新发现 0；根环转过一圈的 45 段；最高 txg 41
W2 noharness rollback_heavy_random_histories_reach_the_floor_root_and exit=0 历史 48 段：跑完 39、以已知红收尾 {0: 9}、新发现 0；根环转过一圈的 10 段；最高 txg 32
W2 modelonly random_histories_fast_tier exit=0 历史 96 段：跑完 96、以已知红收尾 {}、新发现 0；根环转过一圈的 63 段；最高 txg 47
W2 modelonly reuse_heavy_random_histories_cover_released_records_and exit=0 历史 48 段：跑完 48、以已知红收尾 {}、新发现 0；根环转过一圈的 46 段；最高 txg 56
W2 modelonly rollback_heavy_random_histories_reach_the_floor_root_and exit=0 历史 48 段：跑完 48、以已知红收尾 {}、新发现 0；根环转过一圈的 10 段；最高 txg 46
R1 std random_histories_fast_tier exit=0 历史 96 段：跑完 45、以已知红收尾 {0: 50, 1: 1}、新发现 0；根环转过一圈的 62 段；最高 txg 37
R1 std reuse_heavy_random_histories_cover_released_records_and exit=0 历史 48 段：跑完 20、以已知红收尾 {0: 27, 1: 1}、新发现 0；根环转过一圈的 45 段；最高 txg 41
R1 std rollback_heavy_random_histories_reach_the_floor_root_and exit=0 历史 48 段：跑完 39、以已知红收尾 {0: 9}、新发现 0；根环转过一圈的 10 段；最高 txg 32
R1 noharness random_histories_fast_tier exit=0 历史 96 段：跑完 45、以已知红收尾 {0: 50, 1: 1}、新发现 0；根环转过一圈的 62 段；最高 txg 37
R1 noharness reuse_heavy_random_histories_cover_released_records_and exit=0 历史 48 段：跑完 20、以已知红收尾 {0: 27, 1: 1}、新发现 0；根环转过一圈的 45 段；最高 txg 41
R1 noharness rollback_heavy_random_histories_reach_the_floor_root_and exit=0 历史 48 段：跑完 39、以已知红收尾 {0: 9}、新发现 0；根环转过一圈的 10 段；最高 txg 32
R1 modelonly random_histories_fast_tier exit=0 历史 96 段：跑完 96、以已知红收尾 {}、新发现 0；根环转过一圈的 63 段；最高 txg 47
R1 modelonly reuse_heavy_random_histories_cover_released_records_and exit=0 历史 48 段：跑完 48、以已知红收尾 {}、新发现 0；根环转过一圈的 46 段；最高 txg 56
R1 modelonly rollback_heavy_random_histories_reach_the_floor_root_and exit=0 历史 48 段：跑完 48、以已知红收尾 {}、新发现 0；根环转过一圈的 10 段；最高 txg 46
