  · 登记了 157 行产物；44 份文件在 research/results 下找到、113 份登记了却找不到（多半已归档）
     没查到文件的登记行（113 个）：
       E14  research/results/e14-discrimination-2026-08-29.out
       E18  research/results/e18-branch-2026-08-28.out
       E19  research/results/e19-defer-2026-08-28.out
       E23  research/results/e23-journal-geom-2026-08-29.out
       E24  research/results/e24-recovery-2026-08-29.out
       E25  research/results/e25-journal-reserve-2026-08-29.out
       E26  research/results/e26-accounting-2026-08-29.out
       E27  research/results/e27-d5-paths-2026-08-29.out
       E28  research/results/e28-map-rebuild-2026-08-29.out
       E29  research/results/e29-blast-radius-2026-08-29.out
       E30  research/results/e30-range-rebuild-2026-08-29.out
       E31  research/results/e31-aad-snapshot-2026-08-29.out
       E32  research/results/e32-journal-timeline-2026-08-29.out
       E33  research/results/e33-pin-rules-2026-08-29.out
       E35  research/results/e35-head-forms-2026-08-29.out
       E36  research/results/e36-slot-mapping-2026-08-29.out
       E37  research/results/e37-log-epoch-2026-08-29.out
       E38  research/results/e38-accounting-cow-2026-08-29.out
       E39  research/results/e39-back-chain-2026-08-29.out
       E42  research/results/e42-txn-records-2026-08-29.out
       E44  research/results/e44-jsn-width-2026-08-30.out
       E58  research/results/e58-csum-grain-repro-2026-09-16.out
       E140  research/results/e140-header-alignment-repro-2026-09-13.out
       E41  research/results/e41-root-ring-geom-2026-08-30.out
       E71  research/results/e71-accounting-keys-2026-09-01.out
       E75  research/results/e75-record-size-2026-09-01.out
       E76  research/results/e76-payload-csum-2026-09-01.out
       E77  research/results/e77-publish-order-2026-09-02.out
       E78  research/results/e78-replay-start-2026-09-02.out
       E79  research/results/e79-root-record-2026-09-06.out
       E112  research/results/e112-old-writer-unknown-tree-2026-09-06.out
       E113  research/results/e113-unknown-tree-full-arms-2026-09-06.out
       E114  research/results/e114-pack-ledger-2026-09-12.out
       E117  research/results/e117-reserved-header-2026-09-12.out
       E118  research/results/e118-single-disk-recovery-2026-09-07.out
       E122  research/results/e122-dir-locality-2026-09-07.out
       E119  research/results/e119-slot-tiers-2026-09-12.out
       E120  research/results/e120-tier-ratio-2026-09-12.out
       E121  research/results/e121-cap-tiers-2026-09-12.out
       E80  research/results/e80-partial-stripe-2026-09-02.out
       E81  research/results/e81-commit-fixpoint-2026-09-02.out
       E82  research/results/e82-admission-overlay-2026-09-02.out
       E83  research/results/e83-tombstone-grain-2026-09-03.out
       E84  research/results/e84-tombstone-pinning-2026-09-03.out
       E85  research/results/e85-unit-header-2026-09-02.out
       E86  research/results/e86-scan-step-2026-09-02.out
       E87  research/results/e87-fixed-placement-2026-09-02.out
       E88  research/results/e88-impostor-orphan-2026-09-02.out
       E89  research/results/e89-interval-frontier-2026-09-03.out
       E90  research/results/e90-tree-aad-2026-09-03.out
       E91  research/results/e91-ring-admission-2026-09-03.out
       E92  research/results/e92-reuse-requirement-2026-09-08.out
       E123  research/results/e123-k-fork-cost-2026-09-09.out
       E127  research/results/e127-group-identity-under-split-merge-2026-09-13-knobs.out
       E93  research/results/e93-aging-placement-2026-09-03.out
       E95  research/results/e95-node-layout-arms-2026-09-09.out
       E94  research/results/e94-move-touchset-2026-09-03.out
       E96  research/results/e96-hybrid-consistency-2026-09-03.out
       E97  research/results/e97-entry-encoding-2026-09-07.out
       E98  research/results/e98-inode-record-2026-09-07.out
       E101  research/results/e101-node-tag-reserve-2026-09-03.out
       E102  research/results/e102-unit-class-registry-2026-09-12.out
       E103  research/results/e103-inode-update-cost-2026-09-14-round2.out
       E104  research/results/e104-current-version-2026-09-05.out
       E105  research/results/e105-extent-leaf-packed-2026-09-12.out
       E106  research/results/e106-stripe-member-table-2026-09-12.out
       E108  research/results/e108-plaintext-layer-cost-2026-09-06.out
       E107  research/results/e107-stripe-table-wa-2026-09-06.out
       E110  research/results/e110-stripe-table-steady-2026-09-06.out
       E111  research/results/e111-stripe-table-key-2026-09-06.out
       E34  research/results/e34-ring-iomin-2026-09-01.out
       E73  research/results/e73-key-range-2026-09-07.out
       E74  research/results/e74-alloc-records-2026-09-01.out
       E40  research/results/e40-csum-width-2026-08-30.out
       E46  research/results/e46-region-spacing-2026-08-30.out
       E47  research/results/e47-ring-loss-2026-08-30.out
       E48  research/results/e48-ring-placement-2026-08-30.out
       E50  research/results/e50-ring-slots-2026-08-30.out
       E51  research/results/e51-chain-chances-2026-08-30.out
       E52  research/results/e52-head-mechanisms-2026-08-30.out
       E54  research/results/e54-accounting-gen-2026-08-30.out
       E57  research/results/e57-field-authority-2026-08-31.out
       E59  research/results/e59-msg-recompute-2026-08-31.out
       E61  research/results/e61-chain-hash-2026-08-31.out
       E69  research/results/e69-backref-cost-2026-08-31.out
       E60  research/results/e60-rebalance-2026-08-31.out
       E70  research/results/e70-ckpt-thresholds-2026-08-31.out
       E62  research/results/e62-ring-home-2026-08-31.out
       E63  research/results/e63-width-rule-2026-08-31.out
       E67  research/results/e67-device-subset-2026-08-31.out
       E68  research/results/e68-inline-threshold-2026-08-31.out
       E8  research/results/e8-split-2026-08-28.out
       E9  research/results/e9-keylayout-2026-08-28.out
       E16  research/results/e16-journal-2026-08-31.out
       E16  research/results/e16-bytes-2026-09-03.out
       E17  research/results/e17-merge-2026-08-29-repro.out
       E20  research/results/e20-poscontrol-2026-08-29.out
       E21  research/results/e21-cpu-2026-08-28.out
       E128  research/results/e128-pointer-birth-cost-2026-09-10.out
       E130  research/results/e130-livelist-bounded-destroy-2026-09-10.out
       E131  research/results/e131-livelist-carrier-2026-09-16.out
       E132  research/results/e132-livelist-carrier-recount-2026-09-16.out
       E138  research/results/e138-per-disk-floor-2026-09-11.out
       E139  research/results/e139-tightened-floor-2026-09-12.out
       E141  research/results/e141-switch-reserve-mount-admission-2026-09-14-row-writing.out
       E143  research/results/e143-one-unit-per-txn-journal-2026-09-13.out
       E148  research/results/e148-commit-fixpoint-two-record-trees-2026-09-13.out
       E150  research/results/e150-rollback-reuse-of-abandoned-roots-2026-09-13-admission.out
       E151  research/results/e151-arrival-and-container-arms-2026-09-13-region.out
       E149  research/results/e149-pack-container-repair-options-2026-09-13.out
       E144  research/results/e144-header-checksum-cost-2026-09-13.out
       E135  research/results/e135-rollback-floor-2026-09-11.out
       E137  research/results/e137-map-key-performance-2026-09-11.out
  · 查到的文件里共 20 行判决（name=verdict）；15 个字段是 false，其中 15 个已点名、0 个没点名
  ✓ 登记产物里判决字段是 false 的都在对应实验页里点了名（点名 15 个）
