  ✓ 实验源码纪律：扫了 155 个文件（读不动的 0 个）；C59 查了 745 处名字带 seed 的标识符，折叠写法 17 处（豁免表 17 行，放行 17 处）；C60 查了 1475 个整型结构体字段，恒为字面量 0 的 14 个（豁免表 14 行，放行 14 处）；只缩不涨（基准 61b40787cb9fbe2de2eba582af4176abb011e814）：C59、C60
    C59 对这 103 个文件没有对象可判（一处名字带 seed 的标识符都没有）：
        e142_first_transaction_write_dump.rs、e142_first_transaction_write_dump_one_device.rs、
        e156_allocation_basis_counts.rs、e100_system_configuration_slot.rs、e101_node_tag_reserve.rs、
        e102_unit_class_registry.rs、e103_inode_update_cost.rs、e105_extent_leaf_packed.rs、
        e107_stripe_table_wa.rs、e108_plaintext_layer_cost.rs、e109_position_authority.rs、
        e110_stripe_table_steady.rs、e111_stripe_table_key.rs、e112_old_writer_unknown_tree.rs、
        e113_unknown_tree_full_arms.rs、e114_pack_ledger.rs、e115_system_configuration_completeness.rs、
        e116_pack_settle.rs、e117_reserved_header.rs、e118_single_disk_recovery.rs、e119_slot_tiers.rs、
        e120_tier_ratio.rs、e121_capacity_tiers.rs、e122_directory_locality.rs、
        e123_reuse_window_versus_rollback_depth.rs、e124_system_configuration_recompute.rs、
        e126_system_configuration_slot_width.rs、e130_livelist_bounded_destroy.rs、e131_livelist_carrier.rs、
        e132_livelist_carrier_recount.rs、e133_map_key_format_cost.rs、e134_map_key_slot_baselines.rs、
        e136_fork_cost_rows.rs、e141_switch_reserve_mount_admission.rs、e142_region_diff_independent.rs、
        e143_one_unit_per_transaction_journal.rs、e146_livelist_entry_width.rs、
        e147_system_configuration_recompute_from_layout.rs、e149_pack_container_repair_options.rs、
        e150_rollback_reuse_of_abandoned_roots.rs、e152_file_system_benchmark.rs、
        e153_ledger_shape_and_ring_holes.rs、e155_fourth_run_group_commit_concurrency.rs、
        e155_fsync_write_volume.rs、e155_second_run_fsync_write_volume.rs、e155_third_run_release_cascade.rs、
        e157_parallel_line_one_clauses.rs、e160_random_small_read_share.rs、e21_cpu.rs、e23_journal_geom.rs、
        e24_recovery.rs、e25_journal_reserve.rs、e27_snapshot_accounting_risk_paths.rs、e28_map_rebuild.rs、
        e29_blast_radius.rs、e30_range_rebuild.rs、e31_aad_snapshot.rs、e32_journal_timeline.rs、
        e33_pin_rules.rs、e34_ring_iomin.rs、e35_head_forms.rs、e36_slot_mapping.rs、e37_log_epoch.rs、
        e38_accounting_copy_on_write.rs、e41_root_ring_geom.rs、e42_transaction_records.rs、
        e43_extension_point_budget.rs、e44_jsn_width.rs、e45_span_ring_cost.rs、e46_region_spacing.rs、
        e47_ring_loss.rs、e48_ring_placement.rs、e49_chain_width.rs、e50_ring_slots.rs、e51_chain_chances.rs、
        e52_head_mechanisms.rs、e53_ring_failure.rs、e54_accounting_generations.rs、e57_field_authority.rs、
        e59_message_recompute.rs、e69_backref_cost.rs、e6_multicore.rs、e6_units.rs、e70_ckpt_thresholds.rs、
        e71_accounting_keys.rs、e73_key_range.rs、e74_allocation_records.rs、e75_record_size.rs、
        e76_payload_checksum.rs、e77_publish_order.rs、e78_replay_start.rs、e79_root_record.rs、
        e82_admission_overlay.rs、e83_tombstone_grain.rs、e84_tombstone_pinning.rs、e85_unit_header.rs、
        e88_impostor_orphan.rs、e90_tree_aad.rs、e91_ring_admission.rs、e92_reuse_requirement.rs、
        e97_entry_encoding.rs、e98_inode_record.rs、e99_writebuffer_sequence.rs
    C60 对这 47 个文件没有对象可判（一个整型结构体字段都没有）：
        e100_system_configuration_slot.rs、e101_node_tag_reserve.rs、e108_plaintext_layer_cost.rs、
        e109_position_authority.rs、e110_stripe_table_steady.rs、e111_stripe_table_key.rs、
        e115_system_configuration_completeness.rs、e117_reserved_header.rs、e120_tier_ratio.rs、
        e121_capacity_tiers.rs、e122_directory_locality.rs、e123_reuse_window_versus_rollback_depth.rs、
        e124_system_configuration_recompute.rs、e126_system_configuration_slot_width.rs、
        e132_livelist_carrier_recount.rs、e144_header_checksum_cost.rs、
        e147_system_configuration_recompute_from_layout.rs、e149_pack_container_repair_options.rs、
        e157_parallel_line_one_clauses.rs、e17_merge.rs、e21_cpu.rs、e30_range_rebuild.rs、e34_ring_iomin.rs、
        e40_checksum_width.rs、e41_root_ring_geom.rs、e43_extension_point_budget.rs、e46_region_spacing.rs、
        e47_ring_loss.rs、e48_ring_placement.rs、e49_chain_width.rs、e50_ring_slots.rs、e52_head_mechanisms.rs、
        e54_accounting_generations.rs、e61_chain_hash.rs、e67_device_subset.rs、e6_multicore.rs、e6_units.rs、
        e70_ckpt_thresholds.rs、e71_accounting_keys.rs、e73_key_range.rs、e74_allocation_records.rs、
        e75_record_size.rs、e76_payload_checksum.rs、e79_root_record.rs、e85_unit_header.rs、e86_scan_step.rs、
        e92_reuse_requirement.rs
