VKEY ob=1 path=[Overwrite, Overwrite, Overwrite, RollbackTo(0, 0)] F=[R1.2,R2.2] weight=2 witness_faults=0 a=V1V2 b=V2 c=V2
VKEY ob=1 path=[Overwrite, Overwrite, Overwrite, RollbackTo(1, 1)] F=[R1.2,R2.2] weight=2 witness_faults=0 a=V1V2 b=V2 c=V2
VKEY ob=1 path=[Overwrite, Overwrite, Overwrite, RollbackTo(1, 2)] F=[R1.2,R2.2] weight=2 witness_faults=0 a=V1V2 b=V2 c=V2
VKEY ob=1 path=[Overwrite, Overwrite, Overwrite, RollbackTo(1, 3)] F=[R1.2,R2.2] weight=2 witness_faults=0 a=V1V2 b=V2 c=V2
VKEY ob=1 path=[Overwrite, Overwrite, Overwrite, RollbackTo(1, 4)] F=[R1.2,R2.2] weight=2 witness_faults=0 a=V1V2 b=V2 c=V2
VKEY ob=1 path=[Overwrite, Overwrite, Overwrite, RollbackTo(1, 5)] F=[R1.2,R2.2] weight=2 witness_faults=0 a=V1V2 b=V2 c=V2
VKEY ob=1 path=[Overwrite, Overwrite, RollbackTo(0, 0)] F=[R0.2,R1.2] weight=2 witness_faults=0 a=V1V2 b=V2 c=V2
VKEY ob=1 path=[Overwrite, Overwrite, RollbackTo(1, 1)] F=[R0.2,R1.2] weight=2 witness_faults=0 a=V1V2 b=V2 c=V2
VKEY ob=1 path=[Overwrite, Overwrite, RollbackTo(1, 2)] F=[R0.2,R1.2] weight=2 witness_faults=0 a=V1V2 b=V2 c=V2
VKEY ob=1 path=[Overwrite, Overwrite, RollbackTo(1, 3)] F=[R0.2,R1.2] weight=2 witness_faults=0 a=V1V2 b=V2 c=V2
VKEY ob=1 path=[Overwrite, Overwrite, RollbackTo(1, 4)] F=[R0.2,R1.2] weight=2 witness_faults=0 a=V1V2 b=V2 c=V2
VKEY ob=1 path=[Overwrite, MountWritable, Overwrite, RollbackTo(0, 0)] F=[R0.3,R1.3] weight=2 witness_faults=0 a=V1V2 b=V2 c=V2
VKEY ob=1 path=[Overwrite, MountWritable, Overwrite, RollbackTo(1, 1)] F=[R0.3,R1.3] weight=2 witness_faults=0 a=V1V2 b=V2 c=V2
VKEY ob=1 path=[Overwrite, MountWritable, Overwrite, RollbackTo(1, 2)] F=[R0.3,R1.3] weight=2 witness_faults=0 a=V1V2 b=V2 c=V2
VKEY ob=1 path=[Overwrite, MountWritable, Overwrite, RollbackTo(1, 3)] F=[R0.3,R1.3] weight=2 witness_faults=0 a=V1V2 b=V2 c=V2
VKEY ob=1 path=[Overwrite, MountWritable, Overwrite, RollbackTo(1, 4)] F=[R0.3,R1.3] weight=2 witness_faults=0 a=V1V2 b=V2 c=V2
VKEY ob=1 path=[Overwrite, MountWritable, Overwrite, RollbackTo(2, 5)] F=[R0.3,R1.3] weight=2 witness_faults=0 a=V1V2 b=V2 c=V2
VKEY ob=1 path=[Overwrite, MountWritable, Overwrite, RollbackTo(2, 6)] F=[R0.3,R1.3] weight=2 witness_faults=0 a=V1V2 b=V2 c=V2
VKEY ob=1 path=[Overwrite, MountWritable, Overwrite, RollbackTo(2, 7)] F=[R0.3,R1.3] weight=2 witness_faults=0 a=V1V2 b=V2 c=V2
VKEY ob=1 path=[Overwrite, RollbackTo(1, 3), Overwrite, RollbackTo(0, 0)] F=[R0.3,R1.3] weight=2 witness_faults=0 a=V1V2 b=V2 c=V2
VKEY ob=1 path=[Overwrite, RollbackTo(1, 3), Overwrite, RollbackTo(1, 1)] F=[R0.3,R1.3] weight=2 witness_faults=0 a=V1V2 b=V2 c=V2
VKEY ob=1 path=[Overwrite, RollbackTo(1, 3), Overwrite, RollbackTo(1, 2)] F=[R0.3,R1.3] weight=2 witness_faults=0 a=V1V2 b=V2 c=V2
VKEY ob=1 path=[Overwrite, RollbackTo(1, 3), Overwrite, RollbackTo(1, 3)] F=[R0.3,R1.3] weight=2 witness_faults=0 a=V1V2 b=V2 c=V2
VKEY ob=1 path=[Overwrite, RollbackTo(1, 3), Overwrite, RollbackTo(2, 5)] F=[R0.3,R1.3] weight=2 witness_faults=0 a=V1V2 b=V2 c=V2
VKEY ob=1 path=[Overwrite, RollbackTo(1, 3), Overwrite, RollbackTo(2, 6)] F=[R0.3,R1.3] weight=2 witness_faults=0 a=V1V2 b=V2 c=V2
VKEY ob=1 path=[Overwrite, RollbackTo(1, 3), Overwrite, RollbackTo(2, 7)] F=[R0.3,R1.3] weight=2 witness_faults=0 a=V1V2 b=V2 c=V2
VKEY ob=1 path=[Overwrite, RollbackTo(1, 4), Overwrite, RollbackTo(0, 0)] F=[R0.3,R1.3] weight=2 witness_faults=0 a=V1V2 b=V2 c=V2
VKEY ob=1 path=[Overwrite, RollbackTo(1, 4), Overwrite, RollbackTo(1, 1)] F=[R0.3,R1.3] weight=2 witness_faults=0 a=V1V2 b=V2 c=V2
VKEY ob=1 path=[Overwrite, RollbackTo(1, 4), Overwrite, RollbackTo(1, 2)] F=[R0.3,R1.3] weight=2 witness_faults=0 a=V1V2 b=V2 c=V2
VKEY ob=1 path=[Overwrite, RollbackTo(1, 4), Overwrite, RollbackTo(1, 3)] F=[R0.3,R1.3] weight=2 witness_faults=0 a=V1V2 b=V2 c=V2
VKEY ob=1 path=[Overwrite, RollbackTo(1, 4), Overwrite, RollbackTo(1, 4)] F=[R0.3,R1.3] weight=2 witness_faults=0 a=V1V2 b=V2 c=V2
VKEY ob=1 path=[Overwrite, RollbackTo(1, 4), Overwrite, RollbackTo(2, 5)] F=[R0.3,R1.3] weight=2 witness_faults=0 a=V1V2 b=V2 c=V2
VKEY ob=1 path=[Overwrite, RollbackTo(1, 4), Overwrite, RollbackTo(2, 6)] F=[R0.3,R1.3] weight=2 witness_faults=0 a=V1V2 b=V2 c=V2
VKEY ob=1 path=[Overwrite, RollbackTo(1, 4), Overwrite, RollbackTo(2, 7)] F=[R0.3,R1.3] weight=2 witness_faults=0 a=V1V2 b=V2 c=V2
VKEY ob=2 path=[Overwrite, Overwrite, Overwrite, MountWritable, RollbackTo(0, 0)] F=[R0.3,R1.3] weight=2 witness_faults=0 a=V1V2 b=V2 c=V2
VKEY ob=2 path=[Overwrite, Overwrite, Overwrite, MountWritable, RollbackTo(1, 1)] F=[R0.3,R1.3] weight=2 witness_faults=0 a=V1V2 b=V2 c=V2
VKEY ob=2 path=[Overwrite, Overwrite, Overwrite, MountWritable, RollbackTo(1, 2)] F=[R0.3,R1.3] weight=2 witness_faults=0 a=V1V2 b=V2 c=V2
VKEY ob=2 path=[Overwrite, Overwrite, Overwrite, MountWritable, RollbackTo(1, 3)] F=[R0.3,R1.3] weight=2 witness_faults=0 a=V1V2 b=V2 c=V2
VKEY ob=2 path=[Overwrite, Overwrite, Overwrite, MountWritable, RollbackTo(1, 4)] F=[R0.3,R1.3] weight=2 witness_faults=0 a=V1V2 b=V2 c=V2
VKEY ob=2 path=[Overwrite, Overwrite, Overwrite, MountWritable, RollbackTo(1, 5)] F=[R0.3,R1.3] weight=2 witness_faults=0 a=V1V2 b=V2 c=V2
VKEY ob=2 path=[Overwrite, Overwrite, Overwrite, MountWritable, RollbackTo(1, 6)] F=[R0.3,R1.3] weight=2 witness_faults=0 a=V1 b= c=
VKEY ob=2 path=[Overwrite, Overwrite, Overwrite, MountWritable, RollbackTo(2, 7)] F=[R0.3,R1.3] weight=2 witness_faults=0 a=V1 b= c=
VKEY ob=2 path=[Overwrite, Overwrite, Overwrite, RollbackTo(0, 0)] F=[R1.2,R2.2] weight=2 witness_faults=0 a=V1V2 b=V2 c=V2
VKEY ob=2 path=[Overwrite, Overwrite, Overwrite, RollbackTo(0, 0), RollbackTo(0, 0)] F=[R0.3,R1.3] weight=2 witness_faults=0 a=V1 b= c=
VKEY ob=2 path=[Overwrite, Overwrite, Overwrite, RollbackTo(0, 0), RollbackTo(2, 7)] F=[R0.3,R1.3] weight=2 witness_faults=0 a=V1 b= c=
VKEY ob=2 path=[Overwrite, Overwrite, Overwrite, RollbackTo(1, 1)] F=[R1.2,R2.2] weight=2 witness_faults=0 a=V1V2 b=V2 c=V2
VKEY ob=2 path=[Overwrite, Overwrite, Overwrite, RollbackTo(1, 1), RollbackTo(0, 0)] F=[R0.3,R1.3] weight=2 witness_faults=0 a=V1 b= c=
VKEY ob=2 path=[Overwrite, Overwrite, Overwrite, RollbackTo(1, 1), RollbackTo(1, 1)] F=[R0.3,R1.3] weight=2 witness_faults=0 a=V1 b= c=
VKEY ob=2 path=[Overwrite, Overwrite, Overwrite, RollbackTo(1, 1), RollbackTo(2, 7)] F=[R0.3,R1.3] weight=2 witness_faults=0 a=V1 b= c=
VKEY ob=2 path=[Overwrite, Overwrite, Overwrite, RollbackTo(1, 2)] F=[R1.2,R2.2] weight=2 witness_faults=0 a=V1V2 b=V2 c=V2
VKEY ob=2 path=[Overwrite, Overwrite, Overwrite, RollbackTo(1, 2), RollbackTo(0, 0)] F=[R0.3,R1.3] weight=2 witness_faults=0 a=V1 b= c=
VKEY ob=2 path=[Overwrite, Overwrite, Overwrite, RollbackTo(1, 2), RollbackTo(1, 1)] F=[R0.3,R1.3] weight=2 witness_faults=0 a=V1 b= c=
VKEY ob=2 path=[Overwrite, Overwrite, Overwrite, RollbackTo(1, 2), RollbackTo(1, 2)] F=[R0.3,R1.3] weight=2 witness_faults=0 a=V1 b= c=
VKEY ob=2 path=[Overwrite, Overwrite, Overwrite, RollbackTo(1, 2), RollbackTo(2, 7)] F=[R0.3,R1.3] weight=2 witness_faults=0 a=V1 b= c=
VKEY ob=2 path=[Overwrite, Overwrite, Overwrite, RollbackTo(1, 3)] F=[R1.2,R2.2] weight=2 witness_faults=0 a=V1V2 b=V2 c=V2
VKEY ob=2 path=[Overwrite, Overwrite, Overwrite, RollbackTo(1, 3), RollbackTo(0, 0)] F=[R0.3,R1.3] weight=2 witness_faults=0 a=V1V2 b=V2 c=V2
VKEY ob=2 path=[Overwrite, Overwrite, Overwrite, RollbackTo(1, 3), RollbackTo(1, 1)] F=[R0.3,R1.3] weight=2 witness_faults=0 a=V1V2 b=V2 c=V2
VKEY ob=2 path=[Overwrite, Overwrite, Overwrite, RollbackTo(1, 3), RollbackTo(1, 2)] F=[R0.3,R1.3] weight=2 witness_faults=0 a=V1V2 b=V2 c=V2
VKEY ob=2 path=[Overwrite, Overwrite, Overwrite, RollbackTo(1, 3), RollbackTo(1, 3)] F=[R0.3,R1.3] weight=2 witness_faults=0 a=V1 b= c=
VKEY ob=2 path=[Overwrite, Overwrite, Overwrite, RollbackTo(1, 3), RollbackTo(2, 7)] F=[R0.3,R1.3] weight=2 witness_faults=0 a=V1 b= c=
VKEY ob=2 path=[Overwrite, Overwrite, Overwrite, RollbackTo(1, 4)] F=[R1.2,R2.2] weight=2 witness_faults=0 a=V1V2 b=V2 c=V2
VKEY ob=2 path=[Overwrite, Overwrite, Overwrite, RollbackTo(1, 4), RollbackTo(0, 0)] F=[R0.3,R1.3] weight=2 witness_faults=0 a=V1V2 b=V2 c=V2
VKEY ob=2 path=[Overwrite, Overwrite, Overwrite, RollbackTo(1, 4), RollbackTo(1, 1)] F=[R0.3,R1.3] weight=2 witness_faults=0 a=V1V2 b=V2 c=V2
VKEY ob=2 path=[Overwrite, Overwrite, Overwrite, RollbackTo(1, 4), RollbackTo(1, 2)] F=[R0.3,R1.3] weight=2 witness_faults=0 a=V1V2 b=V2 c=V2
VKEY ob=2 path=[Overwrite, Overwrite, Overwrite, RollbackTo(1, 4), RollbackTo(1, 3)] F=[R0.3,R1.3] weight=2 witness_faults=0 a=V1V2 b=V2 c=V2
VKEY ob=2 path=[Overwrite, Overwrite, Overwrite, RollbackTo(1, 4), RollbackTo(1, 4)] F=[R0.3,R1.3] weight=2 witness_faults=0 a=V1 b= c=
VKEY ob=2 path=[Overwrite, Overwrite, Overwrite, RollbackTo(1, 4), RollbackTo(2, 7)] F=[R0.3,R1.3] weight=2 witness_faults=0 a=V1 b= c=
VKEY ob=2 path=[Overwrite, Overwrite, Overwrite, RollbackTo(1, 5)] F=[R1.2,R2.2] weight=2 witness_faults=0 a=V1V2 b=V2 c=V2
VKEY ob=2 path=[Overwrite, Overwrite, Overwrite, RollbackTo(1, 5), RollbackTo(0, 0)] F=[R0.3,R1.3] weight=2 witness_faults=0 a=V1V2 b=V2 c=V2
VKEY ob=2 path=[Overwrite, Overwrite, Overwrite, RollbackTo(1, 5), RollbackTo(1, 1)] F=[R0.3,R1.3] weight=2 witness_faults=0 a=V1V2 b=V2 c=V2
VKEY ob=2 path=[Overwrite, Overwrite, Overwrite, RollbackTo(1, 5), RollbackTo(1, 2)] F=[R0.3,R1.3] weight=2 witness_faults=0 a=V1V2 b=V2 c=V2
VKEY ob=2 path=[Overwrite, Overwrite, Overwrite, RollbackTo(1, 5), RollbackTo(1, 3)] F=[R0.3,R1.3] weight=2 witness_faults=0 a=V1V2 b=V2 c=V2
VKEY ob=2 path=[Overwrite, Overwrite, Overwrite, RollbackTo(1, 5), RollbackTo(1, 4)] F=[R0.3,R1.3] weight=2 witness_faults=0 a=V1V2 b=V2 c=V2
VKEY ob=2 path=[Overwrite, Overwrite, Overwrite, RollbackTo(1, 5), RollbackTo(1, 5)] F=[R0.3,R1.3] weight=2 witness_faults=0 a=V1 b= c=
VKEY ob=2 path=[Overwrite, Overwrite, Overwrite, RollbackTo(1, 5), RollbackTo(2, 7)] F=[R0.3,R1.3] weight=2 witness_faults=0 a=V1 b= c=
VKEY ob=2 path=[Overwrite, Overwrite, Overwrite, RollbackTo(1, 6), RollbackTo(0, 0)] F=[R0.3,R1.3] weight=2 witness_faults=0 a=V1V2 b=V2 c=V2
VKEY ob=2 path=[Overwrite, Overwrite, Overwrite, RollbackTo(1, 6), RollbackTo(1, 1)] F=[R0.3,R1.3] weight=2 witness_faults=0 a=V1V2 b=V2 c=V2
VKEY ob=2 path=[Overwrite, Overwrite, Overwrite, RollbackTo(1, 6), RollbackTo(1, 2)] F=[R0.3,R1.3] weight=2 witness_faults=0 a=V1V2 b=V2 c=V2
VKEY ob=2 path=[Overwrite, Overwrite, Overwrite, RollbackTo(1, 6), RollbackTo(1, 3)] F=[R0.3,R1.3] weight=2 witness_faults=0 a=V1V2 b=V2 c=V2
VKEY ob=2 path=[Overwrite, Overwrite, Overwrite, RollbackTo(1, 6), RollbackTo(1, 4)] F=[R0.3,R1.3] weight=2 witness_faults=0 a=V1V2 b=V2 c=V2
VKEY ob=2 path=[Overwrite, Overwrite, Overwrite, RollbackTo(1, 6), RollbackTo(1, 5)] F=[R0.3,R1.3] weight=2 witness_faults=0 a=V1V2 b=V2 c=V2
VKEY ob=2 path=[Overwrite, Overwrite, Overwrite, RollbackTo(1, 6), RollbackTo(1, 6)] F=[R0.3,R1.3] weight=2 witness_faults=0 a=V1 b= c=
VKEY ob=2 path=[Overwrite, Overwrite, Overwrite, RollbackTo(1, 6), RollbackTo(2, 7)] F=[R0.3,R1.3] weight=2 witness_faults=0 a=V1 b= c=
VKEY ob=2 path=[Overwrite, Overwrite, MountWritable, Overwrite, RollbackTo(0, 0)] F=[R0.3,R1.3] weight=2 witness_faults=0 a=V1V2 b=V2 c=V2
VKEY ob=2 path=[Overwrite, Overwrite, MountWritable, Overwrite, RollbackTo(1, 1)] F=[R0.3,R1.3] weight=2 witness_faults=0 a=V1V2 b=V2 c=V2
VKEY ob=2 path=[Overwrite, Overwrite, MountWritable, Overwrite, RollbackTo(1, 2)] F=[R0.3,R1.3] weight=2 witness_faults=0 a=V1V2 b=V2 c=V2
VKEY ob=2 path=[Overwrite, Overwrite, MountWritable, Overwrite, RollbackTo(1, 3)] F=[R0.3,R1.3] weight=2 witness_faults=0 a=V1V2 b=V2 c=V2
VKEY ob=2 path=[Overwrite, Overwrite, MountWritable, Overwrite, RollbackTo(1, 4)] F=[R0.3,R1.3] weight=2 witness_faults=0 a=V1V2 b=V2 c=V2
VKEY ob=2 path=[Overwrite, Overwrite, MountWritable, Overwrite, RollbackTo(1, 5)] F=[R0.3,R1.3] weight=2 witness_faults=0 a=V1V2 b=V2 c=V2
VKEY ob=2 path=[Overwrite, Overwrite, MountWritable, Overwrite, RollbackTo(2, 6)] F=[R0.3,R1.3] weight=2 witness_faults=0 a=V1V2 b=V2 c=V2
VKEY ob=2 path=[Overwrite, Overwrite, MountWritable, Overwrite, RollbackTo(2, 7)] F=[R0.3,R1.3] weight=2 witness_faults=0 a=V1V2 b=V2 c=V2
VKEY ob=2 path=[Overwrite, Overwrite, RollbackTo(0, 0)] F=[R0.2,R1.2] weight=2 witness_faults=0 a=V1V2 b=V2 c=V2
VKEY ob=2 path=[Overwrite, Overwrite, RollbackTo(1, 1)] F=[R0.2,R1.2] weight=2 witness_faults=0 a=V1V2 b=V2 c=V2
VKEY ob=2 path=[Overwrite, Overwrite, RollbackTo(1, 2)] F=[R0.2,R1.2] weight=2 witness_faults=0 a=V1V2 b=V2 c=V2
VKEY ob=2 path=[Overwrite, Overwrite, RollbackTo(1, 3)] F=[R0.2,R1.2] weight=2 witness_faults=0 a=V1V2 b=V2 c=V2
VKEY ob=2 path=[Overwrite, Overwrite, RollbackTo(1, 3), Overwrite, RollbackTo(0, 0)] F=[R0.3,R1.3] weight=2 witness_faults=0 a=V1V2 b=V2 c=V2
VKEY ob=2 path=[Overwrite, Overwrite, RollbackTo(1, 3), Overwrite, RollbackTo(1, 1)] F=[R0.3,R1.3] weight=2 witness_faults=0 a=V1V2 b=V2 c=V2
VKEY ob=2 path=[Overwrite, Overwrite, RollbackTo(1, 3), Overwrite, RollbackTo(1, 2)] F=[R0.3,R1.3] weight=2 witness_faults=0 a=V1V2 b=V2 c=V2
VKEY ob=2 path=[Overwrite, Overwrite, RollbackTo(1, 3), Overwrite, RollbackTo(1, 3)] F=[R0.3,R1.3] weight=2 witness_faults=0 a=V1V2 b=V2 c=V2
VKEY ob=2 path=[Overwrite, Overwrite, RollbackTo(1, 3), Overwrite, RollbackTo(2, 6)] F=[R0.3,R1.3] weight=2 witness_faults=0 a=V1V2 b=V2 c=V2
VKEY ob=2 path=[Overwrite, Overwrite, RollbackTo(1, 3), Overwrite, RollbackTo(2, 7)] F=[R0.3,R1.3] weight=2 witness_faults=0 a=V1V2 b=V2 c=V2
VKEY ob=2 path=[Overwrite, Overwrite, RollbackTo(1, 4)] F=[R0.2,R1.2] weight=2 witness_faults=0 a=V1V2 b=V2 c=V2
VKEY ob=2 path=[Overwrite, Overwrite, RollbackTo(1, 4), Overwrite, RollbackTo(0, 0)] F=[R0.3,R1.3] weight=2 witness_faults=0 a=V1V2 b=V2 c=V2
VKEY ob=2 path=[Overwrite, Overwrite, RollbackTo(1, 4), Overwrite, RollbackTo(1, 1)] F=[R0.3,R1.3] weight=2 witness_faults=0 a=V1V2 b=V2 c=V2
VKEY ob=2 path=[Overwrite, Overwrite, RollbackTo(1, 4), Overwrite, RollbackTo(1, 2)] F=[R0.3,R1.3] weight=2 witness_faults=0 a=V1V2 b=V2 c=V2
VKEY ob=2 path=[Overwrite, Overwrite, RollbackTo(1, 4), Overwrite, RollbackTo(1, 3)] F=[R0.3,R1.3] weight=2 witness_faults=0 a=V1V2 b=V2 c=V2
VKEY ob=2 path=[Overwrite, Overwrite, RollbackTo(1, 4), Overwrite, RollbackTo(1, 4)] F=[R0.3,R1.3] weight=2 witness_faults=0 a=V1V2 b=V2 c=V2
VKEY ob=2 path=[Overwrite, Overwrite, RollbackTo(1, 4), Overwrite, RollbackTo(2, 6)] F=[R0.3,R1.3] weight=2 witness_faults=0 a=V1V2 b=V2 c=V2
VKEY ob=2 path=[Overwrite, Overwrite, RollbackTo(1, 4), Overwrite, RollbackTo(2, 7)] F=[R0.3,R1.3] weight=2 witness_faults=0 a=V1V2 b=V2 c=V2
VKEY ob=2 path=[Overwrite, Overwrite, RollbackTo(1, 5), Overwrite, RollbackTo(0, 0)] F=[R0.3,R1.3] weight=2 witness_faults=0 a=V1V2 b=V2 c=V2
VKEY ob=2 path=[Overwrite, Overwrite, RollbackTo(1, 5), Overwrite, RollbackTo(1, 1)] F=[R0.3,R1.3] weight=2 witness_faults=0 a=V1V2 b=V2 c=V2
VKEY ob=2 path=[Overwrite, Overwrite, RollbackTo(1, 5), Overwrite, RollbackTo(1, 2)] F=[R0.3,R1.3] weight=2 witness_faults=0 a=V1V2 b=V2 c=V2
VKEY ob=2 path=[Overwrite, Overwrite, RollbackTo(1, 5), Overwrite, RollbackTo(1, 3)] F=[R0.3,R1.3] weight=2 witness_faults=0 a=V1V2 b=V2 c=V2
VKEY ob=2 path=[Overwrite, Overwrite, RollbackTo(1, 5), Overwrite, RollbackTo(1, 4)] F=[R0.3,R1.3] weight=2 witness_faults=0 a=V1V2 b=V2 c=V2
VKEY ob=2 path=[Overwrite, Overwrite, RollbackTo(1, 5), Overwrite, RollbackTo(1, 5)] F=[R0.3,R1.3] weight=2 witness_faults=0 a=V1V2 b=V2 c=V2
VKEY ob=2 path=[Overwrite, Overwrite, RollbackTo(1, 5), Overwrite, RollbackTo(2, 6)] F=[R0.3,R1.3] weight=2 witness_faults=0 a=V1V2 b=V2 c=V2
VKEY ob=2 path=[Overwrite, Overwrite, RollbackTo(1, 5), Overwrite, RollbackTo(2, 7)] F=[R0.3,R1.3] weight=2 witness_faults=0 a=V1V2 b=V2 c=V2
VKEY ob=3 path=[Overwrite, Overwrite, Overwrite, Overwrite, Overwrite, RollbackTo(0, 0)] F=[R0.3,R1.3] weight=2 witness_faults=0 a=V1V2 b=V2 c=V2
VKEY ob=3 path=[Overwrite, Overwrite, Overwrite, Overwrite, Overwrite, RollbackTo(1, 1)] F=[R0.3,R1.3] weight=2 witness_faults=0 a=V1V2 b=V2 c=V2
VKEY ob=3 path=[Overwrite, Overwrite, Overwrite, Overwrite, Overwrite, RollbackTo(1, 2)] F=[R0.3,R1.3] weight=2 witness_faults=0 a=V1V2 b=V2 c=V2
VKEY ob=3 path=[Overwrite, Overwrite, Overwrite, Overwrite, Overwrite, RollbackTo(1, 3)] F=[R0.3,R1.3] weight=2 witness_faults=0 a=V1V2 b=V2 c=V2
VKEY ob=3 path=[Overwrite, Overwrite, Overwrite, Overwrite, Overwrite, RollbackTo(1, 4)] F=[R0.3,R1.3] weight=2 witness_faults=0 a=V1V2 b=V2 c=V2
VKEY ob=3 path=[Overwrite, Overwrite, Overwrite, Overwrite, Overwrite, RollbackTo(1, 5)] F=[R0.3,R1.3] weight=2 witness_faults=0 a=V1V2 b=V2 c=V2
VKEY ob=3 path=[Overwrite, Overwrite, Overwrite, Overwrite, Overwrite, RollbackTo(1, 6)] F=[R0.3,R1.3] weight=2 witness_faults=0 a=V1V2 b=V2 c=V2
VKEY ob=3 path=[Overwrite, Overwrite, Overwrite, Overwrite, Overwrite, RollbackTo(1, 7)] F=[R0.3,R1.3] weight=2 witness_faults=0 a=V1V2 b=V2 c=V2
VKEY ob=3 path=[Overwrite, Overwrite, Overwrite, MountWritable, Overwrite, RollbackTo(0, 0)] F=[R1.3,R2.3] weight=2 witness_faults=0 a=V1V2 b=V2 c=V2
VKEY ob=3 path=[Overwrite, Overwrite, Overwrite, MountWritable, Overwrite, RollbackTo(1, 1)] F=[R1.3,R2.3] weight=2 witness_faults=0 a=V1V2 b=V2 c=V2
VKEY ob=3 path=[Overwrite, Overwrite, Overwrite, MountWritable, Overwrite, RollbackTo(1, 2)] F=[R1.3,R2.3] weight=2 witness_faults=0 a=V1V2 b=V2 c=V2
VKEY ob=3 path=[Overwrite, Overwrite, Overwrite, MountWritable, Overwrite, RollbackTo(1, 3)] F=[R1.3,R2.3] weight=2 witness_faults=0 a=V1V2 b=V2 c=V2
VKEY ob=3 path=[Overwrite, Overwrite, Overwrite, MountWritable, Overwrite, RollbackTo(1, 4)] F=[R1.3,R2.3] weight=2 witness_faults=0 a=V1V2 b=V2 c=V2
VKEY ob=3 path=[Overwrite, Overwrite, Overwrite, MountWritable, Overwrite, RollbackTo(1, 5)] F=[R1.3,R2.3] weight=2 witness_faults=0 a=V1V2 b=V2 c=V2
VKEY ob=3 path=[Overwrite, Overwrite, Overwrite, MountWritable, Overwrite, RollbackTo(1, 6)] F=[R1.3,R2.3] weight=2 witness_faults=0 a=V1V2 b=V2 c=V2
VKEY ob=3 path=[Overwrite, Overwrite, Overwrite, MountWritable, Overwrite, RollbackTo(2, 7)] F=[R1.3,R2.3] weight=2 witness_faults=0 a=V1V2 b=V2 c=V2
VKEY ob=3 path=[Overwrite, Overwrite, Overwrite, MountWritable, Overwrite, RollbackTo(2, 8)] F=[R1.3,R2.3] weight=2 witness_faults=0 a=V1V2 b=V2 c=V2
VKEY ob=3 path=[Overwrite, Overwrite, Overwrite, MountWritable, RollbackTo(0, 0)] F=[R0.3,R1.3] weight=2 witness_faults=0 a=V1V2 b=V2 c=V2
VKEY ob=3 path=[Overwrite, Overwrite, Overwrite, MountWritable, RollbackTo(1, 1)] F=[R0.3,R1.3] weight=2 witness_faults=0 a=V1V2 b=V2 c=V2
VKEY ob=3 path=[Overwrite, Overwrite, Overwrite, MountWritable, RollbackTo(1, 2)] F=[R0.3,R1.3] weight=2 witness_faults=0 a=V1V2 b=V2 c=V2
VKEY ob=3 path=[Overwrite, Overwrite, Overwrite, MountWritable, RollbackTo(1, 3)] F=[R0.3,R1.3] weight=2 witness_faults=0 a=V1V2 b=V2 c=V2
VKEY ob=3 path=[Overwrite, Overwrite, Overwrite, MountWritable, RollbackTo(1, 4)] F=[R0.3,R1.3] weight=2 witness_faults=0 a=V1V2 b=V2 c=V2
VKEY ob=3 path=[Overwrite, Overwrite, Overwrite, MountWritable, RollbackTo(1, 5)] F=[R0.3,R1.3] weight=2 witness_faults=0 a=V1V2 b=V2 c=V2
VKEY ob=3 path=[Overwrite, Overwrite, Overwrite, MountWritable, RollbackTo(1, 6)] F=[R0.3,R1.3] weight=2 witness_faults=0 a=V1 b= c=
VKEY ob=3 path=[Overwrite, Overwrite, Overwrite, MountWritable, RollbackTo(2, 7)] F=[R0.3,R1.3] weight=2 witness_faults=0 a=V1 b= c=
VKEY ob=3 path=[Overwrite, Overwrite, Overwrite, RollbackTo(0, 0)] F=[R1.2,R2.2] weight=2 witness_faults=0 a=V1V2 b=V2 c=V2
VKEY ob=3 path=[Overwrite, Overwrite, Overwrite, RollbackTo(0, 0), RollbackTo(0, 0)] F=[R0.3,R1.3] weight=2 witness_faults=0 a=V1 b= c=
VKEY ob=3 path=[Overwrite, Overwrite, Overwrite, RollbackTo(0, 0), RollbackTo(2, 7)] F=[R0.3,R1.3] weight=2 witness_faults=0 a=V1 b= c=
VKEY ob=3 path=[Overwrite, Overwrite, Overwrite, RollbackTo(1, 1)] F=[R1.2,R2.2] weight=2 witness_faults=0 a=V1V2 b=V2 c=V2
VKEY ob=3 path=[Overwrite, Overwrite, Overwrite, RollbackTo(1, 1), RollbackTo(0, 0)] F=[R0.3,R1.3] weight=2 witness_faults=0 a=V1 b= c=
VKEY ob=3 path=[Overwrite, Overwrite, Overwrite, RollbackTo(1, 1), RollbackTo(1, 1)] F=[R0.3,R1.3] weight=2 witness_faults=0 a=V1 b= c=
VKEY ob=3 path=[Overwrite, Overwrite, Overwrite, RollbackTo(1, 1), RollbackTo(2, 7)] F=[R0.3,R1.3] weight=2 witness_faults=0 a=V1 b= c=
VKEY ob=3 path=[Overwrite, Overwrite, Overwrite, RollbackTo(1, 2)] F=[R1.2,R2.2] weight=2 witness_faults=0 a=V1V2 b=V2 c=V2
VKEY ob=3 path=[Overwrite, Overwrite, Overwrite, RollbackTo(1, 2), RollbackTo(0, 0)] F=[R0.3,R1.3] weight=2 witness_faults=0 a=V1 b= c=
VKEY ob=3 path=[Overwrite, Overwrite, Overwrite, RollbackTo(1, 2), RollbackTo(1, 1)] F=[R0.3,R1.3] weight=2 witness_faults=0 a=V1 b= c=
VKEY ob=3 path=[Overwrite, Overwrite, Overwrite, RollbackTo(1, 2), RollbackTo(1, 2)] F=[R0.3,R1.3] weight=2 witness_faults=0 a=V1 b= c=
VKEY ob=3 path=[Overwrite, Overwrite, Overwrite, RollbackTo(1, 2), RollbackTo(2, 7)] F=[R0.3,R1.3] weight=2 witness_faults=0 a=V1 b= c=
VKEY ob=3 path=[Overwrite, Overwrite, Overwrite, RollbackTo(1, 3)] F=[R1.2,R2.2] weight=2 witness_faults=0 a=V1V2 b=V2 c=V2
VKEY ob=3 path=[Overwrite, Overwrite, Overwrite, RollbackTo(1, 3), Overwrite, RollbackTo(0, 0)] F=[R1.3,R2.3] weight=2 witness_faults=0 a=V1V2 b=V2 c=V2
VKEY ob=3 path=[Overwrite, Overwrite, Overwrite, RollbackTo(1, 3), Overwrite, RollbackTo(1, 1)] F=[R1.3,R2.3] weight=2 witness_faults=0 a=V1V2 b=V2 c=V2
VKEY ob=3 path=[Overwrite, Overwrite, Overwrite, RollbackTo(1, 3), Overwrite, RollbackTo(1, 2)] F=[R1.3,R2.3] weight=2 witness_faults=0 a=V1V2 b=V2 c=V2
VKEY ob=3 path=[Overwrite, Overwrite, Overwrite, RollbackTo(1, 3), Overwrite, RollbackTo(1, 3)] F=[R1.3,R2.3] weight=2 witness_faults=0 a=V1V2 b=V2 c=V2
VKEY ob=3 path=[Overwrite, Overwrite, Overwrite, RollbackTo(1, 3), Overwrite, RollbackTo(2, 7)] F=[R1.3,R2.3] weight=2 witness_faults=0 a=V1V2 b=V2 c=V2
VKEY ob=3 path=[Overwrite, Overwrite, Overwrite, RollbackTo(1, 3), Overwrite, RollbackTo(2, 8)] F=[R1.3,R2.3] weight=2 witness_faults=0 a=V1V2 b=V2 c=V2
VKEY ob=3 path=[Overwrite, Overwrite, Overwrite, RollbackTo(1, 3), RollbackTo(0, 0)] F=[R0.3,R1.3] weight=2 witness_faults=0 a=V1V2 b=V2 c=V2
VKEY ob=3 path=[Overwrite, Overwrite, Overwrite, RollbackTo(1, 3), RollbackTo(1, 1)] F=[R0.3,R1.3] weight=2 witness_faults=0 a=V1V2 b=V2 c=V2
VKEY ob=3 path=[Overwrite, Overwrite, Overwrite, RollbackTo(1, 3), RollbackTo(1, 2)] F=[R0.3,R1.3] weight=2 witness_faults=0 a=V1V2 b=V2 c=V2
VKEY ob=3 path=[Overwrite, Overwrite, Overwrite, RollbackTo(1, 3), RollbackTo(1, 3)] F=[R0.3,R1.3] weight=2 witness_faults=0 a=V1 b= c=
VKEY ob=3 path=[Overwrite, Overwrite, Overwrite, RollbackTo(1, 3), RollbackTo(2, 7)] F=[R0.3,R1.3] weight=2 witness_faults=0 a=V1 b= c=
VKEY ob=3 path=[Overwrite, Overwrite, Overwrite, RollbackTo(1, 4)] F=[R1.2,R2.2] weight=2 witness_faults=0 a=V1V2 b=V2 c=V2
VKEY ob=3 path=[Overwrite, Overwrite, Overwrite, RollbackTo(1, 4), Overwrite, RollbackTo(0, 0)] F=[R1.3,R2.3] weight=2 witness_faults=0 a=V1V2 b=V2 c=V2
VKEY ob=3 path=[Overwrite, Overwrite, Overwrite, RollbackTo(1, 4), Overwrite, RollbackTo(1, 1)] F=[R1.3,R2.3] weight=2 witness_faults=0 a=V1V2 b=V2 c=V2
VKEY ob=3 path=[Overwrite, Overwrite, Overwrite, RollbackTo(1, 4), Overwrite, RollbackTo(1, 2)] F=[R1.3,R2.3] weight=2 witness_faults=0 a=V1V2 b=V2 c=V2
VKEY ob=3 path=[Overwrite, Overwrite, Overwrite, RollbackTo(1, 4), Overwrite, RollbackTo(1, 3)] F=[R1.3,R2.3] weight=2 witness_faults=0 a=V1V2 b=V2 c=V2
VKEY ob=3 path=[Overwrite, Overwrite, Overwrite, RollbackTo(1, 4), Overwrite, RollbackTo(1, 4)] F=[R1.3,R2.3] weight=2 witness_faults=0 a=V1V2 b=V2 c=V2
VKEY ob=3 path=[Overwrite, Overwrite, Overwrite, RollbackTo(1, 4), Overwrite, RollbackTo(2, 7)] F=[R1.3,R2.3] weight=2 witness_faults=0 a=V1V2 b=V2 c=V2
VKEY ob=3 path=[Overwrite, Overwrite, Overwrite, RollbackTo(1, 4), Overwrite, RollbackTo(2, 8)] F=[R1.3,R2.3] weight=2 witness_faults=0 a=V1V2 b=V2 c=V2
VKEY ob=3 path=[Overwrite, Overwrite, Overwrite, RollbackTo(1, 4), RollbackTo(0, 0)] F=[R0.3,R1.3] weight=2 witness_faults=0 a=V1V2 b=V2 c=V2
VKEY ob=3 path=[Overwrite, Overwrite, Overwrite, RollbackTo(1, 4), RollbackTo(1, 1)] F=[R0.3,R1.3] weight=2 witness_faults=0 a=V1V2 b=V2 c=V2
VKEY ob=3 path=[Overwrite, Overwrite, Overwrite, RollbackTo(1, 4), RollbackTo(1, 2)] F=[R0.3,R1.3] weight=2 witness_faults=0 a=V1V2 b=V2 c=V2
VKEY ob=3 path=[Overwrite, Overwrite, Overwrite, RollbackTo(1, 4), RollbackTo(1, 3)] F=[R0.3,R1.3] weight=2 witness_faults=0 a=V1V2 b=V2 c=V2
VKEY ob=3 path=[Overwrite, Overwrite, Overwrite, RollbackTo(1, 4), RollbackTo(1, 4)] F=[R0.3,R1.3] weight=2 witness_faults=0 a=V1 b= c=
VKEY ob=3 path=[Overwrite, Overwrite, Overwrite, RollbackTo(1, 4), RollbackTo(2, 7)] F=[R0.3,R1.3] weight=2 witness_faults=0 a=V1 b= c=
VKEY ob=3 path=[Overwrite, Overwrite, Overwrite, RollbackTo(1, 5)] F=[R1.2,R2.2] weight=2 witness_faults=0 a=V1V2 b=V2 c=V2
VKEY ob=3 path=[Overwrite, Overwrite, Overwrite, RollbackTo(1, 5), Overwrite, RollbackTo(0, 0)] F=[R1.3,R2.3] weight=2 witness_faults=0 a=V1V2 b=V2 c=V2
VKEY ob=3 path=[Overwrite, Overwrite, Overwrite, RollbackTo(1, 5), Overwrite, RollbackTo(1, 1)] F=[R1.3,R2.3] weight=2 witness_faults=0 a=V1V2 b=V2 c=V2
VKEY ob=3 path=[Overwrite, Overwrite, Overwrite, RollbackTo(1, 5), Overwrite, RollbackTo(1, 2)] F=[R1.3,R2.3] weight=2 witness_faults=0 a=V1V2 b=V2 c=V2
VKEY ob=3 path=[Overwrite, Overwrite, Overwrite, RollbackTo(1, 5), Overwrite, RollbackTo(1, 3)] F=[R1.3,R2.3] weight=2 witness_faults=0 a=V1V2 b=V2 c=V2
VKEY ob=3 path=[Overwrite, Overwrite, Overwrite, RollbackTo(1, 5), Overwrite, RollbackTo(1, 4)] F=[R1.3,R2.3] weight=2 witness_faults=0 a=V1V2 b=V2 c=V2
VKEY ob=3 path=[Overwrite, Overwrite, Overwrite, RollbackTo(1, 5), Overwrite, RollbackTo(1, 5)] F=[R1.3,R2.3] weight=2 witness_faults=0 a=V1V2 b=V2 c=V2
VKEY ob=3 path=[Overwrite, Overwrite, Overwrite, RollbackTo(1, 5), Overwrite, RollbackTo(2, 7)] F=[R1.3,R2.3] weight=2 witness_faults=0 a=V1V2 b=V2 c=V2
VKEY ob=3 path=[Overwrite, Overwrite, Overwrite, RollbackTo(1, 5), Overwrite, RollbackTo(2, 8)] F=[R1.3,R2.3] weight=2 witness_faults=0 a=V1V2 b=V2 c=V2
VKEY ob=3 path=[Overwrite, Overwrite, Overwrite, RollbackTo(1, 5), RollbackTo(0, 0)] F=[R0.3,R1.3] weight=2 witness_faults=0 a=V1V2 b=V2 c=V2
VKEY ob=3 path=[Overwrite, Overwrite, Overwrite, RollbackTo(1, 5), RollbackTo(1, 1)] F=[R0.3,R1.3] weight=2 witness_faults=0 a=V1V2 b=V2 c=V2
VKEY ob=3 path=[Overwrite, Overwrite, Overwrite, RollbackTo(1, 5), RollbackTo(1, 2)] F=[R0.3,R1.3] weight=2 witness_faults=0 a=V1V2 b=V2 c=V2
VKEY ob=3 path=[Overwrite, Overwrite, Overwrite, RollbackTo(1, 5), RollbackTo(1, 3)] F=[R0.3,R1.3] weight=2 witness_faults=0 a=V1V2 b=V2 c=V2
VKEY ob=3 path=[Overwrite, Overwrite, Overwrite, RollbackTo(1, 5), RollbackTo(1, 4)] F=[R0.3,R1.3] weight=2 witness_faults=0 a=V1V2 b=V2 c=V2
VKEY ob=3 path=[Overwrite, Overwrite, Overwrite, RollbackTo(1, 5), RollbackTo(1, 5)] F=[R0.3,R1.3] weight=2 witness_faults=0 a=V1 b= c=
VKEY ob=3 path=[Overwrite, Overwrite, Overwrite, RollbackTo(1, 5), RollbackTo(2, 7)] F=[R0.3,R1.3] weight=2 witness_faults=0 a=V1 b= c=
VKEY ob=3 path=[Overwrite, Overwrite, Overwrite, RollbackTo(1, 6), Overwrite, RollbackTo(0, 0)] F=[R1.3,R2.3] weight=2 witness_faults=0 a=V1V2 b=V2 c=V2
VKEY ob=3 path=[Overwrite, Overwrite, Overwrite, RollbackTo(1, 6), Overwrite, RollbackTo(1, 1)] F=[R1.3,R2.3] weight=2 witness_faults=0 a=V1V2 b=V2 c=V2
VKEY ob=3 path=[Overwrite, Overwrite, Overwrite, RollbackTo(1, 6), Overwrite, RollbackTo(1, 2)] F=[R1.3,R2.3] weight=2 witness_faults=0 a=V1V2 b=V2 c=V2
VKEY ob=3 path=[Overwrite, Overwrite, Overwrite, RollbackTo(1, 6), Overwrite, RollbackTo(1, 3)] F=[R1.3,R2.3] weight=2 witness_faults=0 a=V1V2 b=V2 c=V2
VKEY ob=3 path=[Overwrite, Overwrite, Overwrite, RollbackTo(1, 6), Overwrite, RollbackTo(1, 4)] F=[R1.3,R2.3] weight=2 witness_faults=0 a=V1V2 b=V2 c=V2
VKEY ob=3 path=[Overwrite, Overwrite, Overwrite, RollbackTo(1, 6), Overwrite, RollbackTo(1, 5)] F=[R1.3,R2.3] weight=2 witness_faults=0 a=V1V2 b=V2 c=V2
VKEY ob=3 path=[Overwrite, Overwrite, Overwrite, RollbackTo(1, 6), Overwrite, RollbackTo(1, 6)] F=[R1.3,R2.3] weight=2 witness_faults=0 a=V1V2 b=V2 c=V2
VKEY ob=3 path=[Overwrite, Overwrite, Overwrite, RollbackTo(1, 6), Overwrite, RollbackTo(2, 7)] F=[R1.3,R2.3] weight=2 witness_faults=0 a=V1V2 b=V2 c=V2
VKEY ob=3 path=[Overwrite, Overwrite, Overwrite, RollbackTo(1, 6), Overwrite, RollbackTo(2, 8)] F=[R1.3,R2.3] weight=2 witness_faults=0 a=V1V2 b=V2 c=V2
VKEY ob=3 path=[Overwrite, Overwrite, Overwrite, RollbackTo(1, 6), RollbackTo(0, 0)] F=[R0.3,R1.3] weight=2 witness_faults=0 a=V1V2 b=V2 c=V2
VKEY ob=3 path=[Overwrite, Overwrite, Overwrite, RollbackTo(1, 6), RollbackTo(1, 1)] F=[R0.3,R1.3] weight=2 witness_faults=0 a=V1V2 b=V2 c=V2
VKEY ob=3 path=[Overwrite, Overwrite, Overwrite, RollbackTo(1, 6), RollbackTo(1, 2)] F=[R0.3,R1.3] weight=2 witness_faults=0 a=V1V2 b=V2 c=V2
VKEY ob=3 path=[Overwrite, Overwrite, Overwrite, RollbackTo(1, 6), RollbackTo(1, 3)] F=[R0.3,R1.3] weight=2 witness_faults=0 a=V1V2 b=V2 c=V2
VKEY ob=3 path=[Overwrite, Overwrite, Overwrite, RollbackTo(1, 6), RollbackTo(1, 4)] F=[R0.3,R1.3] weight=2 witness_faults=0 a=V1V2 b=V2 c=V2
VKEY ob=3 path=[Overwrite, Overwrite, Overwrite, RollbackTo(1, 6), RollbackTo(1, 5)] F=[R0.3,R1.3] weight=2 witness_faults=0 a=V1V2 b=V2 c=V2
VKEY ob=3 path=[Overwrite, Overwrite, Overwrite, RollbackTo(1, 6), RollbackTo(1, 6)] F=[R0.3,R1.3] weight=2 witness_faults=0 a=V1 b= c=
VKEY ob=3 path=[Overwrite, Overwrite, Overwrite, RollbackTo(1, 6), RollbackTo(2, 7)] F=[R0.3,R1.3] weight=2 witness_faults=0 a=V1 b= c=
E7RESULT name=witness_family_summary placement=None order=BeforeFirstRoot pbs=512 geometry=GEOMETRY_PRIMARY(S=8,ring=3MiB) max_weight=2 nodes_visited=1822 pairs=170719 pairs_with_any_violation=213 cold_recover_with_fault_failed=0 mount_writable_with_fault_failed=0 skipped_by_the_reduction_rule=145145
E7RESULT name=witness_family_by_weight placement=None order=BeforeFirstRoot pbs=512 weight=0 pairs=1822 violations=0
E7RESULT name=witness_family_by_weight placement=None order=BeforeFirstRoot pbs=512 weight=1 pairs=23752 violations=0
E7RESULT name=witness_family_by_weight placement=None order=BeforeFirstRoot pbs=512 weight=2 pairs=145145 violations=213
E7RESULT name=witness_family_by_checkpoint placement=None order=BeforeFirstRoot pbs=512 a_V1=213 a_V2=175 b_V1=0 b_V2=175 c_V1=0 c_V2=175
E7RESULT name=done emitted=6
