# c143_model.py output (stdlib only, deterministic)
# arm A == arm B for stat 12 in this model (same max over the same readable-root set)

## sweep1: one rollback after a prefix of <= 4 publishes (p0 p1 f0 f1), optional
##         crash-after-record, rollback kk in 1..3, read fault u, switch-in-rb sw
name=sweep1 warm=lenient arm=A runs=17464 violating=5964 min_faults=1 by_faults=0:0/178;1:148/1184;2:700/3274;3:1452/4932;4:1826/4544;5:1310/2520;6:456/736;7:72/96
name=sweep1 warm=lenient arm=A/reload runs=8732 violating=5394 min_faults=1 by_faults=1:72/178;2:500/1006;3:1276/2268;4:1656/2664;5:1318/1880;6:490/640;7:82/96
name=sweep1 warm=lenient arm=AJ runs=17464 violating=0 min_faults=None by_faults=0:0/178;1:0/1184;2:0/3274;3:0/4932;4:0/4544;5:0/2520;6:0/736;7:0/96
name=sweep1 warm=lenient arm=C runs=17464 violating=560 min_faults=1 by_faults=0:0/178;1:4/1184;2:34/3274;3:112/4932;4:166/4544;5:152/2520;6:78/736;7:14/96
name=sweep1 warm=lenient arm=CJ runs=17464 violating=0 min_faults=None by_faults=0:0/178;1:0/1184;2:0/3274;3:0/4932;4:0/4544;5:0/2520;6:0/736;7:0/96
name=sweep1 warm=strict arm=A runs=19312 violating=3860 min_faults=1 by_faults=0:0/178;1:148/1188;2:614/3422;3:1074/5516;4:1052/5240;5:660/2856;6:264/816;7:48/96
name=sweep1 warm=strict arm=A/reload runs=9656 violating=4492 min_faults=1 by_faults=1:72/178;2:426/1010;3:1042/2412;4:1448/3104;5:1068/2136;6:380/720;7:56/96
name=sweep1 warm=strict arm=AJ runs=19312 violating=0 min_faults=None by_faults=0:0/178;1:0/1188;2:0/3422;3:0/5516;4:0/5240;5:0/2856;6:0/816;7:0/96
name=sweep1 warm=strict arm=C runs=19312 violating=0 min_faults=None by_faults=0:0/178;1:0/1188;2:0/3422;3:0/5516;4:0/5240;5:0/2856;6:0/816;7:0/96
name=sweep1 warm=strict arm=CJ runs=19312 violating=0 min_faults=None by_faults=0:0/178;1:0/1188;2:0/3422;3:0/5516;4:0/5240;5:0/2856;6:0/816;7:0/96
example warm=lenient arm=A faults=1 script=[p1 rb1d10 u2]
  violations=[((12, 2), [2, 3], True)]
    txg1 i1 root->disk1 wm=
    txg2 i1 root->disk0 wm=
    txg3 i1 root->disk0 creates (12,1,bg3) wm=12:2
    txg4 i1 root->disk1 creates (12,2,bg4) wm=12:3
    ROLLBACK u=d1: R_old=txg3 i1; readable ring max txg3; first new root txg4 i2; wm=12:2
    txg4 i2 root->disk1 wm=12:2
    txg5 i2 root->disk0 creates (12,2,bg5) wm=12:3
    txg6 i2 root->disk0 creates (12,3,bg6) wm=12:4
example warm=lenient arm=A/reload faults=1 script=[p1 rb2none1 u2]
  violations=[((12, 2), [2, 3], True)]
    txg1 i1 root->disk1 wm=
    txg2 i1 root->disk0 wm=
    txg3 i1 root->disk0 creates (12,1,bg3) wm=12:2
    txg4 i1 root->disk1 creates (12,2,bg4) wm=12:3
    ROLLBACK u=none: R_old=txg3 i1; readable ring max txg4; first new root txg5 i2; wm=12:3
    txg5 i2: rollback root write FAILS
      switch -> i3 (watermark reloaded from R_old)
    txg6 i3 root->disk0 wm=12:2
    txg7 i3 root->disk1 creates (12,2,bg7) wm=12:3
    txg8 i3 root->disk0 creates (12,3,bg8) wm=12:4
example warm=lenient arm=C faults=1 script=[p0 p0 p1 rb1d00 u2]
  violations=[((12, 2, 6), [2, 3], True)]
    txg1 i1 root->disk1 wm=
    txg2 i1 root->disk0 wm=
    txg3 i1 root->disk0 creates (12,1,bg3) wm=12:2
    txg4 i1 root->disk1 wm=12:2
    txg5 i1 root->disk0 wm=12:2
    txg6 i1 root->disk0 creates (12,2,bg6) wm=12:3
    ROLLBACK u=d0: R_old=txg4 i1; readable ring max txg4; first new root txg5 i2; wm=12:2
    txg5 i2 root->disk0 wm=12:2
    txg6 i2 root->disk0 creates (12,2,bg6) wm=12:3
    txg7 i2 root->disk1 creates (12,3,bg7) wm=12:4
example warm=strict arm=A faults=1 script=[p1 rb1d10 u2]
  violations=[((12, 2), [2, 3], True)]
    txg1 i1 root->disk1 wm=
    txg2 i1 root->disk0 wm=
    txg3 i1 root->disk0 creates (12,1,bg3) wm=12:2
    txg4 i1 root->disk1 creates (12,2,bg4) wm=12:3
    ROLLBACK u=d1: R_old=txg3 i1; readable ring max txg3; first new root txg4 i2; wm=12:2
    txg4 i2 root->disk1 wm=12:2
    txg5 i2 root->disk0 wm=12:2
    txg6 i2 root->disk0 creates (12,2,bg6) wm=12:3
    txg7 i2 root->disk1 creates (12,3,bg7) wm=12:4
example warm=strict arm=A/reload faults=1 script=[p1 rb2none1 u2]
  violations=[((12, 2), [2, 3], True)]
    txg1 i1 root->disk1 wm=
    txg2 i1 root->disk0 wm=
    txg3 i1 root->disk0 creates (12,1,bg3) wm=12:2
    txg4 i1 root->disk1 creates (12,2,bg4) wm=12:3
    ROLLBACK u=none: R_old=txg3 i1; readable ring max txg4; first new root txg5 i2; wm=12:3
    txg5 i2: rollback root write FAILS
      switch -> i3 (watermark reloaded from R_old)
    txg6 i3 root->disk0 wm=12:2
    txg7 i3 root->disk1 wm=12:2
    txg8 i3 root->disk0 creates (12,2,bg8) wm=12:3
    txg9 i3 root->disk0 creates (12,3,bg9) wm=12:4

## sweep1 cross-arm pattern: arms violated (own criterion), by fault count
name=pattern warm=lenient faults=0 arms=- scripts=178
name=pattern warm=lenient faults=1 arms=- scripts=964
name=pattern warm=lenient faults=1 arms=A scripts=144
name=pattern warm=lenient faults=1 arms=A+C scripts=4
name=pattern warm=lenient faults=1 arms=A/reload scripts=72
name=pattern warm=lenient faults=2 arms=- scripts=2222
name=pattern warm=lenient faults=2 arms=A scripts=518
name=pattern warm=lenient faults=2 arms=A+A/reload scripts=148
name=pattern warm=lenient faults=2 arms=A+C scripts=34
name=pattern warm=lenient faults=2 arms=A/reload scripts=352
name=pattern warm=lenient faults=3 arms=- scripts=2756
name=pattern warm=lenient faults=3 arms=A scripts=792
name=pattern warm=lenient faults=3 arms=A+A/reload scripts=548
name=pattern warm=lenient faults=3 arms=A+A/reload+C scripts=4
name=pattern warm=lenient faults=3 arms=A+C scripts=108
name=pattern warm=lenient faults=3 arms=A/reload scripts=724
name=pattern warm=lenient faults=4 arms=- scripts=1962
name=pattern warm=lenient faults=4 arms=A scripts=794
name=pattern warm=lenient faults=4 arms=A+A/reload scripts=866
name=pattern warm=lenient faults=4 arms=A+A/reload+C scripts=34
name=pattern warm=lenient faults=4 arms=A+C scripts=132
name=pattern warm=lenient faults=4 arms=A/reload scripts=756
name=pattern warm=lenient faults=5 arms=- scripts=818
name=pattern warm=lenient faults=5 arms=A scripts=288
name=pattern warm=lenient faults=5 arms=A+A/reload scripts=870
name=pattern warm=lenient faults=5 arms=A+A/reload+C scripts=56
name=pattern warm=lenient faults=5 arms=A+C scripts=96
name=pattern warm=lenient faults=5 arms=A/reload scripts=392
name=pattern warm=lenient faults=6 arms=- scripts=174
name=pattern warm=lenient faults=6 arms=A scripts=50
name=pattern warm=lenient faults=6 arms=A+A/reload scripts=328
name=pattern warm=lenient faults=6 arms=A+A/reload+C scripts=56
name=pattern warm=lenient faults=6 arms=A+C scripts=22
name=pattern warm=lenient faults=6 arms=A/reload scripts=106
name=pattern warm=lenient faults=7 arms=- scripts=14
name=pattern warm=lenient faults=7 arms=A+A/reload scripts=58
name=pattern warm=lenient faults=7 arms=A+A/reload+C scripts=14
name=pattern warm=lenient faults=7 arms=A/reload scripts=10
name=pattern warm=strict faults=0 arms=- scripts=178
name=pattern warm=strict faults=1 arms=- scripts=968
name=pattern warm=strict faults=1 arms=A scripts=148
name=pattern warm=strict faults=1 arms=A/reload scripts=72
name=pattern warm=strict faults=2 arms=- scripts=2530
name=pattern warm=strict faults=2 arms=A scripts=466
name=pattern warm=strict faults=2 arms=A+A/reload scripts=148
name=pattern warm=strict faults=2 arms=A/reload scripts=278
name=pattern warm=strict faults=3 arms=- scripts=3866
name=pattern warm=strict faults=3 arms=A scripts=608
name=pattern warm=strict faults=3 arms=A+A/reload scripts=466
name=pattern warm=strict faults=3 arms=A/reload scripts=576
name=pattern warm=strict faults=4 arms=- scripts=3348
name=pattern warm=strict faults=4 arms=A scripts=444
name=pattern warm=strict faults=4 arms=A+A/reload scripts=608
name=pattern warm=strict faults=4 arms=A/reload scripts=840
name=pattern warm=strict faults=5 arms=- scripts=1572
name=pattern warm=strict faults=5 arms=A scripts=216
name=pattern warm=strict faults=5 arms=A+A/reload scripts=444
name=pattern warm=strict faults=5 arms=A/reload scripts=624
name=pattern warm=strict faults=6 arms=- scripts=388
name=pattern warm=strict faults=6 arms=A scripts=48
name=pattern warm=strict faults=6 arms=A+A/reload scripts=216
name=pattern warm=strict faults=6 arms=A/reload scripts=164
name=pattern warm=strict faults=7 arms=- scripts=40
name=pattern warm=strict faults=7 arms=A+A/reload scripts=48
name=pattern warm=strict faults=7 arms=A/reload scripts=8
name=C_hit_but_A_not count=0 first=[]

## sweep2: after a clean rollback, and clone made in the abandoned timeline
name=sweep2 warm=lenient family=clone_after_rb arm=A runs=9 violating=0 tree_id_reused=0 min_example=None
name=sweep2 warm=lenient family=clone_after_rb arm=AJ runs=9 violating=0 tree_id_reused=0 min_example=None
name=sweep2 warm=lenient family=clone_after_rb arm=C runs=9 violating=0 tree_id_reused=0 min_example=None
name=sweep2 warm=lenient family=clone_after_rb arm=CJ runs=9 violating=0 tree_id_reused=0 min_example=None
name=sweep2 warm=lenient family=clone_in_abandoned arm=A runs=61 violating=12 tree_id_reused=12 min_example=(1, 6, 'p1 clone uc1 rb1d00 clone uc1')
name=sweep2 warm=lenient family=clone_in_abandoned arm=AJ runs=61 violating=12 tree_id_reused=12 min_example=(1, 6, 'p1 clone uc1 rb1d00 clone uc1')
name=sweep2 warm=lenient family=clone_in_abandoned arm=C runs=61 violating=0 tree_id_reused=12 min_example=None
name=sweep2 warm=lenient family=clone_in_abandoned arm=CJ runs=61 violating=0 tree_id_reused=12 min_example=None
name=sweep2 warm=lenient family=rb_then_crash_mount arm=A runs=45 violating=0 tree_id_reused=0 min_example=None
name=sweep2 warm=lenient family=rb_then_crash_mount arm=AJ runs=45 violating=0 tree_id_reused=0 min_example=None
name=sweep2 warm=lenient family=rb_then_crash_mount arm=C runs=45 violating=0 tree_id_reused=0 min_example=None
name=sweep2 warm=lenient family=rb_then_crash_mount arm=CJ runs=45 violating=0 tree_id_reused=0 min_example=None
name=sweep2 warm=lenient family=two_rollbacks arm=A runs=119 violating=68 tree_id_reused=0 min_example=(1, 4, 'rb1none0 u2 rb1d00 u1')
name=sweep2 warm=lenient family=two_rollbacks arm=AJ runs=119 violating=0 tree_id_reused=0 min_example=None
name=sweep2 warm=lenient family=two_rollbacks arm=C runs=119 violating=0 tree_id_reused=0 min_example=None
name=sweep2 warm=lenient family=two_rollbacks arm=CJ runs=119 violating=0 tree_id_reused=0 min_example=None
name=sweep2 warm=strict family=clone_after_rb arm=A runs=9 violating=0 tree_id_reused=0 min_example=None
name=sweep2 warm=strict family=clone_after_rb arm=AJ runs=9 violating=0 tree_id_reused=0 min_example=None
name=sweep2 warm=strict family=clone_after_rb arm=C runs=9 violating=0 tree_id_reused=0 min_example=None
name=sweep2 warm=strict family=clone_after_rb arm=CJ runs=9 violating=0 tree_id_reused=0 min_example=None
name=sweep2 warm=strict family=clone_in_abandoned arm=A runs=62 violating=16 tree_id_reused=16 min_example=(1, 6, 'p1 clone uc1 rb1d00 clone uc1')
name=sweep2 warm=strict family=clone_in_abandoned arm=AJ runs=62 violating=16 tree_id_reused=16 min_example=(1, 6, 'p1 clone uc1 rb1d00 clone uc1')
name=sweep2 warm=strict family=clone_in_abandoned arm=C runs=62 violating=0 tree_id_reused=16 min_example=None
name=sweep2 warm=strict family=clone_in_abandoned arm=CJ runs=62 violating=0 tree_id_reused=16 min_example=None
name=sweep2 warm=strict family=rb_then_crash_mount arm=A runs=45 violating=0 tree_id_reused=0 min_example=None
name=sweep2 warm=strict family=rb_then_crash_mount arm=AJ runs=45 violating=0 tree_id_reused=0 min_example=None
name=sweep2 warm=strict family=rb_then_crash_mount arm=C runs=45 violating=0 tree_id_reused=0 min_example=None
name=sweep2 warm=strict family=rb_then_crash_mount arm=CJ runs=45 violating=0 tree_id_reused=0 min_example=None
name=sweep2 warm=strict family=two_rollbacks arm=A runs=125 violating=72 tree_id_reused=0 min_example=(1, 4, 'rb1none0 u2 rb1d10 u1')
name=sweep2 warm=strict family=two_rollbacks arm=AJ runs=125 violating=0 tree_id_reused=0 min_example=None
name=sweep2 warm=strict family=two_rollbacks arm=C runs=125 violating=0 tree_id_reused=0 min_example=None
name=sweep2 warm=strict family=two_rollbacks arm=CJ runs=125 violating=0 tree_id_reused=0 min_example=None
example2 family=clone_in_abandoned arm=A faults=1 script=[p1 clone uc1 rb1d00 clone uc1] tree_reuse=[19]
  violations=[((19, 3), [3, 4], True)]
    txg1 i1 root->disk1 wm=
    txg2 i1 root->disk0 wm=
    txg3 i1 root->disk0 creates (12,1,bg3) wm=12:2
    txg4 i1 root->disk1 creates (12,2,bg4) wm=12:3
    clone of 12 -> tree 19 (wm 3)
    txg5 i1 root->disk0 wm=12:3,19:3
    txg6 i1 root->disk0 creates (19,3,bg6) wm=12:3,19:4
    ROLLBACK u=d0: R_old=txg4 i1; readable ring max txg4; first new root txg5 i2; wm=12:3
    txg5 i2 root->disk0 wm=12:3
    txg6 i2 root->disk0 wm=12:3
    txg7 i2 root->disk1 wm=12:3
    clone of 12 -> tree 19 (wm 3)
    txg8 i2 root->disk0 wm=12:3,19:3
    txg9 i2 root->disk0 creates (19,3,bg9) wm=12:3,19:4
example2 family=clone_in_abandoned arm=AJ faults=1 script=[p1 clone uc1 rb1d00 clone uc1] tree_reuse=[19]
  violations=[((19, 3), [3, 4], True)]
    txg1 i1 root->disk1 wm=
    txg2 i1 root->disk0 wm=
    txg3 i1 root->disk0 creates (12,1,bg3) wm=12:2
    txg4 i1 root->disk1 creates (12,2,bg4) wm=12:3
    clone of 12 -> tree 19 (wm 3)
    txg5 i1 root->disk0 wm=12:3,19:3
    txg6 i1 root->disk0 creates (19,3,bg6) wm=12:3,19:4
    ROLLBACK u=d0: R_old=txg4 i1; readable ring max txg4; first new root txg5 i2; wm=12:3
    txg5 i2 root->disk0 wm=12:3
    txg6 i2 root->disk0 wm=12:3
    txg7 i2 root->disk1 wm=12:3
    clone of 12 -> tree 19 (wm 3)
    txg8 i2 root->disk0 wm=12:3,19:3
    txg9 i2 root->disk0 creates (19,3,bg9) wm=12:3,19:4
example2 family=two_rollbacks arm=A faults=1 script=[rb1none0 u2 rb1d10 u1] tree_reuse=[]
  violations=[((12, 3), [3, 4], True)]
    txg1 i1 root->disk1 wm=
    txg2 i1 root->disk0 wm=
    txg3 i1 root->disk0 creates (12,1,bg3) wm=12:2
    ROLLBACK u=none: R_old=txg3 i1; readable ring max txg3; first new root txg4 i2; wm=12:2
    txg4 i2 root->disk1 wm=12:2
    txg5 i2 root->disk0 wm=12:2
    txg6 i2 root->disk0 creates (12,2,bg6) wm=12:3
    txg7 i2 root->disk1 creates (12,3,bg7) wm=12:4
    ROLLBACK u=d1: R_old=txg6 i2; readable ring max txg6; first new root txg7 i3; wm=12:3
    txg7 i3 root->disk1 wm=12:3
    txg8 i3 root->disk0 wm=12:3
    txg9 i3 root->disk0 creates (12,3,bg9) wm=12:4

## sweep3 (question 3): R_old kept in the ring by a failed write on its own slot
name=sweep3 S=4 skip=True n_obj=1 arm=A R_old=txg5 R_old_in_ring=True ring_roots_carrying_H2=[5] rollback_ok=True faults=1 violations=[((19, 2), [2, 3], True)]
    txg1 i1 root->disk1 wm=
    txg2 i1 root->disk0 wm=
    txg3 i1 root->disk0 creates (12,1,bg3) wm=12:2
    clone of 12 -> tree 19 (wm 2)
    txg4 i1 root->disk1 wm=12:2,19:2
    txg5 i1 root->disk0 wm=12:2,19:2
    txg6 i1 root->disk0 creates (19,2,bg6) wm=12:2,19:3
    destroy head 19
    txg7 i1 root->disk1 wm=12:2
    txg8 i1 root->disk0 wm=12:2
    txg9 i1 root->disk0 wm=12:2
    txg10 i1 root->disk1 wm=12:2
    txg11 i1 root->disk0 wm=12:2
    txg12 i1 root->disk0 wm=12:2
    txg13 i1 root->disk1 wm=12:2
    txg14 i1 root->disk0 wm=12:2
    txg15 i1 root->disk0 wm=12:2
    txg16 i1 root->disk1 wm=12:2
    txg17 i1: root write to disk0 FAILS
      switch -> i2
    txg18 i2 root->disk0 wm=12:2
    txg19 i2 root->disk1 wm=12:2
    txg20 i2 root->disk0 wm=12:2
    txg21 i2 root->disk0 wm=12:2
    txg22 i2 root->disk1 wm=12:2
    txg23 i2 root->disk0 wm=12:2
    txg24 i2 root->disk0 wm=12:2
    txg25 i2 root->disk1 wm=12:2
    txg26 i2 root->disk0 wm=12:2
    txg27 i2 root->disk0 wm=12:2
    txg28 i2 root->disk1 wm=12:2
    ROLLBACK u=none: R_old=txg5 i1; readable ring max txg28; first new root txg29 i3; wm=12:2,19:2
    txg29 i3 root->disk0 wm=12:2,19:2
    txg30 i3 root->disk0 wm=12:2,19:2
    txg31 i3 root->disk1 wm=12:2,19:2
    txg32 i3 root->disk0 creates (19,2,bg32) wm=12:2,19:3
name=sweep3 S=4 skip=True n_obj=1 arm=AJ R_old=txg5 R_old_in_ring=True ring_roots_carrying_H2=[5] rollback_ok=True faults=1 violations=[]
name=sweep3 S=4 skip=True n_obj=1 arm=C R_old=txg5 R_old_in_ring=True ring_roots_carrying_H2=[5] rollback_ok=True faults=1 violations=[]
name=sweep3 S=4 skip=True n_obj=1 arm=CJ R_old=txg5 R_old_in_ring=True ring_roots_carrying_H2=[5] rollback_ok=True faults=1 violations=[]
name=sweep3 S=4 skip=True n_obj=2 arm=A R_old=txg5 R_old_in_ring=True ring_roots_carrying_H2=[5] rollback_ok=True faults=1 violations=[((19, 2), [2, 4], True)]
name=sweep3 S=4 skip=True n_obj=2 arm=AJ R_old=txg5 R_old_in_ring=True ring_roots_carrying_H2=[5] rollback_ok=True faults=1 violations=[]
name=sweep3 S=4 skip=True n_obj=2 arm=C R_old=txg5 R_old_in_ring=True ring_roots_carrying_H2=[5] rollback_ok=True faults=1 violations=[]
name=sweep3 S=4 skip=True n_obj=2 arm=CJ R_old=txg5 R_old_in_ring=True ring_roots_carrying_H2=[5] rollback_ok=True faults=1 violations=[]
name=sweep3 S=4 skip=False n_obj=1 arm=A R_old=txg5 R_old_in_ring=False ring_roots_carrying_H2=[] rollback_ok=False faults=0 violations=None
name=sweep3 S=4 skip=False n_obj=1 arm=AJ R_old=txg5 R_old_in_ring=False ring_roots_carrying_H2=[] rollback_ok=False faults=0 violations=None
name=sweep3 S=4 skip=False n_obj=1 arm=C R_old=txg5 R_old_in_ring=False ring_roots_carrying_H2=[] rollback_ok=False faults=0 violations=None
name=sweep3 S=4 skip=False n_obj=1 arm=CJ R_old=txg5 R_old_in_ring=False ring_roots_carrying_H2=[] rollback_ok=False faults=0 violations=None
name=sweep3 S=4 skip=False n_obj=2 arm=A R_old=txg5 R_old_in_ring=False ring_roots_carrying_H2=[] rollback_ok=False faults=0 violations=None
name=sweep3 S=4 skip=False n_obj=2 arm=AJ R_old=txg5 R_old_in_ring=False ring_roots_carrying_H2=[] rollback_ok=False faults=0 violations=None
name=sweep3 S=4 skip=False n_obj=2 arm=C R_old=txg5 R_old_in_ring=False ring_roots_carrying_H2=[] rollback_ok=False faults=0 violations=None
name=sweep3 S=4 skip=False n_obj=2 arm=CJ R_old=txg5 R_old_in_ring=False ring_roots_carrying_H2=[] rollback_ok=False faults=0 violations=None
name=sweep3 S=5 skip=True n_obj=1 arm=A R_old=txg5 R_old_in_ring=True ring_roots_carrying_H2=[5] rollback_ok=True faults=1 violations=[((19, 2), [2, 3], True)]
name=sweep3 S=5 skip=True n_obj=1 arm=AJ R_old=txg5 R_old_in_ring=True ring_roots_carrying_H2=[5] rollback_ok=True faults=1 violations=[]
name=sweep3 S=5 skip=True n_obj=1 arm=C R_old=txg5 R_old_in_ring=True ring_roots_carrying_H2=[5] rollback_ok=True faults=1 violations=[]
name=sweep3 S=5 skip=True n_obj=1 arm=CJ R_old=txg5 R_old_in_ring=True ring_roots_carrying_H2=[5] rollback_ok=True faults=1 violations=[]
name=sweep3 S=5 skip=True n_obj=2 arm=A R_old=txg5 R_old_in_ring=True ring_roots_carrying_H2=[5] rollback_ok=True faults=1 violations=[((19, 2), [2, 4], True)]
name=sweep3 S=5 skip=True n_obj=2 arm=AJ R_old=txg5 R_old_in_ring=True ring_roots_carrying_H2=[5] rollback_ok=True faults=1 violations=[]
name=sweep3 S=5 skip=True n_obj=2 arm=C R_old=txg5 R_old_in_ring=True ring_roots_carrying_H2=[5] rollback_ok=True faults=1 violations=[]
name=sweep3 S=5 skip=True n_obj=2 arm=CJ R_old=txg5 R_old_in_ring=True ring_roots_carrying_H2=[5] rollback_ok=True faults=1 violations=[]
name=sweep3 S=5 skip=False n_obj=1 arm=A R_old=txg5 R_old_in_ring=False ring_roots_carrying_H2=[] rollback_ok=False faults=0 violations=None
name=sweep3 S=5 skip=False n_obj=1 arm=AJ R_old=txg5 R_old_in_ring=False ring_roots_carrying_H2=[] rollback_ok=False faults=0 violations=None
name=sweep3 S=5 skip=False n_obj=1 arm=C R_old=txg5 R_old_in_ring=False ring_roots_carrying_H2=[] rollback_ok=False faults=0 violations=None
name=sweep3 S=5 skip=False n_obj=1 arm=CJ R_old=txg5 R_old_in_ring=False ring_roots_carrying_H2=[] rollback_ok=False faults=0 violations=None
name=sweep3 S=5 skip=False n_obj=2 arm=A R_old=txg5 R_old_in_ring=False ring_roots_carrying_H2=[] rollback_ok=False faults=0 violations=None
name=sweep3 S=5 skip=False n_obj=2 arm=AJ R_old=txg5 R_old_in_ring=False ring_roots_carrying_H2=[] rollback_ok=False faults=0 violations=None
name=sweep3 S=5 skip=False n_obj=2 arm=C R_old=txg5 R_old_in_ring=False ring_roots_carrying_H2=[] rollback_ok=False faults=0 violations=None
name=sweep3 S=5 skip=False n_obj=2 arm=CJ R_old=txg5 R_old_in_ring=False ring_roots_carrying_H2=[] rollback_ok=False faults=0 violations=None

## rebuild: level-1 scan rebuild with the instance table unreadable
name=rebuild case=crash join_by_birthgen=False result={'leaves(cno:[inos])': [(1, [1, 2, 3])], 'I-9.4_violations': 0, 'duplicate_keys': 0, 'mixed_extents': 1, 'orphan_extents': 0}
name=rebuild case=crash join_by_birthgen=True result={'leaves(cno:[inos])': [(1, [1, 2, 3])], 'I-9.4_violations': 0, 'duplicate_keys': 0, 'mixed_extents': 0, 'orphan_extents': 2}
name=rebuild case=rollback_AB join_by_birthgen=False result={'leaves(cno:[inos])': [(1, [1, 2, 5]), (4, [4]), (6, [6])], 'I-9.4_violations': 1, 'duplicate_keys': 0, 'mixed_extents': 0, 'orphan_extents': 2}
name=rebuild case=rollback_AB join_by_birthgen=True result={'leaves(cno:[inos])': [(1, [1, 2, 5]), (4, [4]), (6, [6])], 'I-9.4_violations': 1, 'duplicate_keys': 0, 'mixed_extents': 0, 'orphan_extents': 2}
name=rebuild case=rollback_C join_by_birthgen=False result={'leaves(cno:[inos])': [(1, [1, 2, 3]), (4, [4]), (4, [4])], 'I-9.4_violations': 1, 'duplicate_keys': 1, 'mixed_extents': 1, 'orphan_extents': 0}
name=rebuild case=rollback_C join_by_birthgen=True result={'leaves(cno:[inos])': [(1, [1, 2, 3]), (4, [4]), (4, [4])], 'I-9.4_violations': 1, 'duplicate_keys': 1, 'mixed_extents': 0, 'orphan_extents': 2}
END c143_model lines_before_this=299
