| 实验 | 甲 提交 | 甲 动决策 | 乙 提交 | 乙 动决策 | 终 提交 | 终 动决策 |
|---|---|---|---|---|---|---|
| E1 | 357dbf0 | False | 79bc30d | True | 79bc30d | True |
| E4 | 357dbf0 | False | 79bc30d | True | 79bc30d | True |
| E6 | 357dbf0 | False | 63e6fee | True | 63e6fee | True |
| E7 | 357dbf0 | False | d130ddc | True | d130ddc | True |
| E8 | 357dbf0 | False | f242ea8 | True | f242ea8 | True |
| E9 | 357dbf0 | False | 27cd043 | True | 27cd043 | True |
| E100 | 4ef5079 | True | 4ef5079 | True | 4ef5079 | True |
| E101 | 4ef5079 | True | 4ef5079 | True | 4ef5079 | True |
| E102 | e4066d4 | True | e4066d4 | True | e4066d4 | True |
| E103 | c31b5df | True | c31b5df | True | c31b5df | True |
| E104 | 571ef23 | True | 571ef23 | True | 571ef23 | True |
| E106 | 1a90b59 | True | 1a90b59 | True | 1a90b59 | True |
| E107 | 1a90b59 | True | 04b4f3e | True | 04b4f3e | True |
| E108 | 1a90b59 | True | 1a90b59 | True | 1a90b59 | True |
| E109 | 04b4f3e | True | 04b4f3e | True | 04b4f3e | True |
| E110 | 04b4f3e | True | 04b4f3e | True | 04b4f3e | True |
| E111 | 04b4f3e | True | 04b4f3e | True | 04b4f3e | True |
| E112 | 648745b | True | 648745b | True | 648745b | True |
| E113 | 648745b | True | 648745b | True | 648745b | True |
| E114 | cd59fd9 | True | cd59fd9 | True | cd59fd9 | True |
| E115 | 99ad3f0 | True | 99ad3f0 | True | 99ad3f0 | True |
| E116 | 5222de4 | False | 5222de4 | False | 5222de4 | False |
| E117 | 5222de4 | False | 5222de4 | False | 5222de4 | False |
| E118 | 5222de4 | False | 5222de4 | False | 5222de4 | False |
| E119 | 5222de4 | False | 5222de4 | False | 5222de4 | False |
| E12 | 357dbf0 | False | 3c15800 | True | 3c15800 | True |
| E120 | 5222de4 | False | 5222de4 | False | 5222de4 | False |
| E121 | 5222de4 | False | 5222de4 | False | 5222de4 | False |
| E122 | 5222de4 | False | 5222de4 | False | 5222de4 | False |
| E123 | 3419de7 | True | 3419de7 | True | 3419de7 | True |
| E124 | 3419de7 | True | 3419de7 | True | 3419de7 | True |
| E125 | 3419de7 | True | 3419de7 | True | 3419de7 | True |
| E126 | 3419de7 | True | 3419de7 | True | 3419de7 | True |
| E127 | 3419de7 | True | faeaace | True | faeaace | True |
| E128 | 3419de7 | True | 3419de7 | True | 3419de7 | True |
| E129 | 3419de7 | True | 3419de7 | True | 3419de7 | True |
| E13 | 357dbf0 | False | eef3654 | True | eef3654 | True |
| E130 | 3419de7 | True | 3419de7 | True | 3419de7 | True |
| E131 | 119f6c1 | True | 119f6c1 | True | 119f6c1 | True |
| E132 | 119f6c1 | True | 119f6c1 | True | 119f6c1 | True |
| E133 | ad64c85 | True | ad64c85 | True | ad64c85 | True |
| E134 | ad64c85 | True | ad64c85 | True | ad64c85 | True |
| E135 | b2d64f3 | True | b2d64f3 | True | b2d64f3 | True |
| E136 | 45017a8 | True | 45017a8 | True | 45017a8 | True |
| E137 | bae5194 | True | bae5194 | True | bae5194 | True |
| E138 | dbd801d | True | dbd801d | True | dbd801d | True |
| E139 | b377eb0 | True | b377eb0 | True | b377eb0 | True |
| E14 | 357dbf0 | False | 204309a | True | 204309a | True |
| E140 | d098c77 | True | d098c77 | True | d098c77 | True |
| E141 | fdb39ed | True | fdb39ed | True | fdb39ed | True |
| E142 | fdb39ed | True | fdb39ed | True | fdb39ed | True |
| E143 | fdb39ed | True | fdb39ed | True | fdb39ed | True |
| E144 | fdb39ed | True | fdb39ed | True | fdb39ed | True |
| E145 | fdb39ed | True | fdb39ed | True | fdb39ed | True |
| E146 | d098c77 | True | d098c77 | True | d098c77 | True |
| E147 | d098c77 | True | d098c77 | True | d098c77 | True |
| E148 | d098c77 | True | d098c77 | True | d098c77 | True |
| E149 | d098c77 | True | d098c77 | True | d098c77 | True |
| E15 | 357dbf0 | False | 6d02ebb | True | 6d02ebb | True |
| E150 | faeaace | True | faeaace | True | faeaace | True |
| E151 | faeaace | True | faeaace | True | faeaace | True |
| E153 | 81df09b | False | 81df09b | False | 81df09b | False |
| E155 | 95e5f6f | True | 95e5f6f | True | 95e5f6f | True |
| E157 | — | — | — | — | — | — |
| E16 | 357dbf0 | False | a9dc04f | True | a9dc04f | True |
| E17 | 357dbf0 | False | d985077 | True | d985077 | True |
| E18 | 357dbf0 | False | f83502a | True | f83502a | True |
| E19 | 357dbf0 | False | 9be6aaf | True | 9be6aaf | True |
| E20 | 357dbf0 | False | c5b8192 | True | c5b8192 | True |
| E23 | c26df20 | True | c26df20 | True | c26df20 | True |
| E24 | c26df20 | True | b626437 | True | b626437 | True |
| E25 | c26df20 | True | 3b7afa0 | True | 3b7afa0 | True |
| E26 | c26df20 | True | 8f403ef | True | 8f403ef | True |
| E27 | c26df20 | True | 4239f96 | True | 4239f96 | True |
| E28 | c26df20 | True | eef3654 | True | eef3654 | True |
| E29 | c26df20 | True | 79bc30d | True | 79bc30d | True |
| E30 | c26df20 | True | 79bc30d | True | 79bc30d | True |
| E31 | c26df20 | True | 79bc30d | True | 79bc30d | True |
| E32 | c26df20 | True | 8b2f30f | True | 8b2f30f | True |
| E33 | c26df20 | True | 5d65abd | True | 5d65abd | True |
| E34 | c26df20 | True | c76b1ae | True | c76b1ae | True |
| E35 | c26df20 | True | c26df20 | True | c26df20 | True |
| E36 | c26df20 | True | 5d65abd | True | 5d65abd | True |
| E37 | c26df20 | True | 5d65abd | True | 5d65abd | True |
| E38 | c26df20 | True | 5d65abd | True | 5d65abd | True |
| E39 | c26df20 | True | 881f062 | True | 881f062 | True |
| E40 | c26df20 | True | 881f062 | True | 881f062 | True |
| E41 | c26df20 | True | f79f1f0 | True | f79f1f0 | True |
| E42 | c26df20 | True | f79f1f0 | True | f79f1f0 | True |
| E43 | c26df20 | True | 881f062 | True | 881f062 | True |
| E44 | c26df20 | True | f79f1f0 | True | f79f1f0 | True |
| E45 | c26df20 | True | f79f1f0 | True | c26df20 | True |
| E46 | c26df20 | True | f79f1f0 | True | c26df20 | True |
| E47 | c26df20 | True | f79f1f0 | True | f79f1f0 | True |
| E48 | c26df20 | True | f79f1f0 | True | f79f1f0 | True |
| E49 | c26df20 | True | f79f1f0 | True | f79f1f0 | True |
| E50 | c26df20 | True | c98b62a | True | c98b62a | True |
| E51 | c26df20 | True | c98b62a | True | c98b62a | True |
| E52 | c26df20 | True | c98b62a | True | c98b62a | True |
| E53 | c26df20 | True | c98b62a | True | c98b62a | True |
| E54 | c26df20 | True | c98b62a | True | c98b62a | True |
| E55 | c26df20 | True | e930d86 | True | e930d86 | True |
| E56 | eeddad1 | True | eeddad1 | True | eeddad1 | True |
| E57 | eeddad1 | True | eeddad1 | True | eeddad1 | True |
| E58 | 2432f2b | True | 2432f2b | True | 2432f2b | True |
| E59 | 2432f2b | True | 2432f2b | True | 2432f2b | True |
| E60 | 2432f2b | True | 2432f2b | True | 2432f2b | True |
| E61 | 2432f2b | True | 2432f2b | True | 2432f2b | True |
| E62 | 2432f2b | True | 2432f2b | True | 2432f2b | True |
| E63 | 05f64d9 | True | 2432f2b | True | 2432f2b | True |
| E65 | 05f64d9 | True | 05f64d9 | True | 05f64d9 | True |
| E66 | 05f64d9 | True | 05f64d9 | True | 05f64d9 | True |
| E67 | 05f64d9 | True | 05f64d9 | True | 05f64d9 | True |
| E68 | 05f64d9 | True | 05f64d9 | True | 05f64d9 | True |
| E70 | 05f64d9 | True | 05f64d9 | True | 05f64d9 | True |
| E71 | 53eacd1 | True | c76b1ae | True | c76b1ae | True |
| E72 | 53eacd1 | True | c76b1ae | True | c76b1ae | True |
| E73 | 53eacd1 | True | c76b1ae | True | c76b1ae | True |
| E74 | 53eacd1 | True | c76b1ae | True | c76b1ae | True |
| E75 | 53eacd1 | True | c76b1ae | True | c76b1ae | True |
| E76 | 53eacd1 | True | c76b1ae | True | c76b1ae | True |
| E77 | c76b1ae | True | c76b1ae | True | c76b1ae | True |
| E78 | c76b1ae | True | c76b1ae | True | c76b1ae | True |
| E79 | c76b1ae | True | c76b1ae | True | c76b1ae | True |
| E80 | c76b1ae | True | c76b1ae | True | c76b1ae | True |
| E81 | c76b1ae | True | c76b1ae | True | c76b1ae | True |
| E82 | c76b1ae | True | c76b1ae | True | c76b1ae | True |
| E83 | c76b1ae | True | c76b1ae | True | c76b1ae | True |
| E84 | e35fcce | True | e35fcce | True | e35fcce | True |
| E85 | e35fcce | True | e35fcce | True | e35fcce | True |
| E86 | e35fcce | True | e35fcce | True | e35fcce | True |
| E87 | e35fcce | True | e35fcce | True | e35fcce | True |
| E88 | ca5af61 | False | ca5af61 | False | ca5af61 | False |
| E89 | ca5af61 | False | ca5af61 | False | ca5af61 | False |
| E90 | ca5af61 | False | ca5af61 | False | ca5af61 | False |
| E91 | ca5af61 | False | ca5af61 | False | ca5af61 | False |
| E92 | ca5af61 | False | 5222de4 | False | 5222de4 | False |
| E93 | 4f2be4b | True | 4f2be4b | True | 4f2be4b | True |
| E94 | 4f2be4b | True | 4f2be4b | True | 4f2be4b | True |
| E95 | 4f2be4b | True | 3419de7 | True | 3419de7 | True |
| E96 | 4f2be4b | True | 4f2be4b | True | 4f2be4b | True |
| E97 | 74beed4 | True | 74beed4 | True | 74beed4 | True |
| E98 | 4ef5079 | True | 4ef5079 | True | 4ef5079 | True |
| E99 | 4ef5079 | True | 4ef5079 | True | 4ef5079 | True |
对象 144 个；甲 红 28；乙 红 13、乙 找不到提交 1；终 红 13
乙 与 终 挑的提交不同的实验 2 个：E45 E46
乙 与 终 挑的提交不同、且判定不同的：
