E7RESULT name=attack_state_budget world=healthy_first_stream closed_form_state_count=16777240 enumerated_with_torn=45 writes=41 segments=11
E7RESULT name=attack_materialized world=healthy_first_stream segment=0 states=8 red_full_stream=0 red_materialized_node_local_writes=0 judgment_differs_node_local=0 red_only_under_full_stream=0 judgment_differs_materialized_image_with_full_record_stream=0 states_with_read_bytes_differing=0 states_with_hint_answers_differing=0
E7RESULT name=attack_materialized world=healthy_first_stream segment=1 states=3 red_full_stream=0 red_materialized_node_local_writes=0 judgment_differs_node_local=0 red_only_under_full_stream=0 judgment_differs_materialized_image_with_full_record_stream=0 states_with_read_bytes_differing=0 states_with_hint_answers_differing=0
E7RESULT name=attack_materialized world=healthy_first_stream segment=2 states=1 red_full_stream=0 red_materialized_node_local_writes=0 judgment_differs_node_local=0 red_only_under_full_stream=0 judgment_differs_materialized_image_with_full_record_stream=0 states_with_read_bytes_differing=0 states_with_hint_answers_differing=0
E7RESULT name=attack_materialized world=healthy_first_stream segment=3 states=8 red_full_stream=0 red_materialized_node_local_writes=0 judgment_differs_node_local=0 red_only_under_full_stream=0 judgment_differs_materialized_image_with_full_record_stream=0 states_with_read_bytes_differing=0 states_with_hint_answers_differing=0
E7RESULT name=attack_materialized world=healthy_first_stream segment=4 states=3 red_full_stream=0 red_materialized_node_local_writes=0 judgment_differs_node_local=0 red_only_under_full_stream=0 judgment_differs_materialized_image_with_full_record_stream=0 states_with_read_bytes_differing=0 states_with_hint_answers_differing=0
E7RESULT name=attack_materialized world=healthy_first_stream segment=5 states=1 red_full_stream=0 red_materialized_node_local_writes=0 judgment_differs_node_local=0 red_only_under_full_stream=0 judgment_differs_materialized_image_with_full_record_stream=0 states_with_read_bytes_differing=0 states_with_hint_answers_differing=0
E7RESULT name=attack_materialized world=healthy_first_stream segment=6 states=8 red_full_stream=0 red_materialized_node_local_writes=0 judgment_differs_node_local=0 red_only_under_full_stream=0 judgment_differs_materialized_image_with_full_record_stream=0 states_with_read_bytes_differing=0 states_with_hint_answers_differing=0
E7RESULT name=attack_materialized world=healthy_first_stream segment=8 states=3 red_full_stream=0 red_materialized_node_local_writes=0 judgment_differs_node_local=0 red_only_under_full_stream=0 judgment_differs_materialized_image_with_full_record_stream=0 states_with_read_bytes_differing=0 states_with_hint_answers_differing=3
E7RESULT name=attack_materialized world=healthy_first_stream segment=9 states=1 red_full_stream=0 red_materialized_node_local_writes=0 judgment_differs_node_local=0 red_only_under_full_stream=0 judgment_differs_materialized_image_with_full_record_stream=0 states_with_read_bytes_differing=0 states_with_hint_answers_differing=1
E7RESULT name=attack_materialized world=healthy_first_stream segment=10 states=8 red_full_stream=0 red_materialized_node_local_writes=0 judgment_differs_node_local=0 red_only_under_full_stream=0 judgment_differs_materialized_image_with_full_record_stream=0 states_with_read_bytes_differing=0 states_with_hint_answers_differing=8
E7RESULT name=attack_materialized_summary world=healthy_first_stream enumerated_states=45 red_names_full_local_localimage_fullrecords={} judgment_differs_materialized_image_with_full_record_stream_total=0 must_be_nonzero=0
E7RESULT name=attack_state_budget world=root_before_records_mutant closed_form_state_count=16777240 enumerated_with_torn=45 writes=41 segments=11
E7RESULT name=attack_materialized world=root_before_records_mutant segment=0 states=8 red_full_stream=0 red_materialized_node_local_writes=0 judgment_differs_node_local=0 red_only_under_full_stream=0 judgment_differs_materialized_image_with_full_record_stream=0 states_with_read_bytes_differing=0 states_with_hint_answers_differing=0
E7RESULT name=attack_materialized world=root_before_records_mutant segment=1 states=3 red_full_stream=0 red_materialized_node_local_writes=0 judgment_differs_node_local=0 red_only_under_full_stream=0 judgment_differs_materialized_image_with_full_record_stream=0 states_with_read_bytes_differing=0 states_with_hint_answers_differing=0
E7RESULT name=attack_materialized world=root_before_records_mutant segment=2 states=1 red_full_stream=0 red_materialized_node_local_writes=0 judgment_differs_node_local=0 red_only_under_full_stream=0 judgment_differs_materialized_image_with_full_record_stream=0 states_with_read_bytes_differing=0 states_with_hint_answers_differing=0
E7RESULT name=attack_materialized world=root_before_records_mutant segment=3 states=8 red_full_stream=0 red_materialized_node_local_writes=0 judgment_differs_node_local=0 red_only_under_full_stream=0 judgment_differs_materialized_image_with_full_record_stream=0 states_with_read_bytes_differing=0 states_with_hint_answers_differing=0
E7RESULT name=attack_materialized world=root_before_records_mutant segment=4 states=3 red_full_stream=0 red_materialized_node_local_writes=0 judgment_differs_node_local=0 red_only_under_full_stream=0 judgment_differs_materialized_image_with_full_record_stream=0 states_with_read_bytes_differing=0 states_with_hint_answers_differing=0
E7RESULT name=attack_materialized world=root_before_records_mutant segment=5 states=1 red_full_stream=0 red_materialized_node_local_writes=0 judgment_differs_node_local=0 red_only_under_full_stream=0 judgment_differs_materialized_image_with_full_record_stream=0 states_with_read_bytes_differing=0 states_with_hint_answers_differing=0
E7RESULT name=attack_materialized world=root_before_records_mutant segment=6 states=8 red_full_stream=0 red_materialized_node_local_writes=0 judgment_differs_node_local=0 red_only_under_full_stream=0 judgment_differs_materialized_image_with_full_record_stream=0 states_with_read_bytes_differing=0 states_with_hint_answers_differing=0
E7RESULT name=attack_materialized world=root_before_records_mutant segment=8 states=1 red_full_stream=0 red_materialized_node_local_writes=0 judgment_differs_node_local=0 red_only_under_full_stream=0 judgment_differs_materialized_image_with_full_record_stream=0 states_with_read_bytes_differing=0 states_with_hint_answers_differing=1
E7RESULT name=attack_materialized world=root_before_records_mutant segment=9 states=3 red_full_stream=0 red_materialized_node_local_writes=0 judgment_differs_node_local=0 red_only_under_full_stream=0 judgment_differs_materialized_image_with_full_record_stream=0 states_with_read_bytes_differing=0 states_with_hint_answers_differing=3
E7RESULT name=attack_materialized world=root_before_records_mutant segment=10 states=8 red_full_stream=0 red_materialized_node_local_writes=0 judgment_differs_node_local=0 red_only_under_full_stream=0 judgment_differs_materialized_image_with_full_record_stream=0 states_with_read_bytes_differing=0 states_with_hint_answers_differing=8
E7RESULT name=attack_materialized_summary world=root_before_records_mutant enumerated_states=45 red_names_full_local_localimage_fullrecords={} judgment_differs_materialized_image_with_full_record_stream_total=0 must_be_nonzero=0
E7RESULT name=done emitted=25
