name=f5_rb_crash_mount x=CJ regime=all x_hit_c_not=0 c_hit_after_delay=0 with_fs_not_above_x=0
name=f5_rb_crash_mount x=CJ regime=slot_only x_hit_c_not=0 c_hit_after_delay=0 with_fs_not_above_x=0
name=f5_rb_crash_mount x=CJ by_delay={} unrescued=0
name=f5_rb_crash_mount x=CJ2 regime=all x_hit_c_not=75 c_hit_after_delay=73 with_fs_not_above_x=73
name=f5_rb_crash_mount x=CJ2 regime=slot_only x_hit_c_not=2 c_hit_after_delay=2 with_fs_not_above_x=2
name=f5_rb_crash_mount x=CJ2 by_delay={1: 16, 2: 31, 3: 26} unrescued=2
name=f5_rb_crash_mount x=CJ2 unrescued x_fs=10 script=[p(1) f(1) rb(3,none,0) f(1) u(1) crash mount(d1+r4+j3) u(1)]
name=f5_rb_crash_mount x=CJ2 unrescued x_fs=11 script=[p(1) f(1) rb(3,none,0) f(1) u(1) crash mount(d1+r4+j4) u(1)]
name=f12b_three_rollbacks x=CJ regime=all x_hit_c_not=32 c_hit_after_delay=32 with_fs_not_above_x=32
name=f12b_three_rollbacks x=CJ regime=slot_only x_hit_c_not=0 c_hit_after_delay=0 with_fs_not_above_x=0
name=f12b_three_rollbacks x=CJ by_delay={2: 28, 3: 4} unrescued=0
name=f12b_three_rollbacks x=CJ2 regime=all x_hit_c_not=32 c_hit_after_delay=32 with_fs_not_above_x=32
name=f12b_three_rollbacks x=CJ2 regime=slot_only x_hit_c_not=0 c_hit_after_delay=0 with_fs_not_above_x=0
name=f12b_three_rollbacks x=CJ2 by_delay={2: 28, 3: 4} unrescued=0
name=f12d_rb_crash_mount_rb x=CJ regime=all x_hit_c_not=0 c_hit_after_delay=0 with_fs_not_above_x=0
name=f12d_rb_crash_mount_rb x=CJ regime=slot_only x_hit_c_not=0 c_hit_after_delay=0 with_fs_not_above_x=0
name=f12d_rb_crash_mount_rb x=CJ by_delay={} unrescued=0
name=f12d_rb_crash_mount_rb x=CJ2 regime=all x_hit_c_not=2 c_hit_after_delay=0 with_fs_not_above_x=0
name=f12d_rb_crash_mount_rb x=CJ2 regime=slot_only x_hit_c_not=0 c_hit_after_delay=0 with_fs_not_above_x=0
name=f12d_rb_crash_mount_rb x=CJ2 by_delay={} unrescued=2
name=f12d_rb_crash_mount_rb x=CJ2 unrescued x_fs=11 script=[p(1) rb(2,none,0) u(1) crash mount(d0+r1+j3) rb(1,d1+r2+j3,0) u(1)]
name=f12d_rb_crash_mount_rb x=CJ2 unrescued x_fs=7 script=[p(1) f(1) rb(2,none,0) u(1) crash mount(d0+r1) rb(1,d0+r2+j3,0) u(1)]
done
