regime=all cj_hit_c_not_cases=8164 c_hit_after_delay=6906 by_delay={1: 1574, 2: 3076, 3: 1968, 4: 288} with_fs_not_above_cj=6906 unrescued=1258
regime=all prefixes_where_c_never_hit_with_u2=158 of_which_c_hit_once_delay_allowed=154
regime=all unrescued cj_fs=14 script=[f(0) f(0) p(1) rb(1,r6+j3,0) u(2)]
regime=all unrescued cj_fs=16 script=[f(0) f(0) p(1) rb(1,r6+j4,0) u(2)]
regime=all unrescued cj_fs=10 script=[f(0) f(0) p(1) rb(1,d1+r4+j3,0) u(2)]
regime=all unrescued cj_fs=11 script=[f(0) f(0) p(1) rb(1,d1+r4+j4,0) u(2)]
regime=all unrescued cj_fs=20 script=[f(0) f(0) f(1) rb(1,r7+j5,0) u(2)]
regime=all unrescued cj_fs=22 script=[f(0) f(0) f(1) rb(1,r7+j6,0) u(2)]
regime=all unrescued cj_fs=13 script=[f(0) f(0) f(1) rb(1,d1+r4+j5,0) u(2)]
regime=all unrescued cj_fs=14 script=[f(0) f(0) f(1) rb(1,d1+r4+j6,0) u(2)]
regime=all unrescued cj_fs=14 script=[p(0) f(0) f(0) p(1) rb(1,r6+j3,0) u(2)]
regime=all unrescued cj_fs=16 script=[p(0) f(0) f(0) p(1) rb(1,r6+j4,0) u(2)]
regime=slot_only cj_hit_c_not_cases=4272 c_hit_after_delay=3638 by_delay={1: 868, 2: 1552, 3: 1064, 4: 154} with_fs_not_above_cj=3638 unrescued=634
regime=slot_only prefixes_where_c_never_hit_with_u2=172 of_which_c_hit_once_delay_allowed=168
regime=slot_only unrescued cj_fs=14 script=[f(0) f(0) p(1) rb(1,r6+j3,0) u(2)]
regime=slot_only unrescued cj_fs=16 script=[f(0) f(0) p(1) rb(1,r6+j4,0) u(2)]
regime=slot_only unrescued cj_fs=20 script=[f(0) f(0) f(1) rb(1,r7+j5,0) u(2)]
regime=slot_only unrescued cj_fs=22 script=[f(0) f(0) f(1) rb(1,r7+j6,0) u(2)]
regime=slot_only unrescued cj_fs=14 script=[p(0) f(0) f(0) p(1) rb(1,r6+j3,0) u(2)]
regime=slot_only unrescued cj_fs=16 script=[p(0) f(0) f(0) p(1) rb(1,r6+j4,0) u(2)]
regime=slot_only unrescued cj_fs=20 script=[p(0) f(0) f(0) f(1) rb(1,r7+j5,0) u(2)]
regime=slot_only unrescued cj_fs=22 script=[p(0) f(0) f(0) f(1) rb(1,r7+j6,0) u(2)]
regime=slot_only unrescued cj_fs=15 script=[f(0) p(0) f(0) p(1) rb(1,r7+j3,0) u(2)]
regime=slot_only unrescued cj_fs=21 script=[f(0) p(0) f(0) f(1) rb(1,r8+j5,0) u(2)]
done
