
running 1 test
── 随机历史大档 ──
种子 [0, 96)，每段 30 步，比重：偏向抬 F 之后的复用（第 121 行那一类的取样点）
历史 96 段：跑完 4、以已知红收尾 {0: 41, 1: 1}、新发现 50；根环转过一圈的 62 段；最高 txg 31
  操作 PublishFirstFile：Ok 8、Err 17、前提不满足没调 4
  操作 PublishOverwrite：Ok 835、Err 134、前提不满足没调 53
  操作 PublishWithoutUnits：Ok 0、Err 0、前提不满足没调 12
  操作 CloseAndMountWritable：Ok 372、Err 10、前提不满足没调 0
  操作 CloseAndMountRollback：Ok 18、Err 16、前提不满足没调 0
  操作 RaiseRollbackFloor：Ok 94、Err 280、前提不满足没调 20
  操作 ColdStartRecover：Ok 19、Err 0、前提不满足没调 0
  内容长度 0 字节：入口被调 105 次、发成 104 次
  内容长度 [1, 载荷容量 − 2]：入口被调 588 次、发成 579 次
  内容长度 数据单元整宽 32768（装不下）：入口被调 71 次、发成 0 次
  内容长度 载荷容量：入口被调 80 次、发成 78 次
  内容长度 载荷容量 + 1（装不下）：入口被调 66 次、发成 0 次
  内容长度 载荷容量 − 1：入口被调 84 次、发成 82 次
  Err 成员 MountError::InstanceRowsOnVersionWithoutFileUnsupported：10 次
  Err 成员 MountError::Publish(PublishError::ReleaseTargetAlreadyReleased)：1 次
  Err 成员 MountError::RaiseNeedsRewrittenInstanceTableUnitInCurrentVersion：92 次
  Err 成员 MountError::RollbackFloorAboveCeiling：187 次
  Err 成员 MountError::RollbackTargetNotACandidate（txg 低于生效的回退下界 F）：1 次
  Err 成员 MountError::RollbackTargetNotACandidate（实例表里那个实例的行 T 更小：这是被抛弃时间线的根）：1 次
  Err 成员 MountError::RollbackTargetNotInRing：8 次
  Err 成员 MountError::RollbackToVersionWithoutFileUnsupported：6 次
  Err 成员 PublishError::ContentExceedsDataUnit：135 次
  Err 成员 PublishError::FirstFileVersionNotRightAfterTheSecondWarmUp：16 次
  前提不满足（没有可写会话）：73 次
  前提不满足（现行版本带文件）：11 次
  前提不满足（现行版本树表 0 条）：5 次
  冷启动结局 FileRead：18 次
  冷启动结局 NoFile：1 次
  一次挂载里最多写出 16 条根；一段历史里最多挂载成功 8 次、最多试挂载 9 次
  抬 F 回收到落点 61 次、共回收 1608 个落点；复用已释放的记录 96 条（其中跨度变了 34 条）；已释放的记录被罩住起点 0 条、被删 0 条
  挂载写出的发布比过分配记录 926 次；挂载之前生效根的分配记录读不出、没比的挂载 0 次
  checker 跑了 1424 次；一个写都没发、沿用上一次结论的 564 步
  I-1.1：判绿 1377 次、不适用 0 次
  I-1.3：判绿 1424 次、不适用 0 次
  I-1.4：判绿 1424 次、不适用 0 次
  I-1.6：判绿 1424 次、不适用 0 次
  I-1.7：判绿 1424 次、不适用 0 次
  I-2.1：判绿 1424 次、不适用 0 次
  I-2.3：判绿 1424 次、不适用 0 次
  I-2.4：判绿 1424 次、不适用 0 次
  I-2.5：判绿 1424 次、不适用 0 次
  I-3.1：判绿 1362 次、不适用 20 次
  I-3.8：判绿 1424 次、不适用 0 次
  I-3.9：判绿 1357 次、不适用 20 次
  I-4.8：判绿 1424 次、不适用 0 次
  I-5.1：判绿 1424 次、不适用 0 次
  I-5.2：判绿 1404 次、不适用 20 次
  I-5.4：判绿 1357 次、不适用 20 次
  I-7.1：判绿 1424 次、不适用 0 次
  I-7.2：判绿 1424 次、不适用 0 次
  I-7.4：判绿 1424 次、不适用 0 次
  I-7.6：判绿 1424 次、不适用 0 次
  I-7.7：判绿 1424 次、不适用 0 次
  I-7.8：判绿 1424 次、不适用 0 次
  I-9.1：判绿 1404 次、不适用 20 次
  I-9.2：判绿 1404 次、不适用 20 次
  I-9.4：判绿 1404 次、不适用 20 次
  I-9.7：判绿 1404 次、不适用 20 次
  I-9.10：判绿 1404 次、不适用 20 次
  I-9.13：判绿 1404 次、不适用 20 次
  I-9.14：判绿 1310 次、不适用 114 次
已知红第 0 条（增补 2 收口表第 ② 行（一次挂载转过一整圈根环时 checker 在合法状态上判 I-3.1 红））：41 段；前几个种子 [(0, Operation(12)), (1, Operation(18)), (3, Operation(22)), (19, Operation(19)), (22, Operation(13)), (26, Operation(18)), (27, Operation(19)), (28, Operation(13))]
已知红第 1 条（增补 2 收口表第 43 行）：1 段；前几个种子 [(4, Operation(17))]
新发现 CheckerViolations { invariants: ["I-1.1", "I-3.9", "I-5.4"] }：第一个种子 2（同签名的种子 [2, 5, 6, 7, 8, 9, 10, 11, 12, 13, 15, 16, 17, 18, 20, 21, 23, 24, 31, 34, 35, 36, 40, 42, 45, 46, 49, 50, 52, 55, 56, 57, 60, 61, 62, 65, 68, 69, 70, 77, 78, 79, 80, 82, 86, 88, 89]），在 Operation(16)（Some(PublishOverwrite)）之后
  I-1.1：树 13（种类 3）的根：key 宽 / key 区间与条目不符（Err(KeysNotStrictlyAscending)）
  I-3.9：盘 0 槽 50176 的分配记录带已释放标志（释放代 5），而候选集里每一条有效根都还引用它
  I-5.4：txg 20 的根那棵分配记录树、盘 0：槽 50176 跨 2 的记录与槽 50176 跨 2 的记录罩住同一个槽
  没收缩（这一档只报种子）：SINGLEFS_RANDOM_HISTORY_SHRINK_SEED=2 跑「收缩一个种子」那条 #[ignore] 用例，或跑大档
新发现 Panic { location: "crates/singlefs-core/src/allocator.rs:529" }：第一个种子 25（同签名的种子 [25, 39, 95]），在 Operation(13)（Some(CloseAndMountWritable)）之后
  panic 在 crates/singlefs-core/src/allocator.rs:529：盘 DeviceIdentity(0) 上与新落点（槽 SlotNumber(50243) 跨 1）相交的记录（槽 SlotNumber(50242)）不是已回收的：分配器只发位图上空闲的槽，位图与记录分叉了
  没收缩（这一档只报种子）：SINGLEFS_RANDOM_HISTORY_SHRINK_SEED=25 跑「收缩一个种子」那条 #[ignore] 用例，或跑大档
每个新发现的种子：[(2, CheckerViolations { invariants: ["I-1.1", "I-3.9", "I-5.4"] }), (5, CheckerViolations { invariants: ["I-1.1", "I-3.9", "I-5.4"] }), (6, CheckerViolations { invariants: ["I-1.1", "I-3.9", "I-5.4"] }), (7, CheckerViolations { invariants: ["I-1.1", "I-3.9", "I-5.4"] }), (8, CheckerViolations { invariants: ["I-1.1", "I-3.9", "I-5.4"] }), (9, CheckerViolations { invariants: ["I-1.1", "I-3.9", "I-5.4"] }), (10, CheckerViolations { invariants: ["I-1.1", "I-3.9", "I-5.4"] }), (11, CheckerViolations { invariants: ["I-1.1", "I-3.9", "I-5.4"] }), (12, CheckerViolations { invariants: ["I-1.1", "I-3.9", "I-5.4"] }), (13, CheckerViolations { invariants: ["I-1.1", "I-3.9", "I-5.4"] }), (15, CheckerViolations { invariants: ["I-1.1", "I-3.9", "I-5.4"] }), (16, CheckerViolations { invariants: ["I-1.1", "I-3.9", "I-5.4"] }), (17, CheckerViolations { invariants: ["I-1.1", "I-3.9", "I-5.4"] }), (18, CheckerViolations { invariants: ["I-1.1", "I-3.9", "I-5.4"] }), (20, CheckerViolations { invariants: ["I-1.1", "I-3.9", "I-5.4"] }), (21, CheckerViolations { invariants: ["I-1.1", "I-3.9", "I-5.4"] }), (23, CheckerViolations { invariants: ["I-1.1", "I-3.9", "I-5.4"] }), (24, CheckerViolations { invariants: ["I-1.1", "I-3.9", "I-5.4"] }), (31, CheckerViolations { invariants: ["I-1.1", "I-3.9", "I-5.4"] }), (34, CheckerViolations { invariants: ["I-1.1", "I-3.9", "I-5.4"] }), (35, CheckerViolations { invariants: ["I-1.1", "I-3.9", "I-5.4"] }), (36, CheckerViolations { invariants: ["I-1.1", "I-3.9", "I-5.4"] }), (40, CheckerViolations { invariants: ["I-1.1", "I-3.9", "I-5.4"] }), (42, CheckerViolations { invariants: ["I-1.1", "I-3.9", "I-5.4"] }), (45, CheckerViolations { invariants: ["I-1.1", "I-3.9", "I-5.4"] }), (46, CheckerViolations { invariants: ["I-1.1", "I-3.9", "I-5.4"] }), (49, CheckerViolations { invariants: ["I-1.1", "I-3.9", "I-5.4"] }), (50, CheckerViolations { invariants: ["I-1.1", "I-3.9", "I-5.4"] }), (52, CheckerViolations { invariants: ["I-1.1", "I-3.9", "I-5.4"] }), (55, CheckerViolations { invariants: ["I-1.1", "I-3.9", "I-5.4"] }), (56, CheckerViolations { invariants: ["I-1.1", "I-3.9", "I-5.4"] }), (57, CheckerViolations { invariants: ["I-1.1", "I-3.9", "I-5.4"] }), (60, CheckerViolations { invariants: ["I-1.1", "I-3.9", "I-5.4"] }), (61, CheckerViolations { invariants: ["I-1.1", "I-3.9", "I-5.4"] }), (62, CheckerViolations { invariants: ["I-1.1", "I-3.9", "I-5.4"] }), (65, CheckerViolations { invariants: ["I-1.1", "I-3.9", "I-5.4"] }), (68, CheckerViolations { invariants: ["I-1.1", "I-3.9", "I-5.4"] }), (69, CheckerViolations { invariants: ["I-1.1", "I-3.9", "I-5.4"] }), (70, CheckerViolations { invariants: ["I-1.1", "I-3.9", "I-5.4"] }), (77, CheckerViolations { invariants: ["I-1.1", "I-3.9", "I-5.4"] }), (78, CheckerViolations { invariants: ["I-1.1", "I-3.9", "I-5.4"] }), (79, CheckerViolations { invariants: ["I-1.1", "I-3.9", "I-5.4"] }), (80, CheckerViolations { invariants: ["I-1.1", "I-3.9", "I-5.4"] }), (82, CheckerViolations { invariants: ["I-1.1", "I-3.9", "I-5.4"] }), (86, CheckerViolations { invariants: ["I-1.1", "I-3.9", "I-5.4"] }), (88, CheckerViolations { invariants: ["I-1.1", "I-3.9", "I-5.4"] }), (89, CheckerViolations { invariants: ["I-1.1", "I-3.9", "I-5.4"] }), (25, Panic { location: "crates/singlefs-core/src/allocator.rs:529" }), (39, Panic { location: "crates/singlefs-core/src/allocator.rs:529" }), (95, Panic { location: "crates/singlefs-core/src/allocator.rs:529" })]
用时 1.9 秒
test random_histories_large_tier_seeds_and_length_from_the_environment ... FAILED

failures:

failures:
    random_histories_large_tier_seeds_and_length_from_the_environment

test result: FAILED. 0 passed; 1 failed; 0 ignored; 0 measured; 7 filtered out; finished in 1.94s

    Finished `release` profile [optimized + debuginfo] target(s) in 0.00s
     Running tests/second_transaction_supplement_three_random_history.rs (target/release/deps/second_transaction_supplement_three_random_history-febc0246c8ac82b5)

thread 'random_histories_large_tier_seeds_and_length_from_the_environment' (3650721) panicked at crates/singlefs-harness/tests/second_transaction_supplement_three_random_history.rs:466:5:
「已知红」清单外的失败：
种子 [0, 96)，每段 30 步，比重：偏向抬 F 之后的复用（第 121 行那一类的取样点）
历史 96 段：跑完 4、以已知红收尾 {0: 41, 1: 1}、新发现 50；根环转过一圈的 62 段；最高 txg 31
  操作 PublishFirstFile：Ok 8、Err 17、前提不满足没调 4
  操作 PublishOverwrite：Ok 835、Err 134、前提不满足没调 53
  操作 PublishWithoutUnits：Ok 0、Err 0、前提不满足没调 12
  操作 CloseAndMountWritable：Ok 372、Err 10、前提不满足没调 0
  操作 CloseAndMountRollback：Ok 18、Err 16、前提不满足没调 0
  操作 RaiseRollbackFloor：Ok 94、Err 280、前提不满足没调 20
  操作 ColdStartRecover：Ok 19、Err 0、前提不满足没调 0
  内容长度 0 字节：入口被调 105 次、发成 104 次
  内容长度 [1, 载荷容量 − 2]：入口被调 588 次、发成 579 次
  内容长度 数据单元整宽 32768（装不下）：入口被调 71 次、发成 0 次
  内容长度 载荷容量：入口被调 80 次、发成 78 次
  内容长度 载荷容量 + 1（装不下）：入口被调 66 次、发成 0 次
  内容长度 载荷容量 − 1：入口被调 84 次、发成 82 次
  Err 成员 MountError::InstanceRowsOnVersionWithoutFileUnsupported：10 次
  Err 成员 MountError::Publish(PublishError::ReleaseTargetAlreadyReleased)：1 次
  Err 成员 MountError::RaiseNeedsRewrittenInstanceTableUnitInCurrentVersion：92 次
  Err 成员 MountError::RollbackFloorAboveCeiling：187 次
  Err 成员 MountError::RollbackTargetNotACandidate（txg 低于生效的回退下界 F）：1 次
  Err 成员 MountError::RollbackTargetNotACandidate（实例表里那个实例的行 T 更小：这是被抛弃时间线的根）：1 次
  Err 成员 MountError::RollbackTargetNotInRing：8 次
  Err 成员 MountError::RollbackToVersionWithoutFileUnsupported：6 次
  Err 成员 PublishError::ContentExceedsDataUnit：135 次
  Err 成员 PublishError::FirstFileVersionNotRightAfterTheSecondWarmUp：16 次
  前提不满足（没有可写会话）：73 次
  前提不满足（现行版本带文件）：11 次
  前提不满足（现行版本树表 0 条）：5 次
  冷启动结局 FileRead：18 次
  冷启动结局 NoFile：1 次
  一次挂载里最多写出 16 条根；一段历史里最多挂载成功 8 次、最多试挂载 9 次
  抬 F 回收到落点 61 次、共回收 1608 个落点；复用已释放的记录 96 条（其中跨度变了 34 条）；已释放的记录被罩住起点 0 条、被删 0 条
  挂载写出的发布比过分配记录 926 次；挂载之前生效根的分配记录读不出、没比的挂载 0 次
  checker 跑了 1424 次；一个写都没发、沿用上一次结论的 564 步
  I-1.1：判绿 1377 次、不适用 0 次
  I-1.3：判绿 1424 次、不适用 0 次
  I-1.4：判绿 1424 次、不适用 0 次
  I-1.6：判绿 1424 次、不适用 0 次
  I-1.7：判绿 1424 次、不适用 0 次
  I-2.1：判绿 1424 次、不适用 0 次
  I-2.3：判绿 1424 次、不适用 0 次
  I-2.4：判绿 1424 次、不适用 0 次
  I-2.5：判绿 1424 次、不适用 0 次
  I-3.1：判绿 1362 次、不适用 20 次
  I-3.8：判绿 1424 次、不适用 0 次
  I-3.9：判绿 1357 次、不适用 20 次
  I-4.8：判绿 1424 次、不适用 0 次
  I-5.1：判绿 1424 次、不适用 0 次
  I-5.2：判绿 1404 次、不适用 20 次
  I-5.4：判绿 1357 次、不适用 20 次
  I-7.1：判绿 1424 次、不适用 0 次
  I-7.2：判绿 1424 次、不适用 0 次
  I-7.4：判绿 1424 次、不适用 0 次
  I-7.6：判绿 1424 次、不适用 0 次
  I-7.7：判绿 1424 次、不适用 0 次
  I-7.8：判绿 1424 次、不适用 0 次
  I-9.1：判绿 1404 次、不适用 20 次
  I-9.2：判绿 1404 次、不适用 20 次
  I-9.4：判绿 1404 次、不适用 20 次
  I-9.7：判绿 1404 次、不适用 20 次
  I-9.10：判绿 1404 次、不适用 20 次
  I-9.13：判绿 1404 次、不适用 20 次
  I-9.14：判绿 1310 次、不适用 114 次
已知红第 0 条（增补 2 收口表第 ② 行（一次挂载转过一整圈根环时 checker 在合法状态上判 I-3.1 红））：41 段；前几个种子 [(0, Operation(12)), (1, Operation(18)), (3, Operation(22)), (19, Operation(19)), (22, Operation(13)), (26, Operation(18)), (27, Operation(19)), (28, Operation(13))]
已知红第 1 条（增补 2 收口表第 43 行）：1 段；前几个种子 [(4, Operation(17))]
新发现 CheckerViolations { invariants: ["I-1.1", "I-3.9", "I-5.4"] }：第一个种子 2（同签名的种子 [2, 5, 6, 7, 8, 9, 10, 11, 12, 13, 15, 16, 17, 18, 20, 21, 23, 24, 31, 34, 35, 36, 40, 42, 45, 46, 49, 50, 52, 55, 56, 57, 60, 61, 62, 65, 68, 69, 70, 77, 78, 79, 80, 82, 86, 88, 89]），在 Operation(16)（Some(PublishOverwrite)）之后
  I-1.1：树 13（种类 3）的根：key 宽 / key 区间与条目不符（Err(KeysNotStrictlyAscending)）
  I-3.9：盘 0 槽 50176 的分配记录带已释放标志（释放代 5），而候选集里每一条有效根都还引用它
  I-5.4：txg 20 的根那棵分配记录树、盘 0：槽 50176 跨 2 的记录与槽 50176 跨 2 的记录罩住同一个槽
  没收缩（这一档只报种子）：SINGLEFS_RANDOM_HISTORY_SHRINK_SEED=2 跑「收缩一个种子」那条 #[ignore] 用例，或跑大档
新发现 Panic { location: "crates/singlefs-core/src/allocator.rs:529" }：第一个种子 25（同签名的种子 [25, 39, 95]），在 Operation(13)（Some(CloseAndMountWritable)）之后
  panic 在 crates/singlefs-core/src/allocator.rs:529：盘 DeviceIdentity(0) 上与新落点（槽 SlotNumber(50243) 跨 1）相交的记录（槽 SlotNumber(50242)）不是已回收的：分配器只发位图上空闲的槽，位图与记录分叉了
  没收缩（这一档只报种子）：SINGLEFS_RANDOM_HISTORY_SHRINK_SEED=25 跑「收缩一个种子」那条 #[ignore] 用例，或跑大档

note: run with `RUST_BACKTRACE=1` environment variable to display a backtrace
error: test failed, to rerun pass `-p singlefs-harness --test second_transaction_supplement_three_random_history`
