1. History:  
1. Instance 1 writes a unit for key A with write sequence (1,1), birth generation 1. Crashes before publishing root or writing instance table row.  
2. Recovery starts instance 2 but crashes again before writing instance table row for instance 1.  
3. Instance 2 mounts. No row exists for instance 1 in instance table.  
4. For key A, unit (1,1) is checked against mounted root (instance 2). P2 states: i=1 < i_now=2 and no kind 0 row → published. But unit was written during uncommitted transaction of instance 1 (never published), so should be unpublished. Rule broken: P2 published predicate incorrectly declares unit published. Fix: Ensure instance table rows for crashed instances are written durably during recovery before proceeding (e.g., journal record flushed before recovery continues).  

2. Rollback candidate set attack:  
1. Instance 1 writes unit (1,1), publishes root R1 (txg 1).  
2. Instance 1 crashes. Recovery writes instance table row (1,1,1).  
3. Instance 2 writes unit (2,1), publishes root R2 (txg 2).  
4. Rollback to R1: new instance 3. Rollback writes row (2,0,0) for instance 2.  
5. Now, instance 2 has row (2,0,0) in instance table. R2 is in ring. Candidate test: R2 has txg=2. Instance table has row (2,0,0) → T=0. R2’s txg=2 > T=0 → candidate test fails. But R2 should be a candidate because it’s a valid root in ring. Rule broken: candidate test excludes valid R2. Fix: Candidate test should check row’s T against root’s txg (T ≥ root txg) instead of T ≤ root txg.  

3. P4 sweep attack:  
1. Instance 1 writes unit (1,1) at location L, birth gen 1. Publishes root R1 (txg 1).  
2. Instance 1 crashes. Recovery writes instance table row (1,1,1).  
3. Instance 2 starts. Allocates L again, overwrites allocation record as freed with free gen 2.  
4. Sweep admission: free gen 2 ≤ oldest root txg (R1’s txg=1) → false, so L not swept.  
5. Now, oldest root txg is 1. Free gen=2 >1, so sweep doesn’t clear L. But if a later root has txg=3, oldest root txg=3. Sweep admission: free gen=2 ≤3 → true. Sweep clears L. Now, R1 references L but is not in ring (only newer roots exist). R1 is obsolete, so safe. However, if R1 is still in ring (e.g., snapshot), sweep clears L while R1 references it. But oldest root txg is min of all roots in ring. If R1 is in ring, oldest root txg=1, free gen=2 >1 → sweep doesn’t clear L. So no issue. Alternative: Instance 1 writes unit (1,1), then instance 2 writes unit (2,1) at L (freeing old L). Allocation record shows freed with free gen=2. Oldest root in ring is R1 (txg=1). Sweep admission: free gen=2 ≤1? No → not swept. Correct. To break: make free gen ≤ oldest root txg but L is still referenced by a root in ring. Impossibleample: Instance 1 writes unit (1,1) at L. Instance 2 writes new unit at L, free gen=2. Oldest root in ring is R1 (txg=1). Sweep admission: free gen=2 ≤1? False → not swept. No violation. But if free gen=1 and oldest root txg=1, sweep clears L even if R1 references it. But free gen=1 means L was freed in txg 1. If R1 is txg 1, then L is still in use (since R1 references it). Sweep admission: free gen=1 ≤1 → true. Sweep clears L while R1 references it → corruption. Fix: sweep admission requires free gen < oldest root txg (not ≤).  

4. E104 arm wseq_meta_only fairness:  
Arm B turns extent leaves into code 3 containers (with write sequence), so data units (code 1) have no write sequence. E104 arm wseq_meta_only gives data units only birth generation, containers write sequence. In crash world where extent leaf survives: data units are ordered by birth generation. If leaf survives, data units are correctly ordered by birth gen. If leaf lost, data units have no write sequence → ordered by birth gen, which may be incorrect if multiple versions exist. But arm B keeps write sequence on containers (extent leaves), so if leaf survives, it has write sequence. E104 arm wseq_meta_only does not model this (data units lack write sequence but containers have it), so it’s a straw man. Arm B would not resurrect data units if leaf survives (correct), but E104 assumes no write sequence for data units → resurrects them (incorrect). Verdict reason 1 depends on leaf loss: if leaf survives, arm B works; if lost, arm B fails. E104’s "resurrection" in crash world is due to ignoring container write sequence, not arm B’s design.  

5. E105 numbers support verdict reason 2?  
E105 states arm B costs 1.25-1.78x more bytes per update. But this assumes extent records are 83 bytes and nodes 16KiB. If update batches are large (e.g., 1000 updates), the cost per update drops. For example, with 1000 updates: 1.78x for 10k records but 1.44x for 1M records. However, if updates are sparse (e.g., 10 updates), the ratio is 1.78x. But if the workload has many small updates (e.g., 10 updates per transaction), the ratio is 1.78x. However, if the extent tree is updated infrequently (e.g., only for metadata), the ratio could be below 1. For example, if only 1% of updates affect extent tree, and 99% are for other code 3 containers, the cost for those 99% is unchanged. But arm B requires turning extent leaves into code 3 containers, which affects all extent updates. The ratio is always ≥1 for extent-related updates. For non-extent updates, no cost. But the verdict reason 2 says "every update of the hottest tree 1.25-1.78x more expensive", which is true for extent tree updates. However, if the hottest tree is not the extent tree (e.g., directory tree), arm B has no extra cost for it. So the ratio could be below 1 if hottest tree is not extent tree. But the proposal assumes extent tree is hottest. Fix: clarify that the cost applies only to extent tree updates, not all updates.
