zh-short-1 raw_fffd_lines=0 红 /home/fy5090/code/singlefs/research/results/corruption/zh-short-1.txt  cjk=304 fffd=0 bigram=5(16.45/千字) trigram=1
zh-short-2 raw_fffd_lines=0 红 /home/fy5090/code/singlefs/research/results/corruption/zh-short-2.txt  cjk=231 fffd=0 bigram=2(8.66/千字) trigram=0
zh-short-3 raw_fffd_lines=0 绿 /home/fy5090/code/singlefs/research/results/corruption/zh-short-3.txt  cjk=261 fffd=0 bigram=0(0.00/千字) trigram=0
zh-short-4 raw_fffd_lines=0 红 /home/fy5090/code/singlefs/research/results/corruption/zh-short-4.txt  cjk=270 fffd=0 bigram=2(7.41/千字) trigram=0
zh-short-5 raw_fffd_lines=0 红 /home/fy5090/code/singlefs/research/results/corruption/zh-short-5.txt  cjk=248 fffd=0 bigram=1(4.03/千字) trigram=1
en-short-1 raw_fffd_lines=0 绿 /home/fy5090/code/singlefs/research/results/corruption/en-short-1.txt  cjk=0 fffd=0 bigram=0(0.00/千字) trigram=0
en-short-2 raw_fffd_lines=0 绿 /home/fy5090/code/singlefs/research/results/corruption/en-short-2.txt  cjk=0 fffd=0 bigram=0(0.00/千字) trigram=0
en-short-3 raw_fffd_lines=0 绿 /home/fy5090/code/singlefs/research/results/corruption/en-short-3.txt  cjk=0 fffd=0 bigram=0(0.00/千字) trigram=0
en-short-4 raw_fffd_lines=0 绿 /home/fy5090/code/singlefs/research/results/corruption/en-short-4.txt  cjk=0 fffd=0 bigram=0(0.00/千字) trigram=0
en-short-5 raw_fffd_lines=0 绿 /home/fy5090/code/singlefs/research/results/corruption/en-short-5.txt  cjk=0 fffd=0 bigram=0(0.00/千字) trigram=0
zh-long-1 raw_fffd_lines=1 红 /home/fy5090/code/singlefs/research/results/corruption/zh-long-1.txt  cjk=1311 words=193 fffd=0 汉字复读=1(0.76/千) 英文复读=2(10.36/千)
zh-long-2 raw_fffd_lines=1 红 /home/fy5090/code/singlefs/research/results/corruption/zh-long-2.txt  cjk=1595 words=162 fffd=2 汉字复读=10(6.27/千) 英文复读=6(37.04/千)
zh-long-3 raw_fffd_lines=1 红 /home/fy5090/code/singlefs/research/results/corruption/zh-long-3.txt  cjk=1622 words=263 fffd=3 汉字复读=12(7.40/千) 英文复读=5(19.01/千)
zh-short-pp15-1 pp=1.5 红 /home/fy5090/code/singlefs/research/results/corruption/zh-short-pp15-1.txt  cjk=271 words=4 fffd=0 汉字复读=3(11.07/千) 英文复读=0(0.00/千)
zh-short-pp15-2 pp=1.5 红 /home/fy5090/code/singlefs/research/results/corruption/zh-short-pp15-2.txt  cjk=290 words=4 fffd=0 汉字复读=2(6.90/千) 英文复读=0(0.00/千)
zh-short-pp15-3 pp=1.5 红 /home/fy5090/code/singlefs/research/results/corruption/zh-short-pp15-3.txt  cjk=285 words=5 fffd=0 汉字复读=1(3.51/千) 英文复读=0(0.00/千)
zh-short-pp15-4 pp=1.5 红 /home/fy5090/code/singlefs/research/results/corruption/zh-short-pp15-4.txt  cjk=268 words=6 fffd=0 汉字复读=1(3.73/千) 英文复读=1(0.00/千)
zh-short-pp15-5 pp=1.5 红 /home/fy5090/code/singlefs/research/results/corruption/zh-short-pp15-5.txt  cjk=240 words=5 fffd=0 汉字复读=2(8.33/千) 英文复读=0(0.00/千)
research/scripts/local-repro-tuned.sh: line 37: syntax error near unexpected token `)'
research/scripts/local-repro-tuned.sh: line 37: `{}])[0].get("message", {}).get("content") or ""'
zh-short-rp115-1 pp=0 rp=1.15 红 /home/fy5090/code/singlefs/research/results/corruption/zh-short-rp115-1.txt  cjk=304 words=6 fffd=0 汉字复读=4(13.16/千) 英文复读=0(0.00/千)
zh-short-rp115-2 pp=0 rp=1.15 红 /home/fy5090/code/singlefs/research/results/corruption/zh-short-rp115-2.txt  cjk=309 words=7 fffd=0 汉字复读=3(9.71/千) 英文复读=0(0.00/千)
zh-short-rp115-3 pp=0 rp=1.15 红 /home/fy5090/code/singlefs/research/results/corruption/zh-short-rp115-3.txt  cjk=233 words=6 fffd=0 汉字复读=3(12.88/千) 英文复读=1(0.00/千)
zh-short-rp115-4 pp=0 rp=1.15 绿 /home/fy5090/code/singlefs/research/results/corruption/zh-short-rp115-4.txt  cjk=273 words=5 fffd=0 汉字复读=0(0.00/千) 英文复读=1(0.00/千)
zh-short-rp115-5 pp=0 rp=1.15 红 /home/fy5090/code/singlefs/research/results/corruption/zh-short-rp115-5.txt  cjk=324 words=9 fffd=0 汉字复读=5(15.43/千) 英文复读=0(0.00/千)
