E7RESULT name=config node_bytes=16384 unit_bytes=32768 packed_hdr=103 inode_rec=140 child_ptr=59 w=2 per_publish_const=9216 ident_value=27 cont_key=26 internal_entry=93 leaf_records=233 model=arithmetic file_ops=0
E7RESULT name=geom header=58 inodes=10000 a_leaf_fanout=116 a_height=2 a_levels=[87, 1] b_per_container=233 b_containers=43 b_index_height=1 b_index_levels=[1] b_inode_height=2
E7RESULT name=write header=58 inodes=10000 k=1 a_bytes=65536 b_bytes=98304 b_over_a=1.500 a_per_update=65536 b_per_update=98304 c_bytes=98304 c_over_a=1.500 const_per_publish=9216
E7RESULT name=write header=58 inodes=10000 k=10 a_bytes=344008 b_bytes=623629 b_over_a=1.813 a_per_update=34401 b_per_update=62363 c_bytes=623629 c_over_a=1.813 const_per_publish=9216
E7RESULT name=write header=58 inodes=10000 k=100 a_bytes=1986384 b_bytes=2582880 b_over_a=1.300 a_per_update=19864 b_per_update=25829 c_bytes=2582880 c_over_a=1.300 const_per_publish=9216
E7RESULT name=write header=58 inodes=10000 k=1000 a_bytes=2883557 b_bytes=2850816 b_over_a=0.989 a_per_update=2884 b_per_update=2851 c_bytes=2850816 c_over_a=0.989 const_per_publish=9216
E7RESULT name=write_clustered header=58 inodes=10000 a_bytes=65536 b_bytes=98304 b_over_a=1.500
E7RESULT name=stat header=58 inodes=10000 a_reads=2 a_bytes=32768 b_reads=4 b_bytes=81920 b_over_a=2.500 c_reads=2 c_bytes=49152 c_over_a=1.500 c_internal_height=1
E7RESULT name=geom header=58 inodes=1000000 a_leaf_fanout=116 a_height=3 a_levels=[8621, 36, 1] b_per_container=233 b_containers=4292 b_index_height=2 b_index_levels=[23, 1] b_inode_height=3
E7RESULT name=write header=58 inodes=1000000 k=1 a_bytes=98304 b_bytes=131072 b_over_a=1.333 a_per_update=98304 b_per_update=131072 c_bytes=131072 c_over_a=1.333 const_per_publish=9216
E7RESULT name=write header=58 inodes=1000000 k=10 a_bytes=649888 b_bytes=957906 b_over_a=1.474 a_per_update=64989 b_per_update=95791 c_bytes=962010 c_over_a=1.480 const_per_publish=9216
E7RESULT name=write header=58 inodes=1000000 k=100 a_bytes=4399953 b_bytes=7256177 b_over_a=1.649 a_per_update=44000 b_per_update=72562 c_bytes=7316737 c_over_a=1.663 const_per_publish=9216
E7RESULT name=write header=58 inodes=1000000 k=1000 a_bytes=32153033 b_bytes=59253761 b_over_a=1.843 a_per_update=32153 b_per_update=59254 c_bytes=59319297 c_over_a=1.845 const_per_publish=9216
E7RESULT name=write_clustered header=58 inodes=1000000 a_bytes=98304 b_bytes=131072 b_over_a=1.333
E7RESULT name=stat header=58 inodes=1000000 a_reads=3 a_bytes=49152 b_reads=6 b_bytes=114688 b_over_a=2.333 c_reads=3 c_bytes=65536 c_over_a=1.333 c_internal_height=2
E7RESULT name=geom header=58 inodes=100000000 a_leaf_fanout=116 a_height=4 a_levels=[862069, 3548, 15, 1] b_per_container=233 b_containers=429185 b_index_height=3 b_index_levels=[2236, 12, 1] b_inode_height=4
E7RESULT name=write header=58 inodes=100000000 k=1 a_bytes=131072 b_bytes=163840 b_over_a=1.250 a_per_update=131072 b_per_update=163840 c_bytes=163840 c_over_a=1.250 const_per_publish=9216
E7RESULT name=write header=58 inodes=100000000 k=10 a_bytes=932679 b_bytes=1243639 b_over_a=1.333 a_per_update=93268 b_per_update=124364 c_bytes=1260168 c_over_a=1.351 const_per_publish=9216
E7RESULT name=write header=58 inodes=100000000 k=100 a_bytes=7031906 b_bytes=10184070 b_over_a=1.448 a_per_update=70319 b_per_update=101841 c_bytes=10288185 c_over_a=1.463 const_per_publish=9216
E7RESULT name=write header=58 inodes=100000000 k=1000 a_bytes=61831898 b_bytes=92311448 b_over_a=1.493 a_per_update=61832 b_per_update=92311 c_bytes=92899526 c_over_a=1.502 const_per_publish=9216
E7RESULT name=write_clustered header=58 inodes=100000000 a_bytes=131072 b_bytes=163840 b_over_a=1.250
E7RESULT name=stat header=58 inodes=100000000 a_reads=4 a_bytes=65536 b_reads=8 b_bytes=147456 b_over_a=2.250 c_reads=4 c_bytes=81920 c_over_a=1.250 c_internal_height=3
E7RESULT name=geom header=67 inodes=10000 a_leaf_fanout=116 a_height=2 a_levels=[87, 1] b_per_container=233 b_containers=43 b_index_height=1 b_index_levels=[1] b_inode_height=2
E7RESULT name=write header=67 inodes=10000 k=1 a_bytes=65536 b_bytes=98304 b_over_a=1.500 a_per_update=65536 b_per_update=98304 c_bytes=98304 c_over_a=1.500 const_per_publish=9216
E7RESULT name=write header=67 inodes=10000 k=10 a_bytes=344008 b_bytes=623629 b_over_a=1.813 a_per_update=34401 b_per_update=62363 c_bytes=623629 c_over_a=1.813 const_per_publish=9216
E7RESULT name=write header=67 inodes=10000 k=100 a_bytes=1986384 b_bytes=2582880 b_over_a=1.300 a_per_update=19864 b_per_update=25829 c_bytes=2582880 c_over_a=1.300 const_per_publish=9216
E7RESULT name=write header=67 inodes=10000 k=1000 a_bytes=2883557 b_bytes=2850816 b_over_a=0.989 a_per_update=2884 b_per_update=2851 c_bytes=2850816 c_over_a=0.989 const_per_publish=9216
E7RESULT name=write_clustered header=67 inodes=10000 a_bytes=65536 b_bytes=98304 b_over_a=1.500
E7RESULT name=stat header=67 inodes=10000 a_reads=2 a_bytes=32768 b_reads=4 b_bytes=81920 b_over_a=2.500 c_reads=2 c_bytes=49152 c_over_a=1.500 c_internal_height=1
E7RESULT name=geom header=67 inodes=1000000 a_leaf_fanout=116 a_height=3 a_levels=[8621, 36, 1] b_per_container=233 b_containers=4292 b_index_height=2 b_index_levels=[23, 1] b_inode_height=3
E7RESULT name=write header=67 inodes=1000000 k=1 a_bytes=98304 b_bytes=131072 b_over_a=1.333 a_per_update=98304 b_per_update=131072 c_bytes=131072 c_over_a=1.333 const_per_publish=9216
E7RESULT name=write header=67 inodes=1000000 k=10 a_bytes=649888 b_bytes=957906 b_over_a=1.474 a_per_update=64989 b_per_update=95791 c_bytes=962010 c_over_a=1.480 const_per_publish=9216
E7RESULT name=write header=67 inodes=1000000 k=100 a_bytes=4399953 b_bytes=7256177 b_over_a=1.649 a_per_update=44000 b_per_update=72562 c_bytes=7316737 c_over_a=1.663 const_per_publish=9216
E7RESULT name=write header=67 inodes=1000000 k=1000 a_bytes=32153033 b_bytes=59253761 b_over_a=1.843 a_per_update=32153 b_per_update=59254 c_bytes=59319297 c_over_a=1.845 const_per_publish=9216
E7RESULT name=write_clustered header=67 inodes=1000000 a_bytes=98304 b_bytes=131072 b_over_a=1.333
E7RESULT name=stat header=67 inodes=1000000 a_reads=3 a_bytes=49152 b_reads=6 b_bytes=114688 b_over_a=2.333 c_reads=3 c_bytes=65536 c_over_a=1.333 c_internal_height=2
E7RESULT name=geom header=67 inodes=100000000 a_leaf_fanout=116 a_height=4 a_levels=[862069, 3548, 15, 1] b_per_container=233 b_containers=429185 b_index_height=3 b_index_levels=[2248, 12, 1] b_inode_height=4
E7RESULT name=write header=67 inodes=100000000 k=1 a_bytes=131072 b_bytes=163840 b_over_a=1.250 a_per_update=131072 b_per_update=163840 c_bytes=163840 c_over_a=1.250 const_per_publish=9216
E7RESULT name=write header=67 inodes=100000000 k=10 a_bytes=932679 b_bytes=1243642 b_over_a=1.333 a_per_update=93268 b_per_update=124364 c_bytes=1260168 c_over_a=1.351 const_per_publish=9216
E7RESULT name=write header=67 inodes=100000000 k=100 a_bytes=7031906 b_bytes=10184446 b_over_a=1.448 a_per_update=70319 b_per_update=101844 c_bytes=10288185 c_over_a=1.463 const_per_publish=9216
E7RESULT name=write header=67 inodes=100000000 k=1000 a_bytes=61831898 b_bytes=92340651 b_over_a=1.493 a_per_update=61832 b_per_update=92341 c_bytes=92899526 c_over_a=1.502 const_per_publish=9216
E7RESULT name=write_clustered header=67 inodes=100000000 a_bytes=131072 b_bytes=163840 b_over_a=1.250
E7RESULT name=stat header=67 inodes=100000000 a_reads=4 a_bytes=65536 b_reads=8 b_bytes=147456 b_over_a=2.250 c_reads=4 c_bytes=81920 c_over_a=1.250 c_internal_height=3
E7RESULT name=geom header=76 inodes=10000 a_leaf_fanout=116 a_height=2 a_levels=[87, 1] b_per_container=233 b_containers=43 b_index_height=1 b_index_levels=[1] b_inode_height=2
E7RESULT name=write header=76 inodes=10000 k=1 a_bytes=65536 b_bytes=98304 b_over_a=1.500 a_per_update=65536 b_per_update=98304 c_bytes=98304 c_over_a=1.500 const_per_publish=9216
E7RESULT name=write header=76 inodes=10000 k=10 a_bytes=344008 b_bytes=623629 b_over_a=1.813 a_per_update=34401 b_per_update=62363 c_bytes=623629 c_over_a=1.813 const_per_publish=9216
E7RESULT name=write header=76 inodes=10000 k=100 a_bytes=1986384 b_bytes=2582880 b_over_a=1.300 a_per_update=19864 b_per_update=25829 c_bytes=2582880 c_over_a=1.300 const_per_publish=9216
E7RESULT name=write header=76 inodes=10000 k=1000 a_bytes=2883557 b_bytes=2850816 b_over_a=0.989 a_per_update=2884 b_per_update=2851 c_bytes=2850816 c_over_a=0.989 const_per_publish=9216
E7RESULT name=write_clustered header=76 inodes=10000 a_bytes=65536 b_bytes=98304 b_over_a=1.500
E7RESULT name=stat header=76 inodes=10000 a_reads=2 a_bytes=32768 b_reads=4 b_bytes=81920 b_over_a=2.500 c_reads=2 c_bytes=49152 c_over_a=1.500 c_internal_height=1
E7RESULT name=geom header=76 inodes=1000000 a_leaf_fanout=116 a_height=3 a_levels=[8621, 36, 1] b_per_container=233 b_containers=4292 b_index_height=2 b_index_levels=[23, 1] b_inode_height=3
E7RESULT name=write header=76 inodes=1000000 k=1 a_bytes=98304 b_bytes=131072 b_over_a=1.333 a_per_update=98304 b_per_update=131072 c_bytes=131072 c_over_a=1.333 const_per_publish=9216
E7RESULT name=write header=76 inodes=1000000 k=10 a_bytes=649888 b_bytes=957906 b_over_a=1.474 a_per_update=64989 b_per_update=95791 c_bytes=962010 c_over_a=1.480 const_per_publish=9216
E7RESULT name=write header=76 inodes=1000000 k=100 a_bytes=4399953 b_bytes=7256177 b_over_a=1.649 a_per_update=44000 b_per_update=72562 c_bytes=7316737 c_over_a=1.663 const_per_publish=9216
E7RESULT name=write header=76 inodes=1000000 k=1000 a_bytes=32153033 b_bytes=59253761 b_over_a=1.843 a_per_update=32153 b_per_update=59254 c_bytes=59319297 c_over_a=1.845 const_per_publish=9216
E7RESULT name=write_clustered header=76 inodes=1000000 a_bytes=98304 b_bytes=131072 b_over_a=1.333
E7RESULT name=stat header=76 inodes=1000000 a_reads=3 a_bytes=49152 b_reads=6 b_bytes=114688 b_over_a=2.333 c_reads=3 c_bytes=65536 c_over_a=1.333 c_internal_height=2
E7RESULT name=geom header=76 inodes=100000000 a_leaf_fanout=116 a_height=4 a_levels=[862069, 3548, 15, 1] b_per_container=233 b_containers=429185 b_index_height=3 b_index_levels=[2248, 12, 1] b_inode_height=4
E7RESULT name=write header=76 inodes=100000000 k=1 a_bytes=131072 b_bytes=163840 b_over_a=1.250 a_per_update=131072 b_per_update=163840 c_bytes=163840 c_over_a=1.250 const_per_publish=9216
E7RESULT name=write header=76 inodes=100000000 k=10 a_bytes=932679 b_bytes=1243642 b_over_a=1.333 a_per_update=93268 b_per_update=124364 c_bytes=1260168 c_over_a=1.351 const_per_publish=9216
E7RESULT name=write header=76 inodes=100000000 k=100 a_bytes=7031906 b_bytes=10184446 b_over_a=1.448 a_per_update=70319 b_per_update=101844 c_bytes=10288185 c_over_a=1.463 const_per_publish=9216
E7RESULT name=write header=76 inodes=100000000 k=1000 a_bytes=61831898 b_bytes=92340651 b_over_a=1.493 a_per_update=61832 b_per_update=92341 c_bytes=92899526 c_over_a=1.502 const_per_publish=9216
E7RESULT name=write_clustered header=76 inodes=100000000 a_bytes=131072 b_bytes=163840 b_over_a=1.250
E7RESULT name=stat header=76 inodes=100000000 a_reads=4 a_bytes=65536 b_reads=8 b_bytes=147456 b_over_a=2.250 c_reads=4 c_bytes=81920 c_over_a=1.250 c_internal_height=3
E7RESULT name=blast a_records_per_leaf=116 b_records_per_container=233 b_over_a=2.009
E7RESULT name=prior_estimate claimed=3.0 measured_single_update_ratio_1e6=1.333 claim_holds=0
E7RESULT name=controls positive_same_ruler=1 negative_k0_a=0 negative_k0_b=0 saturation_1e6_leaf_k_huge=8621.0 leaf_count=8621
E7RESULT name=done emitted=68
