基线：全绿
✅ [M1_已发布谓词失效] 红：abandoned_defer_is_also_guarded_by_reference_check,ablation_watermark_pins_abandoned_count,failed_txn_after_write_is_pinned,instance_only_fails_exactly_on_partial_replay,lost_root_row_uses_chosen_root_txg,recovery_instance_row_w_is_per_instance,rollback_across_crash_pins_intermediate_instance,rollback_discards_abandoned_frees,rollback_row_protection_actually_blocks_a_write,row_reclaim_keeps_abandoned_roots_out_of_candidates,rollback_rows_pin_abandoned_timeline,comparator_has_discriminating_power,replica_merge_is_load_bearing,full_rule_is_exact_everywhere
✅ [M2_祖先上限不生效] 红：comparator_has_discriminating_power,replica_merge_is_load_bearing,full_rule_is_exact_everywhere
✅ [M3_择新取最小写序] 红：ablation_death_wseq_pins_same_txg_pairs,ablation_ancestry_pins_cross_head_wrong,ablation_wseq_pins_same_txg_ambiguity,lost_root_row_uses_chosen_root_txg,replica_merge_is_load_bearing,rollback_rows_pin_abandoned_timeline,write_then_delete_tie_rule,comparator_has_discriminating_power,full_rule_is_exact_everywhere
✅ [M17_副本不归并] 红：replica_merge_is_load_bearing,full_rule_is_exact_everywhere,oracle_is_exact_everywhere
✅ [M4_墓碑平局单元赢] 红：write_then_delete_tie_rule
✅ [M5_退役记录被忽略] 红：ablation_retire_pins_inode_resurrection,arm_b_residual_is_pinned,rebirth_is_load_bearing,replica_merge_is_load_bearing,full_rule_is_exact_everywhere
✅ [M6_诞生代号不过滤] 红：ablation_ancestry_pins_cross_head_wrong,arm_b_residual_is_pinned,comparator_has_discriminating_power,replica_merge_is_load_bearing,full_rule_is_exact_everywhere
✅ [M7_恢复不写水位行] 红：ablation_watermark_pins_abandoned_count,failed_txn_after_write_is_pinned,inflight_containers_are_rewritten_by_recovery,instance_only_fails_exactly_on_partial_replay,recovery_instance_row_w_is_per_instance,comparator_has_discriminating_power,replica_merge_is_load_bearing,full_rule_is_exact_everywhere
✅ [M16_回退不写回退行] 红：abandoned_defer_is_also_guarded_by_reference_check,rollback_across_crash_pins_intermediate_instance,rollback_discards_abandoned_frees,rollback_row_protection_actually_blocks_a_write,rollback_rows_pin_abandoned_timeline,row_reclaim_keeps_abandoned_roots_out_of_candidates,replica_merge_is_load_bearing,full_rule_is_exact_everywhere
✅ [M8_门的下限退回第一版] 红：gate_v1_lets_snapshot_held_garbage_resurrect,full_rule_is_exact_everywhere
✅ [M9_重生不退役旧身份] 红：rebirth_is_load_bearing,replica_merge_is_load_bearing,full_rule_is_exact_everywhere
✅ [M14_码 3 不按行封] 红：inflight_containers_are_rewritten_by_recovery,replica_merge_is_load_bearing,full_rule_is_exact_everywhere
✅ [M15_回退不给中间实例写 (i, 0, 0)] 红：rollback_across_crash_pins_intermediate_instance,full_rule_is_exact_everywhere
✅ [M10_扫描计数漏一格] 红：scan_count_matches_generator
✅ [M11_注入不改落点] 红：comparator_has_discriminating_power
✅ [M13_退役回收无视容器引用] 红：replica_merge_is_load_bearing,full_rule_is_exact_everywhere
✅ [M18_回退后新根不压过根环] 红：rollback_new_root_outranks_abandoned_roots
✅ [M19_崩溃行的 W 取已分配不取已施加] 红：ablation_watermark_pins_abandoned_count,failed_txn_after_write_is_pinned,recovery_instance_row_w_is_per_instance,comparator_has_discriminating_power,replica_merge_is_load_bearing,full_rule_is_exact_everywhere
✅ [M20_行回收不看根环] 红：row_reclaim_keeps_abandoned_roots_out_of_candidates
✅ [M21_恢复不重写在飞容器] 红：inflight_containers_are_rewritten_by_recovery,rule_sweep_is_sound_against_oracle,full_rule_is_exact_everywhere,oracle_is_exact_everywhere,replica_merge_is_load_bearing,scan_count_matches_generator
✅ [M22_恢复行的 T_pub 取在飞 txg − 1] 红：lost_root_row_uses_chosen_root_txg,rollback_row_protection_actually_blocks_a_write,full_rule_is_exact_everywhere
✅ [M23_码 3 也按写序择新] 红：cont_key_by_birth_breaks_the_wseq_tie,full_rule_is_exact_everywhere
✅ [M24_恢复行的 W 不按实例分] 红：recovery_instance_row_w_is_per_instance,full_rule_is_exact_everywhere
✅ [M25_回退行保护形同虚设] 红：rollback_row_protection_actually_blocks_a_write
已还原，基线仍全绿
