E7RESULT name=negative_control leaves=0 arm_a_with_redundancy=0 arm_c=0 verdict=pass
E7RESULT name=geometry recs_per_container=583 cidx_fanout=191 cidx_height=3 total_containers=828789
E7RESULT name=bytes leaves=1 f=0 w_data=2 w_meta=4 records=8 containers=1 baseline=102912 parity=65536 table_component=81920 table_mirrored=163840 arm_a_no_redundancy=266752 arm_a_with_redundancy=332288 arm_a_nomirror_with_redundancy=250368 arm_c_mirror=201216 ratio_a_over_c=1.6514 wa_no_redundancy=2.5920
E7RESULT name=bytes leaves=1 f=291 w_data=2 w_meta=4 records=8 containers=1 baseline=102912 parity=65536 table_component=81920 table_mirrored=163840 arm_a_no_redundancy=266752 arm_a_with_redundancy=332288 arm_a_nomirror_with_redundancy=250368 arm_c_mirror=201216 ratio_a_over_c=1.6514 wa_no_redundancy=2.5920
E7RESULT name=bytes leaves=1 f=582 w_data=2 w_meta=4 records=8 containers=2 baseline=102912 parity=65536 table_component=114688 table_mirrored=229376 arm_a_no_redundancy=332288 arm_a_with_redundancy=397824 arm_a_nomirror_with_redundancy=283136 arm_c_mirror=201216 ratio_a_over_c=1.9771 wa_no_redundancy=3.2289
E7RESULT name=bytes leaves=8 f=0 w_data=4 w_meta=4 records=17 containers=1 baseline=332288 parity=131072 table_component=81920 table_mirrored=163840 arm_a_no_redundancy=496128 arm_a_with_redundancy=627200 arm_a_nomirror_with_redundancy=545280 arm_c_mirror=659968 ratio_a_over_c=0.9503 wa_no_redundancy=1.4931
E7RESULT name=bytes leaves=8 f=291 w_data=4 w_meta=4 records=17 containers=1 baseline=332288 parity=131072 table_component=81920 table_mirrored=163840 arm_a_no_redundancy=496128 arm_a_with_redundancy=627200 arm_a_nomirror_with_redundancy=545280 arm_c_mirror=659968 ratio_a_over_c=0.9503 wa_no_redundancy=1.4931
E7RESULT name=bytes leaves=8 f=582 w_data=4 w_meta=4 records=17 containers=2 baseline=332288 parity=131072 table_component=114688 table_mirrored=229376 arm_a_no_redundancy=561664 arm_a_with_redundancy=692736 arm_a_nomirror_with_redundancy=578048 arm_c_mirror=659968 ratio_a_over_c=1.0497 wa_no_redundancy=1.6903
E7RESULT name=bytes leaves=12 f=0 w_data=4 w_meta=4 records=22 containers=1 baseline=463360 parity=163840 table_component=81920 table_mirrored=163840 arm_a_no_redundancy=627200 arm_a_with_redundancy=791040 arm_a_nomirror_with_redundancy=709120 arm_c_mirror=922112 ratio_a_over_c=0.8579 wa_no_redundancy=1.3536
E7RESULT name=bytes leaves=12 f=291 w_data=4 w_meta=4 records=22 containers=1 baseline=463360 parity=163840 table_component=81920 table_mirrored=163840 arm_a_no_redundancy=627200 arm_a_with_redundancy=791040 arm_a_nomirror_with_redundancy=709120 arm_c_mirror=922112 ratio_a_over_c=0.8579 wa_no_redundancy=1.3536
E7RESULT name=bytes leaves=12 f=582 w_data=4 w_meta=4 records=22 containers=2 baseline=463360 parity=163840 table_component=114688 table_mirrored=229376 arm_a_no_redundancy=692736 arm_a_with_redundancy=856576 arm_a_nomirror_with_redundancy=741888 arm_c_mirror=922112 ratio_a_over_c=0.9289 wa_no_redundancy=1.4950
E7RESULT name=bytes leaves=64 f=0 w_data=4 w_meta=4 records=92 containers=1 baseline=2167296 parity=753664 table_component=81920 table_mirrored=163840 arm_a_no_redundancy=2331136 arm_a_with_redundancy=3084800 arm_a_nomirror_with_redundancy=3002880 arm_c_mirror=4329984 ratio_a_over_c=0.7124 wa_no_redundancy=1.0756
E7RESULT name=bytes leaves=64 f=291 w_data=4 w_meta=4 records=92 containers=1 baseline=2167296 parity=753664 table_component=81920 table_mirrored=163840 arm_a_no_redundancy=2331136 arm_a_with_redundancy=3084800 arm_a_nomirror_with_redundancy=3002880 arm_c_mirror=4329984 ratio_a_over_c=0.7124 wa_no_redundancy=1.0756
E7RESULT name=bytes leaves=64 f=582 w_data=4 w_meta=4 records=92 containers=2 baseline=2167296 parity=753664 table_component=114688 table_mirrored=229376 arm_a_no_redundancy=2396672 arm_a_with_redundancy=3150336 arm_a_nomirror_with_redundancy=3035648 arm_c_mirror=4329984 ratio_a_over_c=0.7276 wa_no_redundancy=1.1058
E7RESULT name=crossover first_leaves_where_arm_a_cheaper=8 main_workload_leaves=8
E7RESULT name=saturation_control records=26673 containers=46 expect_ceil=46 verdict=pass
E7RESULT name=positive_control same_geometry_packed=16384 same_geometry_leaf=16384 real_geometry_packed=32768 verdict=pass
E7RESULT name=latency semantics=ack rounds=5 one_shot_ns=152289 two_phase_ns=149560 two_phase_plus_5ms_ns=5371346 injected_recovered_ns=5221786 spread_one_shot=0.114 spread_two_phase=0.044
E7RESULT name=latency semantics=durable rounds=5 one_shot_ns=739846 two_phase_ns=1202134 two_phase_plus_5ms_ns=6401991 injected_recovered_ns=5199857 spread_one_shot=0.080 spread_two_phase=0.057
E7RESULT name=nosync_control per_round_ns=24367
E7RESULT name=main_workload_arm_a ops=1 bytes_per_op=627200 elapsed_ns=1 total_bytes=627200 mib_per_s=598144531.250 iops=1000000000.0
E7RESULT name=done emitted=22
