E7RESULT name=config unit=32768 unit_hdr=105 pack_hdr=103 grain=16384 w=2 map_key=33 loc=14 alloc=18 cref=26 slot_full=47 slot_min=4 live=16 n=100000 sizes=[512, 1024, 4096, 8192, 16384] ms=[1, 2, 8, 30, 100, 1000] fs=[0.0, 0.1, 0.3, 0.5, 0.9]
E7RESULT name=positive_cap1 size=512 m=1 pad_data=3276800000 pack_data=3276800000 packbg_data=3276800000 equal=true equal_bg=true
E7RESULT name=positive_cap1 size=512 m=2 pad_data=3276800000 pack_data=3276800000 packbg_data=3276800000 equal=true equal_bg=true
E7RESULT name=positive_cap1 size=512 m=8 pad_data=3276800000 pack_data=3276800000 packbg_data=3276800000 equal=true equal_bg=true
E7RESULT name=positive_cap1 size=512 m=30 pad_data=3276800000 pack_data=3276800000 packbg_data=3276800000 equal=true equal_bg=true
E7RESULT name=positive_cap1 size=512 m=100 pad_data=3276800000 pack_data=3276800000 packbg_data=3276800000 equal=true equal_bg=true
E7RESULT name=positive_cap1 size=512 m=1000 pad_data=3276800000 pack_data=3276800000 packbg_data=3276800000 equal=true equal_bg=true
E7RESULT name=positive_cap1 size=1024 m=1 pad_data=3276800000 pack_data=3276800000 packbg_data=3276800000 equal=true equal_bg=true
E7RESULT name=positive_cap1 size=1024 m=2 pad_data=3276800000 pack_data=3276800000 packbg_data=3276800000 equal=true equal_bg=true
E7RESULT name=positive_cap1 size=1024 m=8 pad_data=3276800000 pack_data=3276800000 packbg_data=3276800000 equal=true equal_bg=true
E7RESULT name=positive_cap1 size=1024 m=30 pad_data=3276800000 pack_data=3276800000 packbg_data=3276800000 equal=true equal_bg=true
E7RESULT name=positive_cap1 size=1024 m=100 pad_data=3276800000 pack_data=3276800000 packbg_data=3276800000 equal=true equal_bg=true
E7RESULT name=positive_cap1 size=1024 m=1000 pad_data=3276800000 pack_data=3276800000 packbg_data=3276800000 equal=true equal_bg=true
E7RESULT name=positive_cap1 size=4096 m=1 pad_data=3276800000 pack_data=3276800000 packbg_data=3276800000 equal=true equal_bg=true
E7RESULT name=positive_cap1 size=4096 m=2 pad_data=3276800000 pack_data=3276800000 packbg_data=3276800000 equal=true equal_bg=true
E7RESULT name=positive_cap1 size=4096 m=8 pad_data=3276800000 pack_data=3276800000 packbg_data=3276800000 equal=true equal_bg=true
E7RESULT name=positive_cap1 size=4096 m=30 pad_data=3276800000 pack_data=3276800000 packbg_data=3276800000 equal=true equal_bg=true
E7RESULT name=positive_cap1 size=4096 m=100 pad_data=3276800000 pack_data=3276800000 packbg_data=3276800000 equal=true equal_bg=true
E7RESULT name=positive_cap1 size=4096 m=1000 pad_data=3276800000 pack_data=3276800000 packbg_data=3276800000 equal=true equal_bg=true
E7RESULT name=positive_cap1 size=8192 m=1 pad_data=3276800000 pack_data=3276800000 packbg_data=3276800000 equal=true equal_bg=true
E7RESULT name=positive_cap1 size=8192 m=2 pad_data=3276800000 pack_data=3276800000 packbg_data=3276800000 equal=true equal_bg=true
E7RESULT name=positive_cap1 size=8192 m=8 pad_data=3276800000 pack_data=3276800000 packbg_data=3276800000 equal=true equal_bg=true
E7RESULT name=positive_cap1 size=8192 m=30 pad_data=3276800000 pack_data=3276800000 packbg_data=3276800000 equal=true equal_bg=true
E7RESULT name=positive_cap1 size=8192 m=100 pad_data=3276800000 pack_data=3276800000 packbg_data=3276800000 equal=true equal_bg=true
E7RESULT name=positive_cap1 size=8192 m=1000 pad_data=3276800000 pack_data=3276800000 packbg_data=3276800000 equal=true equal_bg=true
E7RESULT name=positive_cap1 size=16384 m=1 pad_data=3276800000 pack_data=3276800000 packbg_data=3276800000 equal=true equal_bg=true
E7RESULT name=positive_cap1 size=16384 m=2 pad_data=3276800000 pack_data=3276800000 packbg_data=3276800000 equal=true equal_bg=true
E7RESULT name=positive_cap1 size=16384 m=8 pad_data=3276800000 pack_data=3276800000 packbg_data=3276800000 equal=true equal_bg=true
E7RESULT name=positive_cap1 size=16384 m=30 pad_data=3276800000 pack_data=3276800000 packbg_data=3276800000 equal=true equal_bg=true
E7RESULT name=positive_cap1 size=16384 m=100 pad_data=3276800000 pack_data=3276800000 packbg_data=3276800000 equal=true equal_bg=true
E7RESULT name=positive_cap1 size=16384 m=1000 pad_data=3276800000 pack_data=3276800000 packbg_data=3276800000 equal=true equal_bg=true
E7RESULT name=discrimination pad_512=3276800000 pad_16384=3276800000 equal=true
E7RESULT name=negative n0_data=0 n0_meta=0 n0_write=0
E7RESULT name=ledger size=512 m=1 f=0 pad_total=3286500000 pack_total=3293500000 packmin_total=3293500000 net=-7000000 ratio=0.9979 data_ratio=1.0000 pad_write=6553600000 pack_write=6553600000 compaction=0 packbg_total=62807650 packbg_write=6666649600 packbg_peak=3276800000 cap=58 lost_pad=1 lost_pack=1
E7RESULT name=ledger size=512 m=1 f=0.1 pad_total=3286500000 pack_total=3621540000 packmin_total=3621540000 net=-335040000 ratio=0.9075 data_ratio=0.9091 pad_write=7208960000 pack_write=7208960000 compaction=623640576 packbg_total=390847650 packbg_write=7322009600 packbg_peak=3276800000 cap=58 lost_pad=1 lost_pack=1
E7RESULT name=ledger size=512 m=1 f=0.3 pad_total=3286500000 pack_total=4277620000 packmin_total=4277620000 net=-991120000 ratio=0.7683 data_ratio=0.7692 pad_write=8519680000 pack_write=8519680000 compaction=1698562048 packbg_total=1046927650 packbg_write=8632729600 packbg_peak=3276800000 cap=58 lost_pad=1 lost_pack=1
E7RESULT name=ledger size=512 m=1 f=0.5 pad_total=3286500000 pack_total=4933700000 packmin_total=4933700000 net=-1647200000 ratio=0.6661 data_ratio=0.6667 pad_write=9830400000 pack_write=9830400000 compaction=2578644992 packbg_total=1703007650 packbg_write=9943449600 packbg_peak=3276800000 cap=58 lost_pad=1 lost_pack=1
E7RESULT name=ledger size=512 m=1 f=0.9 pad_total=3286500000 pack_total=6245860000 packmin_total=6245860000 net=-2959360000 ratio=0.5262 data_ratio=0.5263 pad_write=12451840000 pack_write=12451840000 compaction=3889102848 packbg_total=3015167650 packbg_write=12564889600 packbg_peak=3276800000 cap=58 lost_pad=1 lost_pack=1
E7RESULT name=ledger size=512 m=2 f=0 pad_total=3286500000 pack_total=1649800000 packmin_total=1649800000 net=1636700000 ratio=1.9921 data_ratio=2.0000 pad_write=6553600000 pack_write=3276800000 compaction=0 packbg_total=62807650 packbg_write=6666649600 packbg_peak=3276800000 cap=58 lost_pad=1 lost_pack=2
E7RESULT name=ledger size=512 m=2 f=0.1 pad_total=3286500000 pack_total=1977840000 packmin_total=1977840000 net=1308660000 ratio=1.6617 data_ratio=1.6667 pad_write=7208960000 pack_write=3932160000 compaction=594018304 packbg_total=390847650 packbg_write=7322009600 packbg_peak=3276800000 cap=58 lost_pad=1 lost_pack=2
E7RESULT name=ledger size=512 m=2 f=0.3 pad_total=3286500000 pack_total=2633920000 packmin_total=2633920000 net=652580000 ratio=1.2478 data_ratio=1.2500 pad_write=8519680000 pack_write=5242880000 compaction=1478492160 packbg_total=1046927650 packbg_write=8632729600 packbg_peak=3276800000 cap=58 lost_pad=1 lost_pack=2
E7RESULT name=ledger size=512 m=2 f=0.5 pad_total=3286500000 pack_total=3290000000 packmin_total=3290000000 net=-3500000 ratio=0.9989 data_ratio=1.0000 pad_write=9830400000 pack_write=6553600000 compaction=2071330816 packbg_total=1703007650 packbg_write=9943449600 packbg_peak=3276800000 cap=58 lost_pad=1 lost_pack=2
E7RESULT name=ledger size=512 m=2 f=0.9 pad_total=3286500000 pack_total=4602160000 packmin_total=4602160000 net=-1315660000 ratio=0.7141 data_ratio=0.7143 pad_write=12451840000 pack_write=9175040000 compaction=2735144960 packbg_total=3015167650 packbg_write=12564889600 packbg_peak=3276800000 cap=58 lost_pad=1 lost_pack=2
E7RESULT name=ledger size=512 m=8 f=0 pad_total=3286500000 pack_total=417025000 packmin_total=417025000 net=2869475000 ratio=7.8808 data_ratio=8.0000 pad_write=6553600000 pack_write=819200000 compaction=0 packbg_total=62807650 packbg_write=6666649600 packbg_peak=3276800000 cap=58 lost_pad=1 lost_pack=8
E7RESULT name=ledger size=512 m=8 f=0.1 pad_total=3286500000 pack_total=745065000 packmin_total=745065000 net=2541435000 ratio=4.4110 data_ratio=4.4444 pad_write=7208960000 pack_write=1474560000 compaction=451149824 packbg_total=390847650 packbg_write=7322009600 packbg_peak=3276800000 cap=58 lost_pad=1 lost_pack=8
E7RESULT name=ledger size=512 m=8 f=0.3 pad_total=3286500000 pack_total=1401145000 packmin_total=1401145000 net=1885355000 ratio=2.3456 data_ratio=2.3529 pad_write=8519680000 pack_write=2785280000 compaction=744882176 packbg_total=1046927650 packbg_write=8632729600 packbg_peak=3276800000 cap=58 lost_pad=1 lost_pack=8
E7RESULT name=ledger size=512 m=8 f=0.5 pad_total=3286500000 pack_total=2057225000 packmin_total=2057225000 net=1229275000 ratio=1.5975 data_ratio=1.6000 pad_write=9830400000 pack_write=4096000000 compaction=804192256 packbg_total=1703007650 packbg_write=9943449600 packbg_peak=3276800000 cap=58 lost_pad=1 lost_pack=8
E7RESULT name=ledger size=512 m=8 f=0.9 pad_total=3286500000 pack_total=3369385000 packmin_total=3369385000 net=-82885000 ratio=0.9754 data_ratio=0.9756 pad_write=12451840000 pack_write=6717440000 compaction=818610176 packbg_total=3015167650 packbg_write=12564889600 packbg_peak=3276800000 cap=58 lost_pad=1 lost_pack=8
E7RESULT name=ledger size=512 m=30 f=0 pad_total=3286500000 pack_total=115701916 packmin_total=115701916 net=3170798084 ratio=28.4049 data_ratio=29.9940 pad_write=6553600000 pack_write=218497024 compaction=0 packbg_total=62807650 packbg_write=6666649600 packbg_peak=3276800000 cap=58 lost_pad=1 lost_pack=30
E7RESULT name=ledger size=512 m=30 f=0.1 pad_total=3286500000 pack_total=443741916 packmin_total=443741916 net=2842758084 ratio=7.4063 data_ratio=7.4996 pad_write=7208960000 pack_write=873857024 compaction=207618048 packbg_total=390847650 packbg_write=7322009600 packbg_peak=3276800000 cap=58 lost_pad=1 lost_pack=30
E7RESULT name=ledger size=512 m=30 f=0.3 pad_total=3286500000 pack_total=1099821916 packmin_total=1099821916 net=2186678084 ratio=2.9882 data_ratio=2.9999 pad_write=8519680000 pack_write=2184577024 compaction=218497024 packbg_total=1046927650 packbg_write=8632729600 packbg_peak=3276800000 cap=58 lost_pad=1 lost_pack=30
E7RESULT name=ledger size=512 m=30 f=0.5 pad_total=3286500000 pack_total=1755901916 packmin_total=1755901916 net=1530598084 ratio=1.8717 data_ratio=1.8750 pad_write=9830400000 pack_write=3495297024 compaction=218497024 packbg_total=1703007650 packbg_write=9943449600 packbg_peak=3276800000 cap=58 lost_pad=1 lost_pack=30
E7RESULT name=ledger size=512 m=30 f=0.9 pad_total=3286500000 pack_total=3068061916 packmin_total=3068061916 net=218438084 ratio=1.0712 data_ratio=1.0714 pad_write=12451840000 pack_write=6116737024 compaction=218497024 packbg_total=3015167650 packbg_write=12564889600 packbg_peak=3276800000 cap=58 lost_pad=1 lost_pack=30
E7RESULT name=ledger size=512 m=100 f=0 pad_total=3286500000 pack_total=71848000 packmin_total=71848000 net=3214652000 ratio=45.7424 data_ratio=50.0000 pad_write=6553600000 pack_write=131072000 compaction=0 packbg_total=62807650 packbg_write=6666649600 packbg_peak=3276800000 cap=58 lost_pad=1 lost_pack=58
E7RESULT name=ledger size=512 m=100 f=0.1 pad_total=3286500000 pack_total=399888000 packmin_total=399888000 net=2886612000 ratio=8.2186 data_ratio=8.3333 pad_write=7208960000 pack_write=786432000 compaction=130220032 packbg_total=390847650 packbg_write=7322009600 packbg_peak=3276800000 cap=58 lost_pad=1 lost_pack=58
E7RESULT name=ledger size=512 m=100 f=0.3 pad_total=3286500000 pack_total=1055968000 packmin_total=1055968000 net=2230532000 ratio=3.1123 data_ratio=3.1250 pad_write=8519680000 pack_write=2097152000 compaction=131072000 packbg_total=1046927650 packbg_write=8632729600 packbg_peak=3276800000 cap=58 lost_pad=1 lost_pack=58
E7RESULT name=ledger size=512 m=100 f=0.5 pad_total=3286500000 pack_total=1712048000 packmin_total=1712048000 net=1574452000 ratio=1.9196 data_ratio=1.9231 pad_write=9830400000 pack_write=3407872000 compaction=131072000 packbg_total=1703007650 packbg_write=9943449600 packbg_peak=3276800000 cap=58 lost_pad=1 lost_pack=58
E7RESULT name=ledger size=512 m=100 f=0.9 pad_total=3286500000 pack_total=3024208000 packmin_total=3024208000 net=262292000 ratio=1.0867 data_ratio=1.0870 pad_write=12451840000 pack_write=6029312000 compaction=131072000 packbg_total=3015167650 packbg_write=12564889600 packbg_peak=3276800000 cap=58 lost_pad=1 lost_pack=58
E7RESULT name=ledger size=512 m=1000 f=0 pad_total=3286500000 pack_total=65273200 packmin_total=58698400 net=3221226800 ratio=50.3499 data_ratio=55.5556 pad_write=6553600000 pack_write=117964800 compaction=0 packbg_total=62807650 packbg_write=6666649600 packbg_peak=3276800000 cap=58 lost_pad=1 lost_pack=58
E7RESULT name=ledger size=512 m=1000 f=0.1 pad_total=3286500000 pack_total=393313200 packmin_total=386738400 net=2893186800 ratio=8.3559 data_ratio=8.4746 pad_write=7208960000 pack_write=773324800 compaction=117506048 packbg_total=390847650 packbg_write=7322009600 packbg_peak=3276800000 cap=58 lost_pad=1 lost_pack=58
E7RESULT name=ledger size=512 m=1000 f=0.3 pad_total=3286500000 pack_total=1049393200 packmin_total=1042818400 net=2237106800 ratio=3.1318 data_ratio=3.1447 pad_write=8519680000 pack_write=2084044800 compaction=117964800 packbg_total=1046927650 packbg_write=8632729600 packbg_peak=3276800000 cap=58 lost_pad=1 lost_pack=58
E7RESULT name=ledger size=512 m=1000 f=0.5 pad_total=3286500000 pack_total=1705473200 packmin_total=1698898400 net=1581026800 ratio=1.9270 data_ratio=1.9305 pad_write=9830400000 pack_write=3394764800 compaction=117964800 packbg_total=1703007650 packbg_write=9943449600 packbg_peak=3276800000 cap=58 lost_pad=1 lost_pack=58
E7RESULT name=ledger size=512 m=1000 f=0.9 pad_total=3286500000 pack_total=3017633200 packmin_total=3011058400 net=268866800 ratio=1.0891 data_ratio=1.0893 pad_write=12451840000 pack_write=6016204800 compaction=117964800 packbg_total=3015167650 packbg_write=12564889600 packbg_peak=3276800000 cap=58 lost_pad=1 lost_pack=58
E7RESULT name=ledger size=1024 m=1 f=0 pad_total=3286500000 pack_total=3293500000 packmin_total=3293500000 net=-7000000 ratio=0.9979 data_ratio=1.0000 pad_write=6553600000 pack_write=6553600000 compaction=0 packbg_total=115701916 packbg_write=6772097024 packbg_peak=3276800000 cap=30 lost_pad=1 lost_pack=1
E7RESULT name=ledger size=1024 m=1 f=0.1 pad_total=3286500000 pack_total=3621540000 packmin_total=3621540000 net=-335040000 ratio=0.9075 data_ratio=0.9091 pad_write=7208960000 pack_write=7208960000 compaction=623640576 packbg_total=443741916 packbg_write=7427457024 packbg_peak=3276800000 cap=30 lost_pad=1 lost_pack=1
E7RESULT name=ledger size=1024 m=1 f=0.3 pad_total=3286500000 pack_total=4277620000 packmin_total=4277620000 net=-991120000 ratio=0.7683 data_ratio=0.7692 pad_write=8519680000 pack_write=8519680000 compaction=1698562048 packbg_total=1099821916 packbg_write=8738177024 packbg_peak=3276800000 cap=30 lost_pad=1 lost_pack=1
E7RESULT name=ledger size=1024 m=1 f=0.5 pad_total=3286500000 pack_total=4933700000 packmin_total=4933700000 net=-1647200000 ratio=0.6661 data_ratio=0.6667 pad_write=9830400000 pack_write=9830400000 compaction=2578644992 packbg_total=1755901916 packbg_write=10048897024 packbg_peak=3276800000 cap=30 lost_pad=1 lost_pack=1
E7RESULT name=ledger size=1024 m=1 f=0.9 pad_total=3286500000 pack_total=6245860000 packmin_total=6245860000 net=-2959360000 ratio=0.5262 data_ratio=0.5263 pad_write=12451840000 pack_write=12451840000 compaction=3889102848 packbg_total=3068061916 packbg_write=12670337024 packbg_peak=3276800000 cap=30 lost_pad=1 lost_pack=1
E7RESULT name=ledger size=1024 m=2 f=0 pad_total=3286500000 pack_total=1649800000 packmin_total=1649800000 net=1636700000 ratio=1.9921 data_ratio=2.0000 pad_write=6553600000 pack_write=3276800000 compaction=0 packbg_total=115701916 packbg_write=6772097024 packbg_peak=3276800000 cap=30 lost_pad=1 lost_pack=2
E7RESULT name=ledger size=1024 m=2 f=0.1 pad_total=3286500000 pack_total=1977840000 packmin_total=1977840000 net=1308660000 ratio=1.6617 data_ratio=1.6667 pad_write=7208960000 pack_write=3932160000 compaction=594018304 packbg_total=443741916 packbg_write=7427457024 packbg_peak=3276800000 cap=30 lost_pad=1 lost_pack=2
E7RESULT name=ledger size=1024 m=2 f=0.3 pad_total=3286500000 pack_total=2633920000 packmin_total=2633920000 net=652580000 ratio=1.2478 data_ratio=1.2500 pad_write=8519680000 pack_write=5242880000 compaction=1478492160 packbg_total=1099821916 packbg_write=8738177024 packbg_peak=3276800000 cap=30 lost_pad=1 lost_pack=2
E7RESULT name=ledger size=1024 m=2 f=0.5 pad_total=3286500000 pack_total=3290000000 packmin_total=3290000000 net=-3500000 ratio=0.9989 data_ratio=1.0000 pad_write=9830400000 pack_write=6553600000 compaction=2071330816 packbg_total=1755901916 packbg_write=10048897024 packbg_peak=3276800000 cap=30 lost_pad=1 lost_pack=2
E7RESULT name=ledger size=1024 m=2 f=0.9 pad_total=3286500000 pack_total=4602160000 packmin_total=4602160000 net=-1315660000 ratio=0.7141 data_ratio=0.7143 pad_write=12451840000 pack_write=9175040000 compaction=2735144960 packbg_total=3068061916 packbg_write=12670337024 packbg_peak=3276800000 cap=30 lost_pad=1 lost_pack=2
E7RESULT name=ledger size=1024 m=8 f=0 pad_total=3286500000 pack_total=417025000 packmin_total=417025000 net=2869475000 ratio=7.8808 data_ratio=8.0000 pad_write=6553600000 pack_write=819200000 compaction=0 packbg_total=115701916 packbg_write=6772097024 packbg_peak=3276800000 cap=30 lost_pad=1 lost_pack=8
E7RESULT name=ledger size=1024 m=8 f=0.1 pad_total=3286500000 pack_total=745065000 packmin_total=745065000 net=2541435000 ratio=4.4110 data_ratio=4.4444 pad_write=7208960000 pack_write=1474560000 compaction=451149824 packbg_total=443741916 packbg_write=7427457024 packbg_peak=3276800000 cap=30 lost_pad=1 lost_pack=8
E7RESULT name=ledger size=1024 m=8 f=0.3 pad_total=3286500000 pack_total=1401145000 packmin_total=1401145000 net=1885355000 ratio=2.3456 data_ratio=2.3529 pad_write=8519680000 pack_write=2785280000 compaction=744882176 packbg_total=1099821916 packbg_write=8738177024 packbg_peak=3276800000 cap=30 lost_pad=1 lost_pack=8
E7RESULT name=ledger size=1024 m=8 f=0.5 pad_total=3286500000 pack_total=2057225000 packmin_total=2057225000 net=1229275000 ratio=1.5975 data_ratio=1.6000 pad_write=9830400000 pack_write=4096000000 compaction=804192256 packbg_total=1755901916 packbg_write=10048897024 packbg_peak=3276800000 cap=30 lost_pad=1 lost_pack=8
E7RESULT name=ledger size=1024 m=8 f=0.9 pad_total=3286500000 pack_total=3369385000 packmin_total=3369385000 net=-82885000 ratio=0.9754 data_ratio=0.9756 pad_write=12451840000 pack_write=6717440000 compaction=818610176 packbg_total=3068061916 packbg_write=12670337024 packbg_peak=3276800000 cap=30 lost_pad=1 lost_pack=8
E7RESULT name=ledger size=1024 m=30 f=0 pad_total=3286500000 pack_total=115701916 packmin_total=115701916 net=3170798084 ratio=28.4049 data_ratio=29.9940 pad_write=6553600000 pack_write=218497024 compaction=0 packbg_total=115701916 packbg_write=6772097024 packbg_peak=3276800000 cap=30 lost_pad=1 lost_pack=30
E7RESULT name=ledger size=1024 m=30 f=0.1 pad_total=3286500000 pack_total=443741916 packmin_total=443741916 net=2842758084 ratio=7.4063 data_ratio=7.4996 pad_write=7208960000 pack_write=873857024 compaction=207618048 packbg_total=443741916 packbg_write=7427457024 packbg_peak=3276800000 cap=30 lost_pad=1 lost_pack=30
E7RESULT name=ledger size=1024 m=30 f=0.3 pad_total=3286500000 pack_total=1099821916 packmin_total=1099821916 net=2186678084 ratio=2.9882 data_ratio=2.9999 pad_write=8519680000 pack_write=2184577024 compaction=218497024 packbg_total=1099821916 packbg_write=8738177024 packbg_peak=3276800000 cap=30 lost_pad=1 lost_pack=30
E7RESULT name=ledger size=1024 m=30 f=0.5 pad_total=3286500000 pack_total=1755901916 packmin_total=1755901916 net=1530598084 ratio=1.8717 data_ratio=1.8750 pad_write=9830400000 pack_write=3495297024 compaction=218497024 packbg_total=1755901916 packbg_write=10048897024 packbg_peak=3276800000 cap=30 lost_pad=1 lost_pack=30
E7RESULT name=ledger size=1024 m=30 f=0.9 pad_total=3286500000 pack_total=3068061916 packmin_total=3068061916 net=218438084 ratio=1.0712 data_ratio=1.0714 pad_write=12451840000 pack_write=6116737024 compaction=218497024 packbg_total=3068061916 packbg_write=12670337024 packbg_peak=3276800000 cap=30 lost_pad=1 lost_pack=30
E7RESULT name=ledger size=1024 m=100 f=0 pad_total=3286500000 pack_total=137596000 packmin_total=137596000 net=3148904000 ratio=23.8851 data_ratio=25.0000 pad_write=6553600000 pack_write=262144000 compaction=0 packbg_total=115701916 packbg_write=6772097024 packbg_peak=3276800000 cap=30 lost_pad=1 lost_pack=30
E7RESULT name=ledger size=1024 m=100 f=0.1 pad_total=3286500000 pack_total=465636000 packmin_total=465636000 net=2820864000 ratio=7.0581 data_ratio=7.1429 pad_write=7208960000 pack_write=917504000 compaction=240648192 packbg_total=443741916 packbg_write=7427457024 packbg_peak=3276800000 cap=30 lost_pad=1 lost_pack=30
E7RESULT name=ledger size=1024 m=100 f=0.3 pad_total=3286500000 pack_total=1121716000 packmin_total=1121716000 net=2164784000 ratio=2.9299 data_ratio=2.9412 pad_write=8519680000 pack_write=2228224000 compaction=262012928 packbg_total=1099821916 packbg_write=8738177024 packbg_peak=3276800000 cap=30 lost_pad=1 lost_pack=30
E7RESULT name=ledger size=1024 m=100 f=0.5 pad_total=3286500000 pack_total=1777796000 packmin_total=1777796000 net=1508704000 ratio=1.8486 data_ratio=1.8519 pad_write=9830400000 pack_write=3538944000 compaction=262144000 packbg_total=1755901916 packbg_write=10048897024 packbg_peak=3276800000 cap=30 lost_pad=1 lost_pack=30
E7RESULT name=ledger size=1024 m=100 f=0.9 pad_total=3286500000 pack_total=3089956000 packmin_total=3089956000 net=196544000 ratio=1.0636 data_ratio=1.0638 pad_write=12451840000 pack_write=6160384000 compaction=262144000 packbg_total=3068061916 packbg_write=12670337024 packbg_peak=3276800000 cap=30 lost_pad=1 lost_pack=30
E7RESULT name=ledger size=1024 m=1000 f=0 pad_total=3286500000 pack_total=117871600 packmin_total=114584200 net=3168628400 ratio=27.8820 data_ratio=29.4118 pad_write=6553600000 pack_write=222822400 compaction=0 packbg_total=115701916 packbg_write=6772097024 packbg_peak=3276800000 cap=30 lost_pad=1 lost_pack=30
E7RESULT name=ledger size=1024 m=1000 f=0.1 pad_total=3286500000 pack_total=445911600 packmin_total=442624200 net=2840588400 ratio=7.3703 data_ratio=7.4627 pad_write=7208960000 pack_write=878182400 compaction=211091456 packbg_total=443741916 packbg_write=7427457024 packbg_peak=3276800000 cap=30 lost_pad=1 lost_pack=30
E7RESULT name=ledger size=1024 m=1000 f=0.3 pad_total=3286500000 pack_total=1101991600 packmin_total=1098704200 net=2184508400 ratio=2.9823 data_ratio=2.9940 pad_write=8519680000 pack_write=2188902400 compaction=222822400 packbg_total=1099821916 packbg_write=8738177024 packbg_peak=3276800000 cap=30 lost_pad=1 lost_pack=30
E7RESULT name=ledger size=1024 m=1000 f=0.5 pad_total=3286500000 pack_total=1758071600 packmin_total=1754784200 net=1528428400 ratio=1.8694 data_ratio=1.8727 pad_write=9830400000 pack_write=3499622400 compaction=222822400 packbg_total=1755901916 packbg_write=10048897024 packbg_peak=3276800000 cap=30 lost_pad=1 lost_pack=30
E7RESULT name=ledger size=1024 m=1000 f=0.9 pad_total=3286500000 pack_total=3070231600 packmin_total=3066944200 net=216268400 ratio=1.0704 data_ratio=1.0707 pad_write=12451840000 pack_write=6121062400 compaction=222822400 packbg_total=3068061916 packbg_write=12670337024 packbg_peak=3276800000 cap=30 lost_pad=1 lost_pack=30
E7RESULT name=ledger size=4096 m=1 f=0 pad_total=3286500000 pack_total=3293500000 packmin_total=3293500000 net=-7000000 ratio=0.9979 data_ratio=1.0000 pad_write=6553600000 pack_write=6553600000 compaction=0 packbg_total=475737964 packbg_write=7489847296 packbg_peak=3276800000 cap=7 lost_pad=1 lost_pack=1
E7RESULT name=ledger size=4096 m=1 f=0.1 pad_total=3286500000 pack_total=3621540000 packmin_total=3621540000 net=-335040000 ratio=0.9075 data_ratio=0.9091 pad_write=7208960000 pack_write=7208960000 compaction=623640576 packbg_total=803777964 packbg_write=8145207296 packbg_peak=3276800000 cap=7 lost_pad=1 lost_pack=1
E7RESULT name=ledger size=4096 m=1 f=0.3 pad_total=3286500000 pack_total=4277620000 packmin_total=4277620000 net=-991120000 ratio=0.7683 data_ratio=0.7692 pad_write=8519680000 pack_write=8519680000 compaction=1698562048 packbg_total=1459857964 packbg_write=9455927296 packbg_peak=3276800000 cap=7 lost_pad=1 lost_pack=1
E7RESULT name=ledger size=4096 m=1 f=0.5 pad_total=3286500000 pack_total=4933700000 packmin_total=4933700000 net=-1647200000 ratio=0.6661 data_ratio=0.6667 pad_write=9830400000 pack_write=9830400000 compaction=2578644992 packbg_total=2115937964 packbg_write=10766647296 packbg_peak=3276800000 cap=7 lost_pad=1 lost_pack=1
E7RESULT name=ledger size=4096 m=1 f=0.9 pad_total=3286500000 pack_total=6245860000 packmin_total=6245860000 net=-2959360000 ratio=0.5262 data_ratio=0.5263 pad_write=12451840000 pack_write=12451840000 compaction=3889102848 packbg_total=3428097964 packbg_write=13388087296 packbg_peak=3276800000 cap=7 lost_pad=1 lost_pack=1
E7RESULT name=ledger size=4096 m=2 f=0 pad_total=3286500000 pack_total=1649800000 packmin_total=1649800000 net=1636700000 ratio=1.9921 data_ratio=2.0000 pad_write=6553600000 pack_write=3276800000 compaction=0 packbg_total=475737964 packbg_write=7489847296 packbg_peak=3276800000 cap=7 lost_pad=1 lost_pack=2
E7RESULT name=ledger size=4096 m=2 f=0.1 pad_total=3286500000 pack_total=1977840000 packmin_total=1977840000 net=1308660000 ratio=1.6617 data_ratio=1.6667 pad_write=7208960000 pack_write=3932160000 compaction=594018304 packbg_total=803777964 packbg_write=8145207296 packbg_peak=3276800000 cap=7 lost_pad=1 lost_pack=2
E7RESULT name=ledger size=4096 m=2 f=0.3 pad_total=3286500000 pack_total=2633920000 packmin_total=2633920000 net=652580000 ratio=1.2478 data_ratio=1.2500 pad_write=8519680000 pack_write=5242880000 compaction=1478492160 packbg_total=1459857964 packbg_write=9455927296 packbg_peak=3276800000 cap=7 lost_pad=1 lost_pack=2
E7RESULT name=ledger size=4096 m=2 f=0.5 pad_total=3286500000 pack_total=3290000000 packmin_total=3290000000 net=-3500000 ratio=0.9989 data_ratio=1.0000 pad_write=9830400000 pack_write=6553600000 compaction=2071330816 packbg_total=2115937964 packbg_write=10766647296 packbg_peak=3276800000 cap=7 lost_pad=1 lost_pack=2
E7RESULT name=ledger size=4096 m=2 f=0.9 pad_total=3286500000 pack_total=4602160000 packmin_total=4602160000 net=-1315660000 ratio=0.7141 data_ratio=0.7143 pad_write=12451840000 pack_write=9175040000 compaction=2735144960 packbg_total=3428097964 packbg_write=13388087296 packbg_peak=3276800000 cap=7 lost_pad=1 lost_pack=2
E7RESULT name=ledger size=4096 m=8 f=0 pad_total=3286500000 pack_total=827950000 packmin_total=827950000 net=2458550000 ratio=3.9694 data_ratio=4.0000 pad_write=6553600000 pack_write=1638400000 compaction=0 packbg_total=475737964 packbg_write=7489847296 packbg_peak=3276800000 cap=7 lost_pad=1 lost_pack=7
E7RESULT name=ledger size=4096 m=8 f=0.1 pad_total=3286500000 pack_total=1155990000 packmin_total=1155990000 net=2130510000 ratio=2.8430 data_ratio=2.8571 pad_write=7208960000 pack_write=2293760000 compaction=540147712 packbg_total=803777964 packbg_write=8145207296 packbg_peak=3276800000 cap=7 lost_pad=1 lost_pack=7
E7RESULT name=ledger size=4096 m=8 f=0.3 pad_total=3286500000 pack_total=1812070000 packmin_total=1812070000 net=1474430000 ratio=1.8137 data_ratio=1.8182 pad_write=8519680000 pack_write=3604480000 compaction=1144913920 packbg_total=1459857964 packbg_write=9455927296 packbg_peak=3276800000 cap=7 lost_pad=1 lost_pack=7
E7RESULT name=ledger size=4096 m=8 f=0.5 pad_total=3286500000 pack_total=2468150000 packmin_total=2468150000 net=818350000 ratio=1.3316 data_ratio=1.3333 pad_write=9830400000 pack_write=4915200000 compaction=1416691712 packbg_total=2115937964 packbg_write=10766647296 packbg_peak=3276800000 cap=7 lost_pad=1 lost_pack=7
E7RESULT name=ledger size=4096 m=8 f=0.9 pad_total=3286500000 pack_total=3780310000 packmin_total=3780310000 net=-493810000 ratio=0.8694 data_ratio=0.8696 pad_write=12451840000 pack_write=7536640000 compaction=1593638912 packbg_total=3428097964 packbg_write=13388087296 packbg_peak=3276800000 cap=7 lost_pad=1 lost_pack=7
E7RESULT name=ledger size=4096 m=30 f=0 pad_total=3286500000 pack_total=554010958 packmin_total=554010958 net=2732489042 ratio=5.9322 data_ratio=5.9999 pad_write=6553600000 pack_write=1092288512 compaction=0 packbg_total=475737964 packbg_write=7489847296 packbg_peak=3276800000 cap=7 lost_pad=1 lost_pack=7
E7RESULT name=ledger size=4096 m=30 f=0.1 pad_total=3286500000 pack_total=882050958 packmin_total=882050958 net=2404449042 ratio=3.7260 data_ratio=3.7500 pad_write=7208960000 pack_write=1747648512 compaction=492830720 packbg_total=803777964 packbg_write=8145207296 packbg_peak=3276800000 cap=7 lost_pad=1 lost_pack=7
E7RESULT name=ledger size=4096 m=30 f=0.3 pad_total=3286500000 pack_total=1538130958 packmin_total=1538130958 net=1748369042 ratio=2.1367 data_ratio=2.1428 pad_write=8519680000 pack_write=3058368512 compaction=911736832 packbg_total=1459857964 packbg_write=9455927296 packbg_peak=3276800000 cap=7 lost_pad=1 lost_pack=7
E7RESULT name=ledger size=4096 m=30 f=0.5 pad_total=3286500000 pack_total=2194210958 packmin_total=2194210958 net=1092289042 ratio=1.4978 data_ratio=1.5000 pad_write=9830400000 pack_write=4369088512 compaction=1037893632 packbg_total=2115937964 packbg_write=10766647296 packbg_peak=3276800000 cap=7 lost_pad=1 lost_pack=7
E7RESULT name=ledger size=4096 m=30 f=0.9 pad_total=3286500000 pack_total=3506370958 packmin_total=3506370958 net=-219870958 ratio=0.9373 data_ratio=0.9375 pad_write=12451840000 pack_write=6990528512 compaction=1087373312 packbg_total=3428097964 packbg_write=13388087296 packbg_peak=3276800000 cap=7 lost_pad=1 lost_pack=7
E7RESULT name=ledger size=4096 m=100 f=0 pad_total=3286500000 pack_total=499210000 packmin_total=499210000 net=2787290000 ratio=6.5834 data_ratio=6.6667 pad_write=6553600000 pack_write=983040000 compaction=0 packbg_total=475737964 packbg_write=7489847296 packbg_peak=3276800000 cap=7 lost_pad=1 lost_pack=7
E7RESULT name=ledger size=4096 m=100 f=0.1 pad_total=3286500000 pack_total=827250000 packmin_total=827250000 net=2459250000 ratio=3.9728 data_ratio=4.0000 pad_write=7208960000 pack_write=1638400000 compaction=478347264 packbg_total=803777964 packbg_write=8145207296 packbg_peak=3276800000 cap=7 lost_pad=1 lost_pack=7
E7RESULT name=ledger size=4096 m=100 f=0.3 pad_total=3286500000 pack_total=1483330000 packmin_total=1483330000 net=1803170000 ratio=2.2156 data_ratio=2.2222 pad_write=8519680000 pack_write=2949120000 compaction=850001920 packbg_total=1459857964 packbg_write=9455927296 packbg_peak=3276800000 cap=7 lost_pad=1 lost_pack=7
E7RESULT name=ledger size=4096 m=100 f=0.5 pad_total=3286500000 pack_total=2139410000 packmin_total=2139410000 net=1147090000 ratio=1.5362 data_ratio=1.5385 pad_write=9830400000 pack_write=4259840000 compaction=947978240 packbg_total=2115937964 packbg_write=10766647296 packbg_peak=3276800000 cap=7 lost_pad=1 lost_pack=7
E7RESULT name=ledger size=4096 m=100 f=0.9 pad_total=3286500000 pack_total=3451570000 packmin_total=3451570000 net=-165070000 ratio=0.9522 data_ratio=0.9524 pad_write=12451840000 pack_write=6881280000 compaction=980615168 packbg_total=3428097964 packbg_write=13388087296 packbg_peak=3276800000 cap=7 lost_pad=1 lost_pack=7
E7RESULT name=ledger size=4096 m=1000 f=0 pad_total=3286500000 pack_total=476198200 packmin_total=476198200 net=2810301800 ratio=6.9015 data_ratio=6.9930 pad_write=6553600000 pack_write=937164800 compaction=0 packbg_total=475737964 packbg_write=7489847296 packbg_peak=3276800000 cap=7 lost_pad=1 lost_pack=7
E7RESULT name=ledger size=4096 m=1000 f=0.1 pad_total=3286500000 pack_total=804238200 packmin_total=804238200 net=2482261800 ratio=4.0865 data_ratio=4.1152 pad_write=7208960000 pack_write=1592524800 compaction=471465984 packbg_total=803777964 packbg_write=8145207296 packbg_peak=3276800000 cap=7 lost_pad=1 lost_pack=7
E7RESULT name=ledger size=4096 m=1000 f=0.3 pad_total=3286500000 pack_total=1460318200 packmin_total=1460318200 net=1826181800 ratio=2.2505 data_ratio=2.2573 pad_write=8519680000 pack_write=2903244800 compaction=822149120 packbg_total=1459857964 packbg_write=9455927296 packbg_peak=3276800000 cap=7 lost_pad=1 lost_pack=7
E7RESULT name=ledger size=4096 m=1000 f=0.5 pad_total=3286500000 pack_total=2116398200 packmin_total=2116398200 net=1170101800 ratio=1.5529 data_ratio=1.5552 pad_write=9830400000 pack_write=4213964800 compaction=908787712 packbg_total=2115937964 packbg_write=10766647296 packbg_peak=3276800000 cap=7 lost_pad=1 lost_pack=7
E7RESULT name=ledger size=4096 m=1000 f=0.9 pad_total=3286500000 pack_total=3428558200 packmin_total=3428558200 net=-142058200 ratio=0.9586 data_ratio=0.9588 pad_write=12451840000 pack_write=6835404800 compaction=935460864 packbg_total=3428097964 packbg_write=13388087296 packbg_peak=3276800000 cap=7 lost_pad=1 lost_pack=7
E7RESULT name=ledger size=8192 m=1 f=0 pad_total=3286500000 pack_total=3293500000 packmin_total=3293500000 net=-7000000 ratio=0.9979 data_ratio=1.0000 pad_write=6553600000 pack_write=6553600000 compaction=0 packbg_total=1101921916 packbg_write=8738177024 packbg_peak=3276800000 cap=3 lost_pad=1 lost_pack=1
E7RESULT name=ledger size=8192 m=1 f=0.1 pad_total=3286500000 pack_total=3621540000 packmin_total=3621540000 net=-335040000 ratio=0.9075 data_ratio=0.9091 pad_write=7208960000 pack_write=7208960000 compaction=623640576 packbg_total=1429961916 packbg_write=9393537024 packbg_peak=3276800000 cap=3 lost_pad=1 lost_pack=1
E7RESULT name=ledger size=8192 m=1 f=0.3 pad_total=3286500000 pack_total=4277620000 packmin_total=4277620000 net=-991120000 ratio=0.7683 data_ratio=0.7692 pad_write=8519680000 pack_write=8519680000 compaction=1698562048 packbg_total=2086041916 packbg_write=10704257024 packbg_peak=3276800000 cap=3 lost_pad=1 lost_pack=1
E7RESULT name=ledger size=8192 m=1 f=0.5 pad_total=3286500000 pack_total=4933700000 packmin_total=4933700000 net=-1647200000 ratio=0.6661 data_ratio=0.6667 pad_write=9830400000 pack_write=9830400000 compaction=2578644992 packbg_total=2742121916 packbg_write=12014977024 packbg_peak=3276800000 cap=3 lost_pad=1 lost_pack=1
E7RESULT name=ledger size=8192 m=1 f=0.9 pad_total=3286500000 pack_total=6245860000 packmin_total=6245860000 net=-2959360000 ratio=0.5262 data_ratio=0.5263 pad_write=12451840000 pack_write=12451840000 compaction=3889102848 packbg_total=4054281916 packbg_write=14636417024 packbg_peak=3276800000 cap=3 lost_pad=1 lost_pack=1
E7RESULT name=ledger size=8192 m=2 f=0 pad_total=3286500000 pack_total=1649800000 packmin_total=1649800000 net=1636700000 ratio=1.9921 data_ratio=2.0000 pad_write=6553600000 pack_write=3276800000 compaction=0 packbg_total=1101921916 packbg_write=8738177024 packbg_peak=3276800000 cap=3 lost_pad=1 lost_pack=2
E7RESULT name=ledger size=8192 m=2 f=0.1 pad_total=3286500000 pack_total=1977840000 packmin_total=1977840000 net=1308660000 ratio=1.6617 data_ratio=1.6667 pad_write=7208960000 pack_write=3932160000 compaction=594018304 packbg_total=1429961916 packbg_write=9393537024 packbg_peak=3276800000 cap=3 lost_pad=1 lost_pack=2
E7RESULT name=ledger size=8192 m=2 f=0.3 pad_total=3286500000 pack_total=2633920000 packmin_total=2633920000 net=652580000 ratio=1.2478 data_ratio=1.2500 pad_write=8519680000 pack_write=5242880000 compaction=1478492160 packbg_total=2086041916 packbg_write=10704257024 packbg_peak=3276800000 cap=3 lost_pad=1 lost_pack=2
E7RESULT name=ledger size=8192 m=2 f=0.5 pad_total=3286500000 pack_total=3290000000 packmin_total=3290000000 net=-3500000 ratio=0.9989 data_ratio=1.0000 pad_write=9830400000 pack_write=6553600000 compaction=2071330816 packbg_total=2742121916 packbg_write=12014977024 packbg_peak=3276800000 cap=3 lost_pad=1 lost_pack=2
E7RESULT name=ledger size=8192 m=2 f=0.9 pad_total=3286500000 pack_total=4602160000 packmin_total=4602160000 net=-1315660000 ratio=0.7141 data_ratio=0.7143 pad_write=12451840000 pack_write=9175040000 compaction=2735144960 packbg_total=4054281916 packbg_write=14636417024 packbg_peak=3276800000 cap=3 lost_pad=1 lost_pack=2
E7RESULT name=ledger size=8192 m=8 f=0 pad_total=3286500000 pack_total=1238875000 packmin_total=1238875000 net=2047625000 ratio=2.6528 data_ratio=2.6667 pad_write=6553600000 pack_write=2457600000 compaction=0 packbg_total=1101921916 packbg_write=8738177024 packbg_peak=3276800000 cap=3 lost_pad=1 lost_pack=3
E7RESULT name=ledger size=8192 m=8 f=0.1 pad_total=3286500000 pack_total=1566915000 packmin_total=1566915000 net=1719585000 ratio=2.0974 data_ratio=2.1053 pad_write=7208960000 pack_write=3112960000 compaction=575275008 packbg_total=1429961916 packbg_write=9393537024 packbg_peak=3276800000 cap=3 lost_pad=1 lost_pack=3
E7RESULT name=ledger size=8192 m=8 f=0.3 pad_total=3286500000 pack_total=2222995000 packmin_total=2222995000 net=1063505000 ratio=1.4784 data_ratio=1.4815 pad_write=8519680000 pack_write=4423680000 compaction=1353318400 packbg_total=2086041916 packbg_write=10704257024 packbg_peak=3276800000 cap=3 lost_pad=1 lost_pack=3
E7RESULT name=ledger size=8192 m=8 f=0.5 pad_total=3286500000 pack_total=2879075000 packmin_total=2879075000 net=407425000 ratio=1.1415 data_ratio=1.1429 pad_write=9830400000 pack_write=5734400000 compaction=1809776640 packbg_total=2742121916 packbg_write=12014977024 packbg_peak=3276800000 cap=3 lost_pad=1 lost_pack=3
E7RESULT name=ledger size=8192 m=8 f=0.9 pad_total=3286500000 pack_total=4191235000 packmin_total=4191235000 net=-904735000 ratio=0.7841 data_ratio=0.7843 pad_write=12451840000 pack_write=8355840000 compaction=2234646528 packbg_total=4054281916 packbg_write=14636417024 packbg_peak=3276800000 cap=3 lost_pad=1 lost_pack=3
E7RESULT name=ledger size=8192 m=30 f=0 pad_total=3286500000 pack_total=1101921916 packmin_total=1101921916 net=2184578084 ratio=2.9825 data_ratio=2.9999 pad_write=6553600000 pack_write=2184577024 compaction=0 packbg_total=1101921916 packbg_write=8738177024 packbg_peak=3276800000 cap=3 lost_pad=1 lost_pack=3
E7RESULT name=ledger size=8192 m=30 f=0.1 pad_total=3286500000 pack_total=1429961916 packmin_total=1429961916 net=1856538084 ratio=2.2983 data_ratio=2.3077 pad_write=7208960000 pack_write=2839937024 compaction=566231040 packbg_total=1429961916 packbg_write=9393537024 packbg_peak=3276800000 cap=3 lost_pad=1 lost_pack=3
E7RESULT name=ledger size=8192 m=30 f=0.3 pad_total=3286500000 pack_total=2086041916 packmin_total=2086041916 net=1200458084 ratio=1.5755 data_ratio=1.5789 pad_write=8519680000 pack_write=4150657024 compaction=1296367616 packbg_total=2086041916 packbg_write=10704257024 packbg_peak=3276800000 cap=3 lost_pad=1 lost_pack=3
E7RESULT name=ledger size=8192 m=30 f=0.5 pad_total=3286500000 pack_total=2742121916 packmin_total=2742121916 net=544378084 ratio=1.1985 data_ratio=1.2000 pad_write=9830400000 pack_write=5461377024 compaction=1697120256 packbg_total=2742121916 packbg_write=12014977024 packbg_peak=3276800000 cap=3 lost_pad=1 lost_pack=3
E7RESULT name=ledger size=8192 m=30 f=0.9 pad_total=3286500000 pack_total=4054281916 packmin_total=4054281916 net=-767781916 ratio=0.8106 data_ratio=0.8108 pad_write=12451840000 pack_write=8082817024 compaction=2037776384 packbg_total=4054281916 packbg_write=14636417024 packbg_peak=3276800000 cap=3 lost_pad=1 lost_pack=3
E7RESULT name=ledger size=8192 m=100 f=0 pad_total=3286500000 pack_total=1123816000 packmin_total=1123816000 net=2162684000 ratio=2.9244 data_ratio=2.9412 pad_write=6553600000 pack_write=2228224000 compaction=0 packbg_total=1101921916 packbg_write=8738177024 packbg_peak=3276800000 cap=3 lost_pad=1 lost_pack=3
E7RESULT name=ledger size=8192 m=100 f=0.1 pad_total=3286500000 pack_total=1451856000 packmin_total=1451856000 net=1834644000 ratio=2.2637 data_ratio=2.2727 pad_write=7208960000 pack_write=2883584000 compaction=567803904 packbg_total=1429961916 packbg_write=9393537024 packbg_peak=3276800000 cap=3 lost_pad=1 lost_pack=3
E7RESULT name=ledger size=8192 m=100 f=0.3 pad_total=3286500000 pack_total=2107936000 packmin_total=2107936000 net=1178564000 ratio=1.5591 data_ratio=1.5625 pad_write=8519680000 pack_write=4194304000 compaction=1306198016 packbg_total=2086041916 packbg_write=10704257024 packbg_peak=3276800000 cap=3 lost_pad=1 lost_pack=3
E7RESULT name=ledger size=8192 m=100 f=0.5 pad_total=3286500000 pack_total=2764016000 packmin_total=2764016000 net=522484000 ratio=1.1890 data_ratio=1.1905 pad_write=9830400000 pack_write=5505024000 compaction=1716191232 packbg_total=2742121916 packbg_write=12014977024 packbg_peak=3276800000 cap=3 lost_pad=1 lost_pack=3
E7RESULT name=ledger size=8192 m=100 f=0.9 pad_total=3286500000 pack_total=4076176000 packmin_total=4076176000 net=-789676000 ratio=0.8063 data_ratio=0.8065 pad_write=12451840000 pack_write=8126464000 compaction=2070347776 packbg_total=4054281916 packbg_write=14636417024 packbg_peak=3276800000 cap=3 lost_pad=1 lost_pack=3
E7RESULT name=ledger size=8192 m=1000 f=0 pad_total=3286500000 pack_total=1104091600 packmin_total=1104091600 net=2182408400 ratio=2.9767 data_ratio=2.9940 pad_write=6553600000 pack_write=2188902400 compaction=0 packbg_total=1101921916 packbg_write=8738177024 packbg_peak=3276800000 cap=3 lost_pad=1 lost_pack=3
E7RESULT name=ledger size=8192 m=1000 f=0.1 pad_total=3286500000 pack_total=1432131600 packmin_total=1432131600 net=1854368400 ratio=2.2948 data_ratio=2.3041 pad_write=7208960000 pack_write=2844262400 compaction=566362112 packbg_total=1429961916 packbg_write=9393537024 packbg_peak=3276800000 cap=3 lost_pad=1 lost_pack=3
E7RESULT name=ledger size=8192 m=1000 f=0.3 pad_total=3286500000 pack_total=2088211600 packmin_total=2088211600 net=1198288400 ratio=1.5738 data_ratio=1.5773 pad_write=8519680000 pack_write=4154982400 compaction=1297350656 packbg_total=2086041916 packbg_write=10704257024 packbg_peak=3276800000 cap=3 lost_pad=1 lost_pack=3
E7RESULT name=ledger size=8192 m=1000 f=0.5 pad_total=3286500000 pack_total=2744291600 packmin_total=2744291600 net=542208400 ratio=1.1976 data_ratio=1.1990 pad_write=9830400000 pack_write=5465702400 compaction=1699020800 packbg_total=2742121916 packbg_write=12014977024 packbg_peak=3276800000 cap=3 lost_pad=1 lost_pack=3
E7RESULT name=ledger size=8192 m=1000 f=0.9 pad_total=3286500000 pack_total=4056451600 packmin_total=4056451600 net=-769951600 ratio=0.8102 data_ratio=0.8104 pad_write=12451840000 pack_write=8087142400 compaction=2040987648 packbg_total=4054281916 packbg_write=14636417024 packbg_peak=3276800000 cap=3 lost_pad=1 lost_pack=3
E7RESULT name=ledger size=16384 m=1 f=0 pad_total=3286500000 pack_total=3293500000 packmin_total=3293500000 net=-7000000 ratio=0.9979 data_ratio=1.0000 pad_write=6553600000 pack_write=6553600000 compaction=0 packbg_total=3293500000 packbg_write=13107200000 packbg_peak=3276800000 cap=1 lost_pad=1 lost_pack=1
E7RESULT name=ledger size=16384 m=1 f=0.1 pad_total=3286500000 pack_total=3621540000 packmin_total=3621540000 net=-335040000 ratio=0.9075 data_ratio=0.9091 pad_write=7208960000 pack_write=7208960000 compaction=623640576 packbg_total=3621540000 packbg_write=13762560000 packbg_peak=3276800000 cap=1 lost_pad=1 lost_pack=1
E7RESULT name=ledger size=16384 m=1 f=0.3 pad_total=3286500000 pack_total=4277620000 packmin_total=4277620000 net=-991120000 ratio=0.7683 data_ratio=0.7692 pad_write=8519680000 pack_write=8519680000 compaction=1698562048 packbg_total=4277620000 packbg_write=15073280000 packbg_peak=3276800000 cap=1 lost_pad=1 lost_pack=1
E7RESULT name=ledger size=16384 m=1 f=0.5 pad_total=3286500000 pack_total=4933700000 packmin_total=4933700000 net=-1647200000 ratio=0.6661 data_ratio=0.6667 pad_write=9830400000 pack_write=9830400000 compaction=2578644992 packbg_total=4933700000 packbg_write=16384000000 packbg_peak=3276800000 cap=1 lost_pad=1 lost_pack=1
E7RESULT name=ledger size=16384 m=1 f=0.9 pad_total=3286500000 pack_total=6245860000 packmin_total=6245860000 net=-2959360000 ratio=0.5262 data_ratio=0.5263 pad_write=12451840000 pack_write=12451840000 compaction=3889102848 packbg_total=6245860000 packbg_write=19005440000 packbg_peak=3276800000 cap=1 lost_pad=1 lost_pack=1
E7RESULT name=ledger size=16384 m=2 f=0 pad_total=3286500000 pack_total=3293500000 packmin_total=3293500000 net=-7000000 ratio=0.9979 data_ratio=1.0000 pad_write=6553600000 pack_write=6553600000 compaction=0 packbg_total=3293500000 packbg_write=13107200000 packbg_peak=3276800000 cap=1 lost_pad=1 lost_pack=1
E7RESULT name=ledger size=16384 m=2 f=0.1 pad_total=3286500000 pack_total=3621540000 packmin_total=3621540000 net=-335040000 ratio=0.9075 data_ratio=0.9091 pad_write=7208960000 pack_write=7208960000 compaction=623640576 packbg_total=3621540000 packbg_write=13762560000 packbg_peak=3276800000 cap=1 lost_pad=1 lost_pack=1
E7RESULT name=ledger size=16384 m=2 f=0.3 pad_total=3286500000 pack_total=4277620000 packmin_total=4277620000 net=-991120000 ratio=0.7683 data_ratio=0.7692 pad_write=8519680000 pack_write=8519680000 compaction=1698562048 packbg_total=4277620000 packbg_write=15073280000 packbg_peak=3276800000 cap=1 lost_pad=1 lost_pack=1
E7RESULT name=ledger size=16384 m=2 f=0.5 pad_total=3286500000 pack_total=4933700000 packmin_total=4933700000 net=-1647200000 ratio=0.6661 data_ratio=0.6667 pad_write=9830400000 pack_write=9830400000 compaction=2578644992 packbg_total=4933700000 packbg_write=16384000000 packbg_peak=3276800000 cap=1 lost_pad=1 lost_pack=1
E7RESULT name=ledger size=16384 m=2 f=0.9 pad_total=3286500000 pack_total=6245860000 packmin_total=6245860000 net=-2959360000 ratio=0.5262 data_ratio=0.5263 pad_write=12451840000 pack_write=12451840000 compaction=3889102848 packbg_total=6245860000 packbg_write=19005440000 packbg_peak=3276800000 cap=1 lost_pad=1 lost_pack=1
E7RESULT name=ledger size=16384 m=8 f=0 pad_total=3286500000 pack_total=3293500000 packmin_total=3293500000 net=-7000000 ratio=0.9979 data_ratio=1.0000 pad_write=6553600000 pack_write=6553600000 compaction=0 packbg_total=3293500000 packbg_write=13107200000 packbg_peak=3276800000 cap=1 lost_pad=1 lost_pack=1
E7RESULT name=ledger size=16384 m=8 f=0.1 pad_total=3286500000 pack_total=3621540000 packmin_total=3621540000 net=-335040000 ratio=0.9075 data_ratio=0.9091 pad_write=7208960000 pack_write=7208960000 compaction=623640576 packbg_total=3621540000 packbg_write=13762560000 packbg_peak=3276800000 cap=1 lost_pad=1 lost_pack=1
E7RESULT name=ledger size=16384 m=8 f=0.3 pad_total=3286500000 pack_total=4277620000 packmin_total=4277620000 net=-991120000 ratio=0.7683 data_ratio=0.7692 pad_write=8519680000 pack_write=8519680000 compaction=1698562048 packbg_total=4277620000 packbg_write=15073280000 packbg_peak=3276800000 cap=1 lost_pad=1 lost_pack=1
E7RESULT name=ledger size=16384 m=8 f=0.5 pad_total=3286500000 pack_total=4933700000 packmin_total=4933700000 net=-1647200000 ratio=0.6661 data_ratio=0.6667 pad_write=9830400000 pack_write=9830400000 compaction=2578644992 packbg_total=4933700000 packbg_write=16384000000 packbg_peak=3276800000 cap=1 lost_pad=1 lost_pack=1
E7RESULT name=ledger size=16384 m=8 f=0.9 pad_total=3286500000 pack_total=6245860000 packmin_total=6245860000 net=-2959360000 ratio=0.5262 data_ratio=0.5263 pad_write=12451840000 pack_write=12451840000 compaction=3889102848 packbg_total=6245860000 packbg_write=19005440000 packbg_peak=3276800000 cap=1 lost_pad=1 lost_pack=1
E7RESULT name=ledger size=16384 m=30 f=0 pad_total=3286500000 pack_total=3293500000 packmin_total=3293500000 net=-7000000 ratio=0.9979 data_ratio=1.0000 pad_write=6553600000 pack_write=6553600000 compaction=0 packbg_total=3293500000 packbg_write=13107200000 packbg_peak=3276800000 cap=1 lost_pad=1 lost_pack=1
E7RESULT name=ledger size=16384 m=30 f=0.1 pad_total=3286500000 pack_total=3621540000 packmin_total=3621540000 net=-335040000 ratio=0.9075 data_ratio=0.9091 pad_write=7208960000 pack_write=7208960000 compaction=623640576 packbg_total=3621540000 packbg_write=13762560000 packbg_peak=3276800000 cap=1 lost_pad=1 lost_pack=1
E7RESULT name=ledger size=16384 m=30 f=0.3 pad_total=3286500000 pack_total=4277620000 packmin_total=4277620000 net=-991120000 ratio=0.7683 data_ratio=0.7692 pad_write=8519680000 pack_write=8519680000 compaction=1698562048 packbg_total=4277620000 packbg_write=15073280000 packbg_peak=3276800000 cap=1 lost_pad=1 lost_pack=1
E7RESULT name=ledger size=16384 m=30 f=0.5 pad_total=3286500000 pack_total=4933700000 packmin_total=4933700000 net=-1647200000 ratio=0.6661 data_ratio=0.6667 pad_write=9830400000 pack_write=9830400000 compaction=2578644992 packbg_total=4933700000 packbg_write=16384000000 packbg_peak=3276800000 cap=1 lost_pad=1 lost_pack=1
E7RESULT name=ledger size=16384 m=30 f=0.9 pad_total=3286500000 pack_total=6245860000 packmin_total=6245860000 net=-2959360000 ratio=0.5262 data_ratio=0.5263 pad_write=12451840000 pack_write=12451840000 compaction=3889102848 packbg_total=6245860000 packbg_write=19005440000 packbg_peak=3276800000 cap=1 lost_pad=1 lost_pack=1
E7RESULT name=ledger size=16384 m=100 f=0 pad_total=3286500000 pack_total=3293500000 packmin_total=3293500000 net=-7000000 ratio=0.9979 data_ratio=1.0000 pad_write=6553600000 pack_write=6553600000 compaction=0 packbg_total=3293500000 packbg_write=13107200000 packbg_peak=3276800000 cap=1 lost_pad=1 lost_pack=1
E7RESULT name=ledger size=16384 m=100 f=0.1 pad_total=3286500000 pack_total=3621540000 packmin_total=3621540000 net=-335040000 ratio=0.9075 data_ratio=0.9091 pad_write=7208960000 pack_write=7208960000 compaction=623640576 packbg_total=3621540000 packbg_write=13762560000 packbg_peak=3276800000 cap=1 lost_pad=1 lost_pack=1
E7RESULT name=ledger size=16384 m=100 f=0.3 pad_total=3286500000 pack_total=4277620000 packmin_total=4277620000 net=-991120000 ratio=0.7683 data_ratio=0.7692 pad_write=8519680000 pack_write=8519680000 compaction=1698562048 packbg_total=4277620000 packbg_write=15073280000 packbg_peak=3276800000 cap=1 lost_pad=1 lost_pack=1
E7RESULT name=ledger size=16384 m=100 f=0.5 pad_total=3286500000 pack_total=4933700000 packmin_total=4933700000 net=-1647200000 ratio=0.6661 data_ratio=0.6667 pad_write=9830400000 pack_write=9830400000 compaction=2578644992 packbg_total=4933700000 packbg_write=16384000000 packbg_peak=3276800000 cap=1 lost_pad=1 lost_pack=1
E7RESULT name=ledger size=16384 m=100 f=0.9 pad_total=3286500000 pack_total=6245860000 packmin_total=6245860000 net=-2959360000 ratio=0.5262 data_ratio=0.5263 pad_write=12451840000 pack_write=12451840000 compaction=3889102848 packbg_total=6245860000 packbg_write=19005440000 packbg_peak=3276800000 cap=1 lost_pad=1 lost_pack=1
E7RESULT name=ledger size=16384 m=1000 f=0 pad_total=3286500000 pack_total=3293500000 packmin_total=3293500000 net=-7000000 ratio=0.9979 data_ratio=1.0000 pad_write=6553600000 pack_write=6553600000 compaction=0 packbg_total=3293500000 packbg_write=13107200000 packbg_peak=3276800000 cap=1 lost_pad=1 lost_pack=1
E7RESULT name=ledger size=16384 m=1000 f=0.1 pad_total=3286500000 pack_total=3621540000 packmin_total=3621540000 net=-335040000 ratio=0.9075 data_ratio=0.9091 pad_write=7208960000 pack_write=7208960000 compaction=623640576 packbg_total=3621540000 packbg_write=13762560000 packbg_peak=3276800000 cap=1 lost_pad=1 lost_pack=1
E7RESULT name=ledger size=16384 m=1000 f=0.3 pad_total=3286500000 pack_total=4277620000 packmin_total=4277620000 net=-991120000 ratio=0.7683 data_ratio=0.7692 pad_write=8519680000 pack_write=8519680000 compaction=1698562048 packbg_total=4277620000 packbg_write=15073280000 packbg_peak=3276800000 cap=1 lost_pad=1 lost_pack=1
E7RESULT name=ledger size=16384 m=1000 f=0.5 pad_total=3286500000 pack_total=4933700000 packmin_total=4933700000 net=-1647200000 ratio=0.6661 data_ratio=0.6667 pad_write=9830400000 pack_write=9830400000 compaction=2578644992 packbg_total=4933700000 packbg_write=16384000000 packbg_peak=3276800000 cap=1 lost_pad=1 lost_pack=1
E7RESULT name=ledger size=16384 m=1000 f=0.9 pad_total=3286500000 pack_total=6245860000 packmin_total=6245860000 net=-2959360000 ratio=0.5262 data_ratio=0.5263 pad_write=12451840000 pack_write=12451840000 compaction=3889102848 packbg_total=6245860000 packbg_write=19005440000 packbg_peak=3276800000 cap=1 lost_pad=1 lost_pack=1
E7RESULT name=benefit_law size=512 m=1 cap=58 measured=1.0000 preregistered=1.0000 found=1.0000 rel_err=0.0000
E7RESULT name=benefit_law size=512 m=2 cap=58 measured=2.0000 preregistered=2.0000 found=2.0000 rel_err=0.0000
E7RESULT name=benefit_law size=512 m=8 cap=58 measured=8.0000 preregistered=8.0000 found=8.0000 rel_err=0.0000
E7RESULT name=benefit_law size=512 m=30 cap=58 measured=29.9940 preregistered=30.0000 found=30.0000 rel_err=0.0002
E7RESULT name=benefit_law size=512 m=100 cap=58 measured=50.0000 preregistered=58.0000 found=50.0000 rel_err=0.0000
E7RESULT name=benefit_law size=512 m=1000 cap=58 measured=55.5556 preregistered=58.0000 found=55.5556 rel_err=0.0000
E7RESULT name=benefit_law size=1024 m=1 cap=30 measured=1.0000 preregistered=1.0000 found=1.0000 rel_err=0.0000
E7RESULT name=benefit_law size=1024 m=2 cap=30 measured=2.0000 preregistered=2.0000 found=2.0000 rel_err=0.0000
E7RESULT name=benefit_law size=1024 m=8 cap=30 measured=8.0000 preregistered=8.0000 found=8.0000 rel_err=0.0000
E7RESULT name=benefit_law size=1024 m=30 cap=30 measured=29.9940 preregistered=30.0000 found=30.0000 rel_err=0.0002
E7RESULT name=benefit_law size=1024 m=100 cap=30 measured=25.0000 preregistered=30.0000 found=25.0000 rel_err=0.0000
E7RESULT name=benefit_law size=1024 m=1000 cap=30 measured=29.4118 preregistered=30.0000 found=29.4118 rel_err=0.0000
E7RESULT name=benefit_law size=4096 m=1 cap=7 measured=1.0000 preregistered=1.0000 found=1.0000 rel_err=0.0000
E7RESULT name=benefit_law size=4096 m=2 cap=7 measured=2.0000 preregistered=2.0000 found=2.0000 rel_err=0.0000
E7RESULT name=benefit_law size=4096 m=8 cap=7 measured=4.0000 preregistered=7.0000 found=4.0000 rel_err=0.0000
E7RESULT name=benefit_law size=4096 m=30 cap=7 measured=5.9999 preregistered=7.0000 found=6.0000 rel_err=0.0000
E7RESULT name=benefit_law size=4096 m=100 cap=7 measured=6.6667 preregistered=7.0000 found=6.6667 rel_err=0.0000
E7RESULT name=benefit_law size=4096 m=1000 cap=7 measured=6.9930 preregistered=7.0000 found=6.9930 rel_err=0.0000
E7RESULT name=benefit_law size=8192 m=1 cap=3 measured=1.0000 preregistered=1.0000 found=1.0000 rel_err=0.0000
E7RESULT name=benefit_law size=8192 m=2 cap=3 measured=2.0000 preregistered=2.0000 found=2.0000 rel_err=0.0000
E7RESULT name=benefit_law size=8192 m=8 cap=3 measured=2.6667 preregistered=3.0000 found=2.6667 rel_err=0.0000
E7RESULT name=benefit_law size=8192 m=30 cap=3 measured=2.9999 preregistered=3.0000 found=3.0000 rel_err=0.0000
E7RESULT name=benefit_law size=8192 m=100 cap=3 measured=2.9412 preregistered=3.0000 found=2.9412 rel_err=0.0000
E7RESULT name=benefit_law size=8192 m=1000 cap=3 measured=2.9940 preregistered=3.0000 found=2.9940 rel_err=0.0000
E7RESULT name=benefit_law size=16384 m=1 cap=1 measured=1.0000 preregistered=1.0000 found=1.0000 rel_err=0.0000
E7RESULT name=benefit_law size=16384 m=2 cap=1 measured=1.0000 preregistered=1.0000 found=1.0000 rel_err=0.0000
E7RESULT name=benefit_law size=16384 m=8 cap=1 measured=1.0000 preregistered=1.0000 found=1.0000 rel_err=0.0000
E7RESULT name=benefit_law size=16384 m=30 cap=1 measured=1.0000 preregistered=1.0000 found=1.0000 rel_err=0.0000
E7RESULT name=benefit_law size=16384 m=100 cap=1 measured=1.0000 preregistered=1.0000 found=1.0000 rel_err=0.0000
E7RESULT name=benefit_law size=16384 m=1000 cap=1 measured=1.0000 preregistered=1.0000 found=1.0000 rel_err=0.0000
E7RESULT name=overwrite_breakeven size=512 m=8 f_breakeven=0.90
E7RESULT name=overwrite_breakeven size=512 m=30 f_breakeven=1.00
E7RESULT name=overwrite_breakeven size=512 m=100 f_breakeven=1.00
E7RESULT name=overwrite_breakeven size=1024 m=8 f_breakeven=0.90
E7RESULT name=overwrite_breakeven size=1024 m=30 f_breakeven=1.00
E7RESULT name=overwrite_breakeven size=1024 m=100 f_breakeven=1.00
E7RESULT name=overwrite_breakeven size=4096 m=8 f_breakeven=0.75
E7RESULT name=overwrite_breakeven size=4096 m=30 f_breakeven=0.85
E7RESULT name=overwrite_breakeven size=4096 m=100 f_breakeven=0.85
E7RESULT name=overwrite_breakeven size=8192 m=8 f_breakeven=0.65
E7RESULT name=overwrite_breakeven size=8192 m=30 f_breakeven=0.70
E7RESULT name=overwrite_breakeven size=8192 m=100 f_breakeven=0.70
E7RESULT name=overwrite_breakeven size=16384 m=8 f_breakeven=0.00
E7RESULT name=overwrite_breakeven size=16384 m=30 f_breakeven=0.00
E7RESULT name=overwrite_breakeven size=16384 m=100 f_breakeven=0.00
E7RESULT name=done emitted=229
