E7RESULT name=config nodes=8192 s=10240 g=64 d=64 t=2000 capacity=8 initial_keys_per_node=4 inserts=16 deletes=16 key_space=65536 model=counting file_ops=0 seeds=5 budgets=32,128,256 key_interval_widths=8,32,128 node_group_sizes=2,8,32 split=midpoint merge_below=capacity/4 win_threshold=0.8
E7RESULT name=anchor keys=8 capacity=2 width=2 group_size=2 inserted=5 splits=1 key_interval_partition=[[0], [1, 2], [3], [4]] node_group_partition=[[0, 1], [2], [3, 4]] differ=true
E7RESULT name=control arm=pol_compact scatter_runs=8192 compact_runs=1
E7RESULT name=control arm=key_interval_w8 scatter_runs=8192 compact_runs=1
E7RESULT name=control arm=key_interval_w32 scatter_runs=8192 compact_runs=1
E7RESULT name=control arm=key_interval_w128 scatter_runs=8192 compact_runs=1
E7RESULT name=control arm=node_group_g2 scatter_runs=8192 compact_runs=1
E7RESULT name=control arm=node_group_g8 scatter_runs=8192 compact_runs=1
E7RESULT name=control arm=node_group_g32 scatter_runs=8192 compact_runs=1
E7RESULT name=xfixture budget=32 e95_arm=pol_compact arm=pol_compact load=uniform median=7502 e95_stored=7502
E7RESULT name=xfixture budget=32 e95_arm=pol_compact arm=pol_compact load=runs8 median=6073 e95_stored=6073
E7RESULT name=xfixture budget=32 e95_arm=fmt_group_g2 arm=key_interval_w2 load=uniform median=6128 e95_stored=6128
E7RESULT name=xfixture budget=32 e95_arm=fmt_group_g2 arm=node_group_g2 load=uniform median=6128 e95_stored=6128
E7RESULT name=xfixture budget=32 e95_arm=fmt_group_g2 arm=key_interval_w2 load=runs8 median=3548 e95_stored=3548
E7RESULT name=xfixture budget=32 e95_arm=fmt_group_g2 arm=node_group_g2 load=runs8 median=3548 e95_stored=3548
E7RESULT name=xfixture budget=32 e95_arm=fmt_group_g8 arm=key_interval_w8 load=uniform median=7558 e95_stored=7558
E7RESULT name=xfixture budget=32 e95_arm=fmt_group_g8 arm=node_group_g8 load=uniform median=7558 e95_stored=7558
E7RESULT name=xfixture budget=32 e95_arm=fmt_group_g8 arm=key_interval_w8 load=runs8 median=1595 e95_stored=1595
E7RESULT name=xfixture budget=32 e95_arm=fmt_group_g8 arm=node_group_g8 load=runs8 median=1595 e95_stored=1595
E7RESULT name=xfixture budget=32 e95_arm=fmt_group_g32 arm=key_interval_w32 load=uniform median=7819 e95_stored=7819
E7RESULT name=xfixture budget=32 e95_arm=fmt_group_g32 arm=node_group_g32 load=uniform median=7819 e95_stored=7819
E7RESULT name=xfixture budget=32 e95_arm=fmt_group_g32 arm=key_interval_w32 load=runs8 median=4370 e95_stored=4370
E7RESULT name=xfixture budget=32 e95_arm=fmt_group_g32 arm=node_group_g32 load=runs8 median=4370 e95_stored=4370
E7RESULT name=xfixture budget=128 e95_arm=pol_compact arm=pol_compact load=uniform median=6095 e95_stored=6095
E7RESULT name=xfixture budget=128 e95_arm=pol_compact arm=pol_compact load=runs8 median=3922 e95_stored=3922
E7RESULT name=xfixture budget=128 e95_arm=fmt_group_g2 arm=key_interval_w2 load=uniform median=3966 e95_stored=3966
E7RESULT name=xfixture budget=128 e95_arm=fmt_group_g2 arm=node_group_g2 load=uniform median=3966 e95_stored=3966
E7RESULT name=xfixture budget=128 e95_arm=fmt_group_g2 arm=key_interval_w2 load=runs8 median=2575 e95_stored=2575
E7RESULT name=xfixture budget=128 e95_arm=fmt_group_g2 arm=node_group_g2 load=runs8 median=2575 e95_stored=2575
E7RESULT name=xfixture budget=128 e95_arm=fmt_group_g8 arm=key_interval_w8 load=uniform median=5797 e95_stored=5797
E7RESULT name=xfixture budget=128 e95_arm=fmt_group_g8 arm=node_group_g8 load=uniform median=5797 e95_stored=5797
E7RESULT name=xfixture budget=128 e95_arm=fmt_group_g8 arm=key_interval_w8 load=runs8 median=904 e95_stored=904
E7RESULT name=xfixture budget=128 e95_arm=fmt_group_g8 arm=node_group_g8 load=runs8 median=904 e95_stored=904
E7RESULT name=xfixture budget=128 e95_arm=fmt_group_g32 arm=key_interval_w32 load=uniform median=7249 e95_stored=7249
E7RESULT name=xfixture budget=128 e95_arm=fmt_group_g32 arm=node_group_g32 load=uniform median=7249 e95_stored=7249
E7RESULT name=xfixture budget=128 e95_arm=fmt_group_g32 arm=key_interval_w32 load=runs8 median=1969 e95_stored=1969
E7RESULT name=xfixture budget=128 e95_arm=fmt_group_g32 arm=node_group_g32 load=runs8 median=1969 e95_stored=1969
E7RESULT name=xfixture budget=256 e95_arm=pol_compact arm=pol_compact load=uniform median=4791 e95_stored=4791
E7RESULT name=xfixture budget=256 e95_arm=pol_compact arm=pol_compact load=runs8 median=1339 e95_stored=1339
E7RESULT name=xfixture budget=256 e95_arm=fmt_group_g2 arm=key_interval_w2 load=uniform median=3414 e95_stored=3414
E7RESULT name=xfixture budget=256 e95_arm=fmt_group_g2 arm=node_group_g2 load=uniform median=3414 e95_stored=3414
E7RESULT name=xfixture budget=256 e95_arm=fmt_group_g2 arm=key_interval_w2 load=runs8 median=1139 e95_stored=1139
E7RESULT name=xfixture budget=256 e95_arm=fmt_group_g2 arm=node_group_g2 load=runs8 median=1139 e95_stored=1139
E7RESULT name=xfixture budget=256 e95_arm=fmt_group_g8 arm=key_interval_w8 load=uniform median=3669 e95_stored=3669
E7RESULT name=xfixture budget=256 e95_arm=fmt_group_g8 arm=node_group_g8 load=uniform median=3669 e95_stored=3669
E7RESULT name=xfixture budget=256 e95_arm=fmt_group_g8 arm=key_interval_w8 load=runs8 median=742 e95_stored=742
E7RESULT name=xfixture budget=256 e95_arm=fmt_group_g8 arm=node_group_g8 load=runs8 median=742 e95_stored=742
E7RESULT name=xfixture budget=256 e95_arm=fmt_group_g32 arm=key_interval_w32 load=uniform median=6567 e95_stored=6567
E7RESULT name=xfixture budget=256 e95_arm=fmt_group_g32 arm=node_group_g32 load=uniform median=6567 e95_stored=6567
E7RESULT name=xfixture budget=256 e95_arm=fmt_group_g32 arm=key_interval_w32 load=runs8 median=276 e95_stored=276
E7RESULT name=xfixture budget=256 e95_arm=fmt_group_g32 arm=node_group_g32 load=runs8 median=276 e95_stored=276
E7RESULT name=grid budget=32 arm=pol_compact family=policy load=uniform runs_median=6718 node_count_median=7398 splits_seed0=397 merges_seed0=1196 write_amp=1.335 budget_spent_pct=100.0 fallback_pct=89.3
E7RESULT name=grid budget=32 arm=pol_compact family=policy load=runs8 runs_median=5906 node_count_median=7374 splits_seed0=422 merges_seed0=1240 write_amp=1.600 budget_spent_pct=100.0 fallback_pct=82.4
E7RESULT name=grid budget=32 arm=key_interval_w8 family=key_interval load=uniform runs_median=7037 node_count_median=7398 splits_seed0=397 merges_seed0=1196 write_amp=1.335 budget_spent_pct=100.0 fallback_pct=0.0
E7RESULT name=grid budget=32 arm=key_interval_w8 family=key_interval load=runs8 runs_median=6306 node_count_median=7374 splits_seed0=422 merges_seed0=1240 write_amp=1.600 budget_spent_pct=100.0 fallback_pct=0.0
E7RESULT name=grid budget=32 arm=key_interval_w32 family=key_interval load=uniform runs_median=6601 node_count_median=7398 splits_seed0=397 merges_seed0=1196 write_amp=1.333 budget_spent_pct=99.6 fallback_pct=0.0
E7RESULT name=grid budget=32 arm=key_interval_w32 family=key_interval load=runs8 runs_median=5050 node_count_median=7374 splits_seed0=422 merges_seed0=1240 write_amp=1.599 budget_spent_pct=99.9 fallback_pct=0.0
E7RESULT name=grid budget=32 arm=key_interval_w128 family=key_interval load=uniform runs_median=7074 node_count_median=7398 splits_seed0=397 merges_seed0=1196 write_amp=1.296 budget_spent_pct=88.3 fallback_pct=0.1
E7RESULT name=grid budget=32 arm=key_interval_w128 family=key_interval load=runs8 runs_median=5782 node_count_median=7374 splits_seed0=422 merges_seed0=1240 write_amp=1.520 budget_spent_pct=86.6 fallback_pct=0.9
E7RESULT name=grid budget=32 arm=node_group_g2 family=node_group load=uniform runs_median=6141 node_count_median=7398 splits_seed0=397 merges_seed0=1196 write_amp=1.335 budget_spent_pct=100.0 fallback_pct=0.0
E7RESULT name=grid budget=32 arm=node_group_g2 family=node_group load=runs8 runs_median=4488 node_count_median=7374 splits_seed0=422 merges_seed0=1240 write_amp=1.598 budget_spent_pct=99.8 fallback_pct=0.0
E7RESULT name=grid budget=32 arm=node_group_g8 family=node_group load=uniform runs_median=6873 node_count_median=7398 splits_seed0=397 merges_seed0=1196 write_amp=1.317 budget_spent_pct=94.7 fallback_pct=0.0
E7RESULT name=grid budget=32 arm=node_group_g8 family=node_group load=runs8 runs_median=5516 node_count_median=7374 splits_seed0=422 merges_seed0=1240 write_amp=1.581 budget_spent_pct=96.9 fallback_pct=0.0
E7RESULT name=grid budget=32 arm=node_group_g32 family=node_group load=uniform runs_median=7123 node_count_median=7398 splits_seed0=397 merges_seed0=1196 write_amp=1.307 budget_spent_pct=91.7 fallback_pct=0.0
E7RESULT name=grid budget=32 arm=node_group_g32 family=node_group load=runs8 runs_median=5910 node_count_median=7374 splits_seed0=422 merges_seed0=1240 write_amp=1.540 budget_spent_pct=90.1 fallback_pct=2.4
E7RESULT name=grid budget=128 arm=pol_compact family=policy load=uniform runs_median=5975 node_count_median=7398 splits_seed0=397 merges_seed0=1196 write_amp=2.338 budget_spent_pct=100.0 fallback_pct=70.8
E7RESULT name=grid budget=128 arm=pol_compact family=policy load=runs8 runs_median=4223 node_count_median=7374 splits_seed0=422 merges_seed0=1240 write_amp=3.399 budget_spent_pct=100.0 fallback_pct=61.5
E7RESULT name=grid budget=128 arm=key_interval_w8 family=key_interval load=uniform runs_median=5571 node_count_median=7398 splits_seed0=397 merges_seed0=1196 write_amp=2.338 budget_spent_pct=100.0 fallback_pct=0.0
E7RESULT name=grid budget=128 arm=key_interval_w8 family=key_interval load=runs8 runs_median=3290 node_count_median=7374 splits_seed0=422 merges_seed0=1240 write_amp=3.399 budget_spent_pct=100.0 fallback_pct=0.0
E7RESULT name=grid budget=128 arm=key_interval_w32 family=key_interval load=uniform runs_median=4527 node_count_median=7398 splits_seed0=397 merges_seed0=1196 write_amp=2.336 budget_spent_pct=99.8 fallback_pct=0.0
E7RESULT name=grid budget=128 arm=key_interval_w32 family=key_interval load=runs8 runs_median=2019 node_count_median=7374 splits_seed0=422 merges_seed0=1240 write_amp=3.369 budget_spent_pct=98.8 fallback_pct=0.0
E7RESULT name=grid budget=128 arm=key_interval_w128 family=key_interval load=uniform runs_median=6313 node_count_median=7398 splits_seed0=397 merges_seed0=1196 write_amp=2.282 budget_spent_pct=95.7 fallback_pct=0.1
E7RESULT name=grid budget=128 arm=key_interval_w128 family=key_interval load=runs8 runs_median=4432 node_count_median=7374 splits_seed0=422 merges_seed0=1240 write_amp=3.313 budget_spent_pct=96.4 fallback_pct=3.2
E7RESULT name=grid budget=128 arm=node_group_g2 family=node_group load=uniform runs_median=4334 node_count_median=7398 splits_seed0=397 merges_seed0=1196 write_amp=2.333 budget_spent_pct=99.6 fallback_pct=0.0
E7RESULT name=grid budget=128 arm=node_group_g2 family=node_group load=runs8 runs_median=3722 node_count_median=7374 splits_seed0=422 merges_seed0=1240 write_amp=3.389 budget_spent_pct=99.6 fallback_pct=0.0
E7RESULT name=grid budget=128 arm=node_group_g8 family=node_group load=uniform runs_median=5729 node_count_median=7398 splits_seed0=397 merges_seed0=1196 write_amp=2.322 budget_spent_pct=98.8 fallback_pct=0.0
E7RESULT name=grid budget=128 arm=node_group_g8 family=node_group load=runs8 runs_median=3333 node_count_median=7374 splits_seed0=422 merges_seed0=1240 write_amp=3.376 budget_spent_pct=99.0 fallback_pct=0.0
E7RESULT name=grid budget=128 arm=node_group_g32 family=node_group load=uniform runs_median=6728 node_count_median=7398 splits_seed0=397 merges_seed0=1196 write_amp=2.217 budget_spent_pct=91.0 fallback_pct=0.9
E7RESULT name=grid budget=128 arm=node_group_g32 family=node_group load=runs8 runs_median=5189 node_count_median=7374 splits_seed0=422 merges_seed0=1240 write_amp=3.167 budget_spent_pct=90.3 fallback_pct=9.9
E7RESULT name=grid budget=256 arm=pol_compact family=policy load=uniform runs_median=4702 node_count_median=7398 splits_seed0=397 merges_seed0=1196 write_amp=3.677 budget_spent_pct=100.0 fallback_pct=58.5
E7RESULT name=grid budget=256 arm=pol_compact family=policy load=runs8 runs_median=1138 node_count_median=7374 splits_seed0=422 merges_seed0=1240 write_amp=5.798 budget_spent_pct=100.0 fallback_pct=25.5
E7RESULT name=grid budget=256 arm=key_interval_w8 family=key_interval load=uniform runs_median=3653 node_count_median=7398 splits_seed0=397 merges_seed0=1196 write_amp=3.677 budget_spent_pct=100.0 fallback_pct=0.0
E7RESULT name=grid budget=256 arm=key_interval_w8 family=key_interval load=runs8 runs_median=1123 node_count_median=7374 splits_seed0=422 merges_seed0=1240 write_amp=5.798 budget_spent_pct=100.0 fallback_pct=0.0
E7RESULT name=grid budget=256 arm=key_interval_w32 family=key_interval load=uniform runs_median=2045 node_count_median=7398 splits_seed0=397 merges_seed0=1196 write_amp=3.667 budget_spent_pct=99.6 fallback_pct=0.0
E7RESULT name=grid budget=256 arm=key_interval_w32 family=key_interval load=runs8 runs_median=1824 node_count_median=7374 splits_seed0=422 merges_seed0=1240 write_amp=5.768 budget_spent_pct=99.4 fallback_pct=0.0
E7RESULT name=grid budget=256 arm=key_interval_w128 family=key_interval load=uniform runs_median=5511 node_count_median=7398 splits_seed0=397 merges_seed0=1196 write_amp=3.633 budget_spent_pct=98.4 fallback_pct=0.2
E7RESULT name=grid budget=256 arm=key_interval_w128 family=key_interval load=runs8 runs_median=2994 node_count_median=7374 splits_seed0=422 merges_seed0=1240 write_amp=5.711 budget_spent_pct=98.2 fallback_pct=4.0
E7RESULT name=grid budget=256 arm=node_group_g2 family=node_group load=uniform runs_median=3795 node_count_median=7398 splits_seed0=397 merges_seed0=1196 write_amp=3.671 budget_spent_pct=99.8 fallback_pct=0.0
E7RESULT name=grid budget=256 arm=node_group_g2 family=node_group load=runs8 runs_median=2147 node_count_median=7374 splits_seed0=422 merges_seed0=1240 write_amp=5.788 budget_spent_pct=99.8 fallback_pct=0.0
E7RESULT name=grid budget=256 arm=node_group_g8 family=node_group load=uniform runs_median=4289 node_count_median=7398 splits_seed0=397 merges_seed0=1196 write_amp=3.661 budget_spent_pct=99.4 fallback_pct=0.0
E7RESULT name=grid budget=256 arm=node_group_g8 family=node_group load=runs8 runs_median=1158 node_count_median=7374 splits_seed0=422 merges_seed0=1240 write_amp=5.740 budget_spent_pct=98.8 fallback_pct=0.0
E7RESULT name=grid budget=256 arm=node_group_g32 family=node_group load=uniform runs_median=6218 node_count_median=7398 splits_seed0=397 merges_seed0=1196 write_amp=3.567 budget_spent_pct=95.9 fallback_pct=1.2
E7RESULT name=grid budget=256 arm=node_group_g32 family=node_group load=runs8 runs_median=4293 node_count_median=7374 splits_seed0=422 merges_seed0=1240 write_amp=5.589 budget_spent_pct=95.6 fallback_pct=10.2
E7RESULT name=verdict budget=32 load=uniform best_key_interval=6601 best_key_interval_arm=key_interval_w32 best_node_group=6141 best_node_group_arm=node_group_g2 best_policy=6718 node_group_below_0_8=false
E7RESULT name=verdict budget=32 load=runs8 best_key_interval=5050 best_key_interval_arm=key_interval_w32 best_node_group=4488 best_node_group_arm=node_group_g2 best_policy=5906 node_group_below_0_8=false
E7RESULT name=verdict budget=128 load=uniform best_key_interval=4527 best_key_interval_arm=key_interval_w32 best_node_group=4334 best_node_group_arm=node_group_g2 best_policy=5975 node_group_below_0_8=false
E7RESULT name=verdict budget=128 load=runs8 best_key_interval=2019 best_key_interval_arm=key_interval_w32 best_node_group=3333 best_node_group_arm=node_group_g8 best_policy=4223 node_group_below_0_8=false
E7RESULT name=verdict budget=256 load=uniform best_key_interval=2045 best_key_interval_arm=key_interval_w32 best_node_group=3795 best_node_group_arm=node_group_g2 best_policy=4702 node_group_below_0_8=false
E7RESULT name=verdict budget=256 load=runs8 best_key_interval=1123 best_key_interval_arm=key_interval_w8 best_node_group=1158 best_node_group_arm=node_group_g8 best_policy=1138 node_group_below_0_8=false
E7RESULT name=answer any_cell_node_group_below_0_8=false all_cells_tied=false key_interval_wins_every_cell=false criterion=E127_6
E7RESULT name=done emitted=101
