E7RESULT name=config iters=2000000 rounds=5 inner=3 node_bytes=16384 node_hdr=64
E7RESULT name=derived arm=bing child_ptr=59 inode_entry=93 ledger_entry=81 root_record=194 tree_entry=121
E7RESULT name=derived arm=jia child_ptr=75 inode_entry=109 ledger_entry=97 root_record=226 tree_entry=137
E7RESULT name=poscontrol arm=inode_bing entry_bytes=93 slots=175 depth_small=2 depth_big=4 ns_small=14153189 ns_big=148201476 ratio=10.47 ok=true
E7RESULT name=poscontrol arm=inode_jia entry_bytes=109 slots=149 depth_small=2 depth_big=4 ns_small=14141939 ns_big=142345577 ratio=10.07 ok=true
E7RESULT name=poscontrol arm=ledger_bing entry_bytes=81 slots=201 depth_small=2 depth_big=4 ns_small=14484093 ns_big=138460555 ratio=9.56 ok=true
E7RESULT name=poscontrol arm=ledger_jia entry_bytes=97 slots=168 depth_small=2 depth_big=4 ns_small=14276907 ns_big=142999961 ratio=10.02 ok=true
E7RESULT name=poscontrol arm=xdev_67 entry_bytes=67 slots=243 depth_small=2 depth_big=3 ns_small=14870048 ns_big=114786223 ratio=7.72 ok=true
E7RESULT name=poscontrol arm=xdev_111 entry_bytes=111 slots=147 depth_small=2 depth_big=4 ns_small=14108910 ns_big=138493320 ratio=9.82 ok=true
E7RESULT name=e128 arm=inode_bing entry_bytes=93 keys=2048 round=0 slots=175 depth=2 nodes=13 footprint_bytes=212992 ns_per_lookup=56.91
E7RESULT name=e128 arm=inode_bing entry_bytes=93 keys=2048 round=1 slots=175 depth=2 nodes=13 footprint_bytes=212992 ns_per_lookup=57.19
E7RESULT name=e128 arm=inode_bing entry_bytes=93 keys=2048 round=2 slots=175 depth=2 nodes=13 footprint_bytes=212992 ns_per_lookup=57.15
E7RESULT name=e128 arm=inode_bing entry_bytes=93 keys=2048 round=3 slots=175 depth=2 nodes=13 footprint_bytes=212992 ns_per_lookup=57.21
E7RESULT name=e128 arm=inode_bing entry_bytes=93 keys=2048 round=4 slots=175 depth=2 nodes=13 footprint_bytes=212992 ns_per_lookup=56.99
E7RESULT name=e128 arm=inode_bing entry_bytes=93 keys=32768 round=0 slots=175 depth=3 nodes=191 footprint_bytes=3129344 ns_per_lookup=93.12
E7RESULT name=e128 arm=inode_bing entry_bytes=93 keys=32768 round=1 slots=175 depth=3 nodes=191 footprint_bytes=3129344 ns_per_lookup=93.12
E7RESULT name=e128 arm=inode_bing entry_bytes=93 keys=32768 round=2 slots=175 depth=3 nodes=191 footprint_bytes=3129344 ns_per_lookup=93.14
E7RESULT name=e128 arm=inode_bing entry_bytes=93 keys=32768 round=3 slots=175 depth=3 nodes=191 footprint_bytes=3129344 ns_per_lookup=93.25
E7RESULT name=e128 arm=inode_bing entry_bytes=93 keys=32768 round=4 slots=175 depth=3 nodes=191 footprint_bytes=3129344 ns_per_lookup=93.18
E7RESULT name=e128 arm=inode_bing entry_bytes=93 keys=524288 round=0 slots=175 depth=3 nodes=3015 footprint_bytes=49397760 ns_per_lookup=131.10
E7RESULT name=e128 arm=inode_bing entry_bytes=93 keys=524288 round=1 slots=175 depth=3 nodes=3015 footprint_bytes=49397760 ns_per_lookup=131.39
E7RESULT name=e128 arm=inode_bing entry_bytes=93 keys=524288 round=2 slots=175 depth=3 nodes=3015 footprint_bytes=49397760 ns_per_lookup=131.49
E7RESULT name=e128 arm=inode_bing entry_bytes=93 keys=524288 round=3 slots=175 depth=3 nodes=3015 footprint_bytes=49397760 ns_per_lookup=131.63
E7RESULT name=e128 arm=inode_bing entry_bytes=93 keys=524288 round=4 slots=175 depth=3 nodes=3015 footprint_bytes=49397760 ns_per_lookup=131.63
E7RESULT name=e128 arm=inode_bing entry_bytes=93 keys=8388608 round=0 slots=175 depth=4 nodes=48212 footprint_bytes=789905408 ns_per_lookup=609.60
E7RESULT name=e128 arm=inode_bing entry_bytes=93 keys=8388608 round=1 slots=175 depth=4 nodes=48212 footprint_bytes=789905408 ns_per_lookup=604.60
E7RESULT name=e128 arm=inode_bing entry_bytes=93 keys=8388608 round=2 slots=175 depth=4 nodes=48212 footprint_bytes=789905408 ns_per_lookup=612.09
E7RESULT name=e128 arm=inode_bing entry_bytes=93 keys=8388608 round=3 slots=175 depth=4 nodes=48212 footprint_bytes=789905408 ns_per_lookup=644.04
E7RESULT name=e128 arm=inode_bing entry_bytes=93 keys=8388608 round=4 slots=175 depth=4 nodes=48212 footprint_bytes=789905408 ns_per_lookup=653.02
E7RESULT name=e128 arm=inode_jia entry_bytes=109 keys=2048 round=0 slots=149 depth=2 nodes=15 footprint_bytes=245760 ns_per_lookup=58.16
E7RESULT name=e128 arm=inode_jia entry_bytes=109 keys=2048 round=1 slots=149 depth=2 nodes=15 footprint_bytes=245760 ns_per_lookup=58.19
E7RESULT name=e128 arm=inode_jia entry_bytes=109 keys=2048 round=2 slots=149 depth=2 nodes=15 footprint_bytes=245760 ns_per_lookup=58.12
E7RESULT name=e128 arm=inode_jia entry_bytes=109 keys=2048 round=3 slots=149 depth=2 nodes=15 footprint_bytes=245760 ns_per_lookup=58.18
E7RESULT name=e128 arm=inode_jia entry_bytes=109 keys=2048 round=4 slots=149 depth=2 nodes=15 footprint_bytes=245760 ns_per_lookup=58.21
E7RESULT name=e128 arm=inode_jia entry_bytes=109 keys=32768 round=0 slots=149 depth=3 nodes=223 footprint_bytes=3653632 ns_per_lookup=90.22
E7RESULT name=e128 arm=inode_jia entry_bytes=109 keys=32768 round=1 slots=149 depth=3 nodes=223 footprint_bytes=3653632 ns_per_lookup=90.23
E7RESULT name=e128 arm=inode_jia entry_bytes=109 keys=32768 round=2 slots=149 depth=3 nodes=223 footprint_bytes=3653632 ns_per_lookup=90.18
E7RESULT name=e128 arm=inode_jia entry_bytes=109 keys=32768 round=3 slots=149 depth=3 nodes=223 footprint_bytes=3653632 ns_per_lookup=90.22
E7RESULT name=e128 arm=inode_jia entry_bytes=109 keys=32768 round=4 slots=149 depth=3 nodes=223 footprint_bytes=3653632 ns_per_lookup=90.23
E7RESULT name=e128 arm=inode_jia entry_bytes=109 keys=524288 round=0 slots=149 depth=3 nodes=3544 footprint_bytes=58064896 ns_per_lookup=130.35
E7RESULT name=e128 arm=inode_jia entry_bytes=109 keys=524288 round=1 slots=149 depth=3 nodes=3544 footprint_bytes=58064896 ns_per_lookup=130.39
E7RESULT name=e128 arm=inode_jia entry_bytes=109 keys=524288 round=2 slots=149 depth=3 nodes=3544 footprint_bytes=58064896 ns_per_lookup=130.35
E7RESULT name=e128 arm=inode_jia entry_bytes=109 keys=524288 round=3 slots=149 depth=3 nodes=3544 footprint_bytes=58064896 ns_per_lookup=130.40
E7RESULT name=e128 arm=inode_jia entry_bytes=109 keys=524288 round=4 slots=149 depth=3 nodes=3544 footprint_bytes=58064896 ns_per_lookup=130.50
E7RESULT name=e128 arm=inode_jia entry_bytes=109 keys=8388608 round=0 slots=149 depth=4 nodes=56682 footprint_bytes=928677888 ns_per_lookup=667.91
E7RESULT name=e128 arm=inode_jia entry_bytes=109 keys=8388608 round=1 slots=149 depth=4 nodes=56682 footprint_bytes=928677888 ns_per_lookup=666.08
E7RESULT name=e128 arm=inode_jia entry_bytes=109 keys=8388608 round=2 slots=149 depth=4 nodes=56682 footprint_bytes=928677888 ns_per_lookup=666.26
E7RESULT name=e128 arm=inode_jia entry_bytes=109 keys=8388608 round=3 slots=149 depth=4 nodes=56682 footprint_bytes=928677888 ns_per_lookup=667.30
E7RESULT name=e128 arm=inode_jia entry_bytes=109 keys=8388608 round=4 slots=149 depth=4 nodes=56682 footprint_bytes=928677888 ns_per_lookup=671.53
E7RESULT name=e128 arm=ledger_bing entry_bytes=81 keys=2048 round=0 slots=201 depth=2 nodes=12 footprint_bytes=196608 ns_per_lookup=59.52
E7RESULT name=e128 arm=ledger_bing entry_bytes=81 keys=2048 round=1 slots=201 depth=2 nodes=12 footprint_bytes=196608 ns_per_lookup=59.57
E7RESULT name=e128 arm=ledger_bing entry_bytes=81 keys=2048 round=2 slots=201 depth=2 nodes=12 footprint_bytes=196608 ns_per_lookup=59.50
E7RESULT name=e128 arm=ledger_bing entry_bytes=81 keys=2048 round=3 slots=201 depth=2 nodes=12 footprint_bytes=196608 ns_per_lookup=59.59
E7RESULT name=e128 arm=ledger_bing entry_bytes=81 keys=2048 round=4 slots=201 depth=2 nodes=12 footprint_bytes=196608 ns_per_lookup=59.54
E7RESULT name=e128 arm=ledger_bing entry_bytes=81 keys=32768 round=0 slots=201 depth=2 nodes=165 footprint_bytes=2703360 ns_per_lookup=79.98
E7RESULT name=e128 arm=ledger_bing entry_bytes=81 keys=32768 round=1 slots=201 depth=2 nodes=165 footprint_bytes=2703360 ns_per_lookup=80.11
E7RESULT name=e128 arm=ledger_bing entry_bytes=81 keys=32768 round=2 slots=201 depth=2 nodes=165 footprint_bytes=2703360 ns_per_lookup=80.06
E7RESULT name=e128 arm=ledger_bing entry_bytes=81 keys=32768 round=3 slots=201 depth=2 nodes=165 footprint_bytes=2703360 ns_per_lookup=80.05
E7RESULT name=e128 arm=ledger_bing entry_bytes=81 keys=32768 round=4 slots=201 depth=2 nodes=165 footprint_bytes=2703360 ns_per_lookup=80.01
E7RESULT name=e128 arm=ledger_bing entry_bytes=81 keys=524288 round=0 slots=201 depth=3 nodes=2623 footprint_bytes=42975232 ns_per_lookup=133.98
E7RESULT name=e128 arm=ledger_bing entry_bytes=81 keys=524288 round=1 slots=201 depth=3 nodes=2623 footprint_bytes=42975232 ns_per_lookup=133.87
E7RESULT name=e128 arm=ledger_bing entry_bytes=81 keys=524288 round=2 slots=201 depth=3 nodes=2623 footprint_bytes=42975232 ns_per_lookup=134.12
E7RESULT name=e128 arm=ledger_bing entry_bytes=81 keys=524288 round=3 slots=201 depth=3 nodes=2623 footprint_bytes=42975232 ns_per_lookup=133.55
E7RESULT name=e128 arm=ledger_bing entry_bytes=81 keys=524288 round=4 slots=201 depth=3 nodes=2623 footprint_bytes=42975232 ns_per_lookup=134.83
E7RESULT name=e128 arm=ledger_bing entry_bytes=81 keys=8388608 round=0 slots=201 depth=4 nodes=41946 footprint_bytes=687243264 ns_per_lookup=565.40
E7RESULT name=e128 arm=ledger_bing entry_bytes=81 keys=8388608 round=1 slots=201 depth=4 nodes=41946 footprint_bytes=687243264 ns_per_lookup=563.89
E7RESULT name=e128 arm=ledger_bing entry_bytes=81 keys=8388608 round=2 slots=201 depth=4 nodes=41946 footprint_bytes=687243264 ns_per_lookup=573.57
E7RESULT name=e128 arm=ledger_bing entry_bytes=81 keys=8388608 round=3 slots=201 depth=4 nodes=41946 footprint_bytes=687243264 ns_per_lookup=561.73
E7RESULT name=e128 arm=ledger_bing entry_bytes=81 keys=8388608 round=4 slots=201 depth=4 nodes=41946 footprint_bytes=687243264 ns_per_lookup=562.08
E7RESULT name=e128 arm=ledger_jia entry_bytes=97 keys=2048 round=0 slots=168 depth=2 nodes=14 footprint_bytes=229376 ns_per_lookup=57.63
E7RESULT name=e128 arm=ledger_jia entry_bytes=97 keys=2048 round=1 slots=168 depth=2 nodes=14 footprint_bytes=229376 ns_per_lookup=58.10
E7RESULT name=e128 arm=ledger_jia entry_bytes=97 keys=2048 round=2 slots=168 depth=2 nodes=14 footprint_bytes=229376 ns_per_lookup=58.15
E7RESULT name=e128 arm=ledger_jia entry_bytes=97 keys=2048 round=3 slots=168 depth=2 nodes=14 footprint_bytes=229376 ns_per_lookup=58.19
E7RESULT name=e128 arm=ledger_jia entry_bytes=97 keys=2048 round=4 slots=168 depth=2 nodes=14 footprint_bytes=229376 ns_per_lookup=58.18
E7RESULT name=e128 arm=ledger_jia entry_bytes=97 keys=32768 round=0 slots=168 depth=3 nodes=199 footprint_bytes=3260416 ns_per_lookup=88.09
E7RESULT name=e128 arm=ledger_jia entry_bytes=97 keys=32768 round=1 slots=168 depth=3 nodes=199 footprint_bytes=3260416 ns_per_lookup=88.09
E7RESULT name=e128 arm=ledger_jia entry_bytes=97 keys=32768 round=2 slots=168 depth=3 nodes=199 footprint_bytes=3260416 ns_per_lookup=88.19
E7RESULT name=e128 arm=ledger_jia entry_bytes=97 keys=32768 round=3 slots=168 depth=3 nodes=199 footprint_bytes=3260416 ns_per_lookup=88.05
E7RESULT name=e128 arm=ledger_jia entry_bytes=97 keys=32768 round=4 slots=168 depth=3 nodes=199 footprint_bytes=3260416 ns_per_lookup=87.98
E7RESULT name=e128 arm=ledger_jia entry_bytes=97 keys=524288 round=0 slots=168 depth=3 nodes=3141 footprint_bytes=51462144 ns_per_lookup=127.45
E7RESULT name=e128 arm=ledger_jia entry_bytes=97 keys=524288 round=1 slots=168 depth=3 nodes=3141 footprint_bytes=51462144 ns_per_lookup=128.82
E7RESULT name=e128 arm=ledger_jia entry_bytes=97 keys=524288 round=2 slots=168 depth=3 nodes=3141 footprint_bytes=51462144 ns_per_lookup=128.90
E7RESULT name=e128 arm=ledger_jia entry_bytes=97 keys=524288 round=3 slots=168 depth=3 nodes=3141 footprint_bytes=51462144 ns_per_lookup=129.29
E7RESULT name=e128 arm=ledger_jia entry_bytes=97 keys=524288 round=4 slots=168 depth=3 nodes=3141 footprint_bytes=51462144 ns_per_lookup=129.43
E7RESULT name=e128 arm=ledger_jia entry_bytes=97 keys=8388608 round=0 slots=168 depth=4 nodes=50234 footprint_bytes=823033856 ns_per_lookup=582.92
E7RESULT name=e128 arm=ledger_jia entry_bytes=97 keys=8388608 round=1 slots=168 depth=4 nodes=50234 footprint_bytes=823033856 ns_per_lookup=585.11
E7RESULT name=e128 arm=ledger_jia entry_bytes=97 keys=8388608 round=2 slots=168 depth=4 nodes=50234 footprint_bytes=823033856 ns_per_lookup=585.16
E7RESULT name=e128 arm=ledger_jia entry_bytes=97 keys=8388608 round=3 slots=168 depth=4 nodes=50234 footprint_bytes=823033856 ns_per_lookup=581.79
E7RESULT name=e128 arm=ledger_jia entry_bytes=97 keys=8388608 round=4 slots=168 depth=4 nodes=50234 footprint_bytes=823033856 ns_per_lookup=598.13
E7RESULT name=e128 arm=xdev_67 entry_bytes=67 keys=2048 round=0 slots=243 depth=2 nodes=10 footprint_bytes=163840 ns_per_lookup=61.06
E7RESULT name=e128 arm=xdev_67 entry_bytes=67 keys=2048 round=1 slots=243 depth=2 nodes=10 footprint_bytes=163840 ns_per_lookup=61.17
E7RESULT name=e128 arm=xdev_67 entry_bytes=67 keys=2048 round=2 slots=243 depth=2 nodes=10 footprint_bytes=163840 ns_per_lookup=61.21
E7RESULT name=e128 arm=xdev_67 entry_bytes=67 keys=2048 round=3 slots=243 depth=2 nodes=10 footprint_bytes=163840 ns_per_lookup=61.18
E7RESULT name=e128 arm=xdev_67 entry_bytes=67 keys=2048 round=4 slots=243 depth=2 nodes=10 footprint_bytes=163840 ns_per_lookup=61.32
E7RESULT name=e128 arm=xdev_67 entry_bytes=67 keys=32768 round=0 slots=243 depth=2 nodes=136 footprint_bytes=2228224 ns_per_lookup=81.25
E7RESULT name=e128 arm=xdev_67 entry_bytes=67 keys=32768 round=1 slots=243 depth=2 nodes=136 footprint_bytes=2228224 ns_per_lookup=81.08
E7RESULT name=e128 arm=xdev_67 entry_bytes=67 keys=32768 round=2 slots=243 depth=2 nodes=136 footprint_bytes=2228224 ns_per_lookup=80.94
E7RESULT name=e128 arm=xdev_67 entry_bytes=67 keys=32768 round=3 slots=243 depth=2 nodes=136 footprint_bytes=2228224 ns_per_lookup=80.85
E7RESULT name=e128 arm=xdev_67 entry_bytes=67 keys=32768 round=4 slots=243 depth=2 nodes=136 footprint_bytes=2228224 ns_per_lookup=80.90
E7RESULT name=e128 arm=xdev_67 entry_bytes=67 keys=524288 round=0 slots=243 depth=3 nodes=2168 footprint_bytes=35520512 ns_per_lookup=140.30
E7RESULT name=e128 arm=xdev_67 entry_bytes=67 keys=524288 round=1 slots=243 depth=3 nodes=2168 footprint_bytes=35520512 ns_per_lookup=140.49
E7RESULT name=e128 arm=xdev_67 entry_bytes=67 keys=524288 round=2 slots=243 depth=3 nodes=2168 footprint_bytes=35520512 ns_per_lookup=141.86
E7RESULT name=e128 arm=xdev_67 entry_bytes=67 keys=524288 round=3 slots=243 depth=3 nodes=2168 footprint_bytes=35520512 ns_per_lookup=140.42
E7RESULT name=e128 arm=xdev_67 entry_bytes=67 keys=524288 round=4 slots=243 depth=3 nodes=2168 footprint_bytes=35520512 ns_per_lookup=140.47
E7RESULT name=e128 arm=xdev_67 entry_bytes=67 keys=8388608 round=0 slots=243 depth=3 nodes=34666 footprint_bytes=567967744 ns_per_lookup=489.09
E7RESULT name=e128 arm=xdev_67 entry_bytes=67 keys=8388608 round=1 slots=243 depth=3 nodes=34666 footprint_bytes=567967744 ns_per_lookup=489.07
E7RESULT name=e128 arm=xdev_67 entry_bytes=67 keys=8388608 round=2 slots=243 depth=3 nodes=34666 footprint_bytes=567967744 ns_per_lookup=493.11
E7RESULT name=e128 arm=xdev_67 entry_bytes=67 keys=8388608 round=3 slots=243 depth=3 nodes=34666 footprint_bytes=567967744 ns_per_lookup=491.31
E7RESULT name=e128 arm=xdev_67 entry_bytes=67 keys=8388608 round=4 slots=243 depth=3 nodes=34666 footprint_bytes=567967744 ns_per_lookup=489.98
E7RESULT name=e128 arm=xdev_111 entry_bytes=111 keys=2048 round=0 slots=147 depth=2 nodes=15 footprint_bytes=245760 ns_per_lookup=58.34
E7RESULT name=e128 arm=xdev_111 entry_bytes=111 keys=2048 round=1 slots=147 depth=2 nodes=15 footprint_bytes=245760 ns_per_lookup=58.31
E7RESULT name=e128 arm=xdev_111 entry_bytes=111 keys=2048 round=2 slots=147 depth=2 nodes=15 footprint_bytes=245760 ns_per_lookup=58.40
E7RESULT name=e128 arm=xdev_111 entry_bytes=111 keys=2048 round=3 slots=147 depth=2 nodes=15 footprint_bytes=245760 ns_per_lookup=58.31
E7RESULT name=e128 arm=xdev_111 entry_bytes=111 keys=2048 round=4 slots=147 depth=2 nodes=15 footprint_bytes=245760 ns_per_lookup=58.24
E7RESULT name=e128 arm=xdev_111 entry_bytes=111 keys=32768 round=0 slots=147 depth=3 nodes=226 footprint_bytes=3702784 ns_per_lookup=88.32
E7RESULT name=e128 arm=xdev_111 entry_bytes=111 keys=32768 round=1 slots=147 depth=3 nodes=226 footprint_bytes=3702784 ns_per_lookup=88.25
E7RESULT name=e128 arm=xdev_111 entry_bytes=111 keys=32768 round=2 slots=147 depth=3 nodes=226 footprint_bytes=3702784 ns_per_lookup=88.29
E7RESULT name=e128 arm=xdev_111 entry_bytes=111 keys=32768 round=3 slots=147 depth=3 nodes=226 footprint_bytes=3702784 ns_per_lookup=88.40
E7RESULT name=e128 arm=xdev_111 entry_bytes=111 keys=32768 round=4 slots=147 depth=3 nodes=226 footprint_bytes=3702784 ns_per_lookup=88.31
E7RESULT name=e128 arm=xdev_111 entry_bytes=111 keys=524288 round=0 slots=147 depth=3 nodes=3593 footprint_bytes=58867712 ns_per_lookup=128.29
E7RESULT name=e128 arm=xdev_111 entry_bytes=111 keys=524288 round=1 slots=147 depth=3 nodes=3593 footprint_bytes=58867712 ns_per_lookup=128.08
E7RESULT name=e128 arm=xdev_111 entry_bytes=111 keys=524288 round=2 slots=147 depth=3 nodes=3593 footprint_bytes=58867712 ns_per_lookup=127.95
E7RESULT name=e128 arm=xdev_111 entry_bytes=111 keys=524288 round=3 slots=147 depth=3 nodes=3593 footprint_bytes=58867712 ns_per_lookup=128.10
E7RESULT name=e128 arm=xdev_111 entry_bytes=111 keys=524288 round=4 slots=147 depth=3 nodes=3593 footprint_bytes=58867712 ns_per_lookup=128.28
E7RESULT name=e128 arm=xdev_111 entry_bytes=111 keys=8388608 round=0 slots=147 depth=4 nodes=57459 footprint_bytes=941408256 ns_per_lookup=579.87
E7RESULT name=e128 arm=xdev_111 entry_bytes=111 keys=8388608 round=1 slots=147 depth=4 nodes=57459 footprint_bytes=941408256 ns_per_lookup=581.74
E7RESULT name=e128 arm=xdev_111 entry_bytes=111 keys=8388608 round=2 slots=147 depth=4 nodes=57459 footprint_bytes=941408256 ns_per_lookup=582.06
E7RESULT name=e128 arm=xdev_111 entry_bytes=111 keys=8388608 round=3 slots=147 depth=4 nodes=57459 footprint_bytes=941408256 ns_per_lookup=577.91
E7RESULT name=e128 arm=xdev_111 entry_bytes=111 keys=8388608 round=4 slots=147 depth=4 nodes=57459 footprint_bytes=941408256 ns_per_lookup=573.71
E7RESULT name=xdev entry_bytes=67 e20_ref=466.99 e128_median=489.98 deviation=0.0492 tol=0.15 ok=true
E7RESULT name=xdev entry_bytes=111 e20_ref=547.50 e128_median=579.87 deviation=0.0591 tol=0.15 ok=true
E7RESULT name=verdict pair=inode bing_median=612.09 jia_median=667.30 ratio_median=1.0885 ratio_min=1.0283 ratio_max=1.1017 rounds_jia_slower=5/5 verdict=jia_slower_every_round
E7RESULT name=verdict pair=ledger bing_median=563.89 jia_median=585.11 ratio_median=1.0357 ratio_min=1.0202 ratio_max=1.0641 rounds_jia_slower=5/5 verdict=jia_slower_every_round
E7RESULT name=done emitted=134
