E7RESULT name=config iters=2000000 rounds=5 inner=3 node_bytes=16384 node_hdr=64
E7RESULT name=derived arm=bing child_ptr=59 inode_entry=93 ledger_entry=81 root_record=194 tree_entry=121
E7RESULT name=derived arm=jia child_ptr=75 inode_entry=109 ledger_entry=97 root_record=226 tree_entry=137
E7RESULT name=poscontrol arm=inode_bing entry_bytes=93 slots=175 depth_small=2 depth_big=4 ns_small=14214867 ns_big=148523676 ratio=10.45 ok=true
E7RESULT name=poscontrol arm=inode_jia entry_bytes=109 slots=149 depth_small=2 depth_big=4 ns_small=14083896 ns_big=142740802 ratio=10.14 ok=true
E7RESULT name=poscontrol arm=ledger_bing entry_bytes=81 slots=201 depth_small=2 depth_big=4 ns_small=14443408 ns_big=140322822 ratio=9.72 ok=true
E7RESULT name=poscontrol arm=ledger_jia entry_bytes=97 slots=168 depth_small=2 depth_big=4 ns_small=14334058 ns_big=145024811 ratio=10.12 ok=true
E7RESULT name=poscontrol arm=xdev_67 entry_bytes=67 slots=243 depth_small=2 depth_big=3 ns_small=14901300 ns_big=116356445 ratio=7.81 ok=true
E7RESULT name=poscontrol arm=xdev_111 entry_bytes=111 slots=147 depth_small=2 depth_big=4 ns_small=14201836 ns_big=140291731 ratio=9.88 ok=true
E7RESULT name=e128 arm=inode_bing entry_bytes=93 keys=2048 round=0 slots=175 depth=2 nodes=13 footprint_bytes=212992 ns_per_lookup=57.42
E7RESULT name=e128 arm=inode_bing entry_bytes=93 keys=2048 round=1 slots=175 depth=2 nodes=13 footprint_bytes=212992 ns_per_lookup=57.51
E7RESULT name=e128 arm=inode_bing entry_bytes=93 keys=2048 round=2 slots=175 depth=2 nodes=13 footprint_bytes=212992 ns_per_lookup=57.41
E7RESULT name=e128 arm=inode_bing entry_bytes=93 keys=2048 round=3 slots=175 depth=2 nodes=13 footprint_bytes=212992 ns_per_lookup=57.42
E7RESULT name=e128 arm=inode_bing entry_bytes=93 keys=2048 round=4 slots=175 depth=2 nodes=13 footprint_bytes=212992 ns_per_lookup=57.47
E7RESULT name=e128 arm=inode_bing entry_bytes=93 keys=32768 round=0 slots=175 depth=3 nodes=191 footprint_bytes=3129344 ns_per_lookup=92.16
E7RESULT name=e128 arm=inode_bing entry_bytes=93 keys=32768 round=1 slots=175 depth=3 nodes=191 footprint_bytes=3129344 ns_per_lookup=93.12
E7RESULT name=e128 arm=inode_bing entry_bytes=93 keys=32768 round=2 slots=175 depth=3 nodes=191 footprint_bytes=3129344 ns_per_lookup=91.87
E7RESULT name=e128 arm=inode_bing entry_bytes=93 keys=32768 round=3 slots=175 depth=3 nodes=191 footprint_bytes=3129344 ns_per_lookup=91.96
E7RESULT name=e128 arm=inode_bing entry_bytes=93 keys=32768 round=4 slots=175 depth=3 nodes=191 footprint_bytes=3129344 ns_per_lookup=91.92
E7RESULT name=e128 arm=inode_bing entry_bytes=93 keys=524288 round=0 slots=175 depth=3 nodes=3015 footprint_bytes=49397760 ns_per_lookup=130.18
E7RESULT name=e128 arm=inode_bing entry_bytes=93 keys=524288 round=1 slots=175 depth=3 nodes=3015 footprint_bytes=49397760 ns_per_lookup=130.20
E7RESULT name=e128 arm=inode_bing entry_bytes=93 keys=524288 round=2 slots=175 depth=3 nodes=3015 footprint_bytes=49397760 ns_per_lookup=130.21
E7RESULT name=e128 arm=inode_bing entry_bytes=93 keys=524288 round=3 slots=175 depth=3 nodes=3015 footprint_bytes=49397760 ns_per_lookup=130.16
E7RESULT name=e128 arm=inode_bing entry_bytes=93 keys=524288 round=4 slots=175 depth=3 nodes=3015 footprint_bytes=49397760 ns_per_lookup=130.73
E7RESULT name=e128 arm=inode_bing entry_bytes=93 keys=8388608 round=0 slots=175 depth=4 nodes=48212 footprint_bytes=789905408 ns_per_lookup=586.35
E7RESULT name=e128 arm=inode_bing entry_bytes=93 keys=8388608 round=1 slots=175 depth=4 nodes=48212 footprint_bytes=789905408 ns_per_lookup=586.75
E7RESULT name=e128 arm=inode_bing entry_bytes=93 keys=8388608 round=2 slots=175 depth=4 nodes=48212 footprint_bytes=789905408 ns_per_lookup=587.44
E7RESULT name=e128 arm=inode_bing entry_bytes=93 keys=8388608 round=3 slots=175 depth=4 nodes=48212 footprint_bytes=789905408 ns_per_lookup=586.89
E7RESULT name=e128 arm=inode_bing entry_bytes=93 keys=8388608 round=4 slots=175 depth=4 nodes=48212 footprint_bytes=789905408 ns_per_lookup=587.45
E7RESULT name=e128 arm=inode_jia entry_bytes=109 keys=2048 round=0 slots=149 depth=2 nodes=15 footprint_bytes=245760 ns_per_lookup=56.93
E7RESULT name=e128 arm=inode_jia entry_bytes=109 keys=2048 round=1 slots=149 depth=2 nodes=15 footprint_bytes=245760 ns_per_lookup=56.99
E7RESULT name=e128 arm=inode_jia entry_bytes=109 keys=2048 round=2 slots=149 depth=2 nodes=15 footprint_bytes=245760 ns_per_lookup=56.99
E7RESULT name=e128 arm=inode_jia entry_bytes=109 keys=2048 round=3 slots=149 depth=2 nodes=15 footprint_bytes=245760 ns_per_lookup=56.96
E7RESULT name=e128 arm=inode_jia entry_bytes=109 keys=2048 round=4 slots=149 depth=2 nodes=15 footprint_bytes=245760 ns_per_lookup=57.05
E7RESULT name=e128 arm=inode_jia entry_bytes=109 keys=32768 round=0 slots=149 depth=3 nodes=223 footprint_bytes=3653632 ns_per_lookup=87.89
E7RESULT name=e128 arm=inode_jia entry_bytes=109 keys=32768 round=1 slots=149 depth=3 nodes=223 footprint_bytes=3653632 ns_per_lookup=87.54
E7RESULT name=e128 arm=inode_jia entry_bytes=109 keys=32768 round=2 slots=149 depth=3 nodes=223 footprint_bytes=3653632 ns_per_lookup=87.64
E7RESULT name=e128 arm=inode_jia entry_bytes=109 keys=32768 round=3 slots=149 depth=3 nodes=223 footprint_bytes=3653632 ns_per_lookup=87.61
E7RESULT name=e128 arm=inode_jia entry_bytes=109 keys=32768 round=4 slots=149 depth=3 nodes=223 footprint_bytes=3653632 ns_per_lookup=87.66
E7RESULT name=e128 arm=inode_jia entry_bytes=109 keys=524288 round=0 slots=149 depth=3 nodes=3544 footprint_bytes=58064896 ns_per_lookup=126.62
E7RESULT name=e128 arm=inode_jia entry_bytes=109 keys=524288 round=1 slots=149 depth=3 nodes=3544 footprint_bytes=58064896 ns_per_lookup=125.18
E7RESULT name=e128 arm=inode_jia entry_bytes=109 keys=524288 round=2 slots=149 depth=3 nodes=3544 footprint_bytes=58064896 ns_per_lookup=125.24
E7RESULT name=e128 arm=inode_jia entry_bytes=109 keys=524288 round=3 slots=149 depth=3 nodes=3544 footprint_bytes=58064896 ns_per_lookup=125.25
E7RESULT name=e128 arm=inode_jia entry_bytes=109 keys=524288 round=4 slots=149 depth=3 nodes=3544 footprint_bytes=58064896 ns_per_lookup=125.19
E7RESULT name=e128 arm=inode_jia entry_bytes=109 keys=8388608 round=0 slots=149 depth=4 nodes=56682 footprint_bytes=928677888 ns_per_lookup=572.91
E7RESULT name=e128 arm=inode_jia entry_bytes=109 keys=8388608 round=1 slots=149 depth=4 nodes=56682 footprint_bytes=928677888 ns_per_lookup=573.23
E7RESULT name=e128 arm=inode_jia entry_bytes=109 keys=8388608 round=2 slots=149 depth=4 nodes=56682 footprint_bytes=928677888 ns_per_lookup=572.75
E7RESULT name=e128 arm=inode_jia entry_bytes=109 keys=8388608 round=3 slots=149 depth=4 nodes=56682 footprint_bytes=928677888 ns_per_lookup=572.95
E7RESULT name=e128 arm=inode_jia entry_bytes=109 keys=8388608 round=4 slots=149 depth=4 nodes=56682 footprint_bytes=928677888 ns_per_lookup=573.60
E7RESULT name=e128 arm=ledger_bing entry_bytes=81 keys=2048 round=0 slots=201 depth=2 nodes=12 footprint_bytes=196608 ns_per_lookup=58.41
E7RESULT name=e128 arm=ledger_bing entry_bytes=81 keys=2048 round=1 slots=201 depth=2 nodes=12 footprint_bytes=196608 ns_per_lookup=58.42
E7RESULT name=e128 arm=ledger_bing entry_bytes=81 keys=2048 round=2 slots=201 depth=2 nodes=12 footprint_bytes=196608 ns_per_lookup=58.43
E7RESULT name=e128 arm=ledger_bing entry_bytes=81 keys=2048 round=3 slots=201 depth=2 nodes=12 footprint_bytes=196608 ns_per_lookup=58.43
E7RESULT name=e128 arm=ledger_bing entry_bytes=81 keys=2048 round=4 slots=201 depth=2 nodes=12 footprint_bytes=196608 ns_per_lookup=58.48
E7RESULT name=e128 arm=ledger_bing entry_bytes=81 keys=32768 round=0 slots=201 depth=2 nodes=165 footprint_bytes=2703360 ns_per_lookup=78.31
E7RESULT name=e128 arm=ledger_bing entry_bytes=81 keys=32768 round=1 slots=201 depth=2 nodes=165 footprint_bytes=2703360 ns_per_lookup=78.49
E7RESULT name=e128 arm=ledger_bing entry_bytes=81 keys=32768 round=2 slots=201 depth=2 nodes=165 footprint_bytes=2703360 ns_per_lookup=78.47
E7RESULT name=e128 arm=ledger_bing entry_bytes=81 keys=32768 round=3 slots=201 depth=2 nodes=165 footprint_bytes=2703360 ns_per_lookup=78.49
E7RESULT name=e128 arm=ledger_bing entry_bytes=81 keys=32768 round=4 slots=201 depth=2 nodes=165 footprint_bytes=2703360 ns_per_lookup=78.48
E7RESULT name=e128 arm=ledger_bing entry_bytes=81 keys=524288 round=0 slots=201 depth=3 nodes=2623 footprint_bytes=42975232 ns_per_lookup=131.44
E7RESULT name=e128 arm=ledger_bing entry_bytes=81 keys=524288 round=1 slots=201 depth=3 nodes=2623 footprint_bytes=42975232 ns_per_lookup=131.31
E7RESULT name=e128 arm=ledger_bing entry_bytes=81 keys=524288 round=2 slots=201 depth=3 nodes=2623 footprint_bytes=42975232 ns_per_lookup=131.37
E7RESULT name=e128 arm=ledger_bing entry_bytes=81 keys=524288 round=3 slots=201 depth=3 nodes=2623 footprint_bytes=42975232 ns_per_lookup=132.78
E7RESULT name=e128 arm=ledger_bing entry_bytes=81 keys=524288 round=4 slots=201 depth=3 nodes=2623 footprint_bytes=42975232 ns_per_lookup=132.81
E7RESULT name=e128 arm=ledger_bing entry_bytes=81 keys=8388608 round=0 slots=201 depth=4 nodes=41946 footprint_bytes=687243264 ns_per_lookup=560.66
E7RESULT name=e128 arm=ledger_bing entry_bytes=81 keys=8388608 round=1 slots=201 depth=4 nodes=41946 footprint_bytes=687243264 ns_per_lookup=560.64
E7RESULT name=e128 arm=ledger_bing entry_bytes=81 keys=8388608 round=2 slots=201 depth=4 nodes=41946 footprint_bytes=687243264 ns_per_lookup=564.19
E7RESULT name=e128 arm=ledger_bing entry_bytes=81 keys=8388608 round=3 slots=201 depth=4 nodes=41946 footprint_bytes=687243264 ns_per_lookup=562.78
E7RESULT name=e128 arm=ledger_bing entry_bytes=81 keys=8388608 round=4 slots=201 depth=4 nodes=41946 footprint_bytes=687243264 ns_per_lookup=563.03
E7RESULT name=e128 arm=ledger_jia entry_bytes=97 keys=2048 round=0 slots=168 depth=2 nodes=14 footprint_bytes=229376 ns_per_lookup=57.46
E7RESULT name=e128 arm=ledger_jia entry_bytes=97 keys=2048 round=1 slots=168 depth=2 nodes=14 footprint_bytes=229376 ns_per_lookup=57.55
E7RESULT name=e128 arm=ledger_jia entry_bytes=97 keys=2048 round=2 slots=168 depth=2 nodes=14 footprint_bytes=229376 ns_per_lookup=57.60
E7RESULT name=e128 arm=ledger_jia entry_bytes=97 keys=2048 round=3 slots=168 depth=2 nodes=14 footprint_bytes=229376 ns_per_lookup=57.50
E7RESULT name=e128 arm=ledger_jia entry_bytes=97 keys=2048 round=4 slots=168 depth=2 nodes=14 footprint_bytes=229376 ns_per_lookup=57.58
E7RESULT name=e128 arm=ledger_jia entry_bytes=97 keys=32768 round=0 slots=168 depth=3 nodes=199 footprint_bytes=3260416 ns_per_lookup=87.26
E7RESULT name=e128 arm=ledger_jia entry_bytes=97 keys=32768 round=1 slots=168 depth=3 nodes=199 footprint_bytes=3260416 ns_per_lookup=87.26
E7RESULT name=e128 arm=ledger_jia entry_bytes=97 keys=32768 round=2 slots=168 depth=3 nodes=199 footprint_bytes=3260416 ns_per_lookup=87.18
E7RESULT name=e128 arm=ledger_jia entry_bytes=97 keys=32768 round=3 slots=168 depth=3 nodes=199 footprint_bytes=3260416 ns_per_lookup=87.23
E7RESULT name=e128 arm=ledger_jia entry_bytes=97 keys=32768 round=4 slots=168 depth=3 nodes=199 footprint_bytes=3260416 ns_per_lookup=87.25
E7RESULT name=e128 arm=ledger_jia entry_bytes=97 keys=524288 round=0 slots=168 depth=3 nodes=3141 footprint_bytes=51462144 ns_per_lookup=126.60
E7RESULT name=e128 arm=ledger_jia entry_bytes=97 keys=524288 round=1 slots=168 depth=3 nodes=3141 footprint_bytes=51462144 ns_per_lookup=127.85
E7RESULT name=e128 arm=ledger_jia entry_bytes=97 keys=524288 round=2 slots=168 depth=3 nodes=3141 footprint_bytes=51462144 ns_per_lookup=127.82
E7RESULT name=e128 arm=ledger_jia entry_bytes=97 keys=524288 round=3 slots=168 depth=3 nodes=3141 footprint_bytes=51462144 ns_per_lookup=127.88
E7RESULT name=e128 arm=ledger_jia entry_bytes=97 keys=524288 round=4 slots=168 depth=3 nodes=3141 footprint_bytes=51462144 ns_per_lookup=127.84
E7RESULT name=e128 arm=ledger_jia entry_bytes=97 keys=8388608 round=0 slots=168 depth=4 nodes=50234 footprint_bytes=823033856 ns_per_lookup=582.45
E7RESULT name=e128 arm=ledger_jia entry_bytes=97 keys=8388608 round=1 slots=168 depth=4 nodes=50234 footprint_bytes=823033856 ns_per_lookup=571.96
E7RESULT name=e128 arm=ledger_jia entry_bytes=97 keys=8388608 round=2 slots=168 depth=4 nodes=50234 footprint_bytes=823033856 ns_per_lookup=572.80
E7RESULT name=e128 arm=ledger_jia entry_bytes=97 keys=8388608 round=3 slots=168 depth=4 nodes=50234 footprint_bytes=823033856 ns_per_lookup=574.61
E7RESULT name=e128 arm=ledger_jia entry_bytes=97 keys=8388608 round=4 slots=168 depth=4 nodes=50234 footprint_bytes=823033856 ns_per_lookup=582.35
E7RESULT name=e128 arm=xdev_67 entry_bytes=67 keys=2048 round=0 slots=243 depth=2 nodes=10 footprint_bytes=163840 ns_per_lookup=59.86
E7RESULT name=e128 arm=xdev_67 entry_bytes=67 keys=2048 round=1 slots=243 depth=2 nodes=10 footprint_bytes=163840 ns_per_lookup=59.88
E7RESULT name=e128 arm=xdev_67 entry_bytes=67 keys=2048 round=2 slots=243 depth=2 nodes=10 footprint_bytes=163840 ns_per_lookup=59.92
E7RESULT name=e128 arm=xdev_67 entry_bytes=67 keys=2048 round=3 slots=243 depth=2 nodes=10 footprint_bytes=163840 ns_per_lookup=59.97
E7RESULT name=e128 arm=xdev_67 entry_bytes=67 keys=2048 round=4 slots=243 depth=2 nodes=10 footprint_bytes=163840 ns_per_lookup=59.98
E7RESULT name=e128 arm=xdev_67 entry_bytes=67 keys=32768 round=0 slots=243 depth=2 nodes=136 footprint_bytes=2228224 ns_per_lookup=79.34
E7RESULT name=e128 arm=xdev_67 entry_bytes=67 keys=32768 round=1 slots=243 depth=2 nodes=136 footprint_bytes=2228224 ns_per_lookup=79.53
E7RESULT name=e128 arm=xdev_67 entry_bytes=67 keys=32768 round=2 slots=243 depth=2 nodes=136 footprint_bytes=2228224 ns_per_lookup=79.53
E7RESULT name=e128 arm=xdev_67 entry_bytes=67 keys=32768 round=3 slots=243 depth=2 nodes=136 footprint_bytes=2228224 ns_per_lookup=79.66
E7RESULT name=e128 arm=xdev_67 entry_bytes=67 keys=32768 round=4 slots=243 depth=2 nodes=136 footprint_bytes=2228224 ns_per_lookup=79.57
E7RESULT name=e128 arm=xdev_67 entry_bytes=67 keys=524288 round=0 slots=243 depth=3 nodes=2168 footprint_bytes=35520512 ns_per_lookup=140.01
E7RESULT name=e128 arm=xdev_67 entry_bytes=67 keys=524288 round=1 slots=243 depth=3 nodes=2168 footprint_bytes=35520512 ns_per_lookup=139.90
E7RESULT name=e128 arm=xdev_67 entry_bytes=67 keys=524288 round=2 slots=243 depth=3 nodes=2168 footprint_bytes=35520512 ns_per_lookup=139.87
E7RESULT name=e128 arm=xdev_67 entry_bytes=67 keys=524288 round=3 slots=243 depth=3 nodes=2168 footprint_bytes=35520512 ns_per_lookup=139.75
E7RESULT name=e128 arm=xdev_67 entry_bytes=67 keys=524288 round=4 slots=243 depth=3 nodes=2168 footprint_bytes=35520512 ns_per_lookup=139.80
E7RESULT name=e128 arm=xdev_67 entry_bytes=67 keys=8388608 round=0 slots=243 depth=3 nodes=34666 footprint_bytes=567967744 ns_per_lookup=466.85
E7RESULT name=e128 arm=xdev_67 entry_bytes=67 keys=8388608 round=1 slots=243 depth=3 nodes=34666 footprint_bytes=567967744 ns_per_lookup=465.86
E7RESULT name=e128 arm=xdev_67 entry_bytes=67 keys=8388608 round=2 slots=243 depth=3 nodes=34666 footprint_bytes=567967744 ns_per_lookup=466.02
E7RESULT name=e128 arm=xdev_67 entry_bytes=67 keys=8388608 round=3 slots=243 depth=3 nodes=34666 footprint_bytes=567967744 ns_per_lookup=466.10
E7RESULT name=e128 arm=xdev_67 entry_bytes=67 keys=8388608 round=4 slots=243 depth=3 nodes=34666 footprint_bytes=567967744 ns_per_lookup=465.22
E7RESULT name=e128 arm=xdev_111 entry_bytes=111 keys=2048 round=0 slots=147 depth=2 nodes=15 footprint_bytes=245760 ns_per_lookup=57.16
E7RESULT name=e128 arm=xdev_111 entry_bytes=111 keys=2048 round=1 slots=147 depth=2 nodes=15 footprint_bytes=245760 ns_per_lookup=57.20
E7RESULT name=e128 arm=xdev_111 entry_bytes=111 keys=2048 round=2 slots=147 depth=2 nodes=15 footprint_bytes=245760 ns_per_lookup=57.19
E7RESULT name=e128 arm=xdev_111 entry_bytes=111 keys=2048 round=3 slots=147 depth=2 nodes=15 footprint_bytes=245760 ns_per_lookup=57.09
E7RESULT name=e128 arm=xdev_111 entry_bytes=111 keys=2048 round=4 slots=147 depth=2 nodes=15 footprint_bytes=245760 ns_per_lookup=57.03
E7RESULT name=e128 arm=xdev_111 entry_bytes=111 keys=32768 round=0 slots=147 depth=3 nodes=226 footprint_bytes=3702784 ns_per_lookup=86.71
E7RESULT name=e128 arm=xdev_111 entry_bytes=111 keys=32768 round=1 slots=147 depth=3 nodes=226 footprint_bytes=3702784 ns_per_lookup=86.68
E7RESULT name=e128 arm=xdev_111 entry_bytes=111 keys=32768 round=2 slots=147 depth=3 nodes=226 footprint_bytes=3702784 ns_per_lookup=86.95
E7RESULT name=e128 arm=xdev_111 entry_bytes=111 keys=32768 round=3 slots=147 depth=3 nodes=226 footprint_bytes=3702784 ns_per_lookup=86.92
E7RESULT name=e128 arm=xdev_111 entry_bytes=111 keys=32768 round=4 slots=147 depth=3 nodes=226 footprint_bytes=3702784 ns_per_lookup=86.90
E7RESULT name=e128 arm=xdev_111 entry_bytes=111 keys=524288 round=0 slots=147 depth=3 nodes=3593 footprint_bytes=58867712 ns_per_lookup=125.64
E7RESULT name=e128 arm=xdev_111 entry_bytes=111 keys=524288 round=1 slots=147 depth=3 nodes=3593 footprint_bytes=58867712 ns_per_lookup=125.50
E7RESULT name=e128 arm=xdev_111 entry_bytes=111 keys=524288 round=2 slots=147 depth=3 nodes=3593 footprint_bytes=58867712 ns_per_lookup=125.55
E7RESULT name=e128 arm=xdev_111 entry_bytes=111 keys=524288 round=3 slots=147 depth=3 nodes=3593 footprint_bytes=58867712 ns_per_lookup=125.44
E7RESULT name=e128 arm=xdev_111 entry_bytes=111 keys=524288 round=4 slots=147 depth=3 nodes=3593 footprint_bytes=58867712 ns_per_lookup=125.47
E7RESULT name=e128 arm=xdev_111 entry_bytes=111 keys=8388608 round=0 slots=147 depth=4 nodes=57459 footprint_bytes=941408256 ns_per_lookup=554.35
E7RESULT name=e128 arm=xdev_111 entry_bytes=111 keys=8388608 round=1 slots=147 depth=4 nodes=57459 footprint_bytes=941408256 ns_per_lookup=555.26
E7RESULT name=e128 arm=xdev_111 entry_bytes=111 keys=8388608 round=2 slots=147 depth=4 nodes=57459 footprint_bytes=941408256 ns_per_lookup=555.69
E7RESULT name=e128 arm=xdev_111 entry_bytes=111 keys=8388608 round=3 slots=147 depth=4 nodes=57459 footprint_bytes=941408256 ns_per_lookup=554.90
E7RESULT name=e128 arm=xdev_111 entry_bytes=111 keys=8388608 round=4 slots=147 depth=4 nodes=57459 footprint_bytes=941408256 ns_per_lookup=555.31
E7RESULT name=xdev entry_bytes=67 e20_ref=466.99 e128_median=466.02 deviation=0.0021 tol=0.15 ok=true
E7RESULT name=xdev entry_bytes=111 e20_ref=547.50 e128_median=555.26 deviation=0.0142 tol=0.15 ok=true
E7RESULT name=verdict pair=inode bing_median=586.89 jia_median=572.95 ratio_median=0.9764 ratio_min=0.9750 ratio_max=0.9771 rounds_jia_slower=0/5 verdict=jia_never_slower
E7RESULT name=verdict pair=ledger bing_median=562.78 jia_median=574.61 ratio_median=1.0210 ratio_min=1.0153 ratio_max=1.0389 rounds_jia_slower=5/5 verdict=jia_slower_every_round
E7RESULT name=done emitted=134
