E130 每头一份 livelist 过不过 D6 判据 5「有界销毁」
判据写死在 research/prompts/e130-preregistration.md（写于本装置之前）
常量：UNIT_BYTES=32768 ALLOC_REC_BYTES=30 LIVELIST_ENTRY_BYTES=24 BATCH_K=4096
E7RESULT name=naive n=1024 churn=0 share=0.0 entries=1024 net_alloc=1024 worst_batch_bytes=221184 pre_reserve_bytes=33554432 true_pending_bytes=33554432 overestimate=1.0000 destroy_reads=1024 free_path_extra_bytes=24
E7RESULT name=naive n=1024 churn=1 share=0.0 entries=3072 net_alloc=1024 worst_batch_bytes=221184 pre_reserve_bytes=67108864 true_pending_bytes=33554432 overestimate=2.0000 destroy_reads=3072 free_path_extra_bytes=24
E7RESULT name=naive n=1024 churn=4 share=0.0 entries=9216 net_alloc=1024 worst_batch_bytes=221184 pre_reserve_bytes=167772160 true_pending_bytes=33554432 overestimate=5.0000 destroy_reads=9216 free_path_extra_bytes=24
E7RESULT name=naive n=1024 churn=16 share=0.0 entries=33792 net_alloc=1024 worst_batch_bytes=221184 pre_reserve_bytes=570425344 true_pending_bytes=33554432 overestimate=17.0000 destroy_reads=33792 free_path_extra_bytes=24
E7RESULT name=naive n=8192 churn=0 share=0.0 entries=8192 net_alloc=8192 worst_batch_bytes=221184 pre_reserve_bytes=268435456 true_pending_bytes=268435456 overestimate=1.0000 destroy_reads=8192 free_path_extra_bytes=24
E7RESULT name=naive n=8192 churn=1 share=0.0 entries=24576 net_alloc=8192 worst_batch_bytes=221184 pre_reserve_bytes=536870912 true_pending_bytes=268435456 overestimate=2.0000 destroy_reads=24576 free_path_extra_bytes=24
E7RESULT name=naive n=8192 churn=4 share=0.0 entries=73728 net_alloc=8192 worst_batch_bytes=221184 pre_reserve_bytes=1342177280 true_pending_bytes=268435456 overestimate=5.0000 destroy_reads=73728 free_path_extra_bytes=24
E7RESULT name=naive n=8192 churn=16 share=0.0 entries=270336 net_alloc=8192 worst_batch_bytes=221184 pre_reserve_bytes=4563402752 true_pending_bytes=268435456 overestimate=17.0000 destroy_reads=270336 free_path_extra_bytes=24
E7RESULT name=naive n=65536 churn=0 share=0.0 entries=65536 net_alloc=65536 worst_batch_bytes=221184 pre_reserve_bytes=2147483648 true_pending_bytes=2147483648 overestimate=1.0000 destroy_reads=65536 free_path_extra_bytes=24
E7RESULT name=naive n=65536 churn=1 share=0.0 entries=196608 net_alloc=65536 worst_batch_bytes=221184 pre_reserve_bytes=4294967296 true_pending_bytes=2147483648 overestimate=2.0000 destroy_reads=196608 free_path_extra_bytes=24
E7RESULT name=naive n=65536 churn=4 share=0.0 entries=589824 net_alloc=65536 worst_batch_bytes=221184 pre_reserve_bytes=10737418240 true_pending_bytes=2147483648 overestimate=5.0000 destroy_reads=589824 free_path_extra_bytes=24
E7RESULT name=naive n=65536 churn=16 share=0.0 entries=2162688 net_alloc=65536 worst_batch_bytes=221184 pre_reserve_bytes=36507222016 true_pending_bytes=2147483648 overestimate=17.0000 destroy_reads=2162688 free_path_extra_bytes=24
E7RESULT name=naive n=1024 churn=0 share=0.7 entries=307 net_alloc=307 worst_batch_bytes=221184 pre_reserve_bytes=10059776 true_pending_bytes=10059776 overestimate=1.0000 destroy_reads=307 free_path_extra_bytes=24
E7RESULT name=naive n=1024 churn=1 share=0.7 entries=921 net_alloc=307 worst_batch_bytes=221184 pre_reserve_bytes=20119552 true_pending_bytes=10059776 overestimate=2.0000 destroy_reads=921 free_path_extra_bytes=24
E7RESULT name=naive n=1024 churn=4 share=0.7 entries=2763 net_alloc=307 worst_batch_bytes=221184 pre_reserve_bytes=50298880 true_pending_bytes=10059776 overestimate=5.0000 destroy_reads=2763 free_path_extra_bytes=24
E7RESULT name=naive n=1024 churn=16 share=0.7 entries=10131 net_alloc=307 worst_batch_bytes=221184 pre_reserve_bytes=171016192 true_pending_bytes=10059776 overestimate=17.0000 destroy_reads=10131 free_path_extra_bytes=24
E7RESULT name=naive n=8192 churn=0 share=0.7 entries=2458 net_alloc=2458 worst_batch_bytes=221184 pre_reserve_bytes=80543744 true_pending_bytes=80543744 overestimate=1.0000 destroy_reads=2458 free_path_extra_bytes=24
E7RESULT name=naive n=8192 churn=1 share=0.7 entries=7374 net_alloc=2458 worst_batch_bytes=221184 pre_reserve_bytes=161087488 true_pending_bytes=80543744 overestimate=2.0000 destroy_reads=7374 free_path_extra_bytes=24
E7RESULT name=naive n=8192 churn=4 share=0.7 entries=22122 net_alloc=2458 worst_batch_bytes=221184 pre_reserve_bytes=402718720 true_pending_bytes=80543744 overestimate=5.0000 destroy_reads=22122 free_path_extra_bytes=24
E7RESULT name=naive n=8192 churn=16 share=0.7 entries=81114 net_alloc=2458 worst_batch_bytes=221184 pre_reserve_bytes=1369243648 true_pending_bytes=80543744 overestimate=17.0000 destroy_reads=81114 free_path_extra_bytes=24
E7RESULT name=naive n=65536 churn=0 share=0.7 entries=19661 net_alloc=19661 worst_batch_bytes=221184 pre_reserve_bytes=644251648 true_pending_bytes=644251648 overestimate=1.0000 destroy_reads=19661 free_path_extra_bytes=24
E7RESULT name=naive n=65536 churn=1 share=0.7 entries=58983 net_alloc=19661 worst_batch_bytes=221184 pre_reserve_bytes=1288503296 true_pending_bytes=644251648 overestimate=2.0000 destroy_reads=58983 free_path_extra_bytes=24
E7RESULT name=naive n=65536 churn=4 share=0.7 entries=176949 net_alloc=19661 worst_batch_bytes=221184 pre_reserve_bytes=3221258240 true_pending_bytes=644251648 overestimate=5.0000 destroy_reads=176949 free_path_extra_bytes=24
E7RESULT name=naive n=65536 churn=16 share=0.7 entries=648813 net_alloc=19661 worst_batch_bytes=221184 pre_reserve_bytes=10952278016 true_pending_bytes=644251648 overestimate=17.0000 destroy_reads=648813 free_path_extra_bytes=24
E7RESULT name=condense n=1024 churn=0 share=0.0 entries=1024 net_alloc=1024 worst_batch_bytes=221184 pre_reserve_bytes=33554432 true_pending_bytes=33554432 overestimate=1.0000 destroy_reads=1024 free_path_extra_bytes=24
E7RESULT name=condense n=1024 churn=1 share=0.0 entries=1024 net_alloc=1024 worst_batch_bytes=221184 pre_reserve_bytes=33554432 true_pending_bytes=33554432 overestimate=1.0000 destroy_reads=1024 free_path_extra_bytes=24
E7RESULT name=condense n=1024 churn=4 share=0.0 entries=1024 net_alloc=1024 worst_batch_bytes=221184 pre_reserve_bytes=33554432 true_pending_bytes=33554432 overestimate=1.0000 destroy_reads=1024 free_path_extra_bytes=24
E7RESULT name=condense n=1024 churn=16 share=0.0 entries=1024 net_alloc=1024 worst_batch_bytes=221184 pre_reserve_bytes=33554432 true_pending_bytes=33554432 overestimate=1.0000 destroy_reads=1024 free_path_extra_bytes=24
E7RESULT name=condense n=8192 churn=0 share=0.0 entries=8192 net_alloc=8192 worst_batch_bytes=221184 pre_reserve_bytes=268435456 true_pending_bytes=268435456 overestimate=1.0000 destroy_reads=8192 free_path_extra_bytes=24
E7RESULT name=condense n=8192 churn=1 share=0.0 entries=8192 net_alloc=8192 worst_batch_bytes=221184 pre_reserve_bytes=268435456 true_pending_bytes=268435456 overestimate=1.0000 destroy_reads=8192 free_path_extra_bytes=24
E7RESULT name=condense n=8192 churn=4 share=0.0 entries=8192 net_alloc=8192 worst_batch_bytes=221184 pre_reserve_bytes=268435456 true_pending_bytes=268435456 overestimate=1.0000 destroy_reads=8192 free_path_extra_bytes=24
E7RESULT name=condense n=8192 churn=16 share=0.0 entries=8192 net_alloc=8192 worst_batch_bytes=221184 pre_reserve_bytes=268435456 true_pending_bytes=268435456 overestimate=1.0000 destroy_reads=8192 free_path_extra_bytes=24
E7RESULT name=condense n=65536 churn=0 share=0.0 entries=65536 net_alloc=65536 worst_batch_bytes=221184 pre_reserve_bytes=2147483648 true_pending_bytes=2147483648 overestimate=1.0000 destroy_reads=65536 free_path_extra_bytes=24
E7RESULT name=condense n=65536 churn=1 share=0.0 entries=65536 net_alloc=65536 worst_batch_bytes=221184 pre_reserve_bytes=2147483648 true_pending_bytes=2147483648 overestimate=1.0000 destroy_reads=65536 free_path_extra_bytes=24
E7RESULT name=condense n=65536 churn=4 share=0.0 entries=65536 net_alloc=65536 worst_batch_bytes=221184 pre_reserve_bytes=2147483648 true_pending_bytes=2147483648 overestimate=1.0000 destroy_reads=65536 free_path_extra_bytes=24
E7RESULT name=condense n=65536 churn=16 share=0.0 entries=65536 net_alloc=65536 worst_batch_bytes=221184 pre_reserve_bytes=2147483648 true_pending_bytes=2147483648 overestimate=1.0000 destroy_reads=65536 free_path_extra_bytes=24
E7RESULT name=condense n=1024 churn=0 share=0.7 entries=307 net_alloc=307 worst_batch_bytes=221184 pre_reserve_bytes=10059776 true_pending_bytes=10059776 overestimate=1.0000 destroy_reads=307 free_path_extra_bytes=24
E7RESULT name=condense n=1024 churn=1 share=0.7 entries=307 net_alloc=307 worst_batch_bytes=221184 pre_reserve_bytes=10059776 true_pending_bytes=10059776 overestimate=1.0000 destroy_reads=307 free_path_extra_bytes=24
E7RESULT name=condense n=1024 churn=4 share=0.7 entries=307 net_alloc=307 worst_batch_bytes=221184 pre_reserve_bytes=10059776 true_pending_bytes=10059776 overestimate=1.0000 destroy_reads=307 free_path_extra_bytes=24
E7RESULT name=condense n=1024 churn=16 share=0.7 entries=307 net_alloc=307 worst_batch_bytes=221184 pre_reserve_bytes=10059776 true_pending_bytes=10059776 overestimate=1.0000 destroy_reads=307 free_path_extra_bytes=24
E7RESULT name=condense n=8192 churn=0 share=0.7 entries=2458 net_alloc=2458 worst_batch_bytes=221184 pre_reserve_bytes=80543744 true_pending_bytes=80543744 overestimate=1.0000 destroy_reads=2458 free_path_extra_bytes=24
E7RESULT name=condense n=8192 churn=1 share=0.7 entries=2458 net_alloc=2458 worst_batch_bytes=221184 pre_reserve_bytes=80543744 true_pending_bytes=80543744 overestimate=1.0000 destroy_reads=2458 free_path_extra_bytes=24
E7RESULT name=condense n=8192 churn=4 share=0.7 entries=2458 net_alloc=2458 worst_batch_bytes=221184 pre_reserve_bytes=80543744 true_pending_bytes=80543744 overestimate=1.0000 destroy_reads=2458 free_path_extra_bytes=24
E7RESULT name=condense n=8192 churn=16 share=0.7 entries=2458 net_alloc=2458 worst_batch_bytes=221184 pre_reserve_bytes=80543744 true_pending_bytes=80543744 overestimate=1.0000 destroy_reads=2458 free_path_extra_bytes=24
E7RESULT name=condense n=65536 churn=0 share=0.7 entries=19661 net_alloc=19661 worst_batch_bytes=221184 pre_reserve_bytes=644251648 true_pending_bytes=644251648 overestimate=1.0000 destroy_reads=19661 free_path_extra_bytes=24
E7RESULT name=condense n=65536 churn=1 share=0.7 entries=19661 net_alloc=19661 worst_batch_bytes=221184 pre_reserve_bytes=644251648 true_pending_bytes=644251648 overestimate=1.0000 destroy_reads=19661 free_path_extra_bytes=24
E7RESULT name=condense n=65536 churn=4 share=0.7 entries=19661 net_alloc=19661 worst_batch_bytes=221184 pre_reserve_bytes=644251648 true_pending_bytes=644251648 overestimate=1.0000 destroy_reads=19661 free_path_extra_bytes=24
E7RESULT name=condense n=65536 churn=16 share=0.7 entries=19661 net_alloc=19661 worst_batch_bytes=221184 pre_reserve_bytes=644251648 true_pending_bytes=644251648 overestimate=1.0000 destroy_reads=19661 free_path_extra_bytes=24
E7RESULT name=no_structure n=1024 churn=0 share=0.0 entries=0 net_alloc=1024 worst_batch_bytes=122880 pre_reserve_bytes=0 true_pending_bytes=33554432 overestimate=0.0000 destroy_reads=1024 free_path_extra_bytes=0
E7RESULT name=no_structure n=1024 churn=1 share=0.0 entries=0 net_alloc=1024 worst_batch_bytes=122880 pre_reserve_bytes=0 true_pending_bytes=33554432 overestimate=0.0000 destroy_reads=1024 free_path_extra_bytes=0
E7RESULT name=no_structure n=1024 churn=4 share=0.0 entries=0 net_alloc=1024 worst_batch_bytes=122880 pre_reserve_bytes=0 true_pending_bytes=33554432 overestimate=0.0000 destroy_reads=1024 free_path_extra_bytes=0
E7RESULT name=no_structure n=1024 churn=16 share=0.0 entries=0 net_alloc=1024 worst_batch_bytes=122880 pre_reserve_bytes=0 true_pending_bytes=33554432 overestimate=0.0000 destroy_reads=1024 free_path_extra_bytes=0
E7RESULT name=no_structure n=8192 churn=0 share=0.0 entries=0 net_alloc=8192 worst_batch_bytes=122880 pre_reserve_bytes=0 true_pending_bytes=268435456 overestimate=0.0000 destroy_reads=8192 free_path_extra_bytes=0
E7RESULT name=no_structure n=8192 churn=1 share=0.0 entries=0 net_alloc=8192 worst_batch_bytes=122880 pre_reserve_bytes=0 true_pending_bytes=268435456 overestimate=0.0000 destroy_reads=8192 free_path_extra_bytes=0
E7RESULT name=no_structure n=8192 churn=4 share=0.0 entries=0 net_alloc=8192 worst_batch_bytes=122880 pre_reserve_bytes=0 true_pending_bytes=268435456 overestimate=0.0000 destroy_reads=8192 free_path_extra_bytes=0
E7RESULT name=no_structure n=8192 churn=16 share=0.0 entries=0 net_alloc=8192 worst_batch_bytes=122880 pre_reserve_bytes=0 true_pending_bytes=268435456 overestimate=0.0000 destroy_reads=8192 free_path_extra_bytes=0
E7RESULT name=no_structure n=65536 churn=0 share=0.0 entries=0 net_alloc=65536 worst_batch_bytes=122880 pre_reserve_bytes=0 true_pending_bytes=2147483648 overestimate=0.0000 destroy_reads=65536 free_path_extra_bytes=0
E7RESULT name=no_structure n=65536 churn=1 share=0.0 entries=0 net_alloc=65536 worst_batch_bytes=122880 pre_reserve_bytes=0 true_pending_bytes=2147483648 overestimate=0.0000 destroy_reads=65536 free_path_extra_bytes=0
E7RESULT name=no_structure n=65536 churn=4 share=0.0 entries=0 net_alloc=65536 worst_batch_bytes=122880 pre_reserve_bytes=0 true_pending_bytes=2147483648 overestimate=0.0000 destroy_reads=65536 free_path_extra_bytes=0
E7RESULT name=no_structure n=65536 churn=16 share=0.0 entries=0 net_alloc=65536 worst_batch_bytes=122880 pre_reserve_bytes=0 true_pending_bytes=2147483648 overestimate=0.0000 destroy_reads=65536 free_path_extra_bytes=0
E7RESULT name=no_structure n=1024 churn=0 share=0.7 entries=0 net_alloc=307 worst_batch_bytes=122880 pre_reserve_bytes=0 true_pending_bytes=10059776 overestimate=0.0000 destroy_reads=1024 free_path_extra_bytes=0
E7RESULT name=no_structure n=1024 churn=1 share=0.7 entries=0 net_alloc=307 worst_batch_bytes=122880 pre_reserve_bytes=0 true_pending_bytes=10059776 overestimate=0.0000 destroy_reads=1024 free_path_extra_bytes=0
E7RESULT name=no_structure n=1024 churn=4 share=0.7 entries=0 net_alloc=307 worst_batch_bytes=122880 pre_reserve_bytes=0 true_pending_bytes=10059776 overestimate=0.0000 destroy_reads=1024 free_path_extra_bytes=0
E7RESULT name=no_structure n=1024 churn=16 share=0.7 entries=0 net_alloc=307 worst_batch_bytes=122880 pre_reserve_bytes=0 true_pending_bytes=10059776 overestimate=0.0000 destroy_reads=1024 free_path_extra_bytes=0
E7RESULT name=no_structure n=8192 churn=0 share=0.7 entries=0 net_alloc=2458 worst_batch_bytes=122880 pre_reserve_bytes=0 true_pending_bytes=80543744 overestimate=0.0000 destroy_reads=8192 free_path_extra_bytes=0
E7RESULT name=no_structure n=8192 churn=1 share=0.7 entries=0 net_alloc=2458 worst_batch_bytes=122880 pre_reserve_bytes=0 true_pending_bytes=80543744 overestimate=0.0000 destroy_reads=8192 free_path_extra_bytes=0
E7RESULT name=no_structure n=8192 churn=4 share=0.7 entries=0 net_alloc=2458 worst_batch_bytes=122880 pre_reserve_bytes=0 true_pending_bytes=80543744 overestimate=0.0000 destroy_reads=8192 free_path_extra_bytes=0
E7RESULT name=no_structure n=8192 churn=16 share=0.7 entries=0 net_alloc=2458 worst_batch_bytes=122880 pre_reserve_bytes=0 true_pending_bytes=80543744 overestimate=0.0000 destroy_reads=8192 free_path_extra_bytes=0
E7RESULT name=no_structure n=65536 churn=0 share=0.7 entries=0 net_alloc=19661 worst_batch_bytes=122880 pre_reserve_bytes=0 true_pending_bytes=644251648 overestimate=0.0000 destroy_reads=65536 free_path_extra_bytes=0
E7RESULT name=no_structure n=65536 churn=1 share=0.7 entries=0 net_alloc=19661 worst_batch_bytes=122880 pre_reserve_bytes=0 true_pending_bytes=644251648 overestimate=0.0000 destroy_reads=65536 free_path_extra_bytes=0
E7RESULT name=no_structure n=65536 churn=4 share=0.7 entries=0 net_alloc=19661 worst_batch_bytes=122880 pre_reserve_bytes=0 true_pending_bytes=644251648 overestimate=0.0000 destroy_reads=65536 free_path_extra_bytes=0
E7RESULT name=no_structure n=65536 churn=16 share=0.7 entries=0 net_alloc=19661 worst_batch_bytes=122880 pre_reserve_bytes=0 true_pending_bytes=644251648 overestimate=0.0000 destroy_reads=65536 free_path_extra_bytes=0
E7RESULT name=criterion1 arm=naive distinct_worst_batch_bytes=1 value=221184
E7RESULT name=criterion1 arm=condense distinct_worst_batch_bytes=1 value=221184
E7RESULT name=criterion1 arm=no_structure distinct_worst_batch_bytes=1 value=122880
E7RESULT name=positive_control arm=naive n=8192 entries_c0=8192 entries_c16=270336 ratio=33
E7RESULT name=done emitted=77
