E7RESULT name=config r=3 k_min=3 blocks_per_publication=13 user_blocks=8 metadata_blocks=5 reserve=13 capacity=4000 publications=400 seeds=24
E7RESULT name=crit1_pinned arm=A s=1 ring_depth=3 pinned_before=39 expect_before=39 pinned_after=26 expect_after=26
E7RESULT name=crit2_fake arm=C s=1 fake_before=0 expect_before=0 fake_after=0 expect_after=0
E7RESULT name=crit1_pinned arm=A s=4 ring_depth=12 pinned_before=156 expect_before=156 pinned_after=143 expect_after=143
E7RESULT name=crit2_fake arm=C s=4 fake_before=9 expect_before=9 fake_after=8 expect_after=8
E7RESULT name=crit1_pinned arm=A s=16 ring_depth=48 pinned_before=624 expect_before=624 pinned_after=611 expect_after=611
E7RESULT name=crit2_fake arm=C s=16 fake_before=45 expect_before=45 fake_after=44 expect_after=44
E7RESULT name=crit5_reclaim arm=D s=1 publications_to_active=4 expect_publications=4 reclaimed=0 expect_reclaimed=0
E7RESULT name=crit5_reclaim arm=D s=4 publications_to_active=4 expect_publications=4 reclaimed=65 expect_reclaimed=65
E7RESULT name=crit5_reclaim arm=D s=16 publications_to_active=4 expect_publications=4 reclaimed=533 expect_reclaimed=533
E7RESULT name=cell arm=A_ring_persisted world=steady s=1 empty_cost=1 fakes=0 checks=9600 false_enospc=0 true_enospc=0 stalls=0 forced_pubs=0 min_candidates=3 avg_candidates_x100=300 unrecoverable=0 live_at_start_avg=0 halted_before_counting=0
E7RESULT name=cell arm=B_ring_arithmetic world=steady s=1 empty_cost=1 fakes=0 checks=9600 false_enospc=0 true_enospc=0 stalls=0 forced_pubs=0 min_candidates=3 avg_candidates_x100=300 unrecoverable=0 live_at_start_avg=0 halted_before_counting=0
E7RESULT name=cell arm=C_k_runtime world=steady s=1 empty_cost=1 fakes=0 checks=9600 false_enospc=0 true_enospc=0 stalls=0 forced_pubs=0 min_candidates=3 avg_candidates_x100=300 unrecoverable=0 live_at_start_avg=0 halted_before_counting=0
E7RESULT name=cell arm=D_floor world=steady s=1 empty_cost=1 fakes=0 checks=9600 false_enospc=0 true_enospc=0 stalls=0 forced_pubs=0 min_candidates=3 avg_candidates_x100=300 unrecoverable=0 live_at_start_avg=0 halted_before_counting=0
E7RESULT name=cell arm=E_floor_no_delay world=steady s=1 empty_cost=1 fakes=0 checks=9600 false_enospc=0 true_enospc=0 stalls=0 forced_pubs=0 min_candidates=3 avg_candidates_x100=300 unrecoverable=0 live_at_start_avg=0 halted_before_counting=0
E7RESULT name=cell arm=F_floor_chosen_root world=steady s=1 empty_cost=1 fakes=0 checks=9600 false_enospc=0 true_enospc=0 stalls=0 forced_pubs=0 min_candidates=3 avg_candidates_x100=300 unrecoverable=0 live_at_start_avg=0 halted_before_counting=0
E7RESULT name=cell arm=A_ring_persisted world=steady s=4 empty_cost=1 fakes=0 checks=9600 false_enospc=0 true_enospc=0 stalls=0 forced_pubs=0 min_candidates=12 avg_candidates_x100=1200 unrecoverable=0 live_at_start_avg=0 halted_before_counting=0
E7RESULT name=cell arm=B_ring_arithmetic world=steady s=4 empty_cost=1 fakes=0 checks=9600 false_enospc=0 true_enospc=0 stalls=0 forced_pubs=0 min_candidates=12 avg_candidates_x100=1200 unrecoverable=0 live_at_start_avg=0 halted_before_counting=0
E7RESULT name=cell arm=C_k_runtime world=steady s=4 empty_cost=1 fakes=76224 checks=9600 false_enospc=0 true_enospc=0 stalls=0 forced_pubs=0 min_candidates=12 avg_candidates_x100=1200 unrecoverable=0 live_at_start_avg=0 halted_before_counting=0
E7RESULT name=cell arm=D_floor world=steady s=4 empty_cost=1 fakes=0 checks=9600 false_enospc=0 true_enospc=0 stalls=0 forced_pubs=0 min_candidates=12 avg_candidates_x100=1200 unrecoverable=0 live_at_start_avg=0 halted_before_counting=0
E7RESULT name=cell arm=E_floor_no_delay world=steady s=4 empty_cost=1 fakes=0 checks=9600 false_enospc=0 true_enospc=0 stalls=0 forced_pubs=0 min_candidates=12 avg_candidates_x100=1200 unrecoverable=0 live_at_start_avg=0 halted_before_counting=0
E7RESULT name=cell arm=F_floor_chosen_root world=steady s=4 empty_cost=1 fakes=0 checks=9600 false_enospc=0 true_enospc=0 stalls=0 forced_pubs=0 min_candidates=12 avg_candidates_x100=1200 unrecoverable=0 live_at_start_avg=0 halted_before_counting=0
E7RESULT name=cell arm=A_ring_persisted world=steady s=16 empty_cost=1 fakes=0 checks=9600 false_enospc=0 true_enospc=0 stalls=0 forced_pubs=0 min_candidates=48 avg_candidates_x100=4800 unrecoverable=0 live_at_start_avg=0 halted_before_counting=0
E7RESULT name=cell arm=B_ring_arithmetic world=steady s=16 empty_cost=1 fakes=0 checks=9600 false_enospc=0 true_enospc=0 stalls=0 forced_pubs=0 min_candidates=48 avg_candidates_x100=4800 unrecoverable=0 live_at_start_avg=0 halted_before_counting=0
E7RESULT name=cell arm=C_k_runtime world=steady s=16 empty_cost=1 fakes=419232 checks=9600 false_enospc=0 true_enospc=0 stalls=0 forced_pubs=0 min_candidates=48 avg_candidates_x100=4800 unrecoverable=0 live_at_start_avg=0 halted_before_counting=0
E7RESULT name=cell arm=D_floor world=steady s=16 empty_cost=1 fakes=0 checks=9600 false_enospc=0 true_enospc=0 stalls=0 forced_pubs=0 min_candidates=48 avg_candidates_x100=4800 unrecoverable=0 live_at_start_avg=0 halted_before_counting=0
E7RESULT name=cell arm=E_floor_no_delay world=steady s=16 empty_cost=1 fakes=0 checks=9600 false_enospc=0 true_enospc=0 stalls=0 forced_pubs=0 min_candidates=48 avg_candidates_x100=4800 unrecoverable=0 live_at_start_avg=0 halted_before_counting=0
E7RESULT name=cell arm=F_floor_chosen_root world=steady s=16 empty_cost=1 fakes=0 checks=9600 false_enospc=0 true_enospc=0 stalls=0 forced_pubs=0 min_candidates=48 avg_candidates_x100=4800 unrecoverable=0 live_at_start_avg=0 halted_before_counting=0
E7RESULT name=cell arm=A_ring_persisted world=torn_newest s=1 empty_cost=1 fakes=0 checks=9600 false_enospc=0 true_enospc=0 stalls=0 forced_pubs=0 min_candidates=2 avg_candidates_x100=299 unrecoverable=0 live_at_start_avg=0 halted_before_counting=0
E7RESULT name=cell arm=B_ring_arithmetic world=torn_newest s=1 empty_cost=1 fakes=0 checks=9600 false_enospc=0 true_enospc=0 stalls=0 forced_pubs=0 min_candidates=2 avg_candidates_x100=299 unrecoverable=0 live_at_start_avg=0 halted_before_counting=0
E7RESULT name=cell arm=C_k_runtime world=torn_newest s=1 empty_cost=1 fakes=0 checks=9600 false_enospc=0 true_enospc=0 stalls=0 forced_pubs=0 min_candidates=2 avg_candidates_x100=299 unrecoverable=0 live_at_start_avg=0 halted_before_counting=0
E7RESULT name=cell arm=D_floor world=torn_newest s=1 empty_cost=1 fakes=0 checks=9696 false_enospc=0 true_enospc=0 stalls=0 forced_pubs=96 min_candidates=2 avg_candidates_x100=299 unrecoverable=0 live_at_start_avg=0 halted_before_counting=0
E7RESULT name=cell arm=E_floor_no_delay world=torn_newest s=1 empty_cost=1 fakes=0 checks=9624 false_enospc=0 true_enospc=0 stalls=0 forced_pubs=24 min_candidates=2 avg_candidates_x100=299 unrecoverable=0 live_at_start_avg=0 halted_before_counting=0
E7RESULT name=cell arm=F_floor_chosen_root world=torn_newest s=1 empty_cost=1 fakes=0 checks=9696 false_enospc=0 true_enospc=0 stalls=0 forced_pubs=96 min_candidates=2 avg_candidates_x100=299 unrecoverable=0 live_at_start_avg=0 halted_before_counting=0
E7RESULT name=cell arm=A_ring_persisted world=torn_newest s=4 empty_cost=1 fakes=0 checks=9600 false_enospc=0 true_enospc=0 stalls=0 forced_pubs=0 min_candidates=11 avg_candidates_x100=1199 unrecoverable=0 live_at_start_avg=0 halted_before_counting=0
E7RESULT name=cell arm=B_ring_arithmetic world=torn_newest s=4 empty_cost=1 fakes=0 checks=9600 false_enospc=0 true_enospc=0 stalls=0 forced_pubs=0 min_candidates=11 avg_candidates_x100=1199 unrecoverable=0 live_at_start_avg=0 halted_before_counting=0
E7RESULT name=cell arm=C_k_runtime world=torn_newest s=4 empty_cost=1 fakes=76224 checks=9600 false_enospc=0 true_enospc=0 stalls=0 forced_pubs=0 min_candidates=11 avg_candidates_x100=1199 unrecoverable=0 live_at_start_avg=0 halted_before_counting=0
E7RESULT name=cell arm=D_floor world=torn_newest s=4 empty_cost=1 fakes=0 checks=9696 false_enospc=0 true_enospc=0 stalls=0 forced_pubs=96 min_candidates=4 avg_candidates_x100=1190 unrecoverable=0 live_at_start_avg=0 halted_before_counting=0
E7RESULT name=cell arm=E_floor_no_delay world=torn_newest s=4 empty_cost=1 fakes=0 checks=9624 false_enospc=0 true_enospc=0 stalls=0 forced_pubs=24 min_candidates=4 avg_candidates_x100=1189 unrecoverable=0 live_at_start_avg=0 halted_before_counting=0
E7RESULT name=cell arm=F_floor_chosen_root world=torn_newest s=4 empty_cost=1 fakes=0 checks=9696 false_enospc=0 true_enospc=0 stalls=0 forced_pubs=96 min_candidates=4 avg_candidates_x100=1190 unrecoverable=0 live_at_start_avg=0 halted_before_counting=0
E7RESULT name=cell arm=A_ring_persisted world=torn_newest s=16 empty_cost=1 fakes=0 checks=9600 false_enospc=0 true_enospc=0 stalls=0 forced_pubs=0 min_candidates=47 avg_candidates_x100=4799 unrecoverable=0 live_at_start_avg=0 halted_before_counting=0
E7RESULT name=cell arm=B_ring_arithmetic world=torn_newest s=16 empty_cost=1 fakes=0 checks=9600 false_enospc=0 true_enospc=0 stalls=0 forced_pubs=0 min_candidates=47 avg_candidates_x100=4799 unrecoverable=0 live_at_start_avg=0 halted_before_counting=0
E7RESULT name=cell arm=C_k_runtime world=torn_newest s=16 empty_cost=1 fakes=419232 checks=9600 false_enospc=0 true_enospc=0 stalls=0 forced_pubs=0 min_candidates=47 avg_candidates_x100=4799 unrecoverable=0 live_at_start_avg=0 halted_before_counting=0
E7RESULT name=cell arm=D_floor world=torn_newest s=16 empty_cost=1 fakes=0 checks=9696 false_enospc=0 true_enospc=0 stalls=0 forced_pubs=96 min_candidates=4 avg_candidates_x100=4545 unrecoverable=0 live_at_start_avg=0 halted_before_counting=0
E7RESULT name=cell arm=E_floor_no_delay world=torn_newest s=16 empty_cost=1 fakes=0 checks=9624 false_enospc=0 true_enospc=0 stalls=0 forced_pubs=24 min_candidates=4 avg_candidates_x100=4542 unrecoverable=0 live_at_start_avg=0 halted_before_counting=0
E7RESULT name=cell arm=F_floor_chosen_root world=torn_newest s=16 empty_cost=1 fakes=0 checks=9696 false_enospc=0 true_enospc=0 stalls=0 forced_pubs=96 min_candidates=4 avg_candidates_x100=4545 unrecoverable=0 live_at_start_avg=0 halted_before_counting=0
E7RESULT name=cell arm=A_ring_persisted world=disk0_loss s=1 empty_cost=1 fakes=0 checks=2204 false_enospc=0 true_enospc=0 stalls=0 forced_pubs=0 min_candidates=1 avg_candidates_x100=297 unrecoverable=0 live_at_start_avg=0 halted_before_counting=0
E7RESULT name=cell arm=B_ring_arithmetic world=disk0_loss s=1 empty_cost=1 fakes=0 checks=2204 false_enospc=0 true_enospc=0 stalls=0 forced_pubs=0 min_candidates=1 avg_candidates_x100=297 unrecoverable=0 live_at_start_avg=0 halted_before_counting=0
E7RESULT name=cell arm=C_k_runtime world=disk0_loss s=1 empty_cost=1 fakes=0 checks=2204 false_enospc=0 true_enospc=0 stalls=0 forced_pubs=0 min_candidates=1 avg_candidates_x100=297 unrecoverable=0 live_at_start_avg=0 halted_before_counting=0
E7RESULT name=cell arm=D_floor world=disk0_loss s=1 empty_cost=1 fakes=0 checks=2300 false_enospc=0 true_enospc=0 stalls=0 forced_pubs=96 min_candidates=1 avg_candidates_x100=297 unrecoverable=0 live_at_start_avg=0 halted_before_counting=0
E7RESULT name=cell arm=E_floor_no_delay world=disk0_loss s=1 empty_cost=1 fakes=0 checks=2228 false_enospc=0 true_enospc=0 stalls=0 forced_pubs=24 min_candidates=1 avg_candidates_x100=297 unrecoverable=0 live_at_start_avg=0 halted_before_counting=0
E7RESULT name=cell arm=F_floor_chosen_root world=disk0_loss s=1 empty_cost=1 fakes=0 checks=2300 false_enospc=0 true_enospc=0 stalls=0 forced_pubs=96 min_candidates=1 avg_candidates_x100=297 unrecoverable=0 live_at_start_avg=0 halted_before_counting=0
E7RESULT name=cell arm=A_ring_persisted world=disk0_loss s=4 empty_cost=1 fakes=0 checks=2636 false_enospc=0 true_enospc=0 stalls=0 forced_pubs=0 min_candidates=4 avg_candidates_x100=1192 unrecoverable=0 live_at_start_avg=0 halted_before_counting=0
E7RESULT name=cell arm=B_ring_arithmetic world=disk0_loss s=4 empty_cost=1 fakes=0 checks=2636 false_enospc=0 true_enospc=0 stalls=0 forced_pubs=0 min_candidates=4 avg_candidates_x100=1192 unrecoverable=0 live_at_start_avg=0 halted_before_counting=0
E7RESULT name=cell arm=C_k_runtime world=disk0_loss s=4 empty_cost=1 fakes=20387 checks=2636 false_enospc=0 true_enospc=0 stalls=0 forced_pubs=0 min_candidates=4 avg_candidates_x100=1192 unrecoverable=0 live_at_start_avg=0 halted_before_counting=0
E7RESULT name=cell arm=D_floor world=disk0_loss s=4 empty_cost=1 fakes=0 checks=2732 false_enospc=0 true_enospc=0 stalls=0 forced_pubs=96 min_candidates=2 avg_candidates_x100=1163 unrecoverable=0 live_at_start_avg=0 halted_before_counting=0
E7RESULT name=cell arm=E_floor_no_delay world=disk0_loss s=4 empty_cost=1 fakes=3 checks=2660 false_enospc=0 true_enospc=0 stalls=0 forced_pubs=24 min_candidates=2 avg_candidates_x100=1171 unrecoverable=0 live_at_start_avg=0 halted_before_counting=0
E7RESULT name=cell arm=F_floor_chosen_root world=disk0_loss s=4 empty_cost=1 fakes=0 checks=2732 false_enospc=0 true_enospc=0 stalls=0 forced_pubs=96 min_candidates=2 avg_candidates_x100=1163 unrecoverable=0 live_at_start_avg=0 halted_before_counting=0
E7RESULT name=cell arm=A_ring_persisted world=disk0_loss s=16 empty_cost=1 fakes=0 checks=4364 false_enospc=0 true_enospc=0 stalls=0 forced_pubs=0 min_candidates=16 avg_candidates_x100=4782 unrecoverable=0 live_at_start_avg=0 halted_before_counting=0
E7RESULT name=cell arm=B_ring_arithmetic world=disk0_loss s=16 empty_cost=1 fakes=0 checks=4364 false_enospc=0 true_enospc=0 stalls=0 forced_pubs=0 min_candidates=16 avg_candidates_x100=4782 unrecoverable=0 live_at_start_avg=0 halted_before_counting=0
E7RESULT name=cell arm=C_k_runtime world=disk0_loss s=16 empty_cost=1 fakes=188147 checks=4364 false_enospc=0 true_enospc=0 stalls=0 forced_pubs=0 min_candidates=16 avg_candidates_x100=4782 unrecoverable=0 live_at_start_avg=0 halted_before_counting=0
E7RESULT name=cell arm=D_floor world=disk0_loss s=16 empty_cost=1 fakes=0 checks=4460 false_enospc=0 true_enospc=0 stalls=0 forced_pubs=96 min_candidates=2 avg_candidates_x100=4632 unrecoverable=0 live_at_start_avg=0 halted_before_counting=0
E7RESULT name=cell arm=E_floor_no_delay world=disk0_loss s=16 empty_cost=1 fakes=9 checks=4388 false_enospc=0 true_enospc=0 stalls=0 forced_pubs=24 min_candidates=2 avg_candidates_x100=4694 unrecoverable=0 live_at_start_avg=0 halted_before_counting=0
E7RESULT name=cell arm=F_floor_chosen_root world=disk0_loss s=16 empty_cost=1 fakes=0 checks=4460 false_enospc=0 true_enospc=0 stalls=0 forced_pubs=96 min_candidates=2 avg_candidates_x100=4632 unrecoverable=0 live_at_start_avg=0 halted_before_counting=0
E7RESULT name=cell arm=A_ring_persisted world=slot_write_fail s=1 empty_cost=1 fakes=0 checks=9600 false_enospc=0 true_enospc=0 stalls=0 forced_pubs=0 min_candidates=3 avg_candidates_x100=300 unrecoverable=0 live_at_start_avg=0 halted_before_counting=0
E7RESULT name=cell arm=B_ring_arithmetic world=slot_write_fail s=1 empty_cost=1 fakes=24 checks=9600 false_enospc=0 true_enospc=0 stalls=0 forced_pubs=0 min_candidates=3 avg_candidates_x100=300 unrecoverable=0 live_at_start_avg=0 halted_before_counting=0
E7RESULT name=cell arm=C_k_runtime world=slot_write_fail s=1 empty_cost=1 fakes=24 checks=9600 false_enospc=0 true_enospc=0 stalls=0 forced_pubs=0 min_candidates=3 avg_candidates_x100=300 unrecoverable=0 live_at_start_avg=0 halted_before_counting=0
E7RESULT name=cell arm=D_floor world=slot_write_fail s=1 empty_cost=1 fakes=0 checks=9696 false_enospc=0 true_enospc=0 stalls=0 forced_pubs=96 min_candidates=3 avg_candidates_x100=300 unrecoverable=0 live_at_start_avg=0 halted_before_counting=0
E7RESULT name=cell arm=E_floor_no_delay world=slot_write_fail s=1 empty_cost=1 fakes=0 checks=9624 false_enospc=0 true_enospc=0 stalls=0 forced_pubs=24 min_candidates=3 avg_candidates_x100=300 unrecoverable=0 live_at_start_avg=0 halted_before_counting=0
E7RESULT name=cell arm=F_floor_chosen_root world=slot_write_fail s=1 empty_cost=1 fakes=0 checks=9696 false_enospc=0 true_enospc=0 stalls=0 forced_pubs=96 min_candidates=3 avg_candidates_x100=300 unrecoverable=0 live_at_start_avg=0 halted_before_counting=0
E7RESULT name=cell arm=A_ring_persisted world=slot_write_fail s=4 empty_cost=1 fakes=0 checks=9600 false_enospc=0 true_enospc=0 stalls=0 forced_pubs=0 min_candidates=12 avg_candidates_x100=1200 unrecoverable=0 live_at_start_avg=0 halted_before_counting=0
E7RESULT name=cell arm=B_ring_arithmetic world=slot_write_fail s=4 empty_cost=1 fakes=240 checks=9600 false_enospc=0 true_enospc=0 stalls=0 forced_pubs=0 min_candidates=12 avg_candidates_x100=1200 unrecoverable=0 live_at_start_avg=0 halted_before_counting=0
E7RESULT name=cell arm=C_k_runtime world=slot_write_fail s=4 empty_cost=1 fakes=76247 checks=9600 false_enospc=0 true_enospc=0 stalls=0 forced_pubs=0 min_candidates=12 avg_candidates_x100=1200 unrecoverable=0 live_at_start_avg=0 halted_before_counting=0
E7RESULT name=cell arm=D_floor world=slot_write_fail s=4 empty_cost=1 fakes=0 checks=9696 false_enospc=0 true_enospc=0 stalls=0 forced_pubs=96 min_candidates=4 avg_candidates_x100=1188 unrecoverable=0 live_at_start_avg=0 halted_before_counting=0
E7RESULT name=cell arm=E_floor_no_delay world=slot_write_fail s=4 empty_cost=1 fakes=0 checks=9624 false_enospc=0 true_enospc=0 stalls=0 forced_pubs=24 min_candidates=4 avg_candidates_x100=1189 unrecoverable=0 live_at_start_avg=0 halted_before_counting=0
E7RESULT name=cell arm=F_floor_chosen_root world=slot_write_fail s=4 empty_cost=1 fakes=0 checks=9696 false_enospc=0 true_enospc=0 stalls=0 forced_pubs=96 min_candidates=4 avg_candidates_x100=1188 unrecoverable=0 live_at_start_avg=0 halted_before_counting=0
E7RESULT name=cell arm=A_ring_persisted world=slot_write_fail s=16 empty_cost=1 fakes=0 checks=9696 false_enospc=0 true_enospc=0 stalls=0 forced_pubs=96 min_candidates=48 avg_candidates_x100=4800 unrecoverable=0 live_at_start_avg=0 halted_before_counting=0
E7RESULT name=cell arm=B_ring_arithmetic world=slot_write_fail s=16 empty_cost=1 fakes=1104 checks=9600 false_enospc=0 true_enospc=0 stalls=0 forced_pubs=0 min_candidates=48 avg_candidates_x100=4800 unrecoverable=0 live_at_start_avg=0 halted_before_counting=0
E7RESULT name=cell arm=C_k_runtime world=slot_write_fail s=16 empty_cost=1 fakes=419256 checks=9600 false_enospc=0 true_enospc=0 stalls=0 forced_pubs=0 min_candidates=48 avg_candidates_x100=4800 unrecoverable=0 live_at_start_avg=0 halted_before_counting=0
E7RESULT name=cell arm=D_floor world=slot_write_fail s=16 empty_cost=1 fakes=0 checks=9696 false_enospc=0 true_enospc=0 stalls=0 forced_pubs=96 min_candidates=4 avg_candidates_x100=4552 unrecoverable=0 live_at_start_avg=0 halted_before_counting=0
E7RESULT name=cell arm=E_floor_no_delay world=slot_write_fail s=16 empty_cost=1 fakes=0 checks=9624 false_enospc=0 true_enospc=0 stalls=0 forced_pubs=24 min_candidates=4 avg_candidates_x100=4551 unrecoverable=0 live_at_start_avg=0 halted_before_counting=0
E7RESULT name=cell arm=F_floor_chosen_root world=slot_write_fail s=16 empty_cost=1 fakes=0 checks=9696 false_enospc=0 true_enospc=0 stalls=0 forced_pubs=96 min_candidates=4 avg_candidates_x100=4552 unrecoverable=0 live_at_start_avg=0 halted_before_counting=0
E7RESULT name=cell arm=A_ring_persisted world=admin_rollback s=1 empty_cost=1 fakes=0 checks=9624 false_enospc=0 true_enospc=0 stalls=0 forced_pubs=0 min_candidates=1 avg_candidates_x100=298 unrecoverable=0 live_at_start_avg=0 halted_before_counting=0
E7RESULT name=cell arm=B_ring_arithmetic world=admin_rollback s=1 empty_cost=1 fakes=0 checks=9624 false_enospc=0 true_enospc=0 stalls=0 forced_pubs=0 min_candidates=1 avg_candidates_x100=298 unrecoverable=0 live_at_start_avg=0 halted_before_counting=0
E7RESULT name=cell arm=C_k_runtime world=admin_rollback s=1 empty_cost=1 fakes=0 checks=9624 false_enospc=0 true_enospc=0 stalls=0 forced_pubs=0 min_candidates=1 avg_candidates_x100=298 unrecoverable=0 live_at_start_avg=0 halted_before_counting=0
E7RESULT name=cell arm=D_floor world=admin_rollback s=1 empty_cost=1 fakes=0 checks=9720 false_enospc=0 true_enospc=0 stalls=0 forced_pubs=96 min_candidates=1 avg_candidates_x100=298 unrecoverable=0 live_at_start_avg=0 halted_before_counting=0
E7RESULT name=cell arm=E_floor_no_delay world=admin_rollback s=1 empty_cost=1 fakes=0 checks=9648 false_enospc=0 true_enospc=0 stalls=0 forced_pubs=24 min_candidates=1 avg_candidates_x100=298 unrecoverable=0 live_at_start_avg=0 halted_before_counting=0
E7RESULT name=cell arm=F_floor_chosen_root world=admin_rollback s=1 empty_cost=1 fakes=0 checks=9720 false_enospc=0 true_enospc=0 stalls=0 forced_pubs=96 min_candidates=1 avg_candidates_x100=298 unrecoverable=0 live_at_start_avg=0 halted_before_counting=0
E7RESULT name=cell arm=A_ring_persisted world=admin_rollback s=4 empty_cost=1 fakes=0 checks=9624 false_enospc=0 true_enospc=0 stalls=0 forced_pubs=0 min_candidates=1 avg_candidates_x100=1180 unrecoverable=0 live_at_start_avg=0 halted_before_counting=0
E7RESULT name=cell arm=B_ring_arithmetic world=admin_rollback s=4 empty_cost=1 fakes=0 checks=9624 false_enospc=0 true_enospc=0 stalls=0 forced_pubs=0 min_candidates=1 avg_candidates_x100=1180 unrecoverable=0 live_at_start_avg=0 halted_before_counting=0
E7RESULT name=cell arm=C_k_runtime world=admin_rollback s=4 empty_cost=1 fakes=74808 checks=9624 false_enospc=0 true_enospc=0 stalls=0 forced_pubs=0 min_candidates=1 avg_candidates_x100=1180 unrecoverable=0 live_at_start_avg=0 halted_before_counting=0
E7RESULT name=cell arm=D_floor world=admin_rollback s=4 empty_cost=1 fakes=0 checks=9720 false_enospc=0 true_enospc=0 stalls=0 forced_pubs=96 min_candidates=1 avg_candidates_x100=1172 unrecoverable=0 live_at_start_avg=0 halted_before_counting=0
E7RESULT name=cell arm=E_floor_no_delay world=admin_rollback s=4 empty_cost=1 fakes=0 checks=9648 false_enospc=0 true_enospc=0 stalls=0 forced_pubs=24 min_candidates=1 avg_candidates_x100=1173 unrecoverable=0 live_at_start_avg=0 halted_before_counting=0
E7RESULT name=cell arm=F_floor_chosen_root world=admin_rollback s=4 empty_cost=1 fakes=0 checks=9720 false_enospc=0 true_enospc=0 stalls=0 forced_pubs=96 min_candidates=1 avg_candidates_x100=1172 unrecoverable=0 live_at_start_avg=0 halted_before_counting=0
E7RESULT name=cell arm=A_ring_persisted world=admin_rollback s=16 empty_cost=1 fakes=0 checks=9624 false_enospc=0 true_enospc=0 stalls=0 forced_pubs=0 min_candidates=1 avg_candidates_x100=4506 unrecoverable=0 live_at_start_avg=0 halted_before_counting=0
E7RESULT name=cell arm=B_ring_arithmetic world=admin_rollback s=16 empty_cost=1 fakes=0 checks=9624 false_enospc=0 true_enospc=0 stalls=0 forced_pubs=0 min_candidates=1 avg_candidates_x100=4506 unrecoverable=0 live_at_start_avg=0 halted_before_counting=0
E7RESULT name=cell arm=C_k_runtime world=admin_rollback s=16 empty_cost=1 fakes=392328 checks=9624 false_enospc=0 true_enospc=0 stalls=0 forced_pubs=0 min_candidates=1 avg_candidates_x100=4506 unrecoverable=0 live_at_start_avg=0 halted_before_counting=0
E7RESULT name=cell arm=D_floor world=admin_rollback s=16 empty_cost=1 fakes=0 checks=9720 false_enospc=0 true_enospc=0 stalls=0 forced_pubs=96 min_candidates=1 avg_candidates_x100=4429 unrecoverable=0 live_at_start_avg=0 halted_before_counting=0
E7RESULT name=cell arm=E_floor_no_delay world=admin_rollback s=16 empty_cost=1 fakes=0 checks=9648 false_enospc=0 true_enospc=0 stalls=0 forced_pubs=24 min_candidates=1 avg_candidates_x100=4455 unrecoverable=0 live_at_start_avg=0 halted_before_counting=0
E7RESULT name=cell arm=F_floor_chosen_root world=admin_rollback s=16 empty_cost=1 fakes=13521 checks=9720 false_enospc=0 true_enospc=0 stalls=0 forced_pubs=96 min_candidates=4 avg_candidates_x100=4594 unrecoverable=0 live_at_start_avg=0 halted_before_counting=0
E7RESULT name=cell arm=A_ring_persisted world=near_full s=1 empty_cost=1 fakes=0 checks=9216 false_enospc=0 true_enospc=0 stalls=0 forced_pubs=0 min_candidates=3 avg_candidates_x100=300 unrecoverable=0 live_at_start_avg=3885 halted_before_counting=0
E7RESULT name=cell arm=B_ring_arithmetic world=near_full s=1 empty_cost=1 fakes=0 checks=9216 false_enospc=0 true_enospc=0 stalls=0 forced_pubs=0 min_candidates=3 avg_candidates_x100=300 unrecoverable=0 live_at_start_avg=3885 halted_before_counting=0
E7RESULT name=cell arm=C_k_runtime world=near_full s=1 empty_cost=1 fakes=0 checks=9216 false_enospc=0 true_enospc=0 stalls=0 forced_pubs=0 min_candidates=3 avg_candidates_x100=300 unrecoverable=0 live_at_start_avg=3885 halted_before_counting=0
E7RESULT name=cell arm=D_floor world=near_full s=1 empty_cost=1 fakes=0 checks=9216 false_enospc=0 true_enospc=0 stalls=0 forced_pubs=0 min_candidates=3 avg_candidates_x100=300 unrecoverable=0 live_at_start_avg=3885 halted_before_counting=0
E7RESULT name=cell arm=E_floor_no_delay world=near_full s=1 empty_cost=1 fakes=0 checks=9216 false_enospc=0 true_enospc=0 stalls=0 forced_pubs=0 min_candidates=3 avg_candidates_x100=300 unrecoverable=0 live_at_start_avg=3885 halted_before_counting=0
E7RESULT name=cell arm=F_floor_chosen_root world=near_full s=1 empty_cost=1 fakes=0 checks=9216 false_enospc=0 true_enospc=0 stalls=0 forced_pubs=0 min_candidates=3 avg_candidates_x100=300 unrecoverable=0 live_at_start_avg=3885 halted_before_counting=0
E7RESULT name=cell arm=A_ring_persisted world=near_full s=4 empty_cost=1 fakes=0 checks=14208 false_enospc=0 true_enospc=0 stalls=0 forced_pubs=5424 min_candidates=12 avg_candidates_x100=1200 unrecoverable=0 live_at_start_avg=3885 halted_before_counting=0
E7RESULT name=cell arm=B_ring_arithmetic world=near_full s=4 empty_cost=1 fakes=0 checks=14208 false_enospc=0 true_enospc=0 stalls=0 forced_pubs=5424 min_candidates=12 avg_candidates_x100=1200 unrecoverable=0 live_at_start_avg=3885 halted_before_counting=0
E7RESULT name=cell arm=C_k_runtime world=near_full s=4 empty_cost=1 fakes=70272 checks=8784 false_enospc=0 true_enospc=0 stalls=0 forced_pubs=0 min_candidates=12 avg_candidates_x100=1200 unrecoverable=0 live_at_start_avg=3885 halted_before_counting=0
E7RESULT name=cell arm=D_floor world=near_full s=4 empty_cost=1 fakes=0 checks=15792 false_enospc=0 true_enospc=0 stalls=0 forced_pubs=7008 min_candidates=4 avg_candidates_x100=801 unrecoverable=0 live_at_start_avg=3885 halted_before_counting=0
E7RESULT name=cell arm=E_floor_no_delay world=near_full s=4 empty_cost=1 fakes=0 checks=10248 false_enospc=0 true_enospc=0 stalls=0 forced_pubs=1464 min_candidates=4 avg_candidates_x100=704 unrecoverable=0 live_at_start_avg=3885 halted_before_counting=0
E7RESULT name=cell arm=F_floor_chosen_root world=near_full s=4 empty_cost=1 fakes=0 checks=15792 false_enospc=0 true_enospc=0 stalls=0 forced_pubs=7008 min_candidates=4 avg_candidates_x100=801 unrecoverable=0 live_at_start_avg=3885 halted_before_counting=0
E7RESULT name=cell arm=A_ring_persisted world=near_full s=16 empty_cost=1 fakes=0 checks=69072 false_enospc=0 true_enospc=0 stalls=0 forced_pubs=62016 min_candidates=48 avg_candidates_x100=4800 unrecoverable=0 live_at_start_avg=3885 halted_before_counting=0
E7RESULT name=cell arm=B_ring_arithmetic world=near_full s=16 empty_cost=1 fakes=0 checks=69072 false_enospc=0 true_enospc=0 stalls=0 forced_pubs=62016 min_candidates=48 avg_candidates_x100=4800 unrecoverable=0 live_at_start_avg=3885 halted_before_counting=0
E7RESULT name=cell arm=C_k_runtime world=near_full s=16 empty_cost=1 fakes=310464 checks=7056 false_enospc=0 true_enospc=0 stalls=0 forced_pubs=0 min_candidates=48 avg_candidates_x100=4800 unrecoverable=0 live_at_start_avg=3885 halted_before_counting=0
E7RESULT name=cell arm=D_floor world=near_full s=16 empty_cost=1 fakes=0 checks=12720 false_enospc=0 true_enospc=0 stalls=0 forced_pubs=5664 min_candidates=4 avg_candidates_x100=800 unrecoverable=0 live_at_start_avg=3885 halted_before_counting=0
E7RESULT name=cell arm=E_floor_no_delay world=near_full s=16 empty_cost=1 fakes=0 checks=8232 false_enospc=0 true_enospc=0 stalls=0 forced_pubs=1176 min_candidates=4 avg_candidates_x100=700 unrecoverable=0 live_at_start_avg=3885 halted_before_counting=0
E7RESULT name=cell arm=F_floor_chosen_root world=near_full s=16 empty_cost=1 fakes=0 checks=12720 false_enospc=0 true_enospc=0 stalls=0 forced_pubs=5664 min_candidates=4 avg_candidates_x100=800 unrecoverable=0 live_at_start_avg=3885 halted_before_counting=0
E7RESULT name=cell arm=A_ring_persisted world=near_full s=1 empty_cost=5 fakes=0 checks=9216 false_enospc=0 true_enospc=0 stalls=0 forced_pubs=0 min_candidates=3 avg_candidates_x100=300 unrecoverable=0 live_at_start_avg=3885 halted_before_counting=0
E7RESULT name=cell arm=B_ring_arithmetic world=near_full s=1 empty_cost=5 fakes=0 checks=9216 false_enospc=0 true_enospc=0 stalls=0 forced_pubs=0 min_candidates=3 avg_candidates_x100=300 unrecoverable=0 live_at_start_avg=3885 halted_before_counting=0
E7RESULT name=cell arm=C_k_runtime world=near_full s=1 empty_cost=5 fakes=0 checks=9216 false_enospc=0 true_enospc=0 stalls=0 forced_pubs=0 min_candidates=3 avg_candidates_x100=300 unrecoverable=0 live_at_start_avg=3885 halted_before_counting=0
E7RESULT name=cell arm=D_floor world=near_full s=1 empty_cost=5 fakes=0 checks=9216 false_enospc=0 true_enospc=0 stalls=0 forced_pubs=0 min_candidates=3 avg_candidates_x100=300 unrecoverable=0 live_at_start_avg=3885 halted_before_counting=0
E7RESULT name=cell arm=E_floor_no_delay world=near_full s=1 empty_cost=5 fakes=0 checks=9216 false_enospc=0 true_enospc=0 stalls=0 forced_pubs=0 min_candidates=3 avg_candidates_x100=300 unrecoverable=0 live_at_start_avg=3885 halted_before_counting=0
E7RESULT name=cell arm=F_floor_chosen_root world=near_full s=1 empty_cost=5 fakes=0 checks=9216 false_enospc=0 true_enospc=0 stalls=0 forced_pubs=0 min_candidates=3 avg_candidates_x100=300 unrecoverable=0 live_at_start_avg=3885 halted_before_counting=0
E7RESULT name=cell arm=A_ring_persisted world=near_full s=4 empty_cost=5 fakes=0 checks=21048 false_enospc=0 true_enospc=0 stalls=0 forced_pubs=12264 min_candidates=12 avg_candidates_x100=1200 unrecoverable=0 live_at_start_avg=3885 halted_before_counting=0
E7RESULT name=cell arm=B_ring_arithmetic world=near_full s=4 empty_cost=5 fakes=0 checks=21048 false_enospc=0 true_enospc=0 stalls=0 forced_pubs=12264 min_candidates=12 avg_candidates_x100=1200 unrecoverable=0 live_at_start_avg=3885 halted_before_counting=0
E7RESULT name=cell arm=C_k_runtime world=near_full s=4 empty_cost=5 fakes=70272 checks=8784 false_enospc=0 true_enospc=0 stalls=0 forced_pubs=0 min_candidates=12 avg_candidates_x100=1200 unrecoverable=0 live_at_start_avg=3885 halted_before_counting=0
E7RESULT name=cell arm=D_floor world=near_full s=4 empty_cost=5 fakes=0 checks=17520 false_enospc=0 true_enospc=0 stalls=0 forced_pubs=8736 min_candidates=4 avg_candidates_x100=752 unrecoverable=0 live_at_start_avg=3885 halted_before_counting=0
E7RESULT name=cell arm=E_floor_no_delay world=near_full s=4 empty_cost=5 fakes=0 checks=10536 false_enospc=0 true_enospc=0 stalls=0 forced_pubs=1752 min_candidates=4 avg_candidates_x100=655 unrecoverable=0 live_at_start_avg=3885 halted_before_counting=0
E7RESULT name=cell arm=F_floor_chosen_root world=near_full s=4 empty_cost=5 fakes=0 checks=17520 false_enospc=0 true_enospc=0 stalls=0 forced_pubs=8736 min_candidates=4 avg_candidates_x100=752 unrecoverable=0 live_at_start_avg=3885 halted_before_counting=0
E7RESULT name=cell arm=A_ring_persisted world=near_full s=16 empty_cost=5 fakes=0 checks=338736 false_enospc=24 true_enospc=0 stalls=0 forced_pubs=331680 min_candidates=48 avg_candidates_x100=4800 unrecoverable=0 live_at_start_avg=3749 halted_before_counting=0
E7RESULT name=cell arm=B_ring_arithmetic world=near_full s=16 empty_cost=5 fakes=0 checks=338736 false_enospc=24 true_enospc=0 stalls=0 forced_pubs=331680 min_candidates=48 avg_candidates_x100=4800 unrecoverable=0 live_at_start_avg=3749 halted_before_counting=0
E7RESULT name=cell arm=C_k_runtime world=near_full s=16 empty_cost=5 fakes=310464 checks=7056 false_enospc=0 true_enospc=0 stalls=0 forced_pubs=0 min_candidates=48 avg_candidates_x100=4800 unrecoverable=0 live_at_start_avg=3885 halted_before_counting=0
E7RESULT name=cell arm=D_floor world=near_full s=16 empty_cost=5 fakes=0 checks=0 false_enospc=0 true_enospc=0 stalls=24 forced_pubs=0 min_candidates=0 avg_candidates_x100=0 unrecoverable=0 live_at_start_avg=3872 halted_before_counting=24
E7RESULT name=cell arm=E_floor_no_delay world=near_full s=16 empty_cost=5 fakes=0 checks=8472 false_enospc=0 true_enospc=0 stalls=0 forced_pubs=1416 min_candidates=4 avg_candidates_x100=650 unrecoverable=0 live_at_start_avg=3885 halted_before_counting=0
E7RESULT name=cell arm=F_floor_chosen_root world=near_full s=16 empty_cost=5 fakes=0 checks=0 false_enospc=0 true_enospc=0 stalls=24 forced_pubs=0 min_candidates=0 avg_candidates_x100=0 unrecoverable=0 live_at_start_avg=3872 halted_before_counting=24
E7RESULT name=cell arm=A_ring_persisted world=rollback_first_publish s=1 empty_cost=1 fakes=37 checks=2204 false_enospc=0 true_enospc=0 stalls=0 forced_pubs=0 min_candidates=1 avg_candidates_x100=297 unrecoverable=24 live_at_start_avg=0 halted_before_counting=0
E7RESULT name=cell arm=B_ring_arithmetic world=rollback_first_publish s=1 empty_cost=1 fakes=48 checks=2204 false_enospc=0 true_enospc=0 stalls=0 forced_pubs=0 min_candidates=1 avg_candidates_x100=297 unrecoverable=24 live_at_start_avg=0 halted_before_counting=0
E7RESULT name=cell arm=C_k_runtime world=rollback_first_publish s=1 empty_cost=1 fakes=48 checks=2204 false_enospc=0 true_enospc=0 stalls=0 forced_pubs=0 min_candidates=1 avg_candidates_x100=297 unrecoverable=24 live_at_start_avg=0 halted_before_counting=0
E7RESULT name=cell arm=D_floor world=rollback_first_publish s=1 empty_cost=1 fakes=37 checks=2204 false_enospc=0 true_enospc=0 stalls=0 forced_pubs=0 min_candidates=1 avg_candidates_x100=297 unrecoverable=24 live_at_start_avg=0 halted_before_counting=0
E7RESULT name=cell arm=E_floor_no_delay world=rollback_first_publish s=1 empty_cost=1 fakes=37 checks=2204 false_enospc=0 true_enospc=0 stalls=0 forced_pubs=0 min_candidates=1 avg_candidates_x100=297 unrecoverable=24 live_at_start_avg=0 halted_before_counting=0
E7RESULT name=cell arm=F_floor_chosen_root world=rollback_first_publish s=1 empty_cost=1 fakes=37 checks=2204 false_enospc=0 true_enospc=0 stalls=0 forced_pubs=0 min_candidates=1 avg_candidates_x100=297 unrecoverable=24 live_at_start_avg=0 halted_before_counting=0
E7RESULT name=cell arm=A_ring_persisted world=rollback_first_publish s=4 empty_cost=1 fakes=173 checks=2636 false_enospc=0 true_enospc=0 stalls=0 forced_pubs=0 min_candidates=1 avg_candidates_x100=1189 unrecoverable=24 live_at_start_avg=0 halted_before_counting=0
E7RESULT name=cell arm=B_ring_arithmetic world=rollback_first_publish s=4 empty_cost=1 fakes=264 checks=2636 false_enospc=0 true_enospc=0 stalls=0 forced_pubs=0 min_candidates=1 avg_candidates_x100=1189 unrecoverable=24 live_at_start_avg=0 halted_before_counting=0
E7RESULT name=cell arm=C_k_runtime world=rollback_first_publish s=4 empty_cost=1 fakes=20440 checks=2636 false_enospc=0 true_enospc=0 stalls=0 forced_pubs=0 min_candidates=1 avg_candidates_x100=1189 unrecoverable=24 live_at_start_avg=0 halted_before_counting=0
E7RESULT name=cell arm=D_floor world=rollback_first_publish s=4 empty_cost=1 fakes=173 checks=2636 false_enospc=0 true_enospc=0 stalls=0 forced_pubs=0 min_candidates=1 avg_candidates_x100=1189 unrecoverable=24 live_at_start_avg=0 halted_before_counting=0
E7RESULT name=cell arm=E_floor_no_delay world=rollback_first_publish s=4 empty_cost=1 fakes=173 checks=2636 false_enospc=0 true_enospc=0 stalls=0 forced_pubs=0 min_candidates=1 avg_candidates_x100=1189 unrecoverable=24 live_at_start_avg=0 halted_before_counting=0
E7RESULT name=cell arm=F_floor_chosen_root world=rollback_first_publish s=4 empty_cost=1 fakes=173 checks=2636 false_enospc=0 true_enospc=0 stalls=0 forced_pubs=0 min_candidates=1 avg_candidates_x100=1189 unrecoverable=24 live_at_start_avg=0 halted_before_counting=0
E7RESULT name=cell arm=A_ring_persisted world=rollback_first_publish s=16 empty_cost=1 fakes=814 checks=4364 false_enospc=0 true_enospc=0 stalls=0 forced_pubs=0 min_candidates=1 avg_candidates_x100=4774 unrecoverable=24 live_at_start_avg=0 halted_before_counting=0
E7RESULT name=cell arm=B_ring_arithmetic world=rollback_first_publish s=16 empty_cost=1 fakes=1068 checks=4364 false_enospc=0 true_enospc=0 stalls=0 forced_pubs=0 min_candidates=1 avg_candidates_x100=4774 unrecoverable=21 live_at_start_avg=0 halted_before_counting=0
E7RESULT name=cell arm=C_k_runtime world=rollback_first_publish s=16 empty_cost=1 fakes=187911 checks=4364 false_enospc=0 true_enospc=0 stalls=0 forced_pubs=0 min_candidates=1 avg_candidates_x100=4774 unrecoverable=24 live_at_start_avg=0 halted_before_counting=0
E7RESULT name=cell arm=D_floor world=rollback_first_publish s=16 empty_cost=1 fakes=814 checks=4364 false_enospc=0 true_enospc=0 stalls=0 forced_pubs=0 min_candidates=1 avg_candidates_x100=4774 unrecoverable=24 live_at_start_avg=0 halted_before_counting=0
E7RESULT name=cell arm=E_floor_no_delay world=rollback_first_publish s=16 empty_cost=1 fakes=814 checks=4364 false_enospc=0 true_enospc=0 stalls=0 forced_pubs=0 min_candidates=1 avg_candidates_x100=4774 unrecoverable=24 live_at_start_avg=0 halted_before_counting=0
E7RESULT name=cell arm=F_floor_chosen_root world=rollback_first_publish s=16 empty_cost=1 fakes=814 checks=4364 false_enospc=0 true_enospc=0 stalls=0 forced_pubs=0 min_candidates=1 avg_candidates_x100=4774 unrecoverable=24 live_at_start_avg=0 halted_before_counting=0
E7RESULT name=verdict crit1_holds=1 crit2_holds=1 crit5_holds=1 crit3_b_slot_write_fail=1368 crit3_e_disk0_loss=12 crit3_f_admin_rollback=13521 crit4_a_fakes=0 crit4_d_fakes=0 crit6_stalls_a_cost1=0 crit6_stalls_d_cost1=0 crit6_stalls_a_cost5=0 crit6_stalls_d_cost5=24
E7RESULT name=crit7_c281 a=72 b=69 c=72 d=72 e=72 f=72
E7RESULT name=done emitted=157
