E7RESULT name=config dev=/tmp/e140.img size=8589934592 region=8589934592 units=262144 ops=8192 qd=16 seq_io=1048576 seq_user_bytes=536870912 unit=32768 page=4096 headers=105/133 padded_payload=28672 control_copy=1048576 seed=1 mode=none o_direct=true
E7RESULT name=rand_padded ops=8192 dev_bytes=268435456 user_bytes=33554432 elapsed_ns=1471307492 verify_ns=70991397 copy_ns=0 straddled=0 units_per_op=1.00000 ns_per_op=179603.0 user_mib_per_s=21.749 proc_read_bytes=268435456 pr_over_devbytes=1.0000 sink=1741209
E7RESULT name=randq_padded ops=8192 dev_bytes=268435456 user_bytes=33554432 elapsed_ns=186417876 verify_ns=71076758 copy_ns=0 straddled=0 units_per_op=1.00000 ns_per_op=22756.1 user_mib_per_s=171.657 proc_read_bytes=268435456 pr_over_devbytes=1.0000 sink=1747865
E7RESULT name=seq_padded ops=586 dev_bytes=614465536 user_bytes=536883200 elapsed_ns=293878045 verify_ns=145928910 copy_ns=0 straddled=0 units_per_op=32.00000 ns_per_op=501498.4 user_mib_per_s=1742.259 proc_read_bytes=614465536 pr_over_devbytes=1.0000 sink=1110470
E7RESULT name=rand_h133 ops=8192 dev_bytes=302546944 user_bytes=33554432 elapsed_ns=1588572852 verify_ns=78614555 copy_ns=325480 straddled=1041 units_per_op=1.12708 ns_per_op=193917.6 user_mib_per_s=20.144 proc_read_bytes=302546944 pr_over_devbytes=1.0000 sink=1571414
E7RESULT name=randq_h133 ops=8192 dev_bytes=301039616 user_bytes=33554432 elapsed_ns=198523906 verify_ns=78625872 copy_ns=351250 straddled=995 units_per_op=1.12146 ns_per_op=24233.9 user_mib_per_s=161.190 proc_read_bytes=301039616 pr_over_devbytes=1.0000 sink=1576321
E7RESULT name=seq_h133 ops=515 dev_bytes=540016640 user_bytes=536878385 elapsed_ns=268232827 verify_ns=127568075 copy_ns=7852175 straddled=0 units_per_op=32.00000 ns_per_op=520840.4 user_mib_per_s=1908.816 proc_read_bytes=540016640 pr_over_devbytes=1.0000 sink=1041330
E7RESULT name=rand_h133_nocopy ops=8192 dev_bytes=302546944 user_bytes=33554432 elapsed_ns=1587962099 verify_ns=78709352 copy_ns=0 straddled=1041 units_per_op=1.12708 ns_per_op=193843.0 user_mib_per_s=20.152 proc_read_bytes=302546944 pr_over_devbytes=1.0000 sink=1744220
E7RESULT name=randq_h133_nocopy ops=8192 dev_bytes=301039616 user_bytes=33554432 elapsed_ns=206676866 verify_ns=81066748 copy_ns=0 straddled=995 units_per_op=1.12146 ns_per_op=25229.1 user_mib_per_s=154.831 proc_read_bytes=301039616 pr_over_devbytes=1.0000 sink=1741491
E7RESULT name=seq_h133_nocopy ops=515 dev_bytes=540016640 user_bytes=536878385 elapsed_ns=268792414 verify_ns=130789796 copy_ns=0 straddled=0 units_per_op=32.00000 ns_per_op=521927.0 user_mib_per_s=1904.842 proc_read_bytes=540016640 pr_over_devbytes=1.0000 sink=1041330
E7RESULT name=rand_h105 ops=8192 dev_bytes=302252032 user_bytes=33554432 elapsed_ns=1601009682 verify_ns=82452158 copy_ns=348719 straddled=1032 units_per_op=1.12598 ns_per_op=195435.8 user_mib_per_s=19.987 proc_read_bytes=302252032 pr_over_devbytes=1.0000 sink=1571402
E7RESULT name=randq_h105 ops=8192 dev_bytes=301924352 user_bytes=33554432 elapsed_ns=203196584 verify_ns=80475063 copy_ns=360649 straddled=1022 units_per_op=1.12476 ns_per_op=24804.3 user_mib_per_s=157.483 proc_read_bytes=301924352 pr_over_devbytes=1.0000 sink=1593239
E7RESULT name=seq_h105 ops=514 dev_bytes=538968064 user_bytes=536881731 elapsed_ns=270126100 verify_ns=128341092 copy_ns=9078056 straddled=0 units_per_op=32.00000 ns_per_op=525537.2 user_mib_per_s=1895.449 proc_read_bytes=538968064 pr_over_devbytes=1.0000 sink=1047018
E7RESULT name=rand_h105_nocopy ops=8192 dev_bytes=302252032 user_bytes=33554432 elapsed_ns=1594320163 verify_ns=79436548 copy_ns=0 straddled=1032 units_per_op=1.12598 ns_per_op=194619.2 user_mib_per_s=20.071 proc_read_bytes=302252032 pr_over_devbytes=1.0000 sink=1758194
E7RESULT name=randq_h105_nocopy ops=8192 dev_bytes=301924352 user_bytes=33554432 elapsed_ns=200722749 verify_ns=78777598 copy_ns=0 straddled=1022 units_per_op=1.12476 ns_per_op=24502.3 user_mib_per_s=159.424 proc_read_bytes=301924352 pr_over_devbytes=1.0000 sink=1778221
E7RESULT name=seq_h105_nocopy ops=514 dev_bytes=538968064 user_bytes=536881731 elapsed_ns=259256296 verify_ns=127972924 copy_ns=0 straddled=0 units_per_op=32.00000 ns_per_op=504389.7 user_mib_per_s=1974.920 proc_read_bytes=538968064 pr_over_devbytes=1.0000 sink=1047018
E7RESULT name=rand_ctl_copy1m ops=8192 dev_bytes=268435456 user_bytes=33554432 elapsed_ns=1620841434 verify_ns=68005269 copy_ns=111230886 straddled=0 units_per_op=1.00000 ns_per_op=197856.6 user_mib_per_s=19.743 proc_read_bytes=268435456 pr_over_devbytes=1.0000 sink=2788470
E7RESULT name=model_h133 payload=32635 straddle_fraction=0.125479 straddle_count_one_period=4095 expected_units_per_page=1.125479 dev_bytes_per_user_byte=1.004075 units_per_gib=32902
E7RESULT name=model_h105 payload=32663 straddle_fraction=0.125371 straddle_count_one_period=4095 expected_units_per_page=1.125371 dev_bytes_per_user_byte=1.003215 units_per_gib=32874
E7RESULT name=model_padded payload=28672 straddle_fraction=0.000000 straddle_count_one_period=0 expected_units_per_page=1.000000 dev_bytes_per_user_byte=1.142857 units_per_gib=37450
E7RESULT name=verdict r_rand_qd1=1.0797 r_seq=0.9127 random_ns_per_byte_padded=43.8484 random_ns_per_byte_h133=47.3432 seq_ns_per_byte_padded=0.5474 seq_ns_per_byte_h133=0.4996 crossover_random_share=0.013483
E7RESULT name=done emitted=22
E7RESULT name=config dev=/tmp/e140.img size=8589934592 region=8589934592 units=262144 ops=8192 qd=16 seq_io=1048576 seq_user_bytes=536870912 unit=32768 page=4096 headers=105/133 padded_payload=28672 control_copy=1048576 seed=2 mode=none o_direct=true
E7RESULT name=rand_padded ops=8192 dev_bytes=268435456 user_bytes=33554432 elapsed_ns=1468357143 verify_ns=73454168 copy_ns=0 straddled=0 units_per_op=1.00000 ns_per_op=179242.8 user_mib_per_s=21.793 proc_read_bytes=268435456 pr_over_devbytes=1.0000 sink=1753800
E7RESULT name=randq_padded ops=8192 dev_bytes=268435456 user_bytes=33554432 elapsed_ns=188183299 verify_ns=72048764 copy_ns=0 straddled=0 units_per_op=1.00000 ns_per_op=22971.6 user_mib_per_s=170.047 proc_read_bytes=268435456 pr_over_devbytes=1.0000 sink=1750136
E7RESULT name=seq_padded ops=586 dev_bytes=614465536 user_bytes=536883200 elapsed_ns=293209792 verify_ns=146644031 copy_ns=0 straddled=0 units_per_op=32.00000 ns_per_op=500358.0 user_mib_per_s=1746.230 proc_read_bytes=614465536 pr_over_devbytes=1.0000 sink=1110470
E7RESULT name=rand_h133 ops=8192 dev_bytes=300154880 user_bytes=33554432 elapsed_ns=1587733737 verify_ns=80938099 copy_ns=346219 straddled=968 units_per_op=1.11816 ns_per_op=193815.2 user_mib_per_s=20.155 proc_read_bytes=300154880 pr_over_devbytes=1.0000 sink=1577474
E7RESULT name=randq_h133 ops=8192 dev_bytes=301432832 user_bytes=33554432 elapsed_ns=201344666 verify_ns=79825375 copy_ns=355980 straddled=1007 units_per_op=1.12292 ns_per_op=24578.2 user_mib_per_s=158.931 proc_read_bytes=301432832 pr_over_devbytes=1.0000 sink=1577711
E7RESULT name=seq_h133 ops=515 dev_bytes=540016640 user_bytes=536878385 elapsed_ns=268716380 verify_ns=127837325 copy_ns=9493232 straddled=0 units_per_op=32.00000 ns_per_op=521779.4 user_mib_per_s=1905.381 proc_read_bytes=540016640 pr_over_devbytes=1.0000 sink=1041330
E7RESULT name=rand_h133_nocopy ops=8192 dev_bytes=300154880 user_bytes=33554432 elapsed_ns=1587471843 verify_ns=81061889 copy_ns=0 straddled=968 units_per_op=1.11816 ns_per_op=193783.2 user_mib_per_s=20.158 proc_read_bytes=300154880 pr_over_devbytes=1.0000 sink=1738162
E7RESULT name=randq_h133_nocopy ops=8192 dev_bytes=301432832 user_bytes=33554432 elapsed_ns=201260105 verify_ns=79967926 copy_ns=0 straddled=1007 units_per_op=1.12292 ns_per_op=24567.9 user_mib_per_s=158.998 proc_read_bytes=301432832 pr_over_devbytes=1.0000 sink=1744873
E7RESULT name=seq_h133_nocopy ops=515 dev_bytes=540016640 user_bytes=536878385 elapsed_ns=259831891 verify_ns=128521452 copy_ns=0 straddled=0 units_per_op=32.00000 ns_per_op=504527.9 user_mib_per_s=1970.532 proc_read_bytes=540016640 pr_over_devbytes=1.0000 sink=1041330
E7RESULT name=rand_h105 ops=8192 dev_bytes=302317568 user_bytes=33554432 elapsed_ns=1602812910 verify_ns=81434027 copy_ns=346469 straddled=1034 units_per_op=1.12622 ns_per_op=195655.9 user_mib_per_s=19.965 proc_read_bytes=302317568 pr_over_devbytes=1.0000 sink=1591895
E7RESULT name=randq_h105 ops=8192 dev_bytes=302776320 user_bytes=33554432 elapsed_ns=199754329 verify_ns=80348812 copy_ns=358870 straddled=1048 units_per_op=1.12793 ns_per_op=24384.1 user_mib_per_s=160.197 proc_read_bytes=302776320 pr_over_devbytes=1.0000 sink=1588064
E7RESULT name=seq_h105 ops=514 dev_bytes=538968064 user_bytes=536881731 elapsed_ns=267769271 verify_ns=127994579 copy_ns=9626891 straddled=0 units_per_op=32.00000 ns_per_op=520951.9 user_mib_per_s=1912.132 proc_read_bytes=538968064 pr_over_devbytes=1.0000 sink=1047018
E7RESULT name=rand_h105_nocopy ops=8192 dev_bytes=302317568 user_bytes=33554432 elapsed_ns=1589857817 verify_ns=81164695 copy_ns=0 straddled=1034 units_per_op=1.12622 ns_per_op=194074.4 user_mib_per_s=20.128 proc_read_bytes=302317568 pr_over_devbytes=1.0000 sink=1779049
E7RESULT name=randq_h105_nocopy ops=8192 dev_bytes=302776320 user_bytes=33554432 elapsed_ns=201177645 verify_ns=80174091 copy_ns=0 straddled=1048 units_per_op=1.12793 ns_per_op=24557.8 user_mib_per_s=159.063 proc_read_bytes=302776320 pr_over_devbytes=1.0000 sink=1777752
E7RESULT name=seq_h105_nocopy ops=514 dev_bytes=538968064 user_bytes=536881731 elapsed_ns=259077052 verify_ns=128193491 copy_ns=0 straddled=0 units_per_op=32.00000 ns_per_op=504041.0 user_mib_per_s=1976.286 proc_read_bytes=538968064 pr_over_devbytes=1.0000 sink=1047018
E7RESULT name=rand_ctl_copy1m ops=8192 dev_bytes=268435456 user_bytes=33554432 elapsed_ns=1627011501 verify_ns=70306769 copy_ns=113254962 straddled=0 units_per_op=1.00000 ns_per_op=198609.8 user_mib_per_s=19.668 proc_read_bytes=268435456 pr_over_devbytes=1.0000 sink=2795738
E7RESULT name=model_h133 payload=32635 straddle_fraction=0.125479 straddle_count_one_period=4095 expected_units_per_page=1.125479 dev_bytes_per_user_byte=1.004075 units_per_gib=32902
E7RESULT name=model_h105 payload=32663 straddle_fraction=0.125371 straddle_count_one_period=4095 expected_units_per_page=1.125371 dev_bytes_per_user_byte=1.003215 units_per_gib=32874
E7RESULT name=model_padded payload=28672 straddle_fraction=0.000000 straddle_count_one_period=0 expected_units_per_page=1.000000 dev_bytes_per_user_byte=1.142857 units_per_gib=37450
E7RESULT name=verdict r_rand_qd1=1.0813 r_seq=0.9165 random_ns_per_byte_padded=43.7605 random_ns_per_byte_h133=47.3182 seq_ns_per_byte_padded=0.5461 seq_ns_per_byte_h133=0.5005 crossover_random_share=0.012660
E7RESULT name=done emitted=22
E7RESULT name=config dev=/tmp/e140.img size=8589934592 region=8589934592 units=262144 ops=8192 qd=16 seq_io=1048576 seq_user_bytes=536870912 unit=32768 page=4096 headers=105/133 padded_payload=28672 control_copy=1048576 seed=3 mode=none o_direct=true
E7RESULT name=rand_padded ops=8192 dev_bytes=268435456 user_bytes=33554432 elapsed_ns=1460749238 verify_ns=72314087 copy_ns=0 straddled=0 units_per_op=1.00000 ns_per_op=178314.1 user_mib_per_s=21.907 proc_read_bytes=268435456 pr_over_devbytes=1.0000 sink=1753800
E7RESULT name=randq_padded ops=8192 dev_bytes=268435456 user_bytes=33554432 elapsed_ns=186791209 verify_ns=71478100 copy_ns=0 straddled=0 units_per_op=1.00000 ns_per_op=22801.7 user_mib_per_s=171.314 proc_read_bytes=268435456 pr_over_devbytes=1.0000 sink=1750136
E7RESULT name=seq_padded ops=586 dev_bytes=614465536 user_bytes=536883200 elapsed_ns=292982837 verify_ns=145438402 copy_ns=0 straddled=0 units_per_op=32.00000 ns_per_op=499970.7 user_mib_per_s=1747.583 proc_read_bytes=614465536 pr_over_devbytes=1.0000 sink=1110470
E7RESULT name=rand_h133 ops=8192 dev_bytes=300154880 user_bytes=33554432 elapsed_ns=1590051574 verify_ns=79945192 copy_ns=340349 straddled=968 units_per_op=1.11816 ns_per_op=194098.1 user_mib_per_s=20.125 proc_read_bytes=300154880 pr_over_devbytes=1.0000 sink=1577474
E7RESULT name=randq_h133 ops=8192 dev_bytes=301432832 user_bytes=33554432 elapsed_ns=199696377 verify_ns=79739580 copy_ns=360878 straddled=1007 units_per_op=1.12292 ns_per_op=24377.0 user_mib_per_s=160.243 proc_read_bytes=301432832 pr_over_devbytes=1.0000 sink=1577711
E7RESULT name=seq_h133 ops=515 dev_bytes=540016640 user_bytes=536878385 elapsed_ns=268288957 verify_ns=127135343 copy_ns=9290987 straddled=0 units_per_op=32.00000 ns_per_op=520949.4 user_mib_per_s=1908.417 proc_read_bytes=540016640 pr_over_devbytes=1.0000 sink=1041330
E7RESULT name=rand_h133_nocopy ops=8192 dev_bytes=300154880 user_bytes=33554432 elapsed_ns=1588226224 verify_ns=79667078 copy_ns=0 straddled=968 units_per_op=1.11816 ns_per_op=193875.3 user_mib_per_s=20.148 proc_read_bytes=300154880 pr_over_devbytes=1.0000 sink=1738162
E7RESULT name=randq_h133_nocopy ops=8192 dev_bytes=301432832 user_bytes=33554432 elapsed_ns=202328980 verify_ns=79047342 copy_ns=0 straddled=1007 units_per_op=1.12292 ns_per_op=24698.4 user_mib_per_s=158.158 proc_read_bytes=301432832 pr_over_devbytes=1.0000 sink=1744873
E7RESULT name=seq_h133_nocopy ops=515 dev_bytes=540016640 user_bytes=536878385 elapsed_ns=260264296 verify_ns=128375882 copy_ns=0 straddled=0 units_per_op=32.00000 ns_per_op=505367.6 user_mib_per_s=1967.258 proc_read_bytes=540016640 pr_over_devbytes=1.0000 sink=1041330
E7RESULT name=rand_h105 ops=8192 dev_bytes=302317568 user_bytes=33554432 elapsed_ns=1595042463 verify_ns=80219582 copy_ns=335590 straddled=1034 units_per_op=1.12622 ns_per_op=194707.3 user_mib_per_s=20.062 proc_read_bytes=302317568 pr_over_devbytes=1.0000 sink=1591895
E7RESULT name=randq_h105 ops=8192 dev_bytes=302776320 user_bytes=33554432 elapsed_ns=201608971 verify_ns=79945967 copy_ns=362719 straddled=1048 units_per_op=1.12793 ns_per_op=24610.5 user_mib_per_s=158.723 proc_read_bytes=302776320 pr_over_devbytes=1.0000 sink=1588064
E7RESULT name=seq_h105 ops=514 dev_bytes=538968064 user_bytes=536881731 elapsed_ns=270851230 verify_ns=127953106 copy_ns=11054289 straddled=0 units_per_op=32.00000 ns_per_op=526947.9 user_mib_per_s=1890.375 proc_read_bytes=538968064 pr_over_devbytes=1.0000 sink=1047018
E7RESULT name=rand_h105_nocopy ops=8192 dev_bytes=302317568 user_bytes=33554432 elapsed_ns=1597933511 verify_ns=80709184 copy_ns=0 straddled=1034 units_per_op=1.12622 ns_per_op=195060.2 user_mib_per_s=20.026 proc_read_bytes=302317568 pr_over_devbytes=1.0000 sink=1779049
E7RESULT name=randq_h105_nocopy ops=8192 dev_bytes=302776320 user_bytes=33554432 elapsed_ns=200260044 verify_ns=79570910 copy_ns=0 straddled=1048 units_per_op=1.12793 ns_per_op=24445.8 user_mib_per_s=159.792 proc_read_bytes=302776320 pr_over_devbytes=1.0000 sink=1777752
E7RESULT name=seq_h105_nocopy ops=514 dev_bytes=538968064 user_bytes=536881731 elapsed_ns=258132860 verify_ns=127470808 copy_ns=0 straddled=0 units_per_op=32.00000 ns_per_op=502204.0 user_mib_per_s=1983.515 proc_read_bytes=538968064 pr_over_devbytes=1.0000 sink=1047018
E7RESULT name=rand_ctl_copy1m ops=8192 dev_bytes=268435456 user_bytes=33554432 elapsed_ns=1635686413 verify_ns=69207980 copy_ns=114997953 straddled=0 units_per_op=1.00000 ns_per_op=199668.8 user_mib_per_s=19.564 proc_read_bytes=268435456 pr_over_devbytes=1.0000 sink=2795738
E7RESULT name=model_h133 payload=32635 straddle_fraction=0.125479 straddle_count_one_period=4095 expected_units_per_page=1.125479 dev_bytes_per_user_byte=1.004075 units_per_gib=32902
E7RESULT name=model_h105 payload=32663 straddle_fraction=0.125371 straddle_count_one_period=4095 expected_units_per_page=1.125371 dev_bytes_per_user_byte=1.003215 units_per_gib=32874
E7RESULT name=model_padded payload=28672 straddle_fraction=0.000000 straddle_count_one_period=0 expected_units_per_page=1.000000 dev_bytes_per_user_byte=1.142857 units_per_gib=37450
E7RESULT name=verdict r_rand_qd1=1.0885 r_seq=0.9157 random_ns_per_byte_padded=43.5337 random_ns_per_byte_h133=47.3872 seq_ns_per_byte_padded=0.5457 seq_ns_per_byte_h133=0.4997 crossover_random_share=0.011794
E7RESULT name=done emitted=22
E7RESULT name=config dev=/tmp/e140.img size=8589934592 region=8589934592 units=262144 ops=8192 qd=16 seq_io=1048576 seq_user_bytes=536870912 unit=32768 page=4096 headers=105/133 padded_payload=28672 control_copy=1048576 seed=4 mode=none o_direct=true
E7RESULT name=rand_padded ops=8192 dev_bytes=268435456 user_bytes=33554432 elapsed_ns=1481556352 verify_ns=75253860 copy_ns=0 straddled=0 units_per_op=1.00000 ns_per_op=180854.0 user_mib_per_s=21.599 proc_read_bytes=268435456 pr_over_devbytes=1.0000 sink=1771972
E7RESULT name=randq_padded ops=8192 dev_bytes=268435456 user_bytes=33554432 elapsed_ns=187032355 verify_ns=71565379 copy_ns=0 straddled=0 units_per_op=1.00000 ns_per_op=22831.1 user_mib_per_s=171.093 proc_read_bytes=268435456 pr_over_devbytes=1.0000 sink=1758882
E7RESULT name=seq_padded ops=586 dev_bytes=614465536 user_bytes=536883200 elapsed_ns=292314654 verify_ns=146316989 copy_ns=0 straddled=0 units_per_op=32.00000 ns_per_op=498830.5 user_mib_per_s=1751.577 proc_read_bytes=614465536 pr_over_devbytes=1.0000 sink=1110470
E7RESULT name=rand_h133 ops=8192 dev_bytes=299302912 user_bytes=33554432 elapsed_ns=1587458284 verify_ns=80205418 copy_ns=332149 straddled=942 units_per_op=1.11499 ns_per_op=193781.5 user_mib_per_s=20.158 proc_read_bytes=299302912 pr_over_devbytes=1.0000 sink=1579754
E7RESULT name=randq_h133 ops=8192 dev_bytes=301170688 user_bytes=33554432 elapsed_ns=204637512 verify_ns=79878263 copy_ns=359870 straddled=999 units_per_op=1.12195 ns_per_op=24980.2 user_mib_per_s=156.374 proc_read_bytes=301170688 pr_over_devbytes=1.0000 sink=1580605
E7RESULT name=seq_h133 ops=515 dev_bytes=540016640 user_bytes=536878385 elapsed_ns=269988149 verify_ns=128299455 copy_ns=9909812 straddled=0 units_per_op=32.00000 ns_per_op=524248.8 user_mib_per_s=1896.406 proc_read_bytes=540016640 pr_over_devbytes=1.0000 sink=1041330
E7RESULT name=rand_h133_nocopy ops=8192 dev_bytes=299302912 user_bytes=33554432 elapsed_ns=1582385903 verify_ns=80779794 copy_ns=0 straddled=942 units_per_op=1.11499 ns_per_op=193162.3 user_mib_per_s=20.223 proc_read_bytes=299302912 pr_over_devbytes=1.0000 sink=1736126
E7RESULT name=randq_h133_nocopy ops=8192 dev_bytes=301170688 user_bytes=33554432 elapsed_ns=200689400 verify_ns=80214617 copy_ns=0 straddled=999 units_per_op=1.12195 ns_per_op=24498.2 user_mib_per_s=159.450 proc_read_bytes=301170688 pr_over_devbytes=1.0000 sink=1746439
E7RESULT name=seq_h133_nocopy ops=515 dev_bytes=540016640 user_bytes=536878385 elapsed_ns=260417002 verify_ns=128526977 copy_ns=0 straddled=0 units_per_op=32.00000 ns_per_op=505664.1 user_mib_per_s=1966.105 proc_read_bytes=540016640 pr_over_devbytes=1.0000 sink=1041330
E7RESULT name=rand_h105 ops=8192 dev_bytes=301662208 user_bytes=33554432 elapsed_ns=1593607851 verify_ns=81268148 copy_ns=333789 straddled=1014 units_per_op=1.12378 ns_per_op=194532.2 user_mib_per_s=20.080 proc_read_bytes=301662208 pr_over_devbytes=1.0000 sink=1594720
E7RESULT name=randq_h105 ops=8192 dev_bytes=301400064 user_bytes=33554432 elapsed_ns=201731038 verify_ns=79825753 copy_ns=357890 straddled=1006 units_per_op=1.12280 ns_per_op=24625.4 user_mib_per_s=158.627 proc_read_bytes=301400064 pr_over_devbytes=1.0000 sink=1590409
E7RESULT name=seq_h105 ops=514 dev_bytes=538968064 user_bytes=536881731 elapsed_ns=273251919 verify_ns=129276151 copy_ns=10434729 straddled=0 units_per_op=32.00000 ns_per_op=531618.5 user_mib_per_s=1873.767 proc_read_bytes=538968064 pr_over_devbytes=1.0000 sink=1047018
E7RESULT name=rand_h105_nocopy ops=8192 dev_bytes=301662208 user_bytes=33554432 elapsed_ns=1593674756 verify_ns=81093052 copy_ns=0 straddled=1014 units_per_op=1.12378 ns_per_op=194540.4 user_mib_per_s=20.079 proc_read_bytes=301662208 pr_over_devbytes=1.0000 sink=1778254
E7RESULT name=randq_h105_nocopy ops=8192 dev_bytes=301400064 user_bytes=33554432 elapsed_ns=201687657 verify_ns=79891343 copy_ns=0 straddled=1006 units_per_op=1.12280 ns_per_op=24620.1 user_mib_per_s=158.661 proc_read_bytes=301400064 pr_over_devbytes=1.0000 sink=1772495
E7RESULT name=seq_h105_nocopy ops=514 dev_bytes=538968064 user_bytes=536881731 elapsed_ns=260211011 verify_ns=128131110 copy_ns=0 straddled=0 units_per_op=32.00000 ns_per_op=506247.1 user_mib_per_s=1967.674 proc_read_bytes=538968064 pr_over_devbytes=1.0000 sink=1047018
E7RESULT name=rand_ctl_copy1m ops=8192 dev_bytes=268435456 user_bytes=33554432 elapsed_ns=1642871858 verify_ns=70320245 copy_ns=115110501 straddled=0 units_per_op=1.00000 ns_per_op=200545.9 user_mib_per_s=19.478 proc_read_bytes=268435456 pr_over_devbytes=1.0000 sink=2816932
E7RESULT name=model_h133 payload=32635 straddle_fraction=0.125479 straddle_count_one_period=4095 expected_units_per_page=1.125479 dev_bytes_per_user_byte=1.004075 units_per_gib=32902
E7RESULT name=model_h105 payload=32663 straddle_fraction=0.125371 straddle_count_one_period=4095 expected_units_per_page=1.125371 dev_bytes_per_user_byte=1.003215 units_per_gib=32874
E7RESULT name=model_padded payload=28672 straddle_fraction=0.000000 straddle_count_one_period=0 expected_units_per_page=1.000000 dev_bytes_per_user_byte=1.142857 units_per_gib=37450
E7RESULT name=verdict r_rand_qd1=1.0715 r_seq=0.9236 random_ns_per_byte_padded=44.1538 random_ns_per_byte_h133=47.3099 seq_ns_per_byte_padded=0.5445 seq_ns_per_byte_h133=0.5029 crossover_random_share=0.013003
E7RESULT name=done emitted=22
E7RESULT name=config dev=/tmp/e140.img size=8589934592 region=8589934592 units=262144 ops=8192 qd=16 seq_io=1048576 seq_user_bytes=536870912 unit=32768 page=4096 headers=105/133 padded_payload=28672 control_copy=1048576 seed=5 mode=none o_direct=true
E7RESULT name=rand_padded ops=8192 dev_bytes=268435456 user_bytes=33554432 elapsed_ns=1474152787 verify_ns=74047857 copy_ns=0 straddled=0 units_per_op=1.00000 ns_per_op=179950.3 user_mib_per_s=21.707 proc_read_bytes=268435456 pr_over_devbytes=1.0000 sink=1771972
E7RESULT name=randq_padded ops=8192 dev_bytes=268435456 user_bytes=33554432 elapsed_ns=187876650 verify_ns=72292516 copy_ns=0 straddled=0 units_per_op=1.00000 ns_per_op=22934.2 user_mib_per_s=170.325 proc_read_bytes=268435456 pr_over_devbytes=1.0000 sink=1758882
E7RESULT name=seq_padded ops=586 dev_bytes=614465536 user_bytes=536883200 elapsed_ns=294935843 verify_ns=147293296 copy_ns=0 straddled=0 units_per_op=32.00000 ns_per_op=503303.5 user_mib_per_s=1736.010 proc_read_bytes=614465536 pr_over_devbytes=1.0000 sink=1110470
E7RESULT name=rand_h133 ops=8192 dev_bytes=299302912 user_bytes=33554432 elapsed_ns=1586047913 verify_ns=80536129 copy_ns=332600 straddled=942 units_per_op=1.11499 ns_per_op=193609.4 user_mib_per_s=20.176 proc_read_bytes=299302912 pr_over_devbytes=1.0000 sink=1579754
E7RESULT name=randq_h133 ops=8192 dev_bytes=301170688 user_bytes=33554432 elapsed_ns=201236176 verify_ns=80191988 copy_ns=357577 straddled=999 units_per_op=1.12195 ns_per_op=24565.0 user_mib_per_s=159.017 proc_read_bytes=301170688 pr_over_devbytes=1.0000 sink=1580605
E7RESULT name=seq_h133 ops=515 dev_bytes=540016640 user_bytes=536878385 elapsed_ns=271970770 verify_ns=128684039 copy_ns=10780386 straddled=0 units_per_op=32.00000 ns_per_op=528098.6 user_mib_per_s=1882.581 proc_read_bytes=540016640 pr_over_devbytes=1.0000 sink=1041330
E7RESULT name=rand_h133_nocopy ops=8192 dev_bytes=299302912 user_bytes=33554432 elapsed_ns=1585343830 verify_ns=80221351 copy_ns=0 straddled=942 units_per_op=1.11499 ns_per_op=193523.4 user_mib_per_s=20.185 proc_read_bytes=299302912 pr_over_devbytes=1.0000 sink=1736126
E7RESULT name=randq_h133_nocopy ops=8192 dev_bytes=301170688 user_bytes=33554432 elapsed_ns=200619748 verify_ns=79744182 copy_ns=0 straddled=999 units_per_op=1.12195 ns_per_op=24489.7 user_mib_per_s=159.506 proc_read_bytes=301170688 pr_over_devbytes=1.0000 sink=1746439
E7RESULT name=seq_h133_nocopy ops=515 dev_bytes=540016640 user_bytes=536878385 elapsed_ns=261110716 verify_ns=129281267 copy_ns=0 straddled=0 units_per_op=32.00000 ns_per_op=507011.1 user_mib_per_s=1960.881 proc_read_bytes=540016640 pr_over_devbytes=1.0000 sink=1041330
E7RESULT name=rand_h105 ops=8192 dev_bytes=301662208 user_bytes=33554432 elapsed_ns=1599364321 verify_ns=80870357 copy_ns=337249 straddled=1014 units_per_op=1.12378 ns_per_op=195234.9 user_mib_per_s=20.008 proc_read_bytes=301662208 pr_over_devbytes=1.0000 sink=1594720
E7RESULT name=randq_h105 ops=8192 dev_bytes=301400064 user_bytes=33554432 elapsed_ns=203052141 verify_ns=80023719 copy_ns=358989 straddled=1006 units_per_op=1.12280 ns_per_op=24786.6 user_mib_per_s=157.595 proc_read_bytes=301400064 pr_over_devbytes=1.0000 sink=1590409
E7RESULT name=seq_h105 ops=514 dev_bytes=538968064 user_bytes=536881731 elapsed_ns=271042540 verify_ns=128231015 copy_ns=10853727 straddled=0 units_per_op=32.00000 ns_per_op=527320.1 user_mib_per_s=1889.040 proc_read_bytes=538968064 pr_over_devbytes=1.0000 sink=1047018
E7RESULT name=rand_h105_nocopy ops=8192 dev_bytes=301662208 user_bytes=33554432 elapsed_ns=1585009693 verify_ns=81055384 copy_ns=0 straddled=1014 units_per_op=1.12378 ns_per_op=193482.6 user_mib_per_s=20.189 proc_read_bytes=301662208 pr_over_devbytes=1.0000 sink=1778254
E7RESULT name=randq_h105_nocopy ops=8192 dev_bytes=301400064 user_bytes=33554432 elapsed_ns=201515404 verify_ns=81827334 copy_ns=0 straddled=1006 units_per_op=1.12280 ns_per_op=24599.0 user_mib_per_s=158.797 proc_read_bytes=301400064 pr_over_devbytes=1.0000 sink=1772495
E7RESULT name=seq_h105_nocopy ops=514 dev_bytes=538968064 user_bytes=536881731 elapsed_ns=262651931 verify_ns=131799398 copy_ns=0 straddled=0 units_per_op=32.00000 ns_per_op=510996.0 user_mib_per_s=1949.387 proc_read_bytes=538968064 pr_over_devbytes=1.0000 sink=1047018
E7RESULT name=rand_ctl_copy1m ops=8192 dev_bytes=268435456 user_bytes=33554432 elapsed_ns=1635093082 verify_ns=70193529 copy_ns=115615716 straddled=0 units_per_op=1.00000 ns_per_op=199596.3 user_mib_per_s=19.571 proc_read_bytes=268435456 pr_over_devbytes=1.0000 sink=2816932
E7RESULT name=model_h133 payload=32635 straddle_fraction=0.125479 straddle_count_one_period=4095 expected_units_per_page=1.125479 dev_bytes_per_user_byte=1.004075 units_per_gib=32902
E7RESULT name=model_h105 payload=32663 straddle_fraction=0.125371 straddle_count_one_period=4095 expected_units_per_page=1.125371 dev_bytes_per_user_byte=1.003215 units_per_gib=32874
E7RESULT name=model_padded payload=28672 straddle_fraction=0.000000 straddle_count_one_period=0 expected_units_per_page=1.000000 dev_bytes_per_user_byte=1.142857 units_per_gib=37450
E7RESULT name=verdict r_rand_qd1=1.0759 r_seq=0.9221 random_ns_per_byte_padded=43.9332 random_ns_per_byte_h133=47.2679 seq_ns_per_byte_padded=0.5493 seq_ns_per_byte_h133=0.5066 crossover_random_share=0.012663
E7RESULT name=done emitted=22
