E7RESULT name=config dev=/tmp/e140.img size=8589934592 region=8589934592 units=262144 ops=4096 qd=16 seq_io=1048576 seq_user_bytes=536870912 unit=32768 page=4096 headers=105/133 padded_payload=28672 control_copy=1048576 seed=1 mode=none o_direct=true
E7RESULT name=warmup reads=16384 elapsed_ns=2817139103 sink=114688
E7RESULT name=rand_padded ops=4096 dev_bytes=134217728 user_bytes=16777216 elapsed_ns=727456861 verify_ns=36094270 copy_ns=0 straddled=0 units_per_op=1.00000 ns_per_op=177601.8 user_mib_per_s=21.994 proc_read_bytes=134217728 pr_over_devbytes=1.0000 sink=879986
E7RESULT name=randq_padded ops=4096 dev_bytes=134217728 user_bytes=16777216 elapsed_ns=94287936 verify_ns=35868427 copy_ns=0 straddled=0 units_per_op=1.00000 ns_per_op=23019.5 user_mib_per_s=169.693 proc_read_bytes=134217728 pr_over_devbytes=1.0000 sink=869668
E7RESULT name=seq_padded ops=586 dev_bytes=614465536 user_bytes=536883200 elapsed_ns=288188811 verify_ns=142016686 copy_ns=0 straddled=0 units_per_op=32.00000 ns_per_op=491789.8 user_mib_per_s=1776.654 proc_read_bytes=614465536 pr_over_devbytes=1.0000 sink=1110470
E7RESULT name=rand_h133 ops=4096 dev_bytes=151420928 user_bytes=16777216 elapsed_ns=793636923 verify_ns=39577169 copy_ns=168401 straddled=525 units_per_op=1.12817 ns_per_op=193759.0 user_mib_per_s=20.160 proc_read_bytes=151420928 pr_over_devbytes=1.0000 sink=794929
E7RESULT name=randq_h133 ops=4096 dev_bytes=150896640 user_bytes=16777216 elapsed_ns=99237074 verify_ns=39888832 copy_ns=176462 straddled=509 units_per_op=1.12427 ns_per_op=24227.8 user_mib_per_s=161.230 proc_read_bytes=150896640 pr_over_devbytes=1.0000 sink=791433
E7RESULT name=seq_h133 ops=515 dev_bytes=540016640 user_bytes=536878385 elapsed_ns=264989213 verify_ns=124435572 copy_ns=8441039 straddled=0 units_per_op=32.00000 ns_per_op=514542.2 user_mib_per_s=1932.181 proc_read_bytes=540016640 pr_over_devbytes=1.0000 sink=1041330
E7RESULT name=rand_h133_nocopy ops=4096 dev_bytes=151420928 user_bytes=16777216 elapsed_ns=793008515 verify_ns=39415872 copy_ns=0 straddled=525 units_per_op=1.12817 ns_per_op=193605.6 user_mib_per_s=20.176 proc_read_bytes=151420928 pr_over_devbytes=1.0000 sink=882079
E7RESULT name=randq_h133_nocopy ops=4096 dev_bytes=150896640 user_bytes=16777216 elapsed_ns=100405982 verify_ns=40215883 copy_ns=0 straddled=509 units_per_op=1.12427 ns_per_op=24513.2 user_mib_per_s=159.353 proc_read_bytes=150896640 pr_over_devbytes=1.0000 sink=875927
E7RESULT name=seq_h133_nocopy ops=515 dev_bytes=540016640 user_bytes=536878385 elapsed_ns=255166199 verify_ns=123169581 copy_ns=0 straddled=0 units_per_op=32.00000 ns_per_op=495468.3 user_mib_per_s=2006.563 proc_read_bytes=540016640 pr_over_devbytes=1.0000 sink=1041330
E7RESULT name=rand_h105 ops=4096 dev_bytes=151486464 user_bytes=16777216 elapsed_ns=792088645 verify_ns=39492971 copy_ns=169362 straddled=527 units_per_op=1.12866 ns_per_op=193381.0 user_mib_per_s=20.200 proc_read_bytes=151486464 pr_over_devbytes=1.0000 sink=792904
E7RESULT name=randq_h105 ops=4096 dev_bytes=151846912 user_bytes=16777216 elapsed_ns=101070897 verify_ns=40135983 copy_ns=177911 straddled=538 units_per_op=1.13135 ns_per_op=24675.5 user_mib_per_s=158.305 proc_read_bytes=151846912 pr_over_devbytes=1.0000 sink=787884
E7RESULT name=seq_h105 ops=514 dev_bytes=538968064 user_bytes=536881731 elapsed_ns=263395050 verify_ns=124090573 copy_ns=8515141 straddled=0 units_per_op=32.00000 ns_per_op=512441.7 user_mib_per_s=1943.887 proc_read_bytes=538968064 pr_over_devbytes=1.0000 sink=1047018
E7RESULT name=rand_h105_nocopy ops=4096 dev_bytes=151486464 user_bytes=16777216 elapsed_ns=791301616 verify_ns=39420045 copy_ns=0 straddled=527 units_per_op=1.12866 ns_per_op=193188.9 user_mib_per_s=20.220 proc_read_bytes=151486464 pr_over_devbytes=1.0000 sink=888291
E7RESULT name=randq_h105_nocopy ops=4096 dev_bytes=151846912 user_bytes=16777216 elapsed_ns=101415330 verify_ns=39941608 copy_ns=0 straddled=538 units_per_op=1.13135 ns_per_op=24759.6 user_mib_per_s=157.767 proc_read_bytes=151846912 pr_over_devbytes=1.0000 sink=885262
E7RESULT name=seq_h105_nocopy ops=514 dev_bytes=538968064 user_bytes=536881731 elapsed_ns=255763251 verify_ns=124543462 copy_ns=0 straddled=0 units_per_op=32.00000 ns_per_op=497593.9 user_mib_per_s=2001.892 proc_read_bytes=538968064 pr_over_devbytes=1.0000 sink=1047018
E7RESULT name=rand_ctl_copy1m ops=4096 dev_bytes=134217728 user_bytes=16777216 elapsed_ns=795942720 verify_ns=33635843 copy_ns=55032539 straddled=0 units_per_op=1.00000 ns_per_op=194322.0 user_mib_per_s=20.102 proc_read_bytes=134217728 pr_over_devbytes=1.0000 sink=1398754
E7RESULT name=model_h133 payload=32635 straddle_fraction=0.125479 straddle_count_one_period=4095 expected_units_per_page=1.125479 dev_bytes_per_user_byte=1.004075 units_per_gib=32902
E7RESULT name=model_h105 payload=32663 straddle_fraction=0.125371 straddle_count_one_period=4095 expected_units_per_page=1.125371 dev_bytes_per_user_byte=1.003215 units_per_gib=32874
E7RESULT name=model_padded payload=28672 straddle_fraction=0.000000 straddle_count_one_period=0 expected_units_per_page=1.000000 dev_bytes_per_user_byte=1.142857 units_per_gib=37450
E7RESULT name=verdict r_rand_qd1=1.0910 r_seq=0.9195 random_ns_per_byte_padded=43.3598 random_ns_per_byte_h133=47.3044 seq_ns_per_byte_padded=0.5368 seq_ns_per_byte_h133=0.4936 crossover_random_share=0.010835
E7RESULT name=done emitted=23
