E7RESULT name=config dev=/tmp/e140.img size=8589934592 region=8589934592 units=262144 ops=16384 qd=16 seq_io=1048576 seq_user_bytes=536870912 unit=32768 page=4096 headers=105/133 padded_payload=28672 control_copy=1048576 seed=1 mode=none o_direct=true
E7RESULT name=rand_padded ops=16384 dev_bytes=536870912 user_bytes=67108864 elapsed_ns=3350720579 verify_ns=140572640 copy_ns=0 straddled=0 units_per_op=1.00000 ns_per_op=204511.8 user_mib_per_s=19.100 proc_read_bytes=536870912 pr_over_devbytes=1.0000 sink=3503676
E7RESULT name=randq_padded ops=16384 dev_bytes=536870912 user_bytes=67108864 elapsed_ns=372295149 verify_ns=144436154 copy_ns=0 straddled=0 units_per_op=1.00000 ns_per_op=22723.1 user_mib_per_s=171.907 proc_read_bytes=536870912 pr_over_devbytes=1.0000 sink=3502646
E7RESULT name=seq_padded ops=586 dev_bytes=614465536 user_bytes=536883200 elapsed_ns=289734009 verify_ns=141980455 copy_ns=0 straddled=0 units_per_op=32.00000 ns_per_op=494426.6 user_mib_per_s=1767.179 proc_read_bytes=614465536 pr_over_devbytes=1.0000 sink=1110470
E7RESULT name=rand_h133 ops=16384 dev_bytes=604274688 user_bytes=67108864 elapsed_ns=3162415407 verify_ns=155741581 copy_ns=641403 straddled=2057 units_per_op=1.12555 ns_per_op=193018.5 user_mib_per_s=20.238 proc_read_bytes=604274688 pr_over_devbytes=1.0000 sink=3143775
E7RESULT name=randq_h133 ops=16384 dev_bytes=603389952 user_bytes=67108864 elapsed_ns=399246665 verify_ns=160143983 copy_ns=689291 straddled=2030 units_per_op=1.12390 ns_per_op=24368.1 user_mib_per_s=160.302 proc_read_bytes=603389952 pr_over_devbytes=1.0000 sink=3157325
E7RESULT name=seq_h133 ops=515 dev_bytes=540016640 user_bytes=536878385 elapsed_ns=266799446 verify_ns=124650838 copy_ns=10251561 straddled=0 units_per_op=32.00000 ns_per_op=518057.2 user_mib_per_s=1919.071 proc_read_bytes=540016640 pr_over_devbytes=1.0000 sink=1041330
E7RESULT name=rand_h133_nocopy ops=16384 dev_bytes=604274688 user_bytes=67108864 elapsed_ns=3161661253 verify_ns=156078668 copy_ns=0 straddled=2057 units_per_op=1.12555 ns_per_op=192972.5 user_mib_per_s=20.243 proc_read_bytes=604274688 pr_over_devbytes=1.0000 sink=3485237
E7RESULT name=randq_h133_nocopy ops=16384 dev_bytes=603389952 user_bytes=67108864 elapsed_ns=398116635 verify_ns=160684905 copy_ns=0 straddled=2030 units_per_op=1.12390 ns_per_op=24299.1 user_mib_per_s=160.757 proc_read_bytes=603389952 pr_over_devbytes=1.0000 sink=3494305
E7RESULT name=seq_h133_nocopy ops=515 dev_bytes=540016640 user_bytes=536878385 elapsed_ns=256635153 verify_ns=124731847 copy_ns=0 straddled=0 units_per_op=32.00000 ns_per_op=498320.7 user_mib_per_s=1995.078 proc_read_bytes=540016640 pr_over_devbytes=1.0000 sink=1041330
E7RESULT name=rand_h105 ops=16384 dev_bytes=604864512 user_bytes=67108864 elapsed_ns=3163281353 verify_ns=155919999 copy_ns=642679 straddled=2075 units_per_op=1.12665 ns_per_op=193071.4 user_mib_per_s=20.232 proc_read_bytes=604864512 pr_over_devbytes=1.0000 sink=3159905
E7RESULT name=randq_h105 ops=16384 dev_bytes=602963968 user_bytes=67108864 elapsed_ns=401082803 verify_ns=159405469 copy_ns=694907 straddled=2017 units_per_op=1.12311 ns_per_op=24480.2 user_mib_per_s=159.568 proc_read_bytes=602963968 pr_over_devbytes=1.0000 sink=3169942
E7RESULT name=seq_h105 ops=514 dev_bytes=538968064 user_bytes=536881731 elapsed_ns=263755004 verify_ns=124232789 copy_ns=8728547 straddled=0 units_per_op=32.00000 ns_per_op=513142.0 user_mib_per_s=1941.235 proc_read_bytes=538968064 pr_over_devbytes=1.0000 sink=1047018
E7RESULT name=rand_h105_nocopy ops=16384 dev_bytes=604864512 user_bytes=67108864 elapsed_ns=3160433431 verify_ns=155747829 copy_ns=0 straddled=2075 units_per_op=1.12665 ns_per_op=192897.5 user_mib_per_s=20.250 proc_read_bytes=604864512 pr_over_devbytes=1.0000 sink=3535480
E7RESULT name=randq_h105_nocopy ops=16384 dev_bytes=602963968 user_bytes=67108864 elapsed_ns=399705960 verify_ns=159828816 copy_ns=0 straddled=2017 units_per_op=1.12311 ns_per_op=24396.1 user_mib_per_s=160.118 proc_read_bytes=602963968 pr_over_devbytes=1.0000 sink=3535019
E7RESULT name=seq_h105_nocopy ops=514 dev_bytes=538968064 user_bytes=536881731 elapsed_ns=255518891 verify_ns=124242237 copy_ns=0 straddled=0 units_per_op=32.00000 ns_per_op=497118.5 user_mib_per_s=2003.806 proc_read_bytes=538968064 pr_over_devbytes=1.0000 sink=1047018
E7RESULT name=rand_ctl_copy1m ops=16384 dev_bytes=536870912 user_bytes=67108864 elapsed_ns=3217404798 verify_ns=133806419 copy_ns=224732553 straddled=0 units_per_op=1.00000 ns_per_op=196374.8 user_mib_per_s=19.892 proc_read_bytes=536870912 pr_over_devbytes=1.0000 sink=5602090
E7RESULT name=model_h133 payload=32635 straddle_fraction=0.125479 straddle_count_one_period=4095 expected_units_per_page=1.125479 dev_bytes_per_user_byte=1.004075 units_per_gib=32902
E7RESULT name=model_h105 payload=32663 straddle_fraction=0.125371 straddle_count_one_period=4095 expected_units_per_page=1.125371 dev_bytes_per_user_byte=1.003215 units_per_gib=32874
E7RESULT name=model_padded payload=28672 straddle_fraction=0.000000 straddle_count_one_period=0 expected_units_per_page=1.000000 dev_bytes_per_user_byte=1.142857 units_per_gib=37450
E7RESULT name=verdict r_rand_qd1=0.9438 r_seq=0.9209 random_ns_per_byte_padded=49.9296 random_ns_per_byte_h133=47.1237 seq_ns_per_byte_padded=0.5397 seq_ns_per_byte_h133=0.4969 crossover_random_share=NA
E7RESULT name=done emitted=22
E7RESULT name=config dev=/tmp/e140.img size=8589934592 region=8589934592 units=262144 ops=16384 qd=16 seq_io=1048576 seq_user_bytes=536870912 unit=32768 page=4096 headers=105/133 padded_payload=28672 control_copy=1048576 seed=2 mode=none o_direct=true
E7RESULT name=rand_padded ops=16384 dev_bytes=536870912 user_bytes=67108864 elapsed_ns=2909204161 verify_ns=142322283 copy_ns=0 straddled=0 units_per_op=1.00000 ns_per_op=177563.7 user_mib_per_s=21.999 proc_read_bytes=536870912 pr_over_devbytes=1.0000 sink=3514172
E7RESULT name=randq_padded ops=16384 dev_bytes=536870912 user_bytes=67108864 elapsed_ns=371294047 verify_ns=139310781 copy_ns=0 straddled=0 units_per_op=1.00000 ns_per_op=22662.0 user_mib_per_s=172.370 proc_read_bytes=536870912 pr_over_devbytes=1.0000 sink=3500644
E7RESULT name=seq_padded ops=586 dev_bytes=614465536 user_bytes=536883200 elapsed_ns=288823330 verify_ns=140953011 copy_ns=0 straddled=0 units_per_op=32.00000 ns_per_op=492872.6 user_mib_per_s=1772.751 proc_read_bytes=614465536 pr_over_devbytes=1.0000 sink=1110470
E7RESULT name=rand_h133 ops=16384 dev_bytes=602865664 user_bytes=67108864 elapsed_ns=3157108173 verify_ns=156413524 copy_ns=650277 straddled=2014 units_per_op=1.12292 ns_per_op=192694.6 user_mib_per_s=20.272 proc_read_bytes=602865664 pr_over_devbytes=1.0000 sink=3151253
E7RESULT name=randq_h133 ops=16384 dev_bytes=601194496 user_bytes=67108864 elapsed_ns=398852476 verify_ns=155480157 copy_ns=692626 straddled=1963 units_per_op=1.11981 ns_per_op=24344.0 user_mib_per_s=160.460 proc_read_bytes=601194496 pr_over_devbytes=1.0000 sink=3158907
E7RESULT name=seq_h133 ops=515 dev_bytes=540016640 user_bytes=536878385 elapsed_ns=267148832 verify_ns=124412614 copy_ns=10449758 straddled=0 units_per_op=32.00000 ns_per_op=518735.6 user_mib_per_s=1916.561 proc_read_bytes=540016640 pr_over_devbytes=1.0000 sink=1041330
E7RESULT name=rand_h133_nocopy ops=16384 dev_bytes=602865664 user_bytes=67108864 elapsed_ns=3155324444 verify_ns=156418346 copy_ns=0 straddled=2014 units_per_op=1.12292 ns_per_op=192585.7 user_mib_per_s=20.283 proc_read_bytes=602865664 pr_over_devbytes=1.0000 sink=3485577
E7RESULT name=randq_h133_nocopy ops=16384 dev_bytes=601194496 user_bytes=67108864 elapsed_ns=398396584 verify_ns=155202594 copy_ns=0 straddled=1963 units_per_op=1.11981 ns_per_op=24316.2 user_mib_per_s=160.644 proc_read_bytes=601194496 pr_over_devbytes=1.0000 sink=3484765
E7RESULT name=seq_h133_nocopy ops=515 dev_bytes=540016640 user_bytes=536878385 elapsed_ns=256609268 verify_ns=124156107 copy_ns=0 straddled=0 units_per_op=32.00000 ns_per_op=498270.4 user_mib_per_s=1995.279 proc_read_bytes=540016640 pr_over_devbytes=1.0000 sink=1041330
E7RESULT name=rand_h105 ops=16384 dev_bytes=604569600 user_bytes=67108864 elapsed_ns=3165238555 verify_ns=157076920 copy_ns=655464 straddled=2066 units_per_op=1.12610 ns_per_op=193190.8 user_mib_per_s=20.220 proc_read_bytes=604569600 pr_over_devbytes=1.0000 sink=3174971
E7RESULT name=randq_h105 ops=16384 dev_bytes=605454336 user_bytes=67108864 elapsed_ns=400330963 verify_ns=156293424 copy_ns=691238 straddled=2093 units_per_op=1.12775 ns_per_op=24434.3 user_mib_per_s=159.868 proc_read_bytes=605454336 pr_over_devbytes=1.0000 sink=3169077
E7RESULT name=seq_h105 ops=514 dev_bytes=538968064 user_bytes=536881731 elapsed_ns=267136920 verify_ns=124536862 copy_ns=10582724 straddled=0 units_per_op=32.00000 ns_per_op=519721.6 user_mib_per_s=1916.659 proc_read_bytes=538968064 pr_over_devbytes=1.0000 sink=1047018
E7RESULT name=rand_h105_nocopy ops=16384 dev_bytes=604569600 user_bytes=67108864 elapsed_ns=3163480585 verify_ns=157016296 copy_ns=0 straddled=2066 units_per_op=1.12610 ns_per_op=193083.5 user_mib_per_s=20.231 proc_read_bytes=604569600 pr_over_devbytes=1.0000 sink=3548917
E7RESULT name=randq_h105_nocopy ops=16384 dev_bytes=605454336 user_bytes=67108864 elapsed_ns=398003902 verify_ns=156958310 copy_ns=0 straddled=2093 units_per_op=1.12775 ns_per_op=24292.2 user_mib_per_s=160.802 proc_read_bytes=605454336 pr_over_devbytes=1.0000 sink=3547910
E7RESULT name=seq_h105_nocopy ops=514 dev_bytes=538968064 user_bytes=536881731 elapsed_ns=255998471 verify_ns=124527316 copy_ns=0 straddled=0 units_per_op=32.00000 ns_per_op=498051.5 user_mib_per_s=2000.052 proc_read_bytes=538968064 pr_over_devbytes=1.0000 sink=1047018
E7RESULT name=rand_ctl_copy1m ops=16384 dev_bytes=536870912 user_bytes=67108864 elapsed_ns=3236196372 verify_ns=136738709 copy_ns=226063098 straddled=0 units_per_op=1.00000 ns_per_op=197521.8 user_mib_per_s=19.776 proc_read_bytes=536870912 pr_over_devbytes=1.0000 sink=5603850
E7RESULT name=model_h133 payload=32635 straddle_fraction=0.125479 straddle_count_one_period=4095 expected_units_per_page=1.125479 dev_bytes_per_user_byte=1.004075 units_per_gib=32902
E7RESULT name=model_h105 payload=32663 straddle_fraction=0.125371 straddle_count_one_period=4095 expected_units_per_page=1.125371 dev_bytes_per_user_byte=1.003215 units_per_gib=32874
E7RESULT name=model_padded payload=28672 straddle_fraction=0.000000 straddle_count_one_period=0 expected_units_per_page=1.000000 dev_bytes_per_user_byte=1.142857 units_per_gib=37450
E7RESULT name=verdict r_rand_qd1=1.0852 r_seq=0.9250 random_ns_per_byte_padded=43.3505 random_ns_per_byte_h133=47.0446 seq_ns_per_byte_padded=0.5380 seq_ns_per_byte_h133=0.4976 crossover_random_share=0.010809
E7RESULT name=done emitted=22
E7RESULT name=config dev=/tmp/e140.img size=8589934592 region=8589934592 units=262144 ops=16384 qd=16 seq_io=1048576 seq_user_bytes=536870912 unit=32768 page=4096 headers=105/133 padded_payload=28672 control_copy=1048576 seed=3 mode=none o_direct=true
E7RESULT name=rand_padded ops=16384 dev_bytes=536870912 user_bytes=67108864 elapsed_ns=2908841034 verify_ns=142042034 copy_ns=0 straddled=0 units_per_op=1.00000 ns_per_op=177541.6 user_mib_per_s=22.002 proc_read_bytes=536870912 pr_over_devbytes=1.0000 sink=3514172
E7RESULT name=randq_padded ops=16384 dev_bytes=536870912 user_bytes=67108864 elapsed_ns=371441782 verify_ns=142866989 copy_ns=0 straddled=0 units_per_op=1.00000 ns_per_op=22671.0 user_mib_per_s=172.302 proc_read_bytes=536870912 pr_over_devbytes=1.0000 sink=3500644
E7RESULT name=seq_padded ops=586 dev_bytes=614465536 user_bytes=536883200 elapsed_ns=290146425 verify_ns=141288379 copy_ns=0 straddled=0 units_per_op=32.00000 ns_per_op=495130.4 user_mib_per_s=1764.667 proc_read_bytes=614465536 pr_over_devbytes=1.0000 sink=1110470
E7RESULT name=rand_h133 ops=16384 dev_bytes=602865664 user_bytes=67108864 elapsed_ns=3157108359 verify_ns=157351103 copy_ns=641760 straddled=2014 units_per_op=1.12292 ns_per_op=192694.6 user_mib_per_s=20.272 proc_read_bytes=602865664 pr_over_devbytes=1.0000 sink=3151253
E7RESULT name=randq_h133 ops=16384 dev_bytes=601194496 user_bytes=67108864 elapsed_ns=397491771 verify_ns=157296330 copy_ns=684340 straddled=1963 units_per_op=1.11981 ns_per_op=24261.0 user_mib_per_s=161.010 proc_read_bytes=601194496 pr_over_devbytes=1.0000 sink=3158907
E7RESULT name=seq_h133 ops=515 dev_bytes=540016640 user_bytes=536878385 elapsed_ns=265954606 verify_ns=123400335 copy_ns=10477651 straddled=0 units_per_op=32.00000 ns_per_op=516416.7 user_mib_per_s=1925.167 proc_read_bytes=540016640 pr_over_devbytes=1.0000 sink=1041330
E7RESULT name=rand_h133_nocopy ops=16384 dev_bytes=602865664 user_bytes=67108864 elapsed_ns=3156688515 verify_ns=157399430 copy_ns=0 straddled=2014 units_per_op=1.12292 ns_per_op=192669.0 user_mib_per_s=20.274 proc_read_bytes=602865664 pr_over_devbytes=1.0000 sink=3485577
E7RESULT name=randq_h133_nocopy ops=16384 dev_bytes=601194496 user_bytes=67108864 elapsed_ns=398147839 verify_ns=157680386 copy_ns=0 straddled=1963 units_per_op=1.11981 ns_per_op=24301.0 user_mib_per_s=160.744 proc_read_bytes=601194496 pr_over_devbytes=1.0000 sink=3484765
E7RESULT name=seq_h133_nocopy ops=515 dev_bytes=540016640 user_bytes=536878385 elapsed_ns=257078729 verify_ns=124576640 copy_ns=0 straddled=0 units_per_op=32.00000 ns_per_op=499182.0 user_mib_per_s=1991.636 proc_read_bytes=540016640 pr_over_devbytes=1.0000 sink=1041330
E7RESULT name=rand_h105 ops=16384 dev_bytes=604569600 user_bytes=67108864 elapsed_ns=3165638517 verify_ns=157736215 copy_ns=646129 straddled=2066 units_per_op=1.12610 ns_per_op=193215.2 user_mib_per_s=20.217 proc_read_bytes=604569600 pr_over_devbytes=1.0000 sink=3174971
E7RESULT name=randq_h105 ops=16384 dev_bytes=605454336 user_bytes=67108864 elapsed_ns=401103258 verify_ns=159485986 copy_ns=696163 straddled=2093 units_per_op=1.12775 ns_per_op=24481.4 user_mib_per_s=159.560 proc_read_bytes=605454336 pr_over_devbytes=1.0000 sink=3169077
E7RESULT name=seq_h105 ops=514 dev_bytes=538968064 user_bytes=536881731 elapsed_ns=268229864 verify_ns=125896453 copy_ns=10049119 straddled=0 units_per_op=32.00000 ns_per_op=521848.0 user_mib_per_s=1908.849 proc_read_bytes=538968064 pr_over_devbytes=1.0000 sink=1047018
E7RESULT name=rand_h105_nocopy ops=16384 dev_bytes=604569600 user_bytes=67108864 elapsed_ns=3164956881 verify_ns=158054161 copy_ns=0 straddled=2066 units_per_op=1.12610 ns_per_op=193173.6 user_mib_per_s=20.221 proc_read_bytes=604569600 pr_over_devbytes=1.0000 sink=3548917
E7RESULT name=randq_h105_nocopy ops=16384 dev_bytes=605454336 user_bytes=67108864 elapsed_ns=398854758 verify_ns=159049350 copy_ns=0 straddled=2093 units_per_op=1.12775 ns_per_op=24344.2 user_mib_per_s=160.459 proc_read_bytes=605454336 pr_over_devbytes=1.0000 sink=3547910
E7RESULT name=seq_h105_nocopy ops=514 dev_bytes=538968064 user_bytes=536881731 elapsed_ns=255983529 verify_ns=123656839 copy_ns=0 straddled=0 units_per_op=32.00000 ns_per_op=498022.4 user_mib_per_s=2000.169 proc_read_bytes=538968064 pr_over_devbytes=1.0000 sink=1047018
E7RESULT name=rand_ctl_copy1m ops=16384 dev_bytes=536870912 user_bytes=67108864 elapsed_ns=3201983379 verify_ns=136215223 copy_ns=222562039 straddled=0 units_per_op=1.00000 ns_per_op=195433.6 user_mib_per_s=19.988 proc_read_bytes=536870912 pr_over_devbytes=1.0000 sink=5603850
E7RESULT name=model_h133 payload=32635 straddle_fraction=0.125479 straddle_count_one_period=4095 expected_units_per_page=1.125479 dev_bytes_per_user_byte=1.004075 units_per_gib=32902
E7RESULT name=model_h105 payload=32663 straddle_fraction=0.125371 straddle_count_one_period=4095 expected_units_per_page=1.125371 dev_bytes_per_user_byte=1.003215 units_per_gib=32874
E7RESULT name=model_padded payload=28672 straddle_fraction=0.000000 straddle_count_one_period=0 expected_units_per_page=1.000000 dev_bytes_per_user_byte=1.142857 units_per_gib=37450
E7RESULT name=verdict r_rand_qd1=1.0853 r_seq=0.9166 random_ns_per_byte_padded=43.3451 random_ns_per_byte_h133=47.0446 seq_ns_per_byte_padded=0.5404 seq_ns_per_byte_h133=0.4954 crossover_random_share=0.012032
E7RESULT name=done emitted=22
E7RESULT name=config dev=/tmp/e140.img size=8589934592 region=8589934592 units=262144 ops=16384 qd=16 seq_io=1048576 seq_user_bytes=536870912 unit=32768 page=4096 headers=105/133 padded_payload=28672 control_copy=1048576 seed=4 mode=none o_direct=true
E7RESULT name=rand_padded ops=16384 dev_bytes=536870912 user_bytes=67108864 elapsed_ns=2921012946 verify_ns=147865356 copy_ns=0 straddled=0 units_per_op=1.00000 ns_per_op=178284.5 user_mib_per_s=21.910 proc_read_bytes=536870912 pr_over_devbytes=1.0000 sink=3526703
E7RESULT name=randq_padded ops=16384 dev_bytes=536870912 user_bytes=67108864 elapsed_ns=370421545 verify_ns=143630159 copy_ns=0 straddled=0 units_per_op=1.00000 ns_per_op=22608.7 user_mib_per_s=172.776 proc_read_bytes=536870912 pr_over_devbytes=1.0000 sink=3516888
E7RESULT name=seq_padded ops=586 dev_bytes=614465536 user_bytes=536883200 elapsed_ns=296157522 verify_ns=146588236 copy_ns=0 straddled=0 units_per_op=32.00000 ns_per_op=505388.3 user_mib_per_s=1728.849 proc_read_bytes=614465536 pr_over_devbytes=1.0000 sink=1110470
E7RESULT name=rand_h133 ops=16384 dev_bytes=602636288 user_bytes=67108864 elapsed_ns=3158107390 verify_ns=155021768 copy_ns=636932 straddled=2007 units_per_op=1.12250 ns_per_op=192755.6 user_mib_per_s=20.265 proc_read_bytes=602636288 pr_over_devbytes=1.0000 sink=3167508
E7RESULT name=randq_h133 ops=16384 dev_bytes=603357184 user_bytes=67108864 elapsed_ns=401669939 verify_ns=159975557 copy_ns=700242 straddled=2029 units_per_op=1.12384 ns_per_op=24516.0 user_mib_per_s=159.335 proc_read_bytes=603357184 pr_over_devbytes=1.0000 sink=3164509
E7RESULT name=seq_h133 ops=515 dev_bytes=540016640 user_bytes=536878385 elapsed_ns=270933318 verify_ns=128931280 copy_ns=8930971 straddled=0 units_per_op=32.00000 ns_per_op=526084.1 user_mib_per_s=1889.790 proc_read_bytes=540016640 pr_over_devbytes=1.0000 sink=1041330
E7RESULT name=rand_h133_nocopy ops=16384 dev_bytes=602636288 user_bytes=67108864 elapsed_ns=3158454407 verify_ns=155265632 copy_ns=0 straddled=2007 units_per_op=1.12250 ns_per_op=192776.8 user_mib_per_s=20.263 proc_read_bytes=602636288 pr_over_devbytes=1.0000 sink=3500670
E7RESULT name=randq_h133_nocopy ops=16384 dev_bytes=603357184 user_bytes=67108864 elapsed_ns=400392499 verify_ns=158464855 copy_ns=0 straddled=2029 units_per_op=1.12384 ns_per_op=24438.0 user_mib_per_s=159.843 proc_read_bytes=603357184 pr_over_devbytes=1.0000 sink=3501323
E7RESULT name=seq_h133_nocopy ops=515 dev_bytes=540016640 user_bytes=536878385 elapsed_ns=262004192 verify_ns=128565683 copy_ns=0 straddled=0 units_per_op=32.00000 ns_per_op=508746.0 user_mib_per_s=1954.194 proc_read_bytes=540016640 pr_over_devbytes=1.0000 sink=1041330
E7RESULT name=rand_h105 ops=16384 dev_bytes=605061120 user_bytes=67108864 elapsed_ns=3161601428 verify_ns=155690604 copy_ns=650068 straddled=2081 units_per_op=1.12701 ns_per_op=192968.8 user_mib_per_s=20.243 proc_read_bytes=605061120 pr_over_devbytes=1.0000 sink=3177785
E7RESULT name=randq_h105 ops=16384 dev_bytes=604602368 user_bytes=67108864 elapsed_ns=400835446 verify_ns=160452304 copy_ns=701262 straddled=2067 units_per_op=1.12616 ns_per_op=24465.1 user_mib_per_s=159.667 proc_read_bytes=604602368 pr_over_devbytes=1.0000 sink=3177760
E7RESULT name=seq_h105 ops=514 dev_bytes=538968064 user_bytes=536881731 elapsed_ns=269600844 verify_ns=128645572 copy_ns=8291748 straddled=0 units_per_op=32.00000 ns_per_op=524515.3 user_mib_per_s=1899.142 proc_read_bytes=538968064 pr_over_devbytes=1.0000 sink=1047018
E7RESULT name=rand_h105_nocopy ops=16384 dev_bytes=605061120 user_bytes=67108864 elapsed_ns=3161333519 verify_ns=155747269 copy_ns=0 straddled=2081 units_per_op=1.12701 ns_per_op=192952.5 user_mib_per_s=20.245 proc_read_bytes=605061120 pr_over_devbytes=1.0000 sink=3554446
E7RESULT name=randq_h105_nocopy ops=16384 dev_bytes=604602368 user_bytes=67108864 elapsed_ns=401751876 verify_ns=160276248 copy_ns=0 straddled=2067 units_per_op=1.12616 ns_per_op=24521.0 user_mib_per_s=159.302 proc_read_bytes=604602368 pr_over_devbytes=1.0000 sink=3551887
E7RESULT name=seq_h105_nocopy ops=514 dev_bytes=538968064 user_bytes=536881731 elapsed_ns=260543568 verify_ns=128317115 copy_ns=0 straddled=0 units_per_op=32.00000 ns_per_op=506894.1 user_mib_per_s=1965.162 proc_read_bytes=538968064 pr_over_devbytes=1.0000 sink=1047018
E7RESULT name=rand_ctl_copy1m ops=16384 dev_bytes=536870912 user_bytes=67108864 elapsed_ns=3215482178 verify_ns=134216042 copy_ns=224581486 straddled=0 units_per_op=1.00000 ns_per_op=196257.5 user_mib_per_s=19.904 proc_read_bytes=536870912 pr_over_devbytes=1.0000 sink=5607082
E7RESULT name=model_h133 payload=32635 straddle_fraction=0.125479 straddle_count_one_period=4095 expected_units_per_page=1.125479 dev_bytes_per_user_byte=1.004075 units_per_gib=32902
E7RESULT name=model_h105 payload=32663 straddle_fraction=0.125371 straddle_count_one_period=4095 expected_units_per_page=1.125371 dev_bytes_per_user_byte=1.003215 units_per_gib=32874
E7RESULT name=model_padded payload=28672 straddle_fraction=0.000000 straddle_count_one_period=0 expected_units_per_page=1.000000 dev_bytes_per_user_byte=1.142857 units_per_gib=37450
E7RESULT name=verdict r_rand_qd1=1.0812 r_seq=0.9148 random_ns_per_byte_padded=43.5265 random_ns_per_byte_h133=47.0595 seq_ns_per_byte_padded=0.5516 seq_ns_per_byte_h133=0.5046 crossover_random_share=0.013123
E7RESULT name=done emitted=22
E7RESULT name=config dev=/tmp/e140.img size=8589934592 region=8589934592 units=262144 ops=16384 qd=16 seq_io=1048576 seq_user_bytes=536870912 unit=32768 page=4096 headers=105/133 padded_payload=28672 control_copy=1048576 seed=5 mode=none o_direct=true
E7RESULT name=rand_padded ops=16384 dev_bytes=536870912 user_bytes=67108864 elapsed_ns=2907567790 verify_ns=140623410 copy_ns=0 straddled=0 units_per_op=1.00000 ns_per_op=177463.9 user_mib_per_s=22.012 proc_read_bytes=536870912 pr_over_devbytes=1.0000 sink=3526703
E7RESULT name=randq_padded ops=16384 dev_bytes=536870912 user_bytes=67108864 elapsed_ns=370676993 verify_ns=141574883 copy_ns=0 straddled=0 units_per_op=1.00000 ns_per_op=22624.3 user_mib_per_s=172.657 proc_read_bytes=536870912 pr_over_devbytes=1.0000 sink=3516888
E7RESULT name=seq_padded ops=586 dev_bytes=614465536 user_bytes=536883200 elapsed_ns=295438921 verify_ns=146299269 copy_ns=0 straddled=0 units_per_op=32.00000 ns_per_op=504162.0 user_mib_per_s=1733.054 proc_read_bytes=614465536 pr_over_devbytes=1.0000 sink=1110470
E7RESULT name=rand_h133 ops=16384 dev_bytes=602636288 user_bytes=67108864 elapsed_ns=3158535182 verify_ns=155072852 copy_ns=637456 straddled=2007 units_per_op=1.12250 ns_per_op=192781.7 user_mib_per_s=20.263 proc_read_bytes=602636288 pr_over_devbytes=1.0000 sink=3167508
E7RESULT name=randq_h133 ops=16384 dev_bytes=603357184 user_bytes=67108864 elapsed_ns=399550982 verify_ns=155541236 copy_ns=687224 straddled=2029 units_per_op=1.12384 ns_per_op=24386.7 user_mib_per_s=160.180 proc_read_bytes=603357184 pr_over_devbytes=1.0000 sink=3164509
E7RESULT name=seq_h133 ops=515 dev_bytes=540016640 user_bytes=536878385 elapsed_ns=272414749 verify_ns=129757587 copy_ns=10154766 straddled=0 units_per_op=32.00000 ns_per_op=528960.7 user_mib_per_s=1879.513 proc_read_bytes=540016640 pr_over_devbytes=1.0000 sink=1041330
E7RESULT name=rand_h133_nocopy ops=16384 dev_bytes=602636288 user_bytes=67108864 elapsed_ns=3170834699 verify_ns=163168653 copy_ns=0 straddled=2007 units_per_op=1.12250 ns_per_op=193532.4 user_mib_per_s=20.184 proc_read_bytes=602636288 pr_over_devbytes=1.0000 sink=3500670
E7RESULT name=randq_h133_nocopy ops=16384 dev_bytes=603357184 user_bytes=67108864 elapsed_ns=399060510 verify_ns=157260247 copy_ns=0 straddled=2029 units_per_op=1.12384 ns_per_op=24356.7 user_mib_per_s=160.377 proc_read_bytes=603357184 pr_over_devbytes=1.0000 sink=3501323
E7RESULT name=seq_h133_nocopy ops=515 dev_bytes=540016640 user_bytes=536878385 elapsed_ns=262025531 verify_ns=129244615 copy_ns=0 straddled=0 units_per_op=32.00000 ns_per_op=508787.4 user_mib_per_s=1954.035 proc_read_bytes=540016640 pr_over_devbytes=1.0000 sink=1041330
E7RESULT name=rand_h105 ops=16384 dev_bytes=605061120 user_bytes=67108864 elapsed_ns=3164423157 verify_ns=156004457 copy_ns=647113 straddled=2081 units_per_op=1.12701 ns_per_op=193141.1 user_mib_per_s=20.225 proc_read_bytes=605061120 pr_over_devbytes=1.0000 sink=3177785
E7RESULT name=randq_h105 ops=16384 dev_bytes=604602368 user_bytes=67108864 elapsed_ns=400927798 verify_ns=157513189 copy_ns=698047 straddled=2067 units_per_op=1.12616 ns_per_op=24470.7 user_mib_per_s=159.630 proc_read_bytes=604602368 pr_over_devbytes=1.0000 sink=3177760
E7RESULT name=seq_h105 ops=514 dev_bytes=538968064 user_bytes=536881731 elapsed_ns=269230919 verify_ns=128494680 copy_ns=8180852 straddled=0 units_per_op=32.00000 ns_per_op=523795.6 user_mib_per_s=1901.752 proc_read_bytes=538968064 pr_over_devbytes=1.0000 sink=1047018
E7RESULT name=rand_h105_nocopy ops=16384 dev_bytes=605061120 user_bytes=67108864 elapsed_ns=3163119892 verify_ns=156030024 copy_ns=0 straddled=2081 units_per_op=1.12701 ns_per_op=193061.5 user_mib_per_s=20.233 proc_read_bytes=605061120 pr_over_devbytes=1.0000 sink=3554446
E7RESULT name=randq_h105_nocopy ops=16384 dev_bytes=604602368 user_bytes=67108864 elapsed_ns=399704720 verify_ns=157234582 copy_ns=0 straddled=2067 units_per_op=1.12616 ns_per_op=24396.0 user_mib_per_s=160.118 proc_read_bytes=604602368 pr_over_devbytes=1.0000 sink=3551887
E7RESULT name=seq_h105_nocopy ops=514 dev_bytes=538968064 user_bytes=536881731 elapsed_ns=260319195 verify_ns=128569796 copy_ns=0 straddled=0 units_per_op=32.00000 ns_per_op=506457.6 user_mib_per_s=1966.856 proc_read_bytes=538968064 pr_over_devbytes=1.0000 sink=1047018
E7RESULT name=rand_ctl_copy1m ops=16384 dev_bytes=536870912 user_bytes=67108864 elapsed_ns=3182127367 verify_ns=133286722 copy_ns=221453321 straddled=0 units_per_op=1.00000 ns_per_op=194221.6 user_mib_per_s=20.112 proc_read_bytes=536870912 pr_over_devbytes=1.0000 sink=5607082
E7RESULT name=model_h133 payload=32635 straddle_fraction=0.125479 straddle_count_one_period=4095 expected_units_per_page=1.125479 dev_bytes_per_user_byte=1.004075 units_per_gib=32902
E7RESULT name=model_h105 payload=32663 straddle_fraction=0.125371 straddle_count_one_period=4095 expected_units_per_page=1.125371 dev_bytes_per_user_byte=1.003215 units_per_gib=32874
E7RESULT name=model_padded payload=28672 straddle_fraction=0.000000 straddle_count_one_period=0 expected_units_per_page=1.000000 dev_bytes_per_user_byte=1.142857 units_per_gib=37450
E7RESULT name=verdict r_rand_qd1=1.0863 r_seq=0.9221 random_ns_per_byte_padded=43.3261 random_ns_per_byte_h133=47.0658 seq_ns_per_byte_padded=0.5503 seq_ns_per_byte_h133=0.5074 crossover_random_share=0.011336
E7RESULT name=done emitted=22
