E7RESULT name=config dev=/tmp/e140.img size=8589934592 region=8589934592 units=262144 ops=16384 qd=16 seq_io=1048576 seq_user_bytes=536870912 unit=32768 page=4096 headers=105/133 padded_payload=28672 control_copy=1048576 seed=1 mode=none o_direct=true
E7RESULT name=rand_padded ops=16384 dev_bytes=536870912 user_bytes=67108864 elapsed_ns=3381661408 verify_ns=141095204 copy_ns=0 straddled=0 units_per_op=1.00000 ns_per_op=206400.2 user_mib_per_s=18.926 proc_read_bytes=536870912 pr_over_devbytes=1.0000 sink=3503676
E7RESULT name=randq_padded ops=16384 dev_bytes=536870912 user_bytes=67108864 elapsed_ns=372101576 verify_ns=141617678 copy_ns=0 straddled=0 units_per_op=1.00000 ns_per_op=22711.3 user_mib_per_s=171.996 proc_read_bytes=536870912 pr_over_devbytes=1.0000 sink=3502646
E7RESULT name=seq_padded ops=586 dev_bytes=614465536 user_bytes=536883200 elapsed_ns=292561659 verify_ns=144591298 copy_ns=0 straddled=0 units_per_op=32.00000 ns_per_op=499252.0 user_mib_per_s=1750.098 proc_read_bytes=614465536 pr_over_devbytes=1.0000 sink=1110470
E7RESULT name=rand_h133 ops=16384 dev_bytes=604274688 user_bytes=67108864 elapsed_ns=3178868186 verify_ns=157329177 copy_ns=663218 straddled=2057 units_per_op=1.12555 ns_per_op=194022.7 user_mib_per_s=20.133 proc_read_bytes=604274688 pr_over_devbytes=1.0000 sink=3143775
E7RESULT name=randq_h133 ops=16384 dev_bytes=603389952 user_bytes=67108864 elapsed_ns=400655738 verify_ns=157346185 copy_ns=706259 straddled=2030 units_per_op=1.12390 ns_per_op=24454.1 user_mib_per_s=159.738 proc_read_bytes=603389952 pr_over_devbytes=1.0000 sink=3157325
E7RESULT name=seq_h133 ops=515 dev_bytes=540016640 user_bytes=536878385 elapsed_ns=269466470 verify_ns=127188610 copy_ns=9316577 straddled=0 units_per_op=32.00000 ns_per_op=523235.9 user_mib_per_s=1900.077 proc_read_bytes=540016640 pr_over_devbytes=1.0000 sink=1041330
E7RESULT name=rand_h133_nocopy ops=16384 dev_bytes=604274688 user_bytes=67108864 elapsed_ns=3192168788 verify_ns=157035007 copy_ns=0 straddled=2057 units_per_op=1.12555 ns_per_op=194834.5 user_mib_per_s=20.049 proc_read_bytes=604274688 pr_over_devbytes=1.0000 sink=3485237
E7RESULT name=randq_h133_nocopy ops=16384 dev_bytes=603389952 user_bytes=67108864 elapsed_ns=402515092 verify_ns=157374139 copy_ns=0 straddled=2030 units_per_op=1.12390 ns_per_op=24567.6 user_mib_per_s=159.000 proc_read_bytes=603389952 pr_over_devbytes=1.0000 sink=3494305
E7RESULT name=seq_h133_nocopy ops=515 dev_bytes=540016640 user_bytes=536878385 elapsed_ns=259928094 verify_ns=126848966 copy_ns=0 straddled=0 units_per_op=32.00000 ns_per_op=504714.7 user_mib_per_s=1969.803 proc_read_bytes=540016640 pr_over_devbytes=1.0000 sink=1041330
E7RESULT name=rand_h105 ops=16384 dev_bytes=604864512 user_bytes=67108864 elapsed_ns=3193842401 verify_ns=156688509 copy_ns=660325 straddled=2075 units_per_op=1.12665 ns_per_op=194936.7 user_mib_per_s=20.039 proc_read_bytes=604864512 pr_over_devbytes=1.0000 sink=3159905
E7RESULT name=randq_h105 ops=16384 dev_bytes=602963968 user_bytes=67108864 elapsed_ns=402733570 verify_ns=157288500 copy_ns=697857 straddled=2017 units_per_op=1.12311 ns_per_op=24580.9 user_mib_per_s=158.914 proc_read_bytes=602963968 pr_over_devbytes=1.0000 sink=3169942
E7RESULT name=seq_h105 ops=514 dev_bytes=538968064 user_bytes=536881731 elapsed_ns=268981338 verify_ns=126825003 copy_ns=8969249 straddled=0 units_per_op=32.00000 ns_per_op=523310.0 user_mib_per_s=1903.516 proc_read_bytes=538968064 pr_over_devbytes=1.0000 sink=1047018
E7RESULT name=rand_h105_nocopy ops=16384 dev_bytes=604864512 user_bytes=67108864 elapsed_ns=3191971094 verify_ns=156926193 copy_ns=0 straddled=2075 units_per_op=1.12665 ns_per_op=194822.5 user_mib_per_s=20.050 proc_read_bytes=604864512 pr_over_devbytes=1.0000 sink=3535480
E7RESULT name=randq_h105_nocopy ops=16384 dev_bytes=602963968 user_bytes=67108864 elapsed_ns=411341186 verify_ns=158832333 copy_ns=0 straddled=2017 units_per_op=1.12311 ns_per_op=25106.3 user_mib_per_s=155.589 proc_read_bytes=602963968 pr_over_devbytes=1.0000 sink=3535019
E7RESULT name=seq_h105_nocopy ops=514 dev_bytes=538968064 user_bytes=536881731 elapsed_ns=258936854 verify_ns=126968856 copy_ns=0 straddled=0 units_per_op=32.00000 ns_per_op=503768.2 user_mib_per_s=1977.356 proc_read_bytes=538968064 pr_over_devbytes=1.0000 sink=1047018
E7RESULT name=rand_ctl_copy1m ops=16384 dev_bytes=536870912 user_bytes=67108864 elapsed_ns=3233401690 verify_ns=135521302 copy_ns=224026985 straddled=0 units_per_op=1.00000 ns_per_op=197351.2 user_mib_per_s=19.793 proc_read_bytes=536870912 pr_over_devbytes=1.0000 sink=5602090
E7RESULT name=model_h133 payload=32635 straddle_fraction=0.125479 straddle_count_one_period=4095 expected_units_per_page=1.125479 dev_bytes_per_user_byte=1.004075 units_per_gib=32902
E7RESULT name=model_h105 payload=32663 straddle_fraction=0.125371 straddle_count_one_period=4095 expected_units_per_page=1.125371 dev_bytes_per_user_byte=1.003215 units_per_gib=32874
E7RESULT name=model_padded payload=28672 straddle_fraction=0.000000 straddle_count_one_period=0 expected_units_per_page=1.000000 dev_bytes_per_user_byte=1.142857 units_per_gib=37450
E7RESULT name=verdict r_rand_qd1=0.9400 r_seq=0.9211 random_ns_per_byte_padded=50.3907 random_ns_per_byte_h133=47.3688 seq_ns_per_byte_padded=0.5449 seq_ns_per_byte_h133=0.5019 crossover_random_share=NA
E7RESULT name=done emitted=22
E7RESULT name=config dev=/tmp/e140.img size=8589934592 region=8589934592 units=262144 ops=16384 qd=16 seq_io=1048576 seq_user_bytes=536870912 unit=32768 page=4096 headers=105/133 padded_payload=28672 control_copy=1048576 seed=2 mode=none o_direct=true
E7RESULT name=rand_padded ops=16384 dev_bytes=536870912 user_bytes=67108864 elapsed_ns=2930126296 verify_ns=145780124 copy_ns=0 straddled=0 units_per_op=1.00000 ns_per_op=178840.7 user_mib_per_s=21.842 proc_read_bytes=536870912 pr_over_devbytes=1.0000 sink=3514172
E7RESULT name=randq_padded ops=16384 dev_bytes=536870912 user_bytes=67108864 elapsed_ns=374687242 verify_ns=141391452 copy_ns=0 straddled=0 units_per_op=1.00000 ns_per_op=22869.1 user_mib_per_s=170.809 proc_read_bytes=536870912 pr_over_devbytes=1.0000 sink=3500644
E7RESULT name=seq_padded ops=586 dev_bytes=614465536 user_bytes=536883200 elapsed_ns=290270988 verify_ns=143326160 copy_ns=0 straddled=0 units_per_op=32.00000 ns_per_op=495343.0 user_mib_per_s=1763.909 proc_read_bytes=614465536 pr_over_devbytes=1.0000 sink=1110470
E7RESULT name=rand_h133 ops=16384 dev_bytes=602865664 user_bytes=67108864 elapsed_ns=3187926811 verify_ns=158077278 copy_ns=678700 straddled=2014 units_per_op=1.12292 ns_per_op=194575.6 user_mib_per_s=20.076 proc_read_bytes=602865664 pr_over_devbytes=1.0000 sink=3151253
E7RESULT name=randq_h133 ops=16384 dev_bytes=601194496 user_bytes=67108864 elapsed_ns=401700307 verify_ns=156739637 copy_ns=694196 straddled=1963 units_per_op=1.11981 ns_per_op=24517.8 user_mib_per_s=159.323 proc_read_bytes=601194496 pr_over_devbytes=1.0000 sink=3158907
E7RESULT name=seq_h133 ops=515 dev_bytes=540016640 user_bytes=536878385 elapsed_ns=269748443 verify_ns=126276793 copy_ns=10784712 straddled=0 units_per_op=32.00000 ns_per_op=523783.4 user_mib_per_s=1898.091 proc_read_bytes=540016640 pr_over_devbytes=1.0000 sink=1041330
E7RESULT name=rand_h133_nocopy ops=16384 dev_bytes=602865664 user_bytes=67108864 elapsed_ns=3182634174 verify_ns=157653583 copy_ns=0 straddled=2014 units_per_op=1.12292 ns_per_op=194252.6 user_mib_per_s=20.109 proc_read_bytes=602865664 pr_over_devbytes=1.0000 sink=3485577
E7RESULT name=randq_h133_nocopy ops=16384 dev_bytes=601194496 user_bytes=67108864 elapsed_ns=401746565 verify_ns=156363445 copy_ns=0 straddled=1963 units_per_op=1.11981 ns_per_op=24520.7 user_mib_per_s=159.304 proc_read_bytes=601194496 pr_over_devbytes=1.0000 sink=3484765
E7RESULT name=seq_h133_nocopy ops=515 dev_bytes=540016640 user_bytes=536878385 elapsed_ns=258064323 verify_ns=126209656 copy_ns=0 straddled=0 units_per_op=32.00000 ns_per_op=501095.8 user_mib_per_s=1984.029 proc_read_bytes=540016640 pr_over_devbytes=1.0000 sink=1041330
E7RESULT name=rand_h105 ops=16384 dev_bytes=604569600 user_bytes=67108864 elapsed_ns=3198321639 verify_ns=158495981 copy_ns=664858 straddled=2066 units_per_op=1.12610 ns_per_op=195210.1 user_mib_per_s=20.010 proc_read_bytes=604569600 pr_over_devbytes=1.0000 sink=3174971
E7RESULT name=randq_h105 ops=16384 dev_bytes=605454336 user_bytes=67108864 elapsed_ns=400761037 verify_ns=158396723 copy_ns=698698 straddled=2093 units_per_op=1.12775 ns_per_op=24460.5 user_mib_per_s=159.696 proc_read_bytes=605454336 pr_over_devbytes=1.0000 sink=3169077
E7RESULT name=seq_h105 ops=514 dev_bytes=538968064 user_bytes=536881731 elapsed_ns=266683219 verify_ns=125791866 copy_ns=10504693 straddled=0 units_per_op=32.00000 ns_per_op=518838.9 user_mib_per_s=1919.920 proc_read_bytes=538968064 pr_over_devbytes=1.0000 sink=1047018
