E7RESULT name=config dev=/tmp/e140.img size=8589934592 region=8589934592 units=262144 ops=16384 qd=16 seq_io=1048576 seq_user_bytes=536870912 unit=32768 page=4096 headers=105/133 padded_payload=28672 control_copy=1048576 seed=1 mode=none o_direct=true
E7RESULT name=warmup reads=16384 elapsed_ns=3264031087 sink=114688
E7RESULT name=rand_padded ops=16384 dev_bytes=536870912 user_bytes=67108864 elapsed_ns=2922883818 verify_ns=142569222 copy_ns=0 straddled=0 units_per_op=1.00000 ns_per_op=178398.7 user_mib_per_s=21.896 proc_read_bytes=536870912 pr_over_devbytes=1.0000 sink=3515688
E7RESULT name=randq_padded ops=16384 dev_bytes=536870912 user_bytes=67108864 elapsed_ns=370200444 verify_ns=146501677 copy_ns=0 straddled=0 units_per_op=1.00000 ns_per_op=22595.2 user_mib_per_s=172.879 proc_read_bytes=536870912 pr_over_devbytes=1.0000 sink=3490086
E7RESULT name=seq_padded ops=586 dev_bytes=614465536 user_bytes=536883200 elapsed_ns=291480921 verify_ns=144523441 copy_ns=0 straddled=0 units_per_op=32.00000 ns_per_op=497407.7 user_mib_per_s=1756.587 proc_read_bytes=614465536 pr_over_devbytes=1.0000 sink=1110470
E7RESULT name=rand_h133 ops=16384 dev_bytes=605061120 user_bytes=67108864 elapsed_ns=3174454908 verify_ns=148817114 copy_ns=778305 straddled=2081 units_per_op=1.12701 ns_per_op=193753.4 user_mib_per_s=20.161 proc_read_bytes=605061120 pr_over_devbytes=1.0000 sink=3170868
E7RESULT name=randq_h133 ops=16384 dev_bytes=604504064 user_bytes=67108864 elapsed_ns=399946698 verify_ns=162771431 copy_ns=785426 straddled=2064 units_per_op=1.12598 ns_per_op=24410.8 user_mib_per_s=160.021 proc_read_bytes=604504064 pr_over_devbytes=1.0000 sink=3164043
E7RESULT name=seq_h133 ops=515 dev_bytes=540016640 user_bytes=536878385 elapsed_ns=266880190 verify_ns=126198606 copy_ns=8575762 straddled=0 units_per_op=32.00000 ns_per_op=518214.0 user_mib_per_s=1918.491 proc_read_bytes=540016640 pr_over_devbytes=1.0000 sink=1041330
E7RESULT name=rand_h133_nocopy ops=16384 dev_bytes=605061120 user_bytes=67108864 elapsed_ns=3214200873 verify_ns=151782014 copy_ns=0 straddled=2081 units_per_op=1.12701 ns_per_op=196179.3 user_mib_per_s=19.912 proc_read_bytes=605061120 pr_over_devbytes=1.0000 sink=3516314
E7RESULT name=randq_h133_nocopy ops=16384 dev_bytes=604504064 user_bytes=67108864 elapsed_ns=397315761 verify_ns=164463618 copy_ns=0 straddled=2064 units_per_op=1.12598 ns_per_op=24250.2 user_mib_per_s=161.081 proc_read_bytes=604504064 pr_over_devbytes=1.0000 sink=3506667
E7RESULT name=seq_h133_nocopy ops=515 dev_bytes=540016640 user_bytes=536878385 elapsed_ns=262208499 verify_ns=128829581 copy_ns=0 straddled=0 units_per_op=32.00000 ns_per_op=509142.7 user_mib_per_s=1952.672 proc_read_bytes=540016640 pr_over_devbytes=1.0000 sink=1041330
E7RESULT name=rand_h105 ops=16384 dev_bytes=603127808 user_bytes=67108864 elapsed_ns=3184894914 verify_ns=150705660 copy_ns=808186 straddled=2022 units_per_op=1.12341 ns_per_op=194390.6 user_mib_per_s=20.095 proc_read_bytes=603127808 pr_over_devbytes=1.0000 sink=3166217
E7RESULT name=randq_h105 ops=16384 dev_bytes=602898432 user_bytes=67108864 elapsed_ns=397238395 verify_ns=163904792 copy_ns=794691 straddled=2015 units_per_op=1.12299 ns_per_op=24245.5 user_mib_per_s=161.112 proc_read_bytes=602898432 pr_over_devbytes=1.0000 sink=3153168
E7RESULT name=seq_h105 ops=514 dev_bytes=538968064 user_bytes=536881731 elapsed_ns=269106891 verify_ns=126381652 copy_ns=8590351 straddled=0 units_per_op=32.00000 ns_per_op=523554.3 user_mib_per_s=1902.628 proc_read_bytes=538968064 pr_over_devbytes=1.0000 sink=1047018
E7RESULT name=rand_h105_nocopy ops=16384 dev_bytes=603127808 user_bytes=67108864 elapsed_ns=3184263696 verify_ns=150830127 copy_ns=0 straddled=2022 units_per_op=1.12341 ns_per_op=194352.0 user_mib_per_s=20.099 proc_read_bytes=603127808 pr_over_devbytes=1.0000 sink=3532199
E7RESULT name=randq_h105_nocopy ops=16384 dev_bytes=602898432 user_bytes=67108864 elapsed_ns=398579500 verify_ns=163621031 copy_ns=0 straddled=2015 units_per_op=1.12299 ns_per_op=24327.4 user_mib_per_s=160.570 proc_read_bytes=602898432 pr_over_devbytes=1.0000 sink=3517883
E7RESULT name=seq_h105_nocopy ops=514 dev_bytes=538968064 user_bytes=536881731 elapsed_ns=263313751 verify_ns=128690547 copy_ns=0 straddled=0 units_per_op=32.00000 ns_per_op=512283.6 user_mib_per_s=1944.488 proc_read_bytes=538968064 pr_over_devbytes=1.0000 sink=1047018
E7RESULT name=rand_ctl_copy1m ops=16384 dev_bytes=536870912 user_bytes=67108864 elapsed_ns=3277741218 verify_ns=135842536 copy_ns=237969365 straddled=0 units_per_op=1.00000 ns_per_op=200057.4 user_mib_per_s=19.526 proc_read_bytes=536870912 pr_over_devbytes=1.0000 sink=5592766
E7RESULT name=model_h133 payload=32635 straddle_fraction=0.125479 straddle_count_one_period=4095 expected_units_per_page=1.125479 dev_bytes_per_user_byte=1.004075 units_per_gib=32902
E7RESULT name=model_h105 payload=32663 straddle_fraction=0.125371 straddle_count_one_period=4095 expected_units_per_page=1.125371 dev_bytes_per_user_byte=1.003215 units_per_gib=32874
E7RESULT name=model_padded payload=28672 straddle_fraction=0.000000 straddle_count_one_period=0 expected_units_per_page=1.000000 dev_bytes_per_user_byte=1.142857 units_per_gib=37450
E7RESULT name=verdict r_rand_qd1=1.0861 r_seq=0.9156 random_ns_per_byte_padded=43.5544 random_ns_per_byte_h133=47.3031 seq_ns_per_byte_padded=0.5429 seq_ns_per_byte_h133=0.4971 crossover_random_share=0.012075
E7RESULT name=done emitted=23
E7RESULT name=config dev=/tmp/e140.img size=8589934592 region=8589934592 units=262144 ops=16384 qd=16 seq_io=1048576 seq_user_bytes=536870912 unit=32768 page=4096 headers=105/133 padded_payload=28672 control_copy=1048576 seed=2 mode=none o_direct=true
E7RESULT name=warmup reads=16384 elapsed_ns=2832624600 sink=114688
E7RESULT name=rand_padded ops=16384 dev_bytes=536870912 user_bytes=67108864 elapsed_ns=2953137990 verify_ns=148190889 copy_ns=0 straddled=0 units_per_op=1.00000 ns_per_op=180245.2 user_mib_per_s=21.672 proc_read_bytes=536870912 pr_over_devbytes=1.0000 sink=3515587
E7RESULT name=randq_padded ops=16384 dev_bytes=536870912 user_bytes=67108864 elapsed_ns=371572823 verify_ns=150530406 copy_ns=0 straddled=0 units_per_op=1.00000 ns_per_op=22679.0 user_mib_per_s=172.241 proc_read_bytes=536870912 pr_over_devbytes=1.0000 sink=3508435
E7RESULT name=seq_padded ops=586 dev_bytes=614465536 user_bytes=536883200 elapsed_ns=297567853 verify_ns=146788820 copy_ns=0 straddled=0 units_per_op=32.00000 ns_per_op=507795.0 user_mib_per_s=1720.655 proc_read_bytes=614465536 pr_over_devbytes=1.0000 sink=1110470
E7RESULT name=rand_h133 ops=16384 dev_bytes=604897280 user_bytes=67108864 elapsed_ns=3203314008 verify_ns=163467936 copy_ns=793513 straddled=2076 units_per_op=1.12671 ns_per_op=195514.8 user_mib_per_s=19.979 proc_read_bytes=604897280 pr_over_devbytes=1.0000 sink=3151552
E7RESULT name=randq_h133 ops=16384 dev_bytes=605192192 user_bytes=67108864 elapsed_ns=400139584 verify_ns=166770716 copy_ns=801030 straddled=2085 units_per_op=1.12726 ns_per_op=24422.6 user_mib_per_s=159.944 proc_read_bytes=605192192 pr_over_devbytes=1.0000 sink=3180458
E7RESULT name=seq_h133 ops=515 dev_bytes=540016640 user_bytes=536878385 elapsed_ns=272202178 verify_ns=127867359 copy_ns=9701669 straddled=0 units_per_op=32.00000 ns_per_op=528547.9 user_mib_per_s=1880.981 proc_read_bytes=540016640 pr_over_devbytes=1.0000 sink=1041330
E7RESULT name=rand_h133_nocopy ops=16384 dev_bytes=604897280 user_bytes=67108864 elapsed_ns=3200697995 verify_ns=163597305 copy_ns=0 straddled=2076 units_per_op=1.12671 ns_per_op=195355.1 user_mib_per_s=19.996 proc_read_bytes=604897280 pr_over_devbytes=1.0000 sink=3496168
E7RESULT name=randq_h133_nocopy ops=16384 dev_bytes=605192192 user_bytes=67108864 elapsed_ns=401047786 verify_ns=166184181 copy_ns=0 straddled=2085 units_per_op=1.12726 ns_per_op=24478.0 user_mib_per_s=159.582 proc_read_bytes=605192192 pr_over_devbytes=1.0000 sink=3526568
E7RESULT name=seq_h133_nocopy ops=515 dev_bytes=540016640 user_bytes=536878385 elapsed_ns=262196686 verify_ns=127733445 copy_ns=0 straddled=0 units_per_op=32.00000 ns_per_op=509119.8 user_mib_per_s=1952.760 proc_read_bytes=540016640 pr_over_devbytes=1.0000 sink=1041330
E7RESULT name=rand_h105 ops=16384 dev_bytes=604733440 user_bytes=67108864 elapsed_ns=3197806560 verify_ns=162457441 copy_ns=782392 straddled=2071 units_per_op=1.12640 ns_per_op=195178.6 user_mib_per_s=20.014 proc_read_bytes=604733440 pr_over_devbytes=1.0000 sink=3168579
E7RESULT name=randq_h105 ops=16384 dev_bytes=602865664 user_bytes=67108864 elapsed_ns=398638992 verify_ns=165141060 copy_ns=802414 straddled=2014 units_per_op=1.12292 ns_per_op=24331.0 user_mib_per_s=160.546 proc_read_bytes=602865664 pr_over_devbytes=1.0000 sink=3176124
E7RESULT name=seq_h105 ops=514 dev_bytes=538968064 user_bytes=536881731 elapsed_ns=275309526 verify_ns=130644831 copy_ns=11105524 straddled=0 units_per_op=32.00000 ns_per_op=535621.6 user_mib_per_s=1859.762 proc_read_bytes=538968064 pr_over_devbytes=1.0000 sink=1047018
E7RESULT name=rand_h105_nocopy ops=16384 dev_bytes=604733440 user_bytes=67108864 elapsed_ns=3198690765 verify_ns=162916745 copy_ns=0 straddled=2071 units_per_op=1.12640 ns_per_op=195232.6 user_mib_per_s=20.008 proc_read_bytes=604733440 pr_over_devbytes=1.0000 sink=3543430
E7RESULT name=randq_h105_nocopy ops=16384 dev_bytes=602865664 user_bytes=67108864 elapsed_ns=399074409 verify_ns=165984345 copy_ns=0 straddled=2014 units_per_op=1.12292 ns_per_op=24357.6 user_mib_per_s=160.371 proc_read_bytes=602865664 pr_over_devbytes=1.0000 sink=3540658
E7RESULT name=seq_h105_nocopy ops=514 dev_bytes=538968064 user_bytes=536881731 elapsed_ns=262341281 verify_ns=128509168 copy_ns=0 straddled=0 units_per_op=32.00000 ns_per_op=510391.6 user_mib_per_s=1951.696 proc_read_bytes=538968064 pr_over_devbytes=1.0000 sink=1047018
E7RESULT name=rand_ctl_copy1m ops=16384 dev_bytes=536870912 user_bytes=67108864 elapsed_ns=3291831488 verify_ns=146933062 copy_ns=238212865 straddled=0 units_per_op=1.00000 ns_per_op=200917.4 user_mib_per_s=19.442 proc_read_bytes=536870912 pr_over_devbytes=1.0000 sink=5606214
E7RESULT name=model_h133 payload=32635 straddle_fraction=0.125479 straddle_count_one_period=4095 expected_units_per_page=1.125479 dev_bytes_per_user_byte=1.004075 units_per_gib=32902
E7RESULT name=model_h105 payload=32663 straddle_fraction=0.125371 straddle_count_one_period=4095 expected_units_per_page=1.125371 dev_bytes_per_user_byte=1.003215 units_per_gib=32874
E7RESULT name=model_padded payload=28672 straddle_fraction=0.000000 straddle_count_one_period=0 expected_units_per_page=1.000000 dev_bytes_per_user_byte=1.142857 units_per_gib=37450
E7RESULT name=verdict r_rand_qd1=1.0847 r_seq=0.9148 random_ns_per_byte_padded=44.0052 random_ns_per_byte_h133=47.7331 seq_ns_per_byte_padded=0.5543 seq_ns_per_byte_h133=0.5070 crossover_random_share=0.012514
E7RESULT name=done emitted=23
E7RESULT name=config dev=/tmp/e140.img size=8589934592 region=8589934592 units=262144 ops=16384 qd=16 seq_io=1048576 seq_user_bytes=536870912 unit=32768 page=4096 headers=105/133 padded_payload=28672 control_copy=1048576 seed=3 mode=none o_direct=true
E7RESULT name=warmup reads=16384 elapsed_ns=2835178539 sink=114688
E7RESULT name=rand_padded ops=16384 dev_bytes=536870912 user_bytes=67108864 elapsed_ns=2941789671 verify_ns=144721426 copy_ns=0 straddled=0 units_per_op=1.00000 ns_per_op=179552.6 user_mib_per_s=21.755 proc_read_bytes=536870912 pr_over_devbytes=1.0000 sink=3526799
E7RESULT name=randq_padded ops=16384 dev_bytes=536870912 user_bytes=67108864 elapsed_ns=371357889 verify_ns=150010496 copy_ns=0 straddled=0 units_per_op=1.00000 ns_per_op=22665.9 user_mib_per_s=172.340 proc_read_bytes=536870912 pr_over_devbytes=1.0000 sink=3507689
E7RESULT name=seq_padded ops=586 dev_bytes=614465536 user_bytes=536883200 elapsed_ns=294231192 verify_ns=145515248 copy_ns=0 straddled=0 units_per_op=32.00000 ns_per_op=502101.0 user_mib_per_s=1740.168 proc_read_bytes=614465536 pr_over_devbytes=1.0000 sink=1110470
E7RESULT name=rand_h133 ops=16384 dev_bytes=603684864 user_bytes=67108864 elapsed_ns=3167792310 verify_ns=157918074 copy_ns=662461 straddled=2039 units_per_op=1.12445 ns_per_op=193346.7 user_mib_per_s=20.203 proc_read_bytes=603684864 pr_over_devbytes=1.0000 sink=3183600
E7RESULT name=randq_h133 ops=16384 dev_bytes=603979776 user_bytes=67108864 elapsed_ns=400398292 verify_ns=160694628 copy_ns=704666 straddled=2048 units_per_op=1.12500 ns_per_op=24438.4 user_mib_per_s=159.841 proc_read_bytes=603979776 pr_over_devbytes=1.0000 sink=3151805
E7RESULT name=seq_h133 ops=515 dev_bytes=540016640 user_bytes=536878385 elapsed_ns=267199976 verify_ns=123843424 copy_ns=10132500 straddled=0 units_per_op=32.00000 ns_per_op=518834.9 user_mib_per_s=1916.195 proc_read_bytes=540016640 pr_over_devbytes=1.0000 sink=1041330
E7RESULT name=rand_h133_nocopy ops=16384 dev_bytes=603684864 user_bytes=67108864 elapsed_ns=3161948095 verify_ns=157125847 copy_ns=0 straddled=2039 units_per_op=1.12445 ns_per_op=192990.0 user_mib_per_s=20.241 proc_read_bytes=603684864 pr_over_devbytes=1.0000 sink=3522074
E7RESULT name=randq_h133_nocopy ops=16384 dev_bytes=603979776 user_bytes=67108864 elapsed_ns=401055303 verify_ns=160218997 copy_ns=0 straddled=2048 units_per_op=1.12500 ns_per_op=24478.5 user_mib_per_s=159.579 proc_read_bytes=603979776 pr_over_devbytes=1.0000 sink=3491773
E7RESULT name=seq_h133_nocopy ops=515 dev_bytes=540016640 user_bytes=536878385 elapsed_ns=257445896 verify_ns=124535232 copy_ns=0 straddled=0 units_per_op=32.00000 ns_per_op=499894.9 user_mib_per_s=1988.795 proc_read_bytes=540016640 pr_over_devbytes=1.0000 sink=1041330
E7RESULT name=rand_h105 ops=16384 dev_bytes=606437376 user_bytes=67108864 elapsed_ns=3166211590 verify_ns=156850048 copy_ns=659684 straddled=2123 units_per_op=1.12958 ns_per_op=193250.2 user_mib_per_s=20.213 proc_read_bytes=606437376 pr_over_devbytes=1.0000 sink=3166552
E7RESULT name=randq_h105 ops=16384 dev_bytes=604110848 user_bytes=67108864 elapsed_ns=400113701 verify_ns=159947958 copy_ns=704376 straddled=2052 units_per_op=1.12524 ns_per_op=24421.0 user_mib_per_s=159.955 proc_read_bytes=604110848 pr_over_devbytes=1.0000 sink=3173330
E7RESULT name=seq_h105 ops=514 dev_bytes=538968064 user_bytes=536881731 elapsed_ns=266184342 verify_ns=123472676 copy_ns=10619674 straddled=0 units_per_op=32.00000 ns_per_op=517868.4 user_mib_per_s=1923.518 proc_read_bytes=538968064 pr_over_devbytes=1.0000 sink=1047018
E7RESULT name=rand_h105_nocopy ops=16384 dev_bytes=606437376 user_bytes=67108864 elapsed_ns=3167752913 verify_ns=157307049 copy_ns=0 straddled=2123 units_per_op=1.12958 ns_per_op=193344.3 user_mib_per_s=20.204 proc_read_bytes=606437376 pr_over_devbytes=1.0000 sink=3550815
E7RESULT name=randq_h105_nocopy ops=16384 dev_bytes=604110848 user_bytes=67108864 elapsed_ns=400772361 verify_ns=160336672 copy_ns=0 straddled=2052 units_per_op=1.12524 ns_per_op=24461.2 user_mib_per_s=159.692 proc_read_bytes=604110848 pr_over_devbytes=1.0000 sink=3544742
E7RESULT name=seq_h105_nocopy ops=514 dev_bytes=538968064 user_bytes=536881731 elapsed_ns=257057808 verify_ns=124286194 copy_ns=0 straddled=0 units_per_op=32.00000 ns_per_op=500112.5 user_mib_per_s=1991.810 proc_read_bytes=538968064 pr_over_devbytes=1.0000 sink=1047018
E7RESULT name=rand_ctl_copy1m ops=16384 dev_bytes=536870912 user_bytes=67108864 elapsed_ns=3238522336 verify_ns=136674884 copy_ns=226324257 straddled=0 units_per_op=1.00000 ns_per_op=197663.7 user_mib_per_s=19.762 proc_read_bytes=536870912 pr_over_devbytes=1.0000 sink=5629558
E7RESULT name=model_h133 payload=32635 straddle_fraction=0.125479 straddle_count_one_period=4095 expected_units_per_page=1.125479 dev_bytes_per_user_byte=1.004075 units_per_gib=32902
E7RESULT name=model_h105 payload=32663 straddle_fraction=0.125371 straddle_count_one_period=4095 expected_units_per_page=1.125371 dev_bytes_per_user_byte=1.003215 units_per_gib=32874
E7RESULT name=model_padded payload=28672 straddle_fraction=0.000000 straddle_count_one_period=0 expected_units_per_page=1.000000 dev_bytes_per_user_byte=1.142857 units_per_gib=37450
E7RESULT name=verdict r_rand_qd1=1.0768 r_seq=0.9081 random_ns_per_byte_padded=43.8361 random_ns_per_byte_h133=47.2038 seq_ns_per_byte_padded=0.5480 seq_ns_per_byte_h133=0.4977 crossover_random_share=0.014729
E7RESULT name=done emitted=23
E7RESULT name=config dev=/tmp/e140.img size=8589934592 region=8589934592 units=262144 ops=16384 qd=16 seq_io=1048576 seq_user_bytes=536870912 unit=32768 page=4096 headers=105/133 padded_payload=28672 control_copy=1048576 seed=4 mode=none o_direct=true
E7RESULT name=warmup reads=16384 elapsed_ns=2825776869 sink=114688
E7RESULT name=rand_padded ops=16384 dev_bytes=536870912 user_bytes=67108864 elapsed_ns=2912368267 verify_ns=141938952 copy_ns=0 straddled=0 units_per_op=1.00000 ns_per_op=177756.9 user_mib_per_s=21.975 proc_read_bytes=536870912 pr_over_devbytes=1.0000 sink=3494886
E7RESULT name=randq_padded ops=16384 dev_bytes=536870912 user_bytes=67108864 elapsed_ns=372640130 verify_ns=139285540 copy_ns=0 straddled=0 units_per_op=1.00000 ns_per_op=22744.1 user_mib_per_s=171.747 proc_read_bytes=536870912 pr_over_devbytes=1.0000 sink=3496834
E7RESULT name=seq_padded ops=586 dev_bytes=614465536 user_bytes=536883200 elapsed_ns=294668503 verify_ns=145917839 copy_ns=0 straddled=0 units_per_op=32.00000 ns_per_op=502847.3 user_mib_per_s=1737.586 proc_read_bytes=614465536 pr_over_devbytes=1.0000 sink=1110470
E7RESULT name=rand_h133 ops=16384 dev_bytes=607649792 user_bytes=67108864 elapsed_ns=3177338524 verify_ns=156162284 copy_ns=657504 straddled=2160 units_per_op=1.13184 ns_per_op=193929.4 user_mib_per_s=20.143 proc_read_bytes=607649792 pr_over_devbytes=1.0000 sink=3183318
E7RESULT name=randq_h133 ops=16384 dev_bytes=606601216 user_bytes=67108864 elapsed_ns=399262362 verify_ns=155540518 copy_ns=698978 straddled=2128 units_per_op=1.12988 ns_per_op=24369.0 user_mib_per_s=160.296 proc_read_bytes=606601216 pr_over_devbytes=1.0000 sink=3182424
E7RESULT name=seq_h133 ops=515 dev_bytes=540016640 user_bytes=536878385 elapsed_ns=272221784 verify_ns=128405014 copy_ns=10465450 straddled=0 units_per_op=32.00000 ns_per_op=528586.0 user_mib_per_s=1880.846 proc_read_bytes=540016640 pr_over_devbytes=1.0000 sink=1041330
E7RESULT name=rand_h133_nocopy ops=16384 dev_bytes=607649792 user_bytes=67108864 elapsed_ns=3189028997 verify_ns=155929841 copy_ns=0 straddled=2160 units_per_op=1.13184 ns_per_op=194642.9 user_mib_per_s=20.069 proc_read_bytes=607649792 pr_over_devbytes=1.0000 sink=3541878
E7RESULT name=randq_h133_nocopy ops=16384 dev_bytes=606601216 user_bytes=67108864 elapsed_ns=399727361 verify_ns=155643871 copy_ns=0 straddled=2128 units_per_op=1.12988 ns_per_op=24397.4 user_mib_per_s=160.109 proc_read_bytes=606601216 pr_over_devbytes=1.0000 sink=3535672
E7RESULT name=seq_h133_nocopy ops=515 dev_bytes=540016640 user_bytes=536878385 elapsed_ns=260842093 verify_ns=128659483 copy_ns=0 straddled=0 units_per_op=32.00000 ns_per_op=506489.5 user_mib_per_s=1962.901 proc_read_bytes=540016640 pr_over_devbytes=1.0000 sink=1041330
E7RESULT name=rand_h105 ops=16384 dev_bytes=605323264 user_bytes=67108864 elapsed_ns=3162251322 verify_ns=155233629 copy_ns=649859 straddled=2089 units_per_op=1.12750 ns_per_op=193008.5 user_mib_per_s=20.239 proc_read_bytes=605323264 pr_over_devbytes=1.0000 sink=3180602
E7RESULT name=randq_h105 ops=16384 dev_bytes=602996736 user_bytes=67108864 elapsed_ns=401024146 verify_ns=152508233 copy_ns=692054 straddled=2018 units_per_op=1.12317 ns_per_op=24476.6 user_mib_per_s=159.591 proc_read_bytes=602996736 pr_over_devbytes=1.0000 sink=3161528
E7RESULT name=seq_h105 ops=514 dev_bytes=538968064 user_bytes=536881731 elapsed_ns=269771950 verify_ns=127917211 copy_ns=7837887 straddled=0 units_per_op=32.00000 ns_per_op=524848.2 user_mib_per_s=1897.938 proc_read_bytes=538968064 pr_over_devbytes=1.0000 sink=1047018
E7RESULT name=rand_h105_nocopy ops=16384 dev_bytes=605323264 user_bytes=67108864 elapsed_ns=3160296539 verify_ns=155525654 copy_ns=0 straddled=2089 units_per_op=1.12750 ns_per_op=192889.2 user_mib_per_s=20.251 proc_read_bytes=605323264 pr_over_devbytes=1.0000 sink=3558711
E7RESULT name=randq_h105_nocopy ops=16384 dev_bytes=602996736 user_bytes=67108864 elapsed_ns=400261446 verify_ns=154342226 copy_ns=0 straddled=2018 units_per_op=1.12317 ns_per_op=24430.0 user_mib_per_s=159.895 proc_read_bytes=602996736 pr_over_devbytes=1.0000 sink=3526786
E7RESULT name=seq_h105_nocopy ops=514 dev_bytes=538968064 user_bytes=536881731 elapsed_ns=260641746 verify_ns=128029877 copy_ns=0 straddled=0 units_per_op=32.00000 ns_per_op=507085.1 user_mib_per_s=1964.422 proc_read_bytes=538968064 pr_over_devbytes=1.0000 sink=1047018
E7RESULT name=rand_ctl_copy1m ops=16384 dev_bytes=536870912 user_bytes=67108864 elapsed_ns=3198045915 verify_ns=134111152 copy_ns=223542077 straddled=0 units_per_op=1.00000 ns_per_op=195193.2 user_mib_per_s=20.012 proc_read_bytes=536870912 pr_over_devbytes=1.0000 sink=5587100
E7RESULT name=model_h133 payload=32635 straddle_fraction=0.125479 straddle_count_one_period=4095 expected_units_per_page=1.125479 dev_bytes_per_user_byte=1.004075 units_per_gib=32902
E7RESULT name=model_h105 payload=32663 straddle_fraction=0.125371 straddle_count_one_period=4095 expected_units_per_page=1.125371 dev_bytes_per_user_byte=1.003215 units_per_gib=32874
E7RESULT name=model_padded payload=28672 straddle_fraction=0.000000 straddle_count_one_period=0 expected_units_per_page=1.000000 dev_bytes_per_user_byte=1.142857 units_per_gib=37450
E7RESULT name=verdict r_rand_qd1=1.0910 r_seq=0.9238 random_ns_per_byte_padded=43.3977 random_ns_per_byte_h133=47.3460 seq_ns_per_byte_padded=0.5489 seq_ns_per_byte_h133=0.5070 crossover_random_share=0.010477
E7RESULT name=done emitted=23
E7RESULT name=config dev=/tmp/e140.img size=8589934592 region=8589934592 units=262144 ops=16384 qd=16 seq_io=1048576 seq_user_bytes=536870912 unit=32768 page=4096 headers=105/133 padded_payload=28672 control_copy=1048576 seed=5 mode=none o_direct=true
E7RESULT name=warmup reads=16384 elapsed_ns=2822496777 sink=114688
E7RESULT name=rand_padded ops=16384 dev_bytes=536870912 user_bytes=67108864 elapsed_ns=2907499738 verify_ns=143335895 copy_ns=0 straddled=0 units_per_op=1.00000 ns_per_op=177459.7 user_mib_per_s=22.012 proc_read_bytes=536870912 pr_over_devbytes=1.0000 sink=3527238
E7RESULT name=randq_padded ops=16384 dev_bytes=536870912 user_bytes=67108864 elapsed_ns=372848603 verify_ns=141648889 copy_ns=0 straddled=0 units_per_op=1.00000 ns_per_op=22756.9 user_mib_per_s=171.651 proc_read_bytes=536870912 pr_over_devbytes=1.0000 sink=3524286
E7RESULT name=seq_padded ops=586 dev_bytes=614465536 user_bytes=536883200 elapsed_ns=289558841 verify_ns=142388122 copy_ns=0 straddled=0 units_per_op=32.00000 ns_per_op=494127.7 user_mib_per_s=1768.248 proc_read_bytes=614465536 pr_over_devbytes=1.0000 sink=1110470
E7RESULT name=rand_h133 ops=16384 dev_bytes=604504064 user_bytes=67108864 elapsed_ns=3156880837 verify_ns=158625749 copy_ns=656647 straddled=2064 units_per_op=1.12598 ns_per_op=192680.7 user_mib_per_s=20.273 proc_read_bytes=604504064 pr_over_devbytes=1.0000 sink=3159060
E7RESULT name=randq_h133 ops=16384 dev_bytes=602374144 user_bytes=67108864 elapsed_ns=400973905 verify_ns=157771401 copy_ns=698989 straddled=1999 units_per_op=1.12201 ns_per_op=24473.5 user_mib_per_s=159.611 proc_read_bytes=602374144 pr_over_devbytes=1.0000 sink=3161584
E7RESULT name=seq_h133 ops=515 dev_bytes=540016640 user_bytes=536878385 elapsed_ns=267520148 verify_ns=126017029 copy_ns=9930254 straddled=0 units_per_op=32.00000 ns_per_op=519456.6 user_mib_per_s=1913.901 proc_read_bytes=540016640 pr_over_devbytes=1.0000 sink=1041330
E7RESULT name=rand_h133_nocopy ops=16384 dev_bytes=604504064 user_bytes=67108864 elapsed_ns=3155244899 verify_ns=158327113 copy_ns=0 straddled=2064 units_per_op=1.12598 ns_per_op=192580.9 user_mib_per_s=20.284 proc_read_bytes=604504064 pr_over_devbytes=1.0000 sink=3501684
E7RESULT name=randq_h133_nocopy ops=16384 dev_bytes=602374144 user_bytes=67108864 elapsed_ns=396944780 verify_ns=158441233 copy_ns=0 straddled=1999 units_per_op=1.12201 ns_per_op=24227.6 user_mib_per_s=161.231 proc_read_bytes=602374144 pr_over_devbytes=1.0000 sink=3493418
E7RESULT name=seq_h133_nocopy ops=515 dev_bytes=540016640 user_bytes=536878385 elapsed_ns=256705922 verify_ns=124901482 copy_ns=0 straddled=0 units_per_op=32.00000 ns_per_op=498458.1 user_mib_per_s=1994.528 proc_read_bytes=540016640 pr_over_devbytes=1.0000 sink=1041330
E7RESULT name=rand_h105 ops=16384 dev_bytes=604045312 user_bytes=67108864 elapsed_ns=3159629588 verify_ns=157868161 copy_ns=655698 straddled=2050 units_per_op=1.12512 ns_per_op=192848.5 user_mib_per_s=20.256 proc_read_bytes=604045312 pr_over_devbytes=1.0000 sink=3178109
E7RESULT name=randq_h105 ops=16384 dev_bytes=603717632 user_bytes=67108864 elapsed_ns=397799112 verify_ns=158011288 copy_ns=700446 straddled=2040 units_per_op=1.12451 ns_per_op=24279.7 user_mib_per_s=160.885 proc_read_bytes=603717632 pr_over_devbytes=1.0000 sink=3159026
E7RESULT name=seq_h105 ops=514 dev_bytes=538968064 user_bytes=536881731 elapsed_ns=265020883 verify_ns=124304828 copy_ns=10335139 straddled=0 units_per_op=32.00000 ns_per_op=515604.8 user_mib_per_s=1931.962 proc_read_bytes=538968064 pr_over_devbytes=1.0000 sink=1047018
E7RESULT name=rand_h105_nocopy ops=16384 dev_bytes=604045312 user_bytes=67108864 elapsed_ns=3159816014 verify_ns=158300055 copy_ns=0 straddled=2050 units_per_op=1.12512 ns_per_op=192859.9 user_mib_per_s=20.254 proc_read_bytes=604045312 pr_over_devbytes=1.0000 sink=3549159
E7RESULT name=randq_h105_nocopy ops=16384 dev_bytes=603717632 user_bytes=67108864 elapsed_ns=400078885 verify_ns=158646144 copy_ns=0 straddled=2040 units_per_op=1.12451 ns_per_op=24418.9 user_mib_per_s=159.968 proc_read_bytes=603717632 pr_over_devbytes=1.0000 sink=3528266
E7RESULT name=seq_h105_nocopy ops=514 dev_bytes=538968064 user_bytes=536881731 elapsed_ns=256185593 verify_ns=125062802 copy_ns=0 straddled=0 units_per_op=32.00000 ns_per_op=498415.6 user_mib_per_s=1998.591 proc_read_bytes=538968064 pr_over_devbytes=1.0000 sink=1047018
E7RESULT name=rand_ctl_copy1m ops=16384 dev_bytes=536870912 user_bytes=67108864 elapsed_ns=3218747970 verify_ns=137550161 copy_ns=224725720 straddled=0 units_per_op=1.00000 ns_per_op=196456.8 user_mib_per_s=19.884 proc_read_bytes=536870912 pr_over_devbytes=1.0000 sink=5593642
E7RESULT name=model_h133 payload=32635 straddle_fraction=0.125479 straddle_count_one_period=4095 expected_units_per_page=1.125479 dev_bytes_per_user_byte=1.004075 units_per_gib=32902
E7RESULT name=model_h105 payload=32663 straddle_fraction=0.125371 straddle_count_one_period=4095 expected_units_per_page=1.125371 dev_bytes_per_user_byte=1.003215 units_per_gib=32874
E7RESULT name=model_padded payload=28672 straddle_fraction=0.000000 straddle_count_one_period=0 expected_units_per_page=1.000000 dev_bytes_per_user_byte=1.142857 units_per_gib=37450
E7RESULT name=verdict r_rand_qd1=1.0858 r_seq=0.9239 random_ns_per_byte_padded=43.3251 random_ns_per_byte_h133=47.0412 seq_ns_per_byte_padded=0.5393 seq_ns_per_byte_h133=0.4983 crossover_random_share=0.010925
E7RESULT name=done emitted=23
