E7RESULT name=reserve rows_at_mount=0 row_bytes=64 checkpoint_cost_blocks=4 reserved_shares=4 records_per_page=509 rows_per_page=508 pages=1 chain_share_per_device_blocks=8 warm_up_share_per_device_blocks=48 total_blocks=112 share_per_device_blocks=56 expected_total_blocks=112
E7RESULT name=flip rows_at_mount=0 row_bytes=64 checkpoint_cost_blocks=4 tight_device=0 share_per_device_blocks=56 at_share=writable below_share=read_only control_at_share=writable control_below_share=writable
E7RESULT name=flip rows_at_mount=0 row_bytes=64 checkpoint_cost_blocks=4 tight_device=1 share_per_device_blocks=56 at_share=writable below_share=read_only control_at_share=writable control_below_share=writable
E7RESULT name=device_dimension rows_at_mount=0 row_bytes=64 checkpoint_cost_blocks=4 device_zero_free=106 device_one_free=55 settled=read_only pool_scalar=writable
E7RESULT name=reserve rows_at_mount=366 row_bytes=64 checkpoint_cost_blocks=4 reserved_shares=4 records_per_page=509 rows_per_page=508 pages=1 chain_share_per_device_blocks=8 warm_up_share_per_device_blocks=48 total_blocks=112 share_per_device_blocks=56 expected_total_blocks=112
E7RESULT name=flip rows_at_mount=366 row_bytes=64 checkpoint_cost_blocks=4 tight_device=0 share_per_device_blocks=56 at_share=writable below_share=read_only control_at_share=writable control_below_share=writable
E7RESULT name=flip rows_at_mount=366 row_bytes=64 checkpoint_cost_blocks=4 tight_device=1 share_per_device_blocks=56 at_share=writable below_share=read_only control_at_share=writable control_below_share=writable
E7RESULT name=device_dimension rows_at_mount=366 row_bytes=64 checkpoint_cost_blocks=4 device_zero_free=106 device_one_free=55 settled=read_only pool_scalar=writable
E7RESULT name=reserve rows_at_mount=367 row_bytes=64 checkpoint_cost_blocks=4 reserved_shares=4 records_per_page=509 rows_per_page=508 pages=1 chain_share_per_device_blocks=8 warm_up_share_per_device_blocks=48 total_blocks=112 share_per_device_blocks=56 expected_total_blocks=112
E7RESULT name=flip rows_at_mount=367 row_bytes=64 checkpoint_cost_blocks=4 tight_device=0 share_per_device_blocks=56 at_share=writable below_share=read_only control_at_share=writable control_below_share=writable
E7RESULT name=flip rows_at_mount=367 row_bytes=64 checkpoint_cost_blocks=4 tight_device=1 share_per_device_blocks=56 at_share=writable below_share=read_only control_at_share=writable control_below_share=writable
E7RESULT name=device_dimension rows_at_mount=367 row_bytes=64 checkpoint_cost_blocks=4 device_zero_free=106 device_one_free=55 settled=read_only pool_scalar=writable
E7RESULT name=reserve rows_at_mount=505 row_bytes=64 checkpoint_cost_blocks=4 reserved_shares=4 records_per_page=509 rows_per_page=508 pages=1 chain_share_per_device_blocks=8 warm_up_share_per_device_blocks=48 total_blocks=112 share_per_device_blocks=56 expected_total_blocks=112
E7RESULT name=flip rows_at_mount=505 row_bytes=64 checkpoint_cost_blocks=4 tight_device=0 share_per_device_blocks=56 at_share=writable below_share=read_only control_at_share=writable control_below_share=writable
E7RESULT name=flip rows_at_mount=505 row_bytes=64 checkpoint_cost_blocks=4 tight_device=1 share_per_device_blocks=56 at_share=writable below_share=read_only control_at_share=writable control_below_share=writable
E7RESULT name=device_dimension rows_at_mount=505 row_bytes=64 checkpoint_cost_blocks=4 device_zero_free=106 device_one_free=55 settled=read_only pool_scalar=writable
E7RESULT name=reserve rows_at_mount=506 row_bytes=64 checkpoint_cost_blocks=4 reserved_shares=4 records_per_page=509 rows_per_page=508 pages=2 chain_share_per_device_blocks=16 warm_up_share_per_device_blocks=48 total_blocks=128 share_per_device_blocks=64 expected_total_blocks=128
E7RESULT name=flip rows_at_mount=506 row_bytes=64 checkpoint_cost_blocks=4 tight_device=0 share_per_device_blocks=64 at_share=writable below_share=read_only control_at_share=writable control_below_share=writable
E7RESULT name=flip rows_at_mount=506 row_bytes=64 checkpoint_cost_blocks=4 tight_device=1 share_per_device_blocks=64 at_share=writable below_share=read_only control_at_share=writable control_below_share=writable
E7RESULT name=device_dimension rows_at_mount=506 row_bytes=64 checkpoint_cost_blocks=4 device_zero_free=114 device_one_free=63 settled=read_only pool_scalar=writable
E7RESULT name=reserve rows_at_mount=1014 row_bytes=64 checkpoint_cost_blocks=4 reserved_shares=4 records_per_page=509 rows_per_page=508 pages=3 chain_share_per_device_blocks=24 warm_up_share_per_device_blocks=48 total_blocks=144 share_per_device_blocks=72 expected_total_blocks=144
E7RESULT name=flip rows_at_mount=1014 row_bytes=64 checkpoint_cost_blocks=4 tight_device=0 share_per_device_blocks=72 at_share=writable below_share=read_only control_at_share=writable control_below_share=writable
E7RESULT name=flip rows_at_mount=1014 row_bytes=64 checkpoint_cost_blocks=4 tight_device=1 share_per_device_blocks=72 at_share=writable below_share=read_only control_at_share=writable control_below_share=writable
E7RESULT name=device_dimension rows_at_mount=1014 row_bytes=64 checkpoint_cost_blocks=4 device_zero_free=122 device_one_free=71 settled=read_only pool_scalar=writable
E7RESULT name=reserve rows_at_mount=4064 row_bytes=64 checkpoint_cost_blocks=4 reserved_shares=4 records_per_page=509 rows_per_page=508 pages=9 chain_share_per_device_blocks=72 warm_up_share_per_device_blocks=48 total_blocks=240 share_per_device_blocks=120 expected_total_blocks=240
E7RESULT name=flip rows_at_mount=4064 row_bytes=64 checkpoint_cost_blocks=4 tight_device=0 share_per_device_blocks=120 at_share=writable below_share=read_only control_at_share=writable control_below_share=writable
E7RESULT name=flip rows_at_mount=4064 row_bytes=64 checkpoint_cost_blocks=4 tight_device=1 share_per_device_blocks=120 at_share=writable below_share=read_only control_at_share=writable control_below_share=writable
E7RESULT name=device_dimension rows_at_mount=4064 row_bytes=64 checkpoint_cost_blocks=4 device_zero_free=170 device_one_free=119 settled=read_only pool_scalar=writable
E7RESULT name=reserve rows_at_mount=0 row_bytes=88 checkpoint_cost_blocks=4 reserved_shares=4 records_per_page=370 rows_per_page=369 pages=1 chain_share_per_device_blocks=8 warm_up_share_per_device_blocks=48 total_blocks=112 share_per_device_blocks=56 expected_total_blocks=112
E7RESULT name=flip rows_at_mount=0 row_bytes=88 checkpoint_cost_blocks=4 tight_device=0 share_per_device_blocks=56 at_share=writable below_share=read_only control_at_share=writable control_below_share=writable
E7RESULT name=flip rows_at_mount=0 row_bytes=88 checkpoint_cost_blocks=4 tight_device=1 share_per_device_blocks=56 at_share=writable below_share=read_only control_at_share=writable control_below_share=writable
E7RESULT name=device_dimension rows_at_mount=0 row_bytes=88 checkpoint_cost_blocks=4 device_zero_free=106 device_one_free=55 settled=read_only pool_scalar=writable
E7RESULT name=reserve rows_at_mount=366 row_bytes=88 checkpoint_cost_blocks=4 reserved_shares=4 records_per_page=370 rows_per_page=369 pages=1 chain_share_per_device_blocks=8 warm_up_share_per_device_blocks=48 total_blocks=112 share_per_device_blocks=56 expected_total_blocks=112
E7RESULT name=flip rows_at_mount=366 row_bytes=88 checkpoint_cost_blocks=4 tight_device=0 share_per_device_blocks=56 at_share=writable below_share=read_only control_at_share=writable control_below_share=writable
E7RESULT name=flip rows_at_mount=366 row_bytes=88 checkpoint_cost_blocks=4 tight_device=1 share_per_device_blocks=56 at_share=writable below_share=read_only control_at_share=writable control_below_share=writable
E7RESULT name=device_dimension rows_at_mount=366 row_bytes=88 checkpoint_cost_blocks=4 device_zero_free=106 device_one_free=55 settled=read_only pool_scalar=writable
E7RESULT name=reserve rows_at_mount=367 row_bytes=88 checkpoint_cost_blocks=4 reserved_shares=4 records_per_page=370 rows_per_page=369 pages=2 chain_share_per_device_blocks=16 warm_up_share_per_device_blocks=48 total_blocks=128 share_per_device_blocks=64 expected_total_blocks=128
E7RESULT name=flip rows_at_mount=367 row_bytes=88 checkpoint_cost_blocks=4 tight_device=0 share_per_device_blocks=64 at_share=writable below_share=read_only control_at_share=writable control_below_share=writable
E7RESULT name=flip rows_at_mount=367 row_bytes=88 checkpoint_cost_blocks=4 tight_device=1 share_per_device_blocks=64 at_share=writable below_share=read_only control_at_share=writable control_below_share=writable
E7RESULT name=device_dimension rows_at_mount=367 row_bytes=88 checkpoint_cost_blocks=4 device_zero_free=114 device_one_free=63 settled=read_only pool_scalar=writable
E7RESULT name=reserve rows_at_mount=505 row_bytes=88 checkpoint_cost_blocks=4 reserved_shares=4 records_per_page=370 rows_per_page=369 pages=2 chain_share_per_device_blocks=16 warm_up_share_per_device_blocks=48 total_blocks=128 share_per_device_blocks=64 expected_total_blocks=128
E7RESULT name=flip rows_at_mount=505 row_bytes=88 checkpoint_cost_blocks=4 tight_device=0 share_per_device_blocks=64 at_share=writable below_share=read_only control_at_share=writable control_below_share=writable
E7RESULT name=flip rows_at_mount=505 row_bytes=88 checkpoint_cost_blocks=4 tight_device=1 share_per_device_blocks=64 at_share=writable below_share=read_only control_at_share=writable control_below_share=writable
E7RESULT name=device_dimension rows_at_mount=505 row_bytes=88 checkpoint_cost_blocks=4 device_zero_free=114 device_one_free=63 settled=read_only pool_scalar=writable
E7RESULT name=reserve rows_at_mount=506 row_bytes=88 checkpoint_cost_blocks=4 reserved_shares=4 records_per_page=370 rows_per_page=369 pages=2 chain_share_per_device_blocks=16 warm_up_share_per_device_blocks=48 total_blocks=128 share_per_device_blocks=64 expected_total_blocks=128
E7RESULT name=flip rows_at_mount=506 row_bytes=88 checkpoint_cost_blocks=4 tight_device=0 share_per_device_blocks=64 at_share=writable below_share=read_only control_at_share=writable control_below_share=writable
E7RESULT name=flip rows_at_mount=506 row_bytes=88 checkpoint_cost_blocks=4 tight_device=1 share_per_device_blocks=64 at_share=writable below_share=read_only control_at_share=writable control_below_share=writable
E7RESULT name=device_dimension rows_at_mount=506 row_bytes=88 checkpoint_cost_blocks=4 device_zero_free=114 device_one_free=63 settled=read_only pool_scalar=writable
E7RESULT name=reserve rows_at_mount=1014 row_bytes=88 checkpoint_cost_blocks=4 reserved_shares=4 records_per_page=370 rows_per_page=369 pages=3 chain_share_per_device_blocks=24 warm_up_share_per_device_blocks=48 total_blocks=144 share_per_device_blocks=72 expected_total_blocks=144
E7RESULT name=flip rows_at_mount=1014 row_bytes=88 checkpoint_cost_blocks=4 tight_device=0 share_per_device_blocks=72 at_share=writable below_share=read_only control_at_share=writable control_below_share=writable
E7RESULT name=flip rows_at_mount=1014 row_bytes=88 checkpoint_cost_blocks=4 tight_device=1 share_per_device_blocks=72 at_share=writable below_share=read_only control_at_share=writable control_below_share=writable
E7RESULT name=device_dimension rows_at_mount=1014 row_bytes=88 checkpoint_cost_blocks=4 device_zero_free=122 device_one_free=71 settled=read_only pool_scalar=writable
E7RESULT name=reserve rows_at_mount=4064 row_bytes=88 checkpoint_cost_blocks=4 reserved_shares=4 records_per_page=370 rows_per_page=369 pages=12 chain_share_per_device_blocks=96 warm_up_share_per_device_blocks=48 total_blocks=288 share_per_device_blocks=144 expected_total_blocks=288
E7RESULT name=flip rows_at_mount=4064 row_bytes=88 checkpoint_cost_blocks=4 tight_device=0 share_per_device_blocks=144 at_share=writable below_share=read_only control_at_share=writable control_below_share=writable
E7RESULT name=flip rows_at_mount=4064 row_bytes=88 checkpoint_cost_blocks=4 tight_device=1 share_per_device_blocks=144 at_share=writable below_share=read_only control_at_share=writable control_below_share=writable
E7RESULT name=device_dimension rows_at_mount=4064 row_bytes=88 checkpoint_cost_blocks=4 device_zero_free=194 device_one_free=143 settled=read_only pool_scalar=writable
E7RESULT name=reserve rows_at_mount=0 row_bytes=64 checkpoint_cost_blocks=9 reserved_shares=4 records_per_page=509 rows_per_page=508 pages=1 chain_share_per_device_blocks=8 warm_up_share_per_device_blocks=108 total_blocks=232 share_per_device_blocks=116 expected_total_blocks=232
E7RESULT name=flip rows_at_mount=0 row_bytes=64 checkpoint_cost_blocks=9 tight_device=0 share_per_device_blocks=116 at_share=writable below_share=read_only control_at_share=writable control_below_share=writable
E7RESULT name=flip rows_at_mount=0 row_bytes=64 checkpoint_cost_blocks=9 tight_device=1 share_per_device_blocks=116 at_share=writable below_share=read_only control_at_share=writable control_below_share=writable
E7RESULT name=device_dimension rows_at_mount=0 row_bytes=64 checkpoint_cost_blocks=9 device_zero_free=166 device_one_free=115 settled=read_only pool_scalar=writable
E7RESULT name=reserve rows_at_mount=366 row_bytes=64 checkpoint_cost_blocks=9 reserved_shares=4 records_per_page=509 rows_per_page=508 pages=1 chain_share_per_device_blocks=8 warm_up_share_per_device_blocks=108 total_blocks=232 share_per_device_blocks=116 expected_total_blocks=232
E7RESULT name=flip rows_at_mount=366 row_bytes=64 checkpoint_cost_blocks=9 tight_device=0 share_per_device_blocks=116 at_share=writable below_share=read_only control_at_share=writable control_below_share=writable
E7RESULT name=flip rows_at_mount=366 row_bytes=64 checkpoint_cost_blocks=9 tight_device=1 share_per_device_blocks=116 at_share=writable below_share=read_only control_at_share=writable control_below_share=writable
E7RESULT name=device_dimension rows_at_mount=366 row_bytes=64 checkpoint_cost_blocks=9 device_zero_free=166 device_one_free=115 settled=read_only pool_scalar=writable
E7RESULT name=reserve rows_at_mount=367 row_bytes=64 checkpoint_cost_blocks=9 reserved_shares=4 records_per_page=509 rows_per_page=508 pages=1 chain_share_per_device_blocks=8 warm_up_share_per_device_blocks=108 total_blocks=232 share_per_device_blocks=116 expected_total_blocks=232
E7RESULT name=flip rows_at_mount=367 row_bytes=64 checkpoint_cost_blocks=9 tight_device=0 share_per_device_blocks=116 at_share=writable below_share=read_only control_at_share=writable control_below_share=writable
E7RESULT name=flip rows_at_mount=367 row_bytes=64 checkpoint_cost_blocks=9 tight_device=1 share_per_device_blocks=116 at_share=writable below_share=read_only control_at_share=writable control_below_share=writable
E7RESULT name=device_dimension rows_at_mount=367 row_bytes=64 checkpoint_cost_blocks=9 device_zero_free=166 device_one_free=115 settled=read_only pool_scalar=writable
E7RESULT name=reserve rows_at_mount=505 row_bytes=64 checkpoint_cost_blocks=9 reserved_shares=4 records_per_page=509 rows_per_page=508 pages=1 chain_share_per_device_blocks=8 warm_up_share_per_device_blocks=108 total_blocks=232 share_per_device_blocks=116 expected_total_blocks=232
E7RESULT name=flip rows_at_mount=505 row_bytes=64 checkpoint_cost_blocks=9 tight_device=0 share_per_device_blocks=116 at_share=writable below_share=read_only control_at_share=writable control_below_share=writable
E7RESULT name=flip rows_at_mount=505 row_bytes=64 checkpoint_cost_blocks=9 tight_device=1 share_per_device_blocks=116 at_share=writable below_share=read_only control_at_share=writable control_below_share=writable
E7RESULT name=device_dimension rows_at_mount=505 row_bytes=64 checkpoint_cost_blocks=9 device_zero_free=166 device_one_free=115 settled=read_only pool_scalar=writable
E7RESULT name=reserve rows_at_mount=506 row_bytes=64 checkpoint_cost_blocks=9 reserved_shares=4 records_per_page=509 rows_per_page=508 pages=2 chain_share_per_device_blocks=16 warm_up_share_per_device_blocks=108 total_blocks=248 share_per_device_blocks=124 expected_total_blocks=248
E7RESULT name=flip rows_at_mount=506 row_bytes=64 checkpoint_cost_blocks=9 tight_device=0 share_per_device_blocks=124 at_share=writable below_share=read_only control_at_share=writable control_below_share=writable
E7RESULT name=flip rows_at_mount=506 row_bytes=64 checkpoint_cost_blocks=9 tight_device=1 share_per_device_blocks=124 at_share=writable below_share=read_only control_at_share=writable control_below_share=writable
E7RESULT name=device_dimension rows_at_mount=506 row_bytes=64 checkpoint_cost_blocks=9 device_zero_free=174 device_one_free=123 settled=read_only pool_scalar=writable
E7RESULT name=reserve rows_at_mount=1014 row_bytes=64 checkpoint_cost_blocks=9 reserved_shares=4 records_per_page=509 rows_per_page=508 pages=3 chain_share_per_device_blocks=24 warm_up_share_per_device_blocks=108 total_blocks=264 share_per_device_blocks=132 expected_total_blocks=264
E7RESULT name=flip rows_at_mount=1014 row_bytes=64 checkpoint_cost_blocks=9 tight_device=0 share_per_device_blocks=132 at_share=writable below_share=read_only control_at_share=writable control_below_share=writable
E7RESULT name=flip rows_at_mount=1014 row_bytes=64 checkpoint_cost_blocks=9 tight_device=1 share_per_device_blocks=132 at_share=writable below_share=read_only control_at_share=writable control_below_share=writable
E7RESULT name=device_dimension rows_at_mount=1014 row_bytes=64 checkpoint_cost_blocks=9 device_zero_free=182 device_one_free=131 settled=read_only pool_scalar=writable
E7RESULT name=reserve rows_at_mount=4064 row_bytes=64 checkpoint_cost_blocks=9 reserved_shares=4 records_per_page=509 rows_per_page=508 pages=9 chain_share_per_device_blocks=72 warm_up_share_per_device_blocks=108 total_blocks=360 share_per_device_blocks=180 expected_total_blocks=360
E7RESULT name=flip rows_at_mount=4064 row_bytes=64 checkpoint_cost_blocks=9 tight_device=0 share_per_device_blocks=180 at_share=writable below_share=read_only control_at_share=writable control_below_share=writable
E7RESULT name=flip rows_at_mount=4064 row_bytes=64 checkpoint_cost_blocks=9 tight_device=1 share_per_device_blocks=180 at_share=writable below_share=read_only control_at_share=writable control_below_share=writable
E7RESULT name=device_dimension rows_at_mount=4064 row_bytes=64 checkpoint_cost_blocks=9 device_zero_free=230 device_one_free=179 settled=read_only pool_scalar=writable
E7RESULT name=reserve rows_at_mount=0 row_bytes=88 checkpoint_cost_blocks=9 reserved_shares=4 records_per_page=370 rows_per_page=369 pages=1 chain_share_per_device_blocks=8 warm_up_share_per_device_blocks=108 total_blocks=232 share_per_device_blocks=116 expected_total_blocks=232
E7RESULT name=flip rows_at_mount=0 row_bytes=88 checkpoint_cost_blocks=9 tight_device=0 share_per_device_blocks=116 at_share=writable below_share=read_only control_at_share=writable control_below_share=writable
E7RESULT name=flip rows_at_mount=0 row_bytes=88 checkpoint_cost_blocks=9 tight_device=1 share_per_device_blocks=116 at_share=writable below_share=read_only control_at_share=writable control_below_share=writable
E7RESULT name=device_dimension rows_at_mount=0 row_bytes=88 checkpoint_cost_blocks=9 device_zero_free=166 device_one_free=115 settled=read_only pool_scalar=writable
E7RESULT name=reserve rows_at_mount=366 row_bytes=88 checkpoint_cost_blocks=9 reserved_shares=4 records_per_page=370 rows_per_page=369 pages=1 chain_share_per_device_blocks=8 warm_up_share_per_device_blocks=108 total_blocks=232 share_per_device_blocks=116 expected_total_blocks=232
E7RESULT name=flip rows_at_mount=366 row_bytes=88 checkpoint_cost_blocks=9 tight_device=0 share_per_device_blocks=116 at_share=writable below_share=read_only control_at_share=writable control_below_share=writable
E7RESULT name=flip rows_at_mount=366 row_bytes=88 checkpoint_cost_blocks=9 tight_device=1 share_per_device_blocks=116 at_share=writable below_share=read_only control_at_share=writable control_below_share=writable
E7RESULT name=device_dimension rows_at_mount=366 row_bytes=88 checkpoint_cost_blocks=9 device_zero_free=166 device_one_free=115 settled=read_only pool_scalar=writable
E7RESULT name=reserve rows_at_mount=367 row_bytes=88 checkpoint_cost_blocks=9 reserved_shares=4 records_per_page=370 rows_per_page=369 pages=2 chain_share_per_device_blocks=16 warm_up_share_per_device_blocks=108 total_blocks=248 share_per_device_blocks=124 expected_total_blocks=248
E7RESULT name=flip rows_at_mount=367 row_bytes=88 checkpoint_cost_blocks=9 tight_device=0 share_per_device_blocks=124 at_share=writable below_share=read_only control_at_share=writable control_below_share=writable
E7RESULT name=flip rows_at_mount=367 row_bytes=88 checkpoint_cost_blocks=9 tight_device=1 share_per_device_blocks=124 at_share=writable below_share=read_only control_at_share=writable control_below_share=writable
E7RESULT name=device_dimension rows_at_mount=367 row_bytes=88 checkpoint_cost_blocks=9 device_zero_free=174 device_one_free=123 settled=read_only pool_scalar=writable
E7RESULT name=reserve rows_at_mount=505 row_bytes=88 checkpoint_cost_blocks=9 reserved_shares=4 records_per_page=370 rows_per_page=369 pages=2 chain_share_per_device_blocks=16 warm_up_share_per_device_blocks=108 total_blocks=248 share_per_device_blocks=124 expected_total_blocks=248
E7RESULT name=flip rows_at_mount=505 row_bytes=88 checkpoint_cost_blocks=9 tight_device=0 share_per_device_blocks=124 at_share=writable below_share=read_only control_at_share=writable control_below_share=writable
E7RESULT name=flip rows_at_mount=505 row_bytes=88 checkpoint_cost_blocks=9 tight_device=1 share_per_device_blocks=124 at_share=writable below_share=read_only control_at_share=writable control_below_share=writable
E7RESULT name=device_dimension rows_at_mount=505 row_bytes=88 checkpoint_cost_blocks=9 device_zero_free=174 device_one_free=123 settled=read_only pool_scalar=writable
E7RESULT name=reserve rows_at_mount=506 row_bytes=88 checkpoint_cost_blocks=9 reserved_shares=4 records_per_page=370 rows_per_page=369 pages=2 chain_share_per_device_blocks=16 warm_up_share_per_device_blocks=108 total_blocks=248 share_per_device_blocks=124 expected_total_blocks=248
E7RESULT name=flip rows_at_mount=506 row_bytes=88 checkpoint_cost_blocks=9 tight_device=0 share_per_device_blocks=124 at_share=writable below_share=read_only control_at_share=writable control_below_share=writable
E7RESULT name=flip rows_at_mount=506 row_bytes=88 checkpoint_cost_blocks=9 tight_device=1 share_per_device_blocks=124 at_share=writable below_share=read_only control_at_share=writable control_below_share=writable
E7RESULT name=device_dimension rows_at_mount=506 row_bytes=88 checkpoint_cost_blocks=9 device_zero_free=174 device_one_free=123 settled=read_only pool_scalar=writable
E7RESULT name=reserve rows_at_mount=1014 row_bytes=88 checkpoint_cost_blocks=9 reserved_shares=4 records_per_page=370 rows_per_page=369 pages=3 chain_share_per_device_blocks=24 warm_up_share_per_device_blocks=108 total_blocks=264 share_per_device_blocks=132 expected_total_blocks=264
E7RESULT name=flip rows_at_mount=1014 row_bytes=88 checkpoint_cost_blocks=9 tight_device=0 share_per_device_blocks=132 at_share=writable below_share=read_only control_at_share=writable control_below_share=writable
E7RESULT name=flip rows_at_mount=1014 row_bytes=88 checkpoint_cost_blocks=9 tight_device=1 share_per_device_blocks=132 at_share=writable below_share=read_only control_at_share=writable control_below_share=writable
E7RESULT name=device_dimension rows_at_mount=1014 row_bytes=88 checkpoint_cost_blocks=9 device_zero_free=182 device_one_free=131 settled=read_only pool_scalar=writable
E7RESULT name=reserve rows_at_mount=4064 row_bytes=88 checkpoint_cost_blocks=9 reserved_shares=4 records_per_page=370 rows_per_page=369 pages=12 chain_share_per_device_blocks=96 warm_up_share_per_device_blocks=108 total_blocks=408 share_per_device_blocks=204 expected_total_blocks=408
E7RESULT name=flip rows_at_mount=4064 row_bytes=88 checkpoint_cost_blocks=9 tight_device=0 share_per_device_blocks=204 at_share=writable below_share=read_only control_at_share=writable control_below_share=writable
E7RESULT name=flip rows_at_mount=4064 row_bytes=88 checkpoint_cost_blocks=9 tight_device=1 share_per_device_blocks=204 at_share=writable below_share=read_only control_at_share=writable control_below_share=writable
E7RESULT name=device_dimension rows_at_mount=4064 row_bytes=88 checkpoint_cost_blocks=9 device_zero_free=254 device_one_free=203 settled=read_only pool_scalar=writable
E7RESULT name=sensitivity form=first_round_candidate points=28 agreeing_points=12 first_difference=506:64:4:settled=128:wrong=116
E7RESULT name=sensitivity form=no_chain_pointer_per_page points=28 agreeing_points=18 first_difference=506:64:4:settled=128:wrong=112
E7RESULT name=sensitivity form=fixed_row_width points=28 agreeing_points=22 first_difference=367:88:4:settled=128:wrong=112
E7RESULT name=sensitivity form=summed_instead_of_worst_times_switches points=28 agreeing_points=20 first_difference=506:64:4:settled=128:wrong=116
E7RESULT name=sensitivity form=no_warm_up points=28 agreeing_points=0 first_difference=0:64:4:settled=112:wrong=16
E7RESULT name=sensitivity form=warm_up_pool_level_only points=28 agreeing_points=0 first_difference=0:64:4:settled=112:wrong=64
E7RESULT name=sensitivity form=no_row_writing_publish_share points=28 agreeing_points=0 first_difference=0:64:4:settled=112:wrong=84
E7RESULT name=verdict crit1_bad_pairs=0 crit2_control_failures=0 crit3_settled_writable=0 crit3_scalar_read_only=0 crit4_mismatches=0 crit5_blind_forms=0
E7RESULT name=done emitted=121
