E7RESULT name=reserve rows_at_mount=0 row_bytes=64 checkpoint_cost_blocks=4 records_per_page=509 rows_per_page=508 pages=1 chain_share_per_device_blocks=6 warm_up_share_per_device_blocks=36 total_blocks=84 share_per_device_blocks=42 expected_total_blocks=84
E7RESULT name=flip rows_at_mount=0 row_bytes=64 checkpoint_cost_blocks=4 tight_device=0 share_per_device_blocks=42 at_share=writable below_share=read_only control_at_share=writable control_below_share=writable
E7RESULT name=flip rows_at_mount=0 row_bytes=64 checkpoint_cost_blocks=4 tight_device=1 share_per_device_blocks=42 at_share=writable below_share=read_only control_at_share=writable control_below_share=writable
E7RESULT name=device_dimension rows_at_mount=0 row_bytes=64 checkpoint_cost_blocks=4 device_zero_free=92 device_one_free=41 settled=read_only pool_scalar=writable
E7RESULT name=reserve rows_at_mount=366 row_bytes=64 checkpoint_cost_blocks=4 records_per_page=509 rows_per_page=508 pages=1 chain_share_per_device_blocks=6 warm_up_share_per_device_blocks=36 total_blocks=84 share_per_device_blocks=42 expected_total_blocks=84
E7RESULT name=flip rows_at_mount=366 row_bytes=64 checkpoint_cost_blocks=4 tight_device=0 share_per_device_blocks=42 at_share=writable below_share=read_only control_at_share=writable control_below_share=writable
E7RESULT name=flip rows_at_mount=366 row_bytes=64 checkpoint_cost_blocks=4 tight_device=1 share_per_device_blocks=42 at_share=writable below_share=read_only control_at_share=writable control_below_share=writable
E7RESULT name=device_dimension rows_at_mount=366 row_bytes=64 checkpoint_cost_blocks=4 device_zero_free=92 device_one_free=41 settled=read_only pool_scalar=writable
E7RESULT name=reserve rows_at_mount=367 row_bytes=64 checkpoint_cost_blocks=4 records_per_page=509 rows_per_page=508 pages=1 chain_share_per_device_blocks=6 warm_up_share_per_device_blocks=36 total_blocks=84 share_per_device_blocks=42 expected_total_blocks=84
E7RESULT name=flip rows_at_mount=367 row_bytes=64 checkpoint_cost_blocks=4 tight_device=0 share_per_device_blocks=42 at_share=writable below_share=read_only control_at_share=writable control_below_share=writable
E7RESULT name=flip rows_at_mount=367 row_bytes=64 checkpoint_cost_blocks=4 tight_device=1 share_per_device_blocks=42 at_share=writable below_share=read_only control_at_share=writable control_below_share=writable
E7RESULT name=device_dimension rows_at_mount=367 row_bytes=64 checkpoint_cost_blocks=4 device_zero_free=92 device_one_free=41 settled=read_only pool_scalar=writable
E7RESULT name=reserve rows_at_mount=505 row_bytes=64 checkpoint_cost_blocks=4 records_per_page=509 rows_per_page=508 pages=1 chain_share_per_device_blocks=6 warm_up_share_per_device_blocks=36 total_blocks=84 share_per_device_blocks=42 expected_total_blocks=84
E7RESULT name=flip rows_at_mount=505 row_bytes=64 checkpoint_cost_blocks=4 tight_device=0 share_per_device_blocks=42 at_share=writable below_share=read_only control_at_share=writable control_below_share=writable
E7RESULT name=flip rows_at_mount=505 row_bytes=64 checkpoint_cost_blocks=4 tight_device=1 share_per_device_blocks=42 at_share=writable below_share=read_only control_at_share=writable control_below_share=writable
E7RESULT name=device_dimension rows_at_mount=505 row_bytes=64 checkpoint_cost_blocks=4 device_zero_free=92 device_one_free=41 settled=read_only pool_scalar=writable
E7RESULT name=reserve rows_at_mount=506 row_bytes=64 checkpoint_cost_blocks=4 records_per_page=509 rows_per_page=508 pages=2 chain_share_per_device_blocks=12 warm_up_share_per_device_blocks=36 total_blocks=96 share_per_device_blocks=48 expected_total_blocks=96
E7RESULT name=flip rows_at_mount=506 row_bytes=64 checkpoint_cost_blocks=4 tight_device=0 share_per_device_blocks=48 at_share=writable below_share=read_only control_at_share=writable control_below_share=writable
E7RESULT name=flip rows_at_mount=506 row_bytes=64 checkpoint_cost_blocks=4 tight_device=1 share_per_device_blocks=48 at_share=writable below_share=read_only control_at_share=writable control_below_share=writable
E7RESULT name=device_dimension rows_at_mount=506 row_bytes=64 checkpoint_cost_blocks=4 device_zero_free=98 device_one_free=47 settled=read_only pool_scalar=writable
E7RESULT name=reserve rows_at_mount=1014 row_bytes=64 checkpoint_cost_blocks=4 records_per_page=509 rows_per_page=508 pages=3 chain_share_per_device_blocks=18 warm_up_share_per_device_blocks=36 total_blocks=108 share_per_device_blocks=54 expected_total_blocks=108
E7RESULT name=flip rows_at_mount=1014 row_bytes=64 checkpoint_cost_blocks=4 tight_device=0 share_per_device_blocks=54 at_share=writable below_share=read_only control_at_share=writable control_below_share=writable
E7RESULT name=flip rows_at_mount=1014 row_bytes=64 checkpoint_cost_blocks=4 tight_device=1 share_per_device_blocks=54 at_share=writable below_share=read_only control_at_share=writable control_below_share=writable
E7RESULT name=device_dimension rows_at_mount=1014 row_bytes=64 checkpoint_cost_blocks=4 device_zero_free=104 device_one_free=53 settled=read_only pool_scalar=writable
E7RESULT name=reserve rows_at_mount=4064 row_bytes=64 checkpoint_cost_blocks=4 records_per_page=509 rows_per_page=508 pages=9 chain_share_per_device_blocks=54 warm_up_share_per_device_blocks=36 total_blocks=180 share_per_device_blocks=90 expected_total_blocks=180
E7RESULT name=flip rows_at_mount=4064 row_bytes=64 checkpoint_cost_blocks=4 tight_device=0 share_per_device_blocks=90 at_share=writable below_share=read_only control_at_share=writable control_below_share=writable
E7RESULT name=flip rows_at_mount=4064 row_bytes=64 checkpoint_cost_blocks=4 tight_device=1 share_per_device_blocks=90 at_share=writable below_share=read_only control_at_share=writable control_below_share=writable
E7RESULT name=device_dimension rows_at_mount=4064 row_bytes=64 checkpoint_cost_blocks=4 device_zero_free=140 device_one_free=89 settled=read_only pool_scalar=writable
E7RESULT name=reserve rows_at_mount=0 row_bytes=88 checkpoint_cost_blocks=4 records_per_page=370 rows_per_page=369 pages=1 chain_share_per_device_blocks=6 warm_up_share_per_device_blocks=36 total_blocks=84 share_per_device_blocks=42 expected_total_blocks=84
E7RESULT name=flip rows_at_mount=0 row_bytes=88 checkpoint_cost_blocks=4 tight_device=0 share_per_device_blocks=42 at_share=writable below_share=read_only control_at_share=writable control_below_share=writable
E7RESULT name=flip rows_at_mount=0 row_bytes=88 checkpoint_cost_blocks=4 tight_device=1 share_per_device_blocks=42 at_share=writable below_share=read_only control_at_share=writable control_below_share=writable
E7RESULT name=device_dimension rows_at_mount=0 row_bytes=88 checkpoint_cost_blocks=4 device_zero_free=92 device_one_free=41 settled=read_only pool_scalar=writable
E7RESULT name=reserve rows_at_mount=366 row_bytes=88 checkpoint_cost_blocks=4 records_per_page=370 rows_per_page=369 pages=1 chain_share_per_device_blocks=6 warm_up_share_per_device_blocks=36 total_blocks=84 share_per_device_blocks=42 expected_total_blocks=84
E7RESULT name=flip rows_at_mount=366 row_bytes=88 checkpoint_cost_blocks=4 tight_device=0 share_per_device_blocks=42 at_share=writable below_share=read_only control_at_share=writable control_below_share=writable
E7RESULT name=flip rows_at_mount=366 row_bytes=88 checkpoint_cost_blocks=4 tight_device=1 share_per_device_blocks=42 at_share=writable below_share=read_only control_at_share=writable control_below_share=writable
E7RESULT name=device_dimension rows_at_mount=366 row_bytes=88 checkpoint_cost_blocks=4 device_zero_free=92 device_one_free=41 settled=read_only pool_scalar=writable
E7RESULT name=reserve rows_at_mount=367 row_bytes=88 checkpoint_cost_blocks=4 records_per_page=370 rows_per_page=369 pages=2 chain_share_per_device_blocks=12 warm_up_share_per_device_blocks=36 total_blocks=96 share_per_device_blocks=48 expected_total_blocks=96
E7RESULT name=flip rows_at_mount=367 row_bytes=88 checkpoint_cost_blocks=4 tight_device=0 share_per_device_blocks=48 at_share=writable below_share=read_only control_at_share=writable control_below_share=writable
E7RESULT name=flip rows_at_mount=367 row_bytes=88 checkpoint_cost_blocks=4 tight_device=1 share_per_device_blocks=48 at_share=writable below_share=read_only control_at_share=writable control_below_share=writable
E7RESULT name=device_dimension rows_at_mount=367 row_bytes=88 checkpoint_cost_blocks=4 device_zero_free=98 device_one_free=47 settled=read_only pool_scalar=writable
E7RESULT name=reserve rows_at_mount=505 row_bytes=88 checkpoint_cost_blocks=4 records_per_page=370 rows_per_page=369 pages=2 chain_share_per_device_blocks=12 warm_up_share_per_device_blocks=36 total_blocks=96 share_per_device_blocks=48 expected_total_blocks=96
E7RESULT name=flip rows_at_mount=505 row_bytes=88 checkpoint_cost_blocks=4 tight_device=0 share_per_device_blocks=48 at_share=writable below_share=read_only control_at_share=writable control_below_share=writable
E7RESULT name=flip rows_at_mount=505 row_bytes=88 checkpoint_cost_blocks=4 tight_device=1 share_per_device_blocks=48 at_share=writable below_share=read_only control_at_share=writable control_below_share=writable
E7RESULT name=device_dimension rows_at_mount=505 row_bytes=88 checkpoint_cost_blocks=4 device_zero_free=98 device_one_free=47 settled=read_only pool_scalar=writable
E7RESULT name=reserve rows_at_mount=506 row_bytes=88 checkpoint_cost_blocks=4 records_per_page=370 rows_per_page=369 pages=2 chain_share_per_device_blocks=12 warm_up_share_per_device_blocks=36 total_blocks=96 share_per_device_blocks=48 expected_total_blocks=96
E7RESULT name=flip rows_at_mount=506 row_bytes=88 checkpoint_cost_blocks=4 tight_device=0 share_per_device_blocks=48 at_share=writable below_share=read_only control_at_share=writable control_below_share=writable
E7RESULT name=flip rows_at_mount=506 row_bytes=88 checkpoint_cost_blocks=4 tight_device=1 share_per_device_blocks=48 at_share=writable below_share=read_only control_at_share=writable control_below_share=writable
E7RESULT name=device_dimension rows_at_mount=506 row_bytes=88 checkpoint_cost_blocks=4 device_zero_free=98 device_one_free=47 settled=read_only pool_scalar=writable
E7RESULT name=reserve rows_at_mount=1014 row_bytes=88 checkpoint_cost_blocks=4 records_per_page=370 rows_per_page=369 pages=3 chain_share_per_device_blocks=18 warm_up_share_per_device_blocks=36 total_blocks=108 share_per_device_blocks=54 expected_total_blocks=108
E7RESULT name=flip rows_at_mount=1014 row_bytes=88 checkpoint_cost_blocks=4 tight_device=0 share_per_device_blocks=54 at_share=writable below_share=read_only control_at_share=writable control_below_share=writable
E7RESULT name=flip rows_at_mount=1014 row_bytes=88 checkpoint_cost_blocks=4 tight_device=1 share_per_device_blocks=54 at_share=writable below_share=read_only control_at_share=writable control_below_share=writable
E7RESULT name=device_dimension rows_at_mount=1014 row_bytes=88 checkpoint_cost_blocks=4 device_zero_free=104 device_one_free=53 settled=read_only pool_scalar=writable
E7RESULT name=reserve rows_at_mount=4064 row_bytes=88 checkpoint_cost_blocks=4 records_per_page=370 rows_per_page=369 pages=12 chain_share_per_device_blocks=72 warm_up_share_per_device_blocks=36 total_blocks=216 share_per_device_blocks=108 expected_total_blocks=216
E7RESULT name=flip rows_at_mount=4064 row_bytes=88 checkpoint_cost_blocks=4 tight_device=0 share_per_device_blocks=108 at_share=writable below_share=read_only control_at_share=writable control_below_share=writable
E7RESULT name=flip rows_at_mount=4064 row_bytes=88 checkpoint_cost_blocks=4 tight_device=1 share_per_device_blocks=108 at_share=writable below_share=read_only control_at_share=writable control_below_share=writable
E7RESULT name=device_dimension rows_at_mount=4064 row_bytes=88 checkpoint_cost_blocks=4 device_zero_free=158 device_one_free=107 settled=read_only pool_scalar=writable
E7RESULT name=reserve rows_at_mount=0 row_bytes=64 checkpoint_cost_blocks=9 records_per_page=509 rows_per_page=508 pages=1 chain_share_per_device_blocks=6 warm_up_share_per_device_blocks=81 total_blocks=174 share_per_device_blocks=87 expected_total_blocks=174
E7RESULT name=flip rows_at_mount=0 row_bytes=64 checkpoint_cost_blocks=9 tight_device=0 share_per_device_blocks=87 at_share=writable below_share=read_only control_at_share=writable control_below_share=writable
E7RESULT name=flip rows_at_mount=0 row_bytes=64 checkpoint_cost_blocks=9 tight_device=1 share_per_device_blocks=87 at_share=writable below_share=read_only control_at_share=writable control_below_share=writable
E7RESULT name=device_dimension rows_at_mount=0 row_bytes=64 checkpoint_cost_blocks=9 device_zero_free=137 device_one_free=86 settled=read_only pool_scalar=writable
E7RESULT name=reserve rows_at_mount=366 row_bytes=64 checkpoint_cost_blocks=9 records_per_page=509 rows_per_page=508 pages=1 chain_share_per_device_blocks=6 warm_up_share_per_device_blocks=81 total_blocks=174 share_per_device_blocks=87 expected_total_blocks=174
E7RESULT name=flip rows_at_mount=366 row_bytes=64 checkpoint_cost_blocks=9 tight_device=0 share_per_device_blocks=87 at_share=writable below_share=read_only control_at_share=writable control_below_share=writable
E7RESULT name=flip rows_at_mount=366 row_bytes=64 checkpoint_cost_blocks=9 tight_device=1 share_per_device_blocks=87 at_share=writable below_share=read_only control_at_share=writable control_below_share=writable
E7RESULT name=device_dimension rows_at_mount=366 row_bytes=64 checkpoint_cost_blocks=9 device_zero_free=137 device_one_free=86 settled=read_only pool_scalar=writable
E7RESULT name=reserve rows_at_mount=367 row_bytes=64 checkpoint_cost_blocks=9 records_per_page=509 rows_per_page=508 pages=1 chain_share_per_device_blocks=6 warm_up_share_per_device_blocks=81 total_blocks=174 share_per_device_blocks=87 expected_total_blocks=174
E7RESULT name=flip rows_at_mount=367 row_bytes=64 checkpoint_cost_blocks=9 tight_device=0 share_per_device_blocks=87 at_share=writable below_share=read_only control_at_share=writable control_below_share=writable
E7RESULT name=flip rows_at_mount=367 row_bytes=64 checkpoint_cost_blocks=9 tight_device=1 share_per_device_blocks=87 at_share=writable below_share=read_only control_at_share=writable control_below_share=writable
E7RESULT name=device_dimension rows_at_mount=367 row_bytes=64 checkpoint_cost_blocks=9 device_zero_free=137 device_one_free=86 settled=read_only pool_scalar=writable
E7RESULT name=reserve rows_at_mount=505 row_bytes=64 checkpoint_cost_blocks=9 records_per_page=509 rows_per_page=508 pages=1 chain_share_per_device_blocks=6 warm_up_share_per_device_blocks=81 total_blocks=174 share_per_device_blocks=87 expected_total_blocks=174
E7RESULT name=flip rows_at_mount=505 row_bytes=64 checkpoint_cost_blocks=9 tight_device=0 share_per_device_blocks=87 at_share=writable below_share=read_only control_at_share=writable control_below_share=writable
E7RESULT name=flip rows_at_mount=505 row_bytes=64 checkpoint_cost_blocks=9 tight_device=1 share_per_device_blocks=87 at_share=writable below_share=read_only control_at_share=writable control_below_share=writable
E7RESULT name=device_dimension rows_at_mount=505 row_bytes=64 checkpoint_cost_blocks=9 device_zero_free=137 device_one_free=86 settled=read_only pool_scalar=writable
E7RESULT name=reserve rows_at_mount=506 row_bytes=64 checkpoint_cost_blocks=9 records_per_page=509 rows_per_page=508 pages=2 chain_share_per_device_blocks=12 warm_up_share_per_device_blocks=81 total_blocks=186 share_per_device_blocks=93 expected_total_blocks=186
E7RESULT name=flip rows_at_mount=506 row_bytes=64 checkpoint_cost_blocks=9 tight_device=0 share_per_device_blocks=93 at_share=writable below_share=read_only control_at_share=writable control_below_share=writable
E7RESULT name=flip rows_at_mount=506 row_bytes=64 checkpoint_cost_blocks=9 tight_device=1 share_per_device_blocks=93 at_share=writable below_share=read_only control_at_share=writable control_below_share=writable
E7RESULT name=device_dimension rows_at_mount=506 row_bytes=64 checkpoint_cost_blocks=9 device_zero_free=143 device_one_free=92 settled=read_only pool_scalar=writable
E7RESULT name=reserve rows_at_mount=1014 row_bytes=64 checkpoint_cost_blocks=9 records_per_page=509 rows_per_page=508 pages=3 chain_share_per_device_blocks=18 warm_up_share_per_device_blocks=81 total_blocks=198 share_per_device_blocks=99 expected_total_blocks=198
E7RESULT name=flip rows_at_mount=1014 row_bytes=64 checkpoint_cost_blocks=9 tight_device=0 share_per_device_blocks=99 at_share=writable below_share=read_only control_at_share=writable control_below_share=writable
E7RESULT name=flip rows_at_mount=1014 row_bytes=64 checkpoint_cost_blocks=9 tight_device=1 share_per_device_blocks=99 at_share=writable below_share=read_only control_at_share=writable control_below_share=writable
E7RESULT name=device_dimension rows_at_mount=1014 row_bytes=64 checkpoint_cost_blocks=9 device_zero_free=149 device_one_free=98 settled=read_only pool_scalar=writable
E7RESULT name=reserve rows_at_mount=4064 row_bytes=64 checkpoint_cost_blocks=9 records_per_page=509 rows_per_page=508 pages=9 chain_share_per_device_blocks=54 warm_up_share_per_device_blocks=81 total_blocks=270 share_per_device_blocks=135 expected_total_blocks=270
E7RESULT name=flip rows_at_mount=4064 row_bytes=64 checkpoint_cost_blocks=9 tight_device=0 share_per_device_blocks=135 at_share=writable below_share=read_only control_at_share=writable control_below_share=writable
E7RESULT name=flip rows_at_mount=4064 row_bytes=64 checkpoint_cost_blocks=9 tight_device=1 share_per_device_blocks=135 at_share=writable below_share=read_only control_at_share=writable control_below_share=writable
E7RESULT name=device_dimension rows_at_mount=4064 row_bytes=64 checkpoint_cost_blocks=9 device_zero_free=185 device_one_free=134 settled=read_only pool_scalar=writable
E7RESULT name=reserve rows_at_mount=0 row_bytes=88 checkpoint_cost_blocks=9 records_per_page=370 rows_per_page=369 pages=1 chain_share_per_device_blocks=6 warm_up_share_per_device_blocks=81 total_blocks=174 share_per_device_blocks=87 expected_total_blocks=174
E7RESULT name=flip rows_at_mount=0 row_bytes=88 checkpoint_cost_blocks=9 tight_device=0 share_per_device_blocks=87 at_share=writable below_share=read_only control_at_share=writable control_below_share=writable
E7RESULT name=flip rows_at_mount=0 row_bytes=88 checkpoint_cost_blocks=9 tight_device=1 share_per_device_blocks=87 at_share=writable below_share=read_only control_at_share=writable control_below_share=writable
E7RESULT name=device_dimension rows_at_mount=0 row_bytes=88 checkpoint_cost_blocks=9 device_zero_free=137 device_one_free=86 settled=read_only pool_scalar=writable
E7RESULT name=reserve rows_at_mount=366 row_bytes=88 checkpoint_cost_blocks=9 records_per_page=370 rows_per_page=369 pages=1 chain_share_per_device_blocks=6 warm_up_share_per_device_blocks=81 total_blocks=174 share_per_device_blocks=87 expected_total_blocks=174
E7RESULT name=flip rows_at_mount=366 row_bytes=88 checkpoint_cost_blocks=9 tight_device=0 share_per_device_blocks=87 at_share=writable below_share=read_only control_at_share=writable control_below_share=writable
E7RESULT name=flip rows_at_mount=366 row_bytes=88 checkpoint_cost_blocks=9 tight_device=1 share_per_device_blocks=87 at_share=writable below_share=read_only control_at_share=writable control_below_share=writable
E7RESULT name=device_dimension rows_at_mount=366 row_bytes=88 checkpoint_cost_blocks=9 device_zero_free=137 device_one_free=86 settled=read_only pool_scalar=writable
E7RESULT name=reserve rows_at_mount=367 row_bytes=88 checkpoint_cost_blocks=9 records_per_page=370 rows_per_page=369 pages=2 chain_share_per_device_blocks=12 warm_up_share_per_device_blocks=81 total_blocks=186 share_per_device_blocks=93 expected_total_blocks=186
E7RESULT name=flip rows_at_mount=367 row_bytes=88 checkpoint_cost_blocks=9 tight_device=0 share_per_device_blocks=93 at_share=writable below_share=read_only control_at_share=writable control_below_share=writable
E7RESULT name=flip rows_at_mount=367 row_bytes=88 checkpoint_cost_blocks=9 tight_device=1 share_per_device_blocks=93 at_share=writable below_share=read_only control_at_share=writable control_below_share=writable
E7RESULT name=device_dimension rows_at_mount=367 row_bytes=88 checkpoint_cost_blocks=9 device_zero_free=143 device_one_free=92 settled=read_only pool_scalar=writable
E7RESULT name=reserve rows_at_mount=505 row_bytes=88 checkpoint_cost_blocks=9 records_per_page=370 rows_per_page=369 pages=2 chain_share_per_device_blocks=12 warm_up_share_per_device_blocks=81 total_blocks=186 share_per_device_blocks=93 expected_total_blocks=186
E7RESULT name=flip rows_at_mount=505 row_bytes=88 checkpoint_cost_blocks=9 tight_device=0 share_per_device_blocks=93 at_share=writable below_share=read_only control_at_share=writable control_below_share=writable
E7RESULT name=flip rows_at_mount=505 row_bytes=88 checkpoint_cost_blocks=9 tight_device=1 share_per_device_blocks=93 at_share=writable below_share=read_only control_at_share=writable control_below_share=writable
E7RESULT name=device_dimension rows_at_mount=505 row_bytes=88 checkpoint_cost_blocks=9 device_zero_free=143 device_one_free=92 settled=read_only pool_scalar=writable
E7RESULT name=reserve rows_at_mount=506 row_bytes=88 checkpoint_cost_blocks=9 records_per_page=370 rows_per_page=369 pages=2 chain_share_per_device_blocks=12 warm_up_share_per_device_blocks=81 total_blocks=186 share_per_device_blocks=93 expected_total_blocks=186
E7RESULT name=flip rows_at_mount=506 row_bytes=88 checkpoint_cost_blocks=9 tight_device=0 share_per_device_blocks=93 at_share=writable below_share=read_only control_at_share=writable control_below_share=writable
E7RESULT name=flip rows_at_mount=506 row_bytes=88 checkpoint_cost_blocks=9 tight_device=1 share_per_device_blocks=93 at_share=writable below_share=read_only control_at_share=writable control_below_share=writable
E7RESULT name=device_dimension rows_at_mount=506 row_bytes=88 checkpoint_cost_blocks=9 device_zero_free=143 device_one_free=92 settled=read_only pool_scalar=writable
E7RESULT name=reserve rows_at_mount=1014 row_bytes=88 checkpoint_cost_blocks=9 records_per_page=370 rows_per_page=369 pages=3 chain_share_per_device_blocks=18 warm_up_share_per_device_blocks=81 total_blocks=198 share_per_device_blocks=99 expected_total_blocks=198
E7RESULT name=flip rows_at_mount=1014 row_bytes=88 checkpoint_cost_blocks=9 tight_device=0 share_per_device_blocks=99 at_share=writable below_share=read_only control_at_share=writable control_below_share=writable
E7RESULT name=flip rows_at_mount=1014 row_bytes=88 checkpoint_cost_blocks=9 tight_device=1 share_per_device_blocks=99 at_share=writable below_share=read_only control_at_share=writable control_below_share=writable
E7RESULT name=device_dimension rows_at_mount=1014 row_bytes=88 checkpoint_cost_blocks=9 device_zero_free=149 device_one_free=98 settled=read_only pool_scalar=writable
E7RESULT name=reserve rows_at_mount=4064 row_bytes=88 checkpoint_cost_blocks=9 records_per_page=370 rows_per_page=369 pages=12 chain_share_per_device_blocks=72 warm_up_share_per_device_blocks=81 total_blocks=306 share_per_device_blocks=153 expected_total_blocks=306
E7RESULT name=flip rows_at_mount=4064 row_bytes=88 checkpoint_cost_blocks=9 tight_device=0 share_per_device_blocks=153 at_share=writable below_share=read_only control_at_share=writable control_below_share=writable
E7RESULT name=flip rows_at_mount=4064 row_bytes=88 checkpoint_cost_blocks=9 tight_device=1 share_per_device_blocks=153 at_share=writable below_share=read_only control_at_share=writable control_below_share=writable
E7RESULT name=device_dimension rows_at_mount=4064 row_bytes=88 checkpoint_cost_blocks=9 device_zero_free=203 device_one_free=152 settled=read_only pool_scalar=writable
E7RESULT name=sensitivity form=first_round_candidate points=28 agreeing_points=12 first_difference=506:64:4:settled=96:wrong=88
E7RESULT name=sensitivity form=no_chain_pointer_per_page points=28 agreeing_points=18 first_difference=506:64:4:settled=96:wrong=84
E7RESULT name=sensitivity form=fixed_row_width points=28 agreeing_points=22 first_difference=367:88:4:settled=96:wrong=84
E7RESULT name=sensitivity form=summed_instead_of_worst_times_switches points=28 agreeing_points=22 first_difference=506:64:4:settled=96:wrong=88
E7RESULT name=sensitivity form=no_warm_up points=28 agreeing_points=0 first_difference=0:64:4:settled=84:wrong=12
E7RESULT name=sensitivity form=warm_up_pool_level_only points=28 agreeing_points=0 first_difference=0:64:4:settled=84:wrong=48
E7RESULT name=verdict crit1_bad_pairs=0 crit2_control_failures=0 crit3_settled_writable=0 crit3_scalar_read_only=0 crit4_mismatches=0 crit5_blind_forms=0
E7RESULT name=done emitted=120
