# 用例 PC5-corrupted：./target/release/e142-region-diff-independent /tmp/.../main-product.out /tmp/.../pc5-corrupted-dump.txt
E7RESULT name=independent_region_diff region=data_unit device=0 offset=822149120 length=32768 matched=true equal=true mismatch_bytes=0 segments=none field_labels=none
E7RESULT name=independent_region_diff region=data_unit device=1 offset=822149120 length=32768 matched=true equal=true mismatch_bytes=0 segments=none field_labels=none
E7RESULT name=independent_region_diff region=extent_root device=0 offset=823132160 length=16384 matched=true equal=true mismatch_bytes=0 segments=none field_labels=none
E7RESULT name=independent_region_diff region=extent_root device=1 offset=823132160 length=16384 matched=true equal=true mismatch_bytes=0 segments=none field_labels=none
E7RESULT name=independent_region_diff region=inode_leaf device=0 offset=823164928 length=32768 matched=true equal=true mismatch_bytes=0 segments=none field_labels=none
E7RESULT name=independent_region_diff region=inode_leaf device=1 offset=823164928 length=32768 matched=true equal=true mismatch_bytes=0 segments=none field_labels=none
E7RESULT name=independent_region_diff region=inode_root device=0 offset=823197696 length=16384 matched=true equal=true mismatch_bytes=0 segments=none field_labels=none
E7RESULT name=independent_region_diff region=inode_root device=1 offset=823197696 length=16384 matched=true equal=true mismatch_bytes=0 segments=none field_labels=none
E7RESULT name=independent_region_diff region=allocation_leaf_of_device_0 device=0 offset=823214080 length=16384 matched=true equal=true mismatch_bytes=0 segments=none field_labels=none
E7RESULT name=independent_region_diff region=allocation_leaf_of_device_0 device=1 offset=823214080 length=16384 matched=true equal=true mismatch_bytes=0 segments=none field_labels=none
E7RESULT name=independent_region_diff region=allocation_leaf_of_device_1 device=0 offset=823230464 length=16384 matched=true equal=true mismatch_bytes=0 segments=none field_labels=none
E7RESULT name=independent_region_diff region=allocation_leaf_of_device_1 device=1 offset=823230464 length=16384 matched=true equal=true mismatch_bytes=0 segments=none field_labels=none
E7RESULT name=independent_region_diff region=allocation_internal_of_device_0 device=0 offset=823246848 length=16384 matched=true equal=true mismatch_bytes=0 segments=none field_labels=none
E7RESULT name=independent_region_diff region=allocation_internal_of_device_0 device=1 offset=823246848 length=16384 matched=true equal=true mismatch_bytes=0 segments=none field_labels=none
E7RESULT name=independent_region_diff region=allocation_internal_of_device_1 device=0 offset=823263232 length=16384 matched=true equal=true mismatch_bytes=0 segments=none field_labels=none
E7RESULT name=independent_region_diff region=allocation_internal_of_device_1 device=1 offset=823263232 length=16384 matched=true equal=true mismatch_bytes=0 segments=none field_labels=none
E7RESULT name=independent_region_diff region=allocation_root device=0 offset=823279616 length=16384 matched=true equal=true mismatch_bytes=0 segments=none field_labels=none
E7RESULT name=independent_region_diff region=allocation_root device=1 offset=823279616 length=16384 matched=true equal=true mismatch_bytes=0 segments=none field_labels=none
E7RESULT name=independent_region_diff region=accounting_root device=0 offset=823296000 length=16384 matched=true equal=true mismatch_bytes=0 segments=none field_labels=none
E7RESULT name=independent_region_diff region=accounting_root device=1 offset=823296000 length=16384 matched=true equal=true mismatch_bytes=0 segments=none field_labels=none
E7RESULT name=independent_region_diff region=mapping_root device=0 offset=823312384 length=16384 matched=true equal=true mismatch_bytes=0 segments=none field_labels=none
E7RESULT name=independent_region_diff region=mapping_root device=1 offset=823312384 length=16384 matched=true equal=true mismatch_bytes=0 segments=none field_labels=none
E7RESULT name=independent_region_diff region=tree_table device=0 offset=823328768 length=16384 matched=true equal=true mismatch_bytes=0 segments=none field_labels=none
E7RESULT name=independent_region_diff region=tree_table device=1 offset=823328768 length=16384 matched=true equal=true mismatch_bytes=0 segments=none field_labels=none
E7RESULT name=independent_region_diff region=journal_record device=0 offset=16785408 length=4096 matched=true equal=true mismatch_bytes=0 segments=none field_labels=none
E7RESULT name=independent_region_diff region=journal_record device=1 offset=16785408 length=4096 matched=true equal=true mismatch_bytes=0 segments=none field_labels=none
E7RESULT name=independent_region_diff region=root_record device=0 offset=1052672 length=512 matched=true equal=true mismatch_bytes=0 segments=none field_labels=none
E7RESULT name=independent_region_diff region=unregistered device=0 offset=4096 length=4096 matched=true equal=true mismatch_bytes=0 segments=none field_labels=none
E7RESULT name=independent_region_diff region=unregistered device=1 offset=4096 length=4096 matched=true equal=false mismatch_bytes=1 segments=6:1 field_labels=feature_bits
E7RESULT name=independent_region_diff_summary model_regions=29 crates_regions=29 equal=28 unequal=1
# 用例 PC5-baseline：./target/release/e142-region-diff-independent /tmp/.../main-product.out /tmp/.../n-lines-only.txt
E7RESULT name=independent_region_diff region=data_unit device=0 offset=822149120 length=32768 matched=true equal=true mismatch_bytes=0 segments=none field_labels=none
E7RESULT name=independent_region_diff region=data_unit device=1 offset=822149120 length=32768 matched=true equal=true mismatch_bytes=0 segments=none field_labels=none
E7RESULT name=independent_region_diff region=extent_root device=0 offset=823132160 length=16384 matched=true equal=true mismatch_bytes=0 segments=none field_labels=none
E7RESULT name=independent_region_diff region=extent_root device=1 offset=823132160 length=16384 matched=true equal=true mismatch_bytes=0 segments=none field_labels=none
E7RESULT name=independent_region_diff region=inode_leaf device=0 offset=823164928 length=32768 matched=true equal=true mismatch_bytes=0 segments=none field_labels=none
E7RESULT name=independent_region_diff region=inode_leaf device=1 offset=823164928 length=32768 matched=true equal=true mismatch_bytes=0 segments=none field_labels=none
E7RESULT name=independent_region_diff region=inode_root device=0 offset=823197696 length=16384 matched=true equal=true mismatch_bytes=0 segments=none field_labels=none
E7RESULT name=independent_region_diff region=inode_root device=1 offset=823197696 length=16384 matched=true equal=true mismatch_bytes=0 segments=none field_labels=none
E7RESULT name=independent_region_diff region=allocation_leaf_of_device_0 device=0 offset=823214080 length=16384 matched=true equal=true mismatch_bytes=0 segments=none field_labels=none
E7RESULT name=independent_region_diff region=allocation_leaf_of_device_0 device=1 offset=823214080 length=16384 matched=true equal=true mismatch_bytes=0 segments=none field_labels=none
E7RESULT name=independent_region_diff region=allocation_leaf_of_device_1 device=0 offset=823230464 length=16384 matched=true equal=true mismatch_bytes=0 segments=none field_labels=none
E7RESULT name=independent_region_diff region=allocation_leaf_of_device_1 device=1 offset=823230464 length=16384 matched=true equal=true mismatch_bytes=0 segments=none field_labels=none
E7RESULT name=independent_region_diff region=allocation_internal_of_device_0 device=0 offset=823246848 length=16384 matched=true equal=true mismatch_bytes=0 segments=none field_labels=none
E7RESULT name=independent_region_diff region=allocation_internal_of_device_0 device=1 offset=823246848 length=16384 matched=true equal=true mismatch_bytes=0 segments=none field_labels=none
E7RESULT name=independent_region_diff region=allocation_internal_of_device_1 device=0 offset=823263232 length=16384 matched=true equal=true mismatch_bytes=0 segments=none field_labels=none
E7RESULT name=independent_region_diff region=allocation_internal_of_device_1 device=1 offset=823263232 length=16384 matched=true equal=true mismatch_bytes=0 segments=none field_labels=none
E7RESULT name=independent_region_diff region=allocation_root device=0 offset=823279616 length=16384 matched=true equal=true mismatch_bytes=0 segments=none field_labels=none
E7RESULT name=independent_region_diff region=allocation_root device=1 offset=823279616 length=16384 matched=true equal=true mismatch_bytes=0 segments=none field_labels=none
E7RESULT name=independent_region_diff region=accounting_root device=0 offset=823296000 length=16384 matched=true equal=true mismatch_bytes=0 segments=none field_labels=none
E7RESULT name=independent_region_diff region=accounting_root device=1 offset=823296000 length=16384 matched=true equal=true mismatch_bytes=0 segments=none field_labels=none
E7RESULT name=independent_region_diff region=mapping_root device=0 offset=823312384 length=16384 matched=true equal=true mismatch_bytes=0 segments=none field_labels=none
E7RESULT name=independent_region_diff region=mapping_root device=1 offset=823312384 length=16384 matched=true equal=true mismatch_bytes=0 segments=none field_labels=none
E7RESULT name=independent_region_diff region=tree_table device=0 offset=823328768 length=16384 matched=true equal=true mismatch_bytes=0 segments=none field_labels=none
E7RESULT name=independent_region_diff region=tree_table device=1 offset=823328768 length=16384 matched=true equal=true mismatch_bytes=0 segments=none field_labels=none
E7RESULT name=independent_region_diff region=journal_record device=0 offset=16785408 length=4096 matched=true equal=true mismatch_bytes=0 segments=none field_labels=none
E7RESULT name=independent_region_diff region=journal_record device=1 offset=16785408 length=4096 matched=true equal=true mismatch_bytes=0 segments=none field_labels=none
E7RESULT name=independent_region_diff region=root_record device=0 offset=1052672 length=512 matched=true equal=true mismatch_bytes=0 segments=none field_labels=none
E7RESULT name=independent_region_diff region=unregistered device=0 offset=4096 length=4096 matched=true equal=true mismatch_bytes=0 segments=none field_labels=none
E7RESULT name=independent_region_diff region=unregistered device=1 offset=4096 length=4096 matched=true equal=true mismatch_bytes=0 segments=none field_labels=none
E7RESULT name=independent_region_diff_summary model_regions=29 crates_regions=29 equal=29 unequal=0
# 用例 PC6(i)：./target/release/e142-region-diff-independent old-new pc6-i-new.txt pc6-n-baseline.txt
E7RESULT name=old_new_independent_segment region=data_unit device=0 offset_in_region=200 length=1 class=unmapped old_hex=42 new_hex=43
E7RESULT name=old_new_independent region=data_unit device=0 offset=822149120 length=32768 matched=true changed=true changed_bytes=1 segments=200:1 clause_d15_4_bytes=0 clause_d22_9_bytes=0 clause_d22_7_bytes=0 derived_bytes=0 unmapped_bytes=1 explained=false mapped=false
E7RESULT name=old_new_independent region=data_unit device=1 offset=822149120 length=32768 matched=true changed=false changed_bytes=0 segments=none clause_d15_4_bytes=0 clause_d22_9_bytes=0 clause_d22_7_bytes=0 derived_bytes=0 unmapped_bytes=0 explained=true mapped=true
E7RESULT name=old_new_independent region=extent_root device=0 offset=823132160 length=16384 matched=true changed=false changed_bytes=0 segments=none clause_d15_4_bytes=0 clause_d22_9_bytes=0 clause_d22_7_bytes=0 derived_bytes=0 unmapped_bytes=0 explained=true mapped=true
E7RESULT name=old_new_independent region=extent_root device=1 offset=823132160 length=16384 matched=true changed=false changed_bytes=0 segments=none clause_d15_4_bytes=0 clause_d22_9_bytes=0 clause_d22_7_bytes=0 derived_bytes=0 unmapped_bytes=0 explained=true mapped=true
E7RESULT name=old_new_independent region=inode_leaf device=0 offset=823164928 length=32768 matched=true changed=false changed_bytes=0 segments=none clause_d15_4_bytes=0 clause_d22_9_bytes=0 clause_d22_7_bytes=0 derived_bytes=0 unmapped_bytes=0 explained=true mapped=true
E7RESULT name=old_new_independent region=inode_leaf device=1 offset=823164928 length=32768 matched=true changed=false changed_bytes=0 segments=none clause_d15_4_bytes=0 clause_d22_9_bytes=0 clause_d22_7_bytes=0 derived_bytes=0 unmapped_bytes=0 explained=true mapped=true
E7RESULT name=old_new_independent region=inode_root device=0 offset=823197696 length=16384 matched=true changed=false changed_bytes=0 segments=none clause_d15_4_bytes=0 clause_d22_9_bytes=0 clause_d22_7_bytes=0 derived_bytes=0 unmapped_bytes=0 explained=true mapped=true
E7RESULT name=old_new_independent region=inode_root device=1 offset=823197696 length=16384 matched=true changed=false changed_bytes=0 segments=none clause_d15_4_bytes=0 clause_d22_9_bytes=0 clause_d22_7_bytes=0 derived_bytes=0 unmapped_bytes=0 explained=true mapped=true
E7RESULT name=old_new_independent region=allocation_leaf_of_device_0 device=0 offset=823214080 length=16384 matched=true changed=false changed_bytes=0 segments=none clause_d15_4_bytes=0 clause_d22_9_bytes=0 clause_d22_7_bytes=0 derived_bytes=0 unmapped_bytes=0 explained=true mapped=true
E7RESULT name=old_new_independent region=allocation_leaf_of_device_0 device=1 offset=823214080 length=16384 matched=true changed=false changed_bytes=0 segments=none clause_d15_4_bytes=0 clause_d22_9_bytes=0 clause_d22_7_bytes=0 derived_bytes=0 unmapped_bytes=0 explained=true mapped=true
E7RESULT name=old_new_independent region=allocation_leaf_of_device_1 device=0 offset=823230464 length=16384 matched=true changed=false changed_bytes=0 segments=none clause_d15_4_bytes=0 clause_d22_9_bytes=0 clause_d22_7_bytes=0 derived_bytes=0 unmapped_bytes=0 explained=true mapped=true
E7RESULT name=old_new_independent region=allocation_leaf_of_device_1 device=1 offset=823230464 length=16384 matched=true changed=false changed_bytes=0 segments=none clause_d15_4_bytes=0 clause_d22_9_bytes=0 clause_d22_7_bytes=0 derived_bytes=0 unmapped_bytes=0 explained=true mapped=true
E7RESULT name=old_new_independent region=allocation_internal_of_device_0 device=0 offset=823246848 length=16384 matched=true changed=false changed_bytes=0 segments=none clause_d15_4_bytes=0 clause_d22_9_bytes=0 clause_d22_7_bytes=0 derived_bytes=0 unmapped_bytes=0 explained=true mapped=true
E7RESULT name=old_new_independent region=allocation_internal_of_device_0 device=1 offset=823246848 length=16384 matched=true changed=false changed_bytes=0 segments=none clause_d15_4_bytes=0 clause_d22_9_bytes=0 clause_d22_7_bytes=0 derived_bytes=0 unmapped_bytes=0 explained=true mapped=true
E7RESULT name=old_new_independent region=allocation_internal_of_device_1 device=0 offset=823263232 length=16384 matched=true changed=false changed_bytes=0 segments=none clause_d15_4_bytes=0 clause_d22_9_bytes=0 clause_d22_7_bytes=0 derived_bytes=0 unmapped_bytes=0 explained=true mapped=true
E7RESULT name=old_new_independent region=allocation_internal_of_device_1 device=1 offset=823263232 length=16384 matched=true changed=false changed_bytes=0 segments=none clause_d15_4_bytes=0 clause_d22_9_bytes=0 clause_d22_7_bytes=0 derived_bytes=0 unmapped_bytes=0 explained=true mapped=true
E7RESULT name=old_new_independent region=allocation_root device=0 offset=823279616 length=16384 matched=true changed=false changed_bytes=0 segments=none clause_d15_4_bytes=0 clause_d22_9_bytes=0 clause_d22_7_bytes=0 derived_bytes=0 unmapped_bytes=0 explained=true mapped=true
E7RESULT name=old_new_independent region=allocation_root device=1 offset=823279616 length=16384 matched=true changed=false changed_bytes=0 segments=none clause_d15_4_bytes=0 clause_d22_9_bytes=0 clause_d22_7_bytes=0 derived_bytes=0 unmapped_bytes=0 explained=true mapped=true
E7RESULT name=old_new_independent region=accounting_root device=0 offset=823296000 length=16384 matched=true changed=false changed_bytes=0 segments=none clause_d15_4_bytes=0 clause_d22_9_bytes=0 clause_d22_7_bytes=0 derived_bytes=0 unmapped_bytes=0 explained=true mapped=true
E7RESULT name=old_new_independent region=accounting_root device=1 offset=823296000 length=16384 matched=true changed=false changed_bytes=0 segments=none clause_d15_4_bytes=0 clause_d22_9_bytes=0 clause_d22_7_bytes=0 derived_bytes=0 unmapped_bytes=0 explained=true mapped=true
E7RESULT name=old_new_independent region=mapping_root device=0 offset=823312384 length=16384 matched=true changed=false changed_bytes=0 segments=none clause_d15_4_bytes=0 clause_d22_9_bytes=0 clause_d22_7_bytes=0 derived_bytes=0 unmapped_bytes=0 explained=true mapped=true
E7RESULT name=old_new_independent region=mapping_root device=1 offset=823312384 length=16384 matched=true changed=false changed_bytes=0 segments=none clause_d15_4_bytes=0 clause_d22_9_bytes=0 clause_d22_7_bytes=0 derived_bytes=0 unmapped_bytes=0 explained=true mapped=true
E7RESULT name=old_new_independent region=tree_table device=0 offset=823328768 length=16384 matched=true changed=false changed_bytes=0 segments=none clause_d15_4_bytes=0 clause_d22_9_bytes=0 clause_d22_7_bytes=0 derived_bytes=0 unmapped_bytes=0 explained=true mapped=true
E7RESULT name=old_new_independent region=tree_table device=1 offset=823328768 length=16384 matched=true changed=false changed_bytes=0 segments=none clause_d15_4_bytes=0 clause_d22_9_bytes=0 clause_d22_7_bytes=0 derived_bytes=0 unmapped_bytes=0 explained=true mapped=true
E7RESULT name=old_new_independent region=journal_record device=0 offset=16785408 length=4096 matched=true changed=false changed_bytes=0 segments=none clause_d15_4_bytes=0 clause_d22_9_bytes=0 clause_d22_7_bytes=0 derived_bytes=0 unmapped_bytes=0 explained=true mapped=true
E7RESULT name=old_new_independent region=journal_record device=1 offset=16785408 length=4096 matched=true changed=false changed_bytes=0 segments=none clause_d15_4_bytes=0 clause_d22_9_bytes=0 clause_d22_7_bytes=0 derived_bytes=0 unmapped_bytes=0 explained=true mapped=true
E7RESULT name=old_new_independent region=root_record device=0 offset=1052672 length=512 matched=true changed=false changed_bytes=0 segments=none clause_d15_4_bytes=0 clause_d22_9_bytes=0 clause_d22_7_bytes=0 derived_bytes=0 unmapped_bytes=0 explained=true mapped=true
E7RESULT name=old_new_independent region=unregistered device=0 offset=4096 length=4096 matched=true changed=false changed_bytes=0 segments=none clause_d15_4_bytes=0 clause_d22_9_bytes=0 clause_d22_7_bytes=0 derived_bytes=0 unmapped_bytes=0 explained=true mapped=true
E7RESULT name=old_new_independent region=unregistered device=1 offset=4096 length=4096 matched=true changed=false changed_bytes=0 segments=none clause_d15_4_bytes=0 clause_d22_9_bytes=0 clause_d22_7_bytes=0 derived_bytes=0 unmapped_bytes=0 explained=true mapped=true
E7RESULT name=old_new_independent_clause_values side=new region=root_record device=0 flags_hex=00000000 checksum_recomputes=true
E7RESULT name=old_new_independent_clause_values side=new region=system_configuration device=0 incompat_byte0=0x02 feature_bits_rest_zero=true rollback_floor_hex=0000000000000000 padding_after_489_zero=true checksum_recomputes=true
E7RESULT name=old_new_independent_clause_values side=new region=system_configuration device=1 incompat_byte0=0x02 feature_bits_rest_zero=true rollback_floor_hex=0000000000000000 padding_after_489_zero=true checksum_recomputes=true
E7RESULT name=old_new_independent_clause_values side=old region=root_record device=0 flags_hex=00000000 checksum_recomputes=true
E7RESULT name=old_new_independent_clause_values side=old region=system_configuration device=0 incompat_byte0=0x02 feature_bits_rest_zero=true rollback_floor_hex=0000000000000000 padding_after_489_zero=true checksum_recomputes=true
E7RESULT name=old_new_independent_clause_values side=old region=system_configuration device=1 incompat_byte0=0x02 feature_bits_rest_zero=true rollback_floor_hex=0000000000000000 padding_after_489_zero=true checksum_recomputes=true
E7RESULT name=old_new_independent_summary new_regions=29 old_regions=29 matched=29 changed=1 unchanged=28 unmatched_new=0 unmatched_old=0 mapped_regions=0 unmapped_regions=1
E7RESULT name=old_new_independent_verdict all_changes_mapped=false
# 用例 PC6(ii)：./target/release/e142-region-diff-independent old-new pc6-ii-new.txt pc6-n-baseline.txt
E7RESULT name=old_new_independent region=data_unit device=0 offset=822149120 length=32768 matched=true changed=false changed_bytes=0 segments=none clause_d15_4_bytes=0 clause_d22_9_bytes=0 clause_d22_7_bytes=0 derived_bytes=0 unmapped_bytes=0 explained=true mapped=true
E7RESULT name=old_new_independent region=data_unit device=1 offset=822149120 length=32768 matched=true changed=false changed_bytes=0 segments=none clause_d15_4_bytes=0 clause_d22_9_bytes=0 clause_d22_7_bytes=0 derived_bytes=0 unmapped_bytes=0 explained=true mapped=true
E7RESULT name=old_new_independent region=extent_root device=0 offset=823132160 length=16384 matched=true changed=false changed_bytes=0 segments=none clause_d15_4_bytes=0 clause_d22_9_bytes=0 clause_d22_7_bytes=0 derived_bytes=0 unmapped_bytes=0 explained=true mapped=true
E7RESULT name=old_new_independent region=extent_root device=1 offset=823132160 length=16384 matched=true changed=false changed_bytes=0 segments=none clause_d15_4_bytes=0 clause_d22_9_bytes=0 clause_d22_7_bytes=0 derived_bytes=0 unmapped_bytes=0 explained=true mapped=true
E7RESULT name=old_new_independent region=inode_leaf device=0 offset=823164928 length=32768 matched=true changed=false changed_bytes=0 segments=none clause_d15_4_bytes=0 clause_d22_9_bytes=0 clause_d22_7_bytes=0 derived_bytes=0 unmapped_bytes=0 explained=true mapped=true
E7RESULT name=old_new_independent region=inode_leaf device=1 offset=823164928 length=32768 matched=true changed=false changed_bytes=0 segments=none clause_d15_4_bytes=0 clause_d22_9_bytes=0 clause_d22_7_bytes=0 derived_bytes=0 unmapped_bytes=0 explained=true mapped=true
E7RESULT name=old_new_independent region=inode_root device=0 offset=823197696 length=16384 matched=true changed=false changed_bytes=0 segments=none clause_d15_4_bytes=0 clause_d22_9_bytes=0 clause_d22_7_bytes=0 derived_bytes=0 unmapped_bytes=0 explained=true mapped=true
E7RESULT name=old_new_independent region=inode_root device=1 offset=823197696 length=16384 matched=true changed=false changed_bytes=0 segments=none clause_d15_4_bytes=0 clause_d22_9_bytes=0 clause_d22_7_bytes=0 derived_bytes=0 unmapped_bytes=0 explained=true mapped=true
E7RESULT name=old_new_independent region=allocation_leaf_of_device_0 device=0 offset=823214080 length=16384 matched=true changed=false changed_bytes=0 segments=none clause_d15_4_bytes=0 clause_d22_9_bytes=0 clause_d22_7_bytes=0 derived_bytes=0 unmapped_bytes=0 explained=true mapped=true
E7RESULT name=old_new_independent region=allocation_leaf_of_device_0 device=1 offset=823214080 length=16384 matched=true changed=false changed_bytes=0 segments=none clause_d15_4_bytes=0 clause_d22_9_bytes=0 clause_d22_7_bytes=0 derived_bytes=0 unmapped_bytes=0 explained=true mapped=true
E7RESULT name=old_new_independent region=allocation_leaf_of_device_1 device=0 offset=823230464 length=16384 matched=true changed=false changed_bytes=0 segments=none clause_d15_4_bytes=0 clause_d22_9_bytes=0 clause_d22_7_bytes=0 derived_bytes=0 unmapped_bytes=0 explained=true mapped=true
E7RESULT name=old_new_independent region=allocation_leaf_of_device_1 device=1 offset=823230464 length=16384 matched=true changed=false changed_bytes=0 segments=none clause_d15_4_bytes=0 clause_d22_9_bytes=0 clause_d22_7_bytes=0 derived_bytes=0 unmapped_bytes=0 explained=true mapped=true
E7RESULT name=old_new_independent region=allocation_internal_of_device_0 device=0 offset=823246848 length=16384 matched=true changed=false changed_bytes=0 segments=none clause_d15_4_bytes=0 clause_d22_9_bytes=0 clause_d22_7_bytes=0 derived_bytes=0 unmapped_bytes=0 explained=true mapped=true
E7RESULT name=old_new_independent region=allocation_internal_of_device_0 device=1 offset=823246848 length=16384 matched=true changed=false changed_bytes=0 segments=none clause_d15_4_bytes=0 clause_d22_9_bytes=0 clause_d22_7_bytes=0 derived_bytes=0 unmapped_bytes=0 explained=true mapped=true
E7RESULT name=old_new_independent region=allocation_internal_of_device_1 device=0 offset=823263232 length=16384 matched=true changed=false changed_bytes=0 segments=none clause_d15_4_bytes=0 clause_d22_9_bytes=0 clause_d22_7_bytes=0 derived_bytes=0 unmapped_bytes=0 explained=true mapped=true
E7RESULT name=old_new_independent region=allocation_internal_of_device_1 device=1 offset=823263232 length=16384 matched=true changed=false changed_bytes=0 segments=none clause_d15_4_bytes=0 clause_d22_9_bytes=0 clause_d22_7_bytes=0 derived_bytes=0 unmapped_bytes=0 explained=true mapped=true
E7RESULT name=old_new_independent region=allocation_root device=0 offset=823279616 length=16384 matched=true changed=false changed_bytes=0 segments=none clause_d15_4_bytes=0 clause_d22_9_bytes=0 clause_d22_7_bytes=0 derived_bytes=0 unmapped_bytes=0 explained=true mapped=true
E7RESULT name=old_new_independent region=allocation_root device=1 offset=823279616 length=16384 matched=true changed=false changed_bytes=0 segments=none clause_d15_4_bytes=0 clause_d22_9_bytes=0 clause_d22_7_bytes=0 derived_bytes=0 unmapped_bytes=0 explained=true mapped=true
E7RESULT name=old_new_independent region=accounting_root device=0 offset=823296000 length=16384 matched=true changed=false changed_bytes=0 segments=none clause_d15_4_bytes=0 clause_d22_9_bytes=0 clause_d22_7_bytes=0 derived_bytes=0 unmapped_bytes=0 explained=true mapped=true
E7RESULT name=old_new_independent region=accounting_root device=1 offset=823296000 length=16384 matched=true changed=false changed_bytes=0 segments=none clause_d15_4_bytes=0 clause_d22_9_bytes=0 clause_d22_7_bytes=0 derived_bytes=0 unmapped_bytes=0 explained=true mapped=true
E7RESULT name=old_new_independent region=mapping_root device=0 offset=823312384 length=16384 matched=true changed=false changed_bytes=0 segments=none clause_d15_4_bytes=0 clause_d22_9_bytes=0 clause_d22_7_bytes=0 derived_bytes=0 unmapped_bytes=0 explained=true mapped=true
E7RESULT name=old_new_independent region=mapping_root device=1 offset=823312384 length=16384 matched=true changed=false changed_bytes=0 segments=none clause_d15_4_bytes=0 clause_d22_9_bytes=0 clause_d22_7_bytes=0 derived_bytes=0 unmapped_bytes=0 explained=true mapped=true
E7RESULT name=old_new_independent region=tree_table device=0 offset=823328768 length=16384 matched=true changed=false changed_bytes=0 segments=none clause_d15_4_bytes=0 clause_d22_9_bytes=0 clause_d22_7_bytes=0 derived_bytes=0 unmapped_bytes=0 explained=true mapped=true
E7RESULT name=old_new_independent region=tree_table device=1 offset=823328768 length=16384 matched=true changed=false changed_bytes=0 segments=none clause_d15_4_bytes=0 clause_d22_9_bytes=0 clause_d22_7_bytes=0 derived_bytes=0 unmapped_bytes=0 explained=true mapped=true
E7RESULT name=old_new_independent region=journal_record device=0 offset=16785408 length=4096 matched=true changed=false changed_bytes=0 segments=none clause_d15_4_bytes=0 clause_d22_9_bytes=0 clause_d22_7_bytes=0 derived_bytes=0 unmapped_bytes=0 explained=true mapped=true
E7RESULT name=old_new_independent region=journal_record device=1 offset=16785408 length=4096 matched=true changed=false changed_bytes=0 segments=none clause_d15_4_bytes=0 clause_d22_9_bytes=0 clause_d22_7_bytes=0 derived_bytes=0 unmapped_bytes=0 explained=true mapped=true
E7RESULT name=old_new_independent region=root_record device=0 offset=1052672 length=512 matched=true changed=false changed_bytes=0 segments=none clause_d15_4_bytes=0 clause_d22_9_bytes=0 clause_d22_7_bytes=0 derived_bytes=0 unmapped_bytes=0 explained=true mapped=true
E7RESULT name=old_new_independent_segment region=unregistered device=0 offset_in_region=155 length=1 class=unmapped old_hex=6c new_hex=6d
E7RESULT name=old_new_independent region=unregistered device=0 offset=4096 length=4096 matched=true changed=true changed_bytes=1 segments=155:1 clause_d15_4_bytes=0 clause_d22_9_bytes=0 clause_d22_7_bytes=0 derived_bytes=0 unmapped_bytes=1 explained=false mapped=false
E7RESULT name=old_new_independent region=unregistered device=1 offset=4096 length=4096 matched=true changed=false changed_bytes=0 segments=none clause_d15_4_bytes=0 clause_d22_9_bytes=0 clause_d22_7_bytes=0 derived_bytes=0 unmapped_bytes=0 explained=true mapped=true
E7RESULT name=old_new_independent_clause_values side=new region=root_record device=0 flags_hex=00000000 checksum_recomputes=true
E7RESULT name=old_new_independent_clause_values side=new region=system_configuration device=0 incompat_byte0=0x02 feature_bits_rest_zero=true rollback_floor_hex=0000000000000000 padding_after_489_zero=true checksum_recomputes=false
E7RESULT name=old_new_independent_clause_values side=new region=system_configuration device=1 incompat_byte0=0x02 feature_bits_rest_zero=true rollback_floor_hex=0000000000000000 padding_after_489_zero=true checksum_recomputes=true
E7RESULT name=old_new_independent_clause_values side=old region=root_record device=0 flags_hex=00000000 checksum_recomputes=true
E7RESULT name=old_new_independent_clause_values side=old region=system_configuration device=0 incompat_byte0=0x02 feature_bits_rest_zero=true rollback_floor_hex=0000000000000000 padding_after_489_zero=true checksum_recomputes=true
E7RESULT name=old_new_independent_clause_values side=old region=system_configuration device=1 incompat_byte0=0x02 feature_bits_rest_zero=true rollback_floor_hex=0000000000000000 padding_after_489_zero=true checksum_recomputes=true
E7RESULT name=old_new_independent_summary new_regions=29 old_regions=29 matched=29 changed=1 unchanged=28 unmatched_new=0 unmatched_old=0 mapped_regions=0 unmapped_regions=1
E7RESULT name=old_new_independent_verdict all_changes_mapped=false
# 用例 PC6(iii)：./target/release/e142-region-diff-independent old-new pc6-iii-new.txt pc6-n-baseline.txt
E7RESULT name=old_new_independent region=data_unit device=0 offset=822149120 length=32768 matched=true changed=false changed_bytes=0 segments=none clause_d15_4_bytes=0 clause_d22_9_bytes=0 clause_d22_7_bytes=0 derived_bytes=0 unmapped_bytes=0 explained=true mapped=true
E7RESULT name=old_new_independent region=data_unit device=1 offset=822149120 length=32768 matched=true changed=false changed_bytes=0 segments=none clause_d15_4_bytes=0 clause_d22_9_bytes=0 clause_d22_7_bytes=0 derived_bytes=0 unmapped_bytes=0 explained=true mapped=true
E7RESULT name=old_new_independent region=extent_root device=0 offset=823132160 length=16384 matched=true changed=false changed_bytes=0 segments=none clause_d15_4_bytes=0 clause_d22_9_bytes=0 clause_d22_7_bytes=0 derived_bytes=0 unmapped_bytes=0 explained=true mapped=true
E7RESULT name=old_new_independent region=extent_root device=1 offset=823132160 length=16384 matched=true changed=false changed_bytes=0 segments=none clause_d15_4_bytes=0 clause_d22_9_bytes=0 clause_d22_7_bytes=0 derived_bytes=0 unmapped_bytes=0 explained=true mapped=true
E7RESULT name=old_new_independent region=inode_leaf device=0 offset=823164928 length=32768 matched=true changed=false changed_bytes=0 segments=none clause_d15_4_bytes=0 clause_d22_9_bytes=0 clause_d22_7_bytes=0 derived_bytes=0 unmapped_bytes=0 explained=true mapped=true
E7RESULT name=old_new_independent region=inode_leaf device=1 offset=823164928 length=32768 matched=true changed=false changed_bytes=0 segments=none clause_d15_4_bytes=0 clause_d22_9_bytes=0 clause_d22_7_bytes=0 derived_bytes=0 unmapped_bytes=0 explained=true mapped=true
E7RESULT name=old_new_independent region=inode_root device=0 offset=823197696 length=16384 matched=true changed=false changed_bytes=0 segments=none clause_d15_4_bytes=0 clause_d22_9_bytes=0 clause_d22_7_bytes=0 derived_bytes=0 unmapped_bytes=0 explained=true mapped=true
E7RESULT name=old_new_independent region=inode_root device=1 offset=823197696 length=16384 matched=true changed=false changed_bytes=0 segments=none clause_d15_4_bytes=0 clause_d22_9_bytes=0 clause_d22_7_bytes=0 derived_bytes=0 unmapped_bytes=0 explained=true mapped=true
E7RESULT name=old_new_independent region=allocation_leaf_of_device_0 device=0 offset=823214080 length=16384 matched=true changed=false changed_bytes=0 segments=none clause_d15_4_bytes=0 clause_d22_9_bytes=0 clause_d22_7_bytes=0 derived_bytes=0 unmapped_bytes=0 explained=true mapped=true
E7RESULT name=old_new_independent region=allocation_leaf_of_device_0 device=1 offset=823214080 length=16384 matched=true changed=false changed_bytes=0 segments=none clause_d15_4_bytes=0 clause_d22_9_bytes=0 clause_d22_7_bytes=0 derived_bytes=0 unmapped_bytes=0 explained=true mapped=true
E7RESULT name=old_new_independent region=allocation_leaf_of_device_1 device=0 offset=823230464 length=16384 matched=true changed=false changed_bytes=0 segments=none clause_d15_4_bytes=0 clause_d22_9_bytes=0 clause_d22_7_bytes=0 derived_bytes=0 unmapped_bytes=0 explained=true mapped=true
E7RESULT name=old_new_independent region=allocation_leaf_of_device_1 device=1 offset=823230464 length=16384 matched=true changed=false changed_bytes=0 segments=none clause_d15_4_bytes=0 clause_d22_9_bytes=0 clause_d22_7_bytes=0 derived_bytes=0 unmapped_bytes=0 explained=true mapped=true
E7RESULT name=old_new_independent region=allocation_internal_of_device_0 device=0 offset=823246848 length=16384 matched=true changed=false changed_bytes=0 segments=none clause_d15_4_bytes=0 clause_d22_9_bytes=0 clause_d22_7_bytes=0 derived_bytes=0 unmapped_bytes=0 explained=true mapped=true
E7RESULT name=old_new_independent region=allocation_internal_of_device_0 device=1 offset=823246848 length=16384 matched=true changed=false changed_bytes=0 segments=none clause_d15_4_bytes=0 clause_d22_9_bytes=0 clause_d22_7_bytes=0 derived_bytes=0 unmapped_bytes=0 explained=true mapped=true
E7RESULT name=old_new_independent region=allocation_internal_of_device_1 device=0 offset=823263232 length=16384 matched=true changed=false changed_bytes=0 segments=none clause_d15_4_bytes=0 clause_d22_9_bytes=0 clause_d22_7_bytes=0 derived_bytes=0 unmapped_bytes=0 explained=true mapped=true
E7RESULT name=old_new_independent region=allocation_internal_of_device_1 device=1 offset=823263232 length=16384 matched=true changed=false changed_bytes=0 segments=none clause_d15_4_bytes=0 clause_d22_9_bytes=0 clause_d22_7_bytes=0 derived_bytes=0 unmapped_bytes=0 explained=true mapped=true
E7RESULT name=old_new_independent region=allocation_root device=0 offset=823279616 length=16384 matched=true changed=false changed_bytes=0 segments=none clause_d15_4_bytes=0 clause_d22_9_bytes=0 clause_d22_7_bytes=0 derived_bytes=0 unmapped_bytes=0 explained=true mapped=true
E7RESULT name=old_new_independent region=allocation_root device=1 offset=823279616 length=16384 matched=true changed=false changed_bytes=0 segments=none clause_d15_4_bytes=0 clause_d22_9_bytes=0 clause_d22_7_bytes=0 derived_bytes=0 unmapped_bytes=0 explained=true mapped=true
E7RESULT name=old_new_independent region=accounting_root device=0 offset=823296000 length=16384 matched=true changed=false changed_bytes=0 segments=none clause_d15_4_bytes=0 clause_d22_9_bytes=0 clause_d22_7_bytes=0 derived_bytes=0 unmapped_bytes=0 explained=true mapped=true
E7RESULT name=old_new_independent region=accounting_root device=1 offset=823296000 length=16384 matched=true changed=false changed_bytes=0 segments=none clause_d15_4_bytes=0 clause_d22_9_bytes=0 clause_d22_7_bytes=0 derived_bytes=0 unmapped_bytes=0 explained=true mapped=true
E7RESULT name=old_new_independent region=mapping_root device=0 offset=823312384 length=16384 matched=true changed=false changed_bytes=0 segments=none clause_d15_4_bytes=0 clause_d22_9_bytes=0 clause_d22_7_bytes=0 derived_bytes=0 unmapped_bytes=0 explained=true mapped=true
E7RESULT name=old_new_independent region=mapping_root device=1 offset=823312384 length=16384 matched=true changed=false changed_bytes=0 segments=none clause_d15_4_bytes=0 clause_d22_9_bytes=0 clause_d22_7_bytes=0 derived_bytes=0 unmapped_bytes=0 explained=true mapped=true
E7RESULT name=old_new_independent region=tree_table device=0 offset=823328768 length=16384 matched=true changed=false changed_bytes=0 segments=none clause_d15_4_bytes=0 clause_d22_9_bytes=0 clause_d22_7_bytes=0 derived_bytes=0 unmapped_bytes=0 explained=true mapped=true
E7RESULT name=old_new_independent region=tree_table device=1 offset=823328768 length=16384 matched=true changed=false changed_bytes=0 segments=none clause_d15_4_bytes=0 clause_d22_9_bytes=0 clause_d22_7_bytes=0 derived_bytes=0 unmapped_bytes=0 explained=true mapped=true
E7RESULT name=old_new_independent region=journal_record device=0 offset=16785408 length=4096 matched=true changed=false changed_bytes=0 segments=none clause_d15_4_bytes=0 clause_d22_9_bytes=0 clause_d22_7_bytes=0 derived_bytes=0 unmapped_bytes=0 explained=true mapped=true
E7RESULT name=old_new_independent region=journal_record device=1 offset=16785408 length=4096 matched=true changed=false changed_bytes=0 segments=none clause_d15_4_bytes=0 clause_d22_9_bytes=0 clause_d22_7_bytes=0 derived_bytes=0 unmapped_bytes=0 explained=true mapped=true
E7RESULT name=old_new_independent_segment region=root_record device=0 offset_in_region=20 length=1 class=clause_d22_7 old_hex=00 new_hex=01
E7RESULT name=old_new_independent region=root_record device=0 offset=1052672 length=512 matched=true changed=true changed_bytes=1 segments=20:1 clause_d15_4_bytes=0 clause_d22_9_bytes=0 clause_d22_7_bytes=1 derived_bytes=0 unmapped_bytes=0 explained=false mapped=false
E7RESULT name=old_new_independent region=unregistered device=0 offset=4096 length=4096 matched=true changed=false changed_bytes=0 segments=none clause_d15_4_bytes=0 clause_d22_9_bytes=0 clause_d22_7_bytes=0 derived_bytes=0 unmapped_bytes=0 explained=true mapped=true
E7RESULT name=old_new_independent region=unregistered device=1 offset=4096 length=4096 matched=true changed=false changed_bytes=0 segments=none clause_d15_4_bytes=0 clause_d22_9_bytes=0 clause_d22_7_bytes=0 derived_bytes=0 unmapped_bytes=0 explained=true mapped=true
E7RESULT name=old_new_independent_clause_values side=new region=root_record device=0 flags_hex=01000000 checksum_recomputes=false
E7RESULT name=old_new_independent_clause_values side=new region=system_configuration device=0 incompat_byte0=0x02 feature_bits_rest_zero=true rollback_floor_hex=0000000000000000 padding_after_489_zero=true checksum_recomputes=true
E7RESULT name=old_new_independent_clause_values side=new region=system_configuration device=1 incompat_byte0=0x02 feature_bits_rest_zero=true rollback_floor_hex=0000000000000000 padding_after_489_zero=true checksum_recomputes=true
E7RESULT name=old_new_independent_clause_values side=old region=root_record device=0 flags_hex=00000000 checksum_recomputes=true
E7RESULT name=old_new_independent_clause_values side=old region=system_configuration device=0 incompat_byte0=0x02 feature_bits_rest_zero=true rollback_floor_hex=0000000000000000 padding_after_489_zero=true checksum_recomputes=true
E7RESULT name=old_new_independent_clause_values side=old region=system_configuration device=1 incompat_byte0=0x02 feature_bits_rest_zero=true rollback_floor_hex=0000000000000000 padding_after_489_zero=true checksum_recomputes=true
E7RESULT name=old_new_independent_summary new_regions=29 old_regions=29 matched=29 changed=1 unchanged=28 unmatched_new=0 unmatched_old=0 mapped_regions=0 unmapped_regions=1
E7RESULT name=old_new_independent_verdict all_changes_mapped=false
# 用例 PC6(iv)：./target/release/e142-region-diff-independent old-new pc6-n-baseline.txt pc6-iv-old.txt
E7RESULT name=old_new_independent region=data_unit device=0 offset=822149120 length=32768 matched=true changed=false changed_bytes=0 segments=none clause_d15_4_bytes=0 clause_d22_9_bytes=0 clause_d22_7_bytes=0 derived_bytes=0 unmapped_bytes=0 explained=true mapped=true
E7RESULT name=old_new_independent region=data_unit device=1 offset=822149120 length=32768 matched=true changed=false changed_bytes=0 segments=none clause_d15_4_bytes=0 clause_d22_9_bytes=0 clause_d22_7_bytes=0 derived_bytes=0 unmapped_bytes=0 explained=true mapped=true
E7RESULT name=old_new_independent region=extent_root device=0 offset=823132160 length=16384 matched=true changed=false changed_bytes=0 segments=none clause_d15_4_bytes=0 clause_d22_9_bytes=0 clause_d22_7_bytes=0 derived_bytes=0 unmapped_bytes=0 explained=true mapped=true
E7RESULT name=old_new_independent region=extent_root device=1 offset=823132160 length=16384 matched=true changed=false changed_bytes=0 segments=none clause_d15_4_bytes=0 clause_d22_9_bytes=0 clause_d22_7_bytes=0 derived_bytes=0 unmapped_bytes=0 explained=true mapped=true
E7RESULT name=old_new_independent region=inode_leaf device=0 offset=823164928 length=32768 matched=true changed=false changed_bytes=0 segments=none clause_d15_4_bytes=0 clause_d22_9_bytes=0 clause_d22_7_bytes=0 derived_bytes=0 unmapped_bytes=0 explained=true mapped=true
E7RESULT name=old_new_independent region=inode_leaf device=1 offset=823164928 length=32768 matched=true changed=false changed_bytes=0 segments=none clause_d15_4_bytes=0 clause_d22_9_bytes=0 clause_d22_7_bytes=0 derived_bytes=0 unmapped_bytes=0 explained=true mapped=true
E7RESULT name=old_new_independent region=inode_root device=0 offset=823197696 length=16384 matched=true changed=false changed_bytes=0 segments=none clause_d15_4_bytes=0 clause_d22_9_bytes=0 clause_d22_7_bytes=0 derived_bytes=0 unmapped_bytes=0 explained=true mapped=true
E7RESULT name=old_new_independent region=inode_root device=1 offset=823197696 length=16384 matched=true changed=false changed_bytes=0 segments=none clause_d15_4_bytes=0 clause_d22_9_bytes=0 clause_d22_7_bytes=0 derived_bytes=0 unmapped_bytes=0 explained=true mapped=true
E7RESULT name=old_new_independent region=allocation_leaf_of_device_0 device=0 offset=823214080 length=16384 matched=true changed=false changed_bytes=0 segments=none clause_d15_4_bytes=0 clause_d22_9_bytes=0 clause_d22_7_bytes=0 derived_bytes=0 unmapped_bytes=0 explained=true mapped=true
E7RESULT name=old_new_independent region=allocation_leaf_of_device_0 device=1 offset=823214080 length=16384 matched=true changed=false changed_bytes=0 segments=none clause_d15_4_bytes=0 clause_d22_9_bytes=0 clause_d22_7_bytes=0 derived_bytes=0 unmapped_bytes=0 explained=true mapped=true
E7RESULT name=old_new_independent region=allocation_leaf_of_device_1 device=0 offset=823230464 length=16384 matched=true changed=false changed_bytes=0 segments=none clause_d15_4_bytes=0 clause_d22_9_bytes=0 clause_d22_7_bytes=0 derived_bytes=0 unmapped_bytes=0 explained=true mapped=true
E7RESULT name=old_new_independent region=allocation_leaf_of_device_1 device=1 offset=823230464 length=16384 matched=true changed=false changed_bytes=0 segments=none clause_d15_4_bytes=0 clause_d22_9_bytes=0 clause_d22_7_bytes=0 derived_bytes=0 unmapped_bytes=0 explained=true mapped=true
E7RESULT name=old_new_independent region=allocation_internal_of_device_0 device=0 offset=823246848 length=16384 matched=true changed=false changed_bytes=0 segments=none clause_d15_4_bytes=0 clause_d22_9_bytes=0 clause_d22_7_bytes=0 derived_bytes=0 unmapped_bytes=0 explained=true mapped=true
E7RESULT name=old_new_independent region=allocation_internal_of_device_0 device=1 offset=823246848 length=16384 matched=true changed=false changed_bytes=0 segments=none clause_d15_4_bytes=0 clause_d22_9_bytes=0 clause_d22_7_bytes=0 derived_bytes=0 unmapped_bytes=0 explained=true mapped=true
E7RESULT name=old_new_independent region=allocation_internal_of_device_1 device=0 offset=823263232 length=16384 matched=true changed=false changed_bytes=0 segments=none clause_d15_4_bytes=0 clause_d22_9_bytes=0 clause_d22_7_bytes=0 derived_bytes=0 unmapped_bytes=0 explained=true mapped=true
E7RESULT name=old_new_independent region=allocation_internal_of_device_1 device=1 offset=823263232 length=16384 matched=true changed=false changed_bytes=0 segments=none clause_d15_4_bytes=0 clause_d22_9_bytes=0 clause_d22_7_bytes=0 derived_bytes=0 unmapped_bytes=0 explained=true mapped=true
E7RESULT name=old_new_independent region=allocation_root device=0 offset=823279616 length=16384 matched=true changed=false changed_bytes=0 segments=none clause_d15_4_bytes=0 clause_d22_9_bytes=0 clause_d22_7_bytes=0 derived_bytes=0 unmapped_bytes=0 explained=true mapped=true
E7RESULT name=old_new_independent region=allocation_root device=1 offset=823279616 length=16384 matched=true changed=false changed_bytes=0 segments=none clause_d15_4_bytes=0 clause_d22_9_bytes=0 clause_d22_7_bytes=0 derived_bytes=0 unmapped_bytes=0 explained=true mapped=true
E7RESULT name=old_new_independent region=accounting_root device=0 offset=823296000 length=16384 matched=true changed=false changed_bytes=0 segments=none clause_d15_4_bytes=0 clause_d22_9_bytes=0 clause_d22_7_bytes=0 derived_bytes=0 unmapped_bytes=0 explained=true mapped=true
E7RESULT name=old_new_independent region=accounting_root device=1 offset=823296000 length=16384 matched=true changed=false changed_bytes=0 segments=none clause_d15_4_bytes=0 clause_d22_9_bytes=0 clause_d22_7_bytes=0 derived_bytes=0 unmapped_bytes=0 explained=true mapped=true
E7RESULT name=old_new_independent region=mapping_root device=0 offset=823312384 length=16384 matched=true changed=false changed_bytes=0 segments=none clause_d15_4_bytes=0 clause_d22_9_bytes=0 clause_d22_7_bytes=0 derived_bytes=0 unmapped_bytes=0 explained=true mapped=true
E7RESULT name=old_new_independent region=mapping_root device=1 offset=823312384 length=16384 matched=true changed=false changed_bytes=0 segments=none clause_d15_4_bytes=0 clause_d22_9_bytes=0 clause_d22_7_bytes=0 derived_bytes=0 unmapped_bytes=0 explained=true mapped=true
E7RESULT name=old_new_independent region=tree_table device=0 offset=823328768 length=16384 matched=true changed=false changed_bytes=0 segments=none clause_d15_4_bytes=0 clause_d22_9_bytes=0 clause_d22_7_bytes=0 derived_bytes=0 unmapped_bytes=0 explained=true mapped=true
E7RESULT name=old_new_independent region=tree_table device=1 offset=823328768 length=16384 matched=true changed=false changed_bytes=0 segments=none clause_d15_4_bytes=0 clause_d22_9_bytes=0 clause_d22_7_bytes=0 derived_bytes=0 unmapped_bytes=0 explained=true mapped=true
E7RESULT name=old_new_independent region=journal_record device=0 offset=16785408 length=4096 matched=true changed=false changed_bytes=0 segments=none clause_d15_4_bytes=0 clause_d22_9_bytes=0 clause_d22_7_bytes=0 derived_bytes=0 unmapped_bytes=0 explained=true mapped=true
E7RESULT name=old_new_independent region=journal_record device=1 offset=16785408 length=4096 matched=true changed=false changed_bytes=0 segments=none clause_d15_4_bytes=0 clause_d22_9_bytes=0 clause_d22_7_bytes=0 derived_bytes=0 unmapped_bytes=0 explained=true mapped=true
E7RESULT name=old_new_independent region=root_record device=0 offset=1052672 length=512 matched=true changed=false changed_bytes=0 segments=none clause_d15_4_bytes=0 clause_d22_9_bytes=0 clause_d22_7_bytes=0 derived_bytes=0 unmapped_bytes=0 explained=true mapped=true
E7RESULT name=old_new_independent_segment region=unregistered device=0 offset_in_region=481 length=1 class=clause_d22_9 old_hex=01 new_hex=00
E7RESULT name=old_new_independent region=unregistered device=0 offset=4096 length=4096 matched=true changed=true changed_bytes=1 segments=481:1 clause_d15_4_bytes=0 clause_d22_9_bytes=1 clause_d22_7_bytes=0 derived_bytes=0 unmapped_bytes=0 explained=true mapped=true
E7RESULT name=old_new_independent region=unregistered device=1 offset=4096 length=4096 matched=true changed=false changed_bytes=0 segments=none clause_d15_4_bytes=0 clause_d22_9_bytes=0 clause_d22_7_bytes=0 derived_bytes=0 unmapped_bytes=0 explained=true mapped=true
E7RESULT name=old_new_independent_clause_values side=new region=root_record device=0 flags_hex=00000000 checksum_recomputes=true
E7RESULT name=old_new_independent_clause_values side=new region=system_configuration device=0 incompat_byte0=0x02 feature_bits_rest_zero=true rollback_floor_hex=0000000000000000 padding_after_489_zero=true checksum_recomputes=true
E7RESULT name=old_new_independent_clause_values side=new region=system_configuration device=1 incompat_byte0=0x02 feature_bits_rest_zero=true rollback_floor_hex=0000000000000000 padding_after_489_zero=true checksum_recomputes=true
E7RESULT name=old_new_independent_clause_values side=old region=root_record device=0 flags_hex=00000000 checksum_recomputes=true
E7RESULT name=old_new_independent_clause_values side=old region=system_configuration device=0 incompat_byte0=0x02 feature_bits_rest_zero=true rollback_floor_hex=0100000000000000 padding_after_489_zero=true checksum_recomputes=false
E7RESULT name=old_new_independent_clause_values side=old region=system_configuration device=1 incompat_byte0=0x02 feature_bits_rest_zero=true rollback_floor_hex=0000000000000000 padding_after_489_zero=true checksum_recomputes=true
E7RESULT name=old_new_independent_summary new_regions=29 old_regions=29 matched=29 changed=1 unchanged=28 unmatched_new=0 unmatched_old=0 mapped_regions=1 unmapped_regions=0
E7RESULT name=old_new_independent_verdict all_changes_mapped=true
# 用例 判别力自证第1条-M172（回退下界F不写，仓副本 self-proof-root，只影响 r18_g8_ok）
E7RESULT name=verdict width_mismatches=0 write_list_ok=true recover_full_ok=true layer0_states_ok=not_run layer0_violations=not_run control_states_ok=true control_violations_ok=true control_missed_zero=true control_false_alarm_zero=true control_outcome_matrix_ok=false g6_states_ok=true g6_violations_zero=true g7_states_ok=false g7_violations_zero=false positive_control_main_geometry_ok=true role_label_contradictions_zero=true role_labels_all_defined=true text_number_mismatches_zero=true text_numbers_all_classified=true named_instances_ok=true journal_differing_states=not_run r18_system_configuration_fields_ok=true r18_root_flags_ok=true r18_g8_ok=false r18_g9_ok=true
# 用例 判别力自证第1条-M174（回退下界F写成大端，只影响 r18_g8_ok）
E7RESULT name=verdict width_mismatches=0 write_list_ok=true recover_full_ok=true layer0_states_ok=not_run layer0_violations=not_run control_states_ok=true control_violations_ok=true control_missed_zero=true control_false_alarm_zero=true control_outcome_matrix_ok=false g6_states_ok=true g6_violations_zero=true g7_states_ok=false g7_violations_zero=false positive_control_main_geometry_ok=true role_label_contradictions_zero=true role_labels_all_defined=true text_number_mismatches_zero=true text_numbers_all_classified=true named_instances_ok=true journal_differing_states=not_run r18_system_configuration_fields_ok=true r18_root_flags_ok=true r18_g8_ok=false r18_g9_ok=true
# 用例 判别力自证第1条-M177（卸载记号不写，只影响 r18_g9_ok）
E7RESULT name=verdict width_mismatches=0 write_list_ok=true recover_full_ok=true layer0_states_ok=not_run layer0_violations=not_run control_states_ok=true control_violations_ok=true control_missed_zero=true control_false_alarm_zero=true control_outcome_matrix_ok=false g6_states_ok=true g6_violations_zero=true g7_states_ok=false g7_violations_zero=false positive_control_main_geometry_ok=true role_label_contradictions_zero=true role_labels_all_defined=true text_number_mismatches_zero=true text_numbers_all_classified=true named_instances_ok=true journal_differing_states=not_run r18_system_configuration_fields_ok=true r18_root_flags_ok=true r18_g8_ok=true r18_g9_ok=false
# 用例 判别力自证第1条-M178（卸载记号写到位1，只影响 r18_g9_ok）
E7RESULT name=verdict width_mismatches=0 write_list_ok=true recover_full_ok=true layer0_states_ok=not_run layer0_violations=not_run control_states_ok=true control_violations_ok=true control_missed_zero=true control_false_alarm_zero=true control_outcome_matrix_ok=false g6_states_ok=true g6_violations_zero=true g7_states_ok=false g7_violations_zero=false positive_control_main_geometry_ok=true role_label_contradictions_zero=true role_labels_all_defined=true text_number_mismatches_zero=true text_numbers_all_classified=true named_instances_ok=true journal_differing_states=not_run r18_system_configuration_fields_ok=true r18_root_flags_ok=true r18_g8_ok=true r18_g9_ok=false
# 用例 判别力自证第2条-M5类比（字段表clause_d15_4从7起算，仓副本上套变异，对Q142.42真实产物再跑）
E7RESULT name=old_new_independent region=data_unit device=0 offset=822149120 length=32768 matched=true changed=false changed_bytes=0 segments=none clause_d15_4_bytes=0 clause_d22_9_bytes=0 clause_d22_7_bytes=0 derived_bytes=0 unmapped_bytes=0 explained=true mapped=true
E7RESULT name=old_new_independent region=data_unit device=1 offset=822149120 length=32768 matched=true changed=false changed_bytes=0 segments=none clause_d15_4_bytes=0 clause_d22_9_bytes=0 clause_d22_7_bytes=0 derived_bytes=0 unmapped_bytes=0 explained=true mapped=true
E7RESULT name=old_new_independent region=extent_root device=0 offset=823132160 length=16384 matched=true changed=false changed_bytes=0 segments=none clause_d15_4_bytes=0 clause_d22_9_bytes=0 clause_d22_7_bytes=0 derived_bytes=0 unmapped_bytes=0 explained=true mapped=true
E7RESULT name=old_new_independent region=extent_root device=1 offset=823132160 length=16384 matched=true changed=false changed_bytes=0 segments=none clause_d15_4_bytes=0 clause_d22_9_bytes=0 clause_d22_7_bytes=0 derived_bytes=0 unmapped_bytes=0 explained=true mapped=true
E7RESULT name=old_new_independent region=inode_leaf device=0 offset=823164928 length=32768 matched=true changed=false changed_bytes=0 segments=none clause_d15_4_bytes=0 clause_d22_9_bytes=0 clause_d22_7_bytes=0 derived_bytes=0 unmapped_bytes=0 explained=true mapped=true
E7RESULT name=old_new_independent region=inode_leaf device=1 offset=823164928 length=32768 matched=true changed=false changed_bytes=0 segments=none clause_d15_4_bytes=0 clause_d22_9_bytes=0 clause_d22_7_bytes=0 derived_bytes=0 unmapped_bytes=0 explained=true mapped=true
E7RESULT name=old_new_independent region=inode_root device=0 offset=823197696 length=16384 matched=true changed=false changed_bytes=0 segments=none clause_d15_4_bytes=0 clause_d22_9_bytes=0 clause_d22_7_bytes=0 derived_bytes=0 unmapped_bytes=0 explained=true mapped=true
E7RESULT name=old_new_independent region=inode_root device=1 offset=823197696 length=16384 matched=true changed=false changed_bytes=0 segments=none clause_d15_4_bytes=0 clause_d22_9_bytes=0 clause_d22_7_bytes=0 derived_bytes=0 unmapped_bytes=0 explained=true mapped=true
E7RESULT name=old_new_independent region=allocation_leaf_of_device_0 device=0 offset=823214080 length=16384 matched=true changed=false changed_bytes=0 segments=none clause_d15_4_bytes=0 clause_d22_9_bytes=0 clause_d22_7_bytes=0 derived_bytes=0 unmapped_bytes=0 explained=true mapped=true
E7RESULT name=old_new_independent region=allocation_leaf_of_device_0 device=1 offset=823214080 length=16384 matched=true changed=false changed_bytes=0 segments=none clause_d15_4_bytes=0 clause_d22_9_bytes=0 clause_d22_7_bytes=0 derived_bytes=0 unmapped_bytes=0 explained=true mapped=true
E7RESULT name=old_new_independent region=allocation_leaf_of_device_1 device=0 offset=823230464 length=16384 matched=true changed=false changed_bytes=0 segments=none clause_d15_4_bytes=0 clause_d22_9_bytes=0 clause_d22_7_bytes=0 derived_bytes=0 unmapped_bytes=0 explained=true mapped=true
E7RESULT name=old_new_independent region=allocation_leaf_of_device_1 device=1 offset=823230464 length=16384 matched=true changed=false changed_bytes=0 segments=none clause_d15_4_bytes=0 clause_d22_9_bytes=0 clause_d22_7_bytes=0 derived_bytes=0 unmapped_bytes=0 explained=true mapped=true
E7RESULT name=old_new_independent region=allocation_internal_of_device_0 device=0 offset=823246848 length=16384 matched=true changed=false changed_bytes=0 segments=none clause_d15_4_bytes=0 clause_d22_9_bytes=0 clause_d22_7_bytes=0 derived_bytes=0 unmapped_bytes=0 explained=true mapped=true
E7RESULT name=old_new_independent region=allocation_internal_of_device_0 device=1 offset=823246848 length=16384 matched=true changed=false changed_bytes=0 segments=none clause_d15_4_bytes=0 clause_d22_9_bytes=0 clause_d22_7_bytes=0 derived_bytes=0 unmapped_bytes=0 explained=true mapped=true
E7RESULT name=old_new_independent region=allocation_internal_of_device_1 device=0 offset=823263232 length=16384 matched=true changed=false changed_bytes=0 segments=none clause_d15_4_bytes=0 clause_d22_9_bytes=0 clause_d22_7_bytes=0 derived_bytes=0 unmapped_bytes=0 explained=true mapped=true
E7RESULT name=old_new_independent region=allocation_internal_of_device_1 device=1 offset=823263232 length=16384 matched=true changed=false changed_bytes=0 segments=none clause_d15_4_bytes=0 clause_d22_9_bytes=0 clause_d22_7_bytes=0 derived_bytes=0 unmapped_bytes=0 explained=true mapped=true
E7RESULT name=old_new_independent region=allocation_root device=0 offset=823279616 length=16384 matched=true changed=false changed_bytes=0 segments=none clause_d15_4_bytes=0 clause_d22_9_bytes=0 clause_d22_7_bytes=0 derived_bytes=0 unmapped_bytes=0 explained=true mapped=true
E7RESULT name=old_new_independent region=allocation_root device=1 offset=823279616 length=16384 matched=true changed=false changed_bytes=0 segments=none clause_d15_4_bytes=0 clause_d22_9_bytes=0 clause_d22_7_bytes=0 derived_bytes=0 unmapped_bytes=0 explained=true mapped=true
E7RESULT name=old_new_independent region=accounting_root device=0 offset=823296000 length=16384 matched=true changed=false changed_bytes=0 segments=none clause_d15_4_bytes=0 clause_d22_9_bytes=0 clause_d22_7_bytes=0 derived_bytes=0 unmapped_bytes=0 explained=true mapped=true
E7RESULT name=old_new_independent region=accounting_root device=1 offset=823296000 length=16384 matched=true changed=false changed_bytes=0 segments=none clause_d15_4_bytes=0 clause_d22_9_bytes=0 clause_d22_7_bytes=0 derived_bytes=0 unmapped_bytes=0 explained=true mapped=true
E7RESULT name=old_new_independent region=mapping_root device=0 offset=823312384 length=16384 matched=true changed=false changed_bytes=0 segments=none clause_d15_4_bytes=0 clause_d22_9_bytes=0 clause_d22_7_bytes=0 derived_bytes=0 unmapped_bytes=0 explained=true mapped=true
E7RESULT name=old_new_independent region=mapping_root device=1 offset=823312384 length=16384 matched=true changed=false changed_bytes=0 segments=none clause_d15_4_bytes=0 clause_d22_9_bytes=0 clause_d22_7_bytes=0 derived_bytes=0 unmapped_bytes=0 explained=true mapped=true
E7RESULT name=old_new_independent region=tree_table device=0 offset=823328768 length=16384 matched=true changed=false changed_bytes=0 segments=none clause_d15_4_bytes=0 clause_d22_9_bytes=0 clause_d22_7_bytes=0 derived_bytes=0 unmapped_bytes=0 explained=true mapped=true
E7RESULT name=old_new_independent region=tree_table device=1 offset=823328768 length=16384 matched=true changed=false changed_bytes=0 segments=none clause_d15_4_bytes=0 clause_d22_9_bytes=0 clause_d22_7_bytes=0 derived_bytes=0 unmapped_bytes=0 explained=true mapped=true
E7RESULT name=old_new_independent region=journal_record device=0 offset=16785408 length=4096 matched=true changed=false changed_bytes=0 segments=none clause_d15_4_bytes=0 clause_d22_9_bytes=0 clause_d22_7_bytes=0 derived_bytes=0 unmapped_bytes=0 explained=true mapped=true
E7RESULT name=old_new_independent region=journal_record device=1 offset=16785408 length=4096 matched=true changed=false changed_bytes=0 segments=none clause_d15_4_bytes=0 clause_d22_9_bytes=0 clause_d22_7_bytes=0 derived_bytes=0 unmapped_bytes=0 explained=true mapped=true
E7RESULT name=old_new_independent region=root_record device=0 offset=1052672 length=512 matched=true changed=false changed_bytes=0 segments=none clause_d15_4_bytes=0 clause_d22_9_bytes=0 clause_d22_7_bytes=0 derived_bytes=0 unmapped_bytes=0 explained=true mapped=true
E7RESULT name=old_new_independent_segment region=unregistered device=0 offset_in_region=6 length=1 class=unmapped old_hex=01 new_hex=02
E7RESULT name=old_new_independent_segment region=unregistered device=0 offset_in_region=155 length=4 class=derived old_hex=6bf47b77 new_hex=6c011b58
E7RESULT name=old_new_independent region=unregistered device=0 offset=4096 length=4096 matched=true changed=true changed_bytes=5 segments=6:1,155:4 clause_d15_4_bytes=0 clause_d22_9_bytes=0 clause_d22_7_bytes=0 derived_bytes=4 unmapped_bytes=1 explained=false mapped=false
E7RESULT name=old_new_independent_segment region=unregistered device=1 offset_in_region=6 length=1 class=unmapped old_hex=01 new_hex=02
E7RESULT name=old_new_independent_segment region=unregistered device=1 offset_in_region=155 length=4 class=derived old_hex=9cd599ca new_hex=9b20f9e5
E7RESULT name=old_new_independent region=unregistered device=1 offset=4096 length=4096 matched=true changed=true changed_bytes=5 segments=6:1,155:4 clause_d15_4_bytes=0 clause_d22_9_bytes=0 clause_d22_7_bytes=0 derived_bytes=4 unmapped_bytes=1 explained=false mapped=false
E7RESULT name=old_new_independent_clause_values side=new region=root_record device=0 flags_hex=00000000 checksum_recomputes=true
E7RESULT name=old_new_independent_clause_values side=new region=system_configuration device=0 incompat_byte0=0x02 feature_bits_rest_zero=true rollback_floor_hex=0000000000000000 padding_after_489_zero=true checksum_recomputes=true
E7RESULT name=old_new_independent_clause_values side=new region=system_configuration device=1 incompat_byte0=0x02 feature_bits_rest_zero=true rollback_floor_hex=0000000000000000 padding_after_489_zero=true checksum_recomputes=true
E7RESULT name=old_new_independent_clause_values side=old region=root_record device=0 flags_hex=00000000 checksum_recomputes=true
E7RESULT name=old_new_independent_clause_values side=old region=system_configuration device=0 incompat_byte0=0x01 feature_bits_rest_zero=true rollback_floor_hex=0000000000000000 padding_after_489_zero=true checksum_recomputes=true
E7RESULT name=old_new_independent_clause_values side=old region=system_configuration device=1 incompat_byte0=0x01 feature_bits_rest_zero=true rollback_floor_hex=0000000000000000 padding_after_489_zero=true checksum_recomputes=true
E7RESULT name=old_new_independent_summary new_regions=29 old_regions=29 matched=29 changed=2 unchanged=27 unmatched_new=0 unmatched_old=0 mapped_regions=0 unmapped_regions=2
E7RESULT name=old_new_independent_verdict all_changes_mapped=false
# 用例 判别力自证第2条-M7类比（不重算校验和、explained恒true，对PC6(iii)再跑）
E7RESULT name=old_new_independent region=data_unit device=0 offset=822149120 length=32768 matched=true changed=false changed_bytes=0 segments=none clause_d15_4_bytes=0 clause_d22_9_bytes=0 clause_d22_7_bytes=0 derived_bytes=0 unmapped_bytes=0 explained=true mapped=true
E7RESULT name=old_new_independent region=data_unit device=1 offset=822149120 length=32768 matched=true changed=false changed_bytes=0 segments=none clause_d15_4_bytes=0 clause_d22_9_bytes=0 clause_d22_7_bytes=0 derived_bytes=0 unmapped_bytes=0 explained=true mapped=true
E7RESULT name=old_new_independent region=extent_root device=0 offset=823132160 length=16384 matched=true changed=false changed_bytes=0 segments=none clause_d15_4_bytes=0 clause_d22_9_bytes=0 clause_d22_7_bytes=0 derived_bytes=0 unmapped_bytes=0 explained=true mapped=true
E7RESULT name=old_new_independent region=extent_root device=1 offset=823132160 length=16384 matched=true changed=false changed_bytes=0 segments=none clause_d15_4_bytes=0 clause_d22_9_bytes=0 clause_d22_7_bytes=0 derived_bytes=0 unmapped_bytes=0 explained=true mapped=true
E7RESULT name=old_new_independent region=inode_leaf device=0 offset=823164928 length=32768 matched=true changed=false changed_bytes=0 segments=none clause_d15_4_bytes=0 clause_d22_9_bytes=0 clause_d22_7_bytes=0 derived_bytes=0 unmapped_bytes=0 explained=true mapped=true
E7RESULT name=old_new_independent region=inode_leaf device=1 offset=823164928 length=32768 matched=true changed=false changed_bytes=0 segments=none clause_d15_4_bytes=0 clause_d22_9_bytes=0 clause_d22_7_bytes=0 derived_bytes=0 unmapped_bytes=0 explained=true mapped=true
E7RESULT name=old_new_independent region=inode_root device=0 offset=823197696 length=16384 matched=true changed=false changed_bytes=0 segments=none clause_d15_4_bytes=0 clause_d22_9_bytes=0 clause_d22_7_bytes=0 derived_bytes=0 unmapped_bytes=0 explained=true mapped=true
E7RESULT name=old_new_independent region=inode_root device=1 offset=823197696 length=16384 matched=true changed=false changed_bytes=0 segments=none clause_d15_4_bytes=0 clause_d22_9_bytes=0 clause_d22_7_bytes=0 derived_bytes=0 unmapped_bytes=0 explained=true mapped=true
E7RESULT name=old_new_independent region=allocation_leaf_of_device_0 device=0 offset=823214080 length=16384 matched=true changed=false changed_bytes=0 segments=none clause_d15_4_bytes=0 clause_d22_9_bytes=0 clause_d22_7_bytes=0 derived_bytes=0 unmapped_bytes=0 explained=true mapped=true
E7RESULT name=old_new_independent region=allocation_leaf_of_device_0 device=1 offset=823214080 length=16384 matched=true changed=false changed_bytes=0 segments=none clause_d15_4_bytes=0 clause_d22_9_bytes=0 clause_d22_7_bytes=0 derived_bytes=0 unmapped_bytes=0 explained=true mapped=true
E7RESULT name=old_new_independent region=allocation_leaf_of_device_1 device=0 offset=823230464 length=16384 matched=true changed=false changed_bytes=0 segments=none clause_d15_4_bytes=0 clause_d22_9_bytes=0 clause_d22_7_bytes=0 derived_bytes=0 unmapped_bytes=0 explained=true mapped=true
E7RESULT name=old_new_independent region=allocation_leaf_of_device_1 device=1 offset=823230464 length=16384 matched=true changed=false changed_bytes=0 segments=none clause_d15_4_bytes=0 clause_d22_9_bytes=0 clause_d22_7_bytes=0 derived_bytes=0 unmapped_bytes=0 explained=true mapped=true
E7RESULT name=old_new_independent region=allocation_internal_of_device_0 device=0 offset=823246848 length=16384 matched=true changed=false changed_bytes=0 segments=none clause_d15_4_bytes=0 clause_d22_9_bytes=0 clause_d22_7_bytes=0 derived_bytes=0 unmapped_bytes=0 explained=true mapped=true
E7RESULT name=old_new_independent region=allocation_internal_of_device_0 device=1 offset=823246848 length=16384 matched=true changed=false changed_bytes=0 segments=none clause_d15_4_bytes=0 clause_d22_9_bytes=0 clause_d22_7_bytes=0 derived_bytes=0 unmapped_bytes=0 explained=true mapped=true
E7RESULT name=old_new_independent region=allocation_internal_of_device_1 device=0 offset=823263232 length=16384 matched=true changed=false changed_bytes=0 segments=none clause_d15_4_bytes=0 clause_d22_9_bytes=0 clause_d22_7_bytes=0 derived_bytes=0 unmapped_bytes=0 explained=true mapped=true
E7RESULT name=old_new_independent region=allocation_internal_of_device_1 device=1 offset=823263232 length=16384 matched=true changed=false changed_bytes=0 segments=none clause_d15_4_bytes=0 clause_d22_9_bytes=0 clause_d22_7_bytes=0 derived_bytes=0 unmapped_bytes=0 explained=true mapped=true
E7RESULT name=old_new_independent region=allocation_root device=0 offset=823279616 length=16384 matched=true changed=false changed_bytes=0 segments=none clause_d15_4_bytes=0 clause_d22_9_bytes=0 clause_d22_7_bytes=0 derived_bytes=0 unmapped_bytes=0 explained=true mapped=true
E7RESULT name=old_new_independent region=allocation_root device=1 offset=823279616 length=16384 matched=true changed=false changed_bytes=0 segments=none clause_d15_4_bytes=0 clause_d22_9_bytes=0 clause_d22_7_bytes=0 derived_bytes=0 unmapped_bytes=0 explained=true mapped=true
E7RESULT name=old_new_independent region=accounting_root device=0 offset=823296000 length=16384 matched=true changed=false changed_bytes=0 segments=none clause_d15_4_bytes=0 clause_d22_9_bytes=0 clause_d22_7_bytes=0 derived_bytes=0 unmapped_bytes=0 explained=true mapped=true
E7RESULT name=old_new_independent region=accounting_root device=1 offset=823296000 length=16384 matched=true changed=false changed_bytes=0 segments=none clause_d15_4_bytes=0 clause_d22_9_bytes=0 clause_d22_7_bytes=0 derived_bytes=0 unmapped_bytes=0 explained=true mapped=true
E7RESULT name=old_new_independent region=mapping_root device=0 offset=823312384 length=16384 matched=true changed=false changed_bytes=0 segments=none clause_d15_4_bytes=0 clause_d22_9_bytes=0 clause_d22_7_bytes=0 derived_bytes=0 unmapped_bytes=0 explained=true mapped=true
E7RESULT name=old_new_independent region=mapping_root device=1 offset=823312384 length=16384 matched=true changed=false changed_bytes=0 segments=none clause_d15_4_bytes=0 clause_d22_9_bytes=0 clause_d22_7_bytes=0 derived_bytes=0 unmapped_bytes=0 explained=true mapped=true
E7RESULT name=old_new_independent region=tree_table device=0 offset=823328768 length=16384 matched=true changed=false changed_bytes=0 segments=none clause_d15_4_bytes=0 clause_d22_9_bytes=0 clause_d22_7_bytes=0 derived_bytes=0 unmapped_bytes=0 explained=true mapped=true
E7RESULT name=old_new_independent region=tree_table device=1 offset=823328768 length=16384 matched=true changed=false changed_bytes=0 segments=none clause_d15_4_bytes=0 clause_d22_9_bytes=0 clause_d22_7_bytes=0 derived_bytes=0 unmapped_bytes=0 explained=true mapped=true
E7RESULT name=old_new_independent region=journal_record device=0 offset=16785408 length=4096 matched=true changed=false changed_bytes=0 segments=none clause_d15_4_bytes=0 clause_d22_9_bytes=0 clause_d22_7_bytes=0 derived_bytes=0 unmapped_bytes=0 explained=true mapped=true
E7RESULT name=old_new_independent region=journal_record device=1 offset=16785408 length=4096 matched=true changed=false changed_bytes=0 segments=none clause_d15_4_bytes=0 clause_d22_9_bytes=0 clause_d22_7_bytes=0 derived_bytes=0 unmapped_bytes=0 explained=true mapped=true
E7RESULT name=old_new_independent_segment region=root_record device=0 offset_in_region=20 length=1 class=clause_d22_7 old_hex=00 new_hex=01
E7RESULT name=old_new_independent region=root_record device=0 offset=1052672 length=512 matched=true changed=true changed_bytes=1 segments=20:1 clause_d15_4_bytes=0 clause_d22_9_bytes=0 clause_d22_7_bytes=1 derived_bytes=0 unmapped_bytes=0 explained=true mapped=true
E7RESULT name=old_new_independent region=unregistered device=0 offset=4096 length=4096 matched=true changed=false changed_bytes=0 segments=none clause_d15_4_bytes=0 clause_d22_9_bytes=0 clause_d22_7_bytes=0 derived_bytes=0 unmapped_bytes=0 explained=true mapped=true
E7RESULT name=old_new_independent region=unregistered device=1 offset=4096 length=4096 matched=true changed=false changed_bytes=0 segments=none clause_d15_4_bytes=0 clause_d22_9_bytes=0 clause_d22_7_bytes=0 derived_bytes=0 unmapped_bytes=0 explained=true mapped=true
E7RESULT name=old_new_independent_clause_values side=new region=root_record device=0 flags_hex=01000000 checksum_recomputes=false
E7RESULT name=old_new_independent_clause_values side=new region=system_configuration device=0 incompat_byte0=0x02 feature_bits_rest_zero=true rollback_floor_hex=0000000000000000 padding_after_489_zero=true checksum_recomputes=true
E7RESULT name=old_new_independent_clause_values side=new region=system_configuration device=1 incompat_byte0=0x02 feature_bits_rest_zero=true rollback_floor_hex=0000000000000000 padding_after_489_zero=true checksum_recomputes=true
E7RESULT name=old_new_independent_clause_values side=old region=root_record device=0 flags_hex=00000000 checksum_recomputes=true
E7RESULT name=old_new_independent_clause_values side=old region=system_configuration device=0 incompat_byte0=0x02 feature_bits_rest_zero=true rollback_floor_hex=0000000000000000 padding_after_489_zero=true checksum_recomputes=true
E7RESULT name=old_new_independent_clause_values side=old region=system_configuration device=1 incompat_byte0=0x02 feature_bits_rest_zero=true rollback_floor_hex=0000000000000000 padding_after_489_zero=true checksum_recomputes=true
E7RESULT name=old_new_independent_summary new_regions=29 old_regions=29 matched=29 changed=1 unchanged=28 unmatched_new=0 unmatched_old=0 mapped_regions=1 unmapped_regions=0
E7RESULT name=old_new_independent_verdict all_changes_mapped=true
