E7RESULT name=old_new_independent region=data_unit device=0 offset=822149120 length=32768 matched=true changed=false changed_bytes=0 segments=none clause_d15_4_bytes=0 clause_d22_9_bytes=0 clause_d22_7_bytes=0 derived_bytes=0 unmapped_bytes=0 explained=true mapped=true
E7RESULT name=old_new_independent region=data_unit device=1 offset=822149120 length=32768 matched=true changed=false changed_bytes=0 segments=none clause_d15_4_bytes=0 clause_d22_9_bytes=0 clause_d22_7_bytes=0 derived_bytes=0 unmapped_bytes=0 explained=true mapped=true
E7RESULT name=old_new_independent region=extent_root device=0 offset=823132160 length=16384 matched=true changed=false changed_bytes=0 segments=none clause_d15_4_bytes=0 clause_d22_9_bytes=0 clause_d22_7_bytes=0 derived_bytes=0 unmapped_bytes=0 explained=true mapped=true
E7RESULT name=old_new_independent region=extent_root device=1 offset=823132160 length=16384 matched=true changed=false changed_bytes=0 segments=none clause_d15_4_bytes=0 clause_d22_9_bytes=0 clause_d22_7_bytes=0 derived_bytes=0 unmapped_bytes=0 explained=true mapped=true
E7RESULT name=old_new_independent region=inode_leaf device=0 offset=823164928 length=32768 matched=true changed=false changed_bytes=0 segments=none clause_d15_4_bytes=0 clause_d22_9_bytes=0 clause_d22_7_bytes=0 derived_bytes=0 unmapped_bytes=0 explained=true mapped=true
E7RESULT name=old_new_independent region=inode_leaf device=1 offset=823164928 length=32768 matched=true changed=false changed_bytes=0 segments=none clause_d15_4_bytes=0 clause_d22_9_bytes=0 clause_d22_7_bytes=0 derived_bytes=0 unmapped_bytes=0 explained=true mapped=true
E7RESULT name=old_new_independent region=inode_root device=0 offset=823197696 length=16384 matched=true changed=false changed_bytes=0 segments=none clause_d15_4_bytes=0 clause_d22_9_bytes=0 clause_d22_7_bytes=0 derived_bytes=0 unmapped_bytes=0 explained=true mapped=true
E7RESULT name=old_new_independent region=inode_root device=1 offset=823197696 length=16384 matched=true changed=false changed_bytes=0 segments=none clause_d15_4_bytes=0 clause_d22_9_bytes=0 clause_d22_7_bytes=0 derived_bytes=0 unmapped_bytes=0 explained=true mapped=true
E7RESULT name=old_new_independent region=allocation_leaf_of_device_0 device=0 offset=823214080 length=16384 matched=true changed=false changed_bytes=0 segments=none clause_d15_4_bytes=0 clause_d22_9_bytes=0 clause_d22_7_bytes=0 derived_bytes=0 unmapped_bytes=0 explained=true mapped=true
E7RESULT name=old_new_independent region=allocation_leaf_of_device_0 device=1 offset=823214080 length=16384 matched=true changed=false changed_bytes=0 segments=none clause_d15_4_bytes=0 clause_d22_9_bytes=0 clause_d22_7_bytes=0 derived_bytes=0 unmapped_bytes=0 explained=true mapped=true
E7RESULT name=old_new_independent region=allocation_leaf_of_device_1 device=0 offset=823230464 length=16384 matched=true changed=false changed_bytes=0 segments=none clause_d15_4_bytes=0 clause_d22_9_bytes=0 clause_d22_7_bytes=0 derived_bytes=0 unmapped_bytes=0 explained=true mapped=true
E7RESULT name=old_new_independent region=allocation_leaf_of_device_1 device=1 offset=823230464 length=16384 matched=true changed=false changed_bytes=0 segments=none clause_d15_4_bytes=0 clause_d22_9_bytes=0 clause_d22_7_bytes=0 derived_bytes=0 unmapped_bytes=0 explained=true mapped=true
E7RESULT name=old_new_independent region=allocation_internal_of_device_0 device=0 offset=823246848 length=16384 matched=true changed=false changed_bytes=0 segments=none clause_d15_4_bytes=0 clause_d22_9_bytes=0 clause_d22_7_bytes=0 derived_bytes=0 unmapped_bytes=0 explained=true mapped=true
E7RESULT name=old_new_independent region=allocation_internal_of_device_0 device=1 offset=823246848 length=16384 matched=true changed=false changed_bytes=0 segments=none clause_d15_4_bytes=0 clause_d22_9_bytes=0 clause_d22_7_bytes=0 derived_bytes=0 unmapped_bytes=0 explained=true mapped=true
E7RESULT name=old_new_independent region=allocation_internal_of_device_1 device=0 offset=823263232 length=16384 matched=true changed=false changed_bytes=0 segments=none clause_d15_4_bytes=0 clause_d22_9_bytes=0 clause_d22_7_bytes=0 derived_bytes=0 unmapped_bytes=0 explained=true mapped=true
E7RESULT name=old_new_independent region=allocation_internal_of_device_1 device=1 offset=823263232 length=16384 matched=true changed=false changed_bytes=0 segments=none clause_d15_4_bytes=0 clause_d22_9_bytes=0 clause_d22_7_bytes=0 derived_bytes=0 unmapped_bytes=0 explained=true mapped=true
E7RESULT name=old_new_independent region=allocation_root device=0 offset=823279616 length=16384 matched=true changed=false changed_bytes=0 segments=none clause_d15_4_bytes=0 clause_d22_9_bytes=0 clause_d22_7_bytes=0 derived_bytes=0 unmapped_bytes=0 explained=true mapped=true
E7RESULT name=old_new_independent region=allocation_root device=1 offset=823279616 length=16384 matched=true changed=false changed_bytes=0 segments=none clause_d15_4_bytes=0 clause_d22_9_bytes=0 clause_d22_7_bytes=0 derived_bytes=0 unmapped_bytes=0 explained=true mapped=true
E7RESULT name=old_new_independent region=accounting_root device=0 offset=823296000 length=16384 matched=true changed=false changed_bytes=0 segments=none clause_d15_4_bytes=0 clause_d22_9_bytes=0 clause_d22_7_bytes=0 derived_bytes=0 unmapped_bytes=0 explained=true mapped=true
E7RESULT name=old_new_independent region=accounting_root device=1 offset=823296000 length=16384 matched=true changed=false changed_bytes=0 segments=none clause_d15_4_bytes=0 clause_d22_9_bytes=0 clause_d22_7_bytes=0 derived_bytes=0 unmapped_bytes=0 explained=true mapped=true
E7RESULT name=old_new_independent region=mapping_root device=0 offset=823312384 length=16384 matched=true changed=false changed_bytes=0 segments=none clause_d15_4_bytes=0 clause_d22_9_bytes=0 clause_d22_7_bytes=0 derived_bytes=0 unmapped_bytes=0 explained=true mapped=true
E7RESULT name=old_new_independent region=mapping_root device=1 offset=823312384 length=16384 matched=true changed=false changed_bytes=0 segments=none clause_d15_4_bytes=0 clause_d22_9_bytes=0 clause_d22_7_bytes=0 derived_bytes=0 unmapped_bytes=0 explained=true mapped=true
E7RESULT name=old_new_independent region=tree_table device=0 offset=823328768 length=16384 matched=true changed=false changed_bytes=0 segments=none clause_d15_4_bytes=0 clause_d22_9_bytes=0 clause_d22_7_bytes=0 derived_bytes=0 unmapped_bytes=0 explained=true mapped=true
E7RESULT name=old_new_independent region=tree_table device=1 offset=823328768 length=16384 matched=true changed=false changed_bytes=0 segments=none clause_d15_4_bytes=0 clause_d22_9_bytes=0 clause_d22_7_bytes=0 derived_bytes=0 unmapped_bytes=0 explained=true mapped=true
E7RESULT name=old_new_independent region=journal_record device=0 offset=16785408 length=4096 matched=true changed=false changed_bytes=0 segments=none clause_d15_4_bytes=0 clause_d22_9_bytes=0 clause_d22_7_bytes=0 derived_bytes=0 unmapped_bytes=0 explained=true mapped=true
E7RESULT name=old_new_independent region=journal_record device=1 offset=16785408 length=4096 matched=true changed=false changed_bytes=0 segments=none clause_d15_4_bytes=0 clause_d22_9_bytes=0 clause_d22_7_bytes=0 derived_bytes=0 unmapped_bytes=0 explained=true mapped=true
E7RESULT name=old_new_independent region=root_record device=0 offset=1052672 length=512 matched=true changed=false changed_bytes=0 segments=none clause_d15_4_bytes=0 clause_d22_9_bytes=0 clause_d22_7_bytes=0 derived_bytes=0 unmapped_bytes=0 explained=true mapped=true
E7RESULT name=old_new_independent region=unregistered device=0 offset=4096 length=4096 matched=true changed=false changed_bytes=0 segments=none clause_d15_4_bytes=0 clause_d22_9_bytes=0 clause_d22_7_bytes=0 derived_bytes=0 unmapped_bytes=0 explained=true mapped=true
E7RESULT name=old_new_independent region=unregistered device=1 offset=4096 length=4096 matched=true changed=false changed_bytes=0 segments=none clause_d15_4_bytes=0 clause_d22_9_bytes=0 clause_d22_7_bytes=0 derived_bytes=0 unmapped_bytes=0 explained=true mapped=true
E7RESULT name=old_new_independent_clause_values side=new region=root_record device=0 flags_hex=00000000 checksum_recomputes=true
E7RESULT name=old_new_independent_clause_values side=new region=system_configuration device=0 incompat_byte0=0x02 feature_bits_rest_zero=true rollback_floor_hex=0000000000000000 padding_after_489_zero=true checksum_recomputes=true
E7RESULT name=old_new_independent_clause_values side=new region=system_configuration device=1 incompat_byte0=0x02 feature_bits_rest_zero=true rollback_floor_hex=0000000000000000 padding_after_489_zero=true checksum_recomputes=true
E7RESULT name=old_new_independent_clause_values side=old region=root_record device=0 flags_hex=00000000 checksum_recomputes=true
E7RESULT name=old_new_independent_clause_values side=old region=system_configuration device=0 incompat_byte0=0x02 feature_bits_rest_zero=true rollback_floor_hex=0000000000000000 padding_after_489_zero=true checksum_recomputes=true
E7RESULT name=old_new_independent_clause_values side=old region=system_configuration device=1 incompat_byte0=0x02 feature_bits_rest_zero=true rollback_floor_hex=0000000000000000 padding_after_489_zero=true checksum_recomputes=true
E7RESULT name=old_new_independent_summary new_regions=29 old_regions=29 matched=29 changed=0 unchanged=29 unmatched_new=0 unmatched_old=0 mapped_regions=0 unmapped_regions=0
E7RESULT name=old_new_independent_verdict all_changes_mapped=true
