E7RESULT name=config devices=2 physical_block_bytes=512 file_bytes=3000 fsid=fixed device_bytes=1073741824 journal_ring_bytes=805306368 journal_ring_slots=196608 in_flight_limit=65536 unit_area_start_slot=50176 unit_area_slots=15360 cluster_segment_slots=64 open_cluster_segment_start=50240
E7RESULT name=width structure=pointer_head expected=47 actual=47
E7RESULT name=width structure=data_unit_header expected=105 actual=105
E7RESULT name=width structure=packed_unit_header expected=107 actual=107
E7RESULT name=width structure=root_record expected=333 actual=333
E7RESULT name=width structure=tree_table_entry expected=145 actual=145
E7RESULT name=width structure=journal_header expected=277 actual=277
E7RESULT name=width structure=journal_new_root_segment expected=182 actual=182
E7RESULT name=width structure=journal_named_entry expected=56 actual=56
E7RESULT name=width structure=journal_named_entries_per_record expected=68 actual=68
E7RESULT name=width structure=data_pointer expected=85 actual=85
E7RESULT name=width structure=node_pointer expected=83 actual=83
E7RESULT name=width structure=inode_record expected=140 actual=140
E7RESULT name=width structure=inode_internal_entry expected=117 actual=117
E7RESULT name=width structure=extent_leaf_record expected=109 actual=109
E7RESULT name=width structure=allocation_record expected=20 actual=20
E7RESULT name=width structure=allocation_key expected=10 actual=10
E7RESULT name=width structure=allocation_value expected=10 actual=10
E7RESULT name=width structure=accounting_entry expected=34 actual=34
E7RESULT name=width structure=mapping_entry_data expected=55 actual=55
E7RESULT name=width structure=mapping_entry_node expected=53 actual=53
E7RESULT name=width structure=location_entry expected=14 actual=14
E7RESULT name=width structure=superblock expected=452 actual=452
E7RESULT name=warm_up publishes=2 writes=10 barriers=4 fua=2 first_transaction_txg=3 last_warm_up_root_txg=2
E7RESULT name=segments path=mkfs operations=13 segments=4+1+1+1+4 closed_form=34 kinds=[unit_write×4,barrier]|[root_record_fua]|[root_record_fua]|[root_record_fua]|[superblock_slot×4,barrier]
E7RESULT name=segments path=instance_acquisition operations=2 segments=2 closed_form=4 kinds=[superblock_slot×2]
E7RESULT name=segments path=warm_up operations=14 segments=2+1+2+2+1+2 closed_form=15 kinds=[journal_record×2,barrier×2]|[root_record_fua]|[superblock_slot×2,barrier]|[journal_record×2,barrier]|[root_record_fua]|[superblock_slot×2]
E7RESULT name=segments path=transaction operations=23 segments=16+2+1+2 closed_form=65543 kinds=[unit_write×16,barrier]|[journal_record×2,barrier]|[root_record_fua]|[superblock_slot×2]
E7RESULT name=segments path=post_mkfs_stream operations=39 segments=2+2+1+2+2+1+18+2+1+2 closed_form=262165 kinds=[superblock_slot×2,barrier]|[journal_record×2,barrier]|[root_record_fua]|[superblock_slot×2,barrier]|[journal_record×2,barrier]|[root_record_fua]|[unit_write×16,superblock_slot×2,barrier]|[journal_record×2,barrier]|[root_record_fua]|[superblock_slot×2]
E7RESULT name=mkfs_units instance_table_records=1 instance_table_row_bytes=88 tree_table_entries=0 genesis_root_watermark=11
E7RESULT name=root_record checkpoint_txg=3 instance=1 tree_identifier_watermark=18 rollback_floor=0 record_bytes=4096 back_chain=384624170
E7RESULT name=write_list writes=21 barriers=2 fua=1 named=8 units=t1@50180x32768,t2@50242x16384,t3@50240x32768,t4@50243x16384,t5@50244x16384,t6@50245x16384,t7@50246x16384,t8@50247x16384
E7RESULT name=index_node_header tree=extent header_bytes=134 with_reserved=162
E7RESULT name=index_node_header tree=inode header_bytes=102 with_reserved=130
E7RESULT name=index_node_header tree=allocation header_bytes=106 with_reserved=134
E7RESULT name=index_node_header tree=accounting header_bytes=130 with_reserved=158
E7RESULT name=index_node_header tree=mapping header_bytes=140 with_reserved=168
E7RESULT name=index_node_header tree=tree_table header_bytes=102 with_reserved=130
E7RESULT name=recover_full outcome=file_read root=1:3 content_matches=true valid_records=3 above_water=0 applied=0 verification_passed=0 mapping_fallbacks=0
E7RESULT name=layer0 arm=settled_two_devices segments=2+2+1+2+2+1+18+2+1+2 states=262165 closed_form=262165 violations=0 root_persisted_states=4 no_file=262158 file_read=7 failed=0 verification_ran=9 verification_failed=0 first_violation=none
E7RESULT name=layer0_fua_not_boundary segments=2+2+3+2+19+2+3 closed_form=524314
E7RESULT name=journal_effect arm=settled_two_devices states=262165 differing_states=3
E7RESULT name=layer0_control arm=one_device_no_barriers writes=11 states=2048 closed_form=2048 violations=1020 expected_violations=1020 root_persisted_states=1024 failed=1020
E7RESULT name=probe probe=newest_root_slot_one_byte outcome=file_read root=1:2 content_matches=true valid_records=3 applied=1 mapping_fallbacks=0 reason=none
E7RESULT name=probe probe=journal_record_both_copies outcome=file_read root=1:3 content_matches=true valid_records=2 applied=0 mapping_fallbacks=0 reason=none
E7RESULT name=probe probe=journal_record_one_copy outcome=file_read root=1:3 content_matches=true valid_records=3 applied=0 mapping_fallbacks=0 reason=none
E7RESULT name=probe probe=data_payload_one_copy outcome=file_read root=1:3 content_matches=true valid_records=3 applied=0 mapping_fallbacks=0 reason=none
E7RESULT name=probe probe=data_payload_both_copies outcome=failed root=1:3 content_matches=false valid_records=3 applied=0 mapping_fallbacks=1 reason=经映射仍读不到：槽_50180_的两条位置条目都读不到校验和相符的单元
E7RESULT name=probe probe=data_header_last_byte_both_copies outcome=failed root=1:3 content_matches=false valid_records=3 applied=0 mapping_fallbacks=1 reason=经映射仍读不到：槽_50180_的两条位置条目都读不到校验和相符的单元
E7RESULT name=probe probe=tree_table_both_copies outcome=failed root=1:3 content_matches=false valid_records=3 applied=0 mapping_fallbacks=0 reason=槽_50247_的两条位置条目都读不到校验和相符的单元
E7RESULT name=probe probe=superblock_slot_one_both_devices outcome=file_read root=1:3 content_matches=true valid_records=3 applied=0 mapping_fallbacks=0 reason=none
E7RESULT name=mapping_key_collision same_transaction_data_units=2 distinct_keys=1 mapping_entries_first_transaction=6
E7RESULT name=named_mapping_keys named=8 rebuilt_from_named=8 mapping_entries=6 covered=6
E7RESULT name=journal_per_mebibyte data_units=32 transactions_under_split_rule=32 records=32 journal_bytes_two_devices=262144 journal_over_data_percent=12
E7RESULT name=accounting entries=8 allocated_bytes_per_device=212992 free_bytes_per_device=251445248 empty_cluster_segments_per_device=238 fragmentation_runs=3 inode_watermark=2 sequence_all_one=true generation=3
E7RESULT name=allocation records=20 first_slot=50176 last_slot=50247 key_bytes=10 value_bytes=10 mkfs_generation_records=4
E7RESULT name=instances mkfs_instance=0 first_writable_mount_instance=1 mkfs_superblock_generation=1 acquisition_superblock_generation=2 transaction_superblock_generation=5 transaction_superblock_slot=1
E7RESULT name=back_chain records=3 chains=1:0,2:4263850640,3:384624170
E7RESULT name=gap id=G1 text=已收口（2026-09-13 D8已定项11 + D18已定项16/18）：码2头=86+2×key宽，含28字节预留位114+2×key宽（inode与树表130、分配134、记账158、extent162、映射168）；跑出空白那天三处预想数（84、68+44、72/81/90三档）互不相等
E7RESULT name=gap id=G2 text=部分收口：key宽字段有了（D18已定项18把它放在偏移81+2k），但**定位它本身就要先知道k**⇒扫描期仍不自举，只能对k穷举试头校验和才找得到头末端，I-2.4对码2仍不能直接判
E7RESULT name=gap id=G3 text=已收口（2026-09-13 D19已定项10）：映射key按类27/25不补齐、条目55/53，节点头的key区间按27存、短key末尾补零只在区间字段里；跑出空白那天装置是把码2/码3的key补零到27
E7RESULT name=gap id=G4 text=根记录字段序：D22已定项7的表与字节表七的表行序不同（水位、F、校验和、实例表指针四行的先后），两处都没写偏移；装置按D22的表序
E7RESULT name=gap id=G5 text=已收口（2026-09-13 D18已定项17）：32字节校验和字段里放CRC32C4字节+28字节零，自证结构罩整个槽含补齐、字段按零参与；跑出空白那天装置取的是SHA-256
E7RESULT name=gap id=G6 text=已收口（2026-09-13 D23已定项19②）：previous_hash=CRC32C(前一条记录的完整头，header_csum那32字节按零参与)，环上计数器为1的那条恒0
E7RESULT name=gap id=G7 text=已收口（2026-09-13 D23已定项15）：记录头加新根段182（树表指针83+映射树根指针83+树ID水位8+回退下界F8），施加一条记录=把所选根这四个字段换成记录里的；实例代号与txg照记录头、实例表指针照所选根⇒journal从此承重（journal_effect差异态3个）
E7RESULT name=gap id=G8 text=码1映射key靠D16的事务切分纪律（一个事务最多写一个单元的用户数据）才唯一：同一事务写两个数据单元key相同；按D23已定项7一条记录一个事务，每个数据单元一条4KiB记录
E7RESULT name=gap id=G9 text=journal两份镜像何时算「记录在」没有条款（一份合法即在、还是两份都要）；装置取任一份合法即在
E7RESULT name=gap id=G10 text=里程碑步4验收「把位置提示改坏、经映射仍读到」在字节层做不到：提示住父节点、父节点被树表指针里的整单元CRC罩着，改坏提示先红父节点；要验的是搬走单元那条路
E7RESULT name=gap id=G11 text=里程碑步1验收「同参数两次mkfs逐字节相同」与字节表「fsid=mkfs随机」矛盾：fsid必须是mkfs参数
E7RESULT name=gap id=G12 text=已收口（2026-09-13 D15已定项4）：incompat位0=第一条纯SSD布局线，装置从mkfs起置上；位图其余全0
E7RESULT name=gap id=G13 text=已收口（2026-09-13 D8已定项11）：条目数2与条目宽2进头（偏移82+2k、84+2k），不再住载荷内部布局
E7RESULT name=gap id=G14 text=实例表链指针行宽在这一轮里从64改成88（C304，D18已定项11）；写装置那天kb还是64，跑之前改成了88，行里的83宽指针无下一片时清零
E7RESULT name=gap id=G15 text=已收口（2026-09-13 D18已定项18）：码2的声明长度=条目数×条目宽，条目区之后的补齐区恒0且参与载荷CRC，I-2.3射程扩到码2
E7RESULT name=gap id=G16 text=已收口（2026-09-13 D19已定项9）：出生序号从0起、同一棵树内码2与码3共用一个计数、换checkpoint清零、同一checkpoint里重写换新号
E7RESULT name=gap id=G17 text=已收口（2026-09-13 C313用户定案）：FUA写算段边界；装置主臂按它枚举，另一读法只报数不判
E7RESULT name=gap id=G18 text=D23已定项12按「12项事务恰占1条记录」算余量，而D16的事务切分纪律让一次带8个数据单元的fsync至少是8个事务、8条记录；两条已定条款对同一负载算出的记录数不同
E7RESULT name=gap id=G19 text=mkfs种根的13次操作（11写+2屏障，段序列4+1+1+1+4、34个崩溃状态）不在层0枚举里：装置从mkfs之后的池起枚举（取号、暖机与事务），mkfs的崩溃状态没有任何东西判；段序列另发一行钉住
E7RESULT name=gap id=G20 text=码2头的条目宽只有一个u16的格（D8已定项11：声明长度=条目数×条目宽），而中央映射树的条目按类是55/53两宽（D19已定项10）——两条已定条款在这一格顶着；装置写条目宽0当「变长、按key首字节的单元类标签自定界」的哨兵，声明长度写条目实际字节之和
E7RESULT name=gap id=G21 text=取号那一步（D23已定项16：第一次可写挂载写每一份超级块之后才动单元）不是根槽写路径，layout/01-first-txn八那张表罩不到它；屏障怎么放没有条款，装置按最少屏障取「不另加屏障，靠暖机第一次空发布开头那道屏障收段」⇒段序列独占一行[superblock_slot×2]
E7RESULT name=gap id=G22 text=镜像大小（单元区的末端）全仓没有条款，而空闲字节、全空聚簇段数、碎片度runs三个统计量都要它；装置按mkfs参数取1GiB并在name=config里报出来
E7RESULT name=gap id=G23 text=32KiB的码3打包容器算不算D3已定项10③里的「数据单元」：那一条只说数据单元要起点32768对齐、索引节点取最低空槽，没说码3容器；装置按数据单元办⇒inode叶t3拿开放聚簇段里最低的对齐槽对50240–50241，extent根t2才拿50242
E7RESULT name=gaps count=23
E7RESULT name=feature_bits incompat_byte0=0x01 incompat_rest_zero=true compat_ro_zero=true compat_zero=true refuses_unknown_incompat=true refuses_missing_layout_bit=true
E7RESULT name=verdict width_mismatches=0 write_list_ok=true recover_full_ok=true layer0_states_ok=true layer0_violations=0 control_states_ok=true control_violations_ok=true journal_differing_states=3
E7RESULT name=done emitted=85
