E7RESULT name=config node_bytes=16384 header_without_key_range=81 reserved=28 node_pointer=83 head_tree_identifier=8 mapping_key_data=27 mapping_key_node=25 unit_bytes=32768 tree_table_entry=148 data_units_per_node=8
E7RESULT name=form arm=legacy_e130 trees=1 key_bytes=24 value_bytes=0 entry_bytes=24
E7RESULT name=node arm=legacy_e130 tree=shared key_bytes=24 entry_bytes=24 header_bytes=157 payload_bytes=16227 leaf_fanout=676 internal_fanout=151
E7RESULT name=height arm=legacy_e130 heads=1 entries_per_head=1024 entries=1024 height=2 per_tree=shared=2
E7RESULT name=height arm=legacy_e130 heads=1 entries_per_head=65536 entries=65536 height=2 per_tree=shared=2
E7RESULT name=height arm=legacy_e130 heads=1 entries_per_head=1048576 entries=1048576 height=3 per_tree=shared=3
E7RESULT name=height arm=legacy_e130 heads=4 entries_per_head=1024 entries=4096 height=2 per_tree=shared=2
E7RESULT name=height arm=legacy_e130 heads=4 entries_per_head=65536 entries=262144 height=3 per_tree=shared=3
E7RESULT name=height arm=legacy_e130 heads=4 entries_per_head=1048576 entries=4194304 height=3 per_tree=shared=3
E7RESULT name=height arm=legacy_e130 heads=16 entries_per_head=1024 entries=16384 height=2 per_tree=shared=2
E7RESULT name=height arm=legacy_e130 heads=16 entries_per_head=65536 entries=1048576 height=3 per_tree=shared=3
E7RESULT name=height arm=legacy_e130 heads=16 entries_per_head=1048576 entries=16777216 height=4 per_tree=shared=4
E7RESULT name=height arm=legacy_e130 heads=64 entries_per_head=1024 entries=65536 height=2 per_tree=shared=2
E7RESULT name=height arm=legacy_e130 heads=64 entries_per_head=65536 entries=4194304 height=3 per_tree=shared=3
E7RESULT name=height arm=legacy_e130 heads=64 entries_per_head=1048576 entries=67108864 height=4 per_tree=shared=4
E7RESULT name=height arm=legacy_e130 heads=256 entries_per_head=1024 entries=262144 height=3 per_tree=shared=3
E7RESULT name=height arm=legacy_e130 heads=256 entries_per_head=65536 entries=16777216 height=4 per_tree=shared=4
E7RESULT name=height arm=legacy_e130 heads=256 entries_per_head=1048576 entries=268435456 height=4 per_tree=shared=4
E7RESULT name=height arm=legacy_e130 heads=1024 entries_per_head=1024 entries=1048576 height=3 per_tree=shared=3
E7RESULT name=height arm=legacy_e130 heads=1024 entries_per_head=65536 entries=67108864 height=4 per_tree=shared=4
E7RESULT name=height arm=legacy_e130 heads=1024 entries_per_head=1048576 entries=1073741824 height=4 per_tree=shared=4
E7RESULT name=height arm=legacy_e130 heads=4096 entries_per_head=1024 entries=4194304 height=3 per_tree=shared=3
E7RESULT name=height arm=legacy_e130 heads=4096 entries_per_head=65536 entries=268435456 height=4 per_tree=shared=4
E7RESULT name=height arm=legacy_e130 heads=4096 entries_per_head=1048576 entries=4294967296 height=5 per_tree=shared=5
E7RESULT name=prepaid arm=legacy_e130 bytes_per_free=24 unit_share_basis_points=7
E7RESULT name=first_transaction arm=legacy_e130 tree_table_entries=1 day1_null_root_bytes=148 day1_root_required_bytes=16641 lazy_bytes=0 tree_table_fits_first_unit=true
E7RESULT name=form arm=pad_event_in_tag trees=1 key_bytes=35 value_bytes=0 entry_bytes=35
E7RESULT name=node arm=pad_event_in_tag tree=shared key_bytes=35 entry_bytes=35 header_bytes=179 payload_bytes=16205 leaf_fanout=463 internal_fanout=137
E7RESULT name=height arm=pad_event_in_tag heads=1 entries_per_head=1024 entries=1024 height=2 per_tree=shared=2
E7RESULT name=height arm=pad_event_in_tag heads=1 entries_per_head=65536 entries=65536 height=3 per_tree=shared=3
E7RESULT name=height arm=pad_event_in_tag heads=1 entries_per_head=1048576 entries=1048576 height=3 per_tree=shared=3
E7RESULT name=height arm=pad_event_in_tag heads=4 entries_per_head=1024 entries=4096 height=2 per_tree=shared=2
E7RESULT name=height arm=pad_event_in_tag heads=4 entries_per_head=65536 entries=262144 height=3 per_tree=shared=3
E7RESULT name=height arm=pad_event_in_tag heads=4 entries_per_head=1048576 entries=4194304 height=3 per_tree=shared=3
E7RESULT name=height arm=pad_event_in_tag heads=16 entries_per_head=1024 entries=16384 height=2 per_tree=shared=2
E7RESULT name=height arm=pad_event_in_tag heads=16 entries_per_head=65536 entries=1048576 height=3 per_tree=shared=3
E7RESULT name=height arm=pad_event_in_tag heads=16 entries_per_head=1048576 entries=16777216 height=4 per_tree=shared=4
E7RESULT name=height arm=pad_event_in_tag heads=64 entries_per_head=1024 entries=65536 height=3 per_tree=shared=3
E7RESULT name=height arm=pad_event_in_tag heads=64 entries_per_head=65536 entries=4194304 height=3 per_tree=shared=3
E7RESULT name=height arm=pad_event_in_tag heads=64 entries_per_head=1048576 entries=67108864 height=4 per_tree=shared=4
E7RESULT name=height arm=pad_event_in_tag heads=256 entries_per_head=1024 entries=262144 height=3 per_tree=shared=3
E7RESULT name=height arm=pad_event_in_tag heads=256 entries_per_head=65536 entries=16777216 height=4 per_tree=shared=4
E7RESULT name=height arm=pad_event_in_tag heads=256 entries_per_head=1048576 entries=268435456 height=4 per_tree=shared=4
E7RESULT name=height arm=pad_event_in_tag heads=1024 entries_per_head=1024 entries=1048576 height=3 per_tree=shared=3
E7RESULT name=height arm=pad_event_in_tag heads=1024 entries_per_head=65536 entries=67108864 height=4 per_tree=shared=4
E7RESULT name=height arm=pad_event_in_tag heads=1024 entries_per_head=1048576 entries=1073741824 height=4 per_tree=shared=4
E7RESULT name=height arm=pad_event_in_tag heads=4096 entries_per_head=1024 entries=4194304 height=3 per_tree=shared=3
E7RESULT name=height arm=pad_event_in_tag heads=4096 entries_per_head=65536 entries=268435456 height=4 per_tree=shared=4
E7RESULT name=height arm=pad_event_in_tag heads=4096 entries_per_head=1048576 entries=4294967296 height=5 per_tree=shared=5
E7RESULT name=prepaid arm=pad_event_in_tag bytes_per_free=35 unit_share_basis_points=10
E7RESULT name=first_transaction arm=pad_event_in_tag tree_table_entries=1 day1_null_root_bytes=148 day1_root_required_bytes=16641 lazy_bytes=0 tree_table_fits_first_unit=true
E7RESULT name=form arm=pad_event_byte trees=1 key_bytes=36 value_bytes=0 entry_bytes=36
E7RESULT name=node arm=pad_event_byte tree=shared key_bytes=36 entry_bytes=36 header_bytes=181 payload_bytes=16203 leaf_fanout=450 internal_fanout=136
E7RESULT name=height arm=pad_event_byte heads=1 entries_per_head=1024 entries=1024 height=2 per_tree=shared=2
E7RESULT name=height arm=pad_event_byte heads=1 entries_per_head=65536 entries=65536 height=3 per_tree=shared=3
E7RESULT name=height arm=pad_event_byte heads=1 entries_per_head=1048576 entries=1048576 height=3 per_tree=shared=3
E7RESULT name=height arm=pad_event_byte heads=4 entries_per_head=1024 entries=4096 height=2 per_tree=shared=2
E7RESULT name=height arm=pad_event_byte heads=4 entries_per_head=65536 entries=262144 height=3 per_tree=shared=3
E7RESULT name=height arm=pad_event_byte heads=4 entries_per_head=1048576 entries=4194304 height=3 per_tree=shared=3
E7RESULT name=height arm=pad_event_byte heads=16 entries_per_head=1024 entries=16384 height=2 per_tree=shared=2
E7RESULT name=height arm=pad_event_byte heads=16 entries_per_head=65536 entries=1048576 height=3 per_tree=shared=3
E7RESULT name=height arm=pad_event_byte heads=16 entries_per_head=1048576 entries=16777216 height=4 per_tree=shared=4
E7RESULT name=height arm=pad_event_byte heads=64 entries_per_head=1024 entries=65536 height=3 per_tree=shared=3
E7RESULT name=height arm=pad_event_byte heads=64 entries_per_head=65536 entries=4194304 height=3 per_tree=shared=3
E7RESULT name=height arm=pad_event_byte heads=64 entries_per_head=1048576 entries=67108864 height=4 per_tree=shared=4
E7RESULT name=height arm=pad_event_byte heads=256 entries_per_head=1024 entries=262144 height=3 per_tree=shared=3
E7RESULT name=height arm=pad_event_byte heads=256 entries_per_head=65536 entries=16777216 height=4 per_tree=shared=4
E7RESULT name=height arm=pad_event_byte heads=256 entries_per_head=1048576 entries=268435456 height=4 per_tree=shared=4
E7RESULT name=height arm=pad_event_byte heads=1024 entries_per_head=1024 entries=1048576 height=3 per_tree=shared=3
E7RESULT name=height arm=pad_event_byte heads=1024 entries_per_head=65536 entries=67108864 height=4 per_tree=shared=4
E7RESULT name=height arm=pad_event_byte heads=1024 entries_per_head=1048576 entries=1073741824 height=4 per_tree=shared=4
E7RESULT name=height arm=pad_event_byte heads=4096 entries_per_head=1024 entries=4194304 height=3 per_tree=shared=3
E7RESULT name=height arm=pad_event_byte heads=4096 entries_per_head=65536 entries=268435456 height=4 per_tree=shared=4
E7RESULT name=height arm=pad_event_byte heads=4096 entries_per_head=1048576 entries=4294967296 height=5 per_tree=shared=5
E7RESULT name=prepaid arm=pad_event_byte bytes_per_free=36 unit_share_basis_points=10
E7RESULT name=first_transaction arm=pad_event_byte tree_table_entries=1 day1_null_root_bytes=148 day1_root_required_bytes=16641 lazy_bytes=0 tree_table_fits_first_unit=true
E7RESULT name=form arm=two_trees_event_in_tag trees=2 key_bytes=35 value_bytes=0 entry_bytes=35
E7RESULT name=node arm=two_trees_event_in_tag tree=data key_bytes=35 entry_bytes=35 header_bytes=179 payload_bytes=16205 leaf_fanout=463 internal_fanout=137
E7RESULT name=node arm=two_trees_event_in_tag tree=node key_bytes=33 entry_bytes=33 header_bytes=175 payload_bytes=16209 leaf_fanout=491 internal_fanout=139
E7RESULT name=height arm=two_trees_event_in_tag heads=1 entries_per_head=1024 entries=1024 height=2 per_tree=data=2,node=1
E7RESULT name=height arm=two_trees_event_in_tag heads=1 entries_per_head=65536 entries=65536 height=2 per_tree=data=2,node=2
E7RESULT name=height arm=two_trees_event_in_tag heads=1 entries_per_head=1048576 entries=1048576 height=3 per_tree=data=3,node=3
E7RESULT name=height arm=two_trees_event_in_tag heads=4 entries_per_head=1024 entries=4096 height=2 per_tree=data=2,node=1
E7RESULT name=height arm=two_trees_event_in_tag heads=4 entries_per_head=65536 entries=262144 height=3 per_tree=data=3,node=2
E7RESULT name=height arm=two_trees_event_in_tag heads=4 entries_per_head=1048576 entries=4194304 height=3 per_tree=data=3,node=3
E7RESULT name=height arm=two_trees_event_in_tag heads=16 entries_per_head=1024 entries=16384 height=2 per_tree=data=2,node=2
E7RESULT name=height arm=two_trees_event_in_tag heads=16 entries_per_head=65536 entries=1048576 height=3 per_tree=data=3,node=3
E7RESULT name=height arm=two_trees_event_in_tag heads=16 entries_per_head=1048576 entries=16777216 height=4 per_tree=data=4,node=3
E7RESULT name=height arm=two_trees_event_in_tag heads=64 entries_per_head=1024 entries=65536 height=2 per_tree=data=2,node=2
E7RESULT name=height arm=two_trees_event_in_tag heads=64 entries_per_head=65536 entries=4194304 height=3 per_tree=data=3,node=3
E7RESULT name=height arm=two_trees_event_in_tag heads=64 entries_per_head=1048576 entries=67108864 height=4 per_tree=data=4,node=3
E7RESULT name=height arm=two_trees_event_in_tag heads=256 entries_per_head=1024 entries=262144 height=3 per_tree=data=3,node=2
E7RESULT name=height arm=two_trees_event_in_tag heads=256 entries_per_head=65536 entries=16777216 height=4 per_tree=data=4,node=3
E7RESULT name=height arm=two_trees_event_in_tag heads=256 entries_per_head=1048576 entries=268435456 height=4 per_tree=data=4,node=4
E7RESULT name=height arm=two_trees_event_in_tag heads=1024 entries_per_head=1024 entries=1048576 height=3 per_tree=data=3,node=3
E7RESULT name=height arm=two_trees_event_in_tag heads=1024 entries_per_head=65536 entries=67108864 height=4 per_tree=data=4,node=3
E7RESULT name=height arm=two_trees_event_in_tag heads=1024 entries_per_head=1048576 entries=1073741824 height=4 per_tree=data=4,node=4
E7RESULT name=height arm=two_trees_event_in_tag heads=4096 entries_per_head=1024 entries=4194304 height=3 per_tree=data=3,node=3
E7RESULT name=height arm=two_trees_event_in_tag heads=4096 entries_per_head=65536 entries=268435456 height=4 per_tree=data=4,node=4
E7RESULT name=height arm=two_trees_event_in_tag heads=4096 entries_per_head=1048576 entries=4294967296 height=5 per_tree=data=5,node=4
E7RESULT name=prepaid arm=two_trees_event_in_tag bytes_per_free=35 unit_share_basis_points=10
E7RESULT name=first_transaction arm=two_trees_event_in_tag tree_table_entries=2 day1_null_root_bytes=296 day1_root_required_bytes=33282 lazy_bytes=0 tree_table_fits_first_unit=true
E7RESULT name=form arm=pad_event_in_tag_with_hint trees=1 key_bytes=35 value_bytes=14 entry_bytes=49
E7RESULT name=node arm=pad_event_in_tag_with_hint tree=shared key_bytes=35 entry_bytes=49 header_bytes=179 payload_bytes=16205 leaf_fanout=330 internal_fanout=137
E7RESULT name=height arm=pad_event_in_tag_with_hint heads=1 entries_per_head=1024 entries=1024 height=2 per_tree=shared=2
E7RESULT name=height arm=pad_event_in_tag_with_hint heads=1 entries_per_head=65536 entries=65536 height=3 per_tree=shared=3
E7RESULT name=height arm=pad_event_in_tag_with_hint heads=1 entries_per_head=1048576 entries=1048576 height=3 per_tree=shared=3
E7RESULT name=height arm=pad_event_in_tag_with_hint heads=4 entries_per_head=1024 entries=4096 height=2 per_tree=shared=2
E7RESULT name=height arm=pad_event_in_tag_with_hint heads=4 entries_per_head=65536 entries=262144 height=3 per_tree=shared=3
E7RESULT name=height arm=pad_event_in_tag_with_hint heads=4 entries_per_head=1048576 entries=4194304 height=3 per_tree=shared=3
E7RESULT name=height arm=pad_event_in_tag_with_hint heads=16 entries_per_head=1024 entries=16384 height=2 per_tree=shared=2
E7RESULT name=height arm=pad_event_in_tag_with_hint heads=16 entries_per_head=65536 entries=1048576 height=3 per_tree=shared=3
E7RESULT name=height arm=pad_event_in_tag_with_hint heads=16 entries_per_head=1048576 entries=16777216 height=4 per_tree=shared=4
E7RESULT name=height arm=pad_event_in_tag_with_hint heads=64 entries_per_head=1024 entries=65536 height=3 per_tree=shared=3
E7RESULT name=height arm=pad_event_in_tag_with_hint heads=64 entries_per_head=65536 entries=4194304 height=3 per_tree=shared=3
E7RESULT name=height arm=pad_event_in_tag_with_hint heads=64 entries_per_head=1048576 entries=67108864 height=4 per_tree=shared=4
E7RESULT name=height arm=pad_event_in_tag_with_hint heads=256 entries_per_head=1024 entries=262144 height=3 per_tree=shared=3
E7RESULT name=height arm=pad_event_in_tag_with_hint heads=256 entries_per_head=65536 entries=16777216 height=4 per_tree=shared=4
E7RESULT name=height arm=pad_event_in_tag_with_hint heads=256 entries_per_head=1048576 entries=268435456 height=4 per_tree=shared=4
E7RESULT name=height arm=pad_event_in_tag_with_hint heads=1024 entries_per_head=1024 entries=1048576 height=3 per_tree=shared=3
E7RESULT name=height arm=pad_event_in_tag_with_hint heads=1024 entries_per_head=65536 entries=67108864 height=4 per_tree=shared=4
E7RESULT name=height arm=pad_event_in_tag_with_hint heads=1024 entries_per_head=1048576 entries=1073741824 height=5 per_tree=shared=5
E7RESULT name=height arm=pad_event_in_tag_with_hint heads=4096 entries_per_head=1024 entries=4194304 height=3 per_tree=shared=3
E7RESULT name=height arm=pad_event_in_tag_with_hint heads=4096 entries_per_head=65536 entries=268435456 height=4 per_tree=shared=4
E7RESULT name=height arm=pad_event_in_tag_with_hint heads=4096 entries_per_head=1048576 entries=4294967296 height=5 per_tree=shared=5
E7RESULT name=prepaid arm=pad_event_in_tag_with_hint bytes_per_free=49 unit_share_basis_points=14
E7RESULT name=first_transaction arm=pad_event_in_tag_with_hint tree_table_entries=1 day1_null_root_bytes=148 day1_root_required_bytes=16641 lazy_bytes=0 tree_table_fits_first_unit=true
E7RESULT name=sensitive entries=460 pad_event_in_tag_height=1 pad_event_byte_height=2
E7RESULT name=verdict pad_entry_bytes=35 legacy_entry_bytes=24 pad_leaf_fanout=463 legacy_leaf_fanout=676 grid_cells=21 cells_where_pad_taller_than_legacy=2 prepaid_pad=35 prepaid_legacy=24
E7RESULT name=done emitted=130
