E7RESULT name=config l=8192 s=10240 g=64 d=64 t=2000 model=counting file_ops=0 seeds=5 container_capacity=7 pack_sweep=64 hysteresis=16,64 metadata_blocks=0,4,9 tie_percent=5
E7RESULT name=anchor bump_slots=[0, 8, 2, 9, 4, 10, 6, 11] arrival_slots=[0, 9, 2, 11, 4, 8, 6, 10] bump_runs=8 arrival_runs=8 container_runs=2 container_writes=1
E7RESULT name=control arm=first_fit scatter_runs=8192 compact_runs=1
E7RESULT name=control arm=bump_seg scatter_runs=8192 compact_runs=1
E7RESULT name=control arm=arrival scatter_runs=8192 compact_runs=1
E7RESULT name=control arm=container_k16 scatter_runs=8192 compact_runs=1
E7RESULT name=control arm=container_k64 scatter_runs=8192 compact_runs=1
E7RESULT name=control arm=bump_nb_r1 scatter_runs=8192 compact_runs=1
E7RESULT name=control arm=bump_nb_r2 scatter_runs=8192 compact_runs=1
E7RESULT name=control arm=bump_cp_b32 scatter_runs=8192 compact_runs=1
E7RESULT name=control arm=bump_cp_b128 scatter_runs=8192 compact_runs=1
E7RESULT name=control arm=bump_cp_b256 scatter_runs=8192 compact_runs=1
E7RESULT name=xfixture arm=first_fit load=uniform median=8186 e93_stored=8186
E7RESULT name=xfixture arm=first_fit load=runs8 median=7997 e93_stored=7997
E7RESULT name=xfixture arm=bump_seg load=uniform median=8186 e93_stored=8186
E7RESULT name=xfixture arm=bump_seg load=runs8 median=7312 e93_stored=7312
E7RESULT name=xfixture arm=bump_nb_r1 load=uniform median=5497 e93_stored=5497
E7RESULT name=xfixture arm=bump_nb_r1 load=runs8 median=5181 e93_stored=5181
E7RESULT name=xfixture arm=bump_nb_r2 load=uniform median=5460 e93_stored=5460
E7RESULT name=xfixture arm=bump_nb_r2 load=runs8 median=5111 e93_stored=5111
E7RESULT name=xfixture arm=bump_cp_b32 load=uniform median=7502 e93_stored=7502
E7RESULT name=xfixture arm=bump_cp_b32 load=runs8 median=6073 e93_stored=6073
E7RESULT name=xfixture arm=bump_cp_b128 load=uniform median=6095 e93_stored=6095
E7RESULT name=xfixture arm=bump_cp_b128 load=runs8 median=3922 e93_stored=3922
E7RESULT name=xfixture arm=bump_cp_b256 load=uniform median=4791 e93_stored=4791
E7RESULT name=xfixture arm=bump_cp_b256 load=runs8 median=1339 e93_stored=1339
E7RESULT name=grid arm=first_fit load=uniform metadata_blocks=0 runs_median=8186 empty_segments_median=31 write_amp=1.000 fallback_pct=0.0 container_writes_seed0=0
E7RESULT name=grid arm=first_fit load=uniform metadata_blocks=4 runs_median=8186 empty_segments_median=30 write_amp=1.000 fallback_pct=0.0 container_writes_seed0=0
E7RESULT name=grid arm=first_fit load=uniform metadata_blocks=9 runs_median=8186 empty_segments_median=30 write_amp=1.000 fallback_pct=0.0 container_writes_seed0=0
E7RESULT name=grid arm=first_fit load=runs8 metadata_blocks=0 runs_median=7997 empty_segments_median=31 write_amp=1.000 fallback_pct=0.0 container_writes_seed0=0
E7RESULT name=grid arm=first_fit load=runs8 metadata_blocks=4 runs_median=7994 empty_segments_median=30 write_amp=1.000 fallback_pct=0.0 container_writes_seed0=0
E7RESULT name=grid arm=first_fit load=runs8 metadata_blocks=9 runs_median=7995 empty_segments_median=30 write_amp=1.000 fallback_pct=0.0 container_writes_seed0=0
E7RESULT name=grid arm=bump_seg load=uniform metadata_blocks=0 runs_median=8186 empty_segments_median=0 write_amp=1.000 fallback_pct=93.5 container_writes_seed0=0
E7RESULT name=grid arm=bump_seg load=uniform metadata_blocks=4 runs_median=8188 empty_segments_median=0 write_amp=1.000 fallback_pct=93.6 container_writes_seed0=0
E7RESULT name=grid arm=bump_seg load=uniform metadata_blocks=9 runs_median=8186 empty_segments_median=0 write_amp=1.000 fallback_pct=94.2 container_writes_seed0=0
E7RESULT name=grid arm=bump_seg load=runs8 metadata_blocks=0 runs_median=7312 empty_segments_median=0 write_amp=1.000 fallback_pct=92.0 container_writes_seed0=0
E7RESULT name=grid arm=bump_seg load=runs8 metadata_blocks=4 runs_median=7364 empty_segments_median=0 write_amp=1.000 fallback_pct=92.4 container_writes_seed0=0
E7RESULT name=grid arm=bump_seg load=runs8 metadata_blocks=9 runs_median=7371 empty_segments_median=0 write_amp=1.000 fallback_pct=93.1 container_writes_seed0=0
E7RESULT name=grid arm=arrival load=uniform metadata_blocks=0 runs_median=8190 empty_segments_median=0 write_amp=1.000 fallback_pct=93.2 container_writes_seed0=0
E7RESULT name=grid arm=arrival load=uniform metadata_blocks=4 runs_median=8191 empty_segments_median=0 write_amp=1.000 fallback_pct=93.6 container_writes_seed0=0
E7RESULT name=grid arm=arrival load=uniform metadata_blocks=9 runs_median=8191 empty_segments_median=0 write_amp=1.000 fallback_pct=94.1 container_writes_seed0=0
E7RESULT name=grid arm=arrival load=runs8 metadata_blocks=0 runs_median=8183 empty_segments_median=0 write_amp=1.000 fallback_pct=92.3 container_writes_seed0=0
E7RESULT name=grid arm=arrival load=runs8 metadata_blocks=4 runs_median=8181 empty_segments_median=0 write_amp=1.000 fallback_pct=92.8 container_writes_seed0=0
E7RESULT name=grid arm=arrival load=runs8 metadata_blocks=9 runs_median=8183 empty_segments_median=0 write_amp=1.000 fallback_pct=93.4 container_writes_seed0=0
E7RESULT name=grid arm=container_k16 load=uniform metadata_blocks=0 runs_median=6769 empty_segments_median=0 write_amp=1.059 fallback_pct=80.8 container_writes_seed0=7509
E7RESULT name=grid arm=container_k16 load=uniform metadata_blocks=4 runs_median=6773 empty_segments_median=0 write_amp=1.059 fallback_pct=82.2 container_writes_seed0=7509
E7RESULT name=grid arm=container_k16 load=uniform metadata_blocks=9 runs_median=6771 empty_segments_median=0 write_amp=1.059 fallback_pct=83.3 container_writes_seed0=7509
E7RESULT name=grid arm=container_k16 load=runs8 metadata_blocks=0 runs_median=3602 empty_segments_median=0 write_amp=1.071 fallback_pct=69.6 container_writes_seed0=9067
E7RESULT name=grid arm=container_k16 load=runs8 metadata_blocks=4 runs_median=3692 empty_segments_median=0 write_amp=1.071 fallback_pct=70.5 container_writes_seed0=9067
E7RESULT name=grid arm=container_k16 load=runs8 metadata_blocks=9 runs_median=3779 empty_segments_median=0 write_amp=1.071 fallback_pct=72.3 container_writes_seed0=9067
E7RESULT name=grid arm=container_k64 load=uniform metadata_blocks=0 runs_median=7946 empty_segments_median=0 write_amp=1.010 fallback_pct=91.7 container_writes_seed0=1266
E7RESULT name=grid arm=container_k64 load=uniform metadata_blocks=4 runs_median=7941 empty_segments_median=0 write_amp=1.010 fallback_pct=92.3 container_writes_seed0=1266
E7RESULT name=grid arm=container_k64 load=uniform metadata_blocks=9 runs_median=7941 empty_segments_median=0 write_amp=1.010 fallback_pct=92.7 container_writes_seed0=1266
E7RESULT name=grid arm=container_k64 load=runs8 metadata_blocks=0 runs_median=4908 empty_segments_median=0 write_amp=1.042 fallback_pct=77.6 container_writes_seed0=5370
E7RESULT name=grid arm=container_k64 load=runs8 metadata_blocks=4 runs_median=4905 empty_segments_median=0 write_amp=1.042 fallback_pct=78.9 container_writes_seed0=5370
E7RESULT name=grid arm=container_k64 load=runs8 metadata_blocks=9 runs_median=5030 empty_segments_median=0 write_amp=1.042 fallback_pct=80.6 container_writes_seed0=5370
E7RESULT name=grid arm=bump_nb_r1 load=uniform metadata_blocks=0 runs_median=5497 empty_segments_median=1 write_amp=2.977 fallback_pct=35.3 container_writes_seed0=0
E7RESULT name=grid arm=bump_nb_r1 load=runs8 metadata_blocks=0 runs_median=5181 empty_segments_median=1 write_amp=1.250 fallback_pct=57.1 container_writes_seed0=0
E7RESULT name=grid arm=bump_nb_r2 load=uniform metadata_blocks=0 runs_median=5460 empty_segments_median=1 write_amp=4.923 fallback_pct=55.3 container_writes_seed0=0
E7RESULT name=grid arm=bump_nb_r2 load=runs8 metadata_blocks=0 runs_median=5111 empty_segments_median=1 write_amp=1.499 fallback_pct=59.2 container_writes_seed0=0
E7RESULT name=grid arm=bump_cp_b32 load=uniform metadata_blocks=0 runs_median=7502 empty_segments_median=0 write_amp=1.500 fallback_pct=88.1 container_writes_seed0=0
E7RESULT name=grid arm=bump_cp_b32 load=runs8 metadata_blocks=0 runs_median=6073 empty_segments_median=0 write_amp=1.500 fallback_pct=83.7 container_writes_seed0=0
E7RESULT name=grid arm=bump_cp_b128 load=uniform metadata_blocks=0 runs_median=6095 empty_segments_median=0 write_amp=3.000 fallback_pct=73.5 container_writes_seed0=0
E7RESULT name=grid arm=bump_cp_b128 load=runs8 metadata_blocks=0 runs_median=3922 empty_segments_median=0 write_amp=3.000 fallback_pct=65.1 container_writes_seed0=0
E7RESULT name=grid arm=bump_cp_b256 load=uniform metadata_blocks=0 runs_median=4791 empty_segments_median=2 write_amp=5.000 fallback_pct=49.6 container_writes_seed0=0
E7RESULT name=grid arm=bump_cp_b256 load=runs8 metadata_blocks=0 runs_median=1339 empty_segments_median=3 write_amp=5.000 fallback_pct=31.4 container_writes_seed0=0
E7RESULT name=verdict_arrival load=uniform metadata_blocks=0 bump_runs=8186 arrival_runs=8190 tied_within_5pct=true bump_empty_segments=0 arrival_empty_segments=0 bump_fallback_pct=93.5
E7RESULT name=verdict_container load=uniform metadata_blocks=0 hysteresis=16 bump_runs=8186 container_runs=6769 container_empty_segments=0 bump_empty_segments=0
E7RESULT name=verdict_container load=uniform metadata_blocks=0 hysteresis=64 bump_runs=8186 container_runs=7946 container_empty_segments=0 bump_empty_segments=0
E7RESULT name=verdict_arrival load=uniform metadata_blocks=4 bump_runs=8188 arrival_runs=8191 tied_within_5pct=true bump_empty_segments=0 arrival_empty_segments=0 bump_fallback_pct=93.6
E7RESULT name=verdict_container load=uniform metadata_blocks=4 hysteresis=16 bump_runs=8188 container_runs=6773 container_empty_segments=0 bump_empty_segments=0
E7RESULT name=verdict_container load=uniform metadata_blocks=4 hysteresis=64 bump_runs=8188 container_runs=7941 container_empty_segments=0 bump_empty_segments=0
E7RESULT name=verdict_arrival load=uniform metadata_blocks=9 bump_runs=8186 arrival_runs=8191 tied_within_5pct=true bump_empty_segments=0 arrival_empty_segments=0 bump_fallback_pct=94.2
E7RESULT name=verdict_container load=uniform metadata_blocks=9 hysteresis=16 bump_runs=8186 container_runs=6771 container_empty_segments=0 bump_empty_segments=0
E7RESULT name=verdict_container load=uniform metadata_blocks=9 hysteresis=64 bump_runs=8186 container_runs=7941 container_empty_segments=0 bump_empty_segments=0
E7RESULT name=verdict_arrival load=runs8 metadata_blocks=0 bump_runs=7312 arrival_runs=8183 tied_within_5pct=false bump_empty_segments=0 arrival_empty_segments=0 bump_fallback_pct=92.0
E7RESULT name=verdict_container load=runs8 metadata_blocks=0 hysteresis=16 bump_runs=7312 container_runs=3602 container_empty_segments=0 bump_empty_segments=0
E7RESULT name=verdict_container load=runs8 metadata_blocks=0 hysteresis=64 bump_runs=7312 container_runs=4908 container_empty_segments=0 bump_empty_segments=0
E7RESULT name=verdict_arrival load=runs8 metadata_blocks=4 bump_runs=7364 arrival_runs=8181 tied_within_5pct=false bump_empty_segments=0 arrival_empty_segments=0 bump_fallback_pct=92.4
E7RESULT name=verdict_container load=runs8 metadata_blocks=4 hysteresis=16 bump_runs=7364 container_runs=3692 container_empty_segments=0 bump_empty_segments=0
E7RESULT name=verdict_container load=runs8 metadata_blocks=4 hysteresis=64 bump_runs=7364 container_runs=4905 container_empty_segments=0 bump_empty_segments=0
E7RESULT name=verdict_arrival load=runs8 metadata_blocks=9 bump_runs=7371 arrival_runs=8183 tied_within_5pct=false bump_empty_segments=0 arrival_empty_segments=0 bump_fallback_pct=93.1
E7RESULT name=verdict_container load=runs8 metadata_blocks=9 hysteresis=16 bump_runs=7371 container_runs=3779 container_empty_segments=0 bump_empty_segments=0
E7RESULT name=verdict_container load=runs8 metadata_blocks=9 hysteresis=64 bump_runs=7371 container_runs=5030 container_empty_segments=0 bump_empty_segments=0
E7RESULT name=answer arrival_ties_bump_in_every_cell=false any_container_cell_has_empty_segments=false criterion=E151_6
E7RESULT name=done emitted=86
