E7RESULT name=config l=8192 s=10240 g=64 d=64 t=2000 model=counting file_ops=0 seeds=5 container_capacity=7 pack_sweep=64 hysteresis=16,64 metadata_blocks=0,4,9 tie_percent=5
E7RESULT name=anchor bump_slots=[0, 8, 2, 9, 4, 10, 6, 11] arrival_slots=[0, 9, 2, 11, 4, 8, 6, 10] bump_runs=8 arrival_runs=8 container_runs=2 container_writes=1
E7RESULT name=control arm=first_fit scatter_runs=8192 compact_runs=1
E7RESULT name=control arm=bump_seg scatter_runs=8192 compact_runs=1
E7RESULT name=control arm=arrival scatter_runs=8192 compact_runs=1
E7RESULT name=control arm=arrival_by_request scatter_runs=8192 compact_runs=1
E7RESULT name=control arm=container_k16 scatter_runs=8192 compact_runs=1
E7RESULT name=control arm=container_k64 scatter_runs=8192 compact_runs=1
E7RESULT name=control arm=container_firstfit_k16 scatter_runs=8192 compact_runs=1
E7RESULT name=control arm=container_firstfit_k64 scatter_runs=8192 compact_runs=1
E7RESULT name=control arm=bump_nb_r1 scatter_runs=8192 compact_runs=1
E7RESULT name=control arm=bump_nb_r2 scatter_runs=8192 compact_runs=1
E7RESULT name=control arm=bump_cp_b32 scatter_runs=8192 compact_runs=1
E7RESULT name=control arm=bump_cp_b128 scatter_runs=8192 compact_runs=1
E7RESULT name=control arm=bump_cp_b256 scatter_runs=8192 compact_runs=1
E7RESULT name=xfixture arm=first_fit load=uniform median=8186 e93_stored=8186
E7RESULT name=xfixture arm=first_fit load=runs8 median=7997 e93_stored=7997
E7RESULT name=xfixture arm=bump_seg load=uniform median=8186 e93_stored=8186
E7RESULT name=xfixture arm=bump_seg load=runs8 median=7312 e93_stored=7312
E7RESULT name=xfixture arm=bump_nb_r1 load=uniform median=5497 e93_stored=5497
E7RESULT name=xfixture arm=bump_nb_r1 load=runs8 median=5181 e93_stored=5181
E7RESULT name=xfixture arm=bump_nb_r2 load=uniform median=5460 e93_stored=5460
E7RESULT name=xfixture arm=bump_nb_r2 load=runs8 median=5111 e93_stored=5111
E7RESULT name=xfixture arm=bump_cp_b32 load=uniform median=7502 e93_stored=7502
E7RESULT name=xfixture arm=bump_cp_b32 load=runs8 median=6073 e93_stored=6073
E7RESULT name=xfixture arm=bump_cp_b128 load=uniform median=6095 e93_stored=6095
E7RESULT name=xfixture arm=bump_cp_b128 load=runs8 median=3922 e93_stored=3922
E7RESULT name=xfixture arm=bump_cp_b256 load=uniform median=4791 e93_stored=4791
E7RESULT name=xfixture arm=bump_cp_b256 load=runs8 median=1339 e93_stored=1339
E7RESULT name=grid arm=first_fit load=uniform metadata_blocks=0 runs_median=8186 empty_segments_median=31 empty_peak_after_drain_median=0 drained_at_seed0=never rounds_with_empty_after_drain_seed0=0 write_amp=1.000 fallback_pct=0.0 metadata_fallback_seed0=0 container_writes_seed0=0
E7RESULT name=grid arm=first_fit load=uniform metadata_blocks=4 runs_median=8186 empty_segments_median=30 empty_peak_after_drain_median=0 drained_at_seed0=never rounds_with_empty_after_drain_seed0=0 write_amp=1.000 fallback_pct=0.0 metadata_fallback_seed0=0 container_writes_seed0=0
E7RESULT name=grid arm=first_fit load=uniform metadata_blocks=9 runs_median=8186 empty_segments_median=30 empty_peak_after_drain_median=0 drained_at_seed0=never rounds_with_empty_after_drain_seed0=0 write_amp=1.000 fallback_pct=0.0 metadata_fallback_seed0=0 container_writes_seed0=0
E7RESULT name=grid arm=first_fit load=runs8 metadata_blocks=0 runs_median=7997 empty_segments_median=31 empty_peak_after_drain_median=0 drained_at_seed0=never rounds_with_empty_after_drain_seed0=0 write_amp=1.000 fallback_pct=0.0 metadata_fallback_seed0=0 container_writes_seed0=0
E7RESULT name=grid arm=first_fit load=runs8 metadata_blocks=4 runs_median=7994 empty_segments_median=30 empty_peak_after_drain_median=0 drained_at_seed0=never rounds_with_empty_after_drain_seed0=0 write_amp=1.000 fallback_pct=0.0 metadata_fallback_seed0=0 container_writes_seed0=0
E7RESULT name=grid arm=first_fit load=runs8 metadata_blocks=9 runs_median=7995 empty_segments_median=30 empty_peak_after_drain_median=0 drained_at_seed0=never rounds_with_empty_after_drain_seed0=0 write_amp=1.000 fallback_pct=0.0 metadata_fallback_seed0=0 container_writes_seed0=0
E7RESULT name=grid arm=bump_seg load=uniform metadata_blocks=0 runs_median=8186 empty_segments_median=0 empty_peak_after_drain_median=2 drained_at_seed0=32 rounds_with_empty_after_drain_seed0=97 write_amp=1.000 fallback_pct=93.5 metadata_fallback_seed0=0 container_writes_seed0=0
E7RESULT name=grid arm=bump_seg load=uniform metadata_blocks=4 runs_median=8188 empty_segments_median=0 empty_peak_after_drain_median=2 drained_at_seed0=30 rounds_with_empty_after_drain_seed0=101 write_amp=1.000 fallback_pct=93.6 metadata_fallback_seed0=7464 container_writes_seed0=0
E7RESULT name=grid arm=bump_seg load=uniform metadata_blocks=9 runs_median=8186 empty_segments_median=0 empty_peak_after_drain_median=2 drained_at_seed0=28 rounds_with_empty_after_drain_seed0=98 write_amp=1.000 fallback_pct=94.2 metadata_fallback_seed0=16835 container_writes_seed0=0
E7RESULT name=grid arm=bump_seg load=runs8 metadata_blocks=0 runs_median=7312 empty_segments_median=0 empty_peak_after_drain_median=2 drained_at_seed0=32 rounds_with_empty_after_drain_seed0=128 write_amp=1.000 fallback_pct=92.0 metadata_fallback_seed0=0 container_writes_seed0=0
E7RESULT name=grid arm=bump_seg load=runs8 metadata_blocks=4 runs_median=7364 empty_segments_median=0 empty_peak_after_drain_median=2 drained_at_seed0=30 rounds_with_empty_after_drain_seed0=126 write_amp=1.000 fallback_pct=92.4 metadata_fallback_seed0=7356 container_writes_seed0=0
E7RESULT name=grid arm=bump_seg load=runs8 metadata_blocks=9 runs_median=7371 empty_segments_median=0 empty_peak_after_drain_median=2 drained_at_seed0=28 rounds_with_empty_after_drain_seed0=122 write_amp=1.000 fallback_pct=93.1 metadata_fallback_seed0=16619 container_writes_seed0=0
E7RESULT name=grid arm=arrival load=uniform metadata_blocks=0 runs_median=8190 empty_segments_median=0 empty_peak_after_drain_median=2 drained_at_seed0=32 rounds_with_empty_after_drain_seed0=105 write_amp=1.000 fallback_pct=93.2 metadata_fallback_seed0=0 container_writes_seed0=0
E7RESULT name=grid arm=arrival load=uniform metadata_blocks=4 runs_median=8191 empty_segments_median=0 empty_peak_after_drain_median=2 drained_at_seed0=30 rounds_with_empty_after_drain_seed0=103 write_amp=1.000 fallback_pct=93.6 metadata_fallback_seed0=7464 container_writes_seed0=0
E7RESULT name=grid arm=arrival load=uniform metadata_blocks=9 runs_median=8191 empty_segments_median=0 empty_peak_after_drain_median=2 drained_at_seed0=28 rounds_with_empty_after_drain_seed0=101 write_amp=1.000 fallback_pct=94.1 metadata_fallback_seed0=16817 container_writes_seed0=0
E7RESULT name=grid arm=arrival load=runs8 metadata_blocks=0 runs_median=8183 empty_segments_median=0 empty_peak_after_drain_median=2 drained_at_seed0=32 rounds_with_empty_after_drain_seed0=121 write_amp=1.000 fallback_pct=92.3 metadata_fallback_seed0=0 container_writes_seed0=0
E7RESULT name=grid arm=arrival load=runs8 metadata_blocks=4 runs_median=8181 empty_segments_median=0 empty_peak_after_drain_median=2 drained_at_seed0=30 rounds_with_empty_after_drain_seed0=120 write_amp=1.000 fallback_pct=92.8 metadata_fallback_seed0=7388 container_writes_seed0=0
E7RESULT name=grid arm=arrival load=runs8 metadata_blocks=9 runs_median=8183 empty_segments_median=0 empty_peak_after_drain_median=2 drained_at_seed0=28 rounds_with_empty_after_drain_seed0=116 write_amp=1.000 fallback_pct=93.4 metadata_fallback_seed0=16673 container_writes_seed0=0
E7RESULT name=grid arm=arrival_by_request load=uniform metadata_blocks=0 runs_median=8189 empty_segments_median=0 empty_peak_after_drain_median=2 drained_at_seed0=32 rounds_with_empty_after_drain_seed0=101 write_amp=1.000 fallback_pct=93.3 metadata_fallback_seed0=0 container_writes_seed0=0
E7RESULT name=grid arm=arrival_by_request load=uniform metadata_blocks=4 runs_median=8189 empty_segments_median=0 empty_peak_after_drain_median=2 drained_at_seed0=30 rounds_with_empty_after_drain_seed0=96 write_amp=1.000 fallback_pct=93.9 metadata_fallback_seed0=7488 container_writes_seed0=0
E7RESULT name=grid arm=arrival_by_request load=uniform metadata_blocks=9 runs_median=8188 empty_segments_median=0 empty_peak_after_drain_median=2 drained_at_seed0=28 rounds_with_empty_after_drain_seed0=98 write_amp=1.000 fallback_pct=94.2 metadata_fallback_seed0=16835 container_writes_seed0=0
E7RESULT name=grid arm=arrival_by_request load=runs8 metadata_blocks=0 runs_median=7270 empty_segments_median=0 empty_peak_after_drain_median=2 drained_at_seed0=32 rounds_with_empty_after_drain_seed0=131 write_amp=1.000 fallback_pct=91.8 metadata_fallback_seed0=0 container_writes_seed0=0
E7RESULT name=grid arm=arrival_by_request load=runs8 metadata_blocks=4 runs_median=7335 empty_segments_median=0 empty_peak_after_drain_median=2 drained_at_seed0=30 rounds_with_empty_after_drain_seed0=118 write_amp=1.000 fallback_pct=92.7 metadata_fallback_seed0=7384 container_writes_seed0=0
E7RESULT name=grid arm=arrival_by_request load=runs8 metadata_blocks=9 runs_median=7347 empty_segments_median=0 empty_peak_after_drain_median=2 drained_at_seed0=28 rounds_with_empty_after_drain_seed0=125 write_amp=1.000 fallback_pct=92.9 metadata_fallback_seed0=16574 container_writes_seed0=0
E7RESULT name=grid arm=container_k16 load=uniform metadata_blocks=0 runs_median=6769 empty_segments_median=0 empty_peak_after_drain_median=3 drained_at_seed0=30 rounds_with_empty_after_drain_seed0=342 write_amp=1.059 fallback_pct=80.8 metadata_fallback_seed0=0 container_writes_seed0=7509
E7RESULT name=grid arm=container_k16 load=uniform metadata_blocks=4 runs_median=6773 empty_segments_median=0 empty_peak_after_drain_median=3 drained_at_seed0=29 rounds_with_empty_after_drain_seed0=329 write_amp=1.059 fallback_pct=82.2 metadata_fallback_seed0=6408 container_writes_seed0=7509
E7RESULT name=grid arm=container_k16 load=uniform metadata_blocks=9 runs_median=6771 empty_segments_median=0 empty_peak_after_drain_median=3 drained_at_seed0=27 rounds_with_empty_after_drain_seed0=336 write_amp=1.059 fallback_pct=83.3 metadata_fallback_seed0=14427 container_writes_seed0=7509
E7RESULT name=grid arm=container_k16 load=runs8 metadata_blocks=0 runs_median=3602 empty_segments_median=0 empty_peak_after_drain_median=4 drained_at_seed0=32 rounds_with_empty_after_drain_seed0=537 write_amp=1.071 fallback_pct=69.6 metadata_fallback_seed0=0 container_writes_seed0=9067
E7RESULT name=grid arm=container_k16 load=runs8 metadata_blocks=4 runs_median=3692 empty_segments_median=0 empty_peak_after_drain_median=3 drained_at_seed0=30 rounds_with_empty_after_drain_seed0=557 write_amp=1.071 fallback_pct=70.5 metadata_fallback_seed0=5340 container_writes_seed0=9067
E7RESULT name=grid arm=container_k16 load=runs8 metadata_blocks=9 runs_median=3779 empty_segments_median=0 empty_peak_after_drain_median=4 drained_at_seed0=28 rounds_with_empty_after_drain_seed0=561 write_amp=1.071 fallback_pct=72.3 metadata_fallback_seed0=12026 container_writes_seed0=9067
E7RESULT name=grid arm=container_k64 load=uniform metadata_blocks=0 runs_median=7946 empty_segments_median=0 empty_peak_after_drain_median=2 drained_at_seed0=32 rounds_with_empty_after_drain_seed0=132 write_amp=1.010 fallback_pct=91.7 metadata_fallback_seed0=0 container_writes_seed0=1266
E7RESULT name=grid arm=container_k64 load=uniform metadata_blocks=4 runs_median=7941 empty_segments_median=0 empty_peak_after_drain_median=2 drained_at_seed0=30 rounds_with_empty_after_drain_seed0=128 write_amp=1.010 fallback_pct=92.3 metadata_fallback_seed0=7340 container_writes_seed0=1266
E7RESULT name=grid arm=container_k64 load=uniform metadata_blocks=9 runs_median=7941 empty_segments_median=0 empty_peak_after_drain_median=2 drained_at_seed0=28 rounds_with_empty_after_drain_seed0=132 write_amp=1.010 fallback_pct=92.7 metadata_fallback_seed0=16520 container_writes_seed0=1266
E7RESULT name=grid arm=container_k64 load=runs8 metadata_blocks=0 runs_median=4908 empty_segments_median=0 empty_peak_after_drain_median=3 drained_at_seed0=32 rounds_with_empty_after_drain_seed0=387 write_amp=1.042 fallback_pct=77.6 metadata_fallback_seed0=0 container_writes_seed0=5370
E7RESULT name=grid arm=container_k64 load=runs8 metadata_blocks=4 runs_median=4905 empty_segments_median=0 empty_peak_after_drain_median=3 drained_at_seed0=30 rounds_with_empty_after_drain_seed0=388 write_amp=1.042 fallback_pct=78.9 metadata_fallback_seed0=6140 container_writes_seed0=5370
E7RESULT name=grid arm=container_k64 load=runs8 metadata_blocks=9 runs_median=5030 empty_segments_median=0 empty_peak_after_drain_median=3 drained_at_seed0=28 rounds_with_empty_after_drain_seed0=374 write_amp=1.042 fallback_pct=80.6 metadata_fallback_seed0=13916 container_writes_seed0=5370
E7RESULT name=grid arm=container_firstfit_k16 load=uniform metadata_blocks=0 runs_median=6723 empty_segments_median=41 empty_peak_after_drain_median=0 drained_at_seed0=never rounds_with_empty_after_drain_seed0=0 write_amp=1.059 fallback_pct=0.0 metadata_fallback_seed0=0 container_writes_seed0=7509
E7RESULT name=grid arm=container_firstfit_k16 load=uniform metadata_blocks=4 runs_median=6722 empty_segments_median=10 empty_peak_after_drain_median=0 drained_at_seed0=never rounds_with_empty_after_drain_seed0=0 write_amp=1.059 fallback_pct=0.0 metadata_fallback_seed0=0 container_writes_seed0=7509
E7RESULT name=grid arm=container_firstfit_k16 load=uniform metadata_blocks=9 runs_median=6727 empty_segments_median=0 empty_peak_after_drain_median=7 drained_at_seed0=152 rounds_with_empty_after_drain_seed0=789 write_amp=1.059 fallback_pct=4.6 metadata_fallback_seed0=4855 container_writes_seed0=7509
E7RESULT name=grid arm=container_firstfit_k16 load=runs8 metadata_blocks=0 runs_median=4639 empty_segments_median=40 empty_peak_after_drain_median=0 drained_at_seed0=never rounds_with_empty_after_drain_seed0=0 write_amp=1.071 fallback_pct=0.0 metadata_fallback_seed0=0 container_writes_seed0=9067
E7RESULT name=grid arm=container_firstfit_k16 load=runs8 metadata_blocks=4 runs_median=4640 empty_segments_median=7 empty_peak_after_drain_median=0 drained_at_seed0=never rounds_with_empty_after_drain_seed0=0 write_amp=1.071 fallback_pct=0.0 metadata_fallback_seed0=0 container_writes_seed0=9067
E7RESULT name=grid arm=container_firstfit_k16 load=runs8 metadata_blocks=9 runs_median=4726 empty_segments_median=2 empty_peak_after_drain_median=5 drained_at_seed0=424 rounds_with_empty_after_drain_seed0=677 write_amp=1.071 fallback_pct=4.4 metadata_fallback_seed0=4399 container_writes_seed0=9067
E7RESULT name=grid arm=container_firstfit_k64 load=uniform metadata_blocks=0 runs_median=7944 empty_segments_median=30 empty_peak_after_drain_median=0 drained_at_seed0=never rounds_with_empty_after_drain_seed0=0 write_amp=1.010 fallback_pct=0.0 metadata_fallback_seed0=0 container_writes_seed0=1266
E7RESULT name=grid arm=container_firstfit_k64 load=uniform metadata_blocks=4 runs_median=7941 empty_segments_median=1 empty_peak_after_drain_median=6 drained_at_seed0=477 rounds_with_empty_after_drain_seed0=966 write_amp=1.010 fallback_pct=0.6 metadata_fallback_seed0=674 container_writes_seed0=1266
E7RESULT name=grid arm=container_firstfit_k64 load=uniform metadata_blocks=9 runs_median=7941 empty_segments_median=0 empty_peak_after_drain_median=4 drained_at_seed0=255 rounds_with_empty_after_drain_seed0=352 write_amp=1.010 fallback_pct=5.8 metadata_fallback_seed0=7955 container_writes_seed0=1266
E7RESULT name=grid arm=container_firstfit_k64 load=runs8 metadata_blocks=0 runs_median=5919 empty_segments_median=37 empty_peak_after_drain_median=0 drained_at_seed0=never rounds_with_empty_after_drain_seed0=0 write_amp=1.042 fallback_pct=0.0 metadata_fallback_seed0=0 container_writes_seed0=5370
E7RESULT name=grid arm=container_firstfit_k64 load=runs8 metadata_blocks=4 runs_median=5916 empty_segments_median=7 empty_peak_after_drain_median=8 drained_at_seed0=1178 rounds_with_empty_after_drain_seed0=756 write_amp=1.042 fallback_pct=0.1 metadata_fallback_seed0=52 container_writes_seed0=5370
E7RESULT name=grid arm=container_firstfit_k64 load=runs8 metadata_blocks=9 runs_median=6002 empty_segments_median=0 empty_peak_after_drain_median=6 drained_at_seed0=309 rounds_with_empty_after_drain_seed0=595 write_amp=1.042 fallback_pct=4.8 metadata_fallback_seed0=5508 container_writes_seed0=5370
E7RESULT name=grid arm=bump_nb_r1 load=uniform metadata_blocks=0 runs_median=5497 empty_segments_median=1 empty_peak_after_drain_median=1 drained_at_seed0=11 rounds_with_empty_after_drain_seed0=1753 write_amp=2.977 fallback_pct=35.3 metadata_fallback_seed0=0 container_writes_seed0=0
E7RESULT name=grid arm=bump_nb_r1 load=runs8 metadata_blocks=0 runs_median=5181 empty_segments_median=1 empty_peak_after_drain_median=1 drained_at_seed0=24 rounds_with_empty_after_drain_seed0=1646 write_amp=1.250 fallback_pct=57.1 metadata_fallback_seed0=0 container_writes_seed0=0
E7RESULT name=grid arm=bump_nb_r2 load=uniform metadata_blocks=0 runs_median=5460 empty_segments_median=1 empty_peak_after_drain_median=1 drained_at_seed0=6 rounds_with_empty_after_drain_seed0=1889 write_amp=4.923 fallback_pct=55.3 metadata_fallback_seed0=0 container_writes_seed0=0
E7RESULT name=grid arm=bump_nb_r2 load=runs8 metadata_blocks=0 runs_median=5111 empty_segments_median=1 empty_peak_after_drain_median=1 drained_at_seed0=20 rounds_with_empty_after_drain_seed0=1621 write_amp=1.499 fallback_pct=59.2 metadata_fallback_seed0=0 container_writes_seed0=0
E7RESULT name=grid arm=bump_cp_b32 load=uniform metadata_blocks=0 runs_median=7502 empty_segments_median=0 empty_peak_after_drain_median=1 drained_at_seed0=31 rounds_with_empty_after_drain_seed0=7 write_amp=1.500 fallback_pct=88.1 metadata_fallback_seed0=0 container_writes_seed0=0
E7RESULT name=grid arm=bump_cp_b32 load=runs8 metadata_blocks=0 runs_median=6073 empty_segments_median=0 empty_peak_after_drain_median=1 drained_at_seed0=31 rounds_with_empty_after_drain_seed0=3 write_amp=1.500 fallback_pct=83.7 metadata_fallback_seed0=0 container_writes_seed0=0
E7RESULT name=grid arm=bump_cp_b128 load=uniform metadata_blocks=0 runs_median=6095 empty_segments_median=0 empty_peak_after_drain_median=6 drained_at_seed0=95 rounds_with_empty_after_drain_seed0=614 write_amp=3.000 fallback_pct=73.5 metadata_fallback_seed0=0 container_writes_seed0=0
E7RESULT name=grid arm=bump_cp_b128 load=runs8 metadata_blocks=0 runs_median=3922 empty_segments_median=0 empty_peak_after_drain_median=5 drained_at_seed0=95 rounds_with_empty_after_drain_seed0=948 write_amp=3.000 fallback_pct=65.1 metadata_fallback_seed0=0 container_writes_seed0=0
E7RESULT name=grid arm=bump_cp_b256 load=uniform metadata_blocks=0 runs_median=4791 empty_segments_median=2 empty_peak_after_drain_median=7 drained_at_seed0=72 rounds_with_empty_after_drain_seed0=1546 write_amp=5.000 fallback_pct=49.6 metadata_fallback_seed0=0 container_writes_seed0=0
E7RESULT name=grid arm=bump_cp_b256 load=runs8 metadata_blocks=0 runs_median=1339 empty_segments_median=3 empty_peak_after_drain_median=9 drained_at_seed0=68 rounds_with_empty_after_drain_seed0=1812 write_amp=5.000 fallback_pct=31.4 metadata_fallback_seed0=0 container_writes_seed0=0
E7RESULT name=verdict_arrival load=uniform metadata_blocks=0 bump_runs=8186 arrival_runs=8190 tied_within_5pct=true arrival_by_request_runs=8189 by_request_tied_within_5pct=true first_fit_runs=8186 bump_empty_segments=0 arrival_empty_segments=0 first_fit_empty_segments=31 first_fit_empty_peak_after_drain=0 bump_fallback_pct=93.5 bump_metadata_fallback=0 first_fit_metadata_fallback=0
E7RESULT name=verdict_container load=uniform metadata_blocks=0 hysteresis=16 bump_runs=8186 container_runs=6769 container_empty_segments=0 container_empty_peak_after_drain=3 container_firstfit_runs=6723 container_firstfit_empty_segments=41 container_firstfit_empty_peak_after_drain=0 bump_empty_segments=0
E7RESULT name=verdict_container load=uniform metadata_blocks=0 hysteresis=64 bump_runs=8186 container_runs=7946 container_empty_segments=0 container_empty_peak_after_drain=2 container_firstfit_runs=7944 container_firstfit_empty_segments=30 container_firstfit_empty_peak_after_drain=0 bump_empty_segments=0
E7RESULT name=verdict_arrival load=uniform metadata_blocks=4 bump_runs=8188 arrival_runs=8191 tied_within_5pct=true arrival_by_request_runs=8189 by_request_tied_within_5pct=true first_fit_runs=8186 bump_empty_segments=0 arrival_empty_segments=0 first_fit_empty_segments=30 first_fit_empty_peak_after_drain=0 bump_fallback_pct=93.6 bump_metadata_fallback=7464 first_fit_metadata_fallback=0
E7RESULT name=verdict_container load=uniform metadata_blocks=4 hysteresis=16 bump_runs=8188 container_runs=6773 container_empty_segments=0 container_empty_peak_after_drain=3 container_firstfit_runs=6722 container_firstfit_empty_segments=10 container_firstfit_empty_peak_after_drain=0 bump_empty_segments=0
E7RESULT name=verdict_container load=uniform metadata_blocks=4 hysteresis=64 bump_runs=8188 container_runs=7941 container_empty_segments=0 container_empty_peak_after_drain=2 container_firstfit_runs=7941 container_firstfit_empty_segments=1 container_firstfit_empty_peak_after_drain=6 bump_empty_segments=0
E7RESULT name=verdict_arrival load=uniform metadata_blocks=9 bump_runs=8186 arrival_runs=8191 tied_within_5pct=true arrival_by_request_runs=8188 by_request_tied_within_5pct=true first_fit_runs=8186 bump_empty_segments=0 arrival_empty_segments=0 first_fit_empty_segments=30 first_fit_empty_peak_after_drain=0 bump_fallback_pct=94.2 bump_metadata_fallback=16835 first_fit_metadata_fallback=0
E7RESULT name=verdict_container load=uniform metadata_blocks=9 hysteresis=16 bump_runs=8186 container_runs=6771 container_empty_segments=0 container_empty_peak_after_drain=3 container_firstfit_runs=6727 container_firstfit_empty_segments=0 container_firstfit_empty_peak_after_drain=7 bump_empty_segments=0
E7RESULT name=verdict_container load=uniform metadata_blocks=9 hysteresis=64 bump_runs=8186 container_runs=7941 container_empty_segments=0 container_empty_peak_after_drain=2 container_firstfit_runs=7941 container_firstfit_empty_segments=0 container_firstfit_empty_peak_after_drain=4 bump_empty_segments=0
E7RESULT name=verdict_arrival load=runs8 metadata_blocks=0 bump_runs=7312 arrival_runs=8183 tied_within_5pct=false arrival_by_request_runs=7270 by_request_tied_within_5pct=true first_fit_runs=7997 bump_empty_segments=0 arrival_empty_segments=0 first_fit_empty_segments=31 first_fit_empty_peak_after_drain=0 bump_fallback_pct=92.0 bump_metadata_fallback=0 first_fit_metadata_fallback=0
E7RESULT name=verdict_container load=runs8 metadata_blocks=0 hysteresis=16 bump_runs=7312 container_runs=3602 container_empty_segments=0 container_empty_peak_after_drain=4 container_firstfit_runs=4639 container_firstfit_empty_segments=40 container_firstfit_empty_peak_after_drain=0 bump_empty_segments=0
E7RESULT name=verdict_container load=runs8 metadata_blocks=0 hysteresis=64 bump_runs=7312 container_runs=4908 container_empty_segments=0 container_empty_peak_after_drain=3 container_firstfit_runs=5919 container_firstfit_empty_segments=37 container_firstfit_empty_peak_after_drain=0 bump_empty_segments=0
E7RESULT name=verdict_arrival load=runs8 metadata_blocks=4 bump_runs=7364 arrival_runs=8181 tied_within_5pct=false arrival_by_request_runs=7335 by_request_tied_within_5pct=true first_fit_runs=7994 bump_empty_segments=0 arrival_empty_segments=0 first_fit_empty_segments=30 first_fit_empty_peak_after_drain=0 bump_fallback_pct=92.4 bump_metadata_fallback=7356 first_fit_metadata_fallback=0
E7RESULT name=verdict_container load=runs8 metadata_blocks=4 hysteresis=16 bump_runs=7364 container_runs=3692 container_empty_segments=0 container_empty_peak_after_drain=3 container_firstfit_runs=4640 container_firstfit_empty_segments=7 container_firstfit_empty_peak_after_drain=0 bump_empty_segments=0
E7RESULT name=verdict_container load=runs8 metadata_blocks=4 hysteresis=64 bump_runs=7364 container_runs=4905 container_empty_segments=0 container_empty_peak_after_drain=3 container_firstfit_runs=5916 container_firstfit_empty_segments=7 container_firstfit_empty_peak_after_drain=8 bump_empty_segments=0
E7RESULT name=verdict_arrival load=runs8 metadata_blocks=9 bump_runs=7371 arrival_runs=8183 tied_within_5pct=false arrival_by_request_runs=7347 by_request_tied_within_5pct=true first_fit_runs=7995 bump_empty_segments=0 arrival_empty_segments=0 first_fit_empty_segments=30 first_fit_empty_peak_after_drain=0 bump_fallback_pct=93.1 bump_metadata_fallback=16619 first_fit_metadata_fallback=0
E7RESULT name=verdict_container load=runs8 metadata_blocks=9 hysteresis=16 bump_runs=7371 container_runs=3779 container_empty_segments=0 container_empty_peak_after_drain=4 container_firstfit_runs=4726 container_firstfit_empty_segments=2 container_firstfit_empty_peak_after_drain=5 bump_empty_segments=0
E7RESULT name=verdict_container load=runs8 metadata_blocks=9 hysteresis=64 bump_runs=7371 container_runs=5030 container_empty_segments=0 container_empty_peak_after_drain=3 container_firstfit_runs=6002 container_firstfit_empty_segments=0 container_firstfit_empty_peak_after_drain=6 bump_empty_segments=0
E7RESULT name=answer arrival_ties_bump_in_every_cell=false arrival_by_request_ties_bump_in_every_cell=true any_container_cell_has_empty_segments=false any_container_firstfit_cell_has_empty_segments=true criterion=E151_6
E7RESULT name=done emitted=107
