E152RUN_HEADER kernel=6.17.0-1028-oem rounds=5 configurations=singlefs started_jst=2026-09-17T15:39
E152RUN configuration=singlefs round=1 attempt=1 host_load1=2.45 vm_exit=0
E7RESULT name=configuration configuration=singlefs round=1 kernel=6.17.0-1028-oem memory_total=MemTotal:_4008976_kB devices=vda:17179869184,vdb:17179869184
E7RESULT name=singlefs_inner configuration=singlefs round=1 at_nanoseconds=208871 inner=geometry mode=second-transaction physical_block_size=512 minimum_io=512 spacing=4096 write_cache=write_back device_bytes=17179869184
E7RESULT name=singlefs_inner configuration=singlefs round=1 at_nanoseconds=18787870 inner=segments path=mkfs operations=13 segments=4+1+1+1+4 closed_form=34 kinds=[unit_write×4,barrier]|[root_record_fua]|[root_record_fua]|[root_record_fua]|[superblock_slot×4,barrier]
E7RESULT name=singlefs_inner configuration=singlefs round=1 at_nanoseconds=19095101 inner=segments path=instance_acquisition operations=2 segments=2 closed_form=4 kinds=[superblock_slot×2]
E7RESULT name=singlefs_inner configuration=singlefs round=1 at_nanoseconds=19296172 inner=segments path=warm_up operations=14 segments=2+1+2+2+1+2 closed_form=15 kinds=[journal_record×2,barrier×2]|[root_record_fua]|[superblock_slot×2,barrier]|[journal_record×2,barrier]|[root_record_fua]|[superblock_slot×2]
E7RESULT name=singlefs_inner configuration=singlefs round=1 at_nanoseconds=19476063 inner=segments path=transaction operations=23 segments=16+2+1+2 closed_form=65543 kinds=[unit_write×16,barrier]|[journal_record×2,barrier]|[root_record_fua]|[superblock_slot×2]
E7RESULT name=singlefs_inner configuration=singlefs round=1 at_nanoseconds=28692377 inner=segments path=post_mkfs_stream operations=39 segments=2+2+1+2+2+1+18+2+1+2 closed_form=262165 kinds=[superblock_slot×2,barrier]|[journal_record×2,barrier]|[root_record_fua]|[superblock_slot×2,barrier]|[journal_record×2,barrier]|[root_record_fua]|[unit_write×16,superblock_slot×2,barrier]|[journal_record×2,barrier]|[root_record_fua]|[superblock_slot×2]
E7RESULT name=singlefs_inner configuration=singlefs round=1 at_nanoseconds=28992778 inner=device_calls device=0 path=/dev/vda writes=23 written_bytes=251904 force_unit_access_writes=4 barriers=8 skipped_barriers=0 write_ios=35 write_sectors=492 flush_ios=12
E7RESULT name=singlefs_inner configuration=singlefs round=1 at_nanoseconds=29131808 inner=device_calls device=1 path=/dev/vdb writes=21 written_bytes=250880 force_unit_access_writes=2 barriers=8 skipped_barriers=0 write_ios=31 write_sectors=490 flush_ios=10
E7RESULT name=singlefs_inner configuration=singlefs round=1 at_nanoseconds=29280799 inner=transaction policy_mismatches=0 key_order_mismatches=0 root_txg=3 back_chain=628216162
E7RESULT name=singlefs_inner configuration=singlefs round=1 at_nanoseconds=45608280 inner=second_transaction root_txg=4 transaction=2 released=8 nanoseconds=6368614 operations=23 segments=16+2+1+2 closed_form=65543 device_0_writes=10 device_0_written_bytes=172032 device_0_force_unit_access_writes=0 device_0_barriers=2 device_1_writes=11 device_1_written_bytes=172544 device_1_force_unit_access_writes=1 device_1_barriers=2
E7RESULT name=singlefs_inner configuration=singlefs round=1 at_nanoseconds=7765514704 inner=recover_cold outcome=file_read root=1:4 content_matches=true valid_records=4 above_water=0 applied=0 verification_passed=0 mapping_fallbacks=0
E7RESULT name=singlefs_inner configuration=singlefs round=1 at_nanoseconds=7766083857 inner=done emitted=12
E7RESULT name=singlefs_timing configuration=singlefs round=1 write_path_nanoseconds=29071928 second_transaction_nanoseconds=16327481 recovery_nanoseconds=7719906424 second_transaction_writes_both_devices=21 second_transaction_written_bytes_both_devices=344576 second_transaction_barriers_both_devices=4 second_transaction_force_unit_access_writes_both_devices=1 child_exit=0 content_matches=true device_0_read_bytes=805609472 device_0_read_requests=196664 device_0_write_bytes=423936 device_0_write_requests=47 device_0_flush_requests=14 device_1_read_bytes=805371904 device_1_read_requests=196638 device_1_write_bytes=423424 device_1_write_requests=45 device_1_flush_requests=13
E7RESULT name=done emitted=15
E152RUN configuration=singlefs round=2 attempt=1 host_load1=2.38 vm_exit=0
E7RESULT name=configuration configuration=singlefs round=2 kernel=6.17.0-1028-oem memory_total=MemTotal:_4008976_kB devices=vda:17179869184,vdb:17179869184
E7RESULT name=singlefs_inner configuration=singlefs round=2 at_nanoseconds=199600 inner=geometry mode=second-transaction physical_block_size=512 minimum_io=512 spacing=4096 write_cache=write_back device_bytes=17179869184
E7RESULT name=singlefs_inner configuration=singlefs round=2 at_nanoseconds=19555763 inner=segments path=mkfs operations=13 segments=4+1+1+1+4 closed_form=34 kinds=[unit_write×4,barrier]|[root_record_fua]|[root_record_fua]|[root_record_fua]|[superblock_slot×4,barrier]
E7RESULT name=singlefs_inner configuration=singlefs round=2 at_nanoseconds=22327053 inner=segments path=instance_acquisition operations=2 segments=2 closed_form=4 kinds=[superblock_slot×2]
E7RESULT name=singlefs_inner configuration=singlefs round=2 at_nanoseconds=24422621 inner=segments path=warm_up operations=14 segments=2+1+2+2+1+2 closed_form=15 kinds=[journal_record×2,barrier×2]|[root_record_fua]|[superblock_slot×2,barrier]|[journal_record×2,barrier]|[root_record_fua]|[superblock_slot×2]
E7RESULT name=singlefs_inner configuration=singlefs round=2 at_nanoseconds=27652103 inner=segments path=transaction operations=23 segments=16+2+1+2 closed_form=65543 kinds=[unit_write×16,barrier]|[journal_record×2,barrier]|[root_record_fua]|[superblock_slot×2]
E7RESULT name=singlefs_inner configuration=singlefs round=2 at_nanoseconds=30716344 inner=segments path=post_mkfs_stream operations=39 segments=2+2+1+2+2+1+18+2+1+2 closed_form=262165 kinds=[superblock_slot×2,barrier]|[journal_record×2,barrier]|[root_record_fua]|[superblock_slot×2,barrier]|[journal_record×2,barrier]|[root_record_fua]|[unit_write×16,superblock_slot×2,barrier]|[journal_record×2,barrier]|[root_record_fua]|[superblock_slot×2]
E7RESULT name=singlefs_inner configuration=singlefs round=2 at_nanoseconds=35650082 inner=device_calls device=0 path=/dev/vda writes=23 written_bytes=251904 force_unit_access_writes=4 barriers=8 skipped_barriers=0 write_ios=35 write_sectors=492 flush_ios=12
E7RESULT name=singlefs_inner configuration=singlefs round=2 at_nanoseconds=38414092 inner=device_calls device=1 path=/dev/vdb writes=21 written_bytes=250880 force_unit_access_writes=2 barriers=8 skipped_barriers=0 write_ios=31 write_sectors=490 flush_ios=10
E7RESULT name=singlefs_inner configuration=singlefs round=2 at_nanoseconds=41239814 inner=transaction policy_mismatches=0 key_order_mismatches=0 root_txg=3 back_chain=628216162
E7RESULT name=singlefs_inner configuration=singlefs round=2 at_nanoseconds=43231321 inner=second_transaction root_txg=4 transaction=2 released=8 nanoseconds=6608505 operations=23 segments=16+2+1+2 closed_form=65543 device_0_writes=10 device_0_written_bytes=172032 device_0_force_unit_access_writes=0 device_0_barriers=2 device_1_writes=11 device_1_written_bytes=172544 device_1_force_unit_access_writes=1 device_1_barriers=2
E7RESULT name=singlefs_inner configuration=singlefs round=2 at_nanoseconds=7781652215 inner=recover_cold outcome=file_read root=1:4 content_matches=true valid_records=4 above_water=0 applied=0 verification_passed=0 mapping_fallbacks=0
E7RESULT name=singlefs_inner configuration=singlefs round=2 at_nanoseconds=7782017216 inner=done emitted=12
E7RESULT name=singlefs_timing configuration=singlefs round=2 write_path_nanoseconds=41040214 second_transaction_nanoseconds=1991507 recovery_nanoseconds=7738420894 second_transaction_writes_both_devices=21 second_transaction_written_bytes_both_devices=344576 second_transaction_barriers_both_devices=4 second_transaction_force_unit_access_writes_both_devices=1 child_exit=0 content_matches=true device_0_read_bytes=805609472 device_0_read_requests=196664 device_0_write_bytes=423936 device_0_write_requests=47 device_0_flush_requests=14 device_1_read_bytes=805371904 device_1_read_requests=196638 device_1_write_bytes=423424 device_1_write_requests=45 device_1_flush_requests=13
E7RESULT name=done emitted=15
E152RUN configuration=singlefs round=3 attempt=1 host_load1=2.32 vm_exit=0
E7RESULT name=configuration configuration=singlefs round=3 kernel=6.17.0-1028-oem memory_total=MemTotal:_4008976_kB devices=vda:17179869184,vdb:17179869184
E7RESULT name=singlefs_inner configuration=singlefs round=3 at_nanoseconds=212821 inner=geometry mode=second-transaction physical_block_size=512 minimum_io=512 spacing=4096 write_cache=write_back device_bytes=17179869184
E7RESULT name=singlefs_inner configuration=singlefs round=3 at_nanoseconds=19101271 inner=segments path=mkfs operations=13 segments=4+1+1+1+4 closed_form=34 kinds=[unit_write×4,barrier]|[root_record_fua]|[root_record_fua]|[root_record_fua]|[superblock_slot×4,barrier]
E7RESULT name=singlefs_inner configuration=singlefs round=3 at_nanoseconds=21910602 inner=segments path=instance_acquisition operations=2 segments=2 closed_form=4 kinds=[superblock_slot×2]
E7RESULT name=singlefs_inner configuration=singlefs round=3 at_nanoseconds=23955109 inner=segments path=warm_up operations=14 segments=2+1+2+2+1+2 closed_form=15 kinds=[journal_record×2,barrier×2]|[root_record_fua]|[superblock_slot×2,barrier]|[journal_record×2,barrier]|[root_record_fua]|[superblock_slot×2]
E7RESULT name=singlefs_inner configuration=singlefs round=3 at_nanoseconds=27216011 inner=segments path=transaction operations=23 segments=16+2+1+2 closed_form=65543 kinds=[unit_write×16,barrier]|[journal_record×2,barrier]|[root_record_fua]|[superblock_slot×2]
E7RESULT name=singlefs_inner configuration=singlefs round=3 at_nanoseconds=30258353 inner=segments path=post_mkfs_stream operations=39 segments=2+2+1+2+2+1+18+2+1+2 closed_form=262165 kinds=[superblock_slot×2,barrier]|[journal_record×2,barrier]|[root_record_fua]|[superblock_slot×2,barrier]|[journal_record×2,barrier]|[root_record_fua]|[unit_write×16,superblock_slot×2,barrier]|[journal_record×2,barrier]|[root_record_fua]|[superblock_slot×2]
E7RESULT name=singlefs_inner configuration=singlefs round=3 at_nanoseconds=35746803 inner=device_calls device=0 path=/dev/vda writes=23 written_bytes=251904 force_unit_access_writes=4 barriers=8 skipped_barriers=0 write_ios=35 write_sectors=492 flush_ios=12
E7RESULT name=singlefs_inner configuration=singlefs round=3 at_nanoseconds=38718244 inner=device_calls device=1 path=/dev/vdb writes=21 written_bytes=250880 force_unit_access_writes=2 barriers=8 skipped_barriers=0 write_ios=31 write_sectors=490 flush_ios=10
E7RESULT name=singlefs_inner configuration=singlefs round=3 at_nanoseconds=41695695 inner=transaction policy_mismatches=0 key_order_mismatches=0 root_txg=3 back_chain=628216162
E7RESULT name=singlefs_inner configuration=singlefs round=3 at_nanoseconds=43748683 inner=second_transaction root_txg=4 transaction=2 released=8 nanoseconds=6634055 operations=23 segments=16+2+1+2 closed_form=65543 device_0_writes=10 device_0_written_bytes=172032 device_0_force_unit_access_writes=0 device_0_barriers=2 device_1_writes=11 device_1_written_bytes=172544 device_1_force_unit_access_writes=1 device_1_barriers=2
E7RESULT name=singlefs_inner configuration=singlefs round=3 at_nanoseconds=7769586910 inner=recover_cold outcome=file_read root=1:4 content_matches=true valid_records=4 above_water=0 applied=0 verification_passed=0 mapping_fallbacks=0
E7RESULT name=singlefs_inner configuration=singlefs round=3 at_nanoseconds=7771874338 inner=done emitted=12
E7RESULT name=singlefs_timing configuration=singlefs round=3 write_path_nanoseconds=41482874 second_transaction_nanoseconds=2052988 recovery_nanoseconds=7725838227 second_transaction_writes_both_devices=21 second_transaction_written_bytes_both_devices=344576 second_transaction_barriers_both_devices=4 second_transaction_force_unit_access_writes_both_devices=1 child_exit=0 content_matches=true device_0_read_bytes=805609472 device_0_read_requests=196664 device_0_write_bytes=423936 device_0_write_requests=47 device_0_flush_requests=14 device_1_read_bytes=805371904 device_1_read_requests=196638 device_1_write_bytes=423424 device_1_write_requests=45 device_1_flush_requests=13
E7RESULT name=done emitted=15
E152RUN configuration=singlefs round=4 attempt=1 host_load1=2.27 vm_exit=0
E7RESULT name=configuration configuration=singlefs round=4 kernel=6.17.0-1028-oem memory_total=MemTotal:_4008976_kB devices=vda:17179869184,vdb:17179869184
E7RESULT name=singlefs_inner configuration=singlefs round=4 at_nanoseconds=206940 inner=geometry mode=second-transaction physical_block_size=512 minimum_io=512 spacing=4096 write_cache=write_back device_bytes=17179869184
E7RESULT name=singlefs_inner configuration=singlefs round=4 at_nanoseconds=18814640 inner=segments path=mkfs operations=13 segments=4+1+1+1+4 closed_form=34 kinds=[unit_write×4,barrier]|[root_record_fua]|[root_record_fua]|[root_record_fua]|[superblock_slot×4,barrier]
E7RESULT name=singlefs_inner configuration=singlefs round=4 at_nanoseconds=19121810 inner=segments path=instance_acquisition operations=2 segments=2 closed_form=4 kinds=[superblock_slot×2]
E7RESULT name=singlefs_inner configuration=singlefs round=4 at_nanoseconds=19292322 inner=segments path=warm_up operations=14 segments=2+1+2+2+1+2 closed_form=15 kinds=[journal_record×2,barrier×2]|[root_record_fua]|[superblock_slot×2,barrier]|[journal_record×2,barrier]|[root_record_fua]|[superblock_slot×2]
E7RESULT name=singlefs_inner configuration=singlefs round=4 at_nanoseconds=19431912 inner=segments path=transaction operations=23 segments=16+2+1+2 closed_form=65543 kinds=[unit_write×16,barrier]|[journal_record×2,barrier]|[root_record_fua]|[superblock_slot×2]
E7RESULT name=singlefs_inner configuration=singlefs round=4 at_nanoseconds=19434082 inner=segments path=post_mkfs_stream operations=39 segments=2+2+1+2+2+1+18+2+1+2 closed_form=262165 kinds=[superblock_slot×2,barrier]|[journal_record×2,barrier]|[root_record_fua]|[superblock_slot×2,barrier]|[journal_record×2,barrier]|[root_record_fua]|[unit_write×16,superblock_slot×2,barrier]|[journal_record×2,barrier]|[root_record_fua]|[superblock_slot×2]
E7RESULT name=singlefs_inner configuration=singlefs round=4 at_nanoseconds=19581843 inner=device_calls device=0 path=/dev/vda writes=23 written_bytes=251904 force_unit_access_writes=4 barriers=8 skipped_barriers=0 write_ios=35 write_sectors=492 flush_ios=12
E7RESULT name=singlefs_inner configuration=singlefs round=4 at_nanoseconds=19583283 inner=device_calls device=1 path=/dev/vdb writes=21 written_bytes=250880 force_unit_access_writes=2 barriers=8 skipped_barriers=0 write_ios=31 write_sectors=490 flush_ios=10
E7RESULT name=singlefs_inner configuration=singlefs round=4 at_nanoseconds=19584592 inner=transaction policy_mismatches=0 key_order_mismatches=0 root_txg=3 back_chain=628216162
E7RESULT name=singlefs_inner configuration=singlefs round=4 at_nanoseconds=26049436 inner=second_transaction root_txg=4 transaction=2 released=8 nanoseconds=7152726 operations=23 segments=16+2+1+2 closed_form=65543 device_0_writes=10 device_0_written_bytes=172032 device_0_force_unit_access_writes=0 device_0_barriers=2 device_1_writes=11 device_1_written_bytes=172544 device_1_force_unit_access_writes=1 device_1_barriers=2
E7RESULT name=singlefs_inner configuration=singlefs round=4 at_nanoseconds=7812537659 inner=recover_cold outcome=file_read root=1:4 content_matches=true valid_records=4 above_water=0 applied=0 verification_passed=0 mapping_fallbacks=0
E7RESULT name=singlefs_inner configuration=singlefs round=4 at_nanoseconds=7812921540 inner=done emitted=12
E7RESULT name=singlefs_timing configuration=singlefs round=4 write_path_nanoseconds=19377652 second_transaction_nanoseconds=6464844 recovery_nanoseconds=7786488223 second_transaction_writes_both_devices=21 second_transaction_written_bytes_both_devices=344576 second_transaction_barriers_both_devices=4 second_transaction_force_unit_access_writes_both_devices=1 child_exit=0 content_matches=true device_0_read_bytes=805609472 device_0_read_requests=196664 device_0_write_bytes=423936 device_0_write_requests=47 device_0_flush_requests=14 device_1_read_bytes=805371904 device_1_read_requests=196638 device_1_write_bytes=423424 device_1_write_requests=45 device_1_flush_requests=13
E7RESULT name=done emitted=15
E152RUN configuration=singlefs round=5 attempt=1 host_load1=2.38 vm_exit=0
E7RESULT name=configuration configuration=singlefs round=5 kernel=6.17.0-1028-oem memory_total=MemTotal:_4008976_kB devices=vda:17179869184,vdb:17179869184
E7RESULT name=singlefs_inner configuration=singlefs round=5 at_nanoseconds=214161 inner=geometry mode=second-transaction physical_block_size=512 minimum_io=512 spacing=4096 write_cache=write_back device_bytes=17179869184
E7RESULT name=singlefs_inner configuration=singlefs round=5 at_nanoseconds=19003071 inner=segments path=mkfs operations=13 segments=4+1+1+1+4 closed_form=34 kinds=[unit_write×4,barrier]|[root_record_fua]|[root_record_fua]|[root_record_fua]|[superblock_slot×4,barrier]
E7RESULT name=singlefs_inner configuration=singlefs round=5 at_nanoseconds=19318762 inner=segments path=instance_acquisition operations=2 segments=2 closed_form=4 kinds=[superblock_slot×2]
E7RESULT name=singlefs_inner configuration=singlefs round=5 at_nanoseconds=19469302 inner=segments path=warm_up operations=14 segments=2+1+2+2+1+2 closed_form=15 kinds=[journal_record×2,barrier×2]|[root_record_fua]|[superblock_slot×2,barrier]|[journal_record×2,barrier]|[root_record_fua]|[superblock_slot×2]
E7RESULT name=singlefs_inner configuration=singlefs round=5 at_nanoseconds=19603572 inner=segments path=transaction operations=23 segments=16+2+1+2 closed_form=65543 kinds=[unit_write×16,barrier]|[journal_record×2,barrier]|[root_record_fua]|[superblock_slot×2]
E7RESULT name=singlefs_inner configuration=singlefs round=5 at_nanoseconds=19605803 inner=segments path=post_mkfs_stream operations=39 segments=2+2+1+2+2+1+18+2+1+2 closed_form=262165 kinds=[superblock_slot×2,barrier]|[journal_record×2,barrier]|[root_record_fua]|[superblock_slot×2,barrier]|[journal_record×2,barrier]|[root_record_fua]|[unit_write×16,superblock_slot×2,barrier]|[journal_record×2,barrier]|[root_record_fua]|[superblock_slot×2]
E7RESULT name=singlefs_inner configuration=singlefs round=5 at_nanoseconds=19903574 inner=device_calls device=0 path=/dev/vda writes=23 written_bytes=251904 force_unit_access_writes=4 barriers=8 skipped_barriers=0 write_ios=35 write_sectors=492 flush_ios=12
E7RESULT name=singlefs_inner configuration=singlefs round=5 at_nanoseconds=20050784 inner=device_calls device=1 path=/dev/vdb writes=21 written_bytes=250880 force_unit_access_writes=2 barriers=8 skipped_barriers=0 write_ios=31 write_sectors=490 flush_ios=10
E7RESULT name=singlefs_inner configuration=singlefs round=5 at_nanoseconds=20194685 inner=transaction policy_mismatches=0 key_order_mismatches=0 root_txg=3 back_chain=628216162
E7RESULT name=singlefs_inner configuration=singlefs round=5 at_nanoseconds=25723346 inner=second_transaction root_txg=4 transaction=2 released=8 nanoseconds=6643185 operations=23 segments=16+2+1+2 closed_form=65543 device_0_writes=10 device_0_written_bytes=172032 device_0_force_unit_access_writes=0 device_0_barriers=2 device_1_writes=11 device_1_written_bytes=172544 device_1_force_unit_access_writes=1 device_1_barriers=2
E7RESULT name=singlefs_inner configuration=singlefs round=5 at_nanoseconds=7820609049 inner=recover_cold outcome=file_read root=1:4 content_matches=true valid_records=4 above_water=0 applied=0 verification_passed=0 mapping_fallbacks=0
E7RESULT name=singlefs_inner configuration=singlefs round=5 at_nanoseconds=7820956370 inner=done emitted=12
E7RESULT name=singlefs_timing configuration=singlefs round=5 write_path_nanoseconds=19980524 second_transaction_nanoseconds=5528661 recovery_nanoseconds=7794885703 second_transaction_writes_both_devices=21 second_transaction_written_bytes_both_devices=344576 second_transaction_barriers_both_devices=4 second_transaction_force_unit_access_writes_both_devices=1 child_exit=0 content_matches=true device_0_read_bytes=805609472 device_0_read_requests=196664 device_0_write_bytes=423936 device_0_write_requests=47 device_0_flush_requests=14 device_1_read_bytes=805371904 device_1_read_requests=196638 device_1_write_bytes=423424 device_1_write_requests=45 device_1_flush_requests=13
E7RESULT name=done emitted=15
E7RESULT name=summary configuration=singlefs metric=singlefs_read_bytes_both_devices rounds=5 median=1610981376.000 minimum=1610981376.000 maximum=1610981376.000 spread_percent=0.0 stability=stable values=1:1610981376.000,2:1610981376.000,3:1610981376.000,4:1610981376.000,5:1610981376.000
E7RESULT name=summary configuration=singlefs metric=singlefs_read_requests_both_devices rounds=5 median=393302.000 minimum=393302.000 maximum=393302.000 spread_percent=0.0 stability=stable values=1:393302.000,2:393302.000,3:393302.000,4:393302.000,5:393302.000
E7RESULT name=summary configuration=singlefs metric=singlefs_recovery_milliseconds rounds=5 median=7738.421 minimum=7719.906 maximum=7794.886 spread_percent=1.0 stability=stable values=1:7719.906,2:7738.421,3:7725.838,4:7786.488,5:7794.886
E7RESULT name=summary configuration=singlefs metric=singlefs_second_transaction_barriers_both_devices rounds=5 median=4.000 minimum=4.000 maximum=4.000 spread_percent=0.0 stability=stable values=1:4.000,2:4.000,3:4.000,4:4.000,5:4.000
E7RESULT name=summary configuration=singlefs metric=singlefs_second_transaction_force_unit_access_writes_both_devices rounds=5 median=1.000 minimum=1.000 maximum=1.000 spread_percent=0.0 stability=stable values=1:1.000,2:1.000,3:1.000,4:1.000,5:1.000
E7RESULT name=summary configuration=singlefs metric=singlefs_second_transaction_milliseconds rounds=5 median=5.529 minimum=1.992 maximum=16.327 spread_percent=259.3 stability=unstable values=1:16.327,2:1.992,3:2.053,4:6.465,5:5.529
E7RESULT name=summary configuration=singlefs metric=singlefs_second_transaction_writes_both_devices rounds=5 median=21.000 minimum=21.000 maximum=21.000 spread_percent=0.0 stability=stable values=1:21.000,2:21.000,3:21.000,4:21.000,5:21.000
E7RESULT name=summary configuration=singlefs metric=singlefs_second_transaction_written_bytes_both_devices rounds=5 median=344576.000 minimum=344576.000 maximum=344576.000 spread_percent=0.0 stability=stable values=1:344576.000,2:344576.000,3:344576.000,4:344576.000,5:344576.000
E7RESULT name=summary configuration=singlefs metric=singlefs_write_path_milliseconds rounds=5 median=29.072 minimum=19.378 maximum=41.483 spread_percent=76.0 stability=unstable values=1:29.072,2:41.040,3:41.483,4:19.378,5:19.981
E7RESULT name=summary_done emitted=10
