E7RESULT name=config unit_area_capacity_slots=211968 ring_regions=3 record_width_single=20 record_width_dual=28 records_per_node_single=812 records_per_node_dual=580 model=counting file_ops=0
E7RESULT name=scope covers=K1,K2,K3,K4,K5,A1,A2,A3,A4,A5,A6,A7,U1,U2,U3,U4 missing=Q1..Q13,H2,H3,H5,H7,crash_branches(c1/c2),bad_images(B1..B4),shadow_ledger_trigger_wiring_outside_rebuild note=本次只把跑前登记第七/九节里已经在单测里钉死的这些锚点现算一遍写进产物；第五/六节要求的完整 9 族历史 × 12 几何格 × 5 臂的 Q1-Q13 扫描、崩溃支线、坏镜像矩阵本轮没有实现，见实验页「它答不了的」
E7RESULT name=k1_first_transaction_placement s=8 data_unit=50180 extent_root=50240 inode_leaf=50242 inode_root=50244 alloc_tree=50245 acct_tree=50246 central_map_tree=50247 table_unit=50248 slot_50241_free=true
E7RESULT name=a6_first_transaction_accounting arm=threshold_conservative item1=13 item5=1 item2=211955
E7RESULT name=a6_first_transaction_accounting arm=threshold_narrow item1=13 item5=1 item2=211955
E7RESULT name=a6_first_transaction_accounting arm=interval_conservative item1=13 item5=1 item2=211955
E7RESULT name=a6_first_transaction_accounting arm=interval_narrow item1=13 item5=1 item2=211955
E7RESULT name=a6_first_transaction_accounting arm=baseline_today item1=13 item5=1 item2=211955
E7RESULT name=a4_steady_state s=4 placement=Impl period=1 last_overwrite_txg=74 item1=122 item5=110
E7RESULT name=a4_steady_state s=4 placement=Impl period=4 last_overwrite_txg=71 item1=74 item5=62
E7RESULT name=a4_steady_state s=4 placement=Low period=1 last_overwrite_txg=74 item1=122 item5=110
E7RESULT name=a4_steady_state s=4 placement=Low period=4 last_overwrite_txg=71 item1=74 item5=62
E7RESULT name=a4_steady_state s=8 placement=Impl period=1 last_overwrite_txg=146 item1=242 item5=230
E7RESULT name=a4_steady_state s=8 placement=Impl period=4 last_overwrite_txg=143 item1=140 item5=128
E7RESULT name=a4_steady_state s=8 placement=Low period=1 last_overwrite_txg=146 item1=242 item5=230
E7RESULT name=a4_steady_state s=8 placement=Low period=4 last_overwrite_txg=143 item1=140 item5=128
E7RESULT name=a4_steady_state s=16 placement=Impl period=1 last_overwrite_txg=290 item1=482 item5=470
E7RESULT name=a4_steady_state s=16 placement=Impl period=4 last_overwrite_txg=287 item1=272 item5=260
E7RESULT name=a4_steady_state s=16 placement=Low period=1 last_overwrite_txg=290 item1=482 item5=470
E7RESULT name=a4_steady_state s=16 placement=Low period=4 last_overwrite_txg=287 item1=272 item5=260
E7RESULT name=k4_rollback s=4 placement=Impl period=1 write_row_txg=39 warm_up_publish_count=1
E7RESULT name=k4_rollback s=4 placement=Impl period=4 write_row_txg=39 warm_up_publish_count=1
E7RESULT name=k4_rollback s=4 placement=Low period=1 write_row_txg=39 warm_up_publish_count=1
E7RESULT name=k4_rollback s=4 placement=Low period=4 write_row_txg=39 warm_up_publish_count=1
E7RESULT name=k4_rollback s=8 placement=Impl period=1 write_row_txg=75 warm_up_publish_count=1
E7RESULT name=k4_rollback s=8 placement=Impl period=4 write_row_txg=75 warm_up_publish_count=1
E7RESULT name=k4_rollback s=8 placement=Low period=1 write_row_txg=75 warm_up_publish_count=1
E7RESULT name=k4_rollback s=8 placement=Low period=4 write_row_txg=75 warm_up_publish_count=1
E7RESULT name=k4_rollback s=16 placement=Impl period=1 write_row_txg=147 warm_up_publish_count=1
E7RESULT name=k4_rollback s=16 placement=Impl period=4 write_row_txg=147 warm_up_publish_count=1
E7RESULT name=k4_rollback s=16 placement=Low period=1 write_row_txg=147 warm_up_publish_count=1
E7RESULT name=k4_rollback s=16 placement=Low period=4 write_row_txg=147 warm_up_publish_count=1
E7RESULT name=k5_raise_floor s=4 placement=Impl target_floor=35 publish_count=2
E7RESULT name=k5_raise_floor s=4 placement=Low target_floor=35 publish_count=2
E7RESULT name=k5_raise_floor s=8 placement=Impl target_floor=71 publish_count=2
E7RESULT name=k5_raise_floor s=8 placement=Low target_floor=71 publish_count=2
E7RESULT name=k5_raise_floor s=16 placement=Impl target_floor=143 publish_count=2
E7RESULT name=k5_raise_floor s=16 placement=Low target_floor=143 publish_count=2
E7RESULT name=done emitted=39
