E7RESULT name=anchor_a1 unit_area_slots=211968
E7RESULT name=anchor_a7 capacity=812
E7RESULT name=s1g_mkfs_root_in_ring holds=true
E7RESULT name=anchor_a2 ring_slots=24 mismatches=0
E7RESULT name=k1_after_first_transaction txg=3 allocated_slots=13 free_slots=211955 deferred_slots=1 registered_item1_slots=13 registered_item5_slots=1 matches_registered=true
E7RESULT name=k1_placements txg=3 units=50180:2,50240:1,50242:2,50244:1,50245:1,50246:1,50247:1,50248:1
E7RESULT name=s1f_record_count txg=3 count=20
E7RESULT name=legal_state family=beta0 kind=first_file txg=3 item1=13 item2=211955 item5=1 referenced=12 check_is_red=false
E7RESULT name=beta0_mirror_vs_memory memory_holds=true mirror_check_is_red=false
E7RESULT name=geometry ring_length=24 baseline_workload_length=144 hr_prefix_length=72 hr_tail_length=72
E7RESULT name=s1d_step txg=4 item1=23 item2=211945 item5=11 i31_red=false i52_red=false
E7RESULT name=legal_state family=H0 kind=O txg=4 item1=23 item2=211945 item5=11 referenced=12 check_is_red=false
E7RESULT name=s1d_step txg=5 item1=33 item2=211935 item5=21 i31_red=false i52_red=false
E7RESULT name=legal_state family=H0 kind=O txg=5 item1=33 item2=211935 item5=21 referenced=12 check_is_red=false
E7RESULT name=s1d_step txg=6 item1=43 item2=211925 item5=31 i31_red=false i52_red=false
E7RESULT name=legal_state family=H0 kind=O txg=6 item1=43 item2=211925 item5=31 referenced=12 check_is_red=false
E7RESULT name=s1d_step txg=7 item1=53 item2=211915 item5=41 i31_red=false i52_red=false
E7RESULT name=legal_state family=H0 kind=O txg=7 item1=53 item2=211915 item5=41 referenced=12 check_is_red=false
E7RESULT name=s1d_step txg=8 item1=63 item2=211905 item5=51 i31_red=false i52_red=false
E7RESULT name=legal_state family=H0 kind=O txg=8 item1=63 item2=211905 item5=51 referenced=12 check_is_red=false
E7RESULT name=s1d_step txg=9 item1=73 item2=211895 item5=61 i31_red=false i52_red=false
E7RESULT name=legal_state family=H0 kind=O txg=9 item1=73 item2=211895 item5=61 referenced=12 check_is_red=false
E7RESULT name=s1d_step txg=10 item1=83 item2=211885 item5=71 i31_red=false i52_red=false
E7RESULT name=legal_state family=H0 kind=O txg=10 item1=83 item2=211885 item5=71 referenced=12 check_is_red=false
E7RESULT name=s1d_step txg=11 item1=93 item2=211875 item5=81 i31_red=false i52_red=false
E7RESULT name=legal_state family=H0 kind=O txg=11 item1=93 item2=211875 item5=81 referenced=12 check_is_red=false
E7RESULT name=s1d_step txg=12 item1=103 item2=211865 item5=91 i31_red=false i52_red=false
E7RESULT name=legal_state family=H0 kind=O txg=12 item1=103 item2=211865 item5=91 referenced=12 check_is_red=false
E7RESULT name=s1d_step txg=13 item1=113 item2=211855 item5=101 i31_red=false i52_red=false
E7RESULT name=legal_state family=H0 kind=O txg=13 item1=113 item2=211855 item5=101 referenced=12 check_is_red=false
E7RESULT name=s1d_step txg=14 item1=123 item2=211845 item5=111 i31_red=false i52_red=false
E7RESULT name=legal_state family=H0 kind=O txg=14 item1=123 item2=211845 item5=111 referenced=12 check_is_red=false
E7RESULT name=s1d_step txg=15 item1=133 item2=211835 item5=121 i31_red=false i52_red=false
E7RESULT name=legal_state family=H0 kind=O txg=15 item1=133 item2=211835 item5=121 referenced=12 check_is_red=false
E7RESULT name=s1d_step txg=16 item1=143 item2=211825 item5=131 i31_red=false i52_red=false
E7RESULT name=legal_state family=H0 kind=O txg=16 item1=143 item2=211825 item5=131 referenced=12 check_is_red=false
E7RESULT name=s1d_step txg=17 item1=153 item2=211815 item5=141 i31_red=false i52_red=false
E7RESULT name=legal_state family=H0 kind=O txg=17 item1=153 item2=211815 item5=141 referenced=12 check_is_red=false
E7RESULT name=s1d_step txg=18 item1=163 item2=211805 item5=151 i31_red=false i52_red=false
E7RESULT name=legal_state family=H0 kind=O txg=18 item1=163 item2=211805 item5=151 referenced=12 check_is_red=false
E7RESULT name=s1d_step txg=19 item1=173 item2=211795 item5=161 i31_red=false i52_red=false
E7RESULT name=legal_state family=H0 kind=O txg=19 item1=173 item2=211795 item5=161 referenced=12 check_is_red=false
E7RESULT name=s1d_step txg=20 item1=183 item2=211785 item5=171 i31_red=false i52_red=false
E7RESULT name=legal_state family=H0 kind=O txg=20 item1=183 item2=211785 item5=171 referenced=12 check_is_red=false
E7RESULT name=s1d_step txg=21 item1=193 item2=211775 item5=181 i31_red=false i52_red=false
E7RESULT name=legal_state family=H0 kind=O txg=21 item1=193 item2=211775 item5=181 referenced=12 check_is_red=false
E7RESULT name=s1d_step txg=22 item1=203 item2=211765 item5=191 i31_red=false i52_red=false
E7RESULT name=legal_state family=H0 kind=O txg=22 item1=203 item2=211765 item5=191 referenced=12 check_is_red=false
E7RESULT name=s1d_step txg=23 item1=213 item2=211755 item5=201 i31_red=false i52_red=false
E7RESULT name=legal_state family=H0 kind=O txg=23 item1=213 item2=211755 item5=201 referenced=12 check_is_red=false
E7RESULT name=s1d_step txg=24 item1=223 item2=211745 item5=211 i31_red=false i52_red=false
E7RESULT name=legal_state family=H0 kind=O txg=24 item1=223 item2=211745 item5=211 referenced=12 check_is_red=false
E7RESULT name=s1d_step txg=25 item1=233 item2=211735 item5=221 i31_red=false i52_red=false
E7RESULT name=legal_state family=H0 kind=O txg=25 item1=233 item2=211735 item5=221 referenced=12 check_is_red=false
E7RESULT name=s1d_step txg=26 item1=243 item2=211725 item5=231 i31_red=true i52_red=false
E7RESULT name=legal_state family=H0 kind=O txg=26 item1=243 item2=211725 item5=231 referenced=12 check_is_red=false
E7RESULT name=s1d_step txg=27 item1=253 item2=211715 item5=241 i31_red=true i52_red=false
E7RESULT name=legal_state family=H0 kind=O txg=27 item1=253 item2=211715 item5=241 referenced=12 check_is_red=false
E7RESULT name=s1d_step txg=28 item1=263 item2=211705 item5=251 i31_red=true i52_red=false
E7RESULT name=legal_state family=H0 kind=O txg=28 item1=263 item2=211705 item5=251 referenced=12 check_is_red=false
E7RESULT name=s1d_step txg=29 item1=273 item2=211695 item5=261 i31_red=true i52_red=false
E7RESULT name=legal_state family=H0 kind=O txg=29 item1=273 item2=211695 item5=261 referenced=12 check_is_red=false
E7RESULT name=s1d_step txg=30 item1=283 item2=211685 item5=271 i31_red=true i52_red=false
E7RESULT name=legal_state family=H0 kind=O txg=30 item1=283 item2=211685 item5=271 referenced=12 check_is_red=false
E7RESULT name=s1d_step txg=31 item1=293 item2=211675 item5=281 i31_red=true i52_red=false
E7RESULT name=legal_state family=H0 kind=O txg=31 item1=293 item2=211675 item5=281 referenced=12 check_is_red=false
E7RESULT name=s1d_step txg=32 item1=303 item2=211665 item5=291 i31_red=true i52_red=false
E7RESULT name=legal_state family=H0 kind=O txg=32 item1=303 item2=211665 item5=291 referenced=12 check_is_red=false
E7RESULT name=s1d_step txg=33 item1=313 item2=211655 item5=301 i31_red=true i52_red=false
E7RESULT name=legal_state family=H0 kind=O txg=33 item1=313 item2=211655 item5=301 referenced=12 check_is_red=false
E7RESULT name=legal_state family=H0 kind=O txg=34 item1=323 item2=211645 item5=311 referenced=12 check_is_red=false
E7RESULT name=legal_state family=H0 kind=O txg=35 item1=333 item2=211635 item5=321 referenced=12 check_is_red=false
E7RESULT name=legal_state family=H0 kind=O txg=36 item1=343 item2=211625 item5=331 referenced=12 check_is_red=false
E7RESULT name=legal_state family=H0 kind=O txg=37 item1=353 item2=211615 item5=341 referenced=12 check_is_red=false
E7RESULT name=legal_state family=H0 kind=O txg=38 item1=363 item2=211605 item5=351 referenced=12 check_is_red=false
E7RESULT name=legal_state family=H0 kind=O txg=39 item1=373 item2=211595 item5=361 referenced=12 check_is_red=false
E7RESULT name=legal_state family=H0 kind=O txg=40 item1=383 item2=211585 item5=371 referenced=12 check_is_red=false
E7RESULT name=legal_state family=H0 kind=O txg=41 item1=393 item2=211575 item5=381 referenced=12 check_is_red=false
E7RESULT name=legal_state family=H0 kind=O txg=42 item1=403 item2=211565 item5=391 referenced=12 check_is_red=false
E7RESULT name=legal_state family=H0 kind=O txg=43 item1=413 item2=211555 item5=401 referenced=12 check_is_red=false
E7RESULT name=legal_state family=H0 kind=O txg=44 item1=423 item2=211545 item5=411 referenced=12 check_is_red=false
E7RESULT name=legal_state family=H0 kind=O txg=45 item1=433 item2=211535 item5=421 referenced=12 check_is_red=false
E7RESULT name=legal_state family=H0 kind=O txg=46 item1=443 item2=211525 item5=431 referenced=12 check_is_red=false
E7RESULT name=legal_state family=H0 kind=O txg=47 item1=453 item2=211515 item5=441 referenced=12 check_is_red=false
E7RESULT name=legal_state family=H0 kind=O txg=48 item1=463 item2=211505 item5=451 referenced=12 check_is_red=false
E7RESULT name=legal_state family=H0 kind=O txg=49 item1=473 item2=211495 item5=461 referenced=12 check_is_red=false
E7RESULT name=legal_state family=H0 kind=O txg=50 item1=483 item2=211485 item5=471 referenced=12 check_is_red=false
E7RESULT name=legal_state family=H0 kind=O txg=51 item1=493 item2=211475 item5=481 referenced=12 check_is_red=false
E7RESULT name=legal_state family=H0 kind=O txg=52 item1=503 item2=211465 item5=491 referenced=12 check_is_red=false
E7RESULT name=baseline_workload_truncated_by_write_failure requested_length=144 actual_length=49 failed_at_step=50 records=820 capacity=812
E7RESULT name=beta1_h0_end txg=52 accounting_slot=50702 referenced=12
E7RESULT name=legal_state family=HR kind=first_file txg=3 item1=13 item2=211955 item5=1 referenced=12 check_is_red=false
E7RESULT name=legal_state family=HR kind=O txg=4 item1=23 item2=211945 item5=11 referenced=12 check_is_red=false
E7RESULT name=legal_state family=HR kind=O txg=5 item1=33 item2=211935 item5=21 referenced=12 check_is_red=false
E7RESULT name=legal_state family=HR kind=O txg=6 item1=43 item2=211925 item5=31 referenced=12 check_is_red=false
E7RESULT name=legal_state family=HR kind=O txg=7 item1=53 item2=211915 item5=41 referenced=12 check_is_red=false
E7RESULT name=legal_state family=HR kind=O txg=8 item1=63 item2=211905 item5=51 referenced=12 check_is_red=false
E7RESULT name=legal_state family=HR kind=O txg=9 item1=73 item2=211895 item5=61 referenced=12 check_is_red=false
E7RESULT name=legal_state family=HR kind=O txg=10 item1=83 item2=211885 item5=71 referenced=12 check_is_red=false
E7RESULT name=legal_state family=HR kind=O txg=11 item1=93 item2=211875 item5=81 referenced=12 check_is_red=false
E7RESULT name=legal_state family=HR kind=O txg=12 item1=103 item2=211865 item5=91 referenced=12 check_is_red=false
E7RESULT name=legal_state family=HR kind=O txg=13 item1=113 item2=211855 item5=101 referenced=12 check_is_red=false
E7RESULT name=legal_state family=HR kind=O txg=14 item1=123 item2=211845 item5=111 referenced=12 check_is_red=false
E7RESULT name=legal_state family=HR kind=O txg=15 item1=133 item2=211835 item5=121 referenced=12 check_is_red=false
E7RESULT name=legal_state family=HR kind=O txg=16 item1=143 item2=211825 item5=131 referenced=12 check_is_red=false
E7RESULT name=legal_state family=HR kind=O txg=17 item1=153 item2=211815 item5=141 referenced=12 check_is_red=false
E7RESULT name=legal_state family=HR kind=O txg=18 item1=163 item2=211805 item5=151 referenced=12 check_is_red=false
E7RESULT name=legal_state family=HR kind=O txg=19 item1=173 item2=211795 item5=161 referenced=12 check_is_red=false
E7RESULT name=legal_state family=HR kind=O txg=20 item1=183 item2=211785 item5=171 referenced=12 check_is_red=false
E7RESULT name=legal_state family=HR kind=O txg=21 item1=193 item2=211775 item5=181 referenced=12 check_is_red=false
E7RESULT name=legal_state family=HR kind=O txg=22 item1=203 item2=211765 item5=191 referenced=12 check_is_red=false
E7RESULT name=legal_state family=HR kind=O txg=23 item1=213 item2=211755 item5=201 referenced=12 check_is_red=false
E7RESULT name=legal_state family=HR kind=O txg=24 item1=223 item2=211745 item5=211 referenced=12 check_is_red=false
E7RESULT name=legal_state family=HR kind=O txg=25 item1=233 item2=211735 item5=221 referenced=12 check_is_red=false
E7RESULT name=legal_state family=HR kind=O txg=26 item1=243 item2=211725 item5=231 referenced=12 check_is_red=false
E7RESULT name=legal_state family=HR kind=O txg=27 item1=253 item2=211715 item5=241 referenced=12 check_is_red=false
E7RESULT name=legal_state family=HR kind=O txg=28 item1=263 item2=211705 item5=251 referenced=12 check_is_red=false
E7RESULT name=legal_state family=HR kind=O txg=29 item1=273 item2=211695 item5=261 referenced=12 check_is_red=false
E7RESULT name=legal_state family=HR kind=O txg=30 item1=283 item2=211685 item5=271 referenced=12 check_is_red=false
E7RESULT name=legal_state family=HR kind=O txg=31 item1=293 item2=211675 item5=281 referenced=12 check_is_red=false
E7RESULT name=legal_state family=HR kind=O txg=32 item1=303 item2=211665 item5=291 referenced=12 check_is_red=false
E7RESULT name=legal_state family=HR kind=O txg=33 item1=313 item2=211655 item5=301 referenced=12 check_is_red=false
E7RESULT name=legal_state family=HR kind=O txg=34 item1=323 item2=211645 item5=311 referenced=12 check_is_red=false
E7RESULT name=legal_state family=HR kind=O txg=35 item1=333 item2=211635 item5=321 referenced=12 check_is_red=false
E7RESULT name=legal_state family=HR kind=O txg=36 item1=343 item2=211625 item5=331 referenced=12 check_is_red=false
E7RESULT name=legal_state family=HR kind=O txg=37 item1=353 item2=211615 item5=341 referenced=12 check_is_red=false
E7RESULT name=legal_state family=HR kind=O txg=38 item1=363 item2=211605 item5=351 referenced=12 check_is_red=false
E7RESULT name=legal_state family=HR kind=O txg=39 item1=373 item2=211595 item5=361 referenced=12 check_is_red=false
E7RESULT name=legal_state family=HR kind=O txg=40 item1=383 item2=211585 item5=371 referenced=12 check_is_red=false
E7RESULT name=legal_state family=HR kind=O txg=41 item1=393 item2=211575 item5=381 referenced=12 check_is_red=false
E7RESULT name=legal_state family=HR kind=O txg=42 item1=403 item2=211565 item5=391 referenced=12 check_is_red=false
E7RESULT name=legal_state family=HR kind=O txg=43 item1=413 item2=211555 item5=401 referenced=12 check_is_red=false
E7RESULT name=legal_state family=HR kind=O txg=44 item1=423 item2=211545 item5=411 referenced=12 check_is_red=false
E7RESULT name=legal_state family=HR kind=O txg=45 item1=433 item2=211535 item5=421 referenced=12 check_is_red=false
E7RESULT name=legal_state family=HR kind=O txg=46 item1=443 item2=211525 item5=431 referenced=12 check_is_red=false
E7RESULT name=legal_state family=HR kind=O txg=47 item1=453 item2=211515 item5=441 referenced=12 check_is_red=false
E7RESULT name=legal_state family=HR kind=O txg=48 item1=463 item2=211505 item5=451 referenced=12 check_is_red=false
E7RESULT name=legal_state family=HR kind=O txg=49 item1=473 item2=211495 item5=461 referenced=12 check_is_red=false
E7RESULT name=legal_state family=HR kind=O txg=50 item1=483 item2=211485 item5=471 referenced=12 check_is_red=false
E7RESULT name=legal_state family=HR kind=O txg=51 item1=493 item2=211475 item5=481 referenced=12 check_is_red=false
E7RESULT name=legal_state family=HR kind=O txg=52 item1=503 item2=211465 item5=491 referenced=12 check_is_red=false
E7RESULT name=hr_prefix_truncated_by_write_failure requested_length=72 actual_length=49 failed_at_step=50 failure=AllocationRecordsExceedOneNode { records: 820, capacity: 812 }
E7RESULT name=hr_rollback_target instance=1 txg=29 candidate_count=24
E7RESULT name=legal_state family=HR kind=rollback_row txg=53 item1=18 item2=211950 item5=6 referenced=12 check_is_red=false
E7RESULT name=legal_state family=HR kind=warmup txg=54 item1=22 item2=211946 item5=10 referenced=12 check_is_red=false
E7RESULT name=legal_state family=HR kind=warmup txg=55 item1=26 item2=211942 item5=14 referenced=12 check_is_red=false
E7RESULT name=legal_state family=HR kind=O txg=56 item1=36 item2=211932 item5=24 referenced=12 check_is_red=false
E7RESULT name=legal_state family=HR kind=O txg=57 item1=46 item2=211922 item5=34 referenced=12 check_is_red=false
E7RESULT name=legal_state family=HR kind=O txg=58 item1=56 item2=211912 item5=44 referenced=12 check_is_red=false
E7RESULT name=legal_state family=HR kind=O txg=59 item1=66 item2=211902 item5=54 referenced=12 check_is_red=false
E7RESULT name=legal_state family=HR kind=O txg=60 item1=76 item2=211892 item5=64 referenced=12 check_is_red=false
E7RESULT name=legal_state family=HR kind=O txg=61 item1=86 item2=211882 item5=74 referenced=12 check_is_red=false
E7RESULT name=legal_state family=HR kind=O txg=62 item1=96 item2=211872 item5=84 referenced=12 check_is_red=false
E7RESULT name=legal_state family=HR kind=O txg=63 item1=106 item2=211862 item5=94 referenced=12 check_is_red=false
E7RESULT name=legal_state family=HR kind=O txg=64 item1=116 item2=211852 item5=104 referenced=12 check_is_red=false
E7RESULT name=legal_state family=HR kind=O txg=65 item1=126 item2=211842 item5=114 referenced=12 check_is_red=false
E7RESULT name=legal_state family=HR kind=O txg=66 item1=136 item2=211832 item5=124 referenced=12 check_is_red=false
E7RESULT name=legal_state family=HR kind=O txg=67 item1=146 item2=211822 item5=134 referenced=12 check_is_red=false
E7RESULT name=legal_state family=HR kind=O txg=68 item1=156 item2=211812 item5=144 referenced=12 check_is_red=false
E7RESULT name=legal_state family=HR kind=O txg=69 item1=166 item2=211802 item5=154 referenced=12 check_is_red=false
E7RESULT name=legal_state family=HR kind=O txg=70 item1=176 item2=211792 item5=164 referenced=12 check_is_red=false
E7RESULT name=legal_state family=HR kind=O txg=71 item1=186 item2=211782 item5=174 referenced=12 check_is_red=false
E7RESULT name=legal_state family=HR kind=O txg=72 item1=196 item2=211772 item5=184 referenced=12 check_is_red=false
E7RESULT name=legal_state family=HR kind=O txg=73 item1=206 item2=211762 item5=194 referenced=12 check_is_red=false
E7RESULT name=legal_state family=HR kind=O txg=74 item1=216 item2=211752 item5=204 referenced=12 check_is_red=false
E7RESULT name=legal_state family=HR kind=O txg=75 item1=226 item2=211742 item5=214 referenced=12 check_is_red=false
E7RESULT name=legal_state family=HR kind=O txg=76 item1=236 item2=211732 item5=224 referenced=12 check_is_red=false
E7RESULT name=legal_state family=HR kind=O txg=77 item1=246 item2=211722 item5=234 referenced=12 check_is_red=false
E7RESULT name=legal_state family=HR kind=O txg=78 item1=256 item2=211712 item5=244 referenced=12 check_is_red=false
E7RESULT name=legal_state family=HR kind=O txg=79 item1=266 item2=211702 item5=254 referenced=12 check_is_red=false
E7RESULT name=legal_state family=HR kind=O txg=80 item1=276 item2=211692 item5=264 referenced=12 check_is_red=false
E7RESULT name=legal_state family=HR kind=O txg=81 item1=286 item2=211682 item5=274 referenced=12 check_is_red=false
E7RESULT name=legal_state family=HR kind=O txg=82 item1=296 item2=211672 item5=284 referenced=12 check_is_red=false
E7RESULT name=legal_state family=HR kind=O txg=83 item1=306 item2=211662 item5=294 referenced=12 check_is_red=false
E7RESULT name=legal_state family=HR kind=O txg=84 item1=316 item2=211652 item5=304 referenced=12 check_is_red=false
E7RESULT name=legal_state family=HR kind=O txg=85 item1=326 item2=211642 item5=314 referenced=12 check_is_red=false
E7RESULT name=legal_state family=HR kind=O txg=86 item1=336 item2=211632 item5=324 referenced=12 check_is_red=false
E7RESULT name=legal_state family=HR kind=O txg=87 item1=346 item2=211622 item5=334 referenced=12 check_is_red=false
E7RESULT name=legal_state family=HR kind=O txg=88 item1=356 item2=211612 item5=344 referenced=12 check_is_red=false
E7RESULT name=legal_state family=HR kind=O txg=89 item1=366 item2=211602 item5=354 referenced=12 check_is_red=false
E7RESULT name=legal_state family=HR kind=O txg=90 item1=376 item2=211592 item5=364 referenced=12 check_is_red=false
E7RESULT name=legal_state family=HR kind=O txg=91 item1=386 item2=211582 item5=374 referenced=12 check_is_red=false
E7RESULT name=legal_state family=HR kind=O txg=92 item1=396 item2=211572 item5=384 referenced=12 check_is_red=false
E7RESULT name=legal_state family=HR kind=O txg=93 item1=406 item2=211562 item5=394 referenced=12 check_is_red=false
E7RESULT name=legal_state family=HR kind=O txg=94 item1=416 item2=211552 item5=404 referenced=12 check_is_red=false
E7RESULT name=legal_state family=HR kind=O txg=95 item1=426 item2=211542 item5=414 referenced=12 check_is_red=false
E7RESULT name=legal_state family=HR kind=O txg=96 item1=436 item2=211532 item5=424 referenced=12 check_is_red=false
E7RESULT name=legal_state family=HR kind=O txg=97 item1=446 item2=211522 item5=434 referenced=12 check_is_red=false
E7RESULT name=legal_state family=HR kind=O txg=98 item1=456 item2=211512 item5=444 referenced=12 check_is_red=false
E7RESULT name=legal_state family=HR kind=O txg=99 item1=466 item2=211502 item5=454 referenced=12 check_is_red=false
E7RESULT name=legal_state family=HR kind=O txg=100 item1=476 item2=211492 item5=464 referenced=12 check_is_red=false
E7RESULT name=legal_state family=HR kind=O txg=101 item1=486 item2=211482 item5=474 referenced=12 check_is_red=false
E7RESULT name=legal_state family=HR kind=O txg=102 item1=496 item2=211472 item5=484 referenced=12 check_is_red=false
E7RESULT name=hr_tail_truncated_by_write_failure requested_length=72 actual_length=47 failed_at_step=48 failure=AllocationRecordsExceedOneNode { records: 816, capacity: 812 }
E7RESULT name=hr_lengths requested_prefix=72 actual_prefix=49 requested_tail=72 actual_tail=47
E7RESULT name=beta2_hr_end txg=102 instance=2 accounting_slot=50948 referenced=12
E7RESULT name=legal_state family=HK kind=first_file txg=3 item1=13 item2=211955 item5=1 referenced=12 check_is_red=false
E7RESULT name=legal_state family=HK kind=O txg=4 item1=23 item2=211945 item5=11 referenced=12 check_is_red=false
E7RESULT name=legal_state family=HK kind=E txg=5 item1=27 item2=211941 item5=15 referenced=12 check_is_red=false
E7RESULT name=legal_state family=HK kind=W_row txg=6 item1=33 item2=211935 item5=21 referenced=12 check_is_red=false
E7RESULT name=legal_state family=HK kind=warmup txg=7 item1=37 item2=211931 item5=25 referenced=12 check_is_red=false
E7RESULT name=legal_state family=HK kind=O txg=8 item1=47 item2=211921 item5=35 referenced=12 check_is_red=false
E7RESULT name=legal_state family=HK kind=O txg=9 item1=57 item2=211911 item5=45 referenced=12 check_is_red=false
E7RESULT name=legal_state family=HK kind=O txg=10 item1=67 item2=211901 item5=55 referenced=12 check_is_red=false
E7RESULT name=legal_state family=HK kind=O txg=11 item1=77 item2=211891 item5=65 referenced=12 check_is_red=false
E7RESULT name=legal_state family=HK kind=raise_floor_pump txg=12 item1=46 item2=211922 item5=34 referenced=12 check_is_red=false
E7RESULT name=legal_state family=HK kind=raise_floor_pump txg=13 item1=50 item2=211918 item5=38 referenced=12 check_is_red=false
E7RESULT name=legal_state family=HK kind=O txg=14 item1=60 item2=211908 item5=48 referenced=12 check_is_red=false
E7RESULT name=legal_state family=HK kind=rollback_row txg=15 item1=18 item2=211950 item5=6 referenced=12 check_is_red=false
E7RESULT name=legal_state family=HK kind=warmup txg=16 item1=22 item2=211946 item5=10 referenced=12 check_is_red=false
E7RESULT name=legal_state family=HK kind=O txg=17 item1=32 item2=211936 item5=20 referenced=12 check_is_red=false
E7RESULT name=legal_state family=HK kind=W_row_after_c2 txg=19 item1=48 item2=211920 item5=36 referenced=12 check_is_red=false
E7RESULT name=legal_state family=HK kind=warmup txg=20 item1=52 item2=211916 item5=40 referenced=12 check_is_red=false
E7RESULT name=legal_state family=HK kind=O txg=21 item1=62 item2=211906 item5=50 referenced=12 check_is_red=false
E7RESULT name=s1e_empty_publish_release slots=4
E7RESULT name=legal_state family=HK-F0 kind=first_file txg=3 item1=12 item2=211956 item5=0 referenced=12 check_is_red=false
E7RESULT name=legal_state family=HK-F0 kind=O txg=4 item1=12 item2=211956 item5=0 referenced=12 check_is_red=false
E7RESULT name=legal_state family=HK-F0 kind=E txg=5 item1=12 item2=211956 item5=0 referenced=12 check_is_red=false
E7RESULT name=legal_state family=HK-F0 kind=W_row txg=6 item1=30 item2=211938 item5=18 referenced=12 check_is_red=false
E7RESULT name=legal_state family=HK-F0 kind=warmup txg=7 item1=34 item2=211934 item5=22 referenced=12 check_is_red=false
E7RESULT name=legal_state family=HK-F0 kind=O txg=8 item1=12 item2=211956 item5=0 referenced=12 check_is_red=false
E7RESULT name=legal_state family=HK-F0 kind=O txg=9 item1=12 item2=211956 item5=0 referenced=12 check_is_red=false
E7RESULT name=legal_state family=HK-F0 kind=O txg=10 item1=12 item2=211956 item5=0 referenced=12 check_is_red=false
E7RESULT name=legal_state family=HK-F0 kind=O txg=11 item1=12 item2=211956 item5=0 referenced=12 check_is_red=false
E7RESULT name=s9_raise_floor_refused family=HK-F0 error=RollbackFloorCeilingNeedsUnreadableValidRootTreeTable { root: RollbackTarget { instance: InstanceGeneration(0), checkpoint_txg: CheckpointTxg(0) }, failure: UnitUnreadable { slot: SlotNumber(50178) } }
E7RESULT name=beta_syn_row item1=12 item2=211956 item5=0 referenced=12
E7RESULT name=s1c_rollback_row_counter c_counter=8 d_counter=9
E7RESULT name=s1c_record_present instance=1 counter=4 present=true
E7RESULT name=s1c_record_present instance=2 counter=5 present=true
E7RESULT name=s1c_record_present instance=2 counter=8 present=true
E7RESULT name=s1c_record_present instance=3 counter=9 present=true
E7RESULT name=s1c_record_present instance=3 counter=10 present=true
E7RESULT name=s1c_remount instance=4 isolated=[(0,34),(1,34)] abandoned_roots_unreadable=0
E7RESULT name=q7b red_l1=0 total_l1=167 red_l2=0 total_l2=1 first_red=
E7RESULT name=q7d1_by_kind kind=O min=10 max=10 count=153
E7RESULT name=q7d1_by_kind kind=E min=4 max=4 count=1
E7RESULT name=q7d2_min_item5 min_item5=1 family=beta0 kind=first_file txg=3
E7RESULT name=q7d3_pc_reachable hk_forced_to_zero_smallest_item5_item5=0 beta_syn_item5=0 holds=true
E7RESULT name=basis_snapshot label=beta0_k1 item1=13 item5=1 referenced=12 reachable=true
E7RESULT name=q7a basis=beta0_k1 defer_delta=1 base_check_is_red=false base_i31_red=false base_i52_red=false corrupted_check_is_red=true corrupted_i31_red=false corrupted_i52_red=false
E7RESULT name=q7a basis=beta0_k1 defer_delta=-1 base_check_is_red=false base_i31_red=false base_i52_red=false corrupted_check_is_red=true corrupted_i31_red=false corrupted_i52_red=false
E7RESULT name=q7a basis=beta0_k1 defer_delta=8 base_check_is_red=false base_i31_red=false base_i52_red=false corrupted_check_is_red=true corrupted_i31_red=false corrupted_i52_red=false
E7RESULT name=q7c1_not_subtracting_defer basis=beta0_k1 k=1 real_check_is_red=true without_subtracting_defer_is_red=true flips_red_to_green=false
E7RESULT name=q7c2_threshold_at_least basis=beta0_k1 k=-1 real_check_is_red=true at_least_holds=true flips_red_to_green=true
E7RESULT name=pc_check_bk1 basis=beta0_k1 check_is_red=true i31_red=true i52_red=false
E7RESULT name=pc_check_bk2 basis=beta0_k1 check_is_red=false i31_red=false i52_red=true
E7RESULT name=pc_check_bk3_is_bd_plus_one basis=beta0_k1 check_is_red=true i31_red=false i52_red=false
E7RESULT name=basis_snapshot label=beta1_h0 item1=503 item5=491 referenced=12 reachable=true
E7RESULT name=q7a basis=beta1_h0 defer_delta=1 base_check_is_red=false base_i31_red=true base_i52_red=false corrupted_check_is_red=true corrupted_i31_red=true corrupted_i52_red=false
E7RESULT name=q7a basis=beta1_h0 defer_delta=-1 base_check_is_red=false base_i31_red=true base_i52_red=false corrupted_check_is_red=true corrupted_i31_red=true corrupted_i52_red=false
E7RESULT name=q7a basis=beta1_h0 defer_delta=8 base_check_is_red=false base_i31_red=true base_i52_red=false corrupted_check_is_red=true corrupted_i31_red=true corrupted_i52_red=false
E7RESULT name=q7c1_not_subtracting_defer basis=beta1_h0 k=1 real_check_is_red=true without_subtracting_defer_is_red=true flips_red_to_green=false
E7RESULT name=q7c2_threshold_at_least basis=beta1_h0 k=-1 real_check_is_red=true at_least_holds=true flips_red_to_green=true
E7RESULT name=pc_check_bk1 basis=beta1_h0 check_is_red=true i31_red=true i52_red=false
E7RESULT name=pc_check_bk2 basis=beta1_h0 check_is_red=false i31_red=true i52_red=true
E7RESULT name=pc_check_bk3_is_bd_plus_one basis=beta1_h0 check_is_red=true i31_red=true i52_red=false
E7RESULT name=basis_snapshot label=beta2_hr item1=496 item5=484 referenced=12 reachable=true
E7RESULT name=q7a basis=beta2_hr defer_delta=1 base_check_is_red=false base_i31_red=true base_i52_red=false corrupted_check_is_red=true corrupted_i31_red=true corrupted_i52_red=false
E7RESULT name=q7a basis=beta2_hr defer_delta=-1 base_check_is_red=false base_i31_red=true base_i52_red=false corrupted_check_is_red=true corrupted_i31_red=true corrupted_i52_red=false
E7RESULT name=q7a basis=beta2_hr defer_delta=8 base_check_is_red=false base_i31_red=true base_i52_red=false corrupted_check_is_red=true corrupted_i31_red=true corrupted_i52_red=false
E7RESULT name=q7c1_not_subtracting_defer basis=beta2_hr k=1 real_check_is_red=true without_subtracting_defer_is_red=true flips_red_to_green=false
E7RESULT name=q7c2_threshold_at_least basis=beta2_hr k=-1 real_check_is_red=true at_least_holds=true flips_red_to_green=true
E7RESULT name=pc_check_bk1 basis=beta2_hr check_is_red=true i31_red=true i52_red=false
E7RESULT name=pc_check_bk2 basis=beta2_hr check_is_red=false i31_red=true i52_red=true
E7RESULT name=pc_check_bk3_is_bd_plus_one basis=beta2_hr check_is_red=true i31_red=true i52_red=false
E7RESULT name=basis_snapshot label=HK_w item1=37 item5=25 referenced=12 reachable=true
E7RESULT name=q7a basis=HK_w defer_delta=1 base_check_is_red=false base_i31_red=false base_i52_red=false corrupted_check_is_red=true corrupted_i31_red=false corrupted_i52_red=false
E7RESULT name=q7a basis=HK_w defer_delta=-1 base_check_is_red=false base_i31_red=false base_i52_red=false corrupted_check_is_red=true corrupted_i31_red=false corrupted_i52_red=false
E7RESULT name=q7a basis=HK_w defer_delta=8 base_check_is_red=false base_i31_red=false base_i52_red=false corrupted_check_is_red=true corrupted_i31_red=false corrupted_i52_red=false
E7RESULT name=q7c1_not_subtracting_defer basis=HK_w k=1 real_check_is_red=true without_subtracting_defer_is_red=true flips_red_to_green=false
E7RESULT name=q7c2_threshold_at_least basis=HK_w k=-1 real_check_is_red=true at_least_holds=true flips_red_to_green=true
E7RESULT name=pc_check_bk1 basis=HK_w check_is_red=true i31_red=true i52_red=false
E7RESULT name=pc_check_bk2 basis=HK_w check_is_red=false i31_red=false i52_red=true
E7RESULT name=pc_check_bk3_is_bd_plus_one basis=HK_w check_is_red=true i31_red=false i52_red=false
E7RESULT name=basis_snapshot label=HK_r item1=22 item5=10 referenced=12 reachable=true
E7RESULT name=q7a basis=HK_r defer_delta=1 base_check_is_red=false base_i31_red=false base_i52_red=false corrupted_check_is_red=true corrupted_i31_red=false corrupted_i52_red=false
E7RESULT name=q7a basis=HK_r defer_delta=-1 base_check_is_red=false base_i31_red=false base_i52_red=false corrupted_check_is_red=true corrupted_i31_red=false corrupted_i52_red=false
E7RESULT name=q7a basis=HK_r defer_delta=8 base_check_is_red=false base_i31_red=false base_i52_red=false corrupted_check_is_red=true corrupted_i31_red=false corrupted_i52_red=false
E7RESULT name=q7c1_not_subtracting_defer basis=HK_r k=1 real_check_is_red=true without_subtracting_defer_is_red=true flips_red_to_green=false
E7RESULT name=q7c2_threshold_at_least basis=HK_r k=-1 real_check_is_red=true at_least_holds=true flips_red_to_green=true
E7RESULT name=pc_check_bk1 basis=HK_r check_is_red=true i31_red=true i52_red=false
E7RESULT name=pc_check_bk2 basis=HK_r check_is_red=false i31_red=false i52_red=true
E7RESULT name=pc_check_bk3_is_bd_plus_one basis=HK_r check_is_red=true i31_red=false i52_red=false
E7RESULT name=basis_snapshot label=HK_f item1=50 item5=38 referenced=12 reachable=true
E7RESULT name=q7a basis=HK_f defer_delta=1 base_check_is_red=false base_i31_red=false base_i52_red=false corrupted_check_is_red=true corrupted_i31_red=false corrupted_i52_red=false
E7RESULT name=q7a basis=HK_f defer_delta=-1 base_check_is_red=false base_i31_red=false base_i52_red=false corrupted_check_is_red=true corrupted_i31_red=false corrupted_i52_red=false
E7RESULT name=q7a basis=HK_f defer_delta=8 base_check_is_red=false base_i31_red=false base_i52_red=false corrupted_check_is_red=true corrupted_i31_red=false corrupted_i52_red=false
E7RESULT name=q7c1_not_subtracting_defer basis=HK_f k=1 real_check_is_red=true without_subtracting_defer_is_red=true flips_red_to_green=false
E7RESULT name=q7c2_threshold_at_least basis=HK_f k=-1 real_check_is_red=true at_least_holds=true flips_red_to_green=true
E7RESULT name=pc_check_bk1 basis=HK_f check_is_red=true i31_red=true i52_red=false
E7RESULT name=pc_check_bk2 basis=HK_f check_is_red=false i31_red=false i52_red=true
E7RESULT name=pc_check_bk3_is_bd_plus_one basis=HK_f check_is_red=true i31_red=false i52_red=false
E7RESULT name=basis_snapshot label=HK_l2 item1=52 item5=40 referenced=12 reachable=true
E7RESULT name=q7a basis=HK_l2 defer_delta=1 base_check_is_red=false base_i31_red=true base_i52_red=false corrupted_check_is_red=true corrupted_i31_red=true corrupted_i52_red=false
E7RESULT name=q7a basis=HK_l2 defer_delta=-1 base_check_is_red=false base_i31_red=true base_i52_red=false corrupted_check_is_red=true corrupted_i31_red=true corrupted_i52_red=false
E7RESULT name=q7a basis=HK_l2 defer_delta=8 base_check_is_red=false base_i31_red=true base_i52_red=false corrupted_check_is_red=true corrupted_i31_red=true corrupted_i52_red=false
E7RESULT name=q7c1_not_subtracting_defer basis=HK_l2 k=1 real_check_is_red=true without_subtracting_defer_is_red=true flips_red_to_green=false
E7RESULT name=q7c2_threshold_at_least basis=HK_l2 k=-1 real_check_is_red=true at_least_holds=true flips_red_to_green=true
E7RESULT name=pc_check_bk1 basis=HK_l2 check_is_red=true i31_red=true i52_red=false
E7RESULT name=pc_check_bk2 basis=HK_l2 check_is_red=false i31_red=true i52_red=true
E7RESULT name=pc_check_bk3_is_bd_plus_one basis=HK_l2 check_is_red=true i31_red=true i52_red=false
E7RESULT name=basis_snapshot label=beta_syn item1=12 item5=0 referenced=12 reachable=false
E7RESULT name=q7a basis=beta_syn defer_delta=1 base_check_is_red=false base_i31_red=true base_i52_red=false corrupted_check_is_red=true corrupted_i31_red=true corrupted_i52_red=false
E7RESULT name=q7a basis=beta_syn defer_delta=-1 not_applicable=true reason=deferred_underflow
E7RESULT name=q7a basis=beta_syn defer_delta=8 base_check_is_red=false base_i31_red=true base_i52_red=false corrupted_check_is_red=true corrupted_i31_red=true corrupted_i52_red=false
E7RESULT name=q7c1_not_subtracting_defer basis=beta_syn k=1 real_check_is_red=true without_subtracting_defer_is_red=false flips_red_to_green=true
E7RESULT name=q7c2_threshold_at_least basis=beta_syn k=-1 not_applicable=true reason=deferred_is_zero_cannot_subtract_one
E7RESULT name=pc_check_bk1 basis=beta_syn check_is_red=true i31_red=false i52_red=false
E7RESULT name=pc_check_bk2 basis=beta_syn check_is_red=false i31_red=true i52_red=true
E7RESULT name=pc_check_bk3_is_bd_plus_one basis=beta_syn check_is_red=true i31_red=true i52_red=false
E7RESULT name=basis_snapshot label=beta_F0 item1=12 item5=0 referenced=12 reachable=false
E7RESULT name=q7a basis=beta_F0 defer_delta=1 base_check_is_red=false base_i31_red=true base_i52_red=false corrupted_check_is_red=true corrupted_i31_red=true corrupted_i52_red=false
E7RESULT name=q7a basis=beta_F0 defer_delta=-1 not_applicable=true reason=deferred_underflow
E7RESULT name=q7a basis=beta_F0 defer_delta=8 base_check_is_red=false base_i31_red=true base_i52_red=false corrupted_check_is_red=true corrupted_i31_red=true corrupted_i52_red=false
E7RESULT name=q7c1_not_subtracting_defer basis=beta_F0 k=1 real_check_is_red=true without_subtracting_defer_is_red=false flips_red_to_green=true
E7RESULT name=q7c2_threshold_at_least basis=beta_F0 k=-1 not_applicable=true reason=deferred_is_zero_cannot_subtract_one
E7RESULT name=pc_check_bk1 basis=beta_F0 check_is_red=true i31_red=true i52_red=false
E7RESULT name=pc_check_bk2 basis=beta_F0 check_is_red=false i31_red=true i52_red=true
E7RESULT name=pc_check_bk3_is_bd_plus_one basis=beta_F0 check_is_red=true i31_red=true i52_red=false
E7RESULT name=q7a_summary all_red_count=12 q7c1_flip_seen=true q7c2_flip_seen=true
E7RESULT name=q7f_count count=7
E7RESULT name=q7e beta_forced_to_zero_flip1=true beta_forced_to_zero_flip2=false beta_syn_flip1=true beta_syn_flip2=false beta_forced_to_zero_i31_red=true beta_forced_to_zero_i52_red=false beta_syn_i31_red=true beta_syn_i52_red=false
E7RESULT name=integrity families=3 legal_state_rows=168 hk_forced_to_zero_rows=9 basis_count=9
E7RESULT name=done emitted=324
