E7RESULT name=config ops=200000 fanout=128 height=4 leaves=268435456 block=4096 intent_rec=48
E7RESULT name=faultinject arm=intent good_passes=true injected_is_caught=true
E7RESULT name=faultinject arm=wal_full good_passes=true injected_is_caught=true
E7RESULT name=faultinject arm=wal_leaf good_passes=true injected_is_caught=true
E7RESULT name=cell wl=seq fsync_every=0 ckpt_interval=100 arm=intent total=1624094 journal=2000 ckpt=1620094 root=2000 anc=20094 anc_per_op=0.0126 ring_peak=48 wa=1.0151 fsync_p50=0 fsync_p99=0 ckpts=2000 replay_alloc=false
E7RESULT name=cell wl=seq fsync_every=0 ckpt_interval=100 arm=wal_full total=1624094 journal=2000 ckpt=1620094 root=2000 anc=20094 anc_per_op=0.0126 ring_peak=72 wa=1.0151 fsync_p50=0 fsync_p99=0 ckpts=2000 replay_alloc=false
E7RESULT name=cell wl=seq fsync_every=0 ckpt_interval=100 arm=wal_leaf total=1624094 journal=2000 ckpt=1620094 root=2000 anc=20094 anc_per_op=0.0126 ring_peak=72 wa=1.0151 fsync_p50=0 fsync_p99=0 ckpts=2000 replay_alloc=true
E7RESULT name=cell wl=seq fsync_every=0 ckpt_interval=1000 arm=intent total=1613697 journal=200 ckpt=1613297 root=200 anc=13297 anc_per_op=0.0083 ring_peak=48 wa=1.0086 fsync_p50=0 fsync_p99=0 ckpts=200 replay_alloc=false
E7RESULT name=cell wl=seq fsync_every=0 ckpt_interval=1000 arm=wal_full total=1613697 journal=200 ckpt=1613297 root=200 anc=13297 anc_per_op=0.0083 ring_peak=72 wa=1.0086 fsync_p50=0 fsync_p99=0 ckpts=200 replay_alloc=false
E7RESULT name=cell wl=seq fsync_every=0 ckpt_interval=1000 arm=wal_leaf total=1613697 journal=200 ckpt=1613297 root=200 anc=13297 anc_per_op=0.0083 ring_peak=72 wa=1.0086 fsync_p50=0 fsync_p99=0 ckpts=200 replay_alloc=true
E7RESULT name=cell wl=seq fsync_every=10 ckpt_interval=100 arm=intent total=1730078 journal=20000 ckpt=1690078 root=20000 anc=90078 anc_per_op=0.0563 ring_peak=48 wa=1.0813 fsync_p50=87 fsync_p99=87 ckpts=20000 replay_alloc=false
E7RESULT name=cell wl=seq fsync_every=10 ckpt_interval=100 arm=wal_full total=1714078 journal=22000 ckpt=1690078 root=2000 anc=90078 anc_per_op=0.0563 ring_peak=1088 wa=1.0713 fsync_p50=86 fsync_p99=86 ckpts=2000 replay_alloc=false
E7RESULT name=cell wl=seq fsync_every=10 ckpt_interval=100 arm=wal_leaf total=1664094 journal=42000 ckpt=1620094 root=2000 anc=20094 anc_per_op=0.0126 ring_peak=45352 wa=1.0401 fsync_p50=82 fsync_p99=82 ckpts=2000 replay_alloc=true
E7RESULT name=cell wl=seq fsync_every=10 ckpt_interval=1000 arm=intent total=1730078 journal=20000 ckpt=1690078 root=20000 anc=90078 anc_per_op=0.0563 ring_peak=48 wa=1.0813 fsync_p50=87 fsync_p99=87 ckpts=20000 replay_alloc=false
E7RESULT name=cell wl=seq fsync_every=10 ckpt_interval=1000 arm=wal_full total=1710478 journal=20200 ckpt=1690078 root=200 anc=90078 anc_per_op=0.0563 ring_peak=10448 wa=1.0690 fsync_p50=86 fsync_p99=86 ckpts=200 replay_alloc=false
E7RESULT name=cell wl=seq fsync_every=10 ckpt_interval=1000 arm=wal_leaf total=1653697 journal=40200 ckpt=1613297 root=200 anc=13297 anc_per_op=0.0083 ring_peak=452872 wa=1.0336 fsync_p50=82 fsync_p99=82 ckpts=200 replay_alloc=true
E7RESULT name=cell wl=seq fsync_every=1 ckpt_interval=100 arm=intent total=2800000 journal=200000 ckpt=2400000 root=200000 anc=800000 anc_per_op=0.5000 ring_peak=48 wa=1.7500 fsync_p50=14 fsync_p99=14 ckpts=200000 replay_alloc=false
E7RESULT name=cell wl=seq fsync_every=1 ckpt_interval=100 arm=wal_full total=2604000 journal=202000 ckpt=2400000 root=2000 anc=800000 anc_per_op=0.5000 ring_peak=10448 wa=1.6275 fsync_p50=13 fsync_p99=13 ckpts=2000 replay_alloc=false
E7RESULT name=cell wl=seq fsync_every=1 ckpt_interval=100 arm=wal_leaf total=1824094 journal=202000 ckpt=1620094 root=2000 anc=20094 anc_per_op=0.0126 ring_peak=49672 wa=1.1401 fsync_p50=9 fsync_p99=9 ckpts=2000 replay_alloc=true
E7RESULT name=cell wl=seq fsync_every=1 ckpt_interval=1000 arm=intent total=2800000 journal=200000 ckpt=2400000 root=200000 anc=800000 anc_per_op=0.5000 ring_peak=48 wa=1.7500 fsync_p50=14 fsync_p99=14 ckpts=200000 replay_alloc=false
E7RESULT name=cell wl=seq fsync_every=1 ckpt_interval=1000 arm=wal_full total=2600400 journal=200200 ckpt=2400000 root=200 anc=800000 anc_per_op=0.5000 ring_peak=104048 wa=1.6253 fsync_p50=13 fsync_p99=13 ckpts=200 replay_alloc=false
E7RESULT name=cell wl=seq fsync_every=1 ckpt_interval=1000 arm=wal_leaf total=1813697 journal=200200 ckpt=1613297 root=200 anc=13297 anc_per_op=0.0083 ring_peak=496072 wa=1.1336 fsync_p50=9 fsync_p99=9 ckpts=200 replay_alloc=true
E7RESULT name=cell wl=rand fsync_every=0 ckpt_interval=100 arm=intent total=744247 journal=2000 ckpt=740247 root=2000 anc=540247 anc_per_op=2.7012 ring_peak=48 wa=3.7212 fsync_p50=0 fsync_p99=0 ckpts=2000 replay_alloc=false
E7RESULT name=cell wl=rand fsync_every=0 ckpt_interval=100 arm=wal_full total=744247 journal=2000 ckpt=740247 root=2000 anc=540247 anc_per_op=2.7012 ring_peak=1968 wa=3.7212 fsync_p50=0 fsync_p99=0 ckpts=2000 replay_alloc=false
E7RESULT name=cell wl=rand fsync_every=0 ckpt_interval=100 arm=wal_leaf total=744247 journal=2000 ckpt=740247 root=2000 anc=540247 anc_per_op=2.7012 ring_peak=1968 wa=3.7212 fsync_p50=0 fsync_p99=0 ckpts=2000 replay_alloc=true
E7RESULT name=cell wl=rand fsync_every=0 ckpt_interval=1000 arm=intent total=620194 journal=200 ckpt=619794 root=200 anc=419795 anc_per_op=2.0990 ring_peak=48 wa=3.1010 fsync_p50=0 fsync_p99=0 ckpts=200 replay_alloc=false
E7RESULT name=cell wl=rand fsync_every=0 ckpt_interval=1000 arm=wal_full total=620194 journal=200 ckpt=619794 root=200 anc=419795 anc_per_op=2.0990 ring_peak=3120 wa=3.1010 fsync_p50=0 fsync_p99=0 ckpts=200 replay_alloc=false
E7RESULT name=cell wl=rand fsync_every=0 ckpt_interval=1000 arm=wal_leaf total=620194 journal=200 ckpt=619794 root=200 anc=419795 anc_per_op=2.0990 ring_peak=3120 wa=3.1010 fsync_p50=0 fsync_p99=0 ckpts=200 replay_alloc=true
E7RESULT name=cell wl=rand fsync_every=10 ckpt_interval=100 arm=intent total=852961 journal=20000 ckpt=812961 root=20000 anc=612961 anc_per_op=3.0648 ring_peak=48 wa=4.2648 fsync_p50=43 fsync_p99=43 ckpts=20000 replay_alloc=false
E7RESULT name=cell wl=rand fsync_every=10 ckpt_interval=100 arm=wal_full total=836961 journal=22000 ckpt=812961 root=2000 anc=612961 anc_per_op=3.0648 ring_peak=6128 wa=4.1848 fsync_p50=42 fsync_p99=42 ckpts=2000 replay_alloc=false
E7RESULT name=cell wl=rand fsync_every=10 ckpt_interval=100 arm=wal_leaf total=764563 journal=22000 ckpt=740563 root=2000 anc=540563 anc_per_op=2.7028 ring_peak=8048 wa=3.8228 fsync_p50=11 fsync_p99=11 ckpts=2000 replay_alloc=true
E7RESULT name=cell wl=rand fsync_every=10 ckpt_interval=1000 arm=intent total=853020 journal=20000 ckpt=813020 root=20000 anc=613020 anc_per_op=3.0651 ring_peak=48 wa=4.2651 fsync_p50=43 fsync_p99=43 ckpts=20000 replay_alloc=false
E7RESULT name=cell wl=rand fsync_every=10 ckpt_interval=1000 arm=wal_full total=833420 journal=20200 ckpt=813020 root=200 anc=613020 anc_per_op=3.0651 ring_peak=59728 wa=4.1671 fsync_p50=42 fsync_p99=42 ckpts=200 replay_alloc=false
E7RESULT name=cell wl=rand fsync_every=10 ckpt_interval=1000 arm=wal_leaf total=640201 journal=20200 ckpt=619801 root=200 anc=419801 anc_per_op=2.0990 ring_peak=63920 wa=3.2010 fsync_p50=11 fsync_p99=11 ckpts=200 replay_alloc=true
E7RESULT name=cell wl=rand fsync_every=1 ckpt_interval=100 arm=intent total=1400000 journal=200000 ckpt=1000000 root=200000 anc=800000 anc_per_op=4.0000 ring_peak=48 wa=7.0000 fsync_p50=7 fsync_p99=7 ckpts=200000 replay_alloc=false
E7RESULT name=cell wl=rand fsync_every=1 ckpt_interval=100 arm=wal_full total=1204000 journal=202000 ckpt=1000000 root=2000 anc=800000 anc_per_op=4.0000 ring_peak=10448 wa=6.0200 fsync_p50=6 fsync_p99=6 ckpts=2000 replay_alloc=false
E7RESULT name=cell wl=rand fsync_every=1 ckpt_interval=100 arm=wal_leaf total=944413 journal=202000 ckpt=740413 root=2000 anc=540413 anc_per_op=2.7021 ring_peak=12344 wa=4.7221 fsync_p50=2 fsync_p99=2 ckpts=2000 replay_alloc=true
E7RESULT name=cell wl=rand fsync_every=1 ckpt_interval=1000 arm=intent total=1400000 journal=200000 ckpt=1000000 root=200000 anc=800000 anc_per_op=4.0000 ring_peak=48 wa=7.0000 fsync_p50=7 fsync_p99=7 ckpts=200000 replay_alloc=false
E7RESULT name=cell wl=rand fsync_every=1 ckpt_interval=1000 arm=wal_full total=1200400 journal=200200 ckpt=1000000 root=200 anc=800000 anc_per_op=4.0000 ring_peak=104048 wa=6.0020 fsync_p50=6 fsync_p99=6 ckpts=200 replay_alloc=false
E7RESULT name=cell wl=rand fsync_every=1 ckpt_interval=1000 arm=wal_leaf total=820263 journal=200200 ckpt=619863 root=200 anc=419863 anc_per_op=2.0993 ring_peak=107120 wa=4.1013 fsync_p50=2 fsync_p99=2 ckpts=200 replay_alloc=true
E7RESULT name=cell wl=metaheavy fsync_every=0 ckpt_interval=100 arm=intent total=820837 journal=2000 ckpt=816837 root=2000 anc=416988 anc_per_op=1.0425 ring_peak=48 wa=2.0521 fsync_p50=0 fsync_p99=0 ckpts=2000 replay_alloc=false
E7RESULT name=cell wl=metaheavy fsync_every=0 ckpt_interval=100 arm=wal_full total=820837 journal=2000 ckpt=816837 root=2000 anc=416988 anc_per_op=1.0425 ring_peak=72 wa=2.0521 fsync_p50=0 fsync_p99=0 ckpts=2000 replay_alloc=false
E7RESULT name=cell wl=metaheavy fsync_every=0 ckpt_interval=100 arm=wal_leaf total=820837 journal=2000 ckpt=816837 root=2000 anc=416988 anc_per_op=1.0425 ring_peak=72 wa=2.0521 fsync_p50=0 fsync_p99=0 ckpts=2000 replay_alloc=true
E7RESULT name=cell wl=metaheavy fsync_every=0 ckpt_interval=1000 arm=intent total=657948 journal=200 ckpt=657548 root=200 anc=259039 anc_per_op=0.6476 ring_peak=48 wa=1.6449 fsync_p50=0 fsync_p99=0 ckpts=200 replay_alloc=false
E7RESULT name=cell wl=metaheavy fsync_every=0 ckpt_interval=1000 arm=wal_full total=657948 journal=200 ckpt=657548 root=200 anc=259039 anc_per_op=0.6476 ring_peak=72 wa=1.6449 fsync_p50=0 fsync_p99=0 ckpts=200 replay_alloc=false
E7RESULT name=cell wl=metaheavy fsync_every=0 ckpt_interval=1000 arm=wal_leaf total=657948 journal=200 ckpt=657548 root=200 anc=259039 anc_per_op=0.6476 ring_peak=72 wa=1.6449 fsync_p50=0 fsync_p99=0 ckpts=200 replay_alloc=true
E7RESULT name=cell wl=metaheavy fsync_every=10 ckpt_interval=100 arm=intent total=1110296 journal=20000 ckpt=1070296 root=20000 anc=670307 anc_per_op=1.6758 ring_peak=48 wa=2.7757 fsync_p50=56 fsync_p99=58 ckpts=20000 replay_alloc=false
E7RESULT name=cell wl=metaheavy fsync_every=10 ckpt_interval=100 arm=wal_full total=1094296 journal=22000 ckpt=1070296 root=2000 anc=670307 anc_per_op=1.6758 ring_peak=1088 wa=2.7357 fsync_p50=55 fsync_p99=57 ckpts=2000 replay_alloc=false
E7RESULT name=cell wl=metaheavy fsync_every=10 ckpt_interval=100 arm=wal_leaf total=840985 journal=22000 ckpt=816985 root=2000 anc=416996 anc_per_op=1.0425 ring_peak=11752 wa=2.1025 fsync_p50=21 fsync_p99=21 ckpts=2000 replay_alloc=true
E7RESULT name=cell wl=metaheavy fsync_every=10 ckpt_interval=1000 arm=intent total=1110528 journal=20000 ckpt=1070528 root=20000 anc=670536 anc_per_op=1.6763 ring_peak=48 wa=2.7763 fsync_p50=56 fsync_p99=58 ckpts=20000 replay_alloc=false
E7RESULT name=cell wl=metaheavy fsync_every=10 ckpt_interval=1000 arm=wal_full total=1090928 journal=20200 ckpt=1070528 root=200 anc=670536 anc_per_op=1.6763 ring_peak=10448 wa=2.7273 fsync_p50=55 fsync_p99=57 ckpts=200 replay_alloc=false
E7RESULT name=cell wl=metaheavy fsync_every=10 ckpt_interval=1000 arm=wal_leaf total=679234 journal=20200 ckpt=658834 root=200 anc=258842 anc_per_op=0.6471 ring_peak=116872 wa=1.6981 fsync_p50=21 fsync_p99=21 ckpts=200 replay_alloc=true
E7RESULT name=cell wl=metaheavy fsync_every=1 ckpt_interval=100 arm=intent total=1987318 journal=200000 ckpt=1587318 root=200000 anc=1187319 anc_per_op=2.9683 ring_peak=48 wa=4.9683 fsync_p50=10 fsync_p99=10 ckpts=200000 replay_alloc=false
E7RESULT name=cell wl=metaheavy fsync_every=1 ckpt_interval=100 arm=wal_full total=1791318 journal=202000 ckpt=1587318 root=2000 anc=1187319 anc_per_op=2.9683 ring_peak=10448 wa=4.4783 fsync_p50=9 fsync_p99=9 ckpts=2000 replay_alloc=false
E7RESULT name=cell wl=metaheavy fsync_every=1 ckpt_interval=100 arm=wal_leaf total=1021143 journal=202000 ckpt=817143 root=2000 anc=417144 anc_per_op=1.0429 ring_peak=16072 wa=2.5529 fsync_p50=3 fsync_p99=3 ckpts=2000 replay_alloc=true
E7RESULT name=cell wl=metaheavy fsync_every=1 ckpt_interval=1000 arm=intent total=1987249 journal=200000 ckpt=1587249 root=200000 anc=1187250 anc_per_op=2.9681 ring_peak=48 wa=4.9681 fsync_p50=10 fsync_p99=10 ckpts=200000 replay_alloc=false
E7RESULT name=cell wl=metaheavy fsync_every=1 ckpt_interval=1000 arm=wal_full total=1787649 journal=200200 ckpt=1587249 root=200 anc=1187250 anc_per_op=2.9681 ring_peak=104048 wa=4.4691 fsync_p50=9 fsync_p99=9 ckpts=200 replay_alloc=false
E7RESULT name=cell wl=metaheavy fsync_every=1 ckpt_interval=1000 arm=wal_leaf total=859450 journal=200200 ckpt=659050 root=200 anc=259051 anc_per_op=0.6476 ring_peak=160072 wa=2.1486 fsync_p50=3 fsync_p99=3 ckpts=200 replay_alloc=true
E7RESULT name=cell wl=multistream fsync_every=0 ckpt_interval=100 arm=intent total=303324 journal=2000 ckpt=299324 root=2000 anc=99324 anc_per_op=0.4966 ring_peak=48 wa=1.5166 fsync_p50=0 fsync_p99=0 ckpts=2000 replay_alloc=false
E7RESULT name=cell wl=multistream fsync_every=0 ckpt_interval=100 arm=wal_full total=303324 journal=2000 ckpt=299324 root=2000 anc=99324 anc_per_op=0.4966 ring_peak=432 wa=1.5166 fsync_p50=0 fsync_p99=0 ckpts=2000 replay_alloc=false
E7RESULT name=cell wl=multistream fsync_every=0 ckpt_interval=100 arm=wal_leaf total=303324 journal=2000 ckpt=299324 root=2000 anc=99324 anc_per_op=0.4966 ring_peak=432 wa=1.5166 fsync_p50=0 fsync_p99=0 ckpts=2000 replay_alloc=true
E7RESULT name=cell wl=multistream fsync_every=0 ckpt_interval=1000 arm=intent total=211744 journal=200 ckpt=211344 root=200 anc=11344 anc_per_op=0.0567 ring_peak=48 wa=1.0587 fsync_p50=0 fsync_p99=0 ckpts=200 replay_alloc=false
E7RESULT name=cell wl=multistream fsync_every=0 ckpt_interval=1000 arm=wal_full total=211744 journal=200 ckpt=211344 root=200 anc=11344 anc_per_op=0.0567 ring_peak=432 wa=1.0587 fsync_p50=0 fsync_p99=0 ckpts=200 replay_alloc=false
E7RESULT name=cell wl=multistream fsync_every=0 ckpt_interval=1000 arm=wal_leaf total=211744 journal=200 ckpt=211344 root=200 anc=11344 anc_per_op=0.0567 ring_peak=432 wa=1.0587 fsync_p50=0 fsync_p99=0 ckpts=200 replay_alloc=true
E7RESULT name=cell wl=multistream fsync_every=10 ckpt_interval=100 arm=intent total=860000 journal=20000 ckpt=820000 root=20000 anc=620000 anc_per_op=3.1000 ring_peak=48 wa=4.3000 fsync_p50=43 fsync_p99=43 ckpts=20000 replay_alloc=false
E7RESULT name=cell wl=multistream fsync_every=10 ckpt_interval=100 arm=wal_full total=844000 journal=22000 ckpt=820000 root=2000 anc=620000 anc_per_op=3.1000 ring_peak=6128 wa=4.2200 fsync_p50=42 fsync_p99=42 ckpts=2000 replay_alloc=false
E7RESULT name=cell wl=multistream fsync_every=10 ckpt_interval=100 arm=wal_leaf total=323324 journal=22000 ckpt=299324 root=2000 anc=99324 anc_per_op=0.4966 ring_peak=6512 wa=1.6166 fsync_p50=11 fsync_p99=11 ckpts=2000 replay_alloc=true
E7RESULT name=cell wl=multistream fsync_every=10 ckpt_interval=1000 arm=intent total=860000 journal=20000 ckpt=820000 root=20000 anc=620000 anc_per_op=3.1000 ring_peak=48 wa=4.3000 fsync_p50=43 fsync_p99=43 ckpts=20000 replay_alloc=false
E7RESULT name=cell wl=multistream fsync_every=10 ckpt_interval=1000 arm=wal_full total=840400 journal=20200 ckpt=820000 root=200 anc=620000 anc_per_op=3.1000 ring_peak=60848 wa=4.2020 fsync_p50=42 fsync_p99=42 ckpts=200 replay_alloc=false
E7RESULT name=cell wl=multistream fsync_every=10 ckpt_interval=1000 arm=wal_leaf total=231744 journal=20200 ckpt=211344 root=200 anc=11344 anc_per_op=0.0567 ring_peak=61232 wa=1.1587 fsync_p50=11 fsync_p99=11 ckpts=200 replay_alloc=true
E7RESULT name=cell wl=multistream fsync_every=1 ckpt_interval=100 arm=intent total=1400000 journal=200000 ckpt=1000000 root=200000 anc=800000 anc_per_op=4.0000 ring_peak=48 wa=7.0000 fsync_p50=7 fsync_p99=7 ckpts=200000 replay_alloc=false
E7RESULT name=cell wl=multistream fsync_every=1 ckpt_interval=100 arm=wal_full total=1204000 journal=202000 ckpt=1000000 root=2000 anc=800000 anc_per_op=4.0000 ring_peak=10448 wa=6.0200 fsync_p50=6 fsync_p99=6 ckpts=2000 replay_alloc=false
E7RESULT name=cell wl=multistream fsync_every=1 ckpt_interval=100 arm=wal_leaf total=503324 journal=202000 ckpt=299324 root=2000 anc=99324 anc_per_op=0.4966 ring_peak=10832 wa=2.5166 fsync_p50=2 fsync_p99=2 ckpts=2000 replay_alloc=true
E7RESULT name=cell wl=multistream fsync_every=1 ckpt_interval=1000 arm=intent total=1400000 journal=200000 ckpt=1000000 root=200000 anc=800000 anc_per_op=4.0000 ring_peak=48 wa=7.0000 fsync_p50=7 fsync_p99=7 ckpts=200000 replay_alloc=false
E7RESULT name=cell wl=multistream fsync_every=1 ckpt_interval=1000 arm=wal_full total=1200400 journal=200200 ckpt=1000000 root=200 anc=800000 anc_per_op=4.0000 ring_peak=104048 wa=6.0020 fsync_p50=6 fsync_p99=6 ckpts=200 replay_alloc=false
E7RESULT name=cell wl=multistream fsync_every=1 ckpt_interval=1000 arm=wal_leaf total=411744 journal=200200 ckpt=211344 root=200 anc=11344 anc_per_op=0.0567 ring_peak=104432 wa=2.0587 fsync_p50=2 fsync_p99=2 ckpts=200 replay_alloc=true
E7RESULT name=discrimination max_ratio=3.7110 zero_fsync_cells=8
E7RESULT name=done emitted=78
