E7RESULT name=config part=s2 arm=K tier=feasibility blocks=10000 states_per_block=65536 seed_s2=0xe162000000000002 seed_read=0xe162000000000005 seed_large=0xe162000000000008
E7RESULT name=environment filesystem_type=ext2/ext3 available_bytes=1980708077568 filesystem_voids_everything=false too_little_space_to_start=false logical_processors=32 redb=4.3.0 rocksdb=0.25.0
E7RESULT name=processors part=s2 arm=K p_a=32 p_b_command=ssh_-o_BatchMode=yes_-o_ConnectTimeout=10_faliye-jplife_nproc p_b_answer=32 p_a_plus_p_b=64 t_state=pending_e161
E7RESULT name=timed_attempt cell=pc-rate-plain arm=K attempt=0 quiet_wait_seconds=0 interference_at_start=2390448:cargo,3106693:cargo,3129290:cargo,3131267:cargo interference_at_end=2390448:cargo,3106693:cargo,3129290:cargo,3131267:cargo load_before=21.93/29.30/38.32 load_after=21.93/29.30/38.32 nvme0n1_written_sectors_before=145120664834 nvme0n1_written_sectors_after=145120950114 exit_code=0
E7RESULT name=timed_attempt cell=pc-rate-sleep arm=K attempt=0 quiet_wait_seconds=0 interference_at_start=2390448:cargo,3106693:cargo,3129290:cargo,3131267:cargo interference_at_end=2390448:cargo,3106693:cargo,3129290:cargo,3131267:cargo load_before=21.93/29.30/38.32 load_after=21.17/28.89/38.09 nvme0n1_written_sectors_before=145120950114 nvme0n1_written_sectors_after=145121237746 exit_code=0
E7RESULT name=positive_control control=PC-rate arm=K plain_commit_median_microseconds=818 sleep_commit_median_microseconds=5962 difference_microseconds=5144 ok=true
E7RESULT name=timed_attempt cell=pc-read arm=K attempt=0 quiet_wait_seconds=0 interference_at_start=2390448:cargo,3106693:cargo,3129290:cargo,3131267:cargo interference_at_end=2390448:cargo,3106693:cargo,3129290:cargo,3131267:cargo
E7RESULT name=positive_control control=PC-read arm=K plain_median_microseconds=8 sleep_median_microseconds=5067 difference_microseconds=5059 ok=true
E7RESULT name=positive_control control=PC-space arm=K before_bytes=65773568 after_bytes=1139519488 difference_bytes=1073745920 ok=true
E7RESULT name=timed_attempt cell=S2-main arm=K attempt=0 quiet_wait_seconds=0 interference_at_start=2390448:cargo,3106693:cargo,3129290:cargo,3131267:cargo interference_at_end=2390448:cargo,3106693:cargo,3129290:cargo,3131267:cargo load_before=20.75/28.68/37.97 load_after=19.70/28.06/37.62 nvme0n1_written_sectors_before=145123348970 nvme0n1_written_sectors_after=145128890074 exit_code=0
E7RESULT name=throughput cell=S2-main arm=K blocks=10000 elapsed_microseconds=13474024 blocks_per_second=742.169 write_states_per_second=48638773.4 commit_median_microseconds=804 commit_percentile_99_microseconds=1293 commit_maximum_microseconds=1733112 raw_median_microseconds=752 commit_waits_for_device=true interfered=true writer_exit=0 writer_error=- stopped_h3=false open_microseconds=9635 break_even_thread_seconds_per_state_thread_seconds=1.315823e-6 q2a_verdict=pending_e161
E7RESULT name=window cell=S2-main arm=K window=0 end_microseconds=795043 states_per_second=82430761.6
E7RESULT name=window cell=S2-main arm=K window=1 end_microseconds=1593465 states_per_second=82081906.6
E7RESULT name=window cell=S2-main arm=K window=2 end_microseconds=2374712 states_per_second=83886402.1
E7RESULT name=window cell=S2-main arm=K window=3 end_microseconds=6452277 states_per_second=16072337.3
E7RESULT name=window cell=S2-main arm=K window=4 end_microseconds=7235446 states_per_second=83680533.8
E7RESULT name=window cell=S2-main arm=K window=5 end_microseconds=8021498 states_per_second=83373619.0
E7RESULT name=window cell=S2-main arm=K window=6 end_microseconds=8808101 states_per_second=83315217.5
E7RESULT name=window cell=S2-main arm=K window=7 end_microseconds=11878519 states_per_second=21344325.1
E7RESULT name=window cell=S2-main arm=K window=8 end_microseconds=12676469 states_per_second=82130459.3
E7RESULT name=window cell=S2-main arm=K window=9 end_microseconds=13474024 states_per_second=82171135.5
E7RESULT name=window_summary cell=S2-main arm=K windows=10 minimum_states_per_second=16072337.3 last_states_per_second=82171135.5 break_even_thread_seconds_per_state_minimum_window_thread_seconds=3.981997e-6 q2b_verdict=pending_e161
E7RESULT name=backlog cell=S2-main arm=K backlog_rate_percent_of_measured=50 maximum_backlog_states=22860 peak_at_block=1
E7RESULT name=backlog cell=S2-main arm=K backlog_rate_percent_of_measured=75 maximum_backlog_states=34290 peak_at_block=1
E7RESULT name=backlog cell=S2-main arm=K backlog_rate_percent_of_measured=90 maximum_backlog_states=22508023 peak_at_block=3934
E7RESULT name=backlog cell=S2-main arm=K backlog_rate_percent_of_measured=100 maximum_backlog_states=58926500 peak_at_block=7802
E7RESULT name=occupancy cell=S2-main arm=K written_before=1000 written_after=1000 occupancy_bytes=140869632 ratio_high=2.1495 ratio_low=2.1495
E7RESULT name=occupancy cell=S2-main arm=K written_before=2000 written_after=2000 occupancy_bytes=203665408 ratio_high=1.5538 ratio_low=1.5538
E7RESULT name=occupancy cell=S2-main arm=K written_before=3000 written_after=3000 occupancy_bytes=266461184 ratio_high=1.3553 ratio_low=1.3553
E7RESULT name=occupancy cell=S2-main arm=K written_before=4000 written_after=4000 occupancy_bytes=329252864 ratio_high=1.2560 ratio_low=1.2560
E7RESULT name=occupancy cell=S2-main arm=K written_before=5000 written_after=5000 occupancy_bytes=392048640 ratio_high=1.1964 ratio_low=1.1964
E7RESULT name=occupancy cell=S2-main arm=K written_before=6000 written_after=6000 occupancy_bytes=454844416 ratio_high=1.1567 ratio_low=1.1567
E7RESULT name=occupancy cell=S2-main arm=K written_before=7000 written_after=7000 occupancy_bytes=517640192 ratio_high=1.1284 ratio_low=1.1284
E7RESULT name=occupancy cell=S2-main arm=K written_before=8000 written_after=8000 occupancy_bytes=580435968 ratio_high=1.1071 ratio_low=1.1071
E7RESULT name=occupancy cell=S2-main arm=K written_before=9000 written_after=9000 occupancy_bytes=643231744 ratio_high=1.0905 ratio_low=1.0905
E7RESULT name=occupancy cell=S2-main arm=K written_before=10000 written_after=10000 occupancy_bytes=706027520 ratio_high=1.0773 ratio_low=1.0773
E7RESULT name=occupancy_summary cell=S2-main arm=K samples=10 peak_ratio_high=2.1495 peak_ratio_low=2.1495 after_close_bytes=656228352 after_close_ratio=1.0013 milestone_bytes_at_peak_high=40840500000 clause_bytes_at_peak_high=32242500000 available_bytes=1980708077568 q2e_flips_at_1_9e10=false q2e_flips_at_1_5e10=false q2e_flips_at_1_9e10_using_low=false
E7RESULT name=a_count cell=S2-main arm=K keys=10000 value_bytes=655360000 expected_keys=10000 expected_value_bytes=655360000 a_count_ok=true
E7RESULT name=random_read cell=S2-main arm=K pass=cold cache_dropped=true reads=10000 distinct_blocks=6308 median_microseconds=157 percentile_99_microseconds=367 maximum_microseconds=60616 mismatches=0 read_bytes_delta=427773952 v8_cold_cache_ok=true open_microseconds=6484 t_state_flip_below_thread_seconds=5.599976e-9 q2d_verdict=pending_e161 interference_at_start=2390448:cargo,3106693:cargo,3129290:cargo,3131267:cargo interference_at_end=2390448:cargo,3106693:cargo,3129290:cargo,3131267:cargo
E7RESULT name=random_read cell=S2-main arm=K pass=warm cache_dropped=true reads=10000 distinct_blocks=6308 median_microseconds=12 percentile_99_microseconds=21 maximum_microseconds=999 mismatches=0 read_bytes_delta=0 v8_cold_cache_ok=true open_microseconds=6484 t_state_flip_below_thread_seconds=3.204346e-10 q2d_verdict=report_only interference_at_start=2390448:cargo,3106693:cargo,3129290:cargo,3131267:cargo interference_at_end=2390448:cargo,3106693:cargo,3129290:cargo,3131267:cargo
E7RESULT name=verdict part=s2 arm=K tier=feasibility judgement=not_judged_feasibility_tier_only blocks=10000 pc_rate_ok=true pc_read_ok=true pc_space_ok=true s2_main_write_states_per_second=48638773.4 q2a_verdict=pending_e161 s1_large=not_run_feasibility_tier
E7RESULT name=done emitted=42
