E7RESULT name=config part=s2 arm=R1 tier=feasibility blocks=10000 states_per_block=65536 seed_s2=0xe162000000000002 seed_read=0xe162000000000005 seed_large=0xe162000000000008
E7RESULT name=environment filesystem_type=ext2/ext3 available_bytes=1979601149952 filesystem_voids_everything=false too_little_space_to_start=false logical_processors=32 redb=4.3.0 rocksdb=0.25.0
E7RESULT name=processors part=s2 arm=R1 p_a=32 p_b_command=ssh_-o_BatchMode=yes_-o_ConnectTimeout=10_faliye-jplife_nproc p_b_answer=32 p_a_plus_p_b=64 t_state=pending_e161
E7RESULT name=timed_attempt cell=pc-rate-plain arm=R1 attempt=0 quiet_wait_seconds=0 interference_at_start=2390448:cargo,3106693:cargo,3125939:cargo,3129290:cargo interference_at_end=2390448:cargo,3106693:cargo,3125939:cargo,3129290:cargo load_before=22.05/32.15/40.08 load_after=21.64/31.90/39.95 nvme0n1_written_sectors_before=145082290722 nvme0n1_written_sectors_after=145082703746 exit_code=0
E7RESULT name=timed_attempt cell=pc-rate-sleep arm=R1 attempt=0 quiet_wait_seconds=0 interference_at_start=2390448:cargo,3106693:cargo,3125939:cargo,3129290:cargo interference_at_end=2390448:cargo,3106693:cargo,3125939:cargo,3129290:cargo load_before=21.64/31.90/39.95 load_after=21.19/31.63/39.82 nvme0n1_written_sectors_before=145082703746 nvme0n1_written_sectors_after=145083110810 exit_code=0
E7RESULT name=positive_control control=PC-rate arm=R1 plain_commit_median_microseconds=1264 sleep_commit_median_microseconds=6506 difference_microseconds=5242 ok=true
E7RESULT name=timed_attempt cell=pc-read arm=R1 attempt=0 quiet_wait_seconds=0 interference_at_start=2390448:cargo,3106693:cargo,3125939:cargo,3129290:cargo interference_at_end=2390448:cargo,3106693:cargo,3125939:cargo,3129290:cargo
E7RESULT name=positive_control control=PC-read arm=R1 plain_median_microseconds=25 sleep_median_microseconds=5090 difference_microseconds=5065 ok=true
E7RESULT name=positive_control control=PC-space arm=R1 before_bytes=131260416 after_bytes=1205006336 difference_bytes=1073745920 ok=true
E7RESULT name=timed_attempt cell=S2-main arm=R1 attempt=0 quiet_wait_seconds=0 interference_at_start=2390448:cargo,3106693:cargo,3125939:cargo,3129290:cargo interference_at_end=2390448:cargo,3106693:cargo,3129290:cargo,3131267:cargo load_before=20.93/31.41/39.71 load_after=20.17/30.55/39.25 nvme0n1_written_sectors_before=145085213162 nvme0n1_written_sectors_after=145091616466 exit_code=0
E7RESULT name=throughput cell=S2-main arm=R1 blocks=10000 elapsed_microseconds=19508301 blocks_per_second=512.602 write_states_per_second=33593904.5 commit_median_microseconds=1550 commit_percentile_99_microseconds=4352 commit_maximum_microseconds=115139 raw_median_microseconds=765 commit_waits_for_device=true interfered=true writer_exit=0 writer_error=- stopped_h3=false open_microseconds=3845 break_even_thread_seconds_per_state_thread_seconds=1.905108e-6 q2a_verdict=pending_e161
E7RESULT name=window cell=S2-main arm=R1 window=0 end_microseconds=1266552 states_per_second=51743631.5
E7RESULT name=window cell=S2-main arm=R1 window=1 end_microseconds=2591087 states_per_second=49478496.2
E7RESULT name=window cell=S2-main arm=R1 window=2 end_microseconds=7115874 states_per_second=14483775.7
E7RESULT name=window cell=S2-main arm=R1 window=3 end_microseconds=8592342 states_per_second=44387010.1
E7RESULT name=window cell=S2-main arm=R1 window=4 end_microseconds=10222519 states_per_second=40201769.5
E7RESULT name=window cell=S2-main arm=R1 window=5 end_microseconds=11779711 states_per_second=42086011.2
E7RESULT name=window cell=S2-main arm=R1 window=6 end_microseconds=13784034 states_per_second=32697324.7
E7RESULT name=window cell=S2-main arm=R1 window=7 end_microseconds=15367202 states_per_second=41395480.5
E7RESULT name=window cell=S2-main arm=R1 window=8 end_microseconds=17038758 states_per_second=39206583.6
E7RESULT name=window cell=S2-main arm=R1 window=9 end_microseconds=19508301 states_per_second=26537703.5
E7RESULT name=window_summary cell=S2-main arm=R1 windows=10 minimum_states_per_second=14483775.7 last_states_per_second=26537703.5 break_even_thread_seconds_per_state_minimum_window_thread_seconds=4.418737e-6 q2b_verdict=pending_e161
E7RESULT name=backlog cell=S2-main arm=R1 backlog_rate_percent_of_measured=50 maximum_backlog_states=20140 peak_at_block=1
E7RESULT name=backlog cell=S2-main arm=R1 backlog_rate_percent_of_measured=75 maximum_backlog_states=30209 peak_at_block=1
E7RESULT name=backlog cell=S2-main arm=R1 backlog_rate_percent_of_measured=90 maximum_backlog_states=27058037 peak_at_block=2594
E7RESULT name=backlog cell=S2-main arm=R1 backlog_rate_percent_of_measured=100 maximum_backlog_states=48946136 peak_at_block=2594
E7RESULT name=occupancy cell=S2-main arm=R1 written_before=1000 written_after=1000 occupancy_bytes=131260416 ratio_high=2.0029 ratio_low=2.0029
E7RESULT name=occupancy cell=S2-main arm=R1 written_before=2000 written_after=2000 occupancy_bytes=262414336 ratio_high=2.0021 ratio_low=2.0021
E7RESULT name=occupancy cell=S2-main arm=R1 written_before=3000 written_after=3000 occupancy_bytes=393617408 ratio_high=2.0020 ratio_low=2.0020
E7RESULT name=occupancy cell=S2-main arm=R1 written_before=4000 written_after=4000 occupancy_bytes=524771328 ratio_high=2.0018 ratio_low=2.0018
E7RESULT name=occupancy cell=S2-main arm=R1 written_before=5000 written_after=5000 occupancy_bytes=655974400 ratio_high=2.0019 ratio_low=2.0019
E7RESULT name=occupancy cell=S2-main arm=R1 written_before=6000 written_after=6000 occupancy_bytes=787120128 ratio_high=2.0017 ratio_low=2.0017
E7RESULT name=occupancy cell=S2-main arm=R1 written_before=7000 written_after=7000 occupancy_bytes=918364160 ratio_high=2.0019 ratio_low=2.0019
E7RESULT name=occupancy cell=S2-main arm=R1 written_before=8000 written_after=8000 occupancy_bytes=1049468928 ratio_high=2.0017 ratio_low=2.0017
E7RESULT name=occupancy cell=S2-main arm=R1 written_before=9000 written_after=9000 occupancy_bytes=1180835840 ratio_high=2.0020 ratio_low=2.0020
E7RESULT name=occupancy cell=S2-main arm=R1 written_before=10000 written_after=10000 occupancy_bytes=1312096256 ratio_high=2.0021 ratio_low=2.0021
E7RESULT name=occupancy_summary cell=S2-main arm=R1 samples=10 peak_ratio_high=2.0029 peak_ratio_low=2.0029 after_close_bytes=1312096256 after_close_ratio=2.0021 milestone_bytes_at_peak_high=38054625000 clause_bytes_at_peak_high=30043125000 available_bytes=1979601149952 q2e_flips_at_1_9e10=false q2e_flips_at_1_5e10=false q2e_flips_at_1_9e10_using_low=false
E7RESULT name=a_count cell=S2-main arm=R1 keys=10000 value_bytes=655360000 expected_keys=10000 expected_value_bytes=655360000 a_count_ok=true
E7RESULT name=random_read cell=S2-main arm=R1 pass=cold cache_dropped=true reads=10000 distinct_blocks=6308 median_microseconds=230 percentile_99_microseconds=352 maximum_microseconds=612 mismatches=0 read_bytes_delta=827998208 v8_cold_cache_ok=true open_microseconds=1369 t_state_flip_below_thread_seconds=5.371094e-9 q2d_verdict=pending_e161 interference_at_start=2390448:cargo,3106693:cargo,3129290:cargo,3131267:cargo interference_at_end=2390448:cargo,3106693:cargo,3129290:cargo,3131267:cargo,3134354:cargo
E7RESULT name=random_read cell=S2-main arm=R1 pass=warm cache_dropped=true reads=10000 distinct_blocks=6308 median_microseconds=5 percentile_99_microseconds=8 maximum_microseconds=160 mismatches=0 read_bytes_delta=0 v8_cold_cache_ok=true open_microseconds=1369 t_state_flip_below_thread_seconds=1.220703e-10 q2d_verdict=report_only interference_at_start=2390448:cargo,3106693:cargo,3129290:cargo,3131267:cargo interference_at_end=2390448:cargo,3106693:cargo,3129290:cargo,3131267:cargo,3134354:cargo
E7RESULT name=verdict part=s2 arm=R1 tier=feasibility judgement=not_judged_feasibility_tier_only blocks=10000 pc_rate_ok=true pc_read_ok=true pc_space_ok=true s2_main_write_states_per_second=33593904.5 q2a_verdict=pending_e161 s1_large=not_run_feasibility_tier
E7RESULT name=done emitted=42
