E7RESULT name=config base_meta_tenths=1580 base_meta_raid_tenths=2020 zfs_tenths=1280 btrfs_4k_tenths=825 btrfs_128k_tenths=2073 node_hdr=64 ptr_bytes=40 leaves=16777216 in_unit_hdr=105 out_of_unit_ptr=53
E7RESULT name=space unit=4096 n=0 counted_tenths=1580 counted_pct_milli=3857 uncounted_tenths=1580 uncounted_pct_milli=3857 raid_counted_tenths=2020 raid_counted_pct_milli=4932 zfs_tenths=1280 btrfs_tenths=825 cheaper_than_zfs=0 raid_cheaper_than_zfs=0
E7RESULT name=space unit=4096 n=16 counted_tenths=1740 counted_pct_milli=4248 uncounted_tenths=1580 uncounted_pct_milli=3857 raid_counted_tenths=2180 raid_counted_pct_milli=5322 zfs_tenths=1280 btrfs_tenths=825 cheaper_than_zfs=0 raid_cheaper_than_zfs=0
E7RESULT name=space unit=4096 n=32 counted_tenths=1900 counted_pct_milli=4639 uncounted_tenths=1580 uncounted_pct_milli=3857 raid_counted_tenths=2340 raid_counted_pct_milli=5713 zfs_tenths=1280 btrfs_tenths=825 cheaper_than_zfs=0 raid_cheaper_than_zfs=0
E7RESULT name=space unit=4096 n=64 counted_tenths=2220 counted_pct_milli=5420 uncounted_tenths=1580 uncounted_pct_milli=3857 raid_counted_tenths=2660 raid_counted_pct_milli=6494 zfs_tenths=1280 btrfs_tenths=825 cheaper_than_zfs=0 raid_cheaper_than_zfs=0
E7RESULT name=space unit=4096 n=128 counted_tenths=2860 counted_pct_milli=6982 uncounted_tenths=1580 uncounted_pct_milli=3857 raid_counted_tenths=3300 raid_counted_pct_milli=8057 zfs_tenths=1280 btrfs_tenths=825 cheaper_than_zfs=0 raid_cheaper_than_zfs=0
E7RESULT name=space unit=4096 n=256 counted_tenths=4140 counted_pct_milli=10107 uncounted_tenths=1580 uncounted_pct_milli=3857 raid_counted_tenths=4580 raid_counted_pct_milli=11182 zfs_tenths=1280 btrfs_tenths=825 cheaper_than_zfs=0 raid_cheaper_than_zfs=0
E7RESULT name=space unit=4096 n=512 counted_tenths=6700 counted_pct_milli=16357 uncounted_tenths=1580 uncounted_pct_milli=3857 raid_counted_tenths=7140 raid_counted_pct_milli=17432 zfs_tenths=1280 btrfs_tenths=825 cheaper_than_zfs=0 raid_cheaper_than_zfs=0
E7RESULT name=space unit=16384 n=0 counted_tenths=1580 counted_pct_milli=964 uncounted_tenths=1580 uncounted_pct_milli=964 raid_counted_tenths=2020 raid_counted_pct_milli=1233 zfs_tenths=1280 btrfs_tenths=NA cheaper_than_zfs=0 raid_cheaper_than_zfs=0
E7RESULT name=space unit=16384 n=16 counted_tenths=1740 counted_pct_milli=1062 uncounted_tenths=1580 uncounted_pct_milli=964 raid_counted_tenths=2180 raid_counted_pct_milli=1331 zfs_tenths=1280 btrfs_tenths=NA cheaper_than_zfs=0 raid_cheaper_than_zfs=0
E7RESULT name=space unit=16384 n=32 counted_tenths=1900 counted_pct_milli=1160 uncounted_tenths=1580 uncounted_pct_milli=964 raid_counted_tenths=2340 raid_counted_pct_milli=1428 zfs_tenths=1280 btrfs_tenths=NA cheaper_than_zfs=0 raid_cheaper_than_zfs=0
E7RESULT name=space unit=16384 n=64 counted_tenths=2220 counted_pct_milli=1355 uncounted_tenths=1580 uncounted_pct_milli=964 raid_counted_tenths=2660 raid_counted_pct_milli=1624 zfs_tenths=1280 btrfs_tenths=NA cheaper_than_zfs=0 raid_cheaper_than_zfs=0
E7RESULT name=space unit=16384 n=128 counted_tenths=2860 counted_pct_milli=1746 uncounted_tenths=1580 uncounted_pct_milli=964 raid_counted_tenths=3300 raid_counted_pct_milli=2014 zfs_tenths=1280 btrfs_tenths=NA cheaper_than_zfs=0 raid_cheaper_than_zfs=0
E7RESULT name=space unit=16384 n=256 counted_tenths=4140 counted_pct_milli=2527 uncounted_tenths=1580 uncounted_pct_milli=964 raid_counted_tenths=4580 raid_counted_pct_milli=2795 zfs_tenths=1280 btrfs_tenths=NA cheaper_than_zfs=0 raid_cheaper_than_zfs=0
E7RESULT name=space unit=16384 n=512 counted_tenths=6700 counted_pct_milli=4089 uncounted_tenths=1580 uncounted_pct_milli=964 raid_counted_tenths=7140 raid_counted_pct_milli=4358 zfs_tenths=1280 btrfs_tenths=NA cheaper_than_zfs=0 raid_cheaper_than_zfs=0
E7RESULT name=space unit=65536 n=0 counted_tenths=1580 counted_pct_milli=241 uncounted_tenths=1580 uncounted_pct_milli=241 raid_counted_tenths=2020 raid_counted_pct_milli=308 zfs_tenths=1280 btrfs_tenths=NA cheaper_than_zfs=0 raid_cheaper_than_zfs=0
E7RESULT name=space unit=65536 n=16 counted_tenths=1740 counted_pct_milli=266 uncounted_tenths=1580 uncounted_pct_milli=241 raid_counted_tenths=2180 raid_counted_pct_milli=333 zfs_tenths=1280 btrfs_tenths=NA cheaper_than_zfs=0 raid_cheaper_than_zfs=0
E7RESULT name=space unit=65536 n=32 counted_tenths=1900 counted_pct_milli=290 uncounted_tenths=1580 uncounted_pct_milli=241 raid_counted_tenths=2340 raid_counted_pct_milli=357 zfs_tenths=1280 btrfs_tenths=NA cheaper_than_zfs=0 raid_cheaper_than_zfs=0
E7RESULT name=space unit=65536 n=64 counted_tenths=2220 counted_pct_milli=339 uncounted_tenths=1580 uncounted_pct_milli=241 raid_counted_tenths=2660 raid_counted_pct_milli=406 zfs_tenths=1280 btrfs_tenths=NA cheaper_than_zfs=0 raid_cheaper_than_zfs=0
E7RESULT name=space unit=65536 n=128 counted_tenths=2860 counted_pct_milli=436 uncounted_tenths=1580 uncounted_pct_milli=241 raid_counted_tenths=3300 raid_counted_pct_milli=504 zfs_tenths=1280 btrfs_tenths=NA cheaper_than_zfs=0 raid_cheaper_than_zfs=0
E7RESULT name=space unit=65536 n=256 counted_tenths=4140 counted_pct_milli=632 uncounted_tenths=1580 uncounted_pct_milli=241 raid_counted_tenths=4580 raid_counted_pct_milli=699 zfs_tenths=1280 btrfs_tenths=NA cheaper_than_zfs=0 raid_cheaper_than_zfs=0
E7RESULT name=space unit=65536 n=512 counted_tenths=6700 counted_pct_milli=1022 uncounted_tenths=1580 uncounted_pct_milli=241 raid_counted_tenths=7140 raid_counted_pct_milli=1089 zfs_tenths=1280 btrfs_tenths=NA cheaper_than_zfs=0 raid_cheaper_than_zfs=0
E7RESULT name=space unit=131072 n=0 counted_tenths=1580 counted_pct_milli=121 uncounted_tenths=1580 uncounted_pct_milli=121 raid_counted_tenths=2020 raid_counted_pct_milli=154 zfs_tenths=1280 btrfs_tenths=2073 cheaper_than_zfs=0 raid_cheaper_than_zfs=0
E7RESULT name=space unit=131072 n=16 counted_tenths=1740 counted_pct_milli=133 uncounted_tenths=1580 uncounted_pct_milli=121 raid_counted_tenths=2180 raid_counted_pct_milli=166 zfs_tenths=1280 btrfs_tenths=2073 cheaper_than_zfs=0 raid_cheaper_than_zfs=0
E7RESULT name=space unit=131072 n=32 counted_tenths=1900 counted_pct_milli=145 uncounted_tenths=1580 uncounted_pct_milli=121 raid_counted_tenths=2340 raid_counted_pct_milli=179 zfs_tenths=1280 btrfs_tenths=2073 cheaper_than_zfs=0 raid_cheaper_than_zfs=0
E7RESULT name=space unit=131072 n=64 counted_tenths=2220 counted_pct_milli=169 uncounted_tenths=1580 uncounted_pct_milli=121 raid_counted_tenths=2660 raid_counted_pct_milli=203 zfs_tenths=1280 btrfs_tenths=2073 cheaper_than_zfs=0 raid_cheaper_than_zfs=0
E7RESULT name=space unit=131072 n=128 counted_tenths=2860 counted_pct_milli=218 uncounted_tenths=1580 uncounted_pct_milli=121 raid_counted_tenths=3300 raid_counted_pct_milli=252 zfs_tenths=1280 btrfs_tenths=2073 cheaper_than_zfs=0 raid_cheaper_than_zfs=0
E7RESULT name=space unit=131072 n=256 counted_tenths=4140 counted_pct_milli=316 uncounted_tenths=1580 uncounted_pct_milli=121 raid_counted_tenths=4580 raid_counted_pct_milli=349 zfs_tenths=1280 btrfs_tenths=2073 cheaper_than_zfs=0 raid_cheaper_than_zfs=0
E7RESULT name=space unit=131072 n=512 counted_tenths=6700 counted_pct_milli=511 uncounted_tenths=1580 uncounted_pct_milli=121 raid_counted_tenths=7140 raid_counted_pct_milli=545 zfs_tenths=1280 btrfs_tenths=2073 cheaper_than_zfs=0 raid_cheaper_than_zfs=0
E7RESULT name=geom carrier=all_units node=2048 n=0 fanout=49 height=5 height_delta=0
E7RESULT name=geom carrier=all_units node=2048 n=16 fanout=49 height=5 height_delta=0
E7RESULT name=geom carrier=all_units node=2048 n=32 fanout=48 height=5 height_delta=0
E7RESULT name=geom carrier=all_units node=2048 n=64 fanout=48 height=5 height_delta=0
E7RESULT name=geom carrier=all_units node=2048 n=128 fanout=46 height=5 height_delta=0
E7RESULT name=geom carrier=all_units node=2048 n=256 fanout=43 height=5 height_delta=0
E7RESULT name=geom carrier=all_units node=2048 n=512 fanout=36 height=5 height_delta=0
E7RESULT name=geom_threshold carrier=all_units node=2048 height_grows_at=865
E7RESULT name=geom carrier=all_units node=4096 n=0 fanout=100 height=4 height_delta=0
E7RESULT name=geom carrier=all_units node=4096 n=16 fanout=100 height=4 height_delta=0
E7RESULT name=geom carrier=all_units node=4096 n=32 fanout=100 height=4 height_delta=0
E7RESULT name=geom carrier=all_units node=4096 n=64 fanout=99 height=4 height_delta=0
E7RESULT name=geom carrier=all_units node=4096 n=128 fanout=97 height=4 height_delta=0
E7RESULT name=geom carrier=all_units node=4096 n=256 fanout=94 height=4 height_delta=0
E7RESULT name=geom carrier=all_units node=4096 n=512 fanout=88 height=4 height_delta=0
E7RESULT name=geom_threshold carrier=all_units node=4096 height_grows_at=1473
E7RESULT name=geom carrier=all_units node=16384 n=0 fanout=408 height=3 height_delta=0
E7RESULT name=geom carrier=all_units node=16384 n=16 fanout=407 height=3 height_delta=0
E7RESULT name=geom carrier=all_units node=16384 n=32 fanout=407 height=3 height_delta=0
E7RESULT name=geom carrier=all_units node=16384 n=64 fanout=406 height=3 height_delta=0
E7RESULT name=geom carrier=all_units node=16384 n=128 fanout=404 height=3 height_delta=0
E7RESULT name=geom carrier=all_units node=16384 n=256 fanout=401 height=3 height_delta=0
E7RESULT name=geom carrier=all_units node=16384 n=512 fanout=395 height=3 height_delta=0
E7RESULT name=geom_threshold carrier=all_units node=16384 height_grows_at=6081
E7RESULT name=geom carrier=all_units node=65536 n=0 fanout=1636 height=3 height_delta=0
E7RESULT name=geom carrier=all_units node=65536 n=16 fanout=1636 height=3 height_delta=0
E7RESULT name=geom carrier=all_units node=65536 n=32 fanout=1636 height=3 height_delta=0
E7RESULT name=geom carrier=all_units node=65536 n=64 fanout=1635 height=3 height_delta=0
E7RESULT name=geom carrier=all_units node=65536 n=128 fanout=1633 height=3 height_delta=0
E7RESULT name=geom carrier=all_units node=65536 n=256 fanout=1630 height=3 height_delta=0
E7RESULT name=geom carrier=all_units node=65536 n=512 fanout=1624 height=3 height_delta=0
E7RESULT name=geom_threshold carrier=all_units node=65536 height_grows_at=55233
E7RESULT name=geom carrier=data_only node=2048 n=0 fanout=49 height=5 height_delta=0
E7RESULT name=geom carrier=data_only node=2048 n=16 fanout=49 height=5 height_delta=0
E7RESULT name=geom carrier=data_only node=2048 n=32 fanout=49 height=5 height_delta=0
E7RESULT name=geom carrier=data_only node=2048 n=64 fanout=49 height=5 height_delta=0
E7RESULT name=geom carrier=data_only node=2048 n=128 fanout=49 height=5 height_delta=0
E7RESULT name=geom carrier=data_only node=2048 n=256 fanout=49 height=5 height_delta=0
E7RESULT name=geom carrier=data_only node=2048 n=512 fanout=49 height=5 height_delta=0
E7RESULT name=geom_threshold carrier=data_only node=2048 height_grows_at=never
E7RESULT name=geom carrier=data_only node=4096 n=0 fanout=100 height=4 height_delta=0
E7RESULT name=geom carrier=data_only node=4096 n=16 fanout=100 height=4 height_delta=0
E7RESULT name=geom carrier=data_only node=4096 n=32 fanout=100 height=4 height_delta=0
E7RESULT name=geom carrier=data_only node=4096 n=64 fanout=100 height=4 height_delta=0
E7RESULT name=geom carrier=data_only node=4096 n=128 fanout=100 height=4 height_delta=0
E7RESULT name=geom carrier=data_only node=4096 n=256 fanout=100 height=4 height_delta=0
E7RESULT name=geom carrier=data_only node=4096 n=512 fanout=100 height=4 height_delta=0
E7RESULT name=geom_threshold carrier=data_only node=4096 height_grows_at=never
E7RESULT name=geom carrier=data_only node=16384 n=0 fanout=408 height=3 height_delta=0
E7RESULT name=geom carrier=data_only node=16384 n=16 fanout=408 height=3 height_delta=0
E7RESULT name=geom carrier=data_only node=16384 n=32 fanout=408 height=3 height_delta=0
E7RESULT name=geom carrier=data_only node=16384 n=64 fanout=408 height=3 height_delta=0
E7RESULT name=geom carrier=data_only node=16384 n=128 fanout=408 height=3 height_delta=0
E7RESULT name=geom carrier=data_only node=16384 n=256 fanout=408 height=3 height_delta=0
E7RESULT name=geom carrier=data_only node=16384 n=512 fanout=408 height=3 height_delta=0
E7RESULT name=geom_threshold carrier=data_only node=16384 height_grows_at=never
E7RESULT name=geom carrier=data_only node=65536 n=0 fanout=1636 height=3 height_delta=0
E7RESULT name=geom carrier=data_only node=65536 n=16 fanout=1636 height=3 height_delta=0
E7RESULT name=geom carrier=data_only node=65536 n=32 fanout=1636 height=3 height_delta=0
E7RESULT name=geom carrier=data_only node=65536 n=64 fanout=1636 height=3 height_delta=0
E7RESULT name=geom carrier=data_only node=65536 n=128 fanout=1636 height=3 height_delta=0
E7RESULT name=geom carrier=data_only node=65536 n=256 fanout=1636 height=3 height_delta=0
E7RESULT name=geom carrier=data_only node=65536 n=512 fanout=1636 height=3 height_delta=0
E7RESULT name=geom_threshold carrier=data_only node=65536 height_grows_at=never
E7RESULT name=bounds n_min_bare=7 n_min_quota=9 n_min_with_csum=11 n_min_full=13 len_field_max_bytes=65535 len2_covers_128k=0 n_max_counted_zfs=0 raid_cheaper_than_zfs_at_zero=0 n_max_payload_4k=3990 n_max_payload_128k=130966 n_max_node_2k=1944 n_max_node_64k=65432 btrfs_half_holds_at_zero=0 n_max_geom_all_units=864 n_max_geom_data_only=unbounded
E7RESULT name=interval counted_lo=9 counted_hi=0 counted_contains_128=0 uncounted_lo=9 uncounted_hi=864 uncounted_contains_128=1
E7RESULT name=self_witness kind=journal_record hdr=78 atomic=512 room=434 slots_per_atomic=NA
E7RESULT name=self_witness kind=journal_record hdr=78 atomic=4096 room=4018 slots_per_atomic=NA
E7RESULT name=self_witness kind=root_slot slot=256 atomic=512 room_upper=255 slots_per_atomic=2
E7RESULT name=self_witness kind=root_slot slot=256 atomic=4096 room_upper=255 slots_per_atomic=16
E7RESULT name=poscontrol_slot slot=512 atomic=512 slots_per_atomic=1 slot=256_atomic=512_slots=2
E7RESULT name=self_witness_bound n_max_journal_512=434 n_max_root_slot_256=255 n_max_if_self_witness_carries=255
E7RESULT name=mount_eval atomic=512 slot=256 n=0 unit=4096 node=4096 verdict=reject_slot_shares_atomic
E7RESULT name=mount_eval atomic=512 slot=256 n=128 unit=4096 node=4096 verdict=reject_slot_shares_atomic
E7RESULT name=mount_eval atomic=512 slot=256 n=512 unit=4096 node=4096 verdict=reject_slot_shares_atomic
E7RESULT name=mount_eval atomic=512 slot=512 n=0 unit=4096 node=4096 verdict=ok
E7RESULT name=mount_eval atomic=512 slot=512 n=128 unit=4096 node=4096 verdict=ok
E7RESULT name=mount_eval atomic=512 slot=512 n=512 unit=4096 node=4096 verdict=reject_self_witness_overflow
E7RESULT name=mount_eval atomic=512 slot=4096 n=0 unit=4096 node=4096 verdict=ok
E7RESULT name=mount_eval atomic=512 slot=4096 n=128 unit=4096 node=4096 verdict=ok
E7RESULT name=mount_eval atomic=512 slot=4096 n=512 unit=4096 node=4096 verdict=reject_self_witness_overflow
E7RESULT name=mount_eval atomic=4096 slot=256 n=0 unit=4096 node=4096 verdict=reject_slot_shares_atomic
E7RESULT name=mount_eval atomic=4096 slot=256 n=128 unit=4096 node=4096 verdict=reject_slot_shares_atomic
E7RESULT name=mount_eval atomic=4096 slot=256 n=512 unit=4096 node=4096 verdict=reject_slot_shares_atomic
E7RESULT name=mount_eval atomic=4096 slot=512 n=0 unit=4096 node=4096 verdict=reject_slot_shares_atomic
E7RESULT name=mount_eval atomic=4096 slot=512 n=128 unit=4096 node=4096 verdict=reject_slot_shares_atomic
E7RESULT name=mount_eval atomic=4096 slot=512 n=512 unit=4096 node=4096 verdict=reject_slot_shares_atomic
E7RESULT name=mount_eval atomic=4096 slot=4096 n=0 unit=4096 node=4096 verdict=ok
E7RESULT name=mount_eval atomic=4096 slot=4096 n=128 unit=4096 node=4096 verdict=ok
E7RESULT name=mount_eval atomic=4096 slot=4096 n=512 unit=4096 node=4096 verdict=ok
E7RESULT name=poscontrol_space unit=4096 n=2048 pct_milli_at_zero=3857 pct_milli_at_half=53857
E7RESULT name=poscontrol_space unit=16384 n=8192 pct_milli_at_zero=964 pct_milli_at_half=50964
E7RESULT name=poscontrol_space unit=65536 n=32768 pct_milli_at_zero=241 pct_milli_at_half=50241
E7RESULT name=poscontrol_space unit=131072 n=65536 pct_milli_at_zero=121 pct_milli_at_half=50121
E7RESULT name=poscontrol_geom node=2048 n=1024 fanout_at_zero=49 fanout_at_half=24 fanout_data_only_at_half=49
E7RESULT name=poscontrol_geom node=4096 n=2048 fanout_at_zero=100 fanout_at_half=49 fanout_data_only_at_half=100
E7RESULT name=poscontrol_geom node=16384 n=8192 fanout_at_zero=408 fanout_at_half=203 fanout_data_only_at_half=408
E7RESULT name=poscontrol_geom node=65536 n=32768 fanout_at_zero=1636 fanout_at_half=817 fanout_data_only_at_half=1636
E7RESULT name=done emitted=128
