E7RESULT name=config key_bytes_snapshot=28 key_bytes_perhead=24 metadata_per_tree=3
E7RESULT name=metrics arm=key_snapshot_suffix heads=1 keys_per_head=1000 node_bytes=4096 shared_permille=0 delete_touched=1000 lookup_components=4 lookup_descents=1 sidetable=0 key_bytes_total=28000 fixed_metadata=3
E7RESULT name=metrics arm=key_snapshot_prefix heads=1 keys_per_head=1000 node_bytes=4096 shared_permille=0 delete_touched=7 lookup_components=4 lookup_descents=1 sidetable=0 key_bytes_total=28000 fixed_metadata=3
E7RESULT name=metrics arm=tree_per_head heads=1 keys_per_head=1000 node_bytes=4096 shared_permille=0 delete_touched=6 lookup_components=3 lookup_descents=1 sidetable=0 key_bytes_total=24000 fixed_metadata=3
E7RESULT name=metrics arm=key_snapshot_suffix heads=1 keys_per_head=1000 node_bytes=4096 shared_permille=100 delete_touched=1000 lookup_components=4 lookup_descents=1 sidetable=0 key_bytes_total=28000 fixed_metadata=3
E7RESULT name=metrics arm=key_snapshot_prefix heads=1 keys_per_head=1000 node_bytes=4096 shared_permille=100 delete_touched=7 lookup_components=4 lookup_descents=1 sidetable=0 key_bytes_total=28000 fixed_metadata=3
E7RESULT name=metrics arm=tree_per_head heads=1 keys_per_head=1000 node_bytes=4096 shared_permille=100 delete_touched=6 lookup_components=3 lookup_descents=1 sidetable=0 key_bytes_total=24000 fixed_metadata=3
E7RESULT name=metrics arm=key_snapshot_suffix heads=1 keys_per_head=1000 node_bytes=4096 shared_permille=500 delete_touched=1000 lookup_components=4 lookup_descents=1 sidetable=0 key_bytes_total=28000 fixed_metadata=3
E7RESULT name=metrics arm=key_snapshot_prefix heads=1 keys_per_head=1000 node_bytes=4096 shared_permille=500 delete_touched=7 lookup_components=4 lookup_descents=1 sidetable=0 key_bytes_total=28000 fixed_metadata=3
E7RESULT name=metrics arm=tree_per_head heads=1 keys_per_head=1000 node_bytes=4096 shared_permille=500 delete_touched=6 lookup_components=3 lookup_descents=1 sidetable=0 key_bytes_total=24000 fixed_metadata=3
E7RESULT name=metrics arm=key_snapshot_suffix heads=1 keys_per_head=1000 node_bytes=16384 shared_permille=0 delete_touched=1000 lookup_components=4 lookup_descents=1 sidetable=0 key_bytes_total=28000 fixed_metadata=3
E7RESULT name=metrics arm=key_snapshot_prefix heads=1 keys_per_head=1000 node_bytes=16384 shared_permille=0 delete_touched=2 lookup_components=4 lookup_descents=1 sidetable=0 key_bytes_total=28000 fixed_metadata=3
E7RESULT name=metrics arm=tree_per_head heads=1 keys_per_head=1000 node_bytes=16384 shared_permille=0 delete_touched=2 lookup_components=3 lookup_descents=1 sidetable=0 key_bytes_total=24000 fixed_metadata=3
E7RESULT name=metrics arm=key_snapshot_suffix heads=1 keys_per_head=1000 node_bytes=16384 shared_permille=100 delete_touched=1000 lookup_components=4 lookup_descents=1 sidetable=0 key_bytes_total=28000 fixed_metadata=3
E7RESULT name=metrics arm=key_snapshot_prefix heads=1 keys_per_head=1000 node_bytes=16384 shared_permille=100 delete_touched=2 lookup_components=4 lookup_descents=1 sidetable=0 key_bytes_total=28000 fixed_metadata=3
E7RESULT name=metrics arm=tree_per_head heads=1 keys_per_head=1000 node_bytes=16384 shared_permille=100 delete_touched=2 lookup_components=3 lookup_descents=1 sidetable=0 key_bytes_total=24000 fixed_metadata=3
E7RESULT name=metrics arm=key_snapshot_suffix heads=1 keys_per_head=1000 node_bytes=16384 shared_permille=500 delete_touched=1000 lookup_components=4 lookup_descents=1 sidetable=0 key_bytes_total=28000 fixed_metadata=3
E7RESULT name=metrics arm=key_snapshot_prefix heads=1 keys_per_head=1000 node_bytes=16384 shared_permille=500 delete_touched=2 lookup_components=4 lookup_descents=1 sidetable=0 key_bytes_total=28000 fixed_metadata=3
E7RESULT name=metrics arm=tree_per_head heads=1 keys_per_head=1000 node_bytes=16384 shared_permille=500 delete_touched=2 lookup_components=3 lookup_descents=1 sidetable=0 key_bytes_total=24000 fixed_metadata=3
E7RESULT name=metrics arm=key_snapshot_suffix heads=1 keys_per_head=10000 node_bytes=4096 shared_permille=0 delete_touched=10000 lookup_components=4 lookup_descents=1 sidetable=0 key_bytes_total=280000 fixed_metadata=3
E7RESULT name=metrics arm=key_snapshot_prefix heads=1 keys_per_head=10000 node_bytes=4096 shared_permille=0 delete_touched=69 lookup_components=4 lookup_descents=1 sidetable=0 key_bytes_total=280000 fixed_metadata=3
E7RESULT name=metrics arm=tree_per_head heads=1 keys_per_head=10000 node_bytes=4096 shared_permille=0 delete_touched=59 lookup_components=3 lookup_descents=1 sidetable=0 key_bytes_total=240000 fixed_metadata=3
E7RESULT name=metrics arm=key_snapshot_suffix heads=1 keys_per_head=10000 node_bytes=4096 shared_permille=100 delete_touched=10000 lookup_components=4 lookup_descents=1 sidetable=0 key_bytes_total=280000 fixed_metadata=3
E7RESULT name=metrics arm=key_snapshot_prefix heads=1 keys_per_head=10000 node_bytes=4096 shared_permille=100 delete_touched=69 lookup_components=4 lookup_descents=1 sidetable=0 key_bytes_total=280000 fixed_metadata=3
E7RESULT name=metrics arm=tree_per_head heads=1 keys_per_head=10000 node_bytes=4096 shared_permille=100 delete_touched=59 lookup_components=3 lookup_descents=1 sidetable=0 key_bytes_total=240000 fixed_metadata=3
E7RESULT name=metrics arm=key_snapshot_suffix heads=1 keys_per_head=10000 node_bytes=4096 shared_permille=500 delete_touched=10000 lookup_components=4 lookup_descents=1 sidetable=0 key_bytes_total=280000 fixed_metadata=3
E7RESULT name=metrics arm=key_snapshot_prefix heads=1 keys_per_head=10000 node_bytes=4096 shared_permille=500 delete_touched=69 lookup_components=4 lookup_descents=1 sidetable=0 key_bytes_total=280000 fixed_metadata=3
E7RESULT name=metrics arm=tree_per_head heads=1 keys_per_head=10000 node_bytes=4096 shared_permille=500 delete_touched=59 lookup_components=3 lookup_descents=1 sidetable=0 key_bytes_total=240000 fixed_metadata=3
E7RESULT name=metrics arm=key_snapshot_suffix heads=1 keys_per_head=10000 node_bytes=16384 shared_permille=0 delete_touched=10000 lookup_components=4 lookup_descents=1 sidetable=0 key_bytes_total=280000 fixed_metadata=3
E7RESULT name=metrics arm=key_snapshot_prefix heads=1 keys_per_head=10000 node_bytes=16384 shared_permille=0 delete_touched=18 lookup_components=4 lookup_descents=1 sidetable=0 key_bytes_total=280000 fixed_metadata=3
E7RESULT name=metrics arm=tree_per_head heads=1 keys_per_head=10000 node_bytes=16384 shared_permille=0 delete_touched=15 lookup_components=3 lookup_descents=1 sidetable=0 key_bytes_total=240000 fixed_metadata=3
E7RESULT name=metrics arm=key_snapshot_suffix heads=1 keys_per_head=10000 node_bytes=16384 shared_permille=100 delete_touched=10000 lookup_components=4 lookup_descents=1 sidetable=0 key_bytes_total=280000 fixed_metadata=3
E7RESULT name=metrics arm=key_snapshot_prefix heads=1 keys_per_head=10000 node_bytes=16384 shared_permille=100 delete_touched=18 lookup_components=4 lookup_descents=1 sidetable=0 key_bytes_total=280000 fixed_metadata=3
E7RESULT name=metrics arm=tree_per_head heads=1 keys_per_head=10000 node_bytes=16384 shared_permille=100 delete_touched=15 lookup_components=3 lookup_descents=1 sidetable=0 key_bytes_total=240000 fixed_metadata=3
E7RESULT name=metrics arm=key_snapshot_suffix heads=1 keys_per_head=10000 node_bytes=16384 shared_permille=500 delete_touched=10000 lookup_components=4 lookup_descents=1 sidetable=0 key_bytes_total=280000 fixed_metadata=3
E7RESULT name=metrics arm=key_snapshot_prefix heads=1 keys_per_head=10000 node_bytes=16384 shared_permille=500 delete_touched=18 lookup_components=4 lookup_descents=1 sidetable=0 key_bytes_total=280000 fixed_metadata=3
E7RESULT name=metrics arm=tree_per_head heads=1 keys_per_head=10000 node_bytes=16384 shared_permille=500 delete_touched=15 lookup_components=3 lookup_descents=1 sidetable=0 key_bytes_total=240000 fixed_metadata=3
E7RESULT name=metrics arm=key_snapshot_suffix heads=1 keys_per_head=100000 node_bytes=4096 shared_permille=0 delete_touched=100000 lookup_components=4 lookup_descents=1 sidetable=0 key_bytes_total=2800000 fixed_metadata=3
E7RESULT name=metrics arm=key_snapshot_prefix heads=1 keys_per_head=100000 node_bytes=4096 shared_permille=0 delete_touched=685 lookup_components=4 lookup_descents=1 sidetable=0 key_bytes_total=2800000 fixed_metadata=3
E7RESULT name=metrics arm=tree_per_head heads=1 keys_per_head=100000 node_bytes=4096 shared_permille=0 delete_touched=589 lookup_components=3 lookup_descents=1 sidetable=0 key_bytes_total=2400000 fixed_metadata=3
E7RESULT name=metrics arm=key_snapshot_suffix heads=1 keys_per_head=100000 node_bytes=4096 shared_permille=100 delete_touched=100000 lookup_components=4 lookup_descents=1 sidetable=0 key_bytes_total=2800000 fixed_metadata=3
E7RESULT name=metrics arm=key_snapshot_prefix heads=1 keys_per_head=100000 node_bytes=4096 shared_permille=100 delete_touched=685 lookup_components=4 lookup_descents=1 sidetable=0 key_bytes_total=2800000 fixed_metadata=3
E7RESULT name=metrics arm=tree_per_head heads=1 keys_per_head=100000 node_bytes=4096 shared_permille=100 delete_touched=589 lookup_components=3 lookup_descents=1 sidetable=0 key_bytes_total=2400000 fixed_metadata=3
E7RESULT name=metrics arm=key_snapshot_suffix heads=1 keys_per_head=100000 node_bytes=4096 shared_permille=500 delete_touched=100000 lookup_components=4 lookup_descents=1 sidetable=0 key_bytes_total=2800000 fixed_metadata=3
E7RESULT name=metrics arm=key_snapshot_prefix heads=1 keys_per_head=100000 node_bytes=4096 shared_permille=500 delete_touched=685 lookup_components=4 lookup_descents=1 sidetable=0 key_bytes_total=2800000 fixed_metadata=3
E7RESULT name=metrics arm=tree_per_head heads=1 keys_per_head=100000 node_bytes=4096 shared_permille=500 delete_touched=589 lookup_components=3 lookup_descents=1 sidetable=0 key_bytes_total=2400000 fixed_metadata=3
E7RESULT name=metrics arm=key_snapshot_suffix heads=1 keys_per_head=100000 node_bytes=16384 shared_permille=0 delete_touched=100000 lookup_components=4 lookup_descents=1 sidetable=0 key_bytes_total=2800000 fixed_metadata=3
E7RESULT name=metrics arm=key_snapshot_prefix heads=1 keys_per_head=100000 node_bytes=16384 shared_permille=0 delete_touched=171 lookup_components=4 lookup_descents=1 sidetable=0 key_bytes_total=2800000 fixed_metadata=3
E7RESULT name=metrics arm=tree_per_head heads=1 keys_per_head=100000 node_bytes=16384 shared_permille=0 delete_touched=147 lookup_components=3 lookup_descents=1 sidetable=0 key_bytes_total=2400000 fixed_metadata=3
E7RESULT name=metrics arm=key_snapshot_suffix heads=1 keys_per_head=100000 node_bytes=16384 shared_permille=100 delete_touched=100000 lookup_components=4 lookup_descents=1 sidetable=0 key_bytes_total=2800000 fixed_metadata=3
E7RESULT name=metrics arm=key_snapshot_prefix heads=1 keys_per_head=100000 node_bytes=16384 shared_permille=100 delete_touched=171 lookup_components=4 lookup_descents=1 sidetable=0 key_bytes_total=2800000 fixed_metadata=3
E7RESULT name=metrics arm=tree_per_head heads=1 keys_per_head=100000 node_bytes=16384 shared_permille=100 delete_touched=147 lookup_components=3 lookup_descents=1 sidetable=0 key_bytes_total=2400000 fixed_metadata=3
E7RESULT name=metrics arm=key_snapshot_suffix heads=1 keys_per_head=100000 node_bytes=16384 shared_permille=500 delete_touched=100000 lookup_components=4 lookup_descents=1 sidetable=0 key_bytes_total=2800000 fixed_metadata=3
E7RESULT name=metrics arm=key_snapshot_prefix heads=1 keys_per_head=100000 node_bytes=16384 shared_permille=500 delete_touched=171 lookup_components=4 lookup_descents=1 sidetable=0 key_bytes_total=2800000 fixed_metadata=3
E7RESULT name=metrics arm=tree_per_head heads=1 keys_per_head=100000 node_bytes=16384 shared_permille=500 delete_touched=147 lookup_components=3 lookup_descents=1 sidetable=0 key_bytes_total=2400000 fixed_metadata=3
E7RESULT name=metrics arm=key_snapshot_suffix heads=2 keys_per_head=1000 node_bytes=4096 shared_permille=0 delete_touched=2000 lookup_components=5 lookup_descents=1 sidetable=0 key_bytes_total=56000 fixed_metadata=3
E7RESULT name=metrics arm=key_snapshot_prefix heads=2 keys_per_head=1000 node_bytes=4096 shared_permille=0 delete_touched=7 lookup_components=4 lookup_descents=2 sidetable=0 key_bytes_total=56000 fixed_metadata=3
E7RESULT name=metrics arm=tree_per_head heads=2 keys_per_head=1000 node_bytes=4096 shared_permille=0 delete_touched=6 lookup_components=3 lookup_descents=1 sidetable=0 key_bytes_total=48000 fixed_metadata=6
E7RESULT name=metrics arm=key_snapshot_suffix heads=2 keys_per_head=1000 node_bytes=4096 shared_permille=100 delete_touched=2000 lookup_components=5 lookup_descents=1 sidetable=0 key_bytes_total=56000 fixed_metadata=3
E7RESULT name=metrics arm=key_snapshot_prefix heads=2 keys_per_head=1000 node_bytes=4096 shared_permille=100 delete_touched=7 lookup_components=4 lookup_descents=2 sidetable=0 key_bytes_total=56000 fixed_metadata=3
E7RESULT name=metrics arm=tree_per_head heads=2 keys_per_head=1000 node_bytes=4096 shared_permille=100 delete_touched=6 lookup_components=3 lookup_descents=1 sidetable=100 key_bytes_total=48000 fixed_metadata=6
E7RESULT name=metrics arm=key_snapshot_suffix heads=2 keys_per_head=1000 node_bytes=4096 shared_permille=500 delete_touched=2000 lookup_components=5 lookup_descents=1 sidetable=0 key_bytes_total=56000 fixed_metadata=3
E7RESULT name=metrics arm=key_snapshot_prefix heads=2 keys_per_head=1000 node_bytes=4096 shared_permille=500 delete_touched=7 lookup_components=4 lookup_descents=2 sidetable=0 key_bytes_total=56000 fixed_metadata=3
E7RESULT name=metrics arm=tree_per_head heads=2 keys_per_head=1000 node_bytes=4096 shared_permille=500 delete_touched=6 lookup_components=3 lookup_descents=1 sidetable=500 key_bytes_total=48000 fixed_metadata=6
E7RESULT name=metrics arm=key_snapshot_suffix heads=2 keys_per_head=1000 node_bytes=16384 shared_permille=0 delete_touched=2000 lookup_components=5 lookup_descents=1 sidetable=0 key_bytes_total=56000 fixed_metadata=3
E7RESULT name=metrics arm=key_snapshot_prefix heads=2 keys_per_head=1000 node_bytes=16384 shared_permille=0 delete_touched=2 lookup_components=4 lookup_descents=2 sidetable=0 key_bytes_total=56000 fixed_metadata=3
E7RESULT name=metrics arm=tree_per_head heads=2 keys_per_head=1000 node_bytes=16384 shared_permille=0 delete_touched=2 lookup_components=3 lookup_descents=1 sidetable=0 key_bytes_total=48000 fixed_metadata=6
E7RESULT name=metrics arm=key_snapshot_suffix heads=2 keys_per_head=1000 node_bytes=16384 shared_permille=100 delete_touched=2000 lookup_components=5 lookup_descents=1 sidetable=0 key_bytes_total=56000 fixed_metadata=3
E7RESULT name=metrics arm=key_snapshot_prefix heads=2 keys_per_head=1000 node_bytes=16384 shared_permille=100 delete_touched=2 lookup_components=4 lookup_descents=2 sidetable=0 key_bytes_total=56000 fixed_metadata=3
E7RESULT name=metrics arm=tree_per_head heads=2 keys_per_head=1000 node_bytes=16384 shared_permille=100 delete_touched=2 lookup_components=3 lookup_descents=1 sidetable=100 key_bytes_total=48000 fixed_metadata=6
E7RESULT name=metrics arm=key_snapshot_suffix heads=2 keys_per_head=1000 node_bytes=16384 shared_permille=500 delete_touched=2000 lookup_components=5 lookup_descents=1 sidetable=0 key_bytes_total=56000 fixed_metadata=3
E7RESULT name=metrics arm=key_snapshot_prefix heads=2 keys_per_head=1000 node_bytes=16384 shared_permille=500 delete_touched=2 lookup_components=4 lookup_descents=2 sidetable=0 key_bytes_total=56000 fixed_metadata=3
E7RESULT name=metrics arm=tree_per_head heads=2 keys_per_head=1000 node_bytes=16384 shared_permille=500 delete_touched=2 lookup_components=3 lookup_descents=1 sidetable=500 key_bytes_total=48000 fixed_metadata=6
E7RESULT name=metrics arm=key_snapshot_suffix heads=2 keys_per_head=10000 node_bytes=4096 shared_permille=0 delete_touched=20000 lookup_components=5 lookup_descents=1 sidetable=0 key_bytes_total=560000 fixed_metadata=3
E7RESULT name=metrics arm=key_snapshot_prefix heads=2 keys_per_head=10000 node_bytes=4096 shared_permille=0 delete_touched=69 lookup_components=4 lookup_descents=2 sidetable=0 key_bytes_total=560000 fixed_metadata=3
E7RESULT name=metrics arm=tree_per_head heads=2 keys_per_head=10000 node_bytes=4096 shared_permille=0 delete_touched=59 lookup_components=3 lookup_descents=1 sidetable=0 key_bytes_total=480000 fixed_metadata=6
E7RESULT name=metrics arm=key_snapshot_suffix heads=2 keys_per_head=10000 node_bytes=4096 shared_permille=100 delete_touched=20000 lookup_components=5 lookup_descents=1 sidetable=0 key_bytes_total=560000 fixed_metadata=3
E7RESULT name=metrics arm=key_snapshot_prefix heads=2 keys_per_head=10000 node_bytes=4096 shared_permille=100 delete_touched=69 lookup_components=4 lookup_descents=2 sidetable=0 key_bytes_total=560000 fixed_metadata=3
E7RESULT name=metrics arm=tree_per_head heads=2 keys_per_head=10000 node_bytes=4096 shared_permille=100 delete_touched=59 lookup_components=3 lookup_descents=1 sidetable=1000 key_bytes_total=480000 fixed_metadata=6
E7RESULT name=metrics arm=key_snapshot_suffix heads=2 keys_per_head=10000 node_bytes=4096 shared_permille=500 delete_touched=20000 lookup_components=5 lookup_descents=1 sidetable=0 key_bytes_total=560000 fixed_metadata=3
E7RESULT name=metrics arm=key_snapshot_prefix heads=2 keys_per_head=10000 node_bytes=4096 shared_permille=500 delete_touched=69 lookup_components=4 lookup_descents=2 sidetable=0 key_bytes_total=560000 fixed_metadata=3
E7RESULT name=metrics arm=tree_per_head heads=2 keys_per_head=10000 node_bytes=4096 shared_permille=500 delete_touched=59 lookup_components=3 lookup_descents=1 sidetable=5000 key_bytes_total=480000 fixed_metadata=6
E7RESULT name=metrics arm=key_snapshot_suffix heads=2 keys_per_head=10000 node_bytes=16384 shared_permille=0 delete_touched=20000 lookup_components=5 lookup_descents=1 sidetable=0 key_bytes_total=560000 fixed_metadata=3
E7RESULT name=metrics arm=key_snapshot_prefix heads=2 keys_per_head=10000 node_bytes=16384 shared_permille=0 delete_touched=18 lookup_components=4 lookup_descents=2 sidetable=0 key_bytes_total=560000 fixed_metadata=3
E7RESULT name=metrics arm=tree_per_head heads=2 keys_per_head=10000 node_bytes=16384 shared_permille=0 delete_touched=15 lookup_components=3 lookup_descents=1 sidetable=0 key_bytes_total=480000 fixed_metadata=6
E7RESULT name=metrics arm=key_snapshot_suffix heads=2 keys_per_head=10000 node_bytes=16384 shared_permille=100 delete_touched=20000 lookup_components=5 lookup_descents=1 sidetable=0 key_bytes_total=560000 fixed_metadata=3
E7RESULT name=metrics arm=key_snapshot_prefix heads=2 keys_per_head=10000 node_bytes=16384 shared_permille=100 delete_touched=18 lookup_components=4 lookup_descents=2 sidetable=0 key_bytes_total=560000 fixed_metadata=3
E7RESULT name=metrics arm=tree_per_head heads=2 keys_per_head=10000 node_bytes=16384 shared_permille=100 delete_touched=15 lookup_components=3 lookup_descents=1 sidetable=1000 key_bytes_total=480000 fixed_metadata=6
E7RESULT name=metrics arm=key_snapshot_suffix heads=2 keys_per_head=10000 node_bytes=16384 shared_permille=500 delete_touched=20000 lookup_components=5 lookup_descents=1 sidetable=0 key_bytes_total=560000 fixed_metadata=3
E7RESULT name=metrics arm=key_snapshot_prefix heads=2 keys_per_head=10000 node_bytes=16384 shared_permille=500 delete_touched=18 lookup_components=4 lookup_descents=2 sidetable=0 key_bytes_total=560000 fixed_metadata=3
E7RESULT name=metrics arm=tree_per_head heads=2 keys_per_head=10000 node_bytes=16384 shared_permille=500 delete_touched=15 lookup_components=3 lookup_descents=1 sidetable=5000 key_bytes_total=480000 fixed_metadata=6
E7RESULT name=metrics arm=key_snapshot_suffix heads=2 keys_per_head=100000 node_bytes=4096 shared_permille=0 delete_touched=200000 lookup_components=5 lookup_descents=1 sidetable=0 key_bytes_total=5600000 fixed_metadata=3
E7RESULT name=metrics arm=key_snapshot_prefix heads=2 keys_per_head=100000 node_bytes=4096 shared_permille=0 delete_touched=685 lookup_components=4 lookup_descents=2 sidetable=0 key_bytes_total=5600000 fixed_metadata=3
E7RESULT name=metrics arm=tree_per_head heads=2 keys_per_head=100000 node_bytes=4096 shared_permille=0 delete_touched=589 lookup_components=3 lookup_descents=1 sidetable=0 key_bytes_total=4800000 fixed_metadata=6
E7RESULT name=metrics arm=key_snapshot_suffix heads=2 keys_per_head=100000 node_bytes=4096 shared_permille=100 delete_touched=200000 lookup_components=5 lookup_descents=1 sidetable=0 key_bytes_total=5600000 fixed_metadata=3
E7RESULT name=metrics arm=key_snapshot_prefix heads=2 keys_per_head=100000 node_bytes=4096 shared_permille=100 delete_touched=685 lookup_components=4 lookup_descents=2 sidetable=0 key_bytes_total=5600000 fixed_metadata=3
E7RESULT name=metrics arm=tree_per_head heads=2 keys_per_head=100000 node_bytes=4096 shared_permille=100 delete_touched=589 lookup_components=3 lookup_descents=1 sidetable=10000 key_bytes_total=4800000 fixed_metadata=6
E7RESULT name=metrics arm=key_snapshot_suffix heads=2 keys_per_head=100000 node_bytes=4096 shared_permille=500 delete_touched=200000 lookup_components=5 lookup_descents=1 sidetable=0 key_bytes_total=5600000 fixed_metadata=3
E7RESULT name=metrics arm=key_snapshot_prefix heads=2 keys_per_head=100000 node_bytes=4096 shared_permille=500 delete_touched=685 lookup_components=4 lookup_descents=2 sidetable=0 key_bytes_total=5600000 fixed_metadata=3
E7RESULT name=metrics arm=tree_per_head heads=2 keys_per_head=100000 node_bytes=4096 shared_permille=500 delete_touched=589 lookup_components=3 lookup_descents=1 sidetable=50000 key_bytes_total=4800000 fixed_metadata=6
E7RESULT name=metrics arm=key_snapshot_suffix heads=2 keys_per_head=100000 node_bytes=16384 shared_permille=0 delete_touched=200000 lookup_components=5 lookup_descents=1 sidetable=0 key_bytes_total=5600000 fixed_metadata=3
E7RESULT name=metrics arm=key_snapshot_prefix heads=2 keys_per_head=100000 node_bytes=16384 shared_permille=0 delete_touched=171 lookup_components=4 lookup_descents=2 sidetable=0 key_bytes_total=5600000 fixed_metadata=3
E7RESULT name=metrics arm=tree_per_head heads=2 keys_per_head=100000 node_bytes=16384 shared_permille=0 delete_touched=147 lookup_components=3 lookup_descents=1 sidetable=0 key_bytes_total=4800000 fixed_metadata=6
E7RESULT name=metrics arm=key_snapshot_suffix heads=2 keys_per_head=100000 node_bytes=16384 shared_permille=100 delete_touched=200000 lookup_components=5 lookup_descents=1 sidetable=0 key_bytes_total=5600000 fixed_metadata=3
E7RESULT name=metrics arm=key_snapshot_prefix heads=2 keys_per_head=100000 node_bytes=16384 shared_permille=100 delete_touched=171 lookup_components=4 lookup_descents=2 sidetable=0 key_bytes_total=5600000 fixed_metadata=3
E7RESULT name=metrics arm=tree_per_head heads=2 keys_per_head=100000 node_bytes=16384 shared_permille=100 delete_touched=147 lookup_components=3 lookup_descents=1 sidetable=10000 key_bytes_total=4800000 fixed_metadata=6
E7RESULT name=metrics arm=key_snapshot_suffix heads=2 keys_per_head=100000 node_bytes=16384 shared_permille=500 delete_touched=200000 lookup_components=5 lookup_descents=1 sidetable=0 key_bytes_total=5600000 fixed_metadata=3
E7RESULT name=metrics arm=key_snapshot_prefix heads=2 keys_per_head=100000 node_bytes=16384 shared_permille=500 delete_touched=171 lookup_components=4 lookup_descents=2 sidetable=0 key_bytes_total=5600000 fixed_metadata=3
E7RESULT name=metrics arm=tree_per_head heads=2 keys_per_head=100000 node_bytes=16384 shared_permille=500 delete_touched=147 lookup_components=3 lookup_descents=1 sidetable=50000 key_bytes_total=4800000 fixed_metadata=6
E7RESULT name=metrics arm=key_snapshot_suffix heads=4 keys_per_head=1000 node_bytes=4096 shared_permille=0 delete_touched=4000 lookup_components=7 lookup_descents=1 sidetable=0 key_bytes_total=112000 fixed_metadata=3
E7RESULT name=metrics arm=key_snapshot_prefix heads=4 keys_per_head=1000 node_bytes=4096 shared_permille=0 delete_touched=7 lookup_components=4 lookup_descents=4 sidetable=0 key_bytes_total=112000 fixed_metadata=3
E7RESULT name=metrics arm=tree_per_head heads=4 keys_per_head=1000 node_bytes=4096 shared_permille=0 delete_touched=6 lookup_components=3 lookup_descents=1 sidetable=0 key_bytes_total=96000 fixed_metadata=12
E7RESULT name=metrics arm=key_snapshot_suffix heads=4 keys_per_head=1000 node_bytes=4096 shared_permille=100 delete_touched=4000 lookup_components=7 lookup_descents=1 sidetable=0 key_bytes_total=112000 fixed_metadata=3
E7RESULT name=metrics arm=key_snapshot_prefix heads=4 keys_per_head=1000 node_bytes=4096 shared_permille=100 delete_touched=7 lookup_components=4 lookup_descents=4 sidetable=0 key_bytes_total=112000 fixed_metadata=3
E7RESULT name=metrics arm=tree_per_head heads=4 keys_per_head=1000 node_bytes=4096 shared_permille=100 delete_touched=6 lookup_components=3 lookup_descents=1 sidetable=100 key_bytes_total=96000 fixed_metadata=12
E7RESULT name=metrics arm=key_snapshot_suffix heads=4 keys_per_head=1000 node_bytes=4096 shared_permille=500 delete_touched=4000 lookup_components=7 lookup_descents=1 sidetable=0 key_bytes_total=112000 fixed_metadata=3
E7RESULT name=metrics arm=key_snapshot_prefix heads=4 keys_per_head=1000 node_bytes=4096 shared_permille=500 delete_touched=7 lookup_components=4 lookup_descents=4 sidetable=0 key_bytes_total=112000 fixed_metadata=3
E7RESULT name=metrics arm=tree_per_head heads=4 keys_per_head=1000 node_bytes=4096 shared_permille=500 delete_touched=6 lookup_components=3 lookup_descents=1 sidetable=500 key_bytes_total=96000 fixed_metadata=12
E7RESULT name=metrics arm=key_snapshot_suffix heads=4 keys_per_head=1000 node_bytes=16384 shared_permille=0 delete_touched=4000 lookup_components=7 lookup_descents=1 sidetable=0 key_bytes_total=112000 fixed_metadata=3
E7RESULT name=metrics arm=key_snapshot_prefix heads=4 keys_per_head=1000 node_bytes=16384 shared_permille=0 delete_touched=2 lookup_components=4 lookup_descents=4 sidetable=0 key_bytes_total=112000 fixed_metadata=3
E7RESULT name=metrics arm=tree_per_head heads=4 keys_per_head=1000 node_bytes=16384 shared_permille=0 delete_touched=2 lookup_components=3 lookup_descents=1 sidetable=0 key_bytes_total=96000 fixed_metadata=12
E7RESULT name=metrics arm=key_snapshot_suffix heads=4 keys_per_head=1000 node_bytes=16384 shared_permille=100 delete_touched=4000 lookup_components=7 lookup_descents=1 sidetable=0 key_bytes_total=112000 fixed_metadata=3
E7RESULT name=metrics arm=key_snapshot_prefix heads=4 keys_per_head=1000 node_bytes=16384 shared_permille=100 delete_touched=2 lookup_components=4 lookup_descents=4 sidetable=0 key_bytes_total=112000 fixed_metadata=3
E7RESULT name=metrics arm=tree_per_head heads=4 keys_per_head=1000 node_bytes=16384 shared_permille=100 delete_touched=2 lookup_components=3 lookup_descents=1 sidetable=100 key_bytes_total=96000 fixed_metadata=12
E7RESULT name=metrics arm=key_snapshot_suffix heads=4 keys_per_head=1000 node_bytes=16384 shared_permille=500 delete_touched=4000 lookup_components=7 lookup_descents=1 sidetable=0 key_bytes_total=112000 fixed_metadata=3
E7RESULT name=metrics arm=key_snapshot_prefix heads=4 keys_per_head=1000 node_bytes=16384 shared_permille=500 delete_touched=2 lookup_components=4 lookup_descents=4 sidetable=0 key_bytes_total=112000 fixed_metadata=3
E7RESULT name=metrics arm=tree_per_head heads=4 keys_per_head=1000 node_bytes=16384 shared_permille=500 delete_touched=2 lookup_components=3 lookup_descents=1 sidetable=500 key_bytes_total=96000 fixed_metadata=12
E7RESULT name=metrics arm=key_snapshot_suffix heads=4 keys_per_head=10000 node_bytes=4096 shared_permille=0 delete_touched=40000 lookup_components=7 lookup_descents=1 sidetable=0 key_bytes_total=1120000 fixed_metadata=3
E7RESULT name=metrics arm=key_snapshot_prefix heads=4 keys_per_head=10000 node_bytes=4096 shared_permille=0 delete_touched=69 lookup_components=4 lookup_descents=4 sidetable=0 key_bytes_total=1120000 fixed_metadata=3
E7RESULT name=metrics arm=tree_per_head heads=4 keys_per_head=10000 node_bytes=4096 shared_permille=0 delete_touched=59 lookup_components=3 lookup_descents=1 sidetable=0 key_bytes_total=960000 fixed_metadata=12
E7RESULT name=metrics arm=key_snapshot_suffix heads=4 keys_per_head=10000 node_bytes=4096 shared_permille=100 delete_touched=40000 lookup_components=7 lookup_descents=1 sidetable=0 key_bytes_total=1120000 fixed_metadata=3
E7RESULT name=metrics arm=key_snapshot_prefix heads=4 keys_per_head=10000 node_bytes=4096 shared_permille=100 delete_touched=69 lookup_components=4 lookup_descents=4 sidetable=0 key_bytes_total=1120000 fixed_metadata=3
E7RESULT name=metrics arm=tree_per_head heads=4 keys_per_head=10000 node_bytes=4096 shared_permille=100 delete_touched=59 lookup_components=3 lookup_descents=1 sidetable=1000 key_bytes_total=960000 fixed_metadata=12
E7RESULT name=metrics arm=key_snapshot_suffix heads=4 keys_per_head=10000 node_bytes=4096 shared_permille=500 delete_touched=40000 lookup_components=7 lookup_descents=1 sidetable=0 key_bytes_total=1120000 fixed_metadata=3
E7RESULT name=metrics arm=key_snapshot_prefix heads=4 keys_per_head=10000 node_bytes=4096 shared_permille=500 delete_touched=69 lookup_components=4 lookup_descents=4 sidetable=0 key_bytes_total=1120000 fixed_metadata=3
E7RESULT name=metrics arm=tree_per_head heads=4 keys_per_head=10000 node_bytes=4096 shared_permille=500 delete_touched=59 lookup_components=3 lookup_descents=1 sidetable=5000 key_bytes_total=960000 fixed_metadata=12
E7RESULT name=metrics arm=key_snapshot_suffix heads=4 keys_per_head=10000 node_bytes=16384 shared_permille=0 delete_touched=40000 lookup_components=7 lookup_descents=1 sidetable=0 key_bytes_total=1120000 fixed_metadata=3
E7RESULT name=metrics arm=key_snapshot_prefix heads=4 keys_per_head=10000 node_bytes=16384 shared_permille=0 delete_touched=18 lookup_components=4 lookup_descents=4 sidetable=0 key_bytes_total=1120000 fixed_metadata=3
E7RESULT name=metrics arm=tree_per_head heads=4 keys_per_head=10000 node_bytes=16384 shared_permille=0 delete_touched=15 lookup_components=3 lookup_descents=1 sidetable=0 key_bytes_total=960000 fixed_metadata=12
E7RESULT name=metrics arm=key_snapshot_suffix heads=4 keys_per_head=10000 node_bytes=16384 shared_permille=100 delete_touched=40000 lookup_components=7 lookup_descents=1 sidetable=0 key_bytes_total=1120000 fixed_metadata=3
E7RESULT name=metrics arm=key_snapshot_prefix heads=4 keys_per_head=10000 node_bytes=16384 shared_permille=100 delete_touched=18 lookup_components=4 lookup_descents=4 sidetable=0 key_bytes_total=1120000 fixed_metadata=3
E7RESULT name=metrics arm=tree_per_head heads=4 keys_per_head=10000 node_bytes=16384 shared_permille=100 delete_touched=15 lookup_components=3 lookup_descents=1 sidetable=1000 key_bytes_total=960000 fixed_metadata=12
E7RESULT name=metrics arm=key_snapshot_suffix heads=4 keys_per_head=10000 node_bytes=16384 shared_permille=500 delete_touched=40000 lookup_components=7 lookup_descents=1 sidetable=0 key_bytes_total=1120000 fixed_metadata=3
E7RESULT name=metrics arm=key_snapshot_prefix heads=4 keys_per_head=10000 node_bytes=16384 shared_permille=500 delete_touched=18 lookup_components=4 lookup_descents=4 sidetable=0 key_bytes_total=1120000 fixed_metadata=3
E7RESULT name=metrics arm=tree_per_head heads=4 keys_per_head=10000 node_bytes=16384 shared_permille=500 delete_touched=15 lookup_components=3 lookup_descents=1 sidetable=5000 key_bytes_total=960000 fixed_metadata=12
E7RESULT name=metrics arm=key_snapshot_suffix heads=4 keys_per_head=100000 node_bytes=4096 shared_permille=0 delete_touched=400000 lookup_components=7 lookup_descents=1 sidetable=0 key_bytes_total=11200000 fixed_metadata=3
E7RESULT name=metrics arm=key_snapshot_prefix heads=4 keys_per_head=100000 node_bytes=4096 shared_permille=0 delete_touched=685 lookup_components=4 lookup_descents=4 sidetable=0 key_bytes_total=11200000 fixed_metadata=3
E7RESULT name=metrics arm=tree_per_head heads=4 keys_per_head=100000 node_bytes=4096 shared_permille=0 delete_touched=589 lookup_components=3 lookup_descents=1 sidetable=0 key_bytes_total=9600000 fixed_metadata=12
E7RESULT name=metrics arm=key_snapshot_suffix heads=4 keys_per_head=100000 node_bytes=4096 shared_permille=100 delete_touched=400000 lookup_components=7 lookup_descents=1 sidetable=0 key_bytes_total=11200000 fixed_metadata=3
E7RESULT name=metrics arm=key_snapshot_prefix heads=4 keys_per_head=100000 node_bytes=4096 shared_permille=100 delete_touched=685 lookup_components=4 lookup_descents=4 sidetable=0 key_bytes_total=11200000 fixed_metadata=3
E7RESULT name=metrics arm=tree_per_head heads=4 keys_per_head=100000 node_bytes=4096 shared_permille=100 delete_touched=589 lookup_components=3 lookup_descents=1 sidetable=10000 key_bytes_total=9600000 fixed_metadata=12
E7RESULT name=metrics arm=key_snapshot_suffix heads=4 keys_per_head=100000 node_bytes=4096 shared_permille=500 delete_touched=400000 lookup_components=7 lookup_descents=1 sidetable=0 key_bytes_total=11200000 fixed_metadata=3
E7RESULT name=metrics arm=key_snapshot_prefix heads=4 keys_per_head=100000 node_bytes=4096 shared_permille=500 delete_touched=685 lookup_components=4 lookup_descents=4 sidetable=0 key_bytes_total=11200000 fixed_metadata=3
E7RESULT name=metrics arm=tree_per_head heads=4 keys_per_head=100000 node_bytes=4096 shared_permille=500 delete_touched=589 lookup_components=3 lookup_descents=1 sidetable=50000 key_bytes_total=9600000 fixed_metadata=12
E7RESULT name=metrics arm=key_snapshot_suffix heads=4 keys_per_head=100000 node_bytes=16384 shared_permille=0 delete_touched=400000 lookup_components=7 lookup_descents=1 sidetable=0 key_bytes_total=11200000 fixed_metadata=3
E7RESULT name=metrics arm=key_snapshot_prefix heads=4 keys_per_head=100000 node_bytes=16384 shared_permille=0 delete_touched=171 lookup_components=4 lookup_descents=4 sidetable=0 key_bytes_total=11200000 fixed_metadata=3
E7RESULT name=metrics arm=tree_per_head heads=4 keys_per_head=100000 node_bytes=16384 shared_permille=0 delete_touched=147 lookup_components=3 lookup_descents=1 sidetable=0 key_bytes_total=9600000 fixed_metadata=12
E7RESULT name=metrics arm=key_snapshot_suffix heads=4 keys_per_head=100000 node_bytes=16384 shared_permille=100 delete_touched=400000 lookup_components=7 lookup_descents=1 sidetable=0 key_bytes_total=11200000 fixed_metadata=3
E7RESULT name=metrics arm=key_snapshot_prefix heads=4 keys_per_head=100000 node_bytes=16384 shared_permille=100 delete_touched=171 lookup_components=4 lookup_descents=4 sidetable=0 key_bytes_total=11200000 fixed_metadata=3
E7RESULT name=metrics arm=tree_per_head heads=4 keys_per_head=100000 node_bytes=16384 shared_permille=100 delete_touched=147 lookup_components=3 lookup_descents=1 sidetable=10000 key_bytes_total=9600000 fixed_metadata=12
E7RESULT name=metrics arm=key_snapshot_suffix heads=4 keys_per_head=100000 node_bytes=16384 shared_permille=500 delete_touched=400000 lookup_components=7 lookup_descents=1 sidetable=0 key_bytes_total=11200000 fixed_metadata=3
E7RESULT name=metrics arm=key_snapshot_prefix heads=4 keys_per_head=100000 node_bytes=16384 shared_permille=500 delete_touched=171 lookup_components=4 lookup_descents=4 sidetable=0 key_bytes_total=11200000 fixed_metadata=3
E7RESULT name=metrics arm=tree_per_head heads=4 keys_per_head=100000 node_bytes=16384 shared_permille=500 delete_touched=147 lookup_components=3 lookup_descents=1 sidetable=50000 key_bytes_total=9600000 fixed_metadata=12
E7RESULT name=metrics arm=key_snapshot_suffix heads=8 keys_per_head=1000 node_bytes=4096 shared_permille=0 delete_touched=8000 lookup_components=11 lookup_descents=1 sidetable=0 key_bytes_total=224000 fixed_metadata=3
E7RESULT name=metrics arm=key_snapshot_prefix heads=8 keys_per_head=1000 node_bytes=4096 shared_permille=0 delete_touched=7 lookup_components=4 lookup_descents=8 sidetable=0 key_bytes_total=224000 fixed_metadata=3
E7RESULT name=metrics arm=tree_per_head heads=8 keys_per_head=1000 node_bytes=4096 shared_permille=0 delete_touched=6 lookup_components=3 lookup_descents=1 sidetable=0 key_bytes_total=192000 fixed_metadata=24
E7RESULT name=metrics arm=key_snapshot_suffix heads=8 keys_per_head=1000 node_bytes=4096 shared_permille=100 delete_touched=8000 lookup_components=11 lookup_descents=1 sidetable=0 key_bytes_total=224000 fixed_metadata=3
E7RESULT name=metrics arm=key_snapshot_prefix heads=8 keys_per_head=1000 node_bytes=4096 shared_permille=100 delete_touched=7 lookup_components=4 lookup_descents=8 sidetable=0 key_bytes_total=224000 fixed_metadata=3
E7RESULT name=metrics arm=tree_per_head heads=8 keys_per_head=1000 node_bytes=4096 shared_permille=100 delete_touched=6 lookup_components=3 lookup_descents=1 sidetable=100 key_bytes_total=192000 fixed_metadata=24
E7RESULT name=metrics arm=key_snapshot_suffix heads=8 keys_per_head=1000 node_bytes=4096 shared_permille=500 delete_touched=8000 lookup_components=11 lookup_descents=1 sidetable=0 key_bytes_total=224000 fixed_metadata=3
E7RESULT name=metrics arm=key_snapshot_prefix heads=8 keys_per_head=1000 node_bytes=4096 shared_permille=500 delete_touched=7 lookup_components=4 lookup_descents=8 sidetable=0 key_bytes_total=224000 fixed_metadata=3
E7RESULT name=metrics arm=tree_per_head heads=8 keys_per_head=1000 node_bytes=4096 shared_permille=500 delete_touched=6 lookup_components=3 lookup_descents=1 sidetable=500 key_bytes_total=192000 fixed_metadata=24
E7RESULT name=metrics arm=key_snapshot_suffix heads=8 keys_per_head=1000 node_bytes=16384 shared_permille=0 delete_touched=8000 lookup_components=11 lookup_descents=1 sidetable=0 key_bytes_total=224000 fixed_metadata=3
E7RESULT name=metrics arm=key_snapshot_prefix heads=8 keys_per_head=1000 node_bytes=16384 shared_permille=0 delete_touched=2 lookup_components=4 lookup_descents=8 sidetable=0 key_bytes_total=224000 fixed_metadata=3
E7RESULT name=metrics arm=tree_per_head heads=8 keys_per_head=1000 node_bytes=16384 shared_permille=0 delete_touched=2 lookup_components=3 lookup_descents=1 sidetable=0 key_bytes_total=192000 fixed_metadata=24
E7RESULT name=metrics arm=key_snapshot_suffix heads=8 keys_per_head=1000 node_bytes=16384 shared_permille=100 delete_touched=8000 lookup_components=11 lookup_descents=1 sidetable=0 key_bytes_total=224000 fixed_metadata=3
E7RESULT name=metrics arm=key_snapshot_prefix heads=8 keys_per_head=1000 node_bytes=16384 shared_permille=100 delete_touched=2 lookup_components=4 lookup_descents=8 sidetable=0 key_bytes_total=224000 fixed_metadata=3
E7RESULT name=metrics arm=tree_per_head heads=8 keys_per_head=1000 node_bytes=16384 shared_permille=100 delete_touched=2 lookup_components=3 lookup_descents=1 sidetable=100 key_bytes_total=192000 fixed_metadata=24
E7RESULT name=metrics arm=key_snapshot_suffix heads=8 keys_per_head=1000 node_bytes=16384 shared_permille=500 delete_touched=8000 lookup_components=11 lookup_descents=1 sidetable=0 key_bytes_total=224000 fixed_metadata=3
E7RESULT name=metrics arm=key_snapshot_prefix heads=8 keys_per_head=1000 node_bytes=16384 shared_permille=500 delete_touched=2 lookup_components=4 lookup_descents=8 sidetable=0 key_bytes_total=224000 fixed_metadata=3
E7RESULT name=metrics arm=tree_per_head heads=8 keys_per_head=1000 node_bytes=16384 shared_permille=500 delete_touched=2 lookup_components=3 lookup_descents=1 sidetable=500 key_bytes_total=192000 fixed_metadata=24
E7RESULT name=metrics arm=key_snapshot_suffix heads=8 keys_per_head=10000 node_bytes=4096 shared_permille=0 delete_touched=80000 lookup_components=11 lookup_descents=1 sidetable=0 key_bytes_total=2240000 fixed_metadata=3
E7RESULT name=metrics arm=key_snapshot_prefix heads=8 keys_per_head=10000 node_bytes=4096 shared_permille=0 delete_touched=69 lookup_components=4 lookup_descents=8 sidetable=0 key_bytes_total=2240000 fixed_metadata=3
E7RESULT name=metrics arm=tree_per_head heads=8 keys_per_head=10000 node_bytes=4096 shared_permille=0 delete_touched=59 lookup_components=3 lookup_descents=1 sidetable=0 key_bytes_total=1920000 fixed_metadata=24
E7RESULT name=metrics arm=key_snapshot_suffix heads=8 keys_per_head=10000 node_bytes=4096 shared_permille=100 delete_touched=80000 lookup_components=11 lookup_descents=1 sidetable=0 key_bytes_total=2240000 fixed_metadata=3
E7RESULT name=metrics arm=key_snapshot_prefix heads=8 keys_per_head=10000 node_bytes=4096 shared_permille=100 delete_touched=69 lookup_components=4 lookup_descents=8 sidetable=0 key_bytes_total=2240000 fixed_metadata=3
E7RESULT name=metrics arm=tree_per_head heads=8 keys_per_head=10000 node_bytes=4096 shared_permille=100 delete_touched=59 lookup_components=3 lookup_descents=1 sidetable=1000 key_bytes_total=1920000 fixed_metadata=24
E7RESULT name=metrics arm=key_snapshot_suffix heads=8 keys_per_head=10000 node_bytes=4096 shared_permille=500 delete_touched=80000 lookup_components=11 lookup_descents=1 sidetable=0 key_bytes_total=2240000 fixed_metadata=3
E7RESULT name=metrics arm=key_snapshot_prefix heads=8 keys_per_head=10000 node_bytes=4096 shared_permille=500 delete_touched=69 lookup_components=4 lookup_descents=8 sidetable=0 key_bytes_total=2240000 fixed_metadata=3
E7RESULT name=metrics arm=tree_per_head heads=8 keys_per_head=10000 node_bytes=4096 shared_permille=500 delete_touched=59 lookup_components=3 lookup_descents=1 sidetable=5000 key_bytes_total=1920000 fixed_metadata=24
E7RESULT name=metrics arm=key_snapshot_suffix heads=8 keys_per_head=10000 node_bytes=16384 shared_permille=0 delete_touched=80000 lookup_components=11 lookup_descents=1 sidetable=0 key_bytes_total=2240000 fixed_metadata=3
E7RESULT name=metrics arm=key_snapshot_prefix heads=8 keys_per_head=10000 node_bytes=16384 shared_permille=0 delete_touched=18 lookup_components=4 lookup_descents=8 sidetable=0 key_bytes_total=2240000 fixed_metadata=3
E7RESULT name=metrics arm=tree_per_head heads=8 keys_per_head=10000 node_bytes=16384 shared_permille=0 delete_touched=15 lookup_components=3 lookup_descents=1 sidetable=0 key_bytes_total=1920000 fixed_metadata=24
E7RESULT name=metrics arm=key_snapshot_suffix heads=8 keys_per_head=10000 node_bytes=16384 shared_permille=100 delete_touched=80000 lookup_components=11 lookup_descents=1 sidetable=0 key_bytes_total=2240000 fixed_metadata=3
E7RESULT name=metrics arm=key_snapshot_prefix heads=8 keys_per_head=10000 node_bytes=16384 shared_permille=100 delete_touched=18 lookup_components=4 lookup_descents=8 sidetable=0 key_bytes_total=2240000 fixed_metadata=3
E7RESULT name=metrics arm=tree_per_head heads=8 keys_per_head=10000 node_bytes=16384 shared_permille=100 delete_touched=15 lookup_components=3 lookup_descents=1 sidetable=1000 key_bytes_total=1920000 fixed_metadata=24
E7RESULT name=metrics arm=key_snapshot_suffix heads=8 keys_per_head=10000 node_bytes=16384 shared_permille=500 delete_touched=80000 lookup_components=11 lookup_descents=1 sidetable=0 key_bytes_total=2240000 fixed_metadata=3
E7RESULT name=metrics arm=key_snapshot_prefix heads=8 keys_per_head=10000 node_bytes=16384 shared_permille=500 delete_touched=18 lookup_components=4 lookup_descents=8 sidetable=0 key_bytes_total=2240000 fixed_metadata=3
E7RESULT name=metrics arm=tree_per_head heads=8 keys_per_head=10000 node_bytes=16384 shared_permille=500 delete_touched=15 lookup_components=3 lookup_descents=1 sidetable=5000 key_bytes_total=1920000 fixed_metadata=24
E7RESULT name=metrics arm=key_snapshot_suffix heads=8 keys_per_head=100000 node_bytes=4096 shared_permille=0 delete_touched=800000 lookup_components=11 lookup_descents=1 sidetable=0 key_bytes_total=22400000 fixed_metadata=3
E7RESULT name=metrics arm=key_snapshot_prefix heads=8 keys_per_head=100000 node_bytes=4096 shared_permille=0 delete_touched=685 lookup_components=4 lookup_descents=8 sidetable=0 key_bytes_total=22400000 fixed_metadata=3
E7RESULT name=metrics arm=tree_per_head heads=8 keys_per_head=100000 node_bytes=4096 shared_permille=0 delete_touched=589 lookup_components=3 lookup_descents=1 sidetable=0 key_bytes_total=19200000 fixed_metadata=24
E7RESULT name=metrics arm=key_snapshot_suffix heads=8 keys_per_head=100000 node_bytes=4096 shared_permille=100 delete_touched=800000 lookup_components=11 lookup_descents=1 sidetable=0 key_bytes_total=22400000 fixed_metadata=3
E7RESULT name=metrics arm=key_snapshot_prefix heads=8 keys_per_head=100000 node_bytes=4096 shared_permille=100 delete_touched=685 lookup_components=4 lookup_descents=8 sidetable=0 key_bytes_total=22400000 fixed_metadata=3
E7RESULT name=metrics arm=tree_per_head heads=8 keys_per_head=100000 node_bytes=4096 shared_permille=100 delete_touched=589 lookup_components=3 lookup_descents=1 sidetable=10000 key_bytes_total=19200000 fixed_metadata=24
E7RESULT name=metrics arm=key_snapshot_suffix heads=8 keys_per_head=100000 node_bytes=4096 shared_permille=500 delete_touched=800000 lookup_components=11 lookup_descents=1 sidetable=0 key_bytes_total=22400000 fixed_metadata=3
E7RESULT name=metrics arm=key_snapshot_prefix heads=8 keys_per_head=100000 node_bytes=4096 shared_permille=500 delete_touched=685 lookup_components=4 lookup_descents=8 sidetable=0 key_bytes_total=22400000 fixed_metadata=3
E7RESULT name=metrics arm=tree_per_head heads=8 keys_per_head=100000 node_bytes=4096 shared_permille=500 delete_touched=589 lookup_components=3 lookup_descents=1 sidetable=50000 key_bytes_total=19200000 fixed_metadata=24
E7RESULT name=metrics arm=key_snapshot_suffix heads=8 keys_per_head=100000 node_bytes=16384 shared_permille=0 delete_touched=800000 lookup_components=11 lookup_descents=1 sidetable=0 key_bytes_total=22400000 fixed_metadata=3
E7RESULT name=metrics arm=key_snapshot_prefix heads=8 keys_per_head=100000 node_bytes=16384 shared_permille=0 delete_touched=171 lookup_components=4 lookup_descents=8 sidetable=0 key_bytes_total=22400000 fixed_metadata=3
E7RESULT name=metrics arm=tree_per_head heads=8 keys_per_head=100000 node_bytes=16384 shared_permille=0 delete_touched=147 lookup_components=3 lookup_descents=1 sidetable=0 key_bytes_total=19200000 fixed_metadata=24
E7RESULT name=metrics arm=key_snapshot_suffix heads=8 keys_per_head=100000 node_bytes=16384 shared_permille=100 delete_touched=800000 lookup_components=11 lookup_descents=1 sidetable=0 key_bytes_total=22400000 fixed_metadata=3
E7RESULT name=metrics arm=key_snapshot_prefix heads=8 keys_per_head=100000 node_bytes=16384 shared_permille=100 delete_touched=171 lookup_components=4 lookup_descents=8 sidetable=0 key_bytes_total=22400000 fixed_metadata=3
E7RESULT name=metrics arm=tree_per_head heads=8 keys_per_head=100000 node_bytes=16384 shared_permille=100 delete_touched=147 lookup_components=3 lookup_descents=1 sidetable=10000 key_bytes_total=19200000 fixed_metadata=24
E7RESULT name=metrics arm=key_snapshot_suffix heads=8 keys_per_head=100000 node_bytes=16384 shared_permille=500 delete_touched=800000 lookup_components=11 lookup_descents=1 sidetable=0 key_bytes_total=22400000 fixed_metadata=3
E7RESULT name=metrics arm=key_snapshot_prefix heads=8 keys_per_head=100000 node_bytes=16384 shared_permille=500 delete_touched=171 lookup_components=4 lookup_descents=8 sidetable=0 key_bytes_total=22400000 fixed_metadata=3
E7RESULT name=metrics arm=tree_per_head heads=8 keys_per_head=100000 node_bytes=16384 shared_permille=500 delete_touched=147 lookup_components=3 lookup_descents=1 sidetable=50000 key_bytes_total=19200000 fixed_metadata=24
E7RESULT name=separation max_ratio_delete_touched=5442.2 max_ratio_lookup=3.6667 separable=1
E7RESULT name=poscontrol_a snapshot_h2=2000 snapshot_h4=4000 doubled=1 perhead_h2=6 perhead_h4=6 unchanged=1
E7RESULT name=poscontrol_b sidetable_equal=1 metadata_equal=1
E7RESULT name=negcontrol_zero_sharing perhead=0 expect=0
E7RESULT name=done emitted=222
