E7RESULT name=config devs=8 g=4 obj=24 nunits=12 rounds=4000 repair_budget=2 model=counting file_ops=0
E7RESULT name=arm workload=uniform seed=11 arm=free_now live=288 parity=190 freed_intact=99 reused=0 total=577 loss_mean=11.1 loss_worst=26 pinned=0 pinned_pct_of_live=0.0 peak_pinned=113 extra_writes=0 write_amp_pct=0.0 repairs=0 drain_rounds=0
E7RESULT name=arm workload=uniform seed=11 arm=pin_stripe live=288 parity=190 freed_intact=113 reused=0 total=638 loss_mean=0.0 loss_worst=0 pinned=113 pinned_pct_of_live=39.2 peak_pinned=146 extra_writes=0 write_amp_pct=0.0 repairs=0 drain_rounds=0
E7RESULT name=arm workload=uniform seed=11 arm=restripe_on_free live=288 parity=190 freed_intact=0 reused=0 total=500 loss_mean=0.0 loss_worst=0 pinned=0 pinned_pct_of_live=0.0 peak_pinned=0 extra_writes=9342 write_amp_pct=75.2 repairs=4014 drain_rounds=0
E7RESULT name=arm workload=uniform seed=11 arm=lazy_restripe live=288 parity=190 freed_intact=0 reused=0 total=499 loss_mean=0.0 loss_worst=0 pinned=0 pinned_pct_of_live=0.0 peak_pinned=0 extra_writes=5846 write_amp_pct=47.0 repairs=2571 drain_rounds=0
E7RESULT name=arm workload=uniform seed=22 arm=free_now live=288 parity=191 freed_intact=93 reused=0 total=572 loss_mean=13.0 loss_worst=32 pinned=0 pinned_pct_of_live=0.0 peak_pinned=105 extra_writes=0 write_amp_pct=0.0 repairs=0 drain_rounds=0
E7RESULT name=arm workload=uniform seed=22 arm=pin_stripe live=288 parity=191 freed_intact=125 reused=0 total=641 loss_mean=0.0 loss_worst=0 pinned=125 pinned_pct_of_live=43.4 peak_pinned=151 extra_writes=0 write_amp_pct=0.0 repairs=0 drain_rounds=0
E7RESULT name=arm workload=uniform seed=22 arm=restripe_on_free live=288 parity=191 freed_intact=0 reused=0 total=498 loss_mean=0.0 loss_worst=0 pinned=0 pinned_pct_of_live=0.0 peak_pinned=0 extra_writes=9451 write_amp_pct=75.8 repairs=4035 drain_rounds=0
E7RESULT name=arm workload=uniform seed=22 arm=lazy_restripe live=288 parity=191 freed_intact=0 reused=0 total=498 loss_mean=0.0 loss_worst=0 pinned=0 pinned_pct_of_live=0.0 peak_pinned=0 extra_writes=5947 write_amp_pct=47.7 repairs=2580 drain_rounds=0
E7RESULT name=arm workload=uniform seed=33 arm=free_now live=288 parity=187 freed_intact=97 reused=0 total=572 loss_mean=12.1 loss_worst=34 pinned=0 pinned_pct_of_live=0.0 peak_pinned=105 extra_writes=0 write_amp_pct=0.0 repairs=0 drain_rounds=0
E7RESULT name=arm workload=uniform seed=33 arm=pin_stripe live=288 parity=187 freed_intact=112 reused=0 total=643 loss_mean=0.0 loss_worst=0 pinned=112 pinned_pct_of_live=38.9 peak_pinned=153 extra_writes=0 write_amp_pct=0.0 repairs=0 drain_rounds=0
E7RESULT name=arm workload=uniform seed=33 arm=restripe_on_free live=288 parity=187 freed_intact=0 reused=0 total=500 loss_mean=0.0 loss_worst=0 pinned=0 pinned_pct_of_live=0.0 peak_pinned=0 extra_writes=9679 write_amp_pct=77.1 repairs=4139 drain_rounds=0
E7RESULT name=arm workload=uniform seed=33 arm=lazy_restripe live=288 parity=187 freed_intact=0 reused=0 total=501 loss_mean=0.0 loss_worst=0 pinned=0 pinned_pct_of_live=0.0 peak_pinned=0 extra_writes=5977 write_amp_pct=47.6 repairs=2611 drain_rounds=0
E7RESULT name=arm workload=uniform seed=44 arm=free_now live=288 parity=193 freed_intact=96 reused=0 total=577 loss_mean=12.6 loss_worst=31 pinned=0 pinned_pct_of_live=0.0 peak_pinned=116 extra_writes=0 write_amp_pct=0.0 repairs=0 drain_rounds=0
E7RESULT name=arm workload=uniform seed=44 arm=pin_stripe live=288 parity=193 freed_intact=131 reused=0 total=646 loss_mean=0.0 loss_worst=0 pinned=131 pinned_pct_of_live=45.5 peak_pinned=149 extra_writes=0 write_amp_pct=0.0 repairs=0 drain_rounds=0
E7RESULT name=arm workload=uniform seed=44 arm=restripe_on_free live=288 parity=193 freed_intact=0 reused=0 total=500 loss_mean=0.0 loss_worst=0 pinned=0 pinned_pct_of_live=0.0 peak_pinned=0 extra_writes=9577 write_amp_pct=76.7 repairs=4099 drain_rounds=0
E7RESULT name=arm workload=uniform seed=44 arm=lazy_restripe live=288 parity=193 freed_intact=0 reused=0 total=501 loss_mean=0.0 loss_worst=0 pinned=0 pinned_pct_of_live=0.0 peak_pinned=0 extra_writes=5905 write_amp_pct=47.3 repairs=2577 drain_rounds=0
E7RESULT name=arm workload=uniform seed=55 arm=free_now live=288 parity=185 freed_intact=104 reused=0 total=577 loss_mean=9.8 loss_worst=24 pinned=0 pinned_pct_of_live=0.0 peak_pinned=110 extra_writes=0 write_amp_pct=0.0 repairs=0 drain_rounds=0
E7RESULT name=arm workload=uniform seed=55 arm=pin_stripe live=288 parity=185 freed_intact=105 reused=0 total=648 loss_mean=0.0 loss_worst=0 pinned=105 pinned_pct_of_live=36.5 peak_pinned=151 extra_writes=0 write_amp_pct=0.0 repairs=0 drain_rounds=0
E7RESULT name=arm workload=uniform seed=55 arm=restripe_on_free live=288 parity=185 freed_intact=0 reused=0 total=507 loss_mean=0.0 loss_worst=0 pinned=0 pinned_pct_of_live=0.0 peak_pinned=0 extra_writes=9237 write_amp_pct=74.7 repairs=3961 drain_rounds=0
E7RESULT name=arm workload=uniform seed=55 arm=lazy_restripe live=288 parity=185 freed_intact=0 reused=0 total=508 loss_mean=0.0 loss_worst=0 pinned=0 pinned_pct_of_live=0.0 peak_pinned=0 extra_writes=5792 write_amp_pct=46.8 repairs=2532 drain_rounds=0
E7RESULT name=arm workload=skew seed=11 arm=free_now live=288 parity=187 freed_intact=71 reused=0 total=546 loss_mean=11.5 loss_worst=28 pinned=0 pinned_pct_of_live=0.0 peak_pinned=81 extra_writes=0 write_amp_pct=0.0 repairs=0 drain_rounds=0
E7RESULT name=arm workload=skew seed=11 arm=pin_stripe live=288 parity=187 freed_intact=110 reused=0 total=623 loss_mean=0.0 loss_worst=0 pinned=110 pinned_pct_of_live=38.2 peak_pinned=133 extra_writes=0 write_amp_pct=0.0 repairs=0 drain_rounds=0
E7RESULT name=arm workload=skew seed=11 arm=restripe_on_free live=288 parity=187 freed_intact=0 reused=0 total=496 loss_mean=0.0 loss_worst=0 pinned=0 pinned_pct_of_live=0.0 peak_pinned=0 extra_writes=9426 write_amp_pct=75.7 repairs=4032 drain_rounds=0
E7RESULT name=arm workload=skew seed=11 arm=lazy_restripe live=288 parity=187 freed_intact=0 reused=0 total=496 loss_mean=0.0 loss_worst=0 pinned=0 pinned_pct_of_live=0.0 peak_pinned=0 extra_writes=5834 write_amp_pct=46.9 repairs=2546 drain_rounds=0
E7RESULT name=arm workload=skew seed=22 arm=free_now live=288 parity=186 freed_intact=77 reused=0 total=551 loss_mean=12.9 loss_worst=31 pinned=0 pinned_pct_of_live=0.0 peak_pinned=85 extra_writes=0 write_amp_pct=0.0 repairs=0 drain_rounds=0
E7RESULT name=arm workload=skew seed=22 arm=pin_stripe live=288 parity=186 freed_intact=131 reused=0 total=627 loss_mean=0.0 loss_worst=0 pinned=131 pinned_pct_of_live=45.5 peak_pinned=135 extra_writes=0 write_amp_pct=0.0 repairs=0 drain_rounds=0
E7RESULT name=arm workload=skew seed=22 arm=restripe_on_free live=288 parity=186 freed_intact=0 reused=0 total=498 loss_mean=0.0 loss_worst=0 pinned=0 pinned_pct_of_live=0.0 peak_pinned=0 extra_writes=9389 write_amp_pct=75.3 repairs=4027 drain_rounds=0
E7RESULT name=arm workload=skew seed=22 arm=lazy_restripe live=288 parity=186 freed_intact=0 reused=0 total=499 loss_mean=0.0 loss_worst=0 pinned=0 pinned_pct_of_live=0.0 peak_pinned=0 extra_writes=5801 write_amp_pct=46.6 repairs=2549 drain_rounds=0
E7RESULT name=arm workload=skew seed=33 arm=free_now live=288 parity=206 freed_intact=49 reused=0 total=543 loss_mean=12.6 loss_worst=34 pinned=0 pinned_pct_of_live=0.0 peak_pinned=66 extra_writes=0 write_amp_pct=0.0 repairs=0 drain_rounds=0
E7RESULT name=arm workload=skew seed=33 arm=pin_stripe live=288 parity=206 freed_intact=134 reused=0 total=629 loss_mean=0.0 loss_worst=0 pinned=134 pinned_pct_of_live=46.5 peak_pinned=136 extra_writes=0 write_amp_pct=0.0 repairs=0 drain_rounds=0
E7RESULT name=arm workload=skew seed=33 arm=restripe_on_free live=288 parity=206 freed_intact=0 reused=0 total=497 loss_mean=0.0 loss_worst=0 pinned=0 pinned_pct_of_live=0.0 peak_pinned=0 extra_writes=9496 write_amp_pct=76.3 repairs=4058 drain_rounds=0
E7RESULT name=arm workload=skew seed=33 arm=lazy_restripe live=288 parity=206 freed_intact=0 reused=0 total=498 loss_mean=0.0 loss_worst=0 pinned=0 pinned_pct_of_live=0.0 peak_pinned=0 extra_writes=5901 write_amp_pct=47.4 repairs=2570 drain_rounds=0
E7RESULT name=arm workload=skew seed=44 arm=free_now live=288 parity=185 freed_intact=77 reused=0 total=550 loss_mean=11.0 loss_worst=26 pinned=0 pinned_pct_of_live=0.0 peak_pinned=81 extra_writes=0 write_amp_pct=0.0 repairs=0 drain_rounds=0
E7RESULT name=arm workload=skew seed=44 arm=pin_stripe live=288 parity=185 freed_intact=99 reused=0 total=623 loss_mean=0.0 loss_worst=0 pinned=99 pinned_pct_of_live=34.4 peak_pinned=128 extra_writes=0 write_amp_pct=0.0 repairs=0 drain_rounds=0
E7RESULT name=arm workload=skew seed=44 arm=restripe_on_free live=288 parity=185 freed_intact=0 reused=0 total=497 loss_mean=0.0 loss_worst=0 pinned=0 pinned_pct_of_live=0.0 peak_pinned=0 extra_writes=9351 write_amp_pct=75.4 repairs=4012 drain_rounds=0
E7RESULT name=arm workload=skew seed=44 arm=lazy_restripe live=288 parity=185 freed_intact=0 reused=0 total=497 loss_mean=0.0 loss_worst=0 pinned=0 pinned_pct_of_live=0.0 peak_pinned=0 extra_writes=5831 write_amp_pct=47.0 repairs=2548 drain_rounds=0
E7RESULT name=arm workload=skew seed=55 arm=free_now live=288 parity=180 freed_intact=78 reused=0 total=546 loss_mean=11.2 loss_worst=25 pinned=0 pinned_pct_of_live=0.0 peak_pinned=80 extra_writes=0 write_amp_pct=0.0 repairs=0 drain_rounds=0
E7RESULT name=arm workload=skew seed=55 arm=pin_stripe live=288 parity=180 freed_intact=96 reused=0 total=630 loss_mean=0.0 loss_worst=0 pinned=96 pinned_pct_of_live=33.3 peak_pinned=136 extra_writes=0 write_amp_pct=0.0 repairs=0 drain_rounds=0
E7RESULT name=arm workload=skew seed=55 arm=restripe_on_free live=288 parity=180 freed_intact=0 reused=0 total=500 loss_mean=0.0 loss_worst=0 pinned=0 pinned_pct_of_live=0.0 peak_pinned=0 extra_writes=9371 write_amp_pct=75.3 repairs=4025 drain_rounds=0
E7RESULT name=arm workload=skew seed=55 arm=lazy_restripe live=288 parity=180 freed_intact=0 reused=0 total=498 loss_mean=0.0 loss_worst=0 pinned=0 pinned_pct_of_live=0.0 peak_pinned=0 extra_writes=5874 write_amp_pct=47.2 repairs=2578 drain_rounds=0
E7RESULT name=w2_control arm=free_now live=288 freed_intact=126 loss_worst=0 extra_writes=0
E7RESULT name=w2_control arm=pin_stripe live=288 freed_intact=0 loss_worst=0 extra_writes=0
E7RESULT name=w2_control arm=restripe_on_free live=288 freed_intact=0 loss_worst=0 extra_writes=0
E7RESULT name=w2_control arm=lazy_restripe live=288 freed_intact=0 loss_worst=0 extra_writes=0
E7RESULT name=done emitted=46
