
running 1 test
── 随机历史大档 ──
种子 [0, 96)，每段 40 步，比重：各类操作都抽（快档、大档）
历史 96 段：跑完 27、以已知红收尾 {0: 50, 1: 1}、新发现 18；根环转过一圈的 55 段；最高 txg 29
  操作 PublishFirstFile：Ok 24、Err 56、前提不满足没调 66
  操作 PublishOverwrite：Ok 611、Err 93、前提不满足没调 586
  操作 PublishWithoutUnits：Ok 7、Err 0、前提不满足没调 60
  操作 CloseAndMountWritable：Ok 310、Err 117、前提不满足没调 0
  操作 CloseAndMountRollback：Ok 108、Err 220、前提不满足没调 0
  操作 RaiseRollbackFloor：Ok 35、Err 150、前提不满足没调 179
  操作 ColdStartRecover：Ok 104、Err 0、前提不满足没调 0
  内容长度 0 字节：入口被调 84 次、发成 82 次
  内容长度 [1, 载荷容量 − 2]：入口被调 457 次、发成 426 次
  内容长度 数据单元整宽 32768（装不下）：入口被调 46 次、发成 0 次
  内容长度 载荷容量：入口被调 69 次、发成 65 次
  内容长度 载荷容量 + 1（装不下）：入口被调 59 次、发成 0 次
  内容长度 载荷容量 − 1：入口被调 69 次、发成 62 次
  Err 成员 MountError::InstanceRowsOnVersionWithoutFileUnsupported：117 次
  Err 成员 MountError::RaiseNeedsRewrittenInstanceTableUnitInCurrentVersion：34 次
  Err 成员 MountError::RollbackFloorAboveCeiling：116 次
  Err 成员 MountError::RollbackTargetNotACandidate（实例表里那个实例的行 T 更小：这是被抛弃时间线的根）：6 次
  Err 成员 MountError::RollbackTargetNotInRing：62 次
  Err 成员 MountError::RollbackToVersionWithoutFileUnsupported：152 次
  Err 成员 PublishError::ContentExceedsDataUnit：97 次
  Err 成员 PublishError::FirstFileVersionNotRightAfterTheSecondWarmUp：52 次
  前提不满足（没有可写会话）：839 次
  前提不满足（现行版本带文件）：28 次
  前提不满足（现行版本树表 0 条）：24 次
  冷启动结局 FileRead：74 次
  冷启动结局 NoFile：30 次
  一次挂载里最多写出 13 条根；一段历史里最多挂载成功 10 次、最多试挂载 15 次
  抬 F 回收到落点 22 次、共回收 598 个落点；复用已释放的记录 48 条（其中跨度变了 14 条）；已释放的记录被罩住起点 0 条、被删 0 条
  挂载写出的发布比过分配记录 900 次；挂载之前生效根的分配记录读不出、没比的挂载 0 次
  checker 跑了 1191 次；一个写都没发、沿用上一次结论的 1631 步
  I-1.1：判绿 1191 次、不适用 0 次
  I-1.3：判绿 1191 次、不适用 0 次
  I-1.4：判绿 1191 次、不适用 0 次
  I-1.6：判绿 1191 次、不适用 0 次
  I-1.7：判绿 1191 次、不适用 0 次
  I-2.1：判绿 1191 次、不适用 0 次
  I-2.3：判绿 1191 次、不适用 0 次
  I-2.4：判绿 1191 次、不适用 0 次
  I-2.5：判绿 1191 次、不适用 0 次
  I-3.1：判绿 1037 次、不适用 103 次
  I-3.8：判绿 1191 次、不适用 0 次
  I-3.9：判绿 1088 次、不适用 103 次
  I-4.8：判绿 1191 次、不适用 0 次
  I-5.1：判绿 1191 次、不适用 0 次
  I-5.2：判绿 1088 次、不适用 103 次
  I-5.4：判绿 1088 次、不适用 103 次
  I-7.1：判绿 1191 次、不适用 0 次
  I-7.2：判绿 1191 次、不适用 0 次
  I-7.4：判绿 1191 次、不适用 0 次
  I-7.6：判绿 1191 次、不适用 0 次
  I-7.7：判绿 1191 次、不适用 0 次
  I-7.8：判绿 1191 次、不适用 0 次
  I-9.1：判绿 1088 次、不适用 103 次
  I-9.2：判绿 1088 次、不适用 103 次
  I-9.4：判绿 1088 次、不适用 103 次
  I-9.7：判绿 1088 次、不适用 103 次
  I-9.10：判绿 1088 次、不适用 103 次
  I-9.13：判绿 1088 次、不适用 103 次
  I-9.14：判绿 1016 次、不适用 175 次
已知红第 0 条（增补 2 收口表第 ② 行（一次挂载转过一整圈根环时 checker 在合法状态上判 I-3.1 红））：50 段；前几个种子 [(0, Operation(22)), (1, Operation(24)), (2, Operation(27)), (4, Operation(25)), (8, Operation(39)), (9, Operation(34)), (11, Operation(21)), (12, Operation(18))]
已知红第 1 条（增补 2 收口表第 43 行）：1 段；前几个种子 [(80, Operation(21))]
新发现 HarnessJudgement { judgement: "改写或新增的分配记录的代不是这次发布的 txg" }：第一个种子 3（同签名的种子 [3, 7, 15, 20, 26, 27, 38, 46, 51, 54, 56, 57, 62, 66, 68, 69, 71, 94]），在 Operation(25)（Some(PublishOverwrite)）之后
  执行器判出：改写或新增的分配记录的代不是这次发布的 txg：AllocationGenerationIsNotThePublishTxg { records: [AllocationRecord { device: DeviceIdentity(0), slot: SlotNumber(50176), span_slots: 2, generation: CheckpointTxg(5), is_released: false }, AllocationRecord { device: DeviceIdentity(1), slot: SlotNumber(50176), span_slots: 2, generation: CheckpointTxg(5), is_released: false }], first_publish_txg: CheckpointTxg(29), last_publish_txg: CheckpointTxg(29) }
  没收缩（这一档只报种子）：SINGLEFS_RANDOM_HISTORY_SHRINK_SEED=3 跑「收缩一个种子」那条 #[ignore] 用例，或跑大档
每个新发现的种子：[(3, HarnessJudgement { judgement: "改写或新增的分配记录的代不是这次发布的 txg" }), (7, HarnessJudgement { judgement: "改写或新增的分配记录的代不是这次发布的 txg" }), (15, HarnessJudgement { judgement: "改写或新增的分配记录的代不是这次发布的 txg" }), (20, HarnessJudgement { judgement: "改写或新增的分配记录的代不是这次发布的 txg" }), (26, HarnessJudgement { judgement: "改写或新增的分配记录的代不是这次发布的 txg" }), (27, HarnessJudgement { judgement: "改写或新增的分配记录的代不是这次发布的 txg" }), (38, HarnessJudgement { judgement: "改写或新增的分配记录的代不是这次发布的 txg" }), (46, HarnessJudgement { judgement: "改写或新增的分配记录的代不是这次发布的 txg" }), (51, HarnessJudgement { judgement: "改写或新增的分配记录的代不是这次发布的 txg" }), (54, HarnessJudgement { judgement: "改写或新增的分配记录的代不是这次发布的 txg" }), (56, HarnessJudgement { judgement: "改写或新增的分配记录的代不是这次发布的 txg" }), (57, HarnessJudgement { judgement: "改写或新增的分配记录的代不是这次发布的 txg" }), (62, HarnessJudgement { judgement: "改写或新增的分配记录的代不是这次发布的 txg" }), (66, HarnessJudgement { judgement: "改写或新增的分配记录的代不是这次发布的 txg" }), (68, HarnessJudgement { judgement: "改写或新增的分配记录的代不是这次发布的 txg" }), (69, HarnessJudgement { judgement: "改写或新增的分配记录的代不是这次发布的 txg" }), (71, HarnessJudgement { judgement: "改写或新增的分配记录的代不是这次发布的 txg" }), (94, HarnessJudgement { judgement: "改写或新增的分配记录的代不是这次发布的 txg" })]
用时 2.2 秒
test random_histories_large_tier_seeds_and_length_from_the_environment ... FAILED

failures:

failures:
    random_histories_large_tier_seeds_and_length_from_the_environment

test result: FAILED. 0 passed; 1 failed; 0 ignored; 0 measured; 7 filtered out; finished in 2.22s

warning: unused variable: `generation`
   --> crates/singlefs-core/src/allocator.rs:513:5
    |
513 |     generation: CheckpointTxg,
    |     ^^^^^^^^^^ help: if this is intentional, prefix it with an underscore: `_generation`
    |
    = note: `#[warn(unused_variables)]` (part of `#[warn(unused)]`) on by default

warning: `singlefs-core` (lib) generated 1 warning (run `cargo fix --lib -p singlefs-core` to apply 1 suggestion)
    Finished `release` profile [optimized + debuginfo] target(s) in 0.00s
     Running tests/second_transaction_supplement_three_random_history.rs (target/release/deps/second_transaction_supplement_three_random_history-febc0246c8ac82b5)

thread 'random_histories_large_tier_seeds_and_length_from_the_environment' (3655912) panicked at crates/singlefs-harness/tests/second_transaction_supplement_three_random_history.rs:466:5:
「已知红」清单外的失败：
种子 [0, 96)，每段 40 步，比重：各类操作都抽（快档、大档）
历史 96 段：跑完 27、以已知红收尾 {0: 50, 1: 1}、新发现 18；根环转过一圈的 55 段；最高 txg 29
  操作 PublishFirstFile：Ok 24、Err 56、前提不满足没调 66
  操作 PublishOverwrite：Ok 611、Err 93、前提不满足没调 586
  操作 PublishWithoutUnits：Ok 7、Err 0、前提不满足没调 60
  操作 CloseAndMountWritable：Ok 310、Err 117、前提不满足没调 0
  操作 CloseAndMountRollback：Ok 108、Err 220、前提不满足没调 0
  操作 RaiseRollbackFloor：Ok 35、Err 150、前提不满足没调 179
  操作 ColdStartRecover：Ok 104、Err 0、前提不满足没调 0
  内容长度 0 字节：入口被调 84 次、发成 82 次
  内容长度 [1, 载荷容量 − 2]：入口被调 457 次、发成 426 次
  内容长度 数据单元整宽 32768（装不下）：入口被调 46 次、发成 0 次
  内容长度 载荷容量：入口被调 69 次、发成 65 次
  内容长度 载荷容量 + 1（装不下）：入口被调 59 次、发成 0 次
  内容长度 载荷容量 − 1：入口被调 69 次、发成 62 次
  Err 成员 MountError::InstanceRowsOnVersionWithoutFileUnsupported：117 次
  Err 成员 MountError::RaiseNeedsRewrittenInstanceTableUnitInCurrentVersion：34 次
  Err 成员 MountError::RollbackFloorAboveCeiling：116 次
  Err 成员 MountError::RollbackTargetNotACandidate（实例表里那个实例的行 T 更小：这是被抛弃时间线的根）：6 次
  Err 成员 MountError::RollbackTargetNotInRing：62 次
  Err 成员 MountError::RollbackToVersionWithoutFileUnsupported：152 次
  Err 成员 PublishError::ContentExceedsDataUnit：97 次
  Err 成员 PublishError::FirstFileVersionNotRightAfterTheSecondWarmUp：52 次
  前提不满足（没有可写会话）：839 次
  前提不满足（现行版本带文件）：28 次
  前提不满足（现行版本树表 0 条）：24 次
  冷启动结局 FileRead：74 次
  冷启动结局 NoFile：30 次
  一次挂载里最多写出 13 条根；一段历史里最多挂载成功 10 次、最多试挂载 15 次
  抬 F 回收到落点 22 次、共回收 598 个落点；复用已释放的记录 48 条（其中跨度变了 14 条）；已释放的记录被罩住起点 0 条、被删 0 条
  挂载写出的发布比过分配记录 900 次；挂载之前生效根的分配记录读不出、没比的挂载 0 次
  checker 跑了 1191 次；一个写都没发、沿用上一次结论的 1631 步
  I-1.1：判绿 1191 次、不适用 0 次
  I-1.3：判绿 1191 次、不适用 0 次
  I-1.4：判绿 1191 次、不适用 0 次
  I-1.6：判绿 1191 次、不适用 0 次
  I-1.7：判绿 1191 次、不适用 0 次
  I-2.1：判绿 1191 次、不适用 0 次
  I-2.3：判绿 1191 次、不适用 0 次
  I-2.4：判绿 1191 次、不适用 0 次
  I-2.5：判绿 1191 次、不适用 0 次
  I-3.1：判绿 1037 次、不适用 103 次
  I-3.8：判绿 1191 次、不适用 0 次
  I-3.9：判绿 1088 次、不适用 103 次
  I-4.8：判绿 1191 次、不适用 0 次
  I-5.1：判绿 1191 次、不适用 0 次
  I-5.2：判绿 1088 次、不适用 103 次
  I-5.4：判绿 1088 次、不适用 103 次
  I-7.1：判绿 1191 次、不适用 0 次
  I-7.2：判绿 1191 次、不适用 0 次
  I-7.4：判绿 1191 次、不适用 0 次
  I-7.6：判绿 1191 次、不适用 0 次
  I-7.7：判绿 1191 次、不适用 0 次
  I-7.8：判绿 1191 次、不适用 0 次
  I-9.1：判绿 1088 次、不适用 103 次
  I-9.2：判绿 1088 次、不适用 103 次
  I-9.4：判绿 1088 次、不适用 103 次
  I-9.7：判绿 1088 次、不适用 103 次
  I-9.10：判绿 1088 次、不适用 103 次
  I-9.13：判绿 1088 次、不适用 103 次
  I-9.14：判绿 1016 次、不适用 175 次
已知红第 0 条（增补 2 收口表第 ② 行（一次挂载转过一整圈根环时 checker 在合法状态上判 I-3.1 红））：50 段；前几个种子 [(0, Operation(22)), (1, Operation(24)), (2, Operation(27)), (4, Operation(25)), (8, Operation(39)), (9, Operation(34)), (11, Operation(21)), (12, Operation(18))]
已知红第 1 条（增补 2 收口表第 43 行）：1 段；前几个种子 [(80, Operation(21))]
新发现 HarnessJudgement { judgement: "改写或新增的分配记录的代不是这次发布的 txg" }：第一个种子 3（同签名的种子 [3, 7, 15, 20, 26, 27, 38, 46, 51, 54, 56, 57, 62, 66, 68, 69, 71, 94]），在 Operation(25)（Some(PublishOverwrite)）之后
  执行器判出：改写或新增的分配记录的代不是这次发布的 txg：AllocationGenerationIsNotThePublishTxg { records: [AllocationRecord { device: DeviceIdentity(0), slot: SlotNumber(50176), span_slots: 2, generation: CheckpointTxg(5), is_released: false }, AllocationRecord { device: DeviceIdentity(1), slot: SlotNumber(50176), span_slots: 2, generation: CheckpointTxg(5), is_released: false }], first_publish_txg: CheckpointTxg(29), last_publish_txg: CheckpointTxg(29) }
  没收缩（这一档只报种子）：SINGLEFS_RANDOM_HISTORY_SHRINK_SEED=3 跑「收缩一个种子」那条 #[ignore] 用例，或跑大档

note: run with `RUST_BACKTRACE=1` environment variable to display a backtrace
error: test failed, to rerun pass `-p singlefs-harness --test second_transaction_supplement_three_random_history`
