E7RESULT name=posctl_64B nosplit_amp=74.81 inline_amp=10.94 nosplit_data=16777216 inline_data=0
E7RESULT name=negctl_1G nosplit_bytes=8589950976 inline_bytes=8589950976 nosplit_reads=1 inline_reads=1 identical=true
E7RESULT name=controls pos_ok=true neg_ok=true
E7RESULT name=e8 ptr=ptr256 form=once size=64B arm=nosplit logical=262144 dev_bytes=19611648 data=16777216 meta=2834432 amp=74.8125 reads=47 node_writes=173 pushdown=0 meta_per_file=692.0
E7RESULT name=e8 ptr=ptr256 form=once size=64B arm=inline logical=262144 dev_bytes=2867200 data=0 meta=2867200 amp=10.9375 reads=49 node_writes=175 pushdown=0 meta_per_file=700.0
E7RESULT name=e8 ptr=ptr256 form=once size=64B arm=msgbuf logical=262144 dev_bytes=3756032 data=0 meta=3756032 amp=14.3281 reads=49 node_writes=182 pushdown=774144 meta_per_file=917.0
E7RESULT name=e8 ptr=ptr256 form=once size=64B arm=kvsep logical=262144 dev_bytes=3096576 data=262144 meta=2834432 amp=11.8125 reads=47 node_writes=173 pushdown=0 meta_per_file=692.0
E7RESULT name=e8 ptr=ptr256 form=once size=1K arm=nosplit logical=4194304 dev_bytes=19611648 data=16777216 meta=2834432 amp=4.6758 reads=47 node_writes=173 pushdown=0 meta_per_file=692.0
E7RESULT name=e8 ptr=ptr256 form=once size=1K arm=inline logical=4194304 dev_bytes=6733824 data=0 meta=6733824 amp=1.6055 reads=293 node_writes=411 pushdown=0 meta_per_file=1644.0
E7RESULT name=e8 ptr=ptr256 form=once size=1K arm=msgbuf logical=4194304 dev_bytes=11968512 data=0 meta=11968512 amp=2.8535 reads=293 node_writes=447 pushdown=4644864 meta_per_file=2922.0
E7RESULT name=e8 ptr=ptr256 form=once size=1K arm=kvsep logical=4194304 dev_bytes=7028736 data=4194304 meta=2834432 amp=1.6758 reads=47 node_writes=173 pushdown=0 meta_per_file=692.0
E7RESULT name=e8 ptr=ptr256 form=once size=4K arm=nosplit logical=16777216 dev_bytes=19611648 data=16777216 meta=2834432 amp=1.1689 reads=47 node_writes=173 pushdown=0 meta_per_file=692.0
E7RESULT name=e8 ptr=ptr256 form=once size=4K arm=inline logical=16777216 dev_bytes=19611648 data=16777216 meta=2834432 amp=1.1689 reads=47 node_writes=173 pushdown=0 meta_per_file=692.0
E7RESULT name=e8 ptr=ptr256 form=once size=4K arm=msgbuf logical=16777216 dev_bytes=19611648 data=16777216 meta=2834432 amp=1.1689 reads=47 node_writes=173 pushdown=0 meta_per_file=692.0
E7RESULT name=e8 ptr=ptr256 form=once size=4K arm=kvsep logical=16777216 dev_bytes=19611648 data=16777216 meta=2834432 amp=1.1689 reads=47 node_writes=173 pushdown=0 meta_per_file=692.0
E7RESULT name=e8 ptr=ptr256 form=once size=64K arm=nosplit logical=67108864 dev_bytes=67796992 data=67108864 meta=688128 amp=1.0103 reads=12 node_writes=42 pushdown=0 meta_per_file=672.0
E7RESULT name=e8 ptr=ptr256 form=once size=64K arm=inline logical=67108864 dev_bytes=67796992 data=67108864 meta=688128 amp=1.0103 reads=12 node_writes=42 pushdown=0 meta_per_file=672.0
E7RESULT name=e8 ptr=ptr256 form=once size=64K arm=msgbuf logical=67108864 dev_bytes=67796992 data=67108864 meta=688128 amp=1.0103 reads=12 node_writes=42 pushdown=0 meta_per_file=672.0
E7RESULT name=e8 ptr=ptr256 form=once size=64K arm=kvsep logical=67108864 dev_bytes=67796992 data=67108864 meta=688128 amp=1.0103 reads=12 node_writes=42 pushdown=0 meta_per_file=672.0
E7RESULT name=e8 ptr=ptr256 form=once size=1M arm=nosplit logical=268435456 dev_bytes=268582912 data=268435456 meta=147456 amp=1.0005 reads=3 node_writes=9 pushdown=0 meta_per_file=576.0
E7RESULT name=e8 ptr=ptr256 form=once size=1M arm=inline logical=268435456 dev_bytes=268582912 data=268435456 meta=147456 amp=1.0005 reads=3 node_writes=9 pushdown=0 meta_per_file=576.0
E7RESULT name=e8 ptr=ptr256 form=once size=1M arm=msgbuf logical=268435456 dev_bytes=268582912 data=268435456 meta=147456 amp=1.0005 reads=3 node_writes=9 pushdown=0 meta_per_file=576.0
E7RESULT name=e8 ptr=ptr256 form=once size=1M arm=kvsep logical=268435456 dev_bytes=268582912 data=268435456 meta=147456 amp=1.0005 reads=3 node_writes=9 pushdown=0 meta_per_file=576.0
E7RESULT name=e8 ptr=ptr256 form=once size=16M arm=nosplit logical=1073741824 dev_bytes=1073758208 data=1073741824 meta=16384 amp=1.0000 reads=1 node_writes=1 pushdown=0 meta_per_file=256.0
E7RESULT name=e8 ptr=ptr256 form=once size=16M arm=inline logical=1073741824 dev_bytes=1073758208 data=1073741824 meta=16384 amp=1.0000 reads=1 node_writes=1 pushdown=0 meta_per_file=256.0
E7RESULT name=e8 ptr=ptr256 form=once size=16M arm=msgbuf logical=1073741824 dev_bytes=1073758208 data=1073741824 meta=16384 amp=1.0000 reads=1 node_writes=1 pushdown=0 meta_per_file=256.0
E7RESULT name=e8 ptr=ptr256 form=once size=16M arm=kvsep logical=1073741824 dev_bytes=1073758208 data=1073741824 meta=16384 amp=1.0000 reads=1 node_writes=1 pushdown=0 meta_per_file=256.0
E7RESULT name=e8 ptr=ptr256 form=once size=1G arm=nosplit logical=8589934592 dev_bytes=8589950976 data=8589934592 meta=16384 amp=1.0000 reads=1 node_writes=1 pushdown=0 meta_per_file=2048.0
E7RESULT name=e8 ptr=ptr256 form=once size=1G arm=inline logical=8589934592 dev_bytes=8589950976 data=8589934592 meta=16384 amp=1.0000 reads=1 node_writes=1 pushdown=0 meta_per_file=2048.0
E7RESULT name=e8 ptr=ptr256 form=once size=1G arm=msgbuf logical=8589934592 dev_bytes=8589950976 data=8589934592 meta=16384 amp=1.0000 reads=1 node_writes=1 pushdown=0 meta_per_file=2048.0
E7RESULT name=e8 ptr=ptr256 form=once size=1G arm=kvsep logical=8589934592 dev_bytes=8589950976 data=8589934592 meta=16384 amp=1.0000 reads=1 node_writes=1 pushdown=0 meta_per_file=2048.0
E7RESULT name=e8 ptr=ptr256 form=append size=64B arm=nosplit logical=262144 dev_bytes=137052160 data=134217728 meta=2834432 amp=522.8125 reads=47 node_writes=173 pushdown=0 meta_per_file=692.0
E7RESULT name=e8 ptr=ptr256 form=append size=64B arm=inline logical=262144 dev_bytes=2867200 data=0 meta=2867200 amp=10.9375 reads=49 node_writes=175 pushdown=0 meta_per_file=700.0
E7RESULT name=e8 ptr=ptr256 form=append size=64B arm=msgbuf logical=262144 dev_bytes=8271872 data=0 meta=8271872 amp=31.5547 reads=49 node_writes=182 pushdown=5289984 meta_per_file=2019.5
E7RESULT name=e8 ptr=ptr256 form=append size=64B arm=kvsep logical=262144 dev_bytes=3096576 data=262144 meta=2834432 amp=11.8125 reads=47 node_writes=173 pushdown=0 meta_per_file=692.0
E7RESULT name=e8 ptr=ptr256 form=append size=1K arm=nosplit logical=4194304 dev_bytes=137052160 data=134217728 meta=2834432 amp=32.6758 reads=47 node_writes=173 pushdown=0 meta_per_file=692.0
E7RESULT name=e8 ptr=ptr256 form=append size=1K arm=inline logical=4194304 dev_bytes=6733824 data=0 meta=6733824 amp=1.6055 reads=293 node_writes=411 pushdown=0 meta_per_file=1644.0
E7RESULT name=e8 ptr=ptr256 form=append size=1K arm=msgbuf logical=4194304 dev_bytes=30031872 data=0 meta=30031872 amp=7.1602 reads=293 node_writes=447 pushdown=22708224 meta_per_file=7332.0
E7RESULT name=e8 ptr=ptr256 form=append size=1K arm=kvsep logical=4194304 dev_bytes=7028736 data=4194304 meta=2834432 amp=1.6758 reads=47 node_writes=173 pushdown=0 meta_per_file=692.0
E7RESULT name=e8 ptr=ptr256 form=append size=4K arm=nosplit logical=16777216 dev_bytes=137052160 data=134217728 meta=2834432 amp=8.1689 reads=47 node_writes=173 pushdown=0 meta_per_file=692.0
E7RESULT name=e8 ptr=ptr256 form=append size=4K arm=inline logical=16777216 dev_bytes=19677184 data=16777216 meta=2899968 amp=1.1729 reads=47 node_writes=177 pushdown=0 meta_per_file=708.0
E7RESULT name=e8 ptr=ptr256 form=append size=4K arm=msgbuf logical=16777216 dev_bytes=139411456 data=16777216 meta=122634240 amp=8.3096 reads=1014 node_writes=1297 pushdown=101384192 meta_per_file=29940.0
E7RESULT name=e8 ptr=ptr256 form=append size=4K arm=kvsep logical=16777216 dev_bytes=19611648 data=16777216 meta=2834432 amp=1.1689 reads=47 node_writes=173 pushdown=0 meta_per_file=692.0
E7RESULT name=e8 ptr=ptr256 form=append size=64K arm=nosplit logical=67108864 dev_bytes=68222976 data=67108864 meta=1114112 amp=1.0166 reads=37 node_writes=68 pushdown=0 meta_per_file=1088.0
E7RESULT name=e8 ptr=ptr256 form=append size=64K arm=inline logical=67108864 dev_bytes=68222976 data=67108864 meta=1114112 amp=1.0166 reads=37 node_writes=68 pushdown=0 meta_per_file=1088.0
E7RESULT name=e8 ptr=ptr256 form=append size=64K arm=msgbuf logical=67108864 dev_bytes=68222976 data=67108864 meta=1114112 amp=1.0166 reads=37 node_writes=68 pushdown=0 meta_per_file=1088.0
E7RESULT name=e8 ptr=ptr256 form=append size=64K arm=kvsep logical=67108864 dev_bytes=68222976 data=67108864 meta=1114112 amp=1.0166 reads=37 node_writes=68 pushdown=0 meta_per_file=1088.0
E7RESULT name=e8 ptr=ptr256 form=append size=1M arm=nosplit logical=268435456 dev_bytes=268713984 data=268435456 meta=278528 amp=1.0010 reads=10 node_writes=17 pushdown=0 meta_per_file=1088.0
E7RESULT name=e8 ptr=ptr256 form=append size=1M arm=inline logical=268435456 dev_bytes=268713984 data=268435456 meta=278528 amp=1.0010 reads=10 node_writes=17 pushdown=0 meta_per_file=1088.0
E7RESULT name=e8 ptr=ptr256 form=append size=1M arm=msgbuf logical=268435456 dev_bytes=268713984 data=268435456 meta=278528 amp=1.0010 reads=10 node_writes=17 pushdown=0 meta_per_file=1088.0
E7RESULT name=e8 ptr=ptr256 form=append size=1M arm=kvsep logical=268435456 dev_bytes=268713984 data=268435456 meta=278528 amp=1.0010 reads=10 node_writes=17 pushdown=0 meta_per_file=1088.0
E7RESULT name=e8 ptr=ptr256 form=append size=16M arm=nosplit logical=1073741824 dev_bytes=1073807360 data=1073741824 meta=65536 amp=1.0001 reads=3 node_writes=4 pushdown=0 meta_per_file=1024.0
E7RESULT name=e8 ptr=ptr256 form=append size=16M arm=inline logical=1073741824 dev_bytes=1073807360 data=1073741824 meta=65536 amp=1.0001 reads=3 node_writes=4 pushdown=0 meta_per_file=1024.0
E7RESULT name=e8 ptr=ptr256 form=append size=16M arm=msgbuf logical=1073741824 dev_bytes=1073807360 data=1073741824 meta=65536 amp=1.0001 reads=3 node_writes=4 pushdown=0 meta_per_file=1024.0
E7RESULT name=e8 ptr=ptr256 form=append size=16M arm=kvsep logical=1073741824 dev_bytes=1073807360 data=1073741824 meta=65536 amp=1.0001 reads=3 node_writes=4 pushdown=0 meta_per_file=1024.0
E7RESULT name=e8 ptr=ptr256 form=append size=1G arm=nosplit logical=8589934592 dev_bytes=8589950976 data=8589934592 meta=16384 amp=1.0000 reads=1 node_writes=1 pushdown=0 meta_per_file=2048.0
E7RESULT name=e8 ptr=ptr256 form=append size=1G arm=inline logical=8589934592 dev_bytes=8589950976 data=8589934592 meta=16384 amp=1.0000 reads=1 node_writes=1 pushdown=0 meta_per_file=2048.0
E7RESULT name=e8 ptr=ptr256 form=append size=1G arm=msgbuf logical=8589934592 dev_bytes=8589950976 data=8589934592 meta=16384 amp=1.0000 reads=1 node_writes=1 pushdown=0 meta_per_file=2048.0
E7RESULT name=e8 ptr=ptr256 form=append size=1G arm=kvsep logical=8589934592 dev_bytes=8589950976 data=8589934592 meta=16384 amp=1.0000 reads=1 node_writes=1 pushdown=0 meta_per_file=2048.0
E7RESULT name=e8 ptr=ptr256 form=overwrite size=64B arm=nosplit logical=524288 dev_bytes=36388864 data=33554432 meta=2834432 amp=69.4062 reads=47 node_writes=173 pushdown=0 meta_per_file=692.0
E7RESULT name=e8 ptr=ptr256 form=overwrite size=64B arm=inline logical=524288 dev_bytes=2867200 data=0 meta=2867200 amp=5.4688 reads=49 node_writes=175 pushdown=0 meta_per_file=700.0
E7RESULT name=e8 ptr=ptr256 form=overwrite size=64B arm=msgbuf logical=524288 dev_bytes=4530176 data=0 meta=4530176 amp=8.6406 reads=49 node_writes=182 pushdown=1548288 meta_per_file=1106.0
E7RESULT name=e8 ptr=ptr256 form=overwrite size=64B arm=kvsep logical=524288 dev_bytes=3358720 data=524288 meta=2834432 amp=6.4062 reads=47 node_writes=173 pushdown=0 meta_per_file=692.0
E7RESULT name=e8 ptr=ptr256 form=overwrite size=1K arm=nosplit logical=8388608 dev_bytes=36388864 data=33554432 meta=2834432 amp=4.3379 reads=47 node_writes=173 pushdown=0 meta_per_file=692.0
E7RESULT name=e8 ptr=ptr256 form=overwrite size=1K arm=inline logical=8388608 dev_bytes=6733824 data=0 meta=6733824 amp=0.8027 reads=293 node_writes=411 pushdown=0 meta_per_file=1644.0
E7RESULT name=e8 ptr=ptr256 form=overwrite size=1K arm=msgbuf logical=8388608 dev_bytes=16613376 data=0 meta=16613376 amp=1.9805 reads=293 node_writes=447 pushdown=9289728 meta_per_file=4056.0
E7RESULT name=e8 ptr=ptr256 form=overwrite size=1K arm=kvsep logical=8388608 dev_bytes=11223040 data=8388608 meta=2834432 amp=1.3379 reads=47 node_writes=173 pushdown=0 meta_per_file=692.0
E7RESULT name=e8 ptr=ptr256 form=overwrite size=4K arm=nosplit logical=33554432 dev_bytes=36388864 data=33554432 meta=2834432 amp=1.0845 reads=47 node_writes=173 pushdown=0 meta_per_file=692.0
E7RESULT name=e8 ptr=ptr256 form=overwrite size=4K arm=inline logical=33554432 dev_bytes=36388864 data=33554432 meta=2834432 amp=1.0845 reads=47 node_writes=173 pushdown=0 meta_per_file=692.0
E7RESULT name=e8 ptr=ptr256 form=overwrite size=4K arm=msgbuf logical=33554432 dev_bytes=36388864 data=33554432 meta=2834432 amp=1.0845 reads=47 node_writes=173 pushdown=0 meta_per_file=692.0
E7RESULT name=e8 ptr=ptr256 form=overwrite size=4K arm=kvsep logical=33554432 dev_bytes=36388864 data=33554432 meta=2834432 amp=1.0845 reads=47 node_writes=173 pushdown=0 meta_per_file=692.0
E7RESULT name=e8 ptr=ptr256 form=overwrite size=64K arm=nosplit logical=134217728 dev_bytes=134905856 data=134217728 meta=688128 amp=1.0051 reads=12 node_writes=42 pushdown=0 meta_per_file=672.0
E7RESULT name=e8 ptr=ptr256 form=overwrite size=64K arm=inline logical=134217728 dev_bytes=134905856 data=134217728 meta=688128 amp=1.0051 reads=12 node_writes=42 pushdown=0 meta_per_file=672.0
E7RESULT name=e8 ptr=ptr256 form=overwrite size=64K arm=msgbuf logical=134217728 dev_bytes=134905856 data=134217728 meta=688128 amp=1.0051 reads=12 node_writes=42 pushdown=0 meta_per_file=672.0
E7RESULT name=e8 ptr=ptr256 form=overwrite size=64K arm=kvsep logical=134217728 dev_bytes=134905856 data=134217728 meta=688128 amp=1.0051 reads=12 node_writes=42 pushdown=0 meta_per_file=672.0
E7RESULT name=e8 ptr=ptr256 form=overwrite size=1M arm=nosplit logical=536870912 dev_bytes=537018368 data=536870912 meta=147456 amp=1.0003 reads=3 node_writes=9 pushdown=0 meta_per_file=576.0
E7RESULT name=e8 ptr=ptr256 form=overwrite size=1M arm=inline logical=536870912 dev_bytes=537018368 data=536870912 meta=147456 amp=1.0003 reads=3 node_writes=9 pushdown=0 meta_per_file=576.0
E7RESULT name=e8 ptr=ptr256 form=overwrite size=1M arm=msgbuf logical=536870912 dev_bytes=537018368 data=536870912 meta=147456 amp=1.0003 reads=3 node_writes=9 pushdown=0 meta_per_file=576.0
E7RESULT name=e8 ptr=ptr256 form=overwrite size=1M arm=kvsep logical=536870912 dev_bytes=537018368 data=536870912 meta=147456 amp=1.0003 reads=3 node_writes=9 pushdown=0 meta_per_file=576.0
E7RESULT name=e8 ptr=ptr256 form=overwrite size=16M arm=nosplit logical=2147483648 dev_bytes=2147500032 data=2147483648 meta=16384 amp=1.0000 reads=1 node_writes=1 pushdown=0 meta_per_file=256.0
E7RESULT name=e8 ptr=ptr256 form=overwrite size=16M arm=inline logical=2147483648 dev_bytes=2147500032 data=2147483648 meta=16384 amp=1.0000 reads=1 node_writes=1 pushdown=0 meta_per_file=256.0
E7RESULT name=e8 ptr=ptr256 form=overwrite size=16M arm=msgbuf logical=2147483648 dev_bytes=2147500032 data=2147483648 meta=16384 amp=1.0000 reads=1 node_writes=1 pushdown=0 meta_per_file=256.0
E7RESULT name=e8 ptr=ptr256 form=overwrite size=16M arm=kvsep logical=2147483648 dev_bytes=2147500032 data=2147483648 meta=16384 amp=1.0000 reads=1 node_writes=1 pushdown=0 meta_per_file=256.0
E7RESULT name=e8 ptr=ptr256 form=overwrite size=1G arm=nosplit logical=17179869184 dev_bytes=17179885568 data=17179869184 meta=16384 amp=1.0000 reads=1 node_writes=1 pushdown=0 meta_per_file=2048.0
E7RESULT name=e8 ptr=ptr256 form=overwrite size=1G arm=inline logical=17179869184 dev_bytes=17179885568 data=17179869184 meta=16384 amp=1.0000 reads=1 node_writes=1 pushdown=0 meta_per_file=2048.0
E7RESULT name=e8 ptr=ptr256 form=overwrite size=1G arm=msgbuf logical=17179869184 dev_bytes=17179885568 data=17179869184 meta=16384 amp=1.0000 reads=1 node_writes=1 pushdown=0 meta_per_file=2048.0
E7RESULT name=e8 ptr=ptr256 form=overwrite size=1G arm=kvsep logical=17179869184 dev_bytes=17179885568 data=17179869184 meta=16384 amp=1.0000 reads=1 node_writes=1 pushdown=0 meta_per_file=2048.0
E7RESULT name=e8 ptr=ptr256 form=randsmall size=64B arm=nosplit logical=4194304 dev_bytes=271269888 data=268435456 meta=2834432 amp=64.6758 reads=47 node_writes=173 pushdown=0 meta_per_file=692.0
E7RESULT name=e8 ptr=ptr256 form=randsmall size=64B arm=inline logical=4194304 dev_bytes=2867200 data=0 meta=2867200 amp=0.6836 reads=49 node_writes=175 pushdown=0 meta_per_file=700.0
E7RESULT name=e8 ptr=ptr256 form=randsmall size=64B arm=msgbuf logical=4194304 dev_bytes=15368192 data=0 meta=15368192 amp=3.6641 reads=49 node_writes=182 pushdown=12386304 meta_per_file=3752.0
E7RESULT name=e8 ptr=ptr256 form=randsmall size=64B arm=kvsep logical=4194304 dev_bytes=7028736 data=4194304 meta=2834432 amp=1.6758 reads=47 node_writes=173 pushdown=0 meta_per_file=692.0
E7RESULT name=e8 ptr=ptr256 form=randsmall size=1K arm=nosplit logical=67108864 dev_bytes=271269888 data=268435456 meta=2834432 amp=4.0422 reads=47 node_writes=173 pushdown=0 meta_per_file=692.0
E7RESULT name=e8 ptr=ptr256 form=randsmall size=1K arm=inline logical=67108864 dev_bytes=6733824 data=0 meta=6733824 amp=0.1003 reads=293 node_writes=411 pushdown=0 meta_per_file=1644.0
E7RESULT name=e8 ptr=ptr256 form=randsmall size=1K arm=msgbuf logical=67108864 dev_bytes=81641472 data=0 meta=81641472 amp=1.2166 reads=293 node_writes=447 pushdown=74317824 meta_per_file=19932.0
E7RESULT name=e8 ptr=ptr256 form=randsmall size=1K arm=kvsep logical=67108864 dev_bytes=69943296 data=67108864 meta=2834432 amp=1.0422 reads=47 node_writes=173 pushdown=0 meta_per_file=692.0
E7RESULT name=e8 ptr=ptr256 form=randsmall size=4K arm=nosplit logical=268435456 dev_bytes=271269888 data=268435456 meta=2834432 amp=1.0106 reads=47 node_writes=173 pushdown=0 meta_per_file=692.0
E7RESULT name=e8 ptr=ptr256 form=randsmall size=4K arm=inline logical=268435456 dev_bytes=271269888 data=268435456 meta=2834432 amp=1.0106 reads=47 node_writes=173 pushdown=0 meta_per_file=692.0
E7RESULT name=e8 ptr=ptr256 form=randsmall size=4K arm=msgbuf logical=268435456 dev_bytes=271269888 data=268435456 meta=2834432 amp=1.0106 reads=47 node_writes=173 pushdown=0 meta_per_file=692.0
E7RESULT name=e8 ptr=ptr256 form=randsmall size=4K arm=kvsep logical=268435456 dev_bytes=271269888 data=268435456 meta=2834432 amp=1.0106 reads=47 node_writes=173 pushdown=0 meta_per_file=692.0
E7RESULT name=e8 ptr=ptr256 form=randsmall size=64K arm=nosplit logical=67108864 dev_bytes=68321280 data=67108864 meta=1212416 amp=1.0181 reads=43 node_writes=74 pushdown=0 meta_per_file=1184.0
E7RESULT name=e8 ptr=ptr256 form=randsmall size=64K arm=inline logical=67108864 dev_bytes=68321280 data=67108864 meta=1212416 amp=1.0181 reads=43 node_writes=74 pushdown=0 meta_per_file=1184.0
E7RESULT name=e8 ptr=ptr256 form=randsmall size=64K arm=msgbuf logical=67108864 dev_bytes=68321280 data=67108864 meta=1212416 amp=1.0181 reads=43 node_writes=74 pushdown=0 meta_per_file=1184.0
E7RESULT name=e8 ptr=ptr256 form=randsmall size=64K arm=kvsep logical=67108864 dev_bytes=68321280 data=67108864 meta=1212416 amp=1.0181 reads=43 node_writes=74 pushdown=0 meta_per_file=1184.0
E7RESULT name=e8 ptr=ptr256 form=randsmall size=1M arm=nosplit logical=16777216 dev_bytes=17154048 data=16777216 meta=376832 amp=1.0225 reads=16 node_writes=23 pushdown=0 meta_per_file=1472.0
E7RESULT name=e8 ptr=ptr256 form=randsmall size=1M arm=inline logical=16777216 dev_bytes=17154048 data=16777216 meta=376832 amp=1.0225 reads=16 node_writes=23 pushdown=0 meta_per_file=1472.0
E7RESULT name=e8 ptr=ptr256 form=randsmall size=1M arm=msgbuf logical=16777216 dev_bytes=17154048 data=16777216 meta=376832 amp=1.0225 reads=16 node_writes=23 pushdown=0 meta_per_file=1472.0
E7RESULT name=e8 ptr=ptr256 form=randsmall size=1M arm=kvsep logical=16777216 dev_bytes=17154048 data=16777216 meta=376832 amp=1.0225 reads=16 node_writes=23 pushdown=0 meta_per_file=1472.0
E7RESULT name=e8 ptr=ptr256 form=randsmall size=16M arm=nosplit logical=4194304 dev_bytes=4276224 data=4194304 meta=81920 amp=1.0195 reads=4 node_writes=5 pushdown=0 meta_per_file=1280.0
E7RESULT name=e8 ptr=ptr256 form=randsmall size=16M arm=inline logical=4194304 dev_bytes=4276224 data=4194304 meta=81920 amp=1.0195 reads=4 node_writes=5 pushdown=0 meta_per_file=1280.0
E7RESULT name=e8 ptr=ptr256 form=randsmall size=16M arm=msgbuf logical=4194304 dev_bytes=4276224 data=4194304 meta=81920 amp=1.0195 reads=4 node_writes=5 pushdown=0 meta_per_file=1280.0
E7RESULT name=e8 ptr=ptr256 form=randsmall size=16M arm=kvsep logical=4194304 dev_bytes=4276224 data=4194304 meta=81920 amp=1.0195 reads=4 node_writes=5 pushdown=0 meta_per_file=1280.0
E7RESULT name=e8 ptr=ptr256 form=randsmall size=1G arm=nosplit logical=524288 dev_bytes=540672 data=524288 meta=16384 amp=1.0312 reads=1 node_writes=1 pushdown=0 meta_per_file=2048.0
E7RESULT name=e8 ptr=ptr256 form=randsmall size=1G arm=inline logical=524288 dev_bytes=540672 data=524288 meta=16384 amp=1.0312 reads=1 node_writes=1 pushdown=0 meta_per_file=2048.0
E7RESULT name=e8 ptr=ptr256 form=randsmall size=1G arm=msgbuf logical=524288 dev_bytes=540672 data=524288 meta=16384 amp=1.0312 reads=1 node_writes=1 pushdown=0 meta_per_file=2048.0
E7RESULT name=e8 ptr=ptr256 form=randsmall size=1G arm=kvsep logical=524288 dev_bytes=540672 data=524288 meta=16384 amp=1.0312 reads=1 node_writes=1 pushdown=0 meta_per_file=2048.0
E7RESULT name=e8 ptr=ptr320 form=once size=64B arm=nosplit logical=262144 dev_bytes=19644416 data=16777216 meta=2867200 amp=74.9375 reads=49 node_writes=175 pushdown=0 meta_per_file=700.0
E7RESULT name=e8 ptr=ptr320 form=once size=64B arm=inline logical=262144 dev_bytes=2867200 data=0 meta=2867200 amp=10.9375 reads=49 node_writes=175 pushdown=0 meta_per_file=700.0
E7RESULT name=e8 ptr=ptr320 form=once size=64B arm=msgbuf logical=262144 dev_bytes=3756032 data=0 meta=3756032 amp=14.3281 reads=49 node_writes=182 pushdown=774144 meta_per_file=917.0
E7RESULT name=e8 ptr=ptr320 form=once size=64B arm=kvsep logical=262144 dev_bytes=3129344 data=262144 meta=2867200 amp=11.9375 reads=49 node_writes=175 pushdown=0 meta_per_file=700.0
E7RESULT name=e8 ptr=ptr320 form=once size=1K arm=nosplit logical=4194304 dev_bytes=19644416 data=16777216 meta=2867200 amp=4.6836 reads=49 node_writes=175 pushdown=0 meta_per_file=700.0
E7RESULT name=e8 ptr=ptr320 form=once size=1K arm=inline logical=4194304 dev_bytes=6766592 data=0 meta=6766592 amp=1.6133 reads=293 node_writes=413 pushdown=0 meta_per_file=1652.0
E7RESULT name=e8 ptr=ptr320 form=once size=1K arm=msgbuf logical=4194304 dev_bytes=12075008 data=0 meta=12075008 amp=2.8789 reads=293 node_writes=449 pushdown=4718592 meta_per_file=2948.0
E7RESULT name=e8 ptr=ptr320 form=once size=1K arm=kvsep logical=4194304 dev_bytes=7061504 data=4194304 meta=2867200 amp=1.6836 reads=49 node_writes=175 pushdown=0 meta_per_file=700.0
E7RESULT name=e8 ptr=ptr320 form=once size=4K arm=nosplit logical=16777216 dev_bytes=19644416 data=16777216 meta=2867200 amp=1.1709 reads=49 node_writes=175 pushdown=0 meta_per_file=700.0
E7RESULT name=e8 ptr=ptr320 form=once size=4K arm=inline logical=16777216 dev_bytes=19644416 data=16777216 meta=2867200 amp=1.1709 reads=49 node_writes=175 pushdown=0 meta_per_file=700.0
E7RESULT name=e8 ptr=ptr320 form=once size=4K arm=msgbuf logical=16777216 dev_bytes=19644416 data=16777216 meta=2867200 amp=1.1709 reads=49 node_writes=175 pushdown=0 meta_per_file=700.0
E7RESULT name=e8 ptr=ptr320 form=once size=4K arm=kvsep logical=16777216 dev_bytes=19644416 data=16777216 meta=2867200 amp=1.1709 reads=49 node_writes=175 pushdown=0 meta_per_file=700.0
E7RESULT name=e8 ptr=ptr320 form=once size=64K arm=nosplit logical=67108864 dev_bytes=67813376 data=67108864 meta=704512 amp=1.0105 reads=13 node_writes=43 pushdown=0 meta_per_file=688.0
E7RESULT name=e8 ptr=ptr320 form=once size=64K arm=inline logical=67108864 dev_bytes=67813376 data=67108864 meta=704512 amp=1.0105 reads=13 node_writes=43 pushdown=0 meta_per_file=688.0
E7RESULT name=e8 ptr=ptr320 form=once size=64K arm=msgbuf logical=67108864 dev_bytes=67813376 data=67108864 meta=704512 amp=1.0105 reads=13 node_writes=43 pushdown=0 meta_per_file=688.0
E7RESULT name=e8 ptr=ptr320 form=once size=64K arm=kvsep logical=67108864 dev_bytes=67813376 data=67108864 meta=704512 amp=1.0105 reads=13 node_writes=43 pushdown=0 meta_per_file=688.0
E7RESULT name=e8 ptr=ptr320 form=once size=1M arm=nosplit logical=268435456 dev_bytes=268599296 data=268435456 meta=163840 amp=1.0006 reads=4 node_writes=10 pushdown=0 meta_per_file=640.0
E7RESULT name=e8 ptr=ptr320 form=once size=1M arm=inline logical=268435456 dev_bytes=268599296 data=268435456 meta=163840 amp=1.0006 reads=4 node_writes=10 pushdown=0 meta_per_file=640.0
E7RESULT name=e8 ptr=ptr320 form=once size=1M arm=msgbuf logical=268435456 dev_bytes=268599296 data=268435456 meta=163840 amp=1.0006 reads=4 node_writes=10 pushdown=0 meta_per_file=640.0
E7RESULT name=e8 ptr=ptr320 form=once size=1M arm=kvsep logical=268435456 dev_bytes=268599296 data=268435456 meta=163840 amp=1.0006 reads=4 node_writes=10 pushdown=0 meta_per_file=640.0
E7RESULT name=e8 ptr=ptr320 form=once size=16M arm=nosplit logical=1073741824 dev_bytes=1073758208 data=1073741824 meta=16384 amp=1.0000 reads=1 node_writes=1 pushdown=0 meta_per_file=256.0
E7RESULT name=e8 ptr=ptr320 form=once size=16M arm=inline logical=1073741824 dev_bytes=1073758208 data=1073741824 meta=16384 amp=1.0000 reads=1 node_writes=1 pushdown=0 meta_per_file=256.0
E7RESULT name=e8 ptr=ptr320 form=once size=16M arm=msgbuf logical=1073741824 dev_bytes=1073758208 data=1073741824 meta=16384 amp=1.0000 reads=1 node_writes=1 pushdown=0 meta_per_file=256.0
E7RESULT name=e8 ptr=ptr320 form=once size=16M arm=kvsep logical=1073741824 dev_bytes=1073758208 data=1073741824 meta=16384 amp=1.0000 reads=1 node_writes=1 pushdown=0 meta_per_file=256.0
E7RESULT name=e8 ptr=ptr320 form=once size=1G arm=nosplit logical=8589934592 dev_bytes=8589950976 data=8589934592 meta=16384 amp=1.0000 reads=1 node_writes=1 pushdown=0 meta_per_file=2048.0
E7RESULT name=e8 ptr=ptr320 form=once size=1G arm=inline logical=8589934592 dev_bytes=8589950976 data=8589934592 meta=16384 amp=1.0000 reads=1 node_writes=1 pushdown=0 meta_per_file=2048.0
E7RESULT name=e8 ptr=ptr320 form=once size=1G arm=msgbuf logical=8589934592 dev_bytes=8589950976 data=8589934592 meta=16384 amp=1.0000 reads=1 node_writes=1 pushdown=0 meta_per_file=2048.0
E7RESULT name=e8 ptr=ptr320 form=once size=1G arm=kvsep logical=8589934592 dev_bytes=8589950976 data=8589934592 meta=16384 amp=1.0000 reads=1 node_writes=1 pushdown=0 meta_per_file=2048.0
E7RESULT name=e8 ptr=ptr320 form=append size=64B arm=nosplit logical=262144 dev_bytes=137084928 data=134217728 meta=2867200 amp=522.9375 reads=49 node_writes=175 pushdown=0 meta_per_file=700.0
E7RESULT name=e8 ptr=ptr320 form=append size=64B arm=inline logical=262144 dev_bytes=2867200 data=0 meta=2867200 amp=10.9375 reads=49 node_writes=175 pushdown=0 meta_per_file=700.0
E7RESULT name=e8 ptr=ptr320 form=append size=64B arm=msgbuf logical=262144 dev_bytes=8271872 data=0 meta=8271872 amp=31.5547 reads=49 node_writes=182 pushdown=5289984 meta_per_file=2019.5
E7RESULT name=e8 ptr=ptr320 form=append size=64B arm=kvsep logical=262144 dev_bytes=3129344 data=262144 meta=2867200 amp=11.9375 reads=49 node_writes=175 pushdown=0 meta_per_file=700.0
E7RESULT name=e8 ptr=ptr320 form=append size=1K arm=nosplit logical=4194304 dev_bytes=137084928 data=134217728 meta=2867200 amp=32.6836 reads=49 node_writes=175 pushdown=0 meta_per_file=700.0
E7RESULT name=e8 ptr=ptr320 form=append size=1K arm=inline logical=4194304 dev_bytes=6766592 data=0 meta=6766592 amp=1.6133 reads=293 node_writes=413 pushdown=0 meta_per_file=1652.0
E7RESULT name=e8 ptr=ptr320 form=append size=1K arm=msgbuf logical=4194304 dev_bytes=30425088 data=0 meta=30425088 amp=7.2539 reads=293 node_writes=449 pushdown=23068672 meta_per_file=7428.0
E7RESULT name=e8 ptr=ptr320 form=append size=1K arm=kvsep logical=4194304 dev_bytes=7061504 data=4194304 meta=2867200 amp=1.6836 reads=49 node_writes=175 pushdown=0 meta_per_file=700.0
E7RESULT name=e8 ptr=ptr320 form=append size=4K arm=nosplit logical=16777216 dev_bytes=137084928 data=134217728 meta=2867200 amp=8.1709 reads=49 node_writes=175 pushdown=0 meta_per_file=700.0
E7RESULT name=e8 ptr=ptr320 form=append size=4K arm=inline logical=16777216 dev_bytes=19693568 data=16777216 meta=2916352 amp=1.1738 reads=49 node_writes=178 pushdown=0 meta_per_file=712.0
E7RESULT name=e8 ptr=ptr320 form=append size=4K arm=msgbuf logical=16777216 dev_bytes=142073856 data=16777216 meta=125296640 amp=8.4683 reads=1013 node_writes=1281 pushdown=104308736 meta_per_file=30590.0
E7RESULT name=e8 ptr=ptr320 form=append size=4K arm=kvsep logical=16777216 dev_bytes=19644416 data=16777216 meta=2867200 amp=1.1709 reads=49 node_writes=175 pushdown=0 meta_per_file=700.0
E7RESULT name=e8 ptr=ptr320 form=append size=64K arm=nosplit logical=67108864 dev_bytes=68288512 data=67108864 meta=1179648 amp=1.0176 reads=41 node_writes=72 pushdown=0 meta_per_file=1152.0
E7RESULT name=e8 ptr=ptr320 form=append size=64K arm=inline logical=67108864 dev_bytes=68288512 data=67108864 meta=1179648 amp=1.0176 reads=41 node_writes=72 pushdown=0 meta_per_file=1152.0
E7RESULT name=e8 ptr=ptr320 form=append size=64K arm=msgbuf logical=67108864 dev_bytes=68288512 data=67108864 meta=1179648 amp=1.0176 reads=41 node_writes=72 pushdown=0 meta_per_file=1152.0
E7RESULT name=e8 ptr=ptr320 form=append size=64K arm=kvsep logical=67108864 dev_bytes=68288512 data=67108864 meta=1179648 amp=1.0176 reads=41 node_writes=72 pushdown=0 meta_per_file=1152.0
E7RESULT name=e8 ptr=ptr320 form=append size=1M arm=nosplit logical=268435456 dev_bytes=268730368 data=268435456 meta=294912 amp=1.0011 reads=11 node_writes=18 pushdown=0 meta_per_file=1152.0
E7RESULT name=e8 ptr=ptr320 form=append size=1M arm=inline logical=268435456 dev_bytes=268730368 data=268435456 meta=294912 amp=1.0011 reads=11 node_writes=18 pushdown=0 meta_per_file=1152.0
E7RESULT name=e8 ptr=ptr320 form=append size=1M arm=msgbuf logical=268435456 dev_bytes=268730368 data=268435456 meta=294912 amp=1.0011 reads=11 node_writes=18 pushdown=0 meta_per_file=1152.0
E7RESULT name=e8 ptr=ptr320 form=append size=1M arm=kvsep logical=268435456 dev_bytes=268730368 data=268435456 meta=294912 amp=1.0011 reads=11 node_writes=18 pushdown=0 meta_per_file=1152.0
E7RESULT name=e8 ptr=ptr320 form=append size=16M arm=nosplit logical=1073741824 dev_bytes=1073807360 data=1073741824 meta=65536 amp=1.0001 reads=3 node_writes=4 pushdown=0 meta_per_file=1024.0
E7RESULT name=e8 ptr=ptr320 form=append size=16M arm=inline logical=1073741824 dev_bytes=1073807360 data=1073741824 meta=65536 amp=1.0001 reads=3 node_writes=4 pushdown=0 meta_per_file=1024.0
E7RESULT name=e8 ptr=ptr320 form=append size=16M arm=msgbuf logical=1073741824 dev_bytes=1073807360 data=1073741824 meta=65536 amp=1.0001 reads=3 node_writes=4 pushdown=0 meta_per_file=1024.0
E7RESULT name=e8 ptr=ptr320 form=append size=16M arm=kvsep logical=1073741824 dev_bytes=1073807360 data=1073741824 meta=65536 amp=1.0001 reads=3 node_writes=4 pushdown=0 meta_per_file=1024.0
E7RESULT name=e8 ptr=ptr320 form=append size=1G arm=nosplit logical=8589934592 dev_bytes=8589950976 data=8589934592 meta=16384 amp=1.0000 reads=1 node_writes=1 pushdown=0 meta_per_file=2048.0
E7RESULT name=e8 ptr=ptr320 form=append size=1G arm=inline logical=8589934592 dev_bytes=8589950976 data=8589934592 meta=16384 amp=1.0000 reads=1 node_writes=1 pushdown=0 meta_per_file=2048.0
E7RESULT name=e8 ptr=ptr320 form=append size=1G arm=msgbuf logical=8589934592 dev_bytes=8589950976 data=8589934592 meta=16384 amp=1.0000 reads=1 node_writes=1 pushdown=0 meta_per_file=2048.0
E7RESULT name=e8 ptr=ptr320 form=append size=1G arm=kvsep logical=8589934592 dev_bytes=8589950976 data=8589934592 meta=16384 amp=1.0000 reads=1 node_writes=1 pushdown=0 meta_per_file=2048.0
E7RESULT name=e8 ptr=ptr320 form=overwrite size=64B arm=nosplit logical=524288 dev_bytes=36421632 data=33554432 meta=2867200 amp=69.4688 reads=49 node_writes=175 pushdown=0 meta_per_file=700.0
E7RESULT name=e8 ptr=ptr320 form=overwrite size=64B arm=inline logical=524288 dev_bytes=2867200 data=0 meta=2867200 amp=5.4688 reads=49 node_writes=175 pushdown=0 meta_per_file=700.0
E7RESULT name=e8 ptr=ptr320 form=overwrite size=64B arm=msgbuf logical=524288 dev_bytes=4530176 data=0 meta=4530176 amp=8.6406 reads=49 node_writes=182 pushdown=1548288 meta_per_file=1106.0
E7RESULT name=e8 ptr=ptr320 form=overwrite size=64B arm=kvsep logical=524288 dev_bytes=3391488 data=524288 meta=2867200 amp=6.4688 reads=49 node_writes=175 pushdown=0 meta_per_file=700.0
E7RESULT name=e8 ptr=ptr320 form=overwrite size=1K arm=nosplit logical=8388608 dev_bytes=36421632 data=33554432 meta=2867200 amp=4.3418 reads=49 node_writes=175 pushdown=0 meta_per_file=700.0
E7RESULT name=e8 ptr=ptr320 form=overwrite size=1K arm=inline logical=8388608 dev_bytes=6766592 data=0 meta=6766592 amp=0.8066 reads=293 node_writes=413 pushdown=0 meta_per_file=1652.0
E7RESULT name=e8 ptr=ptr320 form=overwrite size=1K arm=msgbuf logical=8388608 dev_bytes=16793600 data=0 meta=16793600 amp=2.0020 reads=293 node_writes=449 pushdown=9437184 meta_per_file=4100.0
E7RESULT name=e8 ptr=ptr320 form=overwrite size=1K arm=kvsep logical=8388608 dev_bytes=11255808 data=8388608 meta=2867200 amp=1.3418 reads=49 node_writes=175 pushdown=0 meta_per_file=700.0
E7RESULT name=e8 ptr=ptr320 form=overwrite size=4K arm=nosplit logical=33554432 dev_bytes=36421632 data=33554432 meta=2867200 amp=1.0854 reads=49 node_writes=175 pushdown=0 meta_per_file=700.0
E7RESULT name=e8 ptr=ptr320 form=overwrite size=4K arm=inline logical=33554432 dev_bytes=36421632 data=33554432 meta=2867200 amp=1.0854 reads=49 node_writes=175 pushdown=0 meta_per_file=700.0
E7RESULT name=e8 ptr=ptr320 form=overwrite size=4K arm=msgbuf logical=33554432 dev_bytes=36421632 data=33554432 meta=2867200 amp=1.0854 reads=49 node_writes=175 pushdown=0 meta_per_file=700.0
E7RESULT name=e8 ptr=ptr320 form=overwrite size=4K arm=kvsep logical=33554432 dev_bytes=36421632 data=33554432 meta=2867200 amp=1.0854 reads=49 node_writes=175 pushdown=0 meta_per_file=700.0
E7RESULT name=e8 ptr=ptr320 form=overwrite size=64K arm=nosplit logical=134217728 dev_bytes=134922240 data=134217728 meta=704512 amp=1.0052 reads=13 node_writes=43 pushdown=0 meta_per_file=688.0
E7RESULT name=e8 ptr=ptr320 form=overwrite size=64K arm=inline logical=134217728 dev_bytes=134922240 data=134217728 meta=704512 amp=1.0052 reads=13 node_writes=43 pushdown=0 meta_per_file=688.0
E7RESULT name=e8 ptr=ptr320 form=overwrite size=64K arm=msgbuf logical=134217728 dev_bytes=134922240 data=134217728 meta=704512 amp=1.0052 reads=13 node_writes=43 pushdown=0 meta_per_file=688.0
E7RESULT name=e8 ptr=ptr320 form=overwrite size=64K arm=kvsep logical=134217728 dev_bytes=134922240 data=134217728 meta=704512 amp=1.0052 reads=13 node_writes=43 pushdown=0 meta_per_file=688.0
E7RESULT name=e8 ptr=ptr320 form=overwrite size=1M arm=nosplit logical=536870912 dev_bytes=537034752 data=536870912 meta=163840 amp=1.0003 reads=4 node_writes=10 pushdown=0 meta_per_file=640.0
E7RESULT name=e8 ptr=ptr320 form=overwrite size=1M arm=inline logical=536870912 dev_bytes=537034752 data=536870912 meta=163840 amp=1.0003 reads=4 node_writes=10 pushdown=0 meta_per_file=640.0
E7RESULT name=e8 ptr=ptr320 form=overwrite size=1M arm=msgbuf logical=536870912 dev_bytes=537034752 data=536870912 meta=163840 amp=1.0003 reads=4 node_writes=10 pushdown=0 meta_per_file=640.0
E7RESULT name=e8 ptr=ptr320 form=overwrite size=1M arm=kvsep logical=536870912 dev_bytes=537034752 data=536870912 meta=163840 amp=1.0003 reads=4 node_writes=10 pushdown=0 meta_per_file=640.0
E7RESULT name=e8 ptr=ptr320 form=overwrite size=16M arm=nosplit logical=2147483648 dev_bytes=2147500032 data=2147483648 meta=16384 amp=1.0000 reads=1 node_writes=1 pushdown=0 meta_per_file=256.0
E7RESULT name=e8 ptr=ptr320 form=overwrite size=16M arm=inline logical=2147483648 dev_bytes=2147500032 data=2147483648 meta=16384 amp=1.0000 reads=1 node_writes=1 pushdown=0 meta_per_file=256.0
E7RESULT name=e8 ptr=ptr320 form=overwrite size=16M arm=msgbuf logical=2147483648 dev_bytes=2147500032 data=2147483648 meta=16384 amp=1.0000 reads=1 node_writes=1 pushdown=0 meta_per_file=256.0
E7RESULT name=e8 ptr=ptr320 form=overwrite size=16M arm=kvsep logical=2147483648 dev_bytes=2147500032 data=2147483648 meta=16384 amp=1.0000 reads=1 node_writes=1 pushdown=0 meta_per_file=256.0
E7RESULT name=e8 ptr=ptr320 form=overwrite size=1G arm=nosplit logical=17179869184 dev_bytes=17179885568 data=17179869184 meta=16384 amp=1.0000 reads=1 node_writes=1 pushdown=0 meta_per_file=2048.0
E7RESULT name=e8 ptr=ptr320 form=overwrite size=1G arm=inline logical=17179869184 dev_bytes=17179885568 data=17179869184 meta=16384 amp=1.0000 reads=1 node_writes=1 pushdown=0 meta_per_file=2048.0
E7RESULT name=e8 ptr=ptr320 form=overwrite size=1G arm=msgbuf logical=17179869184 dev_bytes=17179885568 data=17179869184 meta=16384 amp=1.0000 reads=1 node_writes=1 pushdown=0 meta_per_file=2048.0
E7RESULT name=e8 ptr=ptr320 form=overwrite size=1G arm=kvsep logical=17179869184 dev_bytes=17179885568 data=17179869184 meta=16384 amp=1.0000 reads=1 node_writes=1 pushdown=0 meta_per_file=2048.0
E7RESULT name=e8 ptr=ptr320 form=randsmall size=64B arm=nosplit logical=4194304 dev_bytes=271302656 data=268435456 meta=2867200 amp=64.6836 reads=49 node_writes=175 pushdown=0 meta_per_file=700.0
E7RESULT name=e8 ptr=ptr320 form=randsmall size=64B arm=inline logical=4194304 dev_bytes=2867200 data=0 meta=2867200 amp=0.6836 reads=49 node_writes=175 pushdown=0 meta_per_file=700.0
E7RESULT name=e8 ptr=ptr320 form=randsmall size=64B arm=msgbuf logical=4194304 dev_bytes=15368192 data=0 meta=15368192 amp=3.6641 reads=49 node_writes=182 pushdown=12386304 meta_per_file=3752.0
E7RESULT name=e8 ptr=ptr320 form=randsmall size=64B arm=kvsep logical=4194304 dev_bytes=7061504 data=4194304 meta=2867200 amp=1.6836 reads=49 node_writes=175 pushdown=0 meta_per_file=700.0
E7RESULT name=e8 ptr=ptr320 form=randsmall size=1K arm=nosplit logical=67108864 dev_bytes=271302656 data=268435456 meta=2867200 amp=4.0427 reads=49 node_writes=175 pushdown=0 meta_per_file=700.0
E7RESULT name=e8 ptr=ptr320 form=randsmall size=1K arm=inline logical=67108864 dev_bytes=6766592 data=0 meta=6766592 amp=0.1008 reads=293 node_writes=413 pushdown=0 meta_per_file=1652.0
E7RESULT name=e8 ptr=ptr320 form=randsmall size=1K arm=msgbuf logical=67108864 dev_bytes=82853888 data=0 meta=82853888 amp=1.2346 reads=293 node_writes=449 pushdown=75497472 meta_per_file=20228.0
E7RESULT name=e8 ptr=ptr320 form=randsmall size=1K arm=kvsep logical=67108864 dev_bytes=69976064 data=67108864 meta=2867200 amp=1.0427 reads=49 node_writes=175 pushdown=0 meta_per_file=700.0
E7RESULT name=e8 ptr=ptr320 form=randsmall size=4K arm=nosplit logical=268435456 dev_bytes=271302656 data=268435456 meta=2867200 amp=1.0107 reads=49 node_writes=175 pushdown=0 meta_per_file=700.0
E7RESULT name=e8 ptr=ptr320 form=randsmall size=4K arm=inline logical=268435456 dev_bytes=271302656 data=268435456 meta=2867200 amp=1.0107 reads=49 node_writes=175 pushdown=0 meta_per_file=700.0
E7RESULT name=e8 ptr=ptr320 form=randsmall size=4K arm=msgbuf logical=268435456 dev_bytes=271302656 data=268435456 meta=2867200 amp=1.0107 reads=49 node_writes=175 pushdown=0 meta_per_file=700.0
E7RESULT name=e8 ptr=ptr320 form=randsmall size=4K arm=kvsep logical=268435456 dev_bytes=271302656 data=268435456 meta=2867200 amp=1.0107 reads=49 node_writes=175 pushdown=0 meta_per_file=700.0
E7RESULT name=e8 ptr=ptr320 form=randsmall size=64K arm=nosplit logical=67108864 dev_bytes=68370432 data=67108864 meta=1261568 amp=1.0188 reads=48 node_writes=77 pushdown=0 meta_per_file=1232.0
E7RESULT name=e8 ptr=ptr320 form=randsmall size=64K arm=inline logical=67108864 dev_bytes=68370432 data=67108864 meta=1261568 amp=1.0188 reads=48 node_writes=77 pushdown=0 meta_per_file=1232.0
E7RESULT name=e8 ptr=ptr320 form=randsmall size=64K arm=msgbuf logical=67108864 dev_bytes=68370432 data=67108864 meta=1261568 amp=1.0188 reads=48 node_writes=77 pushdown=0 meta_per_file=1232.0
E7RESULT name=e8 ptr=ptr320 form=randsmall size=64K arm=kvsep logical=67108864 dev_bytes=68370432 data=67108864 meta=1261568 amp=1.0188 reads=48 node_writes=77 pushdown=0 meta_per_file=1232.0
E7RESULT name=e8 ptr=ptr320 form=randsmall size=1M arm=nosplit logical=16777216 dev_bytes=17186816 data=16777216 meta=409600 amp=1.0244 reads=18 node_writes=25 pushdown=0 meta_per_file=1600.0
E7RESULT name=e8 ptr=ptr320 form=randsmall size=1M arm=inline logical=16777216 dev_bytes=17186816 data=16777216 meta=409600 amp=1.0244 reads=18 node_writes=25 pushdown=0 meta_per_file=1600.0
E7RESULT name=e8 ptr=ptr320 form=randsmall size=1M arm=msgbuf logical=16777216 dev_bytes=17186816 data=16777216 meta=409600 amp=1.0244 reads=18 node_writes=25 pushdown=0 meta_per_file=1600.0
E7RESULT name=e8 ptr=ptr320 form=randsmall size=1M arm=kvsep logical=16777216 dev_bytes=17186816 data=16777216 meta=409600 amp=1.0244 reads=18 node_writes=25 pushdown=0 meta_per_file=1600.0
E7RESULT name=e8 ptr=ptr320 form=randsmall size=16M arm=nosplit logical=4194304 dev_bytes=4292608 data=4194304 meta=98304 amp=1.0234 reads=5 node_writes=6 pushdown=0 meta_per_file=1536.0
E7RESULT name=e8 ptr=ptr320 form=randsmall size=16M arm=inline logical=4194304 dev_bytes=4292608 data=4194304 meta=98304 amp=1.0234 reads=5 node_writes=6 pushdown=0 meta_per_file=1536.0
E7RESULT name=e8 ptr=ptr320 form=randsmall size=16M arm=msgbuf logical=4194304 dev_bytes=4292608 data=4194304 meta=98304 amp=1.0234 reads=5 node_writes=6 pushdown=0 meta_per_file=1536.0
E7RESULT name=e8 ptr=ptr320 form=randsmall size=16M arm=kvsep logical=4194304 dev_bytes=4292608 data=4194304 meta=98304 amp=1.0234 reads=5 node_writes=6 pushdown=0 meta_per_file=1536.0
E7RESULT name=e8 ptr=ptr320 form=randsmall size=1G arm=nosplit logical=524288 dev_bytes=540672 data=524288 meta=16384 amp=1.0312 reads=1 node_writes=1 pushdown=0 meta_per_file=2048.0
E7RESULT name=e8 ptr=ptr320 form=randsmall size=1G arm=inline logical=524288 dev_bytes=540672 data=524288 meta=16384 amp=1.0312 reads=1 node_writes=1 pushdown=0 meta_per_file=2048.0
E7RESULT name=e8 ptr=ptr320 form=randsmall size=1G arm=msgbuf logical=524288 dev_bytes=540672 data=524288 meta=16384 amp=1.0312 reads=1 node_writes=1 pushdown=0 meta_per_file=2048.0
E7RESULT name=e8 ptr=ptr320 form=randsmall size=1G arm=kvsep logical=524288 dev_bytes=540672 data=524288 meta=16384 amp=1.0312 reads=1 node_writes=1 pushdown=0 meta_per_file=2048.0
E7RESULT name=e8 ptr=ptr536mirror form=once size=64B arm=nosplit logical=262144 dev_bytes=19742720 data=16777216 meta=2965504 amp=75.3125 reads=55 node_writes=181 pushdown=0 meta_per_file=724.0
E7RESULT name=e8 ptr=ptr536mirror form=once size=64B arm=inline logical=262144 dev_bytes=2867200 data=0 meta=2867200 amp=10.9375 reads=49 node_writes=175 pushdown=0 meta_per_file=700.0
E7RESULT name=e8 ptr=ptr536mirror form=once size=64B arm=msgbuf logical=262144 dev_bytes=3756032 data=0 meta=3756032 amp=14.3281 reads=49 node_writes=182 pushdown=774144 meta_per_file=917.0
E7RESULT name=e8 ptr=ptr536mirror form=once size=64B arm=kvsep logical=262144 dev_bytes=3227648 data=262144 meta=2965504 amp=12.3125 reads=55 node_writes=181 pushdown=0 meta_per_file=724.0
E7RESULT name=e8 ptr=ptr536mirror form=once size=1K arm=nosplit logical=4194304 dev_bytes=19742720 data=16777216 meta=2965504 amp=4.7070 reads=55 node_writes=181 pushdown=0 meta_per_file=724.0
E7RESULT name=e8 ptr=ptr536mirror form=once size=1K arm=inline logical=4194304 dev_bytes=6766592 data=0 meta=6766592 amp=1.6133 reads=293 node_writes=413 pushdown=0 meta_per_file=1652.0
E7RESULT name=e8 ptr=ptr536mirror form=once size=1K arm=msgbuf logical=4194304 dev_bytes=13623296 data=0 meta=13623296 amp=3.2480 reads=293 node_writes=449 pushdown=6266880 meta_per_file=3326.0
E7RESULT name=e8 ptr=ptr536mirror form=once size=1K arm=kvsep logical=4194304 dev_bytes=7159808 data=4194304 meta=2965504 amp=1.7070 reads=55 node_writes=181 pushdown=0 meta_per_file=724.0
E7RESULT name=e8 ptr=ptr536mirror form=once size=4K arm=nosplit logical=16777216 dev_bytes=19742720 data=16777216 meta=2965504 amp=1.1768 reads=55 node_writes=181 pushdown=0 meta_per_file=724.0
E7RESULT name=e8 ptr=ptr536mirror form=once size=4K arm=inline logical=16777216 dev_bytes=19742720 data=16777216 meta=2965504 amp=1.1768 reads=55 node_writes=181 pushdown=0 meta_per_file=724.0
E7RESULT name=e8 ptr=ptr536mirror form=once size=4K arm=msgbuf logical=16777216 dev_bytes=19742720 data=16777216 meta=2965504 amp=1.1768 reads=55 node_writes=181 pushdown=0 meta_per_file=724.0
E7RESULT name=e8 ptr=ptr536mirror form=once size=4K arm=kvsep logical=16777216 dev_bytes=19742720 data=16777216 meta=2965504 amp=1.1768 reads=55 node_writes=181 pushdown=0 meta_per_file=724.0
E7RESULT name=e8 ptr=ptr536mirror form=once size=64K arm=nosplit logical=67108864 dev_bytes=67829760 data=67108864 meta=720896 amp=1.0107 reads=14 node_writes=44 pushdown=0 meta_per_file=704.0
E7RESULT name=e8 ptr=ptr536mirror form=once size=64K arm=inline logical=67108864 dev_bytes=67829760 data=67108864 meta=720896 amp=1.0107 reads=14 node_writes=44 pushdown=0 meta_per_file=704.0
E7RESULT name=e8 ptr=ptr536mirror form=once size=64K arm=msgbuf logical=67108864 dev_bytes=67829760 data=67108864 meta=720896 amp=1.0107 reads=14 node_writes=44 pushdown=0 meta_per_file=704.0
E7RESULT name=e8 ptr=ptr536mirror form=once size=64K arm=kvsep logical=67108864 dev_bytes=67829760 data=67108864 meta=720896 amp=1.0107 reads=14 node_writes=44 pushdown=0 meta_per_file=704.0
E7RESULT name=e8 ptr=ptr536mirror form=once size=1M arm=nosplit logical=268435456 dev_bytes=268599296 data=268435456 meta=163840 amp=1.0006 reads=4 node_writes=10 pushdown=0 meta_per_file=640.0
E7RESULT name=e8 ptr=ptr536mirror form=once size=1M arm=inline logical=268435456 dev_bytes=268599296 data=268435456 meta=163840 amp=1.0006 reads=4 node_writes=10 pushdown=0 meta_per_file=640.0
E7RESULT name=e8 ptr=ptr536mirror form=once size=1M arm=msgbuf logical=268435456 dev_bytes=268599296 data=268435456 meta=163840 amp=1.0006 reads=4 node_writes=10 pushdown=0 meta_per_file=640.0
E7RESULT name=e8 ptr=ptr536mirror form=once size=1M arm=kvsep logical=268435456 dev_bytes=268599296 data=268435456 meta=163840 amp=1.0006 reads=4 node_writes=10 pushdown=0 meta_per_file=640.0
E7RESULT name=e8 ptr=ptr536mirror form=once size=16M arm=nosplit logical=1073741824 dev_bytes=1073758208 data=1073741824 meta=16384 amp=1.0000 reads=1 node_writes=1 pushdown=0 meta_per_file=256.0
E7RESULT name=e8 ptr=ptr536mirror form=once size=16M arm=inline logical=1073741824 dev_bytes=1073758208 data=1073741824 meta=16384 amp=1.0000 reads=1 node_writes=1 pushdown=0 meta_per_file=256.0
E7RESULT name=e8 ptr=ptr536mirror form=once size=16M arm=msgbuf logical=1073741824 dev_bytes=1073758208 data=1073741824 meta=16384 amp=1.0000 reads=1 node_writes=1 pushdown=0 meta_per_file=256.0
E7RESULT name=e8 ptr=ptr536mirror form=once size=16M arm=kvsep logical=1073741824 dev_bytes=1073758208 data=1073741824 meta=16384 amp=1.0000 reads=1 node_writes=1 pushdown=0 meta_per_file=256.0
E7RESULT name=e8 ptr=ptr536mirror form=once size=1G arm=nosplit logical=8589934592 dev_bytes=8589950976 data=8589934592 meta=16384 amp=1.0000 reads=1 node_writes=1 pushdown=0 meta_per_file=2048.0
E7RESULT name=e8 ptr=ptr536mirror form=once size=1G arm=inline logical=8589934592 dev_bytes=8589950976 data=8589934592 meta=16384 amp=1.0000 reads=1 node_writes=1 pushdown=0 meta_per_file=2048.0
E7RESULT name=e8 ptr=ptr536mirror form=once size=1G arm=msgbuf logical=8589934592 dev_bytes=8589950976 data=8589934592 meta=16384 amp=1.0000 reads=1 node_writes=1 pushdown=0 meta_per_file=2048.0
E7RESULT name=e8 ptr=ptr536mirror form=once size=1G arm=kvsep logical=8589934592 dev_bytes=8589950976 data=8589934592 meta=16384 amp=1.0000 reads=1 node_writes=1 pushdown=0 meta_per_file=2048.0
E7RESULT name=e8 ptr=ptr536mirror form=append size=64B arm=nosplit logical=262144 dev_bytes=137183232 data=134217728 meta=2965504 amp=523.3125 reads=55 node_writes=181 pushdown=0 meta_per_file=724.0
E7RESULT name=e8 ptr=ptr536mirror form=append size=64B arm=inline logical=262144 dev_bytes=2867200 data=0 meta=2867200 amp=10.9375 reads=49 node_writes=175 pushdown=0 meta_per_file=700.0
E7RESULT name=e8 ptr=ptr536mirror form=append size=64B arm=msgbuf logical=262144 dev_bytes=8271872 data=0 meta=8271872 amp=31.5547 reads=49 node_writes=182 pushdown=5289984 meta_per_file=2019.5
E7RESULT name=e8 ptr=ptr536mirror form=append size=64B arm=kvsep logical=262144 dev_bytes=3227648 data=262144 meta=2965504 amp=12.3125 reads=55 node_writes=181 pushdown=0 meta_per_file=724.0
E7RESULT name=e8 ptr=ptr536mirror form=append size=1K arm=nosplit logical=4194304 dev_bytes=137183232 data=134217728 meta=2965504 amp=32.7070 reads=55 node_writes=181 pushdown=0 meta_per_file=724.0
E7RESULT name=e8 ptr=ptr536mirror form=append size=1K arm=inline logical=4194304 dev_bytes=6766592 data=0 meta=6766592 amp=1.6133 reads=293 node_writes=413 pushdown=0 meta_per_file=1652.0
E7RESULT name=e8 ptr=ptr536mirror form=append size=1K arm=msgbuf logical=4194304 dev_bytes=37994496 data=0 meta=37994496 amp=9.0586 reads=293 node_writes=449 pushdown=30638080 meta_per_file=9276.0
E7RESULT name=e8 ptr=ptr536mirror form=append size=1K arm=kvsep logical=4194304 dev_bytes=7159808 data=4194304 meta=2965504 amp=1.7070 reads=55 node_writes=181 pushdown=0 meta_per_file=724.0
E7RESULT name=e8 ptr=ptr536mirror form=append size=4K arm=nosplit logical=16777216 dev_bytes=137183232 data=134217728 meta=2965504 amp=8.1768 reads=55 node_writes=181 pushdown=0 meta_per_file=724.0
E7RESULT name=e8 ptr=ptr536mirror form=append size=4K arm=inline logical=16777216 dev_bytes=19906560 data=16777216 meta=3129344 amp=1.1865 reads=55 node_writes=191 pushdown=0 meta_per_file=764.0
E7RESULT name=e8 ptr=ptr536mirror form=append size=4K arm=msgbuf logical=16777216 dev_bytes=148242432 data=16777216 meta=131465216 amp=8.8359 reads=1012 node_writes=1241 pushdown=111132672 meta_per_file=32096.0
E7RESULT name=e8 ptr=ptr536mirror form=append size=4K arm=kvsep logical=16777216 dev_bytes=19742720 data=16777216 meta=2965504 amp=1.1768 reads=55 node_writes=181 pushdown=0 meta_per_file=724.0
E7RESULT name=e8 ptr=ptr536mirror form=append size=64K arm=nosplit logical=67108864 dev_bytes=68501504 data=67108864 meta=1392640 amp=1.0208 reads=54 node_writes=85 pushdown=0 meta_per_file=1360.0
E7RESULT name=e8 ptr=ptr536mirror form=append size=64K arm=inline logical=67108864 dev_bytes=68501504 data=67108864 meta=1392640 amp=1.0208 reads=54 node_writes=85 pushdown=0 meta_per_file=1360.0
E7RESULT name=e8 ptr=ptr536mirror form=append size=64K arm=msgbuf logical=67108864 dev_bytes=68501504 data=67108864 meta=1392640 amp=1.0208 reads=54 node_writes=85 pushdown=0 meta_per_file=1360.0
E7RESULT name=e8 ptr=ptr536mirror form=append size=64K arm=kvsep logical=67108864 dev_bytes=68501504 data=67108864 meta=1392640 amp=1.0208 reads=54 node_writes=85 pushdown=0 meta_per_file=1360.0
E7RESULT name=e8 ptr=ptr536mirror form=append size=1M arm=nosplit logical=268435456 dev_bytes=268779520 data=268435456 meta=344064 amp=1.0013 reads=14 node_writes=21 pushdown=0 meta_per_file=1344.0
E7RESULT name=e8 ptr=ptr536mirror form=append size=1M arm=inline logical=268435456 dev_bytes=268779520 data=268435456 meta=344064 amp=1.0013 reads=14 node_writes=21 pushdown=0 meta_per_file=1344.0
E7RESULT name=e8 ptr=ptr536mirror form=append size=1M arm=msgbuf logical=268435456 dev_bytes=268779520 data=268435456 meta=344064 amp=1.0013 reads=14 node_writes=21 pushdown=0 meta_per_file=1344.0
E7RESULT name=e8 ptr=ptr536mirror form=append size=1M arm=kvsep logical=268435456 dev_bytes=268779520 data=268435456 meta=344064 amp=1.0013 reads=14 node_writes=21 pushdown=0 meta_per_file=1344.0
E7RESULT name=e8 ptr=ptr536mirror form=append size=16M arm=nosplit logical=1073741824 dev_bytes=1073823744 data=1073741824 meta=81920 amp=1.0001 reads=4 node_writes=5 pushdown=0 meta_per_file=1280.0
E7RESULT name=e8 ptr=ptr536mirror form=append size=16M arm=inline logical=1073741824 dev_bytes=1073823744 data=1073741824 meta=81920 amp=1.0001 reads=4 node_writes=5 pushdown=0 meta_per_file=1280.0
E7RESULT name=e8 ptr=ptr536mirror form=append size=16M arm=msgbuf logical=1073741824 dev_bytes=1073823744 data=1073741824 meta=81920 amp=1.0001 reads=4 node_writes=5 pushdown=0 meta_per_file=1280.0
E7RESULT name=e8 ptr=ptr536mirror form=append size=16M arm=kvsep logical=1073741824 dev_bytes=1073823744 data=1073741824 meta=81920 amp=1.0001 reads=4 node_writes=5 pushdown=0 meta_per_file=1280.0
E7RESULT name=e8 ptr=ptr536mirror form=append size=1G arm=nosplit logical=8589934592 dev_bytes=8589950976 data=8589934592 meta=16384 amp=1.0000 reads=1 node_writes=1 pushdown=0 meta_per_file=2048.0
E7RESULT name=e8 ptr=ptr536mirror form=append size=1G arm=inline logical=8589934592 dev_bytes=8589950976 data=8589934592 meta=16384 amp=1.0000 reads=1 node_writes=1 pushdown=0 meta_per_file=2048.0
E7RESULT name=e8 ptr=ptr536mirror form=append size=1G arm=msgbuf logical=8589934592 dev_bytes=8589950976 data=8589934592 meta=16384 amp=1.0000 reads=1 node_writes=1 pushdown=0 meta_per_file=2048.0
E7RESULT name=e8 ptr=ptr536mirror form=append size=1G arm=kvsep logical=8589934592 dev_bytes=8589950976 data=8589934592 meta=16384 amp=1.0000 reads=1 node_writes=1 pushdown=0 meta_per_file=2048.0
E7RESULT name=e8 ptr=ptr536mirror form=overwrite size=64B arm=nosplit logical=524288 dev_bytes=36519936 data=33554432 meta=2965504 amp=69.6562 reads=55 node_writes=181 pushdown=0 meta_per_file=724.0
E7RESULT name=e8 ptr=ptr536mirror form=overwrite size=64B arm=inline logical=524288 dev_bytes=2867200 data=0 meta=2867200 amp=5.4688 reads=49 node_writes=175 pushdown=0 meta_per_file=700.0
E7RESULT name=e8 ptr=ptr536mirror form=overwrite size=64B arm=msgbuf logical=524288 dev_bytes=4530176 data=0 meta=4530176 amp=8.6406 reads=49 node_writes=182 pushdown=1548288 meta_per_file=1106.0
E7RESULT name=e8 ptr=ptr536mirror form=overwrite size=64B arm=kvsep logical=524288 dev_bytes=3489792 data=524288 meta=2965504 amp=6.6562 reads=55 node_writes=181 pushdown=0 meta_per_file=724.0
E7RESULT name=e8 ptr=ptr536mirror form=overwrite size=1K arm=nosplit logical=8388608 dev_bytes=36519936 data=33554432 meta=2965504 amp=4.3535 reads=55 node_writes=181 pushdown=0 meta_per_file=724.0
E7RESULT name=e8 ptr=ptr536mirror form=overwrite size=1K arm=inline logical=8388608 dev_bytes=6766592 data=0 meta=6766592 amp=0.8066 reads=293 node_writes=413 pushdown=0 meta_per_file=1652.0
E7RESULT name=e8 ptr=ptr536mirror form=overwrite size=1K arm=msgbuf logical=8388608 dev_bytes=19890176 data=0 meta=19890176 amp=2.3711 reads=293 node_writes=449 pushdown=12533760 meta_per_file=4856.0
E7RESULT name=e8 ptr=ptr536mirror form=overwrite size=1K arm=kvsep logical=8388608 dev_bytes=11354112 data=8388608 meta=2965504 amp=1.3535 reads=55 node_writes=181 pushdown=0 meta_per_file=724.0
E7RESULT name=e8 ptr=ptr536mirror form=overwrite size=4K arm=nosplit logical=33554432 dev_bytes=36519936 data=33554432 meta=2965504 amp=1.0884 reads=55 node_writes=181 pushdown=0 meta_per_file=724.0
E7RESULT name=e8 ptr=ptr536mirror form=overwrite size=4K arm=inline logical=33554432 dev_bytes=36519936 data=33554432 meta=2965504 amp=1.0884 reads=55 node_writes=181 pushdown=0 meta_per_file=724.0
E7RESULT name=e8 ptr=ptr536mirror form=overwrite size=4K arm=msgbuf logical=33554432 dev_bytes=36519936 data=33554432 meta=2965504 amp=1.0884 reads=55 node_writes=181 pushdown=0 meta_per_file=724.0
E7RESULT name=e8 ptr=ptr536mirror form=overwrite size=4K arm=kvsep logical=33554432 dev_bytes=36519936 data=33554432 meta=2965504 amp=1.0884 reads=55 node_writes=181 pushdown=0 meta_per_file=724.0
E7RESULT name=e8 ptr=ptr536mirror form=overwrite size=64K arm=nosplit logical=134217728 dev_bytes=134938624 data=134217728 meta=720896 amp=1.0054 reads=14 node_writes=44 pushdown=0 meta_per_file=704.0
E7RESULT name=e8 ptr=ptr536mirror form=overwrite size=64K arm=inline logical=134217728 dev_bytes=134938624 data=134217728 meta=720896 amp=1.0054 reads=14 node_writes=44 pushdown=0 meta_per_file=704.0
E7RESULT name=e8 ptr=ptr536mirror form=overwrite size=64K arm=msgbuf logical=134217728 dev_bytes=134938624 data=134217728 meta=720896 amp=1.0054 reads=14 node_writes=44 pushdown=0 meta_per_file=704.0
E7RESULT name=e8 ptr=ptr536mirror form=overwrite size=64K arm=kvsep logical=134217728 dev_bytes=134938624 data=134217728 meta=720896 amp=1.0054 reads=14 node_writes=44 pushdown=0 meta_per_file=704.0
E7RESULT name=e8 ptr=ptr536mirror form=overwrite size=1M arm=nosplit logical=536870912 dev_bytes=537034752 data=536870912 meta=163840 amp=1.0003 reads=4 node_writes=10 pushdown=0 meta_per_file=640.0
E7RESULT name=e8 ptr=ptr536mirror form=overwrite size=1M arm=inline logical=536870912 dev_bytes=537034752 data=536870912 meta=163840 amp=1.0003 reads=4 node_writes=10 pushdown=0 meta_per_file=640.0
E7RESULT name=e8 ptr=ptr536mirror form=overwrite size=1M arm=msgbuf logical=536870912 dev_bytes=537034752 data=536870912 meta=163840 amp=1.0003 reads=4 node_writes=10 pushdown=0 meta_per_file=640.0
E7RESULT name=e8 ptr=ptr536mirror form=overwrite size=1M arm=kvsep logical=536870912 dev_bytes=537034752 data=536870912 meta=163840 amp=1.0003 reads=4 node_writes=10 pushdown=0 meta_per_file=640.0
E7RESULT name=e8 ptr=ptr536mirror form=overwrite size=16M arm=nosplit logical=2147483648 dev_bytes=2147500032 data=2147483648 meta=16384 amp=1.0000 reads=1 node_writes=1 pushdown=0 meta_per_file=256.0
E7RESULT name=e8 ptr=ptr536mirror form=overwrite size=16M arm=inline logical=2147483648 dev_bytes=2147500032 data=2147483648 meta=16384 amp=1.0000 reads=1 node_writes=1 pushdown=0 meta_per_file=256.0
E7RESULT name=e8 ptr=ptr536mirror form=overwrite size=16M arm=msgbuf logical=2147483648 dev_bytes=2147500032 data=2147483648 meta=16384 amp=1.0000 reads=1 node_writes=1 pushdown=0 meta_per_file=256.0
E7RESULT name=e8 ptr=ptr536mirror form=overwrite size=16M arm=kvsep logical=2147483648 dev_bytes=2147500032 data=2147483648 meta=16384 amp=1.0000 reads=1 node_writes=1 pushdown=0 meta_per_file=256.0
E7RESULT name=e8 ptr=ptr536mirror form=overwrite size=1G arm=nosplit logical=17179869184 dev_bytes=17179885568 data=17179869184 meta=16384 amp=1.0000 reads=1 node_writes=1 pushdown=0 meta_per_file=2048.0
E7RESULT name=e8 ptr=ptr536mirror form=overwrite size=1G arm=inline logical=17179869184 dev_bytes=17179885568 data=17179869184 meta=16384 amp=1.0000 reads=1 node_writes=1 pushdown=0 meta_per_file=2048.0
E7RESULT name=e8 ptr=ptr536mirror form=overwrite size=1G arm=msgbuf logical=17179869184 dev_bytes=17179885568 data=17179869184 meta=16384 amp=1.0000 reads=1 node_writes=1 pushdown=0 meta_per_file=2048.0
E7RESULT name=e8 ptr=ptr536mirror form=overwrite size=1G arm=kvsep logical=17179869184 dev_bytes=17179885568 data=17179869184 meta=16384 amp=1.0000 reads=1 node_writes=1 pushdown=0 meta_per_file=2048.0
E7RESULT name=e8 ptr=ptr536mirror form=randsmall size=64B arm=nosplit logical=4194304 dev_bytes=271400960 data=268435456 meta=2965504 amp=64.7070 reads=55 node_writes=181 pushdown=0 meta_per_file=724.0
E7RESULT name=e8 ptr=ptr536mirror form=randsmall size=64B arm=inline logical=4194304 dev_bytes=2867200 data=0 meta=2867200 amp=0.6836 reads=49 node_writes=175 pushdown=0 meta_per_file=700.0
E7RESULT name=e8 ptr=ptr536mirror form=randsmall size=64B arm=msgbuf logical=4194304 dev_bytes=15368192 data=0 meta=15368192 amp=3.6641 reads=49 node_writes=182 pushdown=12386304 meta_per_file=3752.0
E7RESULT name=e8 ptr=ptr536mirror form=randsmall size=64B arm=kvsep logical=4194304 dev_bytes=7159808 data=4194304 meta=2965504 amp=1.7070 reads=55 node_writes=181 pushdown=0 meta_per_file=724.0
E7RESULT name=e8 ptr=ptr536mirror form=randsmall size=1K arm=nosplit logical=67108864 dev_bytes=271400960 data=268435456 meta=2965504 amp=4.0442 reads=55 node_writes=181 pushdown=0 meta_per_file=724.0
E7RESULT name=e8 ptr=ptr536mirror form=randsmall size=1K arm=inline logical=67108864 dev_bytes=6766592 data=0 meta=6766592 amp=0.1008 reads=293 node_writes=413 pushdown=0 meta_per_file=1652.0
E7RESULT name=e8 ptr=ptr536mirror form=randsmall size=1K arm=msgbuf logical=67108864 dev_bytes=107626496 data=0 meta=107626496 amp=1.6038 reads=293 node_writes=449 pushdown=100270080 meta_per_file=26276.0
E7RESULT name=e8 ptr=ptr536mirror form=randsmall size=1K arm=kvsep logical=67108864 dev_bytes=70074368 data=67108864 meta=2965504 amp=1.0442 reads=55 node_writes=181 pushdown=0 meta_per_file=724.0
E7RESULT name=e8 ptr=ptr536mirror form=randsmall size=4K arm=nosplit logical=268435456 dev_bytes=271400960 data=268435456 meta=2965504 amp=1.0110 reads=55 node_writes=181 pushdown=0 meta_per_file=724.0
E7RESULT name=e8 ptr=ptr536mirror form=randsmall size=4K arm=inline logical=268435456 dev_bytes=271400960 data=268435456 meta=2965504 amp=1.0110 reads=55 node_writes=181 pushdown=0 meta_per_file=724.0
E7RESULT name=e8 ptr=ptr536mirror form=randsmall size=4K arm=msgbuf logical=268435456 dev_bytes=271400960 data=268435456 meta=2965504 amp=1.0110 reads=55 node_writes=181 pushdown=0 meta_per_file=724.0
E7RESULT name=e8 ptr=ptr536mirror form=randsmall size=4K arm=kvsep logical=268435456 dev_bytes=271400960 data=268435456 meta=2965504 amp=1.0110 reads=55 node_writes=181 pushdown=0 meta_per_file=724.0
E7RESULT name=e8 ptr=ptr536mirror form=randsmall size=64K arm=nosplit logical=67108864 dev_bytes=68681728 data=67108864 meta=1572864 amp=1.0234 reads=66 node_writes=96 pushdown=0 meta_per_file=1536.0
E7RESULT name=e8 ptr=ptr536mirror form=randsmall size=64K arm=inline logical=67108864 dev_bytes=68681728 data=67108864 meta=1572864 amp=1.0234 reads=66 node_writes=96 pushdown=0 meta_per_file=1536.0
E7RESULT name=e8 ptr=ptr536mirror form=randsmall size=64K arm=msgbuf logical=67108864 dev_bytes=68681728 data=67108864 meta=1572864 amp=1.0234 reads=66 node_writes=96 pushdown=0 meta_per_file=1536.0
E7RESULT name=e8 ptr=ptr536mirror form=randsmall size=64K arm=kvsep logical=67108864 dev_bytes=68681728 data=67108864 meta=1572864 amp=1.0234 reads=66 node_writes=96 pushdown=0 meta_per_file=1536.0
E7RESULT name=e8 ptr=ptr536mirror form=randsmall size=1M arm=nosplit logical=16777216 dev_bytes=17285120 data=16777216 meta=507904 amp=1.0303 reads=25 node_writes=31 pushdown=0 meta_per_file=1984.0
E7RESULT name=e8 ptr=ptr536mirror form=randsmall size=1M arm=inline logical=16777216 dev_bytes=17285120 data=16777216 meta=507904 amp=1.0303 reads=25 node_writes=31 pushdown=0 meta_per_file=1984.0
E7RESULT name=e8 ptr=ptr536mirror form=randsmall size=1M arm=msgbuf logical=16777216 dev_bytes=17285120 data=16777216 meta=507904 amp=1.0303 reads=25 node_writes=31 pushdown=0 meta_per_file=1984.0
E7RESULT name=e8 ptr=ptr536mirror form=randsmall size=1M arm=kvsep logical=16777216 dev_bytes=17285120 data=16777216 meta=507904 amp=1.0303 reads=25 node_writes=31 pushdown=0 meta_per_file=1984.0
E7RESULT name=e8 ptr=ptr536mirror form=randsmall size=16M arm=nosplit logical=4194304 dev_bytes=4325376 data=4194304 meta=131072 amp=1.0312 reads=7 node_writes=8 pushdown=0 meta_per_file=2048.0
E7RESULT name=e8 ptr=ptr536mirror form=randsmall size=16M arm=inline logical=4194304 dev_bytes=4325376 data=4194304 meta=131072 amp=1.0312 reads=7 node_writes=8 pushdown=0 meta_per_file=2048.0
E7RESULT name=e8 ptr=ptr536mirror form=randsmall size=16M arm=msgbuf logical=4194304 dev_bytes=4325376 data=4194304 meta=131072 amp=1.0312 reads=7 node_writes=8 pushdown=0 meta_per_file=2048.0
E7RESULT name=e8 ptr=ptr536mirror form=randsmall size=16M arm=kvsep logical=4194304 dev_bytes=4325376 data=4194304 meta=131072 amp=1.0312 reads=7 node_writes=8 pushdown=0 meta_per_file=2048.0
E7RESULT name=e8 ptr=ptr536mirror form=randsmall size=1G arm=nosplit logical=524288 dev_bytes=540672 data=524288 meta=16384 amp=1.0312 reads=1 node_writes=1 pushdown=0 meta_per_file=2048.0
E7RESULT name=e8 ptr=ptr536mirror form=randsmall size=1G arm=inline logical=524288 dev_bytes=540672 data=524288 meta=16384 amp=1.0312 reads=1 node_writes=1 pushdown=0 meta_per_file=2048.0
E7RESULT name=e8 ptr=ptr536mirror form=randsmall size=1G arm=msgbuf logical=524288 dev_bytes=540672 data=524288 meta=16384 amp=1.0312 reads=1 node_writes=1 pushdown=0 meta_per_file=2048.0
E7RESULT name=e8 ptr=ptr536mirror form=randsmall size=1G arm=kvsep logical=524288 dev_bytes=540672 data=524288 meta=16384 amp=1.0312 reads=1 node_writes=1 pushdown=0 meta_per_file=2048.0
E7RESULT name=e8 ptr=ptr888stripe form=once size=64B arm=nosplit logical=262144 dev_bytes=19922944 data=16777216 meta=3145728 amp=76.0000 reads=67 node_writes=192 pushdown=0 meta_per_file=768.0
E7RESULT name=e8 ptr=ptr888stripe form=once size=64B arm=inline logical=262144 dev_bytes=2867200 data=0 meta=2867200 amp=10.9375 reads=49 node_writes=175 pushdown=0 meta_per_file=700.0
E7RESULT name=e8 ptr=ptr888stripe form=once size=64B arm=msgbuf logical=262144 dev_bytes=3756032 data=0 meta=3756032 amp=14.3281 reads=49 node_writes=182 pushdown=774144 meta_per_file=917.0
E7RESULT name=e8 ptr=ptr888stripe form=once size=64B arm=kvsep logical=262144 dev_bytes=3407872 data=262144 meta=3145728 amp=13.0000 reads=67 node_writes=192 pushdown=0 meta_per_file=768.0
E7RESULT name=e8 ptr=ptr888stripe form=once size=1K arm=nosplit logical=4194304 dev_bytes=19922944 data=16777216 meta=3145728 amp=4.7500 reads=67 node_writes=192 pushdown=0 meta_per_file=768.0
E7RESULT name=e8 ptr=ptr888stripe form=once size=1K arm=inline logical=4194304 dev_bytes=6733824 data=0 meta=6733824 amp=1.6055 reads=293 node_writes=411 pushdown=0 meta_per_file=1644.0
E7RESULT name=e8 ptr=ptr888stripe form=once size=1K arm=msgbuf logical=4194304 dev_bytes=14622720 data=0 meta=14622720 amp=3.4863 reads=293 node_writes=447 pushdown=7299072 meta_per_file=3570.0
E7RESULT name=e8 ptr=ptr888stripe form=once size=1K arm=kvsep logical=4194304 dev_bytes=7340032 data=4194304 meta=3145728 amp=1.7500 reads=67 node_writes=192 pushdown=0 meta_per_file=768.0
E7RESULT name=e8 ptr=ptr888stripe form=once size=4K arm=nosplit logical=16777216 dev_bytes=19922944 data=16777216 meta=3145728 amp=1.1875 reads=67 node_writes=192 pushdown=0 meta_per_file=768.0
E7RESULT name=e8 ptr=ptr888stripe form=once size=4K arm=inline logical=16777216 dev_bytes=19922944 data=16777216 meta=3145728 amp=1.1875 reads=67 node_writes=192 pushdown=0 meta_per_file=768.0
E7RESULT name=e8 ptr=ptr888stripe form=once size=4K arm=msgbuf logical=16777216 dev_bytes=19922944 data=16777216 meta=3145728 amp=1.1875 reads=67 node_writes=192 pushdown=0 meta_per_file=768.0
E7RESULT name=e8 ptr=ptr888stripe form=once size=4K arm=kvsep logical=16777216 dev_bytes=19922944 data=16777216 meta=3145728 amp=1.1875 reads=67 node_writes=192 pushdown=0 meta_per_file=768.0
E7RESULT name=e8 ptr=ptr888stripe form=once size=64K arm=nosplit logical=67108864 dev_bytes=67895296 data=67108864 meta=786432 amp=1.0117 reads=17 node_writes=48 pushdown=0 meta_per_file=768.0
E7RESULT name=e8 ptr=ptr888stripe form=once size=64K arm=inline logical=67108864 dev_bytes=67895296 data=67108864 meta=786432 amp=1.0117 reads=17 node_writes=48 pushdown=0 meta_per_file=768.0
E7RESULT name=e8 ptr=ptr888stripe form=once size=64K arm=msgbuf logical=67108864 dev_bytes=67895296 data=67108864 meta=786432 amp=1.0117 reads=17 node_writes=48 pushdown=0 meta_per_file=768.0
E7RESULT name=e8 ptr=ptr888stripe form=once size=64K arm=kvsep logical=67108864 dev_bytes=67895296 data=67108864 meta=786432 amp=1.0117 reads=17 node_writes=48 pushdown=0 meta_per_file=768.0
E7RESULT name=e8 ptr=ptr888stripe form=once size=1M arm=nosplit logical=268435456 dev_bytes=268632064 data=268435456 meta=196608 amp=1.0007 reads=5 node_writes=12 pushdown=0 meta_per_file=768.0
E7RESULT name=e8 ptr=ptr888stripe form=once size=1M arm=inline logical=268435456 dev_bytes=268632064 data=268435456 meta=196608 amp=1.0007 reads=5 node_writes=12 pushdown=0 meta_per_file=768.0
E7RESULT name=e8 ptr=ptr888stripe form=once size=1M arm=msgbuf logical=268435456 dev_bytes=268632064 data=268435456 meta=196608 amp=1.0007 reads=5 node_writes=12 pushdown=0 meta_per_file=768.0
E7RESULT name=e8 ptr=ptr888stripe form=once size=1M arm=kvsep logical=268435456 dev_bytes=268632064 data=268435456 meta=196608 amp=1.0007 reads=5 node_writes=12 pushdown=0 meta_per_file=768.0
E7RESULT name=e8 ptr=ptr888stripe form=once size=16M arm=nosplit logical=1073741824 dev_bytes=1073790976 data=1073741824 meta=49152 amp=1.0000 reads=2 node_writes=3 pushdown=0 meta_per_file=768.0
E7RESULT name=e8 ptr=ptr888stripe form=once size=16M arm=inline logical=1073741824 dev_bytes=1073790976 data=1073741824 meta=49152 amp=1.0000 reads=2 node_writes=3 pushdown=0 meta_per_file=768.0
E7RESULT name=e8 ptr=ptr888stripe form=once size=16M arm=msgbuf logical=1073741824 dev_bytes=1073790976 data=1073741824 meta=49152 amp=1.0000 reads=2 node_writes=3 pushdown=0 meta_per_file=768.0
E7RESULT name=e8 ptr=ptr888stripe form=once size=16M arm=kvsep logical=1073741824 dev_bytes=1073790976 data=1073741824 meta=49152 amp=1.0000 reads=2 node_writes=3 pushdown=0 meta_per_file=768.0
E7RESULT name=e8 ptr=ptr888stripe form=once size=1G arm=nosplit logical=8589934592 dev_bytes=8589950976 data=8589934592 meta=16384 amp=1.0000 reads=1 node_writes=1 pushdown=0 meta_per_file=2048.0
E7RESULT name=e8 ptr=ptr888stripe form=once size=1G arm=inline logical=8589934592 dev_bytes=8589950976 data=8589934592 meta=16384 amp=1.0000 reads=1 node_writes=1 pushdown=0 meta_per_file=2048.0
E7RESULT name=e8 ptr=ptr888stripe form=once size=1G arm=msgbuf logical=8589934592 dev_bytes=8589950976 data=8589934592 meta=16384 amp=1.0000 reads=1 node_writes=1 pushdown=0 meta_per_file=2048.0
E7RESULT name=e8 ptr=ptr888stripe form=once size=1G arm=kvsep logical=8589934592 dev_bytes=8589950976 data=8589934592 meta=16384 amp=1.0000 reads=1 node_writes=1 pushdown=0 meta_per_file=2048.0
E7RESULT name=e8 ptr=ptr888stripe form=append size=64B arm=nosplit logical=262144 dev_bytes=137363456 data=134217728 meta=3145728 amp=524.0000 reads=67 node_writes=192 pushdown=0 meta_per_file=768.0
E7RESULT name=e8 ptr=ptr888stripe form=append size=64B arm=inline logical=262144 dev_bytes=2867200 data=0 meta=2867200 amp=10.9375 reads=49 node_writes=175 pushdown=0 meta_per_file=700.0
E7RESULT name=e8 ptr=ptr888stripe form=append size=64B arm=msgbuf logical=262144 dev_bytes=8271872 data=0 meta=8271872 amp=31.5547 reads=49 node_writes=182 pushdown=5289984 meta_per_file=2019.5
E7RESULT name=e8 ptr=ptr888stripe form=append size=64B arm=kvsep logical=262144 dev_bytes=3407872 data=262144 meta=3145728 amp=13.0000 reads=67 node_writes=192 pushdown=0 meta_per_file=768.0
E7RESULT name=e8 ptr=ptr888stripe form=append size=1K arm=nosplit logical=4194304 dev_bytes=137363456 data=134217728 meta=3145728 amp=32.7500 reads=67 node_writes=192 pushdown=0 meta_per_file=768.0
E7RESULT name=e8 ptr=ptr888stripe form=append size=1K arm=inline logical=4194304 dev_bytes=6733824 data=0 meta=6733824 amp=1.6055 reads=293 node_writes=411 pushdown=0 meta_per_file=1644.0
E7RESULT name=e8 ptr=ptr888stripe form=append size=1K arm=msgbuf logical=4194304 dev_bytes=43008000 data=0 meta=43008000 amp=10.2539 reads=293 node_writes=447 pushdown=35684352 meta_per_file=10500.0
E7RESULT name=e8 ptr=ptr888stripe form=append size=1K arm=kvsep logical=4194304 dev_bytes=7340032 data=4194304 meta=3145728 amp=1.7500 reads=67 node_writes=192 pushdown=0 meta_per_file=768.0
E7RESULT name=e8 ptr=ptr888stripe form=append size=4K arm=nosplit logical=16777216 dev_bytes=137363456 data=134217728 meta=3145728 amp=8.1875 reads=67 node_writes=192 pushdown=0 meta_per_file=768.0
E7RESULT name=e8 ptr=ptr888stripe form=append size=4K arm=inline logical=16777216 dev_bytes=20152320 data=16777216 meta=3375104 amp=1.2012 reads=67 node_writes=206 pushdown=0 meta_per_file=824.0
E7RESULT name=e8 ptr=ptr888stripe form=append size=4K arm=msgbuf logical=16777216 dev_bytes=152444928 data=16777216 meta=135667712 amp=9.0864 reads=1011 node_writes=1200 pushdown=116006912 meta_per_file=33122.0
E7RESULT name=e8 ptr=ptr888stripe form=append size=4K arm=kvsep logical=16777216 dev_bytes=19922944 data=16777216 meta=3145728 amp=1.1875 reads=67 node_writes=192 pushdown=0 meta_per_file=768.0
E7RESULT name=e8 ptr=ptr888stripe form=append size=64K arm=nosplit logical=67108864 dev_bytes=68878336 data=67108864 meta=1769472 amp=1.0264 reads=77 node_writes=108 pushdown=0 meta_per_file=1728.0
E7RESULT name=e8 ptr=ptr888stripe form=append size=64K arm=inline logical=67108864 dev_bytes=68878336 data=67108864 meta=1769472 amp=1.0264 reads=77 node_writes=108 pushdown=0 meta_per_file=1728.0
E7RESULT name=e8 ptr=ptr888stripe form=append size=64K arm=msgbuf logical=67108864 dev_bytes=68878336 data=67108864 meta=1769472 amp=1.0264 reads=77 node_writes=108 pushdown=0 meta_per_file=1728.0
E7RESULT name=e8 ptr=ptr888stripe form=append size=64K arm=kvsep logical=67108864 dev_bytes=68878336 data=67108864 meta=1769472 amp=1.0264 reads=77 node_writes=108 pushdown=0 meta_per_file=1728.0
E7RESULT name=e8 ptr=ptr888stripe form=append size=1M arm=nosplit logical=268435456 dev_bytes=268877824 data=268435456 meta=442368 amp=1.0016 reads=20 node_writes=27 pushdown=0 meta_per_file=1728.0
E7RESULT name=e8 ptr=ptr888stripe form=append size=1M arm=inline logical=268435456 dev_bytes=268877824 data=268435456 meta=442368 amp=1.0016 reads=20 node_writes=27 pushdown=0 meta_per_file=1728.0
E7RESULT name=e8 ptr=ptr888stripe form=append size=1M arm=msgbuf logical=268435456 dev_bytes=268877824 data=268435456 meta=442368 amp=1.0016 reads=20 node_writes=27 pushdown=0 meta_per_file=1728.0
E7RESULT name=e8 ptr=ptr888stripe form=append size=1M arm=kvsep logical=268435456 dev_bytes=268877824 data=268435456 meta=442368 amp=1.0016 reads=20 node_writes=27 pushdown=0 meta_per_file=1728.0
E7RESULT name=e8 ptr=ptr888stripe form=append size=16M arm=nosplit logical=1073741824 dev_bytes=1073840128 data=1073741824 meta=98304 amp=1.0001 reads=5 node_writes=6 pushdown=0 meta_per_file=1536.0
E7RESULT name=e8 ptr=ptr888stripe form=append size=16M arm=inline logical=1073741824 dev_bytes=1073840128 data=1073741824 meta=98304 amp=1.0001 reads=5 node_writes=6 pushdown=0 meta_per_file=1536.0
E7RESULT name=e8 ptr=ptr888stripe form=append size=16M arm=msgbuf logical=1073741824 dev_bytes=1073840128 data=1073741824 meta=98304 amp=1.0001 reads=5 node_writes=6 pushdown=0 meta_per_file=1536.0
E7RESULT name=e8 ptr=ptr888stripe form=append size=16M arm=kvsep logical=1073741824 dev_bytes=1073840128 data=1073741824 meta=98304 amp=1.0001 reads=5 node_writes=6 pushdown=0 meta_per_file=1536.0
E7RESULT name=e8 ptr=ptr888stripe form=append size=1G arm=nosplit logical=8589934592 dev_bytes=8589950976 data=8589934592 meta=16384 amp=1.0000 reads=1 node_writes=1 pushdown=0 meta_per_file=2048.0
E7RESULT name=e8 ptr=ptr888stripe form=append size=1G arm=inline logical=8589934592 dev_bytes=8589950976 data=8589934592 meta=16384 amp=1.0000 reads=1 node_writes=1 pushdown=0 meta_per_file=2048.0
E7RESULT name=e8 ptr=ptr888stripe form=append size=1G arm=msgbuf logical=8589934592 dev_bytes=8589950976 data=8589934592 meta=16384 amp=1.0000 reads=1 node_writes=1 pushdown=0 meta_per_file=2048.0
E7RESULT name=e8 ptr=ptr888stripe form=append size=1G arm=kvsep logical=8589934592 dev_bytes=8589950976 data=8589934592 meta=16384 amp=1.0000 reads=1 node_writes=1 pushdown=0 meta_per_file=2048.0
E7RESULT name=e8 ptr=ptr888stripe form=overwrite size=64B arm=nosplit logical=524288 dev_bytes=36700160 data=33554432 meta=3145728 amp=70.0000 reads=67 node_writes=192 pushdown=0 meta_per_file=768.0
E7RESULT name=e8 ptr=ptr888stripe form=overwrite size=64B arm=inline logical=524288 dev_bytes=2867200 data=0 meta=2867200 amp=5.4688 reads=49 node_writes=175 pushdown=0 meta_per_file=700.0
E7RESULT name=e8 ptr=ptr888stripe form=overwrite size=64B arm=msgbuf logical=524288 dev_bytes=4530176 data=0 meta=4530176 amp=8.6406 reads=49 node_writes=182 pushdown=1548288 meta_per_file=1106.0
E7RESULT name=e8 ptr=ptr888stripe form=overwrite size=64B arm=kvsep logical=524288 dev_bytes=3670016 data=524288 meta=3145728 amp=7.0000 reads=67 node_writes=192 pushdown=0 meta_per_file=768.0
E7RESULT name=e8 ptr=ptr888stripe form=overwrite size=1K arm=nosplit logical=8388608 dev_bytes=36700160 data=33554432 meta=3145728 amp=4.3750 reads=67 node_writes=192 pushdown=0 meta_per_file=768.0
E7RESULT name=e8 ptr=ptr888stripe form=overwrite size=1K arm=inline logical=8388608 dev_bytes=6733824 data=0 meta=6733824 amp=0.8027 reads=293 node_writes=411 pushdown=0 meta_per_file=1644.0
E7RESULT name=e8 ptr=ptr888stripe form=overwrite size=1K arm=msgbuf logical=8388608 dev_bytes=21921792 data=0 meta=21921792 amp=2.6133 reads=293 node_writes=447 pushdown=14598144 meta_per_file=5352.0
E7RESULT name=e8 ptr=ptr888stripe form=overwrite size=1K arm=kvsep logical=8388608 dev_bytes=11534336 data=8388608 meta=3145728 amp=1.3750 reads=67 node_writes=192 pushdown=0 meta_per_file=768.0
E7RESULT name=e8 ptr=ptr888stripe form=overwrite size=4K arm=nosplit logical=33554432 dev_bytes=36700160 data=33554432 meta=3145728 amp=1.0938 reads=67 node_writes=192 pushdown=0 meta_per_file=768.0
E7RESULT name=e8 ptr=ptr888stripe form=overwrite size=4K arm=inline logical=33554432 dev_bytes=36700160 data=33554432 meta=3145728 amp=1.0938 reads=67 node_writes=192 pushdown=0 meta_per_file=768.0
E7RESULT name=e8 ptr=ptr888stripe form=overwrite size=4K arm=msgbuf logical=33554432 dev_bytes=36700160 data=33554432 meta=3145728 amp=1.0938 reads=67 node_writes=192 pushdown=0 meta_per_file=768.0
E7RESULT name=e8 ptr=ptr888stripe form=overwrite size=4K arm=kvsep logical=33554432 dev_bytes=36700160 data=33554432 meta=3145728 amp=1.0938 reads=67 node_writes=192 pushdown=0 meta_per_file=768.0
E7RESULT name=e8 ptr=ptr888stripe form=overwrite size=64K arm=nosplit logical=134217728 dev_bytes=135004160 data=134217728 meta=786432 amp=1.0059 reads=17 node_writes=48 pushdown=0 meta_per_file=768.0
E7RESULT name=e8 ptr=ptr888stripe form=overwrite size=64K arm=inline logical=134217728 dev_bytes=135004160 data=134217728 meta=786432 amp=1.0059 reads=17 node_writes=48 pushdown=0 meta_per_file=768.0
E7RESULT name=e8 ptr=ptr888stripe form=overwrite size=64K arm=msgbuf logical=134217728 dev_bytes=135004160 data=134217728 meta=786432 amp=1.0059 reads=17 node_writes=48 pushdown=0 meta_per_file=768.0
E7RESULT name=e8 ptr=ptr888stripe form=overwrite size=64K arm=kvsep logical=134217728 dev_bytes=135004160 data=134217728 meta=786432 amp=1.0059 reads=17 node_writes=48 pushdown=0 meta_per_file=768.0
E7RESULT name=e8 ptr=ptr888stripe form=overwrite size=1M arm=nosplit logical=536870912 dev_bytes=537067520 data=536870912 meta=196608 amp=1.0004 reads=5 node_writes=12 pushdown=0 meta_per_file=768.0
E7RESULT name=e8 ptr=ptr888stripe form=overwrite size=1M arm=inline logical=536870912 dev_bytes=537067520 data=536870912 meta=196608 amp=1.0004 reads=5 node_writes=12 pushdown=0 meta_per_file=768.0
E7RESULT name=e8 ptr=ptr888stripe form=overwrite size=1M arm=msgbuf logical=536870912 dev_bytes=537067520 data=536870912 meta=196608 amp=1.0004 reads=5 node_writes=12 pushdown=0 meta_per_file=768.0
E7RESULT name=e8 ptr=ptr888stripe form=overwrite size=1M arm=kvsep logical=536870912 dev_bytes=537067520 data=536870912 meta=196608 amp=1.0004 reads=5 node_writes=12 pushdown=0 meta_per_file=768.0
E7RESULT name=e8 ptr=ptr888stripe form=overwrite size=16M arm=nosplit logical=2147483648 dev_bytes=2147532800 data=2147483648 meta=49152 amp=1.0000 reads=2 node_writes=3 pushdown=0 meta_per_file=768.0
E7RESULT name=e8 ptr=ptr888stripe form=overwrite size=16M arm=inline logical=2147483648 dev_bytes=2147532800 data=2147483648 meta=49152 amp=1.0000 reads=2 node_writes=3 pushdown=0 meta_per_file=768.0
E7RESULT name=e8 ptr=ptr888stripe form=overwrite size=16M arm=msgbuf logical=2147483648 dev_bytes=2147532800 data=2147483648 meta=49152 amp=1.0000 reads=2 node_writes=3 pushdown=0 meta_per_file=768.0
E7RESULT name=e8 ptr=ptr888stripe form=overwrite size=16M arm=kvsep logical=2147483648 dev_bytes=2147532800 data=2147483648 meta=49152 amp=1.0000 reads=2 node_writes=3 pushdown=0 meta_per_file=768.0
E7RESULT name=e8 ptr=ptr888stripe form=overwrite size=1G arm=nosplit logical=17179869184 dev_bytes=17179885568 data=17179869184 meta=16384 amp=1.0000 reads=1 node_writes=1 pushdown=0 meta_per_file=2048.0
E7RESULT name=e8 ptr=ptr888stripe form=overwrite size=1G arm=inline logical=17179869184 dev_bytes=17179885568 data=17179869184 meta=16384 amp=1.0000 reads=1 node_writes=1 pushdown=0 meta_per_file=2048.0
E7RESULT name=e8 ptr=ptr888stripe form=overwrite size=1G arm=msgbuf logical=17179869184 dev_bytes=17179885568 data=17179869184 meta=16384 amp=1.0000 reads=1 node_writes=1 pushdown=0 meta_per_file=2048.0
E7RESULT name=e8 ptr=ptr888stripe form=overwrite size=1G arm=kvsep logical=17179869184 dev_bytes=17179885568 data=17179869184 meta=16384 amp=1.0000 reads=1 node_writes=1 pushdown=0 meta_per_file=2048.0
E7RESULT name=e8 ptr=ptr888stripe form=randsmall size=64B arm=nosplit logical=4194304 dev_bytes=271581184 data=268435456 meta=3145728 amp=64.7500 reads=67 node_writes=192 pushdown=0 meta_per_file=768.0
E7RESULT name=e8 ptr=ptr888stripe form=randsmall size=64B arm=inline logical=4194304 dev_bytes=2867200 data=0 meta=2867200 amp=0.6836 reads=49 node_writes=175 pushdown=0 meta_per_file=700.0
E7RESULT name=e8 ptr=ptr888stripe form=randsmall size=64B arm=msgbuf logical=4194304 dev_bytes=15368192 data=0 meta=15368192 amp=3.6641 reads=49 node_writes=182 pushdown=12386304 meta_per_file=3752.0
E7RESULT name=e8 ptr=ptr888stripe form=randsmall size=64B arm=kvsep logical=4194304 dev_bytes=7340032 data=4194304 meta=3145728 amp=1.7500 reads=67 node_writes=192 pushdown=0 meta_per_file=768.0
E7RESULT name=e8 ptr=ptr888stripe form=randsmall size=1K arm=nosplit logical=67108864 dev_bytes=271581184 data=268435456 meta=3145728 amp=4.0469 reads=67 node_writes=192 pushdown=0 meta_per_file=768.0
E7RESULT name=e8 ptr=ptr888stripe form=randsmall size=1K arm=inline logical=67108864 dev_bytes=6733824 data=0 meta=6733824 amp=0.1003 reads=293 node_writes=411 pushdown=0 meta_per_file=1644.0
E7RESULT name=e8 ptr=ptr888stripe form=randsmall size=1K arm=msgbuf logical=67108864 dev_bytes=124108800 data=0 meta=124108800 amp=1.8494 reads=293 node_writes=447 pushdown=116785152 meta_per_file=30300.0
E7RESULT name=e8 ptr=ptr888stripe form=randsmall size=1K arm=kvsep logical=67108864 dev_bytes=70254592 data=67108864 meta=3145728 amp=1.0469 reads=67 node_writes=192 pushdown=0 meta_per_file=768.0
E7RESULT name=e8 ptr=ptr888stripe form=randsmall size=4K arm=nosplit logical=268435456 dev_bytes=271581184 data=268435456 meta=3145728 amp=1.0117 reads=67 node_writes=192 pushdown=0 meta_per_file=768.0
E7RESULT name=e8 ptr=ptr888stripe form=randsmall size=4K arm=inline logical=268435456 dev_bytes=271581184 data=268435456 meta=3145728 amp=1.0117 reads=67 node_writes=192 pushdown=0 meta_per_file=768.0
E7RESULT name=e8 ptr=ptr888stripe form=randsmall size=4K arm=msgbuf logical=268435456 dev_bytes=271581184 data=268435456 meta=3145728 amp=1.0117 reads=67 node_writes=192 pushdown=0 meta_per_file=768.0
E7RESULT name=e8 ptr=ptr888stripe form=randsmall size=4K arm=kvsep logical=268435456 dev_bytes=271581184 data=268435456 meta=3145728 amp=1.0117 reads=67 node_writes=192 pushdown=0 meta_per_file=768.0
E7RESULT name=e8 ptr=ptr888stripe form=randsmall size=64K arm=nosplit logical=67108864 dev_bytes=69156864 data=67108864 meta=2048000 amp=1.0305 reads=94 node_writes=125 pushdown=0 meta_per_file=2000.0
E7RESULT name=e8 ptr=ptr888stripe form=randsmall size=64K arm=inline logical=67108864 dev_bytes=69156864 data=67108864 meta=2048000 amp=1.0305 reads=94 node_writes=125 pushdown=0 meta_per_file=2000.0
E7RESULT name=e8 ptr=ptr888stripe form=randsmall size=64K arm=msgbuf logical=67108864 dev_bytes=69156864 data=67108864 meta=2048000 amp=1.0305 reads=94 node_writes=125 pushdown=0 meta_per_file=2000.0
E7RESULT name=e8 ptr=ptr888stripe form=randsmall size=64K arm=kvsep logical=67108864 dev_bytes=69156864 data=67108864 meta=2048000 amp=1.0305 reads=94 node_writes=125 pushdown=0 meta_per_file=2000.0
E7RESULT name=e8 ptr=ptr888stripe form=randsmall size=1M arm=nosplit logical=16777216 dev_bytes=17481728 data=16777216 meta=704512 amp=1.0420 reads=36 node_writes=43 pushdown=0 meta_per_file=2752.0
E7RESULT name=e8 ptr=ptr888stripe form=randsmall size=1M arm=inline logical=16777216 dev_bytes=17481728 data=16777216 meta=704512 amp=1.0420 reads=36 node_writes=43 pushdown=0 meta_per_file=2752.0
E7RESULT name=e8 ptr=ptr888stripe form=randsmall size=1M arm=msgbuf logical=16777216 dev_bytes=17481728 data=16777216 meta=704512 amp=1.0420 reads=36 node_writes=43 pushdown=0 meta_per_file=2752.0
E7RESULT name=e8 ptr=ptr888stripe form=randsmall size=1M arm=kvsep logical=16777216 dev_bytes=17481728 data=16777216 meta=704512 amp=1.0420 reads=36 node_writes=43 pushdown=0 meta_per_file=2752.0
E7RESULT name=e8 ptr=ptr888stripe form=randsmall size=16M arm=nosplit logical=4194304 dev_bytes=4358144 data=4194304 meta=163840 amp=1.0391 reads=9 node_writes=10 pushdown=0 meta_per_file=2560.0
E7RESULT name=e8 ptr=ptr888stripe form=randsmall size=16M arm=inline logical=4194304 dev_bytes=4358144 data=4194304 meta=163840 amp=1.0391 reads=9 node_writes=10 pushdown=0 meta_per_file=2560.0
E7RESULT name=e8 ptr=ptr888stripe form=randsmall size=16M arm=msgbuf logical=4194304 dev_bytes=4358144 data=4194304 meta=163840 amp=1.0391 reads=9 node_writes=10 pushdown=0 meta_per_file=2560.0
E7RESULT name=e8 ptr=ptr888stripe form=randsmall size=16M arm=kvsep logical=4194304 dev_bytes=4358144 data=4194304 meta=163840 amp=1.0391 reads=9 node_writes=10 pushdown=0 meta_per_file=2560.0
E7RESULT name=e8 ptr=ptr888stripe form=randsmall size=1G arm=nosplit logical=524288 dev_bytes=573440 data=524288 meta=49152 amp=1.0938 reads=2 node_writes=3 pushdown=0 meta_per_file=6144.0
E7RESULT name=e8 ptr=ptr888stripe form=randsmall size=1G arm=inline logical=524288 dev_bytes=573440 data=524288 meta=49152 amp=1.0938 reads=2 node_writes=3 pushdown=0 meta_per_file=6144.0
E7RESULT name=e8 ptr=ptr888stripe form=randsmall size=1G arm=msgbuf logical=524288 dev_bytes=573440 data=524288 meta=49152 amp=1.0938 reads=2 node_writes=3 pushdown=0 meta_per_file=6144.0
E7RESULT name=e8 ptr=ptr888stripe form=randsmall size=1G arm=kvsep logical=524288 dev_bytes=573440 data=524288 meta=49152 amp=1.0938 reads=2 node_writes=3 pushdown=0 meta_per_file=6144.0
E7RESULT name=done emitted=452
